Command line invocation:
    /Applications/Xcode.app/Contents/Developer/usr/bin/xcodebuild -project HearifyV1.xcodeproj -scheme HearifyV1 clean build

Resolve Package Graph


Resolved source packages:
  GoogleDataTransport: https://github.com/google/GoogleDataTransport.git @ 10.1.0
  Firebase: https://github.com/firebase/firebase-ios-sdk @ 12.8.0
  abseil: https://github.com/google/abseil-cpp-binary.git @ 1.2024072200.0
  GoogleUtilities: https://github.com/google/GoogleUtilities.git @ 8.1.0
  AppCheck: https://github.com/google/app-check.git @ 11.2.0
  GoogleAdsOnDeviceConversion: https://github.com/googleads/google-ads-on-device-conversion-ios-sdk @ 3.2.0
  gRPC: https://github.com/google/grpc-binary.git @ 1.69.1
  leveldb: https://github.com/firebase/leveldb.git @ 1.22.5
  GoogleAppMeasurement: https://github.com/google/GoogleAppMeasurement.git @ 12.8.0
  nanopb: https://github.com/firebase/nanopb.git @ 2.30910.0
  GTMSessionFetcher: https://github.com/google/gtm-session-fetcher.git @ 5.0.0
  Promises: https://github.com/google/promises.git @ 2.4.0
  InteropForGoogle: https://github.com/google/interop-ios-for-google-sdks.git @ 101.0.0

--- xcodebuild: WARNING: Using the first of multiple matching destinations:
{ platform:iOS, id:dvtdevice-DVTiPhonePlaceholder-iphoneos:placeholder, name:Any iOS Device }
{ platform:iOS Simulator, id:dvtdevice-DVTiOSDeviceSimulatorPlaceholder-iphonesimulator:placeholder, name:Any iOS Simulator Device }
{ platform:iOS Simulator, arch:arm64, id:D0694AEA-BF67-4E6B-9B86-BA72E87C5F36, OS:17.4, name:iPad (10th generation) }
{ platform:iOS Simulator, arch:x86_64, id:D0694AEA-BF67-4E6B-9B86-BA72E87C5F36, OS:17.4, name:iPad (10th generation) }
{ platform:iOS Simulator, arch:arm64, id:663DE3BD-B7B6-421B-BA5C-7C4F98CCE085, OS:17.5, name:iPad (10th generation) }
{ platform:iOS Simulator, arch:x86_64, id:663DE3BD-B7B6-421B-BA5C-7C4F98CCE085, OS:17.5, name:iPad (10th generation) }
{ platform:iOS Simulator, arch:arm64, id:0E67B1E4-A50D-4990-AE9B-9283155E228C, OS:18.2, name:iPad (10th generation) }
{ platform:iOS Simulator, arch:x86_64, id:0E67B1E4-A50D-4990-AE9B-9283155E228C, OS:18.2, name:iPad (10th generation) }
{ platform:iOS Simulator, arch:arm64, id:86214D50-6EFA-4077-93B9-83CDD237B6C1, OS:26.2, name:iPad (A16) }
{ platform:iOS Simulator, arch:arm64, id:427DDC54-26C6-4E13-BAC0-7790E8CB9968, OS:17.4, name:iPad Air (5th generation) }
{ platform:iOS Simulator, arch:x86_64, id:427DDC54-26C6-4E13-BAC0-7790E8CB9968, OS:17.4, name:iPad Air (5th generation) }
{ platform:iOS Simulator, arch:arm64, id:50501397-0FEE-4E69-AAE2-AF78A5A15AB4, OS:17.4, name:iPad Air 11-inch (M2) }
{ platform:iOS Simulator, arch:x86_64, id:50501397-0FEE-4E69-AAE2-AF78A5A15AB4, OS:17.4, name:iPad Air 11-inch (M2) }
{ platform:iOS Simulator, arch:arm64, id:675D4820-7F1A-44B0-9689-B53D8A0F7493, OS:17.5, name:iPad Air 11-inch (M2) }
{ platform:iOS Simulator, arch:x86_64, id:675D4820-7F1A-44B0-9689-B53D8A0F7493, OS:17.5, name:iPad Air 11-inch (M2) }
{ platform:iOS Simulator, arch:arm64, id:107535E5-107E-4D38-A556-6DE3D08182E8, OS:18.2, name:iPad Air 11-inch (M2) }
{ platform:iOS Simulator, arch:x86_64, id:107535E5-107E-4D38-A556-6DE3D08182E8, OS:18.2, name:iPad Air 11-inch (M2) }
{ platform:iOS Simulator, arch:arm64, id:BEA3A330-FF1E-45B1-991C-8DA328228A2E, OS:26.2, name:iPad Air 11-inch (M3) }
{ platform:iOS Simulator, arch:arm64, id:1A74DFC5-B994-4D49-BE1A-EA61B89F47E4, OS:17.4, name:iPad Air 13-inch (M2) }
{ platform:iOS Simulator, arch:x86_64, id:1A74DFC5-B994-4D49-BE1A-EA61B89F47E4, OS:17.4, name:iPad Air 13-inch (M2) }
{ platform:iOS Simulator, arch:arm64, id:E76F11D1-92A1-4411-AF0E-C3EB928080B3, OS:17.5, name:iPad Air 13-inch (M2) }
{ platform:iOS Simulator, arch:x86_64, id:E76F11D1-92A1-4411-AF0E-C3EB928080B3, OS:17.5, name:iPad Air 13-inch (M2) }
{ platform:iOS Simulator, arch:arm64, id:66FAC5CB-A88D-45B1-88D0-33F11D978EB7, OS:18.2, name:iPad Air 13-inch (M2) }
{ platform:iOS Simulator, arch:x86_64, id:66FAC5CB-A88D-45B1-88D0-33F11D978EB7, OS:18.2, name:iPad Air 13-inch (M2) }
{ platform:iOS Simulator, arch:arm64, id:B6FF9423-29DB-4648-AAEF-EDD23D00F21B, OS:26.2, name:iPad Air 13-inch (M3) }
{ platform:iOS Simulator, arch:arm64, id:A9A006B0-7F12-47B0-BA5D-A08C3379BAC9, OS:17.4, name:iPad Pro (11-inch) (4th generation) }
{ platform:iOS Simulator, arch:x86_64, id:A9A006B0-7F12-47B0-BA5D-A08C3379BAC9, OS:17.4, name:iPad Pro (11-inch) (4th generation) }
{ platform:iOS Simulator, arch:arm64, id:BFA66EA1-1A88-46CF-BBB5-C288905F0903, OS:17.4, name:iPad Pro (12.9-inch) (6th generation) }
{ platform:iOS Simulator, arch:x86_64, id:BFA66EA1-1A88-46CF-BBB5-C288905F0903, OS:17.4, name:iPad Pro (12.9-inch) (6th generation) }
{ platform:iOS Simulator, arch:arm64, id:1CFA4EE7-5AD4-45CE-8557-C65B37CFE135, OS:17.4, name:iPad Pro 11-inch (M4) }
{ platform:iOS Simulator, arch:x86_64, id:1CFA4EE7-5AD4-45CE-8557-C65B37CFE135, OS:17.4, name:iPad Pro 11-inch (M4) }
{ platform:iOS Simulator, arch:arm64, id:DBF1A770-9654-4A46-900E-017CBDF3374F, OS:17.5, name:iPad Pro 11-inch (M4) }
{ platform:iOS Simulator, arch:x86_64, id:DBF1A770-9654-4A46-900E-017CBDF3374F, OS:17.5, name:iPad Pro 11-inch (M4) }
{ platform:iOS Simulator, arch:arm64, id:82F2B08F-215F-4FF3-B86C-054BD0D6ACF4, OS:18.2, name:iPad Pro 11-inch (M4) }
{ platform:iOS Simulator, arch:x86_64, id:82F2B08F-215F-4FF3-B86C-054BD0D6ACF4, OS:18.2, name:iPad Pro 11-inch (M4) }
{ platform:iOS Simulator, arch:arm64, id:816FB054-9D48-4A92-8929-9FD0EEAF4590, OS:26.2, name:iPad Pro 11-inch (M5) }
{ platform:iOS Simulator, arch:arm64, id:C25A2999-3C62-4663-A623-1D299DFC85B1, OS:17.4, name:iPad Pro 13-inch (M4) }
{ platform:iOS Simulator, arch:x86_64, id:C25A2999-3C62-4663-A623-1D299DFC85B1, OS:17.4, name:iPad Pro 13-inch (M4) }
{ platform:iOS Simulator, arch:arm64, id:8292A8BB-FAA4-4DDB-9920-32B567A250D4, OS:17.5, name:iPad Pro 13-inch (M4) }
{ platform:iOS Simulator, arch:x86_64, id:8292A8BB-FAA4-4DDB-9920-32B567A250D4, OS:17.5, name:iPad Pro 13-inch (M4) }
{ platform:iOS Simulator, arch:arm64, id:418DA426-44D7-4377-8994-509C6C84AF1F, OS:18.2, name:iPad Pro 13-inch (M4) }
{ platform:iOS Simulator, arch:x86_64, id:418DA426-44D7-4377-8994-509C6C84AF1F, OS:18.2, name:iPad Pro 13-inch (M4) }
{ platform:iOS Simulator, arch:arm64, id:0CBB5FA2-1F0A-432B-9696-44C38B46AD52, OS:26.2, name:iPad Pro 13-inch (M5) }
{ platform:iOS Simulator, arch:arm64, id:6C927B00-885F-48E0-804A-1536E9F735B0, OS:17.4, name:iPad mini (6th generation) }
{ platform:iOS Simulator, arch:x86_64, id:6C927B00-885F-48E0-804A-1536E9F735B0, OS:17.4, name:iPad mini (6th generation) }
{ platform:iOS Simulator, arch:arm64, id:66B0ABA0-8AFD-4770-8F55-E95DCCF666C8, OS:17.5, name:iPad mini (6th generation) }
{ platform:iOS Simulator, arch:x86_64, id:66B0ABA0-8AFD-4770-8F55-E95DCCF666C8, OS:17.5, name:iPad mini (6th generation) }
{ platform:iOS Simulator, arch:arm64, id:BF8A0966-29B6-4CC6-9928-F5D7ED0795BE, OS:18.2, name:iPad mini (A17 Pro) }
{ platform:iOS Simulator, arch:x86_64, id:BF8A0966-29B6-4CC6-9928-F5D7ED0795BE, OS:18.2, name:iPad mini (A17 Pro) }
{ platform:iOS Simulator, arch:arm64, id:FE8E09C3-F6C1-4CA8-B71E-619B6102BAB1, OS:26.2, name:iPad mini (A17 Pro) }
{ platform:iOS Simulator, arch:arm64, id:2A79A001-8861-4744-9EDE-DDF93E5C7DCA, OS:17.4, name:iPhone 15 }
{ platform:iOS Simulator, arch:x86_64, id:2A79A001-8861-4744-9EDE-DDF93E5C7DCA, OS:17.4, name:iPhone 15 }
{ platform:iOS Simulator, arch:arm64, id:992E64AC-72DD-4B0F-A3D4-D22CED28CE16, OS:17.5, name:iPhone 15 }
{ platform:iOS Simulator, arch:x86_64, id:992E64AC-72DD-4B0F-A3D4-D22CED28CE16, OS:17.5, name:iPhone 15 }
{ platform:iOS Simulator, arch:arm64, id:4C3EFA81-3247-4150-9C0A-C2CB330050C5, OS:17.4, name:iPhone 15 Plus }
{ platform:iOS Simulator, arch:x86_64, id:4C3EFA81-3247-4150-9C0A-C2CB330050C5, OS:17.4, name:iPhone 15 Plus }
{ platform:iOS Simulator, arch:arm64, id:C82807A7-2946-4170-813F-8FBB364C0785, OS:17.5, name:iPhone 15 Plus }
{ platform:iOS Simulator, arch:x86_64, id:C82807A7-2946-4170-813F-8FBB364C0785, OS:17.5, name:iPhone 15 Plus }
{ platform:iOS Simulator, arch:arm64, id:C3967D5B-2813-4829-B04D-E2DAC75F8281, OS:17.4, name:iPhone 15 Pro }
{ platform:iOS Simulator, arch:x86_64, id:C3967D5B-2813-4829-B04D-E2DAC75F8281, OS:17.4, name:iPhone 15 Pro }
{ platform:iOS Simulator, arch:arm64, id:F5C8572E-66C0-4E36-9909-FFF73C354474, OS:17.5, name:iPhone 15 Pro }
{ platform:iOS Simulator, arch:x86_64, id:F5C8572E-66C0-4E36-9909-FFF73C354474, OS:17.5, name:iPhone 15 Pro }
{ platform:iOS Simulator, arch:arm64, id:CBFB0BA3-5270-45D5-9B36-AE9481805543, OS:17.4, name:iPhone 15 Pro Max }
{ platform:iOS Simulator, arch:x86_64, id:CBFB0BA3-5270-45D5-9B36-AE9481805543, OS:17.4, name:iPhone 15 Pro Max }
{ platform:iOS Simulator, arch:arm64, id:08C4BAF3-3DBA-40E1-8A9A-DEAE8630F585, OS:17.5, name:iPhone 15 Pro Max }
{ platform:iOS Simulator, arch:x86_64, id:08C4BAF3-3DBA-40E1-8A9A-DEAE8630F585, OS:17.5, name:iPhone 15 Pro Max }
{ platform:iOS Simulator, arch:arm64, id:946C7E67-DFE8-4177-BE5C-0E0FF837DCD5, OS:18.2, name:iPhone 16 }
{ platform:iOS Simulator, arch:x86_64, id:946C7E67-DFE8-4177-BE5C-0E0FF837DCD5, OS:18.2, name:iPhone 16 }
{ platform:iOS Simulator, arch:arm64, id:5DC4FF5D-E947-484C-848F-56C75AC0855D, OS:18.2, name:iPhone 16 Plus }
{ platform:iOS Simulator, arch:x86_64, id:5DC4FF5D-E947-484C-848F-56C75AC0855D, OS:18.2, name:iPhone 16 Plus }
{ platform:iOS Simulator, arch:arm64, id:40AAD79F-5BFD-4359-A2E2-9241E20C7728, OS:18.2, name:iPhone 16 Pro }
{ platform:iOS Simulator, arch:x86_64, id:40AAD79F-5BFD-4359-A2E2-9241E20C7728, OS:18.2, name:iPhone 16 Pro }
{ platform:iOS Simulator, arch:arm64, id:2D4EA74A-64D6-495A-8F75-BEC8CA60FE02, OS:18.2, name:iPhone 16 Pro Max }
{ platform:iOS Simulator, arch:x86_64, id:2D4EA74A-64D6-495A-8F75-BEC8CA60FE02, OS:18.2, name:iPhone 16 Pro Max }
{ platform:iOS Simulator, arch:arm64, id:DB2DA94F-EAE1-4779-81E3-A3BCDC7C1B79, OS:26.2, name:iPhone 16e }
{ platform:iOS Simulator, arch:arm64, id:2E4972C8-4E39-4FE8-91FD-E0CD616F1EEF, OS:26.2, name:iPhone 17 }
{ platform:iOS Simulator, arch:arm64, id:993E66B9-9AA2-4231-8768-C3EE8E2199B3, OS:26.2, name:iPhone 17 Pro }
{ platform:iOS Simulator, arch:arm64, id:A9AA7F4A-1B4E-4231-A048-DC0F7D2266A4, OS:26.2, name:iPhone 17 Pro Max }
{ platform:iOS Simulator, arch:arm64, id:32F45492-9825-430A-87EF-D15051A701C0, OS:26.2, name:iPhone Air }
{ platform:iOS Simulator, arch:arm64, id:E37531E8-B0EA-469C-9A92-5A533FE05BC4, OS:17.4, name:iPhone SE (3rd generation) }
{ platform:iOS Simulator, arch:x86_64, id:E37531E8-B0EA-469C-9A92-5A533FE05BC4, OS:17.4, name:iPhone SE (3rd generation) }
{ platform:iOS Simulator, arch:arm64, id:627FA4A9-16A7-414F-B9B9-F33CEDD40074, OS:17.5, name:iPhone SE (3rd generation) }
{ platform:iOS Simulator, arch:x86_64, id:627FA4A9-16A7-414F-B9B9-F33CEDD40074, OS:17.5, name:iPhone SE (3rd generation) }
{ platform:iOS Simulator, arch:arm64, id:9EC28335-6F86-4963-B789-FE5E422CE337, OS:18.2, name:iPhone SE (3rd generation) }
{ platform:iOS Simulator, arch:x86_64, id:9EC28335-6F86-4963-B789-FE5E422CE337, OS:18.2, name:iPhone SE (3rd generation) }
CreateBuildRequest

SendProjectDescription

CreateBuildOperation

** CLEAN SUCCEEDED **

--- xcodebuild: WARNING: Using the first of multiple matching destinations:
{ platform:iOS, id:dvtdevice-DVTiPhonePlaceholder-iphoneos:placeholder, name:Any iOS Device }
{ platform:iOS Simulator, id:dvtdevice-DVTiOSDeviceSimulatorPlaceholder-iphonesimulator:placeholder, name:Any iOS Simulator Device }
{ platform:iOS Simulator, arch:arm64, id:D0694AEA-BF67-4E6B-9B86-BA72E87C5F36, OS:17.4, name:iPad (10th generation) }
{ platform:iOS Simulator, arch:x86_64, id:D0694AEA-BF67-4E6B-9B86-BA72E87C5F36, OS:17.4, name:iPad (10th generation) }
{ platform:iOS Simulator, arch:arm64, id:663DE3BD-B7B6-421B-BA5C-7C4F98CCE085, OS:17.5, name:iPad (10th generation) }
{ platform:iOS Simulator, arch:x86_64, id:663DE3BD-B7B6-421B-BA5C-7C4F98CCE085, OS:17.5, name:iPad (10th generation) }
{ platform:iOS Simulator, arch:arm64, id:0E67B1E4-A50D-4990-AE9B-9283155E228C, OS:18.2, name:iPad (10th generation) }
{ platform:iOS Simulator, arch:x86_64, id:0E67B1E4-A50D-4990-AE9B-9283155E228C, OS:18.2, name:iPad (10th generation) }
{ platform:iOS Simulator, arch:arm64, id:86214D50-6EFA-4077-93B9-83CDD237B6C1, OS:26.2, name:iPad (A16) }
{ platform:iOS Simulator, arch:arm64, id:427DDC54-26C6-4E13-BAC0-7790E8CB9968, OS:17.4, name:iPad Air (5th generation) }
{ platform:iOS Simulator, arch:x86_64, id:427DDC54-26C6-4E13-BAC0-7790E8CB9968, OS:17.4, name:iPad Air (5th generation) }
{ platform:iOS Simulator, arch:arm64, id:50501397-0FEE-4E69-AAE2-AF78A5A15AB4, OS:17.4, name:iPad Air 11-inch (M2) }
{ platform:iOS Simulator, arch:x86_64, id:50501397-0FEE-4E69-AAE2-AF78A5A15AB4, OS:17.4, name:iPad Air 11-inch (M2) }
{ platform:iOS Simulator, arch:arm64, id:675D4820-7F1A-44B0-9689-B53D8A0F7493, OS:17.5, name:iPad Air 11-inch (M2) }
{ platform:iOS Simulator, arch:x86_64, id:675D4820-7F1A-44B0-9689-B53D8A0F7493, OS:17.5, name:iPad Air 11-inch (M2) }
{ platform:iOS Simulator, arch:arm64, id:107535E5-107E-4D38-A556-6DE3D08182E8, OS:18.2, name:iPad Air 11-inch (M2) }
{ platform:iOS Simulator, arch:x86_64, id:107535E5-107E-4D38-A556-6DE3D08182E8, OS:18.2, name:iPad Air 11-inch (M2) }
{ platform:iOS Simulator, arch:arm64, id:BEA3A330-FF1E-45B1-991C-8DA328228A2E, OS:26.2, name:iPad Air 11-inch (M3) }
{ platform:iOS Simulator, arch:arm64, id:1A74DFC5-B994-4D49-BE1A-EA61B89F47E4, OS:17.4, name:iPad Air 13-inch (M2) }
{ platform:iOS Simulator, arch:x86_64, id:1A74DFC5-B994-4D49-BE1A-EA61B89F47E4, OS:17.4, name:iPad Air 13-inch (M2) }
{ platform:iOS Simulator, arch:arm64, id:E76F11D1-92A1-4411-AF0E-C3EB928080B3, OS:17.5, name:iPad Air 13-inch (M2) }
{ platform:iOS Simulator, arch:x86_64, id:E76F11D1-92A1-4411-AF0E-C3EB928080B3, OS:17.5, name:iPad Air 13-inch (M2) }
{ platform:iOS Simulator, arch:arm64, id:66FAC5CB-A88D-45B1-88D0-33F11D978EB7, OS:18.2, name:iPad Air 13-inch (M2) }
{ platform:iOS Simulator, arch:x86_64, id:66FAC5CB-A88D-45B1-88D0-33F11D978EB7, OS:18.2, name:iPad Air 13-inch (M2) }
{ platform:iOS Simulator, arch:arm64, id:B6FF9423-29DB-4648-AAEF-EDD23D00F21B, OS:26.2, name:iPad Air 13-inch (M3) }
{ platform:iOS Simulator, arch:arm64, id:A9A006B0-7F12-47B0-BA5D-A08C3379BAC9, OS:17.4, name:iPad Pro (11-inch) (4th generation) }
{ platform:iOS Simulator, arch:x86_64, id:A9A006B0-7F12-47B0-BA5D-A08C3379BAC9, OS:17.4, name:iPad Pro (11-inch) (4th generation) }
{ platform:iOS Simulator, arch:arm64, id:BFA66EA1-1A88-46CF-BBB5-C288905F0903, OS:17.4, name:iPad Pro (12.9-inch) (6th generation) }
{ platform:iOS Simulator, arch:x86_64, id:BFA66EA1-1A88-46CF-BBB5-C288905F0903, OS:17.4, name:iPad Pro (12.9-inch) (6th generation) }
{ platform:iOS Simulator, arch:arm64, id:1CFA4EE7-5AD4-45CE-8557-C65B37CFE135, OS:17.4, name:iPad Pro 11-inch (M4) }
{ platform:iOS Simulator, arch:x86_64, id:1CFA4EE7-5AD4-45CE-8557-C65B37CFE135, OS:17.4, name:iPad Pro 11-inch (M4) }
{ platform:iOS Simulator, arch:arm64, id:DBF1A770-9654-4A46-900E-017CBDF3374F, OS:17.5, name:iPad Pro 11-inch (M4) }
{ platform:iOS Simulator, arch:x86_64, id:DBF1A770-9654-4A46-900E-017CBDF3374F, OS:17.5, name:iPad Pro 11-inch (M4) }
{ platform:iOS Simulator, arch:arm64, id:82F2B08F-215F-4FF3-B86C-054BD0D6ACF4, OS:18.2, name:iPad Pro 11-inch (M4) }
{ platform:iOS Simulator, arch:x86_64, id:82F2B08F-215F-4FF3-B86C-054BD0D6ACF4, OS:18.2, name:iPad Pro 11-inch (M4) }
{ platform:iOS Simulator, arch:arm64, id:816FB054-9D48-4A92-8929-9FD0EEAF4590, OS:26.2, name:iPad Pro 11-inch (M5) }
{ platform:iOS Simulator, arch:arm64, id:C25A2999-3C62-4663-A623-1D299DFC85B1, OS:17.4, name:iPad Pro 13-inch (M4) }
{ platform:iOS Simulator, arch:x86_64, id:C25A2999-3C62-4663-A623-1D299DFC85B1, OS:17.4, name:iPad Pro 13-inch (M4) }
{ platform:iOS Simulator, arch:arm64, id:8292A8BB-FAA4-4DDB-9920-32B567A250D4, OS:17.5, name:iPad Pro 13-inch (M4) }
{ platform:iOS Simulator, arch:x86_64, id:8292A8BB-FAA4-4DDB-9920-32B567A250D4, OS:17.5, name:iPad Pro 13-inch (M4) }
{ platform:iOS Simulator, arch:arm64, id:418DA426-44D7-4377-8994-509C6C84AF1F, OS:18.2, name:iPad Pro 13-inch (M4) }
{ platform:iOS Simulator, arch:x86_64, id:418DA426-44D7-4377-8994-509C6C84AF1F, OS:18.2, name:iPad Pro 13-inch (M4) }
{ platform:iOS Simulator, arch:arm64, id:0CBB5FA2-1F0A-432B-9696-44C38B46AD52, OS:26.2, name:iPad Pro 13-inch (M5) }
{ platform:iOS Simulator, arch:arm64, id:6C927B00-885F-48E0-804A-1536E9F735B0, OS:17.4, name:iPad mini (6th generation) }
{ platform:iOS Simulator, arch:x86_64, id:6C927B00-885F-48E0-804A-1536E9F735B0, OS:17.4, name:iPad mini (6th generation) }
{ platform:iOS Simulator, arch:arm64, id:66B0ABA0-8AFD-4770-8F55-E95DCCF666C8, OS:17.5, name:iPad mini (6th generation) }
{ platform:iOS Simulator, arch:x86_64, id:66B0ABA0-8AFD-4770-8F55-E95DCCF666C8, OS:17.5, name:iPad mini (6th generation) }
{ platform:iOS Simulator, arch:arm64, id:BF8A0966-29B6-4CC6-9928-F5D7ED0795BE, OS:18.2, name:iPad mini (A17 Pro) }
{ platform:iOS Simulator, arch:x86_64, id:BF8A0966-29B6-4CC6-9928-F5D7ED0795BE, OS:18.2, name:iPad mini (A17 Pro) }
{ platform:iOS Simulator, arch:arm64, id:FE8E09C3-F6C1-4CA8-B71E-619B6102BAB1, OS:26.2, name:iPad mini (A17 Pro) }
{ platform:iOS Simulator, arch:arm64, id:2A79A001-8861-4744-9EDE-DDF93E5C7DCA, OS:17.4, name:iPhone 15 }
{ platform:iOS Simulator, arch:x86_64, id:2A79A001-8861-4744-9EDE-DDF93E5C7DCA, OS:17.4, name:iPhone 15 }
{ platform:iOS Simulator, arch:arm64, id:992E64AC-72DD-4B0F-A3D4-D22CED28CE16, OS:17.5, name:iPhone 15 }
{ platform:iOS Simulator, arch:x86_64, id:992E64AC-72DD-4B0F-A3D4-D22CED28CE16, OS:17.5, name:iPhone 15 }
{ platform:iOS Simulator, arch:arm64, id:4C3EFA81-3247-4150-9C0A-C2CB330050C5, OS:17.4, name:iPhone 15 Plus }
{ platform:iOS Simulator, arch:x86_64, id:4C3EFA81-3247-4150-9C0A-C2CB330050C5, OS:17.4, name:iPhone 15 Plus }
{ platform:iOS Simulator, arch:arm64, id:C82807A7-2946-4170-813F-8FBB364C0785, OS:17.5, name:iPhone 15 Plus }
{ platform:iOS Simulator, arch:x86_64, id:C82807A7-2946-4170-813F-8FBB364C0785, OS:17.5, name:iPhone 15 Plus }
{ platform:iOS Simulator, arch:arm64, id:C3967D5B-2813-4829-B04D-E2DAC75F8281, OS:17.4, name:iPhone 15 Pro }
{ platform:iOS Simulator, arch:x86_64, id:C3967D5B-2813-4829-B04D-E2DAC75F8281, OS:17.4, name:iPhone 15 Pro }
{ platform:iOS Simulator, arch:arm64, id:F5C8572E-66C0-4E36-9909-FFF73C354474, OS:17.5, name:iPhone 15 Pro }
{ platform:iOS Simulator, arch:x86_64, id:F5C8572E-66C0-4E36-9909-FFF73C354474, OS:17.5, name:iPhone 15 Pro }
{ platform:iOS Simulator, arch:arm64, id:CBFB0BA3-5270-45D5-9B36-AE9481805543, OS:17.4, name:iPhone 15 Pro Max }
{ platform:iOS Simulator, arch:x86_64, id:CBFB0BA3-5270-45D5-9B36-AE9481805543, OS:17.4, name:iPhone 15 Pro Max }
{ platform:iOS Simulator, arch:arm64, id:08C4BAF3-3DBA-40E1-8A9A-DEAE8630F585, OS:17.5, name:iPhone 15 Pro Max }
{ platform:iOS Simulator, arch:x86_64, id:08C4BAF3-3DBA-40E1-8A9A-DEAE8630F585, OS:17.5, name:iPhone 15 Pro Max }
{ platform:iOS Simulator, arch:arm64, id:946C7E67-DFE8-4177-BE5C-0E0FF837DCD5, OS:18.2, name:iPhone 16 }
{ platform:iOS Simulator, arch:x86_64, id:946C7E67-DFE8-4177-BE5C-0E0FF837DCD5, OS:18.2, name:iPhone 16 }
{ platform:iOS Simulator, arch:arm64, id:5DC4FF5D-E947-484C-848F-56C75AC0855D, OS:18.2, name:iPhone 16 Plus }
{ platform:iOS Simulator, arch:x86_64, id:5DC4FF5D-E947-484C-848F-56C75AC0855D, OS:18.2, name:iPhone 16 Plus }
{ platform:iOS Simulator, arch:arm64, id:40AAD79F-5BFD-4359-A2E2-9241E20C7728, OS:18.2, name:iPhone 16 Pro }
{ platform:iOS Simulator, arch:x86_64, id:40AAD79F-5BFD-4359-A2E2-9241E20C7728, OS:18.2, name:iPhone 16 Pro }
{ platform:iOS Simulator, arch:arm64, id:2D4EA74A-64D6-495A-8F75-BEC8CA60FE02, OS:18.2, name:iPhone 16 Pro Max }
{ platform:iOS Simulator, arch:x86_64, id:2D4EA74A-64D6-495A-8F75-BEC8CA60FE02, OS:18.2, name:iPhone 16 Pro Max }
{ platform:iOS Simulator, arch:arm64, id:DB2DA94F-EAE1-4779-81E3-A3BCDC7C1B79, OS:26.2, name:iPhone 16e }
{ platform:iOS Simulator, arch:arm64, id:2E4972C8-4E39-4FE8-91FD-E0CD616F1EEF, OS:26.2, name:iPhone 17 }
{ platform:iOS Simulator, arch:arm64, id:993E66B9-9AA2-4231-8768-C3EE8E2199B3, OS:26.2, name:iPhone 17 Pro }
{ platform:iOS Simulator, arch:arm64, id:A9AA7F4A-1B4E-4231-A048-DC0F7D2266A4, OS:26.2, name:iPhone 17 Pro Max }
{ platform:iOS Simulator, arch:arm64, id:32F45492-9825-430A-87EF-D15051A701C0, OS:26.2, name:iPhone Air }
{ platform:iOS Simulator, arch:arm64, id:E37531E8-B0EA-469C-9A92-5A533FE05BC4, OS:17.4, name:iPhone SE (3rd generation) }
{ platform:iOS Simulator, arch:x86_64, id:E37531E8-B0EA-469C-9A92-5A533FE05BC4, OS:17.4, name:iPhone SE (3rd generation) }
{ platform:iOS Simulator, arch:arm64, id:627FA4A9-16A7-414F-B9B9-F33CEDD40074, OS:17.5, name:iPhone SE (3rd generation) }
{ platform:iOS Simulator, arch:x86_64, id:627FA4A9-16A7-414F-B9B9-F33CEDD40074, OS:17.5, name:iPhone SE (3rd generation) }
{ platform:iOS Simulator, arch:arm64, id:9EC28335-6F86-4963-B789-FE5E422CE337, OS:18.2, name:iPhone SE (3rd generation) }
{ platform:iOS Simulator, arch:x86_64, id:9EC28335-6F86-4963-B789-FE5E422CE337, OS:18.2, name:iPhone SE (3rd generation) }
ComputePackagePrebuildTargetDependencyGraph

Prepare packages

CreateBuildRequest

SendProjectDescription

CreateBuildOperation

ComputeTargetDependencyGraph
note: Building targets in dependency order
note: Target dependency graph (61 targets)
    Target 'HearifyV1' in project 'HearifyV1'
        ➜ Explicit dependency on target 'FirebaseCore' in project 'Firebase'
        ➜ Explicit dependency on target 'FirebaseStorage' in project 'Firebase'
        ➜ Explicit dependency on target 'FirebaseAuth' in project 'Firebase'
        ➜ Explicit dependency on target 'FirebaseFirestore' in project 'Firebase'
    Target 'FirebaseFirestore' in project 'Firebase'
        ➜ Explicit dependency on target 'FirebaseFirestoreTarget' in project 'Firebase'
        ➜ Explicit dependency on target 'FirebaseFirestoreInternalWrapper' in project 'Firebase'
        ➜ Explicit dependency on target 'FirebaseAppCheckInterop' in project 'Firebase'
        ➜ Explicit dependency on target 'Firebase' in project 'Firebase'
        ➜ Explicit dependency on target 'FirebaseCoreInternal' in project 'Firebase'
        ➜ Explicit dependency on target 'FirebaseCore' in project 'Firebase'
        ➜ Explicit dependency on target 'FirebaseCoreExtension' in project 'Firebase'
        ➜ Explicit dependency on target 'FirebaseSharedSwift' in project 'Firebase'
        ➜ Explicit dependency on target 'FirebaseFirestore' in project 'Firebase'
        ➜ Explicit dependency on target 'GULNSData' in project 'GoogleUtilities'
        ➜ Explicit dependency on target 'GULEnvironment' in project 'GoogleUtilities'
        ➜ Explicit dependency on target 'GULLogger' in project 'GoogleUtilities'
        ➜ Explicit dependency on target 'abseil' in project 'abseil'
        ➜ Explicit dependency on target 'gRPC-C++' in project 'gRPC'
        ➜ Explicit dependency on target 'nanopb' in project 'nanopb'
        ➜ Explicit dependency on target 'leveldb' in project 'leveldb'
    Target 'FirebaseFirestoreTarget' in project 'Firebase'
        ➜ Explicit dependency on target 'FirebaseFirestoreInternalWrapper' in project 'Firebase'
        ➜ Explicit dependency on target 'FirebaseAppCheckInterop' in project 'Firebase'
        ➜ Explicit dependency on target 'Firebase' in project 'Firebase'
        ➜ Explicit dependency on target 'FirebaseCoreInternal' in project 'Firebase'
        ➜ Explicit dependency on target 'FirebaseCore' in project 'Firebase'
        ➜ Explicit dependency on target 'FirebaseCoreExtension' in project 'Firebase'
        ➜ Explicit dependency on target 'FirebaseSharedSwift' in project 'Firebase'
        ➜ Explicit dependency on target 'FirebaseFirestore' in project 'Firebase'
        ➜ Explicit dependency on target 'GULNSData' in project 'GoogleUtilities'
        ➜ Explicit dependency on target 'GULEnvironment' in project 'GoogleUtilities'
        ➜ Explicit dependency on target 'GULLogger' in project 'GoogleUtilities'
        ➜ Explicit dependency on target 'abseil' in project 'abseil'
        ➜ Explicit dependency on target 'gRPC-C++' in project 'gRPC'
        ➜ Explicit dependency on target 'nanopb' in project 'nanopb'
        ➜ Explicit dependency on target 'leveldb' in project 'leveldb'
    Target 'FirebaseFirestore' in project 'Firebase'
        ➜ Explicit dependency on target 'Firebase_FirebaseFirestore' in project 'Firebase'
        ➜ Explicit dependency on target 'FirebaseFirestoreInternalWrapper' in project 'Firebase'
        ➜ Explicit dependency on target 'FirebaseAppCheckInterop' in project 'Firebase'
        ➜ Explicit dependency on target 'Firebase' in project 'Firebase'
        ➜ Explicit dependency on target 'FirebaseCoreInternal' in project 'Firebase'
        ➜ Explicit dependency on target 'FirebaseCore' in project 'Firebase'
        ➜ Explicit dependency on target 'FirebaseCoreExtension' in project 'Firebase'
        ➜ Explicit dependency on target 'FirebaseSharedSwift' in project 'Firebase'
        ➜ Explicit dependency on target 'GULNSData' in project 'GoogleUtilities'
        ➜ Explicit dependency on target 'GULEnvironment' in project 'GoogleUtilities'
        ➜ Explicit dependency on target 'GULLogger' in project 'GoogleUtilities'
        ➜ Explicit dependency on target 'abseil' in project 'abseil'
        ➜ Explicit dependency on target 'gRPC-C++' in project 'gRPC'
        ➜ Explicit dependency on target 'nanopb' in project 'nanopb'
        ➜ Explicit dependency on target 'leveldb' in project 'leveldb'
    Target 'leveldb' in project 'leveldb'
        ➜ Explicit dependency on target 'leveldb' in project 'leveldb'
        ➜ Explicit dependency on target 'leveldb_leveldb' in project 'leveldb'
    Target 'leveldb' in project 'leveldb'
        ➜ Explicit dependency on target 'leveldb_leveldb' in project 'leveldb'
    Target 'leveldb_leveldb' in project 'leveldb' (no dependencies)
    Target 'nanopb' in project 'nanopb'
        ➜ Explicit dependency on target 'nanopb' in project 'nanopb'
        ➜ Explicit dependency on target 'nanopb_nanopb' in project 'nanopb'
    Target 'nanopb' in project 'nanopb'
        ➜ Explicit dependency on target 'nanopb_nanopb' in project 'nanopb'
    Target 'nanopb_nanopb' in project 'nanopb' (no dependencies)
    Target 'gRPC-C++' in project 'gRPC'
        ➜ Explicit dependency on target 'grpcppWrapper' in project 'gRPC'
        ➜ Explicit dependency on target 'gRPC_grpcppWrapper' in project 'gRPC'
        ➜ Explicit dependency on target 'grpcWrapper' in project 'gRPC'
        ➜ Explicit dependency on target 'opensslWrapper' in project 'gRPC'
        ➜ Explicit dependency on target 'abseil' in project 'abseil'
    Target 'grpcppWrapper' in project 'gRPC'
        ➜ Explicit dependency on target 'gRPC_grpcppWrapper' in project 'gRPC'
        ➜ Explicit dependency on target 'grpcWrapper' in project 'gRPC'
        ➜ Explicit dependency on target 'opensslWrapper' in project 'gRPC'
        ➜ Explicit dependency on target 'abseil' in project 'abseil'
    Target 'opensslWrapper' in project 'gRPC'
        ➜ Explicit dependency on target 'gRPC_opensslWrapper' in project 'gRPC'
    Target 'gRPC_opensslWrapper' in project 'gRPC' (no dependencies)
    Target 'grpcWrapper' in project 'gRPC'
        ➜ Explicit dependency on target 'gRPC_grpcWrapper' in project 'gRPC'
    Target 'gRPC_grpcWrapper' in project 'gRPC' (no dependencies)
    Target 'gRPC_grpcppWrapper' in project 'gRPC' (no dependencies)
    Target 'abseil' in project 'abseil'
        ➜ Explicit dependency on target 'abslWrapper' in project 'abseil'
        ➜ Explicit dependency on target 'abseil_abslWrapper' in project 'abseil'
    Target 'abslWrapper' in project 'abseil'
        ➜ Explicit dependency on target 'abseil_abslWrapper' in project 'abseil'
    Target 'abseil_abslWrapper' in project 'abseil' (no dependencies)
    Target 'Firebase_FirebaseFirestore' in project 'Firebase' (no dependencies)
    Target 'FirebaseSharedSwift' in project 'Firebase' (no dependencies)
    Target 'FirebaseFirestoreInternalWrapper' in project 'Firebase' (no dependencies)
    Target 'FirebaseAuth' in project 'Firebase'
        ➜ Explicit dependency on target 'FirebaseAuth' in project 'Firebase'
        ➜ Explicit dependency on target 'Firebase_FirebaseAuth' in project 'Firebase'
        ➜ Explicit dependency on target 'FirebaseAppCheckInterop' in project 'Firebase'
        ➜ Explicit dependency on target 'FirebaseAuthInterop' in project 'Firebase'
        ➜ Explicit dependency on target 'FirebaseAuthInternal' in project 'Firebase'
        ➜ Explicit dependency on target 'Firebase' in project 'Firebase'
        ➜ Explicit dependency on target 'FirebaseCoreInternal' in project 'Firebase'
        ➜ Explicit dependency on target 'FirebaseCore' in project 'Firebase'
        ➜ Explicit dependency on target 'FirebaseCoreExtension' in project 'Firebase'
        ➜ Explicit dependency on target 'RecaptchaInterop' in project 'InteropForGoogle'
        ➜ Explicit dependency on target 'GULNSData' in project 'GoogleUtilities'
        ➜ Explicit dependency on target 'GULEnvironment' in project 'GoogleUtilities'
        ➜ Explicit dependency on target 'GULLogger' in project 'GoogleUtilities'
        ➜ Explicit dependency on target 'GULAppDelegateSwizzler' in project 'GoogleUtilities'
        ➜ Explicit dependency on target 'GTMSessionFetcherCore' in project 'GTMSessionFetcher'
    Target 'FirebaseAuth' in project 'Firebase'
        ➜ Explicit dependency on target 'Firebase_FirebaseAuth' in project 'Firebase'
        ➜ Explicit dependency on target 'FirebaseAppCheckInterop' in project 'Firebase'
        ➜ Explicit dependency on target 'FirebaseAuthInterop' in project 'Firebase'
        ➜ Explicit dependency on target 'FirebaseAuthInternal' in project 'Firebase'
        ➜ Explicit dependency on target 'Firebase' in project 'Firebase'
        ➜ Explicit dependency on target 'FirebaseCoreInternal' in project 'Firebase'
        ➜ Explicit dependency on target 'FirebaseCore' in project 'Firebase'
        ➜ Explicit dependency on target 'FirebaseCoreExtension' in project 'Firebase'
        ➜ Explicit dependency on target 'RecaptchaInterop' in project 'InteropForGoogle'
        ➜ Explicit dependency on target 'GULNSData' in project 'GoogleUtilities'
        ➜ Explicit dependency on target 'GULEnvironment' in project 'GoogleUtilities'
        ➜ Explicit dependency on target 'GULLogger' in project 'GoogleUtilities'
        ➜ Explicit dependency on target 'GULAppDelegateSwizzler' in project 'GoogleUtilities'
        ➜ Explicit dependency on target 'GTMSessionFetcherCore' in project 'GTMSessionFetcher'
    Target 'GULAppDelegateSwizzler' in project 'GoogleUtilities'
        ➜ Explicit dependency on target 'GoogleUtilities-AppDelegateSwizzler' in project 'GoogleUtilities'
        ➜ Explicit dependency on target 'GoogleUtilities_GoogleUtilities-AppDelegateSwizzler' in project 'GoogleUtilities'
        ➜ Explicit dependency on target 'third-party-IsAppEncrypted' in project 'GoogleUtilities'
        ➜ Explicit dependency on target 'GoogleUtilities-Environment' in project 'GoogleUtilities'
        ➜ Explicit dependency on target 'GoogleUtilities-Logger' in project 'GoogleUtilities'
        ➜ Explicit dependency on target 'GoogleUtilities-NSData' in project 'GoogleUtilities'
        ➜ Explicit dependency on target 'GoogleUtilities-Reachability' in project 'GoogleUtilities'
        ➜ Explicit dependency on target 'GoogleUtilities-Network' in project 'GoogleUtilities'
    Target 'GoogleUtilities-AppDelegateSwizzler' in project 'GoogleUtilities'
        ➜ Explicit dependency on target 'GoogleUtilities_GoogleUtilities-AppDelegateSwizzler' in project 'GoogleUtilities'
        ➜ Explicit dependency on target 'third-party-IsAppEncrypted' in project 'GoogleUtilities'
        ➜ Explicit dependency on target 'GoogleUtilities-Environment' in project 'GoogleUtilities'
        ➜ Explicit dependency on target 'GoogleUtilities-Logger' in project 'GoogleUtilities'
        ➜ Explicit dependency on target 'GoogleUtilities-NSData' in project 'GoogleUtilities'
        ➜ Explicit dependency on target 'GoogleUtilities-Reachability' in project 'GoogleUtilities'
        ➜ Explicit dependency on target 'GoogleUtilities-Network' in project 'GoogleUtilities'
    Target 'GoogleUtilities-Network' in project 'GoogleUtilities'
        ➜ Explicit dependency on target 'GoogleUtilities_GoogleUtilities-Network' in project 'GoogleUtilities'
        ➜ Explicit dependency on target 'third-party-IsAppEncrypted' in project 'GoogleUtilities'
        ➜ Explicit dependency on target 'GoogleUtilities-Environment' in project 'GoogleUtilities'
        ➜ Explicit dependency on target 'GoogleUtilities-Logger' in project 'GoogleUtilities'
        ➜ Explicit dependency on target 'GoogleUtilities-NSData' in project 'GoogleUtilities'
        ➜ Explicit dependency on target 'GoogleUtilities-Reachability' in project 'GoogleUtilities'
    Target 'GoogleUtilities_GoogleUtilities-Network' in project 'GoogleUtilities' (no dependencies)
    Target 'GoogleUtilities-Reachability' in project 'GoogleUtilities'
        ➜ Explicit dependency on target 'GoogleUtilities_GoogleUtilities-Reachability' in project 'GoogleUtilities'
        ➜ Explicit dependency on target 'third-party-IsAppEncrypted' in project 'GoogleUtilities'
        ➜ Explicit dependency on target 'GoogleUtilities-Environment' in project 'GoogleUtilities'
        ➜ Explicit dependency on target 'GoogleUtilities-Logger' in project 'GoogleUtilities'
    Target 'GoogleUtilities_GoogleUtilities-Reachability' in project 'GoogleUtilities' (no dependencies)
    Target 'GoogleUtilities_GoogleUtilities-AppDelegateSwizzler' in project 'GoogleUtilities' (no dependencies)
    Target 'FirebaseAuthInternal' in project 'Firebase'
        ➜ Explicit dependency on target 'RecaptchaInterop' in project 'InteropForGoogle'
    Target 'RecaptchaInterop' in project 'InteropForGoogle'
        ➜ Explicit dependency on target 'RecaptchaInterop' in project 'InteropForGoogle'
    Target 'RecaptchaInterop' in project 'InteropForGoogle' (no dependencies)
    Target 'Firebase_FirebaseAuth' in project 'Firebase' (no dependencies)
    Target 'FirebaseStorage' in project 'Firebase'
        ➜ Explicit dependency on target 'FirebaseStorage' in project 'Firebase'
        ➜ Explicit dependency on target 'FirebaseAppCheckInterop' in project 'Firebase'
        ➜ Explicit dependency on target 'FirebaseAuthInterop' in project 'Firebase'
        ➜ Explicit dependency on target 'Firebase' in project 'Firebase'
        ➜ Explicit dependency on target 'FirebaseCoreInternal' in project 'Firebase'
        ➜ Explicit dependency on target 'FirebaseCore' in project 'Firebase'
        ➜ Explicit dependency on target 'FirebaseCoreExtension' in project 'Firebase'
        ➜ Explicit dependency on target 'GULNSData' in project 'GoogleUtilities'
        ➜ Explicit dependency on target 'GULEnvironment' in project 'GoogleUtilities'
        ➜ Explicit dependency on target 'GULLogger' in project 'GoogleUtilities'
        ➜ Explicit dependency on target 'GTMSessionFetcherCore' in project 'GTMSessionFetcher'
    Target 'FirebaseStorage' in project 'Firebase'
        ➜ Explicit dependency on target 'FirebaseAppCheckInterop' in project 'Firebase'
        ➜ Explicit dependency on target 'FirebaseAuthInterop' in project 'Firebase'
        ➜ Explicit dependency on target 'Firebase' in project 'Firebase'
        ➜ Explicit dependency on target 'FirebaseCoreInternal' in project 'Firebase'
        ➜ Explicit dependency on target 'FirebaseCore' in project 'Firebase'
        ➜ Explicit dependency on target 'FirebaseCoreExtension' in project 'Firebase'
        ➜ Explicit dependency on target 'GULNSData' in project 'GoogleUtilities'
        ➜ Explicit dependency on target 'GULEnvironment' in project 'GoogleUtilities'
        ➜ Explicit dependency on target 'GULLogger' in project 'GoogleUtilities'
        ➜ Explicit dependency on target 'GTMSessionFetcherCore' in project 'GTMSessionFetcher'
    Target 'GTMSessionFetcherCore' in project 'GTMSessionFetcher'
        ➜ Explicit dependency on target 'GTMSessionFetcherCore' in project 'GTMSessionFetcher'
        ➜ Explicit dependency on target 'GTMSessionFetcher_GTMSessionFetcherCore' in project 'GTMSessionFetcher'
    Target 'GTMSessionFetcherCore' in project 'GTMSessionFetcher'
        ➜ Explicit dependency on target 'GTMSessionFetcher_GTMSessionFetcherCore' in project 'GTMSessionFetcher'
    Target 'GTMSessionFetcher_GTMSessionFetcherCore' in project 'GTMSessionFetcher' (no dependencies)
    Target 'FirebaseCoreExtension' in project 'Firebase'
        ➜ Explicit dependency on target 'Firebase_FirebaseCoreExtension' in project 'Firebase'
    Target 'Firebase_FirebaseCoreExtension' in project 'Firebase' (no dependencies)
    Target 'FirebaseAuthInterop' in project 'Firebase' (no dependencies)
    Target 'FirebaseAppCheckInterop' in project 'Firebase' (no dependencies)
    Target 'FirebaseCore' in project 'Firebase'
        ➜ Explicit dependency on target 'FirebaseCore' in project 'Firebase'
        ➜ Explicit dependency on target 'Firebase_FirebaseCore' in project 'Firebase'
        ➜ Explicit dependency on target 'Firebase' in project 'Firebase'
        ➜ Explicit dependency on target 'FirebaseCoreInternal' in project 'Firebase'
        ➜ Explicit dependency on target 'GULNSData' in project 'GoogleUtilities'
        ➜ Explicit dependency on target 'GULEnvironment' in project 'GoogleUtilities'
        ➜ Explicit dependency on target 'GULLogger' in project 'GoogleUtilities'
    Target 'FirebaseCore' in project 'Firebase'
        ➜ Explicit dependency on target 'Firebase_FirebaseCore' in project 'Firebase'
        ➜ Explicit dependency on target 'Firebase' in project 'Firebase'
        ➜ Explicit dependency on target 'FirebaseCoreInternal' in project 'Firebase'
        ➜ Explicit dependency on target 'GULNSData' in project 'GoogleUtilities'
        ➜ Explicit dependency on target 'GULEnvironment' in project 'GoogleUtilities'
        ➜ Explicit dependency on target 'GULLogger' in project 'GoogleUtilities'
    Target 'GULLogger' in project 'GoogleUtilities'
        ➜ Explicit dependency on target 'GoogleUtilities-Logger' in project 'GoogleUtilities'
        ➜ Explicit dependency on target 'GoogleUtilities_GoogleUtilities-Logger' in project 'GoogleUtilities'
        ➜ Explicit dependency on target 'third-party-IsAppEncrypted' in project 'GoogleUtilities'
        ➜ Explicit dependency on target 'GoogleUtilities-Environment' in project 'GoogleUtilities'
    Target 'GoogleUtilities-Logger' in project 'GoogleUtilities'
        ➜ Explicit dependency on target 'GoogleUtilities_GoogleUtilities-Logger' in project 'GoogleUtilities'
        ➜ Explicit dependency on target 'third-party-IsAppEncrypted' in project 'GoogleUtilities'
        ➜ Explicit dependency on target 'GoogleUtilities-Environment' in project 'GoogleUtilities'
    Target 'GoogleUtilities_GoogleUtilities-Logger' in project 'GoogleUtilities' (no dependencies)
    Target 'GULEnvironment' in project 'GoogleUtilities'
        ➜ Explicit dependency on target 'GoogleUtilities-Environment' in project 'GoogleUtilities'
        ➜ Explicit dependency on target 'GoogleUtilities_GoogleUtilities-Environment' in project 'GoogleUtilities'
        ➜ Explicit dependency on target 'third-party-IsAppEncrypted' in project 'GoogleUtilities'
    Target 'GoogleUtilities-Environment' in project 'GoogleUtilities'
        ➜ Explicit dependency on target 'GoogleUtilities_GoogleUtilities-Environment' in project 'GoogleUtilities'
        ➜ Explicit dependency on target 'third-party-IsAppEncrypted' in project 'GoogleUtilities'
    Target 'third-party-IsAppEncrypted' in project 'GoogleUtilities' (no dependencies)
    Target 'GoogleUtilities_GoogleUtilities-Environment' in project 'GoogleUtilities' (no dependencies)
    Target 'FirebaseCoreInternal' in project 'Firebase'
        ➜ Explicit dependency on target 'Firebase_FirebaseCoreInternal' in project 'Firebase'
        ➜ Explicit dependency on target 'GULNSData' in project 'GoogleUtilities'
    Target 'GULNSData' in project 'GoogleUtilities'
        ➜ Explicit dependency on target 'GoogleUtilities-NSData' in project 'GoogleUtilities'
        ➜ Explicit dependency on target 'GoogleUtilities_GoogleUtilities-NSData' in project 'GoogleUtilities'
    Target 'GoogleUtilities-NSData' in project 'GoogleUtilities'
        ➜ Explicit dependency on target 'GoogleUtilities_GoogleUtilities-NSData' in project 'GoogleUtilities'
    Target 'GoogleUtilities_GoogleUtilities-NSData' in project 'GoogleUtilities' (no dependencies)
    Target 'Firebase_FirebaseCoreInternal' in project 'Firebase' (no dependencies)
    Target 'Firebase' in project 'Firebase' (no dependencies)
    Target 'Firebase_FirebaseCore' in project 'Firebase' (no dependencies)

GatherProvisioningInputs

CreateBuildDescription

ExecuteExternalTool /Applications/Xcode.app/Contents/Developer/Toolchains/XcodeDefault.xctoolchain/usr/bin/clang -v -E -dM -arch arm64 -isysroot /Applications/Xcode.app/Contents/Developer/Platforms/iPhoneOS.platform/Developer/SDKs/iPhoneOS26.2.sdk -x objective-c -c /dev/null

ExecuteExternalTool /Applications/Xcode.app/Contents/Developer/Toolchains/XcodeDefault.xctoolchain/usr/bin/swiftc --version

ExecuteExternalTool /Applications/Xcode.app/Contents/Developer/Toolchains/XcodeDefault.xctoolchain/usr/bin/clang -v -E -dM -isysroot /Applications/Xcode.app/Contents/Developer/Platforms/iPhoneOS.platform/Developer/SDKs/iPhoneOS26.2.sdk -x c -c /dev/null

ExecuteExternalTool /Applications/Xcode.app/Contents/Developer/usr/bin/actool --print-asset-tag-combinations --output-format xml1 /Users/Veer/Library/Mobile Documents/com~apple~CloudDocs/HearifyV1/HearifyV1/Preview Content/Preview Assets.xcassets /Users/Veer/Library/Mobile Documents/com~apple~CloudDocs/HearifyV1/HearifyV1/Assets.xcassets

ExecuteExternalTool /Applications/Xcode.app/Contents/Developer/Toolchains/XcodeDefault.xctoolchain/usr/bin/clang -v -E -dM -arch arm64 -isysroot /Applications/Xcode.app/Contents/Developer/Platforms/iPhoneOS.platform/Developer/SDKs/iPhoneOS26.2.sdk -x c -c /dev/null

ExecuteExternalTool /Applications/Xcode.app/Contents/Developer/Toolchains/XcodeDefault.xctoolchain/usr/bin/ld -version_details

ExecuteExternalTool /Applications/Xcode.app/Contents/Developer/Toolchains/XcodeDefault.xctoolchain/usr/bin/clang -v -E -dM -arch arm64 -isysroot /Applications/Xcode.app/Contents/Developer/Platforms/iPhoneOS.platform/Developer/SDKs/iPhoneOS26.2.sdk -x c++ -c /dev/null

ExecuteExternalTool /Applications/Xcode.app/Contents/Developer/usr/bin/ibtool --version --output-format xml1

ExecuteExternalTool /Applications/Xcode.app/Contents/Developer/usr/bin/actool --version --output-format xml1

Build description signature: 9cc4a9004b17be895769bda84d59615f
Build description path: /Users/Veer/Library/Developer/Xcode/DerivedData/HearifyV1-ftljoypfezvlxcgouzbpmsmxzads/Build/Intermediates.noindex/XCBuildData/9cc4a9004b17be895769bda84d59615f.xcbuilddata
ClangStatCache /Applications/Xcode.app/Contents/Developer/Toolchains/XcodeDefault.xctoolchain/usr/bin/clang-stat-cache /Applications/Xcode.app/Contents/Developer/Platforms/iPhoneOS.platform/Developer/SDKs/iPhoneOS26.2.sdk /Users/Veer/Library/Developer/Xcode/DerivedData/SDKStatCaches.noindex/iphoneos26.2-23C53-3794476bd08197c3e2abd9bb477ef7f7.sdkstatcache
    cd /Users/Veer/Library/Mobile\ Documents/com\~apple\~CloudDocs/HearifyV1/HearifyV1.xcodeproj
    /Applications/Xcode.app/Contents/Developer/Toolchains/XcodeDefault.xctoolchain/usr/bin/clang-stat-cache /Applications/Xcode.app/Contents/Developer/Platforms/iPhoneOS.platform/Developer/SDKs/iPhoneOS26.2.sdk -o /Users/Veer/Library/Developer/Xcode/DerivedData/SDKStatCaches.noindex/iphoneos26.2-23C53-3794476bd08197c3e2abd9bb477ef7f7.sdkstatcache

CreateBuildDirectory /Users/Veer/Library/Developer/Xcode/DerivedData/HearifyV1-ftljoypfezvlxcgouzbpmsmxzads/Build/Products
    cd /Users/Veer/Library/Mobile\ Documents/com\~apple\~CloudDocs/HearifyV1/HearifyV1.xcodeproj
    builtin-create-build-directory /Users/Veer/Library/Developer/Xcode/DerivedData/HearifyV1-ftljoypfezvlxcgouzbpmsmxzads/Build/Products

CreateBuildDirectory /Users/Veer/Library/Developer/Xcode/DerivedData/HearifyV1-ftljoypfezvlxcgouzbpmsmxzads/Build/Intermediates.noindex
    cd /Users/Veer/Library/Mobile\ Documents/com\~apple\~CloudDocs/HearifyV1/HearifyV1.xcodeproj
    builtin-create-build-directory /Users/Veer/Library/Developer/Xcode/DerivedData/HearifyV1-ftljoypfezvlxcgouzbpmsmxzads/Build/Intermediates.noindex

CreateBuildDirectory /Users/Veer/Library/Developer/Xcode/DerivedData/HearifyV1-ftljoypfezvlxcgouzbpmsmxzads/Build/Products/Debug-iphoneos
    cd /Users/Veer/Library/Mobile\ Documents/com\~apple\~CloudDocs/HearifyV1/HearifyV1.xcodeproj
    builtin-create-build-directory /Users/Veer/Library/Developer/Xcode/DerivedData/HearifyV1-ftljoypfezvlxcgouzbpmsmxzads/Build/Products/Debug-iphoneos

CreateBuildDirectory /Users/Veer/Library/Developer/Xcode/DerivedData/HearifyV1-ftljoypfezvlxcgouzbpmsmxzads/Build/Intermediates.noindex/SwiftExplicitPrecompiledModules
    cd /Users/Veer/Library/Mobile\ Documents/com\~apple\~CloudDocs/HearifyV1/HearifyV1.xcodeproj
    builtin-create-build-directory /Users/Veer/Library/Developer/Xcode/DerivedData/HearifyV1-ftljoypfezvlxcgouzbpmsmxzads/Build/Intermediates.noindex/SwiftExplicitPrecompiledModules

WriteAuxiliaryFile /Users/Veer/Library/Developer/Xcode/DerivedData/HearifyV1-ftljoypfezvlxcgouzbpmsmxzads/Build/Intermediates.noindex/HearifyV1.build/Debug-iphoneos/HearifyV1-521b383a001212c1ccf60a43897f0080-VFS-iphoneos/all-product-headers.yaml
    cd /Users/Veer/Library/Mobile\ Documents/com\~apple\~CloudDocs/HearifyV1/HearifyV1.xcodeproj
    write-file /Users/Veer/Library/Developer/Xcode/DerivedData/HearifyV1-ftljoypfezvlxcgouzbpmsmxzads/Build/Intermediates.noindex/HearifyV1.build/Debug-iphoneos/HearifyV1-521b383a001212c1ccf60a43897f0080-VFS-iphoneos/all-product-headers.yaml

CreateBuildDirectory /Users/Veer/Library/Developer/Xcode/DerivedData/HearifyV1-ftljoypfezvlxcgouzbpmsmxzads/Build/Intermediates.noindex/ExplicitPrecompiledModules
    cd /Users/Veer/Library/Mobile\ Documents/com\~apple\~CloudDocs/HearifyV1/HearifyV1.xcodeproj
    builtin-create-build-directory /Users/Veer/Library/Developer/Xcode/DerivedData/HearifyV1-ftljoypfezvlxcgouzbpmsmxzads/Build/Intermediates.noindex/ExplicitPrecompiledModules

CreateBuildDirectory /Users/Veer/Library/Developer/Xcode/DerivedData/HearifyV1-ftljoypfezvlxcgouzbpmsmxzads/Build/Intermediates.noindex/EagerLinkingTBDs/Debug-iphoneos
    cd /Users/Veer/Library/Mobile\ Documents/com\~apple\~CloudDocs/HearifyV1/HearifyV1.xcodeproj
    builtin-create-build-directory /Users/Veer/Library/Developer/Xcode/DerivedData/HearifyV1-ftljoypfezvlxcgouzbpmsmxzads/Build/Intermediates.noindex/EagerLinkingTBDs/Debug-iphoneos

CreateBuildDirectory /Users/Veer/Library/Developer/Xcode/DerivedData/HearifyV1-ftljoypfezvlxcgouzbpmsmxzads/Build/Products/Debug-iphoneos/PackageFrameworks
    cd /Users/Veer/Library/Mobile\ Documents/com\~apple\~CloudDocs/HearifyV1/HearifyV1.xcodeproj
    builtin-create-build-directory /Users/Veer/Library/Developer/Xcode/DerivedData/HearifyV1-ftljoypfezvlxcgouzbpmsmxzads/Build/Products/Debug-iphoneos/PackageFrameworks

WriteAuxiliaryFile /Users/Veer/Library/Developer/Xcode/DerivedData/HearifyV1-ftljoypfezvlxcgouzbpmsmxzads/Build/Intermediates.noindex/nanopb.build/Debug-iphoneos/nanopb.build/nanopb.modulemap (in target 'nanopb' from project 'nanopb')
    cd /Users/Veer/Library/Developer/Xcode/DerivedData/HearifyV1-ftljoypfezvlxcgouzbpmsmxzads/SourcePackages/checkouts/nanopb
    write-file /Users/Veer/Library/Developer/Xcode/DerivedData/HearifyV1-ftljoypfezvlxcgouzbpmsmxzads/Build/Intermediates.noindex/nanopb.build/Debug-iphoneos/nanopb.build/nanopb.modulemap

WriteAuxiliaryFile /Users/Veer/Library/Developer/Xcode/DerivedData/HearifyV1-ftljoypfezvlxcgouzbpmsmxzads/Build/Intermediates.noindex/GoogleUtilities.build/Debug-iphoneos/third-party-IsAppEncrypted.build/third-party-IsAppEncrypted.DependencyStaticMetadataFileList (in target 'third-party-IsAppEncrypted' from project 'GoogleUtilities')
    cd /Users/Veer/Library/Developer/Xcode/DerivedData/HearifyV1-ftljoypfezvlxcgouzbpmsmxzads/SourcePackages/checkouts/GoogleUtilities
    write-file /Users/Veer/Library/Developer/Xcode/DerivedData/HearifyV1-ftljoypfezvlxcgouzbpmsmxzads/Build/Intermediates.noindex/GoogleUtilities.build/Debug-iphoneos/third-party-IsAppEncrypted.build/third-party-IsAppEncrypted.DependencyStaticMetadataFileList

WriteAuxiliaryFile /Users/Veer/Library/Developer/Xcode/DerivedData/HearifyV1-ftljoypfezvlxcgouzbpmsmxzads/Build/Intermediates.noindex/nanopb.build/Debug-iphoneos/nanopb_nanopb.build/empty-nanopb_nanopb.plist (in target 'nanopb_nanopb' from project 'nanopb')
    cd /Users/Veer/Library/Developer/Xcode/DerivedData/HearifyV1-ftljoypfezvlxcgouzbpmsmxzads/SourcePackages/checkouts/nanopb
    write-file /Users/Veer/Library/Developer/Xcode/DerivedData/HearifyV1-ftljoypfezvlxcgouzbpmsmxzads/Build/Intermediates.noindex/nanopb.build/Debug-iphoneos/nanopb_nanopb.build/empty-nanopb_nanopb.plist

WriteAuxiliaryFile /Users/Veer/Library/Developer/Xcode/DerivedData/HearifyV1-ftljoypfezvlxcgouzbpmsmxzads/Build/Intermediates.noindex/GoogleUtilities.build/Debug-iphoneos/third-party-IsAppEncrypted.build/third-party-IsAppEncrypted.modulemap (in target 'third-party-IsAppEncrypted' from project 'GoogleUtilities')
    cd /Users/Veer/Library/Developer/Xcode/DerivedData/HearifyV1-ftljoypfezvlxcgouzbpmsmxzads/SourcePackages/checkouts/GoogleUtilities
    write-file /Users/Veer/Library/Developer/Xcode/DerivedData/HearifyV1-ftljoypfezvlxcgouzbpmsmxzads/Build/Intermediates.noindex/GoogleUtilities.build/Debug-iphoneos/third-party-IsAppEncrypted.build/third-party-IsAppEncrypted.modulemap

WriteAuxiliaryFile /Users/Veer/Library/Developer/Xcode/DerivedData/HearifyV1-ftljoypfezvlxcgouzbpmsmxzads/Build/Intermediates.noindex/nanopb.build/Debug-iphoneos/nanopb_nanopb.build/nanopb_nanopb.DependencyStaticMetadataFileList (in target 'nanopb_nanopb' from project 'nanopb')
    cd /Users/Veer/Library/Developer/Xcode/DerivedData/HearifyV1-ftljoypfezvlxcgouzbpmsmxzads/SourcePackages/checkouts/nanopb
    write-file /Users/Veer/Library/Developer/Xcode/DerivedData/HearifyV1-ftljoypfezvlxcgouzbpmsmxzads/Build/Intermediates.noindex/nanopb.build/Debug-iphoneos/nanopb_nanopb.build/nanopb_nanopb.DependencyStaticMetadataFileList

WriteAuxiliaryFile /Users/Veer/Library/Developer/Xcode/DerivedData/HearifyV1-ftljoypfezvlxcgouzbpmsmxzads/Build/Intermediates.noindex/nanopb.build/Debug-iphoneos/nanopb_nanopb.build/nanopb_nanopb.DependencyMetadataFileList (in target 'nanopb_nanopb' from project 'nanopb')
    cd /Users/Veer/Library/Developer/Xcode/DerivedData/HearifyV1-ftljoypfezvlxcgouzbpmsmxzads/SourcePackages/checkouts/nanopb
    write-file /Users/Veer/Library/Developer/Xcode/DerivedData/HearifyV1-ftljoypfezvlxcgouzbpmsmxzads/Build/Intermediates.noindex/nanopb.build/Debug-iphoneos/nanopb_nanopb.build/nanopb_nanopb.DependencyMetadataFileList

WriteAuxiliaryFile /Users/Veer/Library/Developer/Xcode/DerivedData/HearifyV1-ftljoypfezvlxcgouzbpmsmxzads/Build/Intermediates.noindex/GoogleUtilities.build/Debug-iphoneos/third-party-IsAppEncrypted.build/Objects-normal/arm64/e6072d4f65d7061329687fe24e3d63a7-common-args.resp (in target 'third-party-IsAppEncrypted' from project 'GoogleUtilities')
    cd /Users/Veer/Library/Developer/Xcode/DerivedData/HearifyV1-ftljoypfezvlxcgouzbpmsmxzads/SourcePackages/checkouts/GoogleUtilities
    write-file /Users/Veer/Library/Developer/Xcode/DerivedData/HearifyV1-ftljoypfezvlxcgouzbpmsmxzads/Build/Intermediates.noindex/GoogleUtilities.build/Debug-iphoneos/third-party-IsAppEncrypted.build/Objects-normal/arm64/e6072d4f65d7061329687fe24e3d63a7-common-args.resp
-target arm64-apple-ios12.0 '-std=c99' -fobjc-arc -fmodules -gmodules '-fmodules-cache-path=/Users/Veer/Library/Developer/Xcode/DerivedData/ModuleCache.noindex' '-fmodule-name=third_party_IsAppEncrypted' -fpascal-strings -O0 -DSWIFT_PACKAGE '-DDEBUG=1' '-DOBJC_OLD_DISPATCH_PROTOTYPES=1' -isysroot /Applications/Xcode.app/Contents/Developer/Platforms/iPhoneOS.platform/Developer/SDKs/iPhoneOS26.2.sdk -g -fprofile-instr-generate -fcoverage-mapping -I/Users/Veer/Library/Developer/Xcode/DerivedData/HearifyV1-ftljoypfezvlxcgouzbpmsmxzads/Build/Products/Debug-iphoneos/include -I/Users/Veer/Library/Developer/Xcode/DerivedData/HearifyV1-ftljoypfezvlxcgouzbpmsmxzads/SourcePackages/checkouts/GoogleUtilities/third_party/IsAppEncrypted/Public -I/Users/Veer/Library/Developer/Xcode/DerivedData/HearifyV1-ftljoypfezvlxcgouzbpmsmxzads/SourcePackages/checkouts/GoogleUtilities -I/Users/Veer/Library/Developer/Xcode/DerivedData/HearifyV1-ftljoypfezvlxcgouzbpmsmxzads/Build/Intermediates.noindex/GoogleUtilities.build/Debug-iphoneos/third-party-IsAppEncrypted.build/DerivedSources-normal/arm64 -I/Users/Veer/Library/Developer/Xcode/DerivedData/HearifyV1-ftljoypfezvlxcgouzbpmsmxzads/Build/Intermediates.noindex/GoogleUtilities.build/Debug-iphoneos/third-party-IsAppEncrypted.build/DerivedSources/arm64 -I/Users/Veer/Library/Developer/Xcode/DerivedData/HearifyV1-ftljoypfezvlxcgouzbpmsmxzads/Build/Intermediates.noindex/GoogleUtilities.build/Debug-iphoneos/third-party-IsAppEncrypted.build/DerivedSources -F/Users/Veer/Library/Developer/Xcode/DerivedData/HearifyV1-ftljoypfezvlxcgouzbpmsmxzads/Build/Products/Debug-iphoneos -iframework /Applications/Xcode.app/Contents/Developer/Platforms/iPhoneOS.platform/Developer/Library/Frameworks -iframework /Applications/Xcode.app/Contents/Developer/Platforms/iPhoneOS.platform/Developer/SDKs/iPhoneOS26.2.sdk/Developer/Library/Frameworks -DXcode

WriteAuxiliaryFile /Users/Veer/Library/Developer/Xcode/DerivedData/HearifyV1-ftljoypfezvlxcgouzbpmsmxzads/Build/Intermediates.noindex/GoogleUtilities.build/Debug-iphoneos/third-party-IsAppEncrypted.build/third-party-IsAppEncrypted.DependencyMetadataFileList (in target 'third-party-IsAppEncrypted' from project 'GoogleUtilities')
    cd /Users/Veer/Library/Developer/Xcode/DerivedData/HearifyV1-ftljoypfezvlxcgouzbpmsmxzads/SourcePackages/checkouts/GoogleUtilities
    write-file /Users/Veer/Library/Developer/Xcode/DerivedData/HearifyV1-ftljoypfezvlxcgouzbpmsmxzads/Build/Intermediates.noindex/GoogleUtilities.build/Debug-iphoneos/third-party-IsAppEncrypted.build/third-party-IsAppEncrypted.DependencyMetadataFileList

WriteAuxiliaryFile /Users/Veer/Library/Developer/Xcode/DerivedData/HearifyV1-ftljoypfezvlxcgouzbpmsmxzads/Build/Intermediates.noindex/GoogleUtilities.build/Debug-iphoneos/third-party-IsAppEncrypted.build/Objects-normal/arm64/third-party-IsAppEncrypted.LinkFileList (in target 'third-party-IsAppEncrypted' from project 'GoogleUtilities')
    cd /Users/Veer/Library/Developer/Xcode/DerivedData/HearifyV1-ftljoypfezvlxcgouzbpmsmxzads/SourcePackages/checkouts/GoogleUtilities
    write-file /Users/Veer/Library/Developer/Xcode/DerivedData/HearifyV1-ftljoypfezvlxcgouzbpmsmxzads/Build/Intermediates.noindex/GoogleUtilities.build/Debug-iphoneos/third-party-IsAppEncrypted.build/Objects-normal/arm64/third-party-IsAppEncrypted.LinkFileList

WriteAuxiliaryFile /Users/Veer/Library/Developer/Xcode/DerivedData/HearifyV1-ftljoypfezvlxcgouzbpmsmxzads/Build/Intermediates.noindex/nanopb.build/Debug-iphoneos/nanopb.build/nanopb.DependencyStaticMetadataFileList (in target 'nanopb' from project 'nanopb')
    cd /Users/Veer/Library/Developer/Xcode/DerivedData/HearifyV1-ftljoypfezvlxcgouzbpmsmxzads/SourcePackages/checkouts/nanopb
    write-file /Users/Veer/Library/Developer/Xcode/DerivedData/HearifyV1-ftljoypfezvlxcgouzbpmsmxzads/Build/Intermediates.noindex/nanopb.build/Debug-iphoneos/nanopb.build/nanopb.DependencyStaticMetadataFileList

WriteAuxiliaryFile /Users/Veer/Library/Developer/Xcode/DerivedData/HearifyV1-ftljoypfezvlxcgouzbpmsmxzads/Build/Intermediates.noindex/nanopb.build/Debug-iphoneos/nanopb.build/nanopb.DependencyMetadataFileList (in target 'nanopb' from project 'nanopb')
    cd /Users/Veer/Library/Developer/Xcode/DerivedData/HearifyV1-ftljoypfezvlxcgouzbpmsmxzads/SourcePackages/checkouts/nanopb
    write-file /Users/Veer/Library/Developer/Xcode/DerivedData/HearifyV1-ftljoypfezvlxcgouzbpmsmxzads/Build/Intermediates.noindex/nanopb.build/Debug-iphoneos/nanopb.build/nanopb.DependencyMetadataFileList

WriteAuxiliaryFile /Users/Veer/Library/Developer/Xcode/DerivedData/HearifyV1-ftljoypfezvlxcgouzbpmsmxzads/Build/Intermediates.noindex/nanopb.build/Debug-iphoneos/nanopb.build/Objects-normal/arm64/7187679823f38a2a940e0043cdf9d637-common-args.resp (in target 'nanopb' from project 'nanopb')
    cd /Users/Veer/Library/Developer/Xcode/DerivedData/HearifyV1-ftljoypfezvlxcgouzbpmsmxzads/SourcePackages/checkouts/nanopb
    write-file /Users/Veer/Library/Developer/Xcode/DerivedData/HearifyV1-ftljoypfezvlxcgouzbpmsmxzads/Build/Intermediates.noindex/nanopb.build/Debug-iphoneos/nanopb.build/Objects-normal/arm64/7187679823f38a2a940e0043cdf9d637-common-args.resp
-target arm64-apple-ios12.0 -fmodules -gmodules '-fmodules-cache-path=/Users/Veer/Library/Developer/Xcode/DerivedData/ModuleCache.noindex' '-fmodule-name=nanopb' -fpascal-strings -O0 -DSWIFT_PACKAGE '-DDEBUG=1' '-DPB_FIELD_32BIT=1' '-DPB_NO_PACKED_STRUCTS=1' '-DPB_ENABLE_MALLOC=1' -isysroot /Applications/Xcode.app/Contents/Developer/Platforms/iPhoneOS.platform/Developer/SDKs/iPhoneOS26.2.sdk -g -fprofile-instr-generate -fcoverage-mapping -I/Users/Veer/Library/Developer/Xcode/DerivedData/HearifyV1-ftljoypfezvlxcgouzbpmsmxzads/Build/Products/Debug-iphoneos/include -I/Users/Veer/Library/Developer/Xcode/DerivedData/HearifyV1-ftljoypfezvlxcgouzbpmsmxzads/SourcePackages/checkouts/nanopb/spm_headers -I/Users/Veer/Library/Developer/Xcode/DerivedData/HearifyV1-ftljoypfezvlxcgouzbpmsmxzads/Build/Intermediates.noindex/nanopb.build/Debug-iphoneos/nanopb.build/DerivedSources-normal/arm64 -I/Users/Veer/Library/Developer/Xcode/DerivedData/HearifyV1-ftljoypfezvlxcgouzbpmsmxzads/Build/Intermediates.noindex/nanopb.build/Debug-iphoneos/nanopb.build/DerivedSources/arm64 -I/Users/Veer/Library/Developer/Xcode/DerivedData/HearifyV1-ftljoypfezvlxcgouzbpmsmxzads/Build/Intermediates.noindex/nanopb.build/Debug-iphoneos/nanopb.build/DerivedSources -F/Users/Veer/Library/Developer/Xcode/DerivedData/HearifyV1-ftljoypfezvlxcgouzbpmsmxzads/Build/Products/Debug-iphoneos -iframework /Applications/Xcode.app/Contents/Developer/Platforms/iPhoneOS.platform/Developer/Library/Frameworks -iframework /Applications/Xcode.app/Contents/Developer/Platforms/iPhoneOS.platform/Developer/SDKs/iPhoneOS26.2.sdk/Developer/Library/Frameworks -DXcode

WriteAuxiliaryFile /Users/Veer/Library/Developer/Xcode/DerivedData/HearifyV1-ftljoypfezvlxcgouzbpmsmxzads/Build/Intermediates.noindex/nanopb.build/Debug-iphoneos/nanopb.build/Objects-normal/arm64/e6072d4f65d7061329687fe24e3d63a7-common-args.resp (in target 'nanopb' from project 'nanopb')
    cd /Users/Veer/Library/Developer/Xcode/DerivedData/HearifyV1-ftljoypfezvlxcgouzbpmsmxzads/SourcePackages/checkouts/nanopb
    write-file /Users/Veer/Library/Developer/Xcode/DerivedData/HearifyV1-ftljoypfezvlxcgouzbpmsmxzads/Build/Intermediates.noindex/nanopb.build/Debug-iphoneos/nanopb.build/Objects-normal/arm64/e6072d4f65d7061329687fe24e3d63a7-common-args.resp
-target arm64-apple-ios12.0 -fobjc-arc -fmodules -gmodules '-fmodules-cache-path=/Users/Veer/Library/Developer/Xcode/DerivedData/ModuleCache.noindex' '-fmodule-name=nanopb' -fpascal-strings -O0 -DSWIFT_PACKAGE '-DDEBUG=1' '-DPB_FIELD_32BIT=1' '-DPB_NO_PACKED_STRUCTS=1' '-DPB_ENABLE_MALLOC=1' '-DOBJC_OLD_DISPATCH_PROTOTYPES=1' -isysroot /Applications/Xcode.app/Contents/Developer/Platforms/iPhoneOS.platform/Developer/SDKs/iPhoneOS26.2.sdk -g -fprofile-instr-generate -fcoverage-mapping -I/Users/Veer/Library/Developer/Xcode/DerivedData/HearifyV1-ftljoypfezvlxcgouzbpmsmxzads/Build/Products/Debug-iphoneos/include -I/Users/Veer/Library/Developer/Xcode/DerivedData/HearifyV1-ftljoypfezvlxcgouzbpmsmxzads/SourcePackages/checkouts/nanopb/spm_headers -I/Users/Veer/Library/Developer/Xcode/DerivedData/HearifyV1-ftljoypfezvlxcgouzbpmsmxzads/Build/Intermediates.noindex/nanopb.build/Debug-iphoneos/nanopb.build/DerivedSources-normal/arm64 -I/Users/Veer/Library/Developer/Xcode/DerivedData/HearifyV1-ftljoypfezvlxcgouzbpmsmxzads/Build/Intermediates.noindex/nanopb.build/Debug-iphoneos/nanopb.build/DerivedSources/arm64 -I/Users/Veer/Library/Developer/Xcode/DerivedData/HearifyV1-ftljoypfezvlxcgouzbpmsmxzads/Build/Intermediates.noindex/nanopb.build/Debug-iphoneos/nanopb.build/DerivedSources -F/Users/Veer/Library/Developer/Xcode/DerivedData/HearifyV1-ftljoypfezvlxcgouzbpmsmxzads/Build/Products/Debug-iphoneos -iframework /Applications/Xcode.app/Contents/Developer/Platforms/iPhoneOS.platform/Developer/Library/Frameworks -iframework /Applications/Xcode.app/Contents/Developer/Platforms/iPhoneOS.platform/Developer/SDKs/iPhoneOS26.2.sdk/Developer/Library/Frameworks -DXcode

WriteAuxiliaryFile /Users/Veer/Library/Developer/Xcode/DerivedData/HearifyV1-ftljoypfezvlxcgouzbpmsmxzads/Build/Intermediates.noindex/nanopb.build/Debug-iphoneos/nanopb.build/Objects-normal/arm64/nanopb.LinkFileList (in target 'nanopb' from project 'nanopb')
    cd /Users/Veer/Library/Developer/Xcode/DerivedData/HearifyV1-ftljoypfezvlxcgouzbpmsmxzads/SourcePackages/checkouts/nanopb
    write-file /Users/Veer/Library/Developer/Xcode/DerivedData/HearifyV1-ftljoypfezvlxcgouzbpmsmxzads/Build/Intermediates.noindex/nanopb.build/Debug-iphoneos/nanopb.build/Objects-normal/arm64/nanopb.LinkFileList

WriteAuxiliaryFile /Users/Veer/Library/Developer/Xcode/DerivedData/HearifyV1-ftljoypfezvlxcgouzbpmsmxzads/Build/Intermediates.noindex/nanopb.build/Debug-iphoneos/nanopb.build/DerivedSources/resource_bundle_accessor.m (in target 'nanopb' from project 'nanopb')
    cd /Users/Veer/Library/Developer/Xcode/DerivedData/HearifyV1-ftljoypfezvlxcgouzbpmsmxzads/SourcePackages/checkouts/nanopb
    write-file /Users/Veer/Library/Developer/Xcode/DerivedData/HearifyV1-ftljoypfezvlxcgouzbpmsmxzads/Build/Intermediates.noindex/nanopb.build/Debug-iphoneos/nanopb.build/DerivedSources/resource_bundle_accessor.m

WriteAuxiliaryFile /Users/Veer/Library/Developer/Xcode/DerivedData/HearifyV1-ftljoypfezvlxcgouzbpmsmxzads/Build/Intermediates.noindex/nanopb.build/Debug-iphoneos/nanopb.build/DerivedSources/resource_bundle_accessor.h (in target 'nanopb' from project 'nanopb')
    cd /Users/Veer/Library/Developer/Xcode/DerivedData/HearifyV1-ftljoypfezvlxcgouzbpmsmxzads/SourcePackages/checkouts/nanopb
    write-file /Users/Veer/Library/Developer/Xcode/DerivedData/HearifyV1-ftljoypfezvlxcgouzbpmsmxzads/Build/Intermediates.noindex/nanopb.build/Debug-iphoneos/nanopb.build/DerivedSources/resource_bundle_accessor.h

WriteAuxiliaryFile /Users/Veer/Library/Developer/Xcode/DerivedData/HearifyV1-ftljoypfezvlxcgouzbpmsmxzads/Build/Intermediates.noindex/leveldb.build/Debug-iphoneos/leveldb_leveldb.build/leveldb_leveldb.DependencyStaticMetadataFileList (in target 'leveldb_leveldb' from project 'leveldb')
    cd /Users/Veer/Library/Developer/Xcode/DerivedData/HearifyV1-ftljoypfezvlxcgouzbpmsmxzads/SourcePackages/checkouts/leveldb
    write-file /Users/Veer/Library/Developer/Xcode/DerivedData/HearifyV1-ftljoypfezvlxcgouzbpmsmxzads/Build/Intermediates.noindex/leveldb.build/Debug-iphoneos/leveldb_leveldb.build/leveldb_leveldb.DependencyStaticMetadataFileList

WriteAuxiliaryFile /Users/Veer/Library/Developer/Xcode/DerivedData/HearifyV1-ftljoypfezvlxcgouzbpmsmxzads/Build/Intermediates.noindex/leveldb.build/Debug-iphoneos/leveldb_leveldb.build/leveldb_leveldb.DependencyMetadataFileList (in target 'leveldb_leveldb' from project 'leveldb')
    cd /Users/Veer/Library/Developer/Xcode/DerivedData/HearifyV1-ftljoypfezvlxcgouzbpmsmxzads/SourcePackages/checkouts/leveldb
    write-file /Users/Veer/Library/Developer/Xcode/DerivedData/HearifyV1-ftljoypfezvlxcgouzbpmsmxzads/Build/Intermediates.noindex/leveldb.build/Debug-iphoneos/leveldb_leveldb.build/leveldb_leveldb.DependencyMetadataFileList

WriteAuxiliaryFile /Users/Veer/Library/Developer/Xcode/DerivedData/HearifyV1-ftljoypfezvlxcgouzbpmsmxzads/Build/Intermediates.noindex/leveldb.build/Debug-iphoneos/leveldb_leveldb.build/empty-leveldb_leveldb.plist (in target 'leveldb_leveldb' from project 'leveldb')
    cd /Users/Veer/Library/Developer/Xcode/DerivedData/HearifyV1-ftljoypfezvlxcgouzbpmsmxzads/SourcePackages/checkouts/leveldb
    write-file /Users/Veer/Library/Developer/Xcode/DerivedData/HearifyV1-ftljoypfezvlxcgouzbpmsmxzads/Build/Intermediates.noindex/leveldb.build/Debug-iphoneos/leveldb_leveldb.build/empty-leveldb_leveldb.plist

WriteAuxiliaryFile /Users/Veer/Library/Developer/Xcode/DerivedData/HearifyV1-ftljoypfezvlxcgouzbpmsmxzads/Build/Intermediates.noindex/leveldb.build/Debug-iphoneos/leveldb.build/leveldb.DependencyStaticMetadataFileList (in target 'leveldb' from project 'leveldb')
    cd /Users/Veer/Library/Developer/Xcode/DerivedData/HearifyV1-ftljoypfezvlxcgouzbpmsmxzads/SourcePackages/checkouts/leveldb
    write-file /Users/Veer/Library/Developer/Xcode/DerivedData/HearifyV1-ftljoypfezvlxcgouzbpmsmxzads/Build/Intermediates.noindex/leveldb.build/Debug-iphoneos/leveldb.build/leveldb.DependencyStaticMetadataFileList

WriteAuxiliaryFile /Users/Veer/Library/Developer/Xcode/DerivedData/HearifyV1-ftljoypfezvlxcgouzbpmsmxzads/Build/Intermediates.noindex/leveldb.build/Debug-iphoneos/leveldb.build/leveldb.DependencyMetadataFileList (in target 'leveldb' from project 'leveldb')
    cd /Users/Veer/Library/Developer/Xcode/DerivedData/HearifyV1-ftljoypfezvlxcgouzbpmsmxzads/SourcePackages/checkouts/leveldb
    write-file /Users/Veer/Library/Developer/Xcode/DerivedData/HearifyV1-ftljoypfezvlxcgouzbpmsmxzads/Build/Intermediates.noindex/leveldb.build/Debug-iphoneos/leveldb.build/leveldb.DependencyMetadataFileList

WriteAuxiliaryFile /Users/Veer/Library/Developer/Xcode/DerivedData/HearifyV1-ftljoypfezvlxcgouzbpmsmxzads/Build/Intermediates.noindex/leveldb.build/Debug-iphoneos/leveldb.build/leveldb.modulemap (in target 'leveldb' from project 'leveldb')
    cd /Users/Veer/Library/Developer/Xcode/DerivedData/HearifyV1-ftljoypfezvlxcgouzbpmsmxzads/SourcePackages/checkouts/leveldb
    write-file /Users/Veer/Library/Developer/Xcode/DerivedData/HearifyV1-ftljoypfezvlxcgouzbpmsmxzads/Build/Intermediates.noindex/leveldb.build/Debug-iphoneos/leveldb.build/leveldb.modulemap

WriteAuxiliaryFile /Users/Veer/Library/Developer/Xcode/DerivedData/HearifyV1-ftljoypfezvlxcgouzbpmsmxzads/Build/Intermediates.noindex/leveldb.build/Debug-iphoneos/leveldb.build/Objects-normal/arm64/leveldb.LinkFileList (in target 'leveldb' from project 'leveldb')
    cd /Users/Veer/Library/Developer/Xcode/DerivedData/HearifyV1-ftljoypfezvlxcgouzbpmsmxzads/SourcePackages/checkouts/leveldb
    write-file /Users/Veer/Library/Developer/Xcode/DerivedData/HearifyV1-ftljoypfezvlxcgouzbpmsmxzads/Build/Intermediates.noindex/leveldb.build/Debug-iphoneos/leveldb.build/Objects-normal/arm64/leveldb.LinkFileList

WriteAuxiliaryFile /Users/Veer/Library/Developer/Xcode/DerivedData/HearifyV1-ftljoypfezvlxcgouzbpmsmxzads/Build/Intermediates.noindex/leveldb.build/Debug-iphoneos/leveldb.build/Objects-normal/arm64/e6072d4f65d7061329687fe24e3d63a7-common-args.resp (in target 'leveldb' from project 'leveldb')
    cd /Users/Veer/Library/Developer/Xcode/DerivedData/HearifyV1-ftljoypfezvlxcgouzbpmsmxzads/SourcePackages/checkouts/leveldb
    write-file /Users/Veer/Library/Developer/Xcode/DerivedData/HearifyV1-ftljoypfezvlxcgouzbpmsmxzads/Build/Intermediates.noindex/leveldb.build/Debug-iphoneos/leveldb.build/Objects-normal/arm64/e6072d4f65d7061329687fe24e3d63a7-common-args.resp
-target arm64-apple-ios12.0 -fobjc-arc -fmodules -gmodules '-fmodules-cache-path=/Users/Veer/Library/Developer/Xcode/DerivedData/ModuleCache.noindex' '-fmodule-name=leveldb' -fpascal-strings -O0 -DSWIFT_PACKAGE '-DDEBUG=1' '-DLEVELDB_IS_BIG_ENDIAN=0' '-DLEVELDB_PLATFORM_POSIX=1' '-DHAVE_FULLFSYNC=1' '-DOBJC_OLD_DISPATCH_PROTOTYPES=1' -isysroot /Applications/Xcode.app/Contents/Developer/Platforms/iPhoneOS.platform/Developer/SDKs/iPhoneOS26.2.sdk -g -fprofile-instr-generate -fcoverage-mapping -I/Users/Veer/Library/Developer/Xcode/DerivedData/HearifyV1-ftljoypfezvlxcgouzbpmsmxzads/Build/Products/Debug-iphoneos/include -I/Users/Veer/Library/Developer/Xcode/DerivedData/HearifyV1-ftljoypfezvlxcgouzbpmsmxzads/SourcePackages/checkouts/leveldb/include -I/Users/Veer/Library/Developer/Xcode/DerivedData/HearifyV1-ftljoypfezvlxcgouzbpmsmxzads/SourcePackages/checkouts/leveldb -I/Users/Veer/Library/Developer/Xcode/DerivedData/HearifyV1-ftljoypfezvlxcgouzbpmsmxzads/SourcePackages/checkouts/leveldb/include -I/Users/Veer/Library/Developer/Xcode/DerivedData/HearifyV1-ftljoypfezvlxcgouzbpmsmxzads/Build/Intermediates.noindex/leveldb.build/Debug-iphoneos/leveldb.build/DerivedSources-normal/arm64 -I/Users/Veer/Library/Developer/Xcode/DerivedData/HearifyV1-ftljoypfezvlxcgouzbpmsmxzads/Build/Intermediates.noindex/leveldb.build/Debug-iphoneos/leveldb.build/DerivedSources/arm64 -I/Users/Veer/Library/Developer/Xcode/DerivedData/HearifyV1-ftljoypfezvlxcgouzbpmsmxzads/Build/Intermediates.noindex/leveldb.build/Debug-iphoneos/leveldb.build/DerivedSources -F/Users/Veer/Library/Developer/Xcode/DerivedData/HearifyV1-ftljoypfezvlxcgouzbpmsmxzads/Build/Products/Debug-iphoneos -iframework /Applications/Xcode.app/Contents/Developer/Platforms/iPhoneOS.platform/Developer/Library/Frameworks -iframework /Applications/Xcode.app/Contents/Developer/Platforms/iPhoneOS.platform/Developer/SDKs/iPhoneOS26.2.sdk/Developer/Library/Frameworks -DXcode

WriteAuxiliaryFile /Users/Veer/Library/Developer/Xcode/DerivedData/HearifyV1-ftljoypfezvlxcgouzbpmsmxzads/Build/Intermediates.noindex/leveldb.build/Debug-iphoneos/leveldb.build/Objects-normal/arm64/82b82416624d2658e5098eb0a28c15c5-common-args.resp (in target 'leveldb' from project 'leveldb')
    cd /Users/Veer/Library/Developer/Xcode/DerivedData/HearifyV1-ftljoypfezvlxcgouzbpmsmxzads/SourcePackages/checkouts/leveldb
    write-file /Users/Veer/Library/Developer/Xcode/DerivedData/HearifyV1-ftljoypfezvlxcgouzbpmsmxzads/Build/Intermediates.noindex/leveldb.build/Debug-iphoneos/leveldb.build/Objects-normal/arm64/82b82416624d2658e5098eb0a28c15c5-common-args.resp
-target arm64-apple-ios12.0 '-std=gnu++14' -fmodules -fno-cxx-modules -gmodules '-fmodules-cache-path=/Users/Veer/Library/Developer/Xcode/DerivedData/ModuleCache.noindex' '-fmodule-name=leveldb' '-D_LIBCPP_HARDENING_MODE=_LIBCPP_HARDENING_MODE_DEBUG' -fpascal-strings -O0 -DSWIFT_PACKAGE '-DDEBUG=1' '-DLEVELDB_IS_BIG_ENDIAN=0' '-DLEVELDB_PLATFORM_POSIX=1' '-DHAVE_FULLFSYNC=1' -isysroot /Applications/Xcode.app/Contents/Developer/Platforms/iPhoneOS.platform/Developer/SDKs/iPhoneOS26.2.sdk -g -fvisibility-inlines-hidden -fprofile-instr-generate -fcoverage-mapping -I/Users/Veer/Library/Developer/Xcode/DerivedData/HearifyV1-ftljoypfezvlxcgouzbpmsmxzads/Build/Products/Debug-iphoneos/include -I/Users/Veer/Library/Developer/Xcode/DerivedData/HearifyV1-ftljoypfezvlxcgouzbpmsmxzads/SourcePackages/checkouts/leveldb/include -I/Users/Veer/Library/Developer/Xcode/DerivedData/HearifyV1-ftljoypfezvlxcgouzbpmsmxzads/SourcePackages/checkouts/leveldb -I/Users/Veer/Library/Developer/Xcode/DerivedData/HearifyV1-ftljoypfezvlxcgouzbpmsmxzads/SourcePackages/checkouts/leveldb/include -I/Users/Veer/Library/Developer/Xcode/DerivedData/HearifyV1-ftljoypfezvlxcgouzbpmsmxzads/Build/Intermediates.noindex/leveldb.build/Debug-iphoneos/leveldb.build/DerivedSources-normal/arm64 -I/Users/Veer/Library/Developer/Xcode/DerivedData/HearifyV1-ftljoypfezvlxcgouzbpmsmxzads/Build/Intermediates.noindex/leveldb.build/Debug-iphoneos/leveldb.build/DerivedSources/arm64 -I/Users/Veer/Library/Developer/Xcode/DerivedData/HearifyV1-ftljoypfezvlxcgouzbpmsmxzads/Build/Intermediates.noindex/leveldb.build/Debug-iphoneos/leveldb.build/DerivedSources -F/Users/Veer/Library/Developer/Xcode/DerivedData/HearifyV1-ftljoypfezvlxcgouzbpmsmxzads/Build/Products/Debug-iphoneos -iframework /Applications/Xcode.app/Contents/Developer/Platforms/iPhoneOS.platform/Developer/Library/Frameworks -iframework /Applications/Xcode.app/Contents/Developer/Platforms/iPhoneOS.platform/Developer/SDKs/iPhoneOS26.2.sdk/Developer/Library/Frameworks -DXcode

WriteAuxiliaryFile /Users/Veer/Library/Developer/Xcode/DerivedData/HearifyV1-ftljoypfezvlxcgouzbpmsmxzads/Build/Intermediates.noindex/leveldb.build/Debug-iphoneos/leveldb.build/DerivedSources/resource_bundle_accessor.m (in target 'leveldb' from project 'leveldb')
    cd /Users/Veer/Library/Developer/Xcode/DerivedData/HearifyV1-ftljoypfezvlxcgouzbpmsmxzads/SourcePackages/checkouts/leveldb
    write-file /Users/Veer/Library/Developer/Xcode/DerivedData/HearifyV1-ftljoypfezvlxcgouzbpmsmxzads/Build/Intermediates.noindex/leveldb.build/Debug-iphoneos/leveldb.build/DerivedSources/resource_bundle_accessor.m

WriteAuxiliaryFile /Users/Veer/Library/Developer/Xcode/DerivedData/HearifyV1-ftljoypfezvlxcgouzbpmsmxzads/Build/Intermediates.noindex/leveldb.build/Debug-iphoneos/leveldb.build/DerivedSources/resource_bundle_accessor.h (in target 'leveldb' from project 'leveldb')
    cd /Users/Veer/Library/Developer/Xcode/DerivedData/HearifyV1-ftljoypfezvlxcgouzbpmsmxzads/SourcePackages/checkouts/leveldb
    write-file /Users/Veer/Library/Developer/Xcode/DerivedData/HearifyV1-ftljoypfezvlxcgouzbpmsmxzads/Build/Intermediates.noindex/leveldb.build/Debug-iphoneos/leveldb.build/DerivedSources/resource_bundle_accessor.h

WriteAuxiliaryFile /Users/Veer/Library/Developer/Xcode/DerivedData/HearifyV1-ftljoypfezvlxcgouzbpmsmxzads/Build/Intermediates.noindex/gRPC.build/Debug-iphoneos/gRPC_opensslWrapper.build/gRPC_opensslWrapper.DependencyStaticMetadataFileList (in target 'gRPC_opensslWrapper' from project 'gRPC')
    cd /Users/Veer/Library/Developer/Xcode/DerivedData/HearifyV1-ftljoypfezvlxcgouzbpmsmxzads/SourcePackages/checkouts/grpc-binary
    write-file /Users/Veer/Library/Developer/Xcode/DerivedData/HearifyV1-ftljoypfezvlxcgouzbpmsmxzads/Build/Intermediates.noindex/gRPC.build/Debug-iphoneos/gRPC_opensslWrapper.build/gRPC_opensslWrapper.DependencyStaticMetadataFileList

WriteAuxiliaryFile /Users/Veer/Library/Developer/Xcode/DerivedData/HearifyV1-ftljoypfezvlxcgouzbpmsmxzads/Build/Intermediates.noindex/gRPC.build/Debug-iphoneos/gRPC_opensslWrapper.build/gRPC_opensslWrapper.DependencyMetadataFileList (in target 'gRPC_opensslWrapper' from project 'gRPC')
    cd /Users/Veer/Library/Developer/Xcode/DerivedData/HearifyV1-ftljoypfezvlxcgouzbpmsmxzads/SourcePackages/checkouts/grpc-binary
    write-file /Users/Veer/Library/Developer/Xcode/DerivedData/HearifyV1-ftljoypfezvlxcgouzbpmsmxzads/Build/Intermediates.noindex/gRPC.build/Debug-iphoneos/gRPC_opensslWrapper.build/gRPC_opensslWrapper.DependencyMetadataFileList

WriteAuxiliaryFile /Users/Veer/Library/Developer/Xcode/DerivedData/HearifyV1-ftljoypfezvlxcgouzbpmsmxzads/Build/Intermediates.noindex/gRPC.build/Debug-iphoneos/gRPC_opensslWrapper.build/empty-gRPC_opensslWrapper.plist (in target 'gRPC_opensslWrapper' from project 'gRPC')
    cd /Users/Veer/Library/Developer/Xcode/DerivedData/HearifyV1-ftljoypfezvlxcgouzbpmsmxzads/SourcePackages/checkouts/grpc-binary
    write-file /Users/Veer/Library/Developer/Xcode/DerivedData/HearifyV1-ftljoypfezvlxcgouzbpmsmxzads/Build/Intermediates.noindex/gRPC.build/Debug-iphoneos/gRPC_opensslWrapper.build/empty-gRPC_opensslWrapper.plist

WriteAuxiliaryFile /Users/Veer/Library/Developer/Xcode/DerivedData/HearifyV1-ftljoypfezvlxcgouzbpmsmxzads/Build/Intermediates.noindex/gRPC.build/Debug-iphoneos/gRPC_grpcppWrapper.build/gRPC_grpcppWrapper.DependencyMetadataFileList (in target 'gRPC_grpcppWrapper' from project 'gRPC')
    cd /Users/Veer/Library/Developer/Xcode/DerivedData/HearifyV1-ftljoypfezvlxcgouzbpmsmxzads/SourcePackages/checkouts/grpc-binary
    write-file /Users/Veer/Library/Developer/Xcode/DerivedData/HearifyV1-ftljoypfezvlxcgouzbpmsmxzads/Build/Intermediates.noindex/gRPC.build/Debug-iphoneos/gRPC_grpcppWrapper.build/gRPC_grpcppWrapper.DependencyMetadataFileList

WriteAuxiliaryFile /Users/Veer/Library/Developer/Xcode/DerivedData/HearifyV1-ftljoypfezvlxcgouzbpmsmxzads/Build/Intermediates.noindex/gRPC.build/Debug-iphoneos/gRPC_grpcppWrapper.build/gRPC_grpcppWrapper.DependencyStaticMetadataFileList (in target 'gRPC_grpcppWrapper' from project 'gRPC')
    cd /Users/Veer/Library/Developer/Xcode/DerivedData/HearifyV1-ftljoypfezvlxcgouzbpmsmxzads/SourcePackages/checkouts/grpc-binary
    write-file /Users/Veer/Library/Developer/Xcode/DerivedData/HearifyV1-ftljoypfezvlxcgouzbpmsmxzads/Build/Intermediates.noindex/gRPC.build/Debug-iphoneos/gRPC_grpcppWrapper.build/gRPC_grpcppWrapper.DependencyStaticMetadataFileList

WriteAuxiliaryFile /Users/Veer/Library/Developer/Xcode/DerivedData/HearifyV1-ftljoypfezvlxcgouzbpmsmxzads/Build/Intermediates.noindex/gRPC.build/Debug-iphoneos/gRPC_grpcppWrapper.build/empty-gRPC_grpcppWrapper.plist (in target 'gRPC_grpcppWrapper' from project 'gRPC')
    cd /Users/Veer/Library/Developer/Xcode/DerivedData/HearifyV1-ftljoypfezvlxcgouzbpmsmxzads/SourcePackages/checkouts/grpc-binary
    write-file /Users/Veer/Library/Developer/Xcode/DerivedData/HearifyV1-ftljoypfezvlxcgouzbpmsmxzads/Build/Intermediates.noindex/gRPC.build/Debug-iphoneos/gRPC_grpcppWrapper.build/empty-gRPC_grpcppWrapper.plist

WriteAuxiliaryFile /Users/Veer/Library/Developer/Xcode/DerivedData/HearifyV1-ftljoypfezvlxcgouzbpmsmxzads/Build/Intermediates.noindex/gRPC.build/Debug-iphoneos/gRPC_grpcWrapper.build/gRPC_grpcWrapper.DependencyStaticMetadataFileList (in target 'gRPC_grpcWrapper' from project 'gRPC')
    cd /Users/Veer/Library/Developer/Xcode/DerivedData/HearifyV1-ftljoypfezvlxcgouzbpmsmxzads/SourcePackages/checkouts/grpc-binary
    write-file /Users/Veer/Library/Developer/Xcode/DerivedData/HearifyV1-ftljoypfezvlxcgouzbpmsmxzads/Build/Intermediates.noindex/gRPC.build/Debug-iphoneos/gRPC_grpcWrapper.build/gRPC_grpcWrapper.DependencyStaticMetadataFileList

WriteAuxiliaryFile /Users/Veer/Library/Developer/Xcode/DerivedData/HearifyV1-ftljoypfezvlxcgouzbpmsmxzads/Build/Intermediates.noindex/gRPC.build/Debug-iphoneos/gRPC_grpcWrapper.build/gRPC_grpcWrapper.DependencyMetadataFileList (in target 'gRPC_grpcWrapper' from project 'gRPC')
    cd /Users/Veer/Library/Developer/Xcode/DerivedData/HearifyV1-ftljoypfezvlxcgouzbpmsmxzads/SourcePackages/checkouts/grpc-binary
    write-file /Users/Veer/Library/Developer/Xcode/DerivedData/HearifyV1-ftljoypfezvlxcgouzbpmsmxzads/Build/Intermediates.noindex/gRPC.build/Debug-iphoneos/gRPC_grpcWrapper.build/gRPC_grpcWrapper.DependencyMetadataFileList

WriteAuxiliaryFile /Users/Veer/Library/Developer/Xcode/DerivedData/HearifyV1-ftljoypfezvlxcgouzbpmsmxzads/Build/Intermediates.noindex/gRPC.build/Debug-iphoneos/gRPC_grpcWrapper.build/empty-gRPC_grpcWrapper.plist (in target 'gRPC_grpcWrapper' from project 'gRPC')
    cd /Users/Veer/Library/Developer/Xcode/DerivedData/HearifyV1-ftljoypfezvlxcgouzbpmsmxzads/SourcePackages/checkouts/grpc-binary
    write-file /Users/Veer/Library/Developer/Xcode/DerivedData/HearifyV1-ftljoypfezvlxcgouzbpmsmxzads/Build/Intermediates.noindex/gRPC.build/Debug-iphoneos/gRPC_grpcWrapper.build/empty-gRPC_grpcWrapper.plist

WriteAuxiliaryFile /Users/Veer/Library/Developer/Xcode/DerivedData/HearifyV1-ftljoypfezvlxcgouzbpmsmxzads/Build/Intermediates.noindex/abseil.build/Debug-iphoneos/abseil_abslWrapper.build/empty-abseil_abslWrapper.plist (in target 'abseil_abslWrapper' from project 'abseil')
    cd /Users/Veer/Library/Developer/Xcode/DerivedData/HearifyV1-ftljoypfezvlxcgouzbpmsmxzads/SourcePackages/checkouts/abseil-cpp-binary
    write-file /Users/Veer/Library/Developer/Xcode/DerivedData/HearifyV1-ftljoypfezvlxcgouzbpmsmxzads/Build/Intermediates.noindex/abseil.build/Debug-iphoneos/abseil_abslWrapper.build/empty-abseil_abslWrapper.plist

WriteAuxiliaryFile /Users/Veer/Library/Developer/Xcode/DerivedData/HearifyV1-ftljoypfezvlxcgouzbpmsmxzads/Build/Intermediates.noindex/abseil.build/Debug-iphoneos/abseil_abslWrapper.build/abseil_abslWrapper.DependencyStaticMetadataFileList (in target 'abseil_abslWrapper' from project 'abseil')
    cd /Users/Veer/Library/Developer/Xcode/DerivedData/HearifyV1-ftljoypfezvlxcgouzbpmsmxzads/SourcePackages/checkouts/abseil-cpp-binary
    write-file /Users/Veer/Library/Developer/Xcode/DerivedData/HearifyV1-ftljoypfezvlxcgouzbpmsmxzads/Build/Intermediates.noindex/abseil.build/Debug-iphoneos/abseil_abslWrapper.build/abseil_abslWrapper.DependencyStaticMetadataFileList

WriteAuxiliaryFile /Users/Veer/Library/Developer/Xcode/DerivedData/HearifyV1-ftljoypfezvlxcgouzbpmsmxzads/Build/Intermediates.noindex/abseil.build/Debug-iphoneos/abseil_abslWrapper.build/abseil_abslWrapper.DependencyMetadataFileList (in target 'abseil_abslWrapper' from project 'abseil')
    cd /Users/Veer/Library/Developer/Xcode/DerivedData/HearifyV1-ftljoypfezvlxcgouzbpmsmxzads/SourcePackages/checkouts/abseil-cpp-binary
    write-file /Users/Veer/Library/Developer/Xcode/DerivedData/HearifyV1-ftljoypfezvlxcgouzbpmsmxzads/Build/Intermediates.noindex/abseil.build/Debug-iphoneos/abseil_abslWrapper.build/abseil_abslWrapper.DependencyMetadataFileList

WriteAuxiliaryFile /Users/Veer/Library/Developer/Xcode/DerivedData/HearifyV1-ftljoypfezvlxcgouzbpmsmxzads/Build/Intermediates.noindex/InteropForGoogle.build/Debug-iphoneos/RecaptchaInterop.build/RecaptchaInterop.modulemap (in target 'RecaptchaInterop' from project 'InteropForGoogle')
    cd /Users/Veer/Library/Developer/Xcode/DerivedData/HearifyV1-ftljoypfezvlxcgouzbpmsmxzads/SourcePackages/checkouts/interop-ios-for-google-sdks
    write-file /Users/Veer/Library/Developer/Xcode/DerivedData/HearifyV1-ftljoypfezvlxcgouzbpmsmxzads/Build/Intermediates.noindex/InteropForGoogle.build/Debug-iphoneos/RecaptchaInterop.build/RecaptchaInterop.modulemap

WriteAuxiliaryFile /Users/Veer/Library/Developer/Xcode/DerivedData/HearifyV1-ftljoypfezvlxcgouzbpmsmxzads/Build/Intermediates.noindex/InteropForGoogle.build/Debug-iphoneos/RecaptchaInterop.build/RecaptchaInterop.DependencyStaticMetadataFileList (in target 'RecaptchaInterop' from project 'InteropForGoogle')
    cd /Users/Veer/Library/Developer/Xcode/DerivedData/HearifyV1-ftljoypfezvlxcgouzbpmsmxzads/SourcePackages/checkouts/interop-ios-for-google-sdks
    write-file /Users/Veer/Library/Developer/Xcode/DerivedData/HearifyV1-ftljoypfezvlxcgouzbpmsmxzads/Build/Intermediates.noindex/InteropForGoogle.build/Debug-iphoneos/RecaptchaInterop.build/RecaptchaInterop.DependencyStaticMetadataFileList

WriteAuxiliaryFile /Users/Veer/Library/Developer/Xcode/DerivedData/HearifyV1-ftljoypfezvlxcgouzbpmsmxzads/Build/Intermediates.noindex/InteropForGoogle.build/Debug-iphoneos/RecaptchaInterop.build/RecaptchaInterop.DependencyMetadataFileList (in target 'RecaptchaInterop' from project 'InteropForGoogle')
    cd /Users/Veer/Library/Developer/Xcode/DerivedData/HearifyV1-ftljoypfezvlxcgouzbpmsmxzads/SourcePackages/checkouts/interop-ios-for-google-sdks
    write-file /Users/Veer/Library/Developer/Xcode/DerivedData/HearifyV1-ftljoypfezvlxcgouzbpmsmxzads/Build/Intermediates.noindex/InteropForGoogle.build/Debug-iphoneos/RecaptchaInterop.build/RecaptchaInterop.DependencyMetadataFileList

WriteAuxiliaryFile /Users/Veer/Library/Developer/Xcode/DerivedData/HearifyV1-ftljoypfezvlxcgouzbpmsmxzads/Build/Intermediates.noindex/InteropForGoogle.build/Debug-iphoneos/RecaptchaInterop.build/Objects-normal/arm64/e6072d4f65d7061329687fe24e3d63a7-common-args.resp (in target 'RecaptchaInterop' from project 'InteropForGoogle')
    cd /Users/Veer/Library/Developer/Xcode/DerivedData/HearifyV1-ftljoypfezvlxcgouzbpmsmxzads/SourcePackages/checkouts/interop-ios-for-google-sdks
    write-file /Users/Veer/Library/Developer/Xcode/DerivedData/HearifyV1-ftljoypfezvlxcgouzbpmsmxzads/Build/Intermediates.noindex/InteropForGoogle.build/Debug-iphoneos/RecaptchaInterop.build/Objects-normal/arm64/e6072d4f65d7061329687fe24e3d63a7-common-args.resp
-target arm64-apple-ios12.0 -fobjc-arc -fmodules -gmodules '-fmodules-cache-path=/Users/Veer/Library/Developer/Xcode/DerivedData/ModuleCache.noindex' '-fmodule-name=RecaptchaInterop' -fpascal-strings -O0 -DSWIFT_PACKAGE '-DDEBUG=1' '-DOBJC_OLD_DISPATCH_PROTOTYPES=1' -isysroot /Applications/Xcode.app/Contents/Developer/Platforms/iPhoneOS.platform/Developer/SDKs/iPhoneOS26.2.sdk -g -fprofile-instr-generate -fcoverage-mapping -I/Users/Veer/Library/Developer/Xcode/DerivedData/HearifyV1-ftljoypfezvlxcgouzbpmsmxzads/Build/Products/Debug-iphoneos/include -I/Users/Veer/Library/Developer/Xcode/DerivedData/HearifyV1-ftljoypfezvlxcgouzbpmsmxzads/SourcePackages/checkouts/interop-ios-for-google-sdks/RecaptchaEnterprise/RecaptchaInterop/Public -I/Users/Veer/Library/Developer/Xcode/DerivedData/HearifyV1-ftljoypfezvlxcgouzbpmsmxzads/Build/Intermediates.noindex/InteropForGoogle.build/Debug-iphoneos/RecaptchaInterop.build/DerivedSources-normal/arm64 -I/Users/Veer/Library/Developer/Xcode/DerivedData/HearifyV1-ftljoypfezvlxcgouzbpmsmxzads/Build/Intermediates.noindex/InteropForGoogle.build/Debug-iphoneos/RecaptchaInterop.build/DerivedSources/arm64 -I/Users/Veer/Library/Developer/Xcode/DerivedData/HearifyV1-ftljoypfezvlxcgouzbpmsmxzads/Build/Intermediates.noindex/InteropForGoogle.build/Debug-iphoneos/RecaptchaInterop.build/DerivedSources -F/Users/Veer/Library/Developer/Xcode/DerivedData/HearifyV1-ftljoypfezvlxcgouzbpmsmxzads/Build/Products/Debug-iphoneos -iframework /Applications/Xcode.app/Contents/Developer/Platforms/iPhoneOS.platform/Developer/Library/Frameworks -iframework /Applications/Xcode.app/Contents/Developer/Platforms/iPhoneOS.platform/Developer/SDKs/iPhoneOS26.2.sdk/Developer/Library/Frameworks -DXcode

WriteAuxiliaryFile /Users/Veer/Library/Developer/Xcode/DerivedData/HearifyV1-ftljoypfezvlxcgouzbpmsmxzads/Build/Intermediates.noindex/InteropForGoogle.build/Debug-iphoneos/RecaptchaInterop.build/Objects-normal/arm64/RecaptchaInterop.LinkFileList (in target 'RecaptchaInterop' from project 'InteropForGoogle')
    cd /Users/Veer/Library/Developer/Xcode/DerivedData/HearifyV1-ftljoypfezvlxcgouzbpmsmxzads/SourcePackages/checkouts/interop-ios-for-google-sdks
    write-file /Users/Veer/Library/Developer/Xcode/DerivedData/HearifyV1-ftljoypfezvlxcgouzbpmsmxzads/Build/Intermediates.noindex/InteropForGoogle.build/Debug-iphoneos/RecaptchaInterop.build/Objects-normal/arm64/RecaptchaInterop.LinkFileList

WriteAuxiliaryFile /Users/Veer/Library/Developer/Xcode/DerivedData/HearifyV1-ftljoypfezvlxcgouzbpmsmxzads/Build/Intermediates.noindex/GoogleUtilities.build/Debug-iphoneos/GoogleUtilities_GoogleUtilities-Reachability.build/empty-GoogleUtilities_GoogleUtilities-Reachability.plist (in target 'GoogleUtilities_GoogleUtilities-Reachability' from project 'GoogleUtilities')
    cd /Users/Veer/Library/Developer/Xcode/DerivedData/HearifyV1-ftljoypfezvlxcgouzbpmsmxzads/SourcePackages/checkouts/GoogleUtilities
    write-file /Users/Veer/Library/Developer/Xcode/DerivedData/HearifyV1-ftljoypfezvlxcgouzbpmsmxzads/Build/Intermediates.noindex/GoogleUtilities.build/Debug-iphoneos/GoogleUtilities_GoogleUtilities-Reachability.build/empty-GoogleUtilities_GoogleUtilities-Reachability.plist

WriteAuxiliaryFile /Users/Veer/Library/Developer/Xcode/DerivedData/HearifyV1-ftljoypfezvlxcgouzbpmsmxzads/Build/Intermediates.noindex/GoogleUtilities.build/Debug-iphoneos/GoogleUtilities_GoogleUtilities-Reachability.build/GoogleUtilities_GoogleUtilities-Reachability.DependencyStaticMetadataFileList (in target 'GoogleUtilities_GoogleUtilities-Reachability' from project 'GoogleUtilities')
    cd /Users/Veer/Library/Developer/Xcode/DerivedData/HearifyV1-ftljoypfezvlxcgouzbpmsmxzads/SourcePackages/checkouts/GoogleUtilities
    write-file /Users/Veer/Library/Developer/Xcode/DerivedData/HearifyV1-ftljoypfezvlxcgouzbpmsmxzads/Build/Intermediates.noindex/GoogleUtilities.build/Debug-iphoneos/GoogleUtilities_GoogleUtilities-Reachability.build/GoogleUtilities_GoogleUtilities-Reachability.DependencyStaticMetadataFileList

WriteAuxiliaryFile /Users/Veer/Library/Developer/Xcode/DerivedData/HearifyV1-ftljoypfezvlxcgouzbpmsmxzads/Build/Intermediates.noindex/GoogleUtilities.build/Debug-iphoneos/GoogleUtilities_GoogleUtilities-Reachability.build/GoogleUtilities_GoogleUtilities-Reachability.DependencyMetadataFileList (in target 'GoogleUtilities_GoogleUtilities-Reachability' from project 'GoogleUtilities')
    cd /Users/Veer/Library/Developer/Xcode/DerivedData/HearifyV1-ftljoypfezvlxcgouzbpmsmxzads/SourcePackages/checkouts/GoogleUtilities
    write-file /Users/Veer/Library/Developer/Xcode/DerivedData/HearifyV1-ftljoypfezvlxcgouzbpmsmxzads/Build/Intermediates.noindex/GoogleUtilities.build/Debug-iphoneos/GoogleUtilities_GoogleUtilities-Reachability.build/GoogleUtilities_GoogleUtilities-Reachability.DependencyMetadataFileList

WriteAuxiliaryFile /Users/Veer/Library/Developer/Xcode/DerivedData/HearifyV1-ftljoypfezvlxcgouzbpmsmxzads/Build/Intermediates.noindex/GoogleUtilities.build/Debug-iphoneos/GoogleUtilities_GoogleUtilities-Network.build/empty-GoogleUtilities_GoogleUtilities-Network.plist (in target 'GoogleUtilities_GoogleUtilities-Network' from project 'GoogleUtilities')
    cd /Users/Veer/Library/Developer/Xcode/DerivedData/HearifyV1-ftljoypfezvlxcgouzbpmsmxzads/SourcePackages/checkouts/GoogleUtilities
    write-file /Users/Veer/Library/Developer/Xcode/DerivedData/HearifyV1-ftljoypfezvlxcgouzbpmsmxzads/Build/Intermediates.noindex/GoogleUtilities.build/Debug-iphoneos/GoogleUtilities_GoogleUtilities-Network.build/empty-GoogleUtilities_GoogleUtilities-Network.plist

WriteAuxiliaryFile /Users/Veer/Library/Developer/Xcode/DerivedData/HearifyV1-ftljoypfezvlxcgouzbpmsmxzads/Build/Intermediates.noindex/GoogleUtilities.build/Debug-iphoneos/GoogleUtilities_GoogleUtilities-Network.build/GoogleUtilities_GoogleUtilities-Network.DependencyStaticMetadataFileList (in target 'GoogleUtilities_GoogleUtilities-Network' from project 'GoogleUtilities')
    cd /Users/Veer/Library/Developer/Xcode/DerivedData/HearifyV1-ftljoypfezvlxcgouzbpmsmxzads/SourcePackages/checkouts/GoogleUtilities
    write-file /Users/Veer/Library/Developer/Xcode/DerivedData/HearifyV1-ftljoypfezvlxcgouzbpmsmxzads/Build/Intermediates.noindex/GoogleUtilities.build/Debug-iphoneos/GoogleUtilities_GoogleUtilities-Network.build/GoogleUtilities_GoogleUtilities-Network.DependencyStaticMetadataFileList

WriteAuxiliaryFile /Users/Veer/Library/Developer/Xcode/DerivedData/HearifyV1-ftljoypfezvlxcgouzbpmsmxzads/Build/Intermediates.noindex/GoogleUtilities.build/Debug-iphoneos/GoogleUtilities_GoogleUtilities-Network.build/GoogleUtilities_GoogleUtilities-Network.DependencyMetadataFileList (in target 'GoogleUtilities_GoogleUtilities-Network' from project 'GoogleUtilities')
    cd /Users/Veer/Library/Developer/Xcode/DerivedData/HearifyV1-ftljoypfezvlxcgouzbpmsmxzads/SourcePackages/checkouts/GoogleUtilities
    write-file /Users/Veer/Library/Developer/Xcode/DerivedData/HearifyV1-ftljoypfezvlxcgouzbpmsmxzads/Build/Intermediates.noindex/GoogleUtilities.build/Debug-iphoneos/GoogleUtilities_GoogleUtilities-Network.build/GoogleUtilities_GoogleUtilities-Network.DependencyMetadataFileList

WriteAuxiliaryFile /Users/Veer/Library/Developer/Xcode/DerivedData/HearifyV1-ftljoypfezvlxcgouzbpmsmxzads/Build/Intermediates.noindex/GoogleUtilities.build/Debug-iphoneos/GoogleUtilities_GoogleUtilities-NSData.build/empty-GoogleUtilities_GoogleUtilities-NSData.plist (in target 'GoogleUtilities_GoogleUtilities-NSData' from project 'GoogleUtilities')
    cd /Users/Veer/Library/Developer/Xcode/DerivedData/HearifyV1-ftljoypfezvlxcgouzbpmsmxzads/SourcePackages/checkouts/GoogleUtilities
    write-file /Users/Veer/Library/Developer/Xcode/DerivedData/HearifyV1-ftljoypfezvlxcgouzbpmsmxzads/Build/Intermediates.noindex/GoogleUtilities.build/Debug-iphoneos/GoogleUtilities_GoogleUtilities-NSData.build/empty-GoogleUtilities_GoogleUtilities-NSData.plist

WriteAuxiliaryFile /Users/Veer/Library/Developer/Xcode/DerivedData/HearifyV1-ftljoypfezvlxcgouzbpmsmxzads/Build/Intermediates.noindex/GoogleUtilities.build/Debug-iphoneos/GoogleUtilities_GoogleUtilities-NSData.build/GoogleUtilities_GoogleUtilities-NSData.DependencyStaticMetadataFileList (in target 'GoogleUtilities_GoogleUtilities-NSData' from project 'GoogleUtilities')
    cd /Users/Veer/Library/Developer/Xcode/DerivedData/HearifyV1-ftljoypfezvlxcgouzbpmsmxzads/SourcePackages/checkouts/GoogleUtilities
    write-file /Users/Veer/Library/Developer/Xcode/DerivedData/HearifyV1-ftljoypfezvlxcgouzbpmsmxzads/Build/Intermediates.noindex/GoogleUtilities.build/Debug-iphoneos/GoogleUtilities_GoogleUtilities-NSData.build/GoogleUtilities_GoogleUtilities-NSData.DependencyStaticMetadataFileList

WriteAuxiliaryFile /Users/Veer/Library/Developer/Xcode/DerivedData/HearifyV1-ftljoypfezvlxcgouzbpmsmxzads/Build/Intermediates.noindex/GoogleUtilities.build/Debug-iphoneos/GoogleUtilities_GoogleUtilities-NSData.build/GoogleUtilities_GoogleUtilities-NSData.DependencyMetadataFileList (in target 'GoogleUtilities_GoogleUtilities-NSData' from project 'GoogleUtilities')
    cd /Users/Veer/Library/Developer/Xcode/DerivedData/HearifyV1-ftljoypfezvlxcgouzbpmsmxzads/SourcePackages/checkouts/GoogleUtilities
    write-file /Users/Veer/Library/Developer/Xcode/DerivedData/HearifyV1-ftljoypfezvlxcgouzbpmsmxzads/Build/Intermediates.noindex/GoogleUtilities.build/Debug-iphoneos/GoogleUtilities_GoogleUtilities-NSData.build/GoogleUtilities_GoogleUtilities-NSData.DependencyMetadataFileList

WriteAuxiliaryFile /Users/Veer/Library/Developer/Xcode/DerivedData/HearifyV1-ftljoypfezvlxcgouzbpmsmxzads/Build/Intermediates.noindex/GoogleUtilities.build/Debug-iphoneos/GoogleUtilities_GoogleUtilities-Logger.build/empty-GoogleUtilities_GoogleUtilities-Logger.plist (in target 'GoogleUtilities_GoogleUtilities-Logger' from project 'GoogleUtilities')
    cd /Users/Veer/Library/Developer/Xcode/DerivedData/HearifyV1-ftljoypfezvlxcgouzbpmsmxzads/SourcePackages/checkouts/GoogleUtilities
    write-file /Users/Veer/Library/Developer/Xcode/DerivedData/HearifyV1-ftljoypfezvlxcgouzbpmsmxzads/Build/Intermediates.noindex/GoogleUtilities.build/Debug-iphoneos/GoogleUtilities_GoogleUtilities-Logger.build/empty-GoogleUtilities_GoogleUtilities-Logger.plist

WriteAuxiliaryFile /Users/Veer/Library/Developer/Xcode/DerivedData/HearifyV1-ftljoypfezvlxcgouzbpmsmxzads/Build/Intermediates.noindex/GoogleUtilities.build/Debug-iphoneos/GoogleUtilities_GoogleUtilities-Logger.build/GoogleUtilities_GoogleUtilities-Logger.DependencyStaticMetadataFileList (in target 'GoogleUtilities_GoogleUtilities-Logger' from project 'GoogleUtilities')
    cd /Users/Veer/Library/Developer/Xcode/DerivedData/HearifyV1-ftljoypfezvlxcgouzbpmsmxzads/SourcePackages/checkouts/GoogleUtilities
    write-file /Users/Veer/Library/Developer/Xcode/DerivedData/HearifyV1-ftljoypfezvlxcgouzbpmsmxzads/Build/Intermediates.noindex/GoogleUtilities.build/Debug-iphoneos/GoogleUtilities_GoogleUtilities-Logger.build/GoogleUtilities_GoogleUtilities-Logger.DependencyStaticMetadataFileList

WriteAuxiliaryFile /Users/Veer/Library/Developer/Xcode/DerivedData/HearifyV1-ftljoypfezvlxcgouzbpmsmxzads/Build/Intermediates.noindex/GoogleUtilities.build/Debug-iphoneos/GoogleUtilities_GoogleUtilities-Logger.build/GoogleUtilities_GoogleUtilities-Logger.DependencyMetadataFileList (in target 'GoogleUtilities_GoogleUtilities-Logger' from project 'GoogleUtilities')
    cd /Users/Veer/Library/Developer/Xcode/DerivedData/HearifyV1-ftljoypfezvlxcgouzbpmsmxzads/SourcePackages/checkouts/GoogleUtilities
    write-file /Users/Veer/Library/Developer/Xcode/DerivedData/HearifyV1-ftljoypfezvlxcgouzbpmsmxzads/Build/Intermediates.noindex/GoogleUtilities.build/Debug-iphoneos/GoogleUtilities_GoogleUtilities-Logger.build/GoogleUtilities_GoogleUtilities-Logger.DependencyMetadataFileList

WriteAuxiliaryFile /Users/Veer/Library/Developer/Xcode/DerivedData/HearifyV1-ftljoypfezvlxcgouzbpmsmxzads/Build/Intermediates.noindex/GoogleUtilities.build/Debug-iphoneos/GoogleUtilities_GoogleUtilities-Environment.build/empty-GoogleUtilities_GoogleUtilities-Environment.plist (in target 'GoogleUtilities_GoogleUtilities-Environment' from project 'GoogleUtilities')
    cd /Users/Veer/Library/Developer/Xcode/DerivedData/HearifyV1-ftljoypfezvlxcgouzbpmsmxzads/SourcePackages/checkouts/GoogleUtilities
    write-file /Users/Veer/Library/Developer/Xcode/DerivedData/HearifyV1-ftljoypfezvlxcgouzbpmsmxzads/Build/Intermediates.noindex/GoogleUtilities.build/Debug-iphoneos/GoogleUtilities_GoogleUtilities-Environment.build/empty-GoogleUtilities_GoogleUtilities-Environment.plist

WriteAuxiliaryFile /Users/Veer/Library/Developer/Xcode/DerivedData/HearifyV1-ftljoypfezvlxcgouzbpmsmxzads/Build/Intermediates.noindex/GoogleUtilities.build/Debug-iphoneos/GoogleUtilities_GoogleUtilities-Environment.build/GoogleUtilities_GoogleUtilities-Environment.DependencyStaticMetadataFileList (in target 'GoogleUtilities_GoogleUtilities-Environment' from project 'GoogleUtilities')
    cd /Users/Veer/Library/Developer/Xcode/DerivedData/HearifyV1-ftljoypfezvlxcgouzbpmsmxzads/SourcePackages/checkouts/GoogleUtilities
    write-file /Users/Veer/Library/Developer/Xcode/DerivedData/HearifyV1-ftljoypfezvlxcgouzbpmsmxzads/Build/Intermediates.noindex/GoogleUtilities.build/Debug-iphoneos/GoogleUtilities_GoogleUtilities-Environment.build/GoogleUtilities_GoogleUtilities-Environment.DependencyStaticMetadataFileList

WriteAuxiliaryFile /Users/Veer/Library/Developer/Xcode/DerivedData/HearifyV1-ftljoypfezvlxcgouzbpmsmxzads/Build/Intermediates.noindex/GoogleUtilities.build/Debug-iphoneos/GoogleUtilities_GoogleUtilities-Environment.build/GoogleUtilities_GoogleUtilities-Environment.DependencyMetadataFileList (in target 'GoogleUtilities_GoogleUtilities-Environment' from project 'GoogleUtilities')
    cd /Users/Veer/Library/Developer/Xcode/DerivedData/HearifyV1-ftljoypfezvlxcgouzbpmsmxzads/SourcePackages/checkouts/GoogleUtilities
    write-file /Users/Veer/Library/Developer/Xcode/DerivedData/HearifyV1-ftljoypfezvlxcgouzbpmsmxzads/Build/Intermediates.noindex/GoogleUtilities.build/Debug-iphoneos/GoogleUtilities_GoogleUtilities-Environment.build/GoogleUtilities_GoogleUtilities-Environment.DependencyMetadataFileList

WriteAuxiliaryFile /Users/Veer/Library/Developer/Xcode/DerivedData/HearifyV1-ftljoypfezvlxcgouzbpmsmxzads/Build/Intermediates.noindex/GoogleUtilities.build/Debug-iphoneos/GoogleUtilities_GoogleUtilities-AppDelegateSwizzler.build/empty-GoogleUtilities_GoogleUtilities-AppDelegateSwizzler.plist (in target 'GoogleUtilities_GoogleUtilities-AppDelegateSwizzler' from project 'GoogleUtilities')
    cd /Users/Veer/Library/Developer/Xcode/DerivedData/HearifyV1-ftljoypfezvlxcgouzbpmsmxzads/SourcePackages/checkouts/GoogleUtilities
    write-file /Users/Veer/Library/Developer/Xcode/DerivedData/HearifyV1-ftljoypfezvlxcgouzbpmsmxzads/Build/Intermediates.noindex/GoogleUtilities.build/Debug-iphoneos/GoogleUtilities_GoogleUtilities-AppDelegateSwizzler.build/empty-GoogleUtilities_GoogleUtilities-AppDelegateSwizzler.plist

WriteAuxiliaryFile /Users/Veer/Library/Developer/Xcode/DerivedData/HearifyV1-ftljoypfezvlxcgouzbpmsmxzads/Build/Intermediates.noindex/GoogleUtilities.build/Debug-iphoneos/GoogleUtilities_GoogleUtilities-AppDelegateSwizzler.build/GoogleUtilities_GoogleUtilities-AppDelegateSwizzler.DependencyStaticMetadataFileList (in target 'GoogleUtilities_GoogleUtilities-AppDelegateSwizzler' from project 'GoogleUtilities')
    cd /Users/Veer/Library/Developer/Xcode/DerivedData/HearifyV1-ftljoypfezvlxcgouzbpmsmxzads/SourcePackages/checkouts/GoogleUtilities
    write-file /Users/Veer/Library/Developer/Xcode/DerivedData/HearifyV1-ftljoypfezvlxcgouzbpmsmxzads/Build/Intermediates.noindex/GoogleUtilities.build/Debug-iphoneos/GoogleUtilities_GoogleUtilities-AppDelegateSwizzler.build/GoogleUtilities_GoogleUtilities-AppDelegateSwizzler.DependencyStaticMetadataFileList

WriteAuxiliaryFile /Users/Veer/Library/Developer/Xcode/DerivedData/HearifyV1-ftljoypfezvlxcgouzbpmsmxzads/Build/Intermediates.noindex/GoogleUtilities.build/Debug-iphoneos/GoogleUtilities_GoogleUtilities-AppDelegateSwizzler.build/GoogleUtilities_GoogleUtilities-AppDelegateSwizzler.DependencyMetadataFileList (in target 'GoogleUtilities_GoogleUtilities-AppDelegateSwizzler' from project 'GoogleUtilities')
    cd /Users/Veer/Library/Developer/Xcode/DerivedData/HearifyV1-ftljoypfezvlxcgouzbpmsmxzads/SourcePackages/checkouts/GoogleUtilities
    write-file /Users/Veer/Library/Developer/Xcode/DerivedData/HearifyV1-ftljoypfezvlxcgouzbpmsmxzads/Build/Intermediates.noindex/GoogleUtilities.build/Debug-iphoneos/GoogleUtilities_GoogleUtilities-AppDelegateSwizzler.build/GoogleUtilities_GoogleUtilities-AppDelegateSwizzler.DependencyMetadataFileList

WriteAuxiliaryFile /Users/Veer/Library/Developer/Xcode/DerivedData/HearifyV1-ftljoypfezvlxcgouzbpmsmxzads/Build/Intermediates.noindex/GoogleUtilities.build/Debug-iphoneos/GoogleUtilities-Reachability.build/Objects-normal/arm64/e6072d4f65d7061329687fe24e3d63a7-common-args.resp (in target 'GoogleUtilities-Reachability' from project 'GoogleUtilities')
    cd /Users/Veer/Library/Developer/Xcode/DerivedData/HearifyV1-ftljoypfezvlxcgouzbpmsmxzads/SourcePackages/checkouts/GoogleUtilities
    write-file /Users/Veer/Library/Developer/Xcode/DerivedData/HearifyV1-ftljoypfezvlxcgouzbpmsmxzads/Build/Intermediates.noindex/GoogleUtilities.build/Debug-iphoneos/GoogleUtilities-Reachability.build/Objects-normal/arm64/e6072d4f65d7061329687fe24e3d63a7-common-args.resp
-target arm64-apple-ios12.0 '-std=c99' -fobjc-arc -fmodules -gmodules '-fmodules-cache-path=/Users/Veer/Library/Developer/Xcode/DerivedData/ModuleCache.noindex' '-fmodule-name=GoogleUtilities_Reachability' -fpascal-strings -O0 -DSWIFT_PACKAGE '-DDEBUG=1' '-DOBJC_OLD_DISPATCH_PROTOTYPES=1' -isysroot /Applications/Xcode.app/Contents/Developer/Platforms/iPhoneOS.platform/Developer/SDKs/iPhoneOS26.2.sdk -g -fprofile-instr-generate -fcoverage-mapping -I/Users/Veer/Library/Developer/Xcode/DerivedData/HearifyV1-ftljoypfezvlxcgouzbpmsmxzads/SourcePackages/checkouts/GoogleUtilities/GoogleUtilities/Logger/Public -I/Users/Veer/Library/Developer/Xcode/DerivedData/HearifyV1-ftljoypfezvlxcgouzbpmsmxzads/SourcePackages/checkouts/GoogleUtilities/GoogleUtilities/Environment/Public -I/Users/Veer/Library/Developer/Xcode/DerivedData/HearifyV1-ftljoypfezvlxcgouzbpmsmxzads/SourcePackages/checkouts/GoogleUtilities/third_party/IsAppEncrypted/Public -I/Users/Veer/Library/Developer/Xcode/DerivedData/HearifyV1-ftljoypfezvlxcgouzbpmsmxzads/Build/Products/Debug-iphoneos/include -I/Users/Veer/Library/Developer/Xcode/DerivedData/HearifyV1-ftljoypfezvlxcgouzbpmsmxzads/SourcePackages/checkouts/GoogleUtilities/GoogleUtilities/Reachability/Public -I/Users/Veer/Library/Developer/Xcode/DerivedData/HearifyV1-ftljoypfezvlxcgouzbpmsmxzads/SourcePackages/checkouts/GoogleUtilities -I/Users/Veer/Library/Developer/Xcode/DerivedData/HearifyV1-ftljoypfezvlxcgouzbpmsmxzads/Build/Intermediates.noindex/GoogleUtilities.build/Debug-iphoneos/GoogleUtilities-Reachability.build/DerivedSources-normal/arm64 -I/Users/Veer/Library/Developer/Xcode/DerivedData/HearifyV1-ftljoypfezvlxcgouzbpmsmxzads/Build/Intermediates.noindex/GoogleUtilities.build/Debug-iphoneos/GoogleUtilities-Reachability.build/DerivedSources/arm64 -I/Users/Veer/Library/Developer/Xcode/DerivedData/HearifyV1-ftljoypfezvlxcgouzbpmsmxzads/Build/Intermediates.noindex/GoogleUtilities.build/Debug-iphoneos/GoogleUtilities-Reachability.build/DerivedSources -F/Users/Veer/Library/Developer/Xcode/DerivedData/HearifyV1-ftljoypfezvlxcgouzbpmsmxzads/Build/Products/Debug-iphoneos/PackageFrameworks -F/Users/Veer/Library/Developer/Xcode/DerivedData/HearifyV1-ftljoypfezvlxcgouzbpmsmxzads/Build/Products/Debug-iphoneos/PackageFrameworks -F/Users/Veer/Library/Developer/Xcode/DerivedData/HearifyV1-ftljoypfezvlxcgouzbpmsmxzads/Build/Products/Debug-iphoneos/PackageFrameworks -F/Users/Veer/Library/Developer/Xcode/DerivedData/HearifyV1-ftljoypfezvlxcgouzbpmsmxzads/Build/Products/Debug-iphoneos -iframework /Applications/Xcode.app/Contents/Developer/Platforms/iPhoneOS.platform/Developer/Library/Frameworks -iframework /Applications/Xcode.app/Contents/Developer/Platforms/iPhoneOS.platform/Developer/SDKs/iPhoneOS26.2.sdk/Developer/Library/Frameworks '-fmodule-map-file=/Users/Veer/Library/Developer/Xcode/DerivedData/HearifyV1-ftljoypfezvlxcgouzbpmsmxzads/Build/Intermediates.noindex/GeneratedModuleMaps-iphoneos/GoogleUtilities-Logger.modulemap' '-fmodule-map-file=/Users/Veer/Library/Developer/Xcode/DerivedData/HearifyV1-ftljoypfezvlxcgouzbpmsmxzads/Build/Intermediates.noindex/GeneratedModuleMaps-iphoneos/GoogleUtilities-Environment.modulemap' '-fmodule-map-file=/Users/Veer/Library/Developer/Xcode/DerivedData/HearifyV1-ftljoypfezvlxcgouzbpmsmxzads/Build/Intermediates.noindex/GeneratedModuleMaps-iphoneos/third-party-IsAppEncrypted.modulemap' -DXcode

WriteAuxiliaryFile /Users/Veer/Library/Developer/Xcode/DerivedData/HearifyV1-ftljoypfezvlxcgouzbpmsmxzads/Build/Intermediates.noindex/GoogleUtilities.build/Debug-iphoneos/GoogleUtilities-Reachability.build/Objects-normal/arm64/GoogleUtilities-Reachability.LinkFileList (in target 'GoogleUtilities-Reachability' from project 'GoogleUtilities')
    cd /Users/Veer/Library/Developer/Xcode/DerivedData/HearifyV1-ftljoypfezvlxcgouzbpmsmxzads/SourcePackages/checkouts/GoogleUtilities
    write-file /Users/Veer/Library/Developer/Xcode/DerivedData/HearifyV1-ftljoypfezvlxcgouzbpmsmxzads/Build/Intermediates.noindex/GoogleUtilities.build/Debug-iphoneos/GoogleUtilities-Reachability.build/Objects-normal/arm64/GoogleUtilities-Reachability.LinkFileList

WriteAuxiliaryFile /Users/Veer/Library/Developer/Xcode/DerivedData/HearifyV1-ftljoypfezvlxcgouzbpmsmxzads/Build/Intermediates.noindex/GoogleUtilities.build/Debug-iphoneos/GoogleUtilities-Reachability.build/GoogleUtilities-Reachability.modulemap (in target 'GoogleUtilities-Reachability' from project 'GoogleUtilities')
    cd /Users/Veer/Library/Developer/Xcode/DerivedData/HearifyV1-ftljoypfezvlxcgouzbpmsmxzads/SourcePackages/checkouts/GoogleUtilities
    write-file /Users/Veer/Library/Developer/Xcode/DerivedData/HearifyV1-ftljoypfezvlxcgouzbpmsmxzads/Build/Intermediates.noindex/GoogleUtilities.build/Debug-iphoneos/GoogleUtilities-Reachability.build/GoogleUtilities-Reachability.modulemap

WriteAuxiliaryFile /Users/Veer/Library/Developer/Xcode/DerivedData/HearifyV1-ftljoypfezvlxcgouzbpmsmxzads/Build/Intermediates.noindex/GoogleUtilities.build/Debug-iphoneos/GoogleUtilities-Reachability.build/GoogleUtilities-Reachability.DependencyStaticMetadataFileList (in target 'GoogleUtilities-Reachability' from project 'GoogleUtilities')
    cd /Users/Veer/Library/Developer/Xcode/DerivedData/HearifyV1-ftljoypfezvlxcgouzbpmsmxzads/SourcePackages/checkouts/GoogleUtilities
    write-file /Users/Veer/Library/Developer/Xcode/DerivedData/HearifyV1-ftljoypfezvlxcgouzbpmsmxzads/Build/Intermediates.noindex/GoogleUtilities.build/Debug-iphoneos/GoogleUtilities-Reachability.build/GoogleUtilities-Reachability.DependencyStaticMetadataFileList

WriteAuxiliaryFile /Users/Veer/Library/Developer/Xcode/DerivedData/HearifyV1-ftljoypfezvlxcgouzbpmsmxzads/Build/Intermediates.noindex/GoogleUtilities.build/Debug-iphoneos/GoogleUtilities-Reachability.build/GoogleUtilities-Reachability.DependencyMetadataFileList (in target 'GoogleUtilities-Reachability' from project 'GoogleUtilities')
    cd /Users/Veer/Library/Developer/Xcode/DerivedData/HearifyV1-ftljoypfezvlxcgouzbpmsmxzads/SourcePackages/checkouts/GoogleUtilities
    write-file /Users/Veer/Library/Developer/Xcode/DerivedData/HearifyV1-ftljoypfezvlxcgouzbpmsmxzads/Build/Intermediates.noindex/GoogleUtilities.build/Debug-iphoneos/GoogleUtilities-Reachability.build/GoogleUtilities-Reachability.DependencyMetadataFileList

WriteAuxiliaryFile /Users/Veer/Library/Developer/Xcode/DerivedData/HearifyV1-ftljoypfezvlxcgouzbpmsmxzads/Build/Intermediates.noindex/GoogleUtilities.build/Debug-iphoneos/GoogleUtilities-Reachability.build/DerivedSources/resource_bundle_accessor.m (in target 'GoogleUtilities-Reachability' from project 'GoogleUtilities')
    cd /Users/Veer/Library/Developer/Xcode/DerivedData/HearifyV1-ftljoypfezvlxcgouzbpmsmxzads/SourcePackages/checkouts/GoogleUtilities
    write-file /Users/Veer/Library/Developer/Xcode/DerivedData/HearifyV1-ftljoypfezvlxcgouzbpmsmxzads/Build/Intermediates.noindex/GoogleUtilities.build/Debug-iphoneos/GoogleUtilities-Reachability.build/DerivedSources/resource_bundle_accessor.m

WriteAuxiliaryFile /Users/Veer/Library/Developer/Xcode/DerivedData/HearifyV1-ftljoypfezvlxcgouzbpmsmxzads/Build/Intermediates.noindex/GoogleUtilities.build/Debug-iphoneos/GoogleUtilities-Reachability.build/DerivedSources/resource_bundle_accessor.h (in target 'GoogleUtilities-Reachability' from project 'GoogleUtilities')
    cd /Users/Veer/Library/Developer/Xcode/DerivedData/HearifyV1-ftljoypfezvlxcgouzbpmsmxzads/SourcePackages/checkouts/GoogleUtilities
    write-file /Users/Veer/Library/Developer/Xcode/DerivedData/HearifyV1-ftljoypfezvlxcgouzbpmsmxzads/Build/Intermediates.noindex/GoogleUtilities.build/Debug-iphoneos/GoogleUtilities-Reachability.build/DerivedSources/resource_bundle_accessor.h

WriteAuxiliaryFile /Users/Veer/Library/Developer/Xcode/DerivedData/HearifyV1-ftljoypfezvlxcgouzbpmsmxzads/Build/Intermediates.noindex/GoogleUtilities.build/Debug-iphoneos/GoogleUtilities-Network.build/Objects-normal/arm64/e6072d4f65d7061329687fe24e3d63a7-common-args.resp (in target 'GoogleUtilities-Network' from project 'GoogleUtilities')
    cd /Users/Veer/Library/Developer/Xcode/DerivedData/HearifyV1-ftljoypfezvlxcgouzbpmsmxzads/SourcePackages/checkouts/GoogleUtilities
    write-file /Users/Veer/Library/Developer/Xcode/DerivedData/HearifyV1-ftljoypfezvlxcgouzbpmsmxzads/Build/Intermediates.noindex/GoogleUtilities.build/Debug-iphoneos/GoogleUtilities-Network.build/Objects-normal/arm64/e6072d4f65d7061329687fe24e3d63a7-common-args.resp
-target arm64-apple-ios12.0 '-std=c99' -fobjc-arc -fmodules -gmodules '-fmodules-cache-path=/Users/Veer/Library/Developer/Xcode/DerivedData/ModuleCache.noindex' '-fmodule-name=GoogleUtilities_Network' -fpascal-strings -O0 -DSWIFT_PACKAGE '-DDEBUG=1' '-DOBJC_OLD_DISPATCH_PROTOTYPES=1' -isysroot /Applications/Xcode.app/Contents/Developer/Platforms/iPhoneOS.platform/Developer/SDKs/iPhoneOS26.2.sdk -g -fprofile-instr-generate -fcoverage-mapping -I/Users/Veer/Library/Developer/Xcode/DerivedData/HearifyV1-ftljoypfezvlxcgouzbpmsmxzads/SourcePackages/checkouts/GoogleUtilities/GoogleUtilities/Reachability/Public -I/Users/Veer/Library/Developer/Xcode/DerivedData/HearifyV1-ftljoypfezvlxcgouzbpmsmxzads/SourcePackages/checkouts/GoogleUtilities/GoogleUtilities/NSData+zlib/Public -I/Users/Veer/Library/Developer/Xcode/DerivedData/HearifyV1-ftljoypfezvlxcgouzbpmsmxzads/SourcePackages/checkouts/GoogleUtilities/GoogleUtilities/Logger/Public -I/Users/Veer/Library/Developer/Xcode/DerivedData/HearifyV1-ftljoypfezvlxcgouzbpmsmxzads/SourcePackages/checkouts/GoogleUtilities/GoogleUtilities/Environment/Public -I/Users/Veer/Library/Developer/Xcode/DerivedData/HearifyV1-ftljoypfezvlxcgouzbpmsmxzads/SourcePackages/checkouts/GoogleUtilities/third_party/IsAppEncrypted/Public -I/Users/Veer/Library/Developer/Xcode/DerivedData/HearifyV1-ftljoypfezvlxcgouzbpmsmxzads/Build/Products/Debug-iphoneos/include -I/Users/Veer/Library/Developer/Xcode/DerivedData/HearifyV1-ftljoypfezvlxcgouzbpmsmxzads/SourcePackages/checkouts/GoogleUtilities/GoogleUtilities/Network/Public -I/Users/Veer/Library/Developer/Xcode/DerivedData/HearifyV1-ftljoypfezvlxcgouzbpmsmxzads/SourcePackages/checkouts/GoogleUtilities -I/Users/Veer/Library/Developer/Xcode/DerivedData/HearifyV1-ftljoypfezvlxcgouzbpmsmxzads/Build/Intermediates.noindex/GoogleUtilities.build/Debug-iphoneos/GoogleUtilities-Network.build/DerivedSources-normal/arm64 -I/Users/Veer/Library/Developer/Xcode/DerivedData/HearifyV1-ftljoypfezvlxcgouzbpmsmxzads/Build/Intermediates.noindex/GoogleUtilities.build/Debug-iphoneos/GoogleUtilities-Network.build/DerivedSources/arm64 -I/Users/Veer/Library/Developer/Xcode/DerivedData/HearifyV1-ftljoypfezvlxcgouzbpmsmxzads/Build/Intermediates.noindex/GoogleUtilities.build/Debug-iphoneos/GoogleUtilities-Network.build/DerivedSources -F/Users/Veer/Library/Developer/Xcode/DerivedData/HearifyV1-ftljoypfezvlxcgouzbpmsmxzads/Build/Products/Debug-iphoneos/PackageFrameworks -F/Users/Veer/Library/Developer/Xcode/DerivedData/HearifyV1-ftljoypfezvlxcgouzbpmsmxzads/Build/Products/Debug-iphoneos/PackageFrameworks -F/Users/Veer/Library/Developer/Xcode/DerivedData/HearifyV1-ftljoypfezvlxcgouzbpmsmxzads/Build/Products/Debug-iphoneos/PackageFrameworks -F/Users/Veer/Library/Developer/Xcode/DerivedData/HearifyV1-ftljoypfezvlxcgouzbpmsmxzads/Build/Products/Debug-iphoneos/PackageFrameworks -F/Users/Veer/Library/Developer/Xcode/DerivedData/HearifyV1-ftljoypfezvlxcgouzbpmsmxzads/Build/Products/Debug-iphoneos/PackageFrameworks -F/Users/Veer/Library/Developer/Xcode/DerivedData/HearifyV1-ftljoypfezvlxcgouzbpmsmxzads/Build/Products/Debug-iphoneos -iframework /Applications/Xcode.app/Contents/Developer/Platforms/iPhoneOS.platform/Developer/Library/Frameworks -iframework /Applications/Xcode.app/Contents/Developer/Platforms/iPhoneOS.platform/Developer/SDKs/iPhoneOS26.2.sdk/Developer/Library/Frameworks '-fmodule-map-file=/Users/Veer/Library/Developer/Xcode/DerivedData/HearifyV1-ftljoypfezvlxcgouzbpmsmxzads/Build/Intermediates.noindex/GeneratedModuleMaps-iphoneos/GoogleUtilities-Reachability.modulemap' '-fmodule-map-file=/Users/Veer/Library/Developer/Xcode/DerivedData/HearifyV1-ftljoypfezvlxcgouzbpmsmxzads/Build/Intermediates.noindex/GeneratedModuleMaps-iphoneos/GoogleUtilities-NSData.modulemap' '-fmodule-map-file=/Users/Veer/Library/Developer/Xcode/DerivedData/HearifyV1-ftljoypfezvlxcgouzbpmsmxzads/Build/Intermediates.noindex/GeneratedModuleMaps-iphoneos/GoogleUtilities-Logger.modulemap' '-fmodule-map-file=/Users/Veer/Library/Developer/Xcode/DerivedData/HearifyV1-ftljoypfezvlxcgouzbpmsmxzads/Build/Intermediates.noindex/GeneratedModuleMaps-iphoneos/GoogleUtilities-Environment.modulemap' '-fmodule-map-file=/Users/Veer/Library/Developer/Xcode/DerivedData/HearifyV1-ftljoypfezvlxcgouzbpmsmxzads/Build/Intermediates.noindex/GeneratedModuleMaps-iphoneos/third-party-IsAppEncrypted.modulemap' -DXcode

WriteAuxiliaryFile /Users/Veer/Library/Developer/Xcode/DerivedData/HearifyV1-ftljoypfezvlxcgouzbpmsmxzads/Build/Intermediates.noindex/GoogleUtilities.build/Debug-iphoneos/GoogleUtilities-Network.build/Objects-normal/arm64/GoogleUtilities-Network.LinkFileList (in target 'GoogleUtilities-Network' from project 'GoogleUtilities')
    cd /Users/Veer/Library/Developer/Xcode/DerivedData/HearifyV1-ftljoypfezvlxcgouzbpmsmxzads/SourcePackages/checkouts/GoogleUtilities
    write-file /Users/Veer/Library/Developer/Xcode/DerivedData/HearifyV1-ftljoypfezvlxcgouzbpmsmxzads/Build/Intermediates.noindex/GoogleUtilities.build/Debug-iphoneos/GoogleUtilities-Network.build/Objects-normal/arm64/GoogleUtilities-Network.LinkFileList

WriteAuxiliaryFile /Users/Veer/Library/Developer/Xcode/DerivedData/HearifyV1-ftljoypfezvlxcgouzbpmsmxzads/Build/Intermediates.noindex/GoogleUtilities.build/Debug-iphoneos/GoogleUtilities-Network.build/GoogleUtilities-Network.modulemap (in target 'GoogleUtilities-Network' from project 'GoogleUtilities')
    cd /Users/Veer/Library/Developer/Xcode/DerivedData/HearifyV1-ftljoypfezvlxcgouzbpmsmxzads/SourcePackages/checkouts/GoogleUtilities
    write-file /Users/Veer/Library/Developer/Xcode/DerivedData/HearifyV1-ftljoypfezvlxcgouzbpmsmxzads/Build/Intermediates.noindex/GoogleUtilities.build/Debug-iphoneos/GoogleUtilities-Network.build/GoogleUtilities-Network.modulemap

WriteAuxiliaryFile /Users/Veer/Library/Developer/Xcode/DerivedData/HearifyV1-ftljoypfezvlxcgouzbpmsmxzads/Build/Intermediates.noindex/GoogleUtilities.build/Debug-iphoneos/GoogleUtilities-Network.build/GoogleUtilities-Network.DependencyStaticMetadataFileList (in target 'GoogleUtilities-Network' from project 'GoogleUtilities')
    cd /Users/Veer/Library/Developer/Xcode/DerivedData/HearifyV1-ftljoypfezvlxcgouzbpmsmxzads/SourcePackages/checkouts/GoogleUtilities
    write-file /Users/Veer/Library/Developer/Xcode/DerivedData/HearifyV1-ftljoypfezvlxcgouzbpmsmxzads/Build/Intermediates.noindex/GoogleUtilities.build/Debug-iphoneos/GoogleUtilities-Network.build/GoogleUtilities-Network.DependencyStaticMetadataFileList

WriteAuxiliaryFile /Users/Veer/Library/Developer/Xcode/DerivedData/HearifyV1-ftljoypfezvlxcgouzbpmsmxzads/Build/Intermediates.noindex/GoogleUtilities.build/Debug-iphoneos/GoogleUtilities-Network.build/GoogleUtilities-Network.DependencyMetadataFileList (in target 'GoogleUtilities-Network' from project 'GoogleUtilities')
    cd /Users/Veer/Library/Developer/Xcode/DerivedData/HearifyV1-ftljoypfezvlxcgouzbpmsmxzads/SourcePackages/checkouts/GoogleUtilities
    write-file /Users/Veer/Library/Developer/Xcode/DerivedData/HearifyV1-ftljoypfezvlxcgouzbpmsmxzads/Build/Intermediates.noindex/GoogleUtilities.build/Debug-iphoneos/GoogleUtilities-Network.build/GoogleUtilities-Network.DependencyMetadataFileList

WriteAuxiliaryFile /Users/Veer/Library/Developer/Xcode/DerivedData/HearifyV1-ftljoypfezvlxcgouzbpmsmxzads/Build/Intermediates.noindex/GoogleUtilities.build/Debug-iphoneos/GoogleUtilities-Network.build/DerivedSources/resource_bundle_accessor.m (in target 'GoogleUtilities-Network' from project 'GoogleUtilities')
    cd /Users/Veer/Library/Developer/Xcode/DerivedData/HearifyV1-ftljoypfezvlxcgouzbpmsmxzads/SourcePackages/checkouts/GoogleUtilities
    write-file /Users/Veer/Library/Developer/Xcode/DerivedData/HearifyV1-ftljoypfezvlxcgouzbpmsmxzads/Build/Intermediates.noindex/GoogleUtilities.build/Debug-iphoneos/GoogleUtilities-Network.build/DerivedSources/resource_bundle_accessor.m

WriteAuxiliaryFile /Users/Veer/Library/Developer/Xcode/DerivedData/HearifyV1-ftljoypfezvlxcgouzbpmsmxzads/Build/Intermediates.noindex/GoogleUtilities.build/Debug-iphoneos/GoogleUtilities-Network.build/DerivedSources/resource_bundle_accessor.h (in target 'GoogleUtilities-Network' from project 'GoogleUtilities')
    cd /Users/Veer/Library/Developer/Xcode/DerivedData/HearifyV1-ftljoypfezvlxcgouzbpmsmxzads/SourcePackages/checkouts/GoogleUtilities
    write-file /Users/Veer/Library/Developer/Xcode/DerivedData/HearifyV1-ftljoypfezvlxcgouzbpmsmxzads/Build/Intermediates.noindex/GoogleUtilities.build/Debug-iphoneos/GoogleUtilities-Network.build/DerivedSources/resource_bundle_accessor.h

WriteAuxiliaryFile /Users/Veer/Library/Developer/Xcode/DerivedData/HearifyV1-ftljoypfezvlxcgouzbpmsmxzads/Build/Intermediates.noindex/GoogleUtilities.build/Debug-iphoneos/GoogleUtilities-NSData.build/Objects-normal/arm64/e6072d4f65d7061329687fe24e3d63a7-common-args.resp (in target 'GoogleUtilities-NSData' from project 'GoogleUtilities')
    cd /Users/Veer/Library/Developer/Xcode/DerivedData/HearifyV1-ftljoypfezvlxcgouzbpmsmxzads/SourcePackages/checkouts/GoogleUtilities
    write-file /Users/Veer/Library/Developer/Xcode/DerivedData/HearifyV1-ftljoypfezvlxcgouzbpmsmxzads/Build/Intermediates.noindex/GoogleUtilities.build/Debug-iphoneos/GoogleUtilities-NSData.build/Objects-normal/arm64/e6072d4f65d7061329687fe24e3d63a7-common-args.resp
-target arm64-apple-ios12.0 '-std=c99' -fobjc-arc -fmodules -gmodules '-fmodules-cache-path=/Users/Veer/Library/Developer/Xcode/DerivedData/ModuleCache.noindex' '-fmodule-name=GoogleUtilities_NSData' -fpascal-strings -O0 -DSWIFT_PACKAGE '-DDEBUG=1' '-DOBJC_OLD_DISPATCH_PROTOTYPES=1' -isysroot /Applications/Xcode.app/Contents/Developer/Platforms/iPhoneOS.platform/Developer/SDKs/iPhoneOS26.2.sdk -g -fprofile-instr-generate -fcoverage-mapping -I/Users/Veer/Library/Developer/Xcode/DerivedData/HearifyV1-ftljoypfezvlxcgouzbpmsmxzads/Build/Products/Debug-iphoneos/include -I/Users/Veer/Library/Developer/Xcode/DerivedData/HearifyV1-ftljoypfezvlxcgouzbpmsmxzads/SourcePackages/checkouts/GoogleUtilities/GoogleUtilities/NSData+zlib/Public -I/Users/Veer/Library/Developer/Xcode/DerivedData/HearifyV1-ftljoypfezvlxcgouzbpmsmxzads/SourcePackages/checkouts/GoogleUtilities -I/Users/Veer/Library/Developer/Xcode/DerivedData/HearifyV1-ftljoypfezvlxcgouzbpmsmxzads/Build/Intermediates.noindex/GoogleUtilities.build/Debug-iphoneos/GoogleUtilities-NSData.build/DerivedSources-normal/arm64 -I/Users/Veer/Library/Developer/Xcode/DerivedData/HearifyV1-ftljoypfezvlxcgouzbpmsmxzads/Build/Intermediates.noindex/GoogleUtilities.build/Debug-iphoneos/GoogleUtilities-NSData.build/DerivedSources/arm64 -I/Users/Veer/Library/Developer/Xcode/DerivedData/HearifyV1-ftljoypfezvlxcgouzbpmsmxzads/Build/Intermediates.noindex/GoogleUtilities.build/Debug-iphoneos/GoogleUtilities-NSData.build/DerivedSources -F/Users/Veer/Library/Developer/Xcode/DerivedData/HearifyV1-ftljoypfezvlxcgouzbpmsmxzads/Build/Products/Debug-iphoneos -iframework /Applications/Xcode.app/Contents/Developer/Platforms/iPhoneOS.platform/Developer/Library/Frameworks -iframework /Applications/Xcode.app/Contents/Developer/Platforms/iPhoneOS.platform/Developer/SDKs/iPhoneOS26.2.sdk/Developer/Library/Frameworks -DXcode

WriteAuxiliaryFile /Users/Veer/Library/Developer/Xcode/DerivedData/HearifyV1-ftljoypfezvlxcgouzbpmsmxzads/Build/Intermediates.noindex/GoogleUtilities.build/Debug-iphoneos/GoogleUtilities-NSData.build/GoogleUtilities-NSData.modulemap (in target 'GoogleUtilities-NSData' from project 'GoogleUtilities')
    cd /Users/Veer/Library/Developer/Xcode/DerivedData/HearifyV1-ftljoypfezvlxcgouzbpmsmxzads/SourcePackages/checkouts/GoogleUtilities
    write-file /Users/Veer/Library/Developer/Xcode/DerivedData/HearifyV1-ftljoypfezvlxcgouzbpmsmxzads/Build/Intermediates.noindex/GoogleUtilities.build/Debug-iphoneos/GoogleUtilities-NSData.build/GoogleUtilities-NSData.modulemap

WriteAuxiliaryFile /Users/Veer/Library/Developer/Xcode/DerivedData/HearifyV1-ftljoypfezvlxcgouzbpmsmxzads/Build/Intermediates.noindex/GoogleUtilities.build/Debug-iphoneos/GoogleUtilities-NSData.build/Objects-normal/arm64/GoogleUtilities-NSData.LinkFileList (in target 'GoogleUtilities-NSData' from project 'GoogleUtilities')
    cd /Users/Veer/Library/Developer/Xcode/DerivedData/HearifyV1-ftljoypfezvlxcgouzbpmsmxzads/SourcePackages/checkouts/GoogleUtilities
    write-file /Users/Veer/Library/Developer/Xcode/DerivedData/HearifyV1-ftljoypfezvlxcgouzbpmsmxzads/Build/Intermediates.noindex/GoogleUtilities.build/Debug-iphoneos/GoogleUtilities-NSData.build/Objects-normal/arm64/GoogleUtilities-NSData.LinkFileList

WriteAuxiliaryFile /Users/Veer/Library/Developer/Xcode/DerivedData/HearifyV1-ftljoypfezvlxcgouzbpmsmxzads/Build/Intermediates.noindex/GoogleUtilities.build/Debug-iphoneos/GoogleUtilities-NSData.build/GoogleUtilities-NSData.DependencyStaticMetadataFileList (in target 'GoogleUtilities-NSData' from project 'GoogleUtilities')
    cd /Users/Veer/Library/Developer/Xcode/DerivedData/HearifyV1-ftljoypfezvlxcgouzbpmsmxzads/SourcePackages/checkouts/GoogleUtilities
    write-file /Users/Veer/Library/Developer/Xcode/DerivedData/HearifyV1-ftljoypfezvlxcgouzbpmsmxzads/Build/Intermediates.noindex/GoogleUtilities.build/Debug-iphoneos/GoogleUtilities-NSData.build/GoogleUtilities-NSData.DependencyStaticMetadataFileList

WriteAuxiliaryFile /Users/Veer/Library/Developer/Xcode/DerivedData/HearifyV1-ftljoypfezvlxcgouzbpmsmxzads/Build/Intermediates.noindex/GoogleUtilities.build/Debug-iphoneos/GoogleUtilities-NSData.build/GoogleUtilities-NSData.DependencyMetadataFileList (in target 'GoogleUtilities-NSData' from project 'GoogleUtilities')
    cd /Users/Veer/Library/Developer/Xcode/DerivedData/HearifyV1-ftljoypfezvlxcgouzbpmsmxzads/SourcePackages/checkouts/GoogleUtilities
    write-file /Users/Veer/Library/Developer/Xcode/DerivedData/HearifyV1-ftljoypfezvlxcgouzbpmsmxzads/Build/Intermediates.noindex/GoogleUtilities.build/Debug-iphoneos/GoogleUtilities-NSData.build/GoogleUtilities-NSData.DependencyMetadataFileList

WriteAuxiliaryFile /Users/Veer/Library/Developer/Xcode/DerivedData/HearifyV1-ftljoypfezvlxcgouzbpmsmxzads/Build/Intermediates.noindex/GoogleUtilities.build/Debug-iphoneos/GoogleUtilities-NSData.build/DerivedSources/resource_bundle_accessor.m (in target 'GoogleUtilities-NSData' from project 'GoogleUtilities')
    cd /Users/Veer/Library/Developer/Xcode/DerivedData/HearifyV1-ftljoypfezvlxcgouzbpmsmxzads/SourcePackages/checkouts/GoogleUtilities
    write-file /Users/Veer/Library/Developer/Xcode/DerivedData/HearifyV1-ftljoypfezvlxcgouzbpmsmxzads/Build/Intermediates.noindex/GoogleUtilities.build/Debug-iphoneos/GoogleUtilities-NSData.build/DerivedSources/resource_bundle_accessor.m

WriteAuxiliaryFile /Users/Veer/Library/Developer/Xcode/DerivedData/HearifyV1-ftljoypfezvlxcgouzbpmsmxzads/Build/Intermediates.noindex/GoogleUtilities.build/Debug-iphoneos/GoogleUtilities-NSData.build/DerivedSources/resource_bundle_accessor.h (in target 'GoogleUtilities-NSData' from project 'GoogleUtilities')
    cd /Users/Veer/Library/Developer/Xcode/DerivedData/HearifyV1-ftljoypfezvlxcgouzbpmsmxzads/SourcePackages/checkouts/GoogleUtilities
    write-file /Users/Veer/Library/Developer/Xcode/DerivedData/HearifyV1-ftljoypfezvlxcgouzbpmsmxzads/Build/Intermediates.noindex/GoogleUtilities.build/Debug-iphoneos/GoogleUtilities-NSData.build/DerivedSources/resource_bundle_accessor.h

WriteAuxiliaryFile /Users/Veer/Library/Developer/Xcode/DerivedData/HearifyV1-ftljoypfezvlxcgouzbpmsmxzads/Build/Intermediates.noindex/GoogleUtilities.build/Debug-iphoneos/GoogleUtilities-Logger.build/Objects-normal/arm64/GoogleUtilities-Logger.LinkFileList (in target 'GoogleUtilities-Logger' from project 'GoogleUtilities')
    cd /Users/Veer/Library/Developer/Xcode/DerivedData/HearifyV1-ftljoypfezvlxcgouzbpmsmxzads/SourcePackages/checkouts/GoogleUtilities
    write-file /Users/Veer/Library/Developer/Xcode/DerivedData/HearifyV1-ftljoypfezvlxcgouzbpmsmxzads/Build/Intermediates.noindex/GoogleUtilities.build/Debug-iphoneos/GoogleUtilities-Logger.build/Objects-normal/arm64/GoogleUtilities-Logger.LinkFileList

WriteAuxiliaryFile /Users/Veer/Library/Developer/Xcode/DerivedData/HearifyV1-ftljoypfezvlxcgouzbpmsmxzads/Build/Intermediates.noindex/GoogleUtilities.build/Debug-iphoneos/GoogleUtilities-Logger.build/Objects-normal/arm64/e6072d4f65d7061329687fe24e3d63a7-common-args.resp (in target 'GoogleUtilities-Logger' from project 'GoogleUtilities')
    cd /Users/Veer/Library/Developer/Xcode/DerivedData/HearifyV1-ftljoypfezvlxcgouzbpmsmxzads/SourcePackages/checkouts/GoogleUtilities
    write-file /Users/Veer/Library/Developer/Xcode/DerivedData/HearifyV1-ftljoypfezvlxcgouzbpmsmxzads/Build/Intermediates.noindex/GoogleUtilities.build/Debug-iphoneos/GoogleUtilities-Logger.build/Objects-normal/arm64/e6072d4f65d7061329687fe24e3d63a7-common-args.resp
-target arm64-apple-ios12.0 '-std=c99' -fobjc-arc -fmodules -gmodules '-fmodules-cache-path=/Users/Veer/Library/Developer/Xcode/DerivedData/ModuleCache.noindex' '-fmodule-name=GoogleUtilities_Logger' -fpascal-strings -O0 -DSWIFT_PACKAGE '-DDEBUG=1' '-DOBJC_OLD_DISPATCH_PROTOTYPES=1' -isysroot /Applications/Xcode.app/Contents/Developer/Platforms/iPhoneOS.platform/Developer/SDKs/iPhoneOS26.2.sdk -g -fprofile-instr-generate -fcoverage-mapping -I/Users/Veer/Library/Developer/Xcode/DerivedData/HearifyV1-ftljoypfezvlxcgouzbpmsmxzads/SourcePackages/checkouts/GoogleUtilities/GoogleUtilities/Environment/Public -I/Users/Veer/Library/Developer/Xcode/DerivedData/HearifyV1-ftljoypfezvlxcgouzbpmsmxzads/SourcePackages/checkouts/GoogleUtilities/third_party/IsAppEncrypted/Public -I/Users/Veer/Library/Developer/Xcode/DerivedData/HearifyV1-ftljoypfezvlxcgouzbpmsmxzads/Build/Products/Debug-iphoneos/include -I/Users/Veer/Library/Developer/Xcode/DerivedData/HearifyV1-ftljoypfezvlxcgouzbpmsmxzads/SourcePackages/checkouts/GoogleUtilities/GoogleUtilities/Logger/Public -I/Users/Veer/Library/Developer/Xcode/DerivedData/HearifyV1-ftljoypfezvlxcgouzbpmsmxzads/SourcePackages/checkouts/GoogleUtilities -I/Users/Veer/Library/Developer/Xcode/DerivedData/HearifyV1-ftljoypfezvlxcgouzbpmsmxzads/Build/Intermediates.noindex/GoogleUtilities.build/Debug-iphoneos/GoogleUtilities-Logger.build/DerivedSources-normal/arm64 -I/Users/Veer/Library/Developer/Xcode/DerivedData/HearifyV1-ftljoypfezvlxcgouzbpmsmxzads/Build/Intermediates.noindex/GoogleUtilities.build/Debug-iphoneos/GoogleUtilities-Logger.build/DerivedSources/arm64 -I/Users/Veer/Library/Developer/Xcode/DerivedData/HearifyV1-ftljoypfezvlxcgouzbpmsmxzads/Build/Intermediates.noindex/GoogleUtilities.build/Debug-iphoneos/GoogleUtilities-Logger.build/DerivedSources -F/Users/Veer/Library/Developer/Xcode/DerivedData/HearifyV1-ftljoypfezvlxcgouzbpmsmxzads/Build/Products/Debug-iphoneos/PackageFrameworks -F/Users/Veer/Library/Developer/Xcode/DerivedData/HearifyV1-ftljoypfezvlxcgouzbpmsmxzads/Build/Products/Debug-iphoneos/PackageFrameworks -F/Users/Veer/Library/Developer/Xcode/DerivedData/HearifyV1-ftljoypfezvlxcgouzbpmsmxzads/Build/Products/Debug-iphoneos -iframework /Applications/Xcode.app/Contents/Developer/Platforms/iPhoneOS.platform/Developer/Library/Frameworks -iframework /Applications/Xcode.app/Contents/Developer/Platforms/iPhoneOS.platform/Developer/SDKs/iPhoneOS26.2.sdk/Developer/Library/Frameworks '-fmodule-map-file=/Users/Veer/Library/Developer/Xcode/DerivedData/HearifyV1-ftljoypfezvlxcgouzbpmsmxzads/Build/Intermediates.noindex/GeneratedModuleMaps-iphoneos/GoogleUtilities-Environment.modulemap' '-fmodule-map-file=/Users/Veer/Library/Developer/Xcode/DerivedData/HearifyV1-ftljoypfezvlxcgouzbpmsmxzads/Build/Intermediates.noindex/GeneratedModuleMaps-iphoneos/third-party-IsAppEncrypted.modulemap' -DXcode

WriteAuxiliaryFile /Users/Veer/Library/Developer/Xcode/DerivedData/HearifyV1-ftljoypfezvlxcgouzbpmsmxzads/Build/Intermediates.noindex/GoogleUtilities.build/Debug-iphoneos/GoogleUtilities-Logger.build/GoogleUtilities-Logger.modulemap (in target 'GoogleUtilities-Logger' from project 'GoogleUtilities')
    cd /Users/Veer/Library/Developer/Xcode/DerivedData/HearifyV1-ftljoypfezvlxcgouzbpmsmxzads/SourcePackages/checkouts/GoogleUtilities
    write-file /Users/Veer/Library/Developer/Xcode/DerivedData/HearifyV1-ftljoypfezvlxcgouzbpmsmxzads/Build/Intermediates.noindex/GoogleUtilities.build/Debug-iphoneos/GoogleUtilities-Logger.build/GoogleUtilities-Logger.modulemap

WriteAuxiliaryFile /Users/Veer/Library/Developer/Xcode/DerivedData/HearifyV1-ftljoypfezvlxcgouzbpmsmxzads/Build/Intermediates.noindex/GoogleUtilities.build/Debug-iphoneos/GoogleUtilities-Logger.build/GoogleUtilities-Logger.DependencyStaticMetadataFileList (in target 'GoogleUtilities-Logger' from project 'GoogleUtilities')
    cd /Users/Veer/Library/Developer/Xcode/DerivedData/HearifyV1-ftljoypfezvlxcgouzbpmsmxzads/SourcePackages/checkouts/GoogleUtilities
    write-file /Users/Veer/Library/Developer/Xcode/DerivedData/HearifyV1-ftljoypfezvlxcgouzbpmsmxzads/Build/Intermediates.noindex/GoogleUtilities.build/Debug-iphoneos/GoogleUtilities-Logger.build/GoogleUtilities-Logger.DependencyStaticMetadataFileList

WriteAuxiliaryFile /Users/Veer/Library/Developer/Xcode/DerivedData/HearifyV1-ftljoypfezvlxcgouzbpmsmxzads/Build/Intermediates.noindex/GoogleUtilities.build/Debug-iphoneos/GoogleUtilities-Logger.build/GoogleUtilities-Logger.DependencyMetadataFileList (in target 'GoogleUtilities-Logger' from project 'GoogleUtilities')
    cd /Users/Veer/Library/Developer/Xcode/DerivedData/HearifyV1-ftljoypfezvlxcgouzbpmsmxzads/SourcePackages/checkouts/GoogleUtilities
    write-file /Users/Veer/Library/Developer/Xcode/DerivedData/HearifyV1-ftljoypfezvlxcgouzbpmsmxzads/Build/Intermediates.noindex/GoogleUtilities.build/Debug-iphoneos/GoogleUtilities-Logger.build/GoogleUtilities-Logger.DependencyMetadataFileList

WriteAuxiliaryFile /Users/Veer/Library/Developer/Xcode/DerivedData/HearifyV1-ftljoypfezvlxcgouzbpmsmxzads/Build/Intermediates.noindex/GoogleUtilities.build/Debug-iphoneos/GoogleUtilities-Logger.build/DerivedSources/resource_bundle_accessor.m (in target 'GoogleUtilities-Logger' from project 'GoogleUtilities')
    cd /Users/Veer/Library/Developer/Xcode/DerivedData/HearifyV1-ftljoypfezvlxcgouzbpmsmxzads/SourcePackages/checkouts/GoogleUtilities
    write-file /Users/Veer/Library/Developer/Xcode/DerivedData/HearifyV1-ftljoypfezvlxcgouzbpmsmxzads/Build/Intermediates.noindex/GoogleUtilities.build/Debug-iphoneos/GoogleUtilities-Logger.build/DerivedSources/resource_bundle_accessor.m

WriteAuxiliaryFile /Users/Veer/Library/Developer/Xcode/DerivedData/HearifyV1-ftljoypfezvlxcgouzbpmsmxzads/Build/Intermediates.noindex/GoogleUtilities.build/Debug-iphoneos/GoogleUtilities-Logger.build/DerivedSources/resource_bundle_accessor.h (in target 'GoogleUtilities-Logger' from project 'GoogleUtilities')
    cd /Users/Veer/Library/Developer/Xcode/DerivedData/HearifyV1-ftljoypfezvlxcgouzbpmsmxzads/SourcePackages/checkouts/GoogleUtilities
    write-file /Users/Veer/Library/Developer/Xcode/DerivedData/HearifyV1-ftljoypfezvlxcgouzbpmsmxzads/Build/Intermediates.noindex/GoogleUtilities.build/Debug-iphoneos/GoogleUtilities-Logger.build/DerivedSources/resource_bundle_accessor.h

WriteAuxiliaryFile /Users/Veer/Library/Developer/Xcode/DerivedData/HearifyV1-ftljoypfezvlxcgouzbpmsmxzads/Build/Intermediates.noindex/GoogleUtilities.build/Debug-iphoneos/GoogleUtilities-Environment.build/Objects-normal/arm64/e6072d4f65d7061329687fe24e3d63a7-common-args.resp (in target 'GoogleUtilities-Environment' from project 'GoogleUtilities')
    cd /Users/Veer/Library/Developer/Xcode/DerivedData/HearifyV1-ftljoypfezvlxcgouzbpmsmxzads/SourcePackages/checkouts/GoogleUtilities
    write-file /Users/Veer/Library/Developer/Xcode/DerivedData/HearifyV1-ftljoypfezvlxcgouzbpmsmxzads/Build/Intermediates.noindex/GoogleUtilities.build/Debug-iphoneos/GoogleUtilities-Environment.build/Objects-normal/arm64/e6072d4f65d7061329687fe24e3d63a7-common-args.resp
-target arm64-apple-ios12.0 '-std=c99' -fobjc-arc -fmodules -gmodules '-fmodules-cache-path=/Users/Veer/Library/Developer/Xcode/DerivedData/ModuleCache.noindex' '-fmodule-name=GoogleUtilities_Environment' -fpascal-strings -O0 -DSWIFT_PACKAGE '-DDEBUG=1' '-DOBJC_OLD_DISPATCH_PROTOTYPES=1' -isysroot /Applications/Xcode.app/Contents/Developer/Platforms/iPhoneOS.platform/Developer/SDKs/iPhoneOS26.2.sdk -g -fprofile-instr-generate -fcoverage-mapping -I/Users/Veer/Library/Developer/Xcode/DerivedData/HearifyV1-ftljoypfezvlxcgouzbpmsmxzads/SourcePackages/checkouts/GoogleUtilities/third_party/IsAppEncrypted/Public -I/Users/Veer/Library/Developer/Xcode/DerivedData/HearifyV1-ftljoypfezvlxcgouzbpmsmxzads/Build/Products/Debug-iphoneos/include -I/Users/Veer/Library/Developer/Xcode/DerivedData/HearifyV1-ftljoypfezvlxcgouzbpmsmxzads/SourcePackages/checkouts/GoogleUtilities/GoogleUtilities/Environment/Public -I/Users/Veer/Library/Developer/Xcode/DerivedData/HearifyV1-ftljoypfezvlxcgouzbpmsmxzads/SourcePackages/checkouts/GoogleUtilities -I/Users/Veer/Library/Developer/Xcode/DerivedData/HearifyV1-ftljoypfezvlxcgouzbpmsmxzads/Build/Intermediates.noindex/GoogleUtilities.build/Debug-iphoneos/GoogleUtilities-Environment.build/DerivedSources-normal/arm64 -I/Users/Veer/Library/Developer/Xcode/DerivedData/HearifyV1-ftljoypfezvlxcgouzbpmsmxzads/Build/Intermediates.noindex/GoogleUtilities.build/Debug-iphoneos/GoogleUtilities-Environment.build/DerivedSources/arm64 -I/Users/Veer/Library/Developer/Xcode/DerivedData/HearifyV1-ftljoypfezvlxcgouzbpmsmxzads/Build/Intermediates.noindex/GoogleUtilities.build/Debug-iphoneos/GoogleUtilities-Environment.build/DerivedSources -F/Users/Veer/Library/Developer/Xcode/DerivedData/HearifyV1-ftljoypfezvlxcgouzbpmsmxzads/Build/Products/Debug-iphoneos/PackageFrameworks -F/Users/Veer/Library/Developer/Xcode/DerivedData/HearifyV1-ftljoypfezvlxcgouzbpmsmxzads/Build/Products/Debug-iphoneos -iframework /Applications/Xcode.app/Contents/Developer/Platforms/iPhoneOS.platform/Developer/Library/Frameworks -iframework /Applications/Xcode.app/Contents/Developer/Platforms/iPhoneOS.platform/Developer/SDKs/iPhoneOS26.2.sdk/Developer/Library/Frameworks '-fmodule-map-file=/Users/Veer/Library/Developer/Xcode/DerivedData/HearifyV1-ftljoypfezvlxcgouzbpmsmxzads/Build/Intermediates.noindex/GeneratedModuleMaps-iphoneos/third-party-IsAppEncrypted.modulemap' -DXcode

WriteAuxiliaryFile /Users/Veer/Library/Developer/Xcode/DerivedData/HearifyV1-ftljoypfezvlxcgouzbpmsmxzads/Build/Intermediates.noindex/GoogleUtilities.build/Debug-iphoneos/GoogleUtilities-Environment.build/Objects-normal/arm64/GoogleUtilities-Environment.LinkFileList (in target 'GoogleUtilities-Environment' from project 'GoogleUtilities')
    cd /Users/Veer/Library/Developer/Xcode/DerivedData/HearifyV1-ftljoypfezvlxcgouzbpmsmxzads/SourcePackages/checkouts/GoogleUtilities
    write-file /Users/Veer/Library/Developer/Xcode/DerivedData/HearifyV1-ftljoypfezvlxcgouzbpmsmxzads/Build/Intermediates.noindex/GoogleUtilities.build/Debug-iphoneos/GoogleUtilities-Environment.build/Objects-normal/arm64/GoogleUtilities-Environment.LinkFileList

WriteAuxiliaryFile /Users/Veer/Library/Developer/Xcode/DerivedData/HearifyV1-ftljoypfezvlxcgouzbpmsmxzads/Build/Intermediates.noindex/GoogleUtilities.build/Debug-iphoneos/GoogleUtilities-Environment.build/GoogleUtilities-Environment.modulemap (in target 'GoogleUtilities-Environment' from project 'GoogleUtilities')
    cd /Users/Veer/Library/Developer/Xcode/DerivedData/HearifyV1-ftljoypfezvlxcgouzbpmsmxzads/SourcePackages/checkouts/GoogleUtilities
    write-file /Users/Veer/Library/Developer/Xcode/DerivedData/HearifyV1-ftljoypfezvlxcgouzbpmsmxzads/Build/Intermediates.noindex/GoogleUtilities.build/Debug-iphoneos/GoogleUtilities-Environment.build/GoogleUtilities-Environment.modulemap

WriteAuxiliaryFile /Users/Veer/Library/Developer/Xcode/DerivedData/HearifyV1-ftljoypfezvlxcgouzbpmsmxzads/Build/Intermediates.noindex/GoogleUtilities.build/Debug-iphoneos/GoogleUtilities-Environment.build/GoogleUtilities-Environment.DependencyStaticMetadataFileList (in target 'GoogleUtilities-Environment' from project 'GoogleUtilities')
    cd /Users/Veer/Library/Developer/Xcode/DerivedData/HearifyV1-ftljoypfezvlxcgouzbpmsmxzads/SourcePackages/checkouts/GoogleUtilities
    write-file /Users/Veer/Library/Developer/Xcode/DerivedData/HearifyV1-ftljoypfezvlxcgouzbpmsmxzads/Build/Intermediates.noindex/GoogleUtilities.build/Debug-iphoneos/GoogleUtilities-Environment.build/GoogleUtilities-Environment.DependencyStaticMetadataFileList

WriteAuxiliaryFile /Users/Veer/Library/Developer/Xcode/DerivedData/HearifyV1-ftljoypfezvlxcgouzbpmsmxzads/Build/Intermediates.noindex/GoogleUtilities.build/Debug-iphoneos/GoogleUtilities-Environment.build/GoogleUtilities-Environment.DependencyMetadataFileList (in target 'GoogleUtilities-Environment' from project 'GoogleUtilities')
    cd /Users/Veer/Library/Developer/Xcode/DerivedData/HearifyV1-ftljoypfezvlxcgouzbpmsmxzads/SourcePackages/checkouts/GoogleUtilities
    write-file /Users/Veer/Library/Developer/Xcode/DerivedData/HearifyV1-ftljoypfezvlxcgouzbpmsmxzads/Build/Intermediates.noindex/GoogleUtilities.build/Debug-iphoneos/GoogleUtilities-Environment.build/GoogleUtilities-Environment.DependencyMetadataFileList

WriteAuxiliaryFile /Users/Veer/Library/Developer/Xcode/DerivedData/HearifyV1-ftljoypfezvlxcgouzbpmsmxzads/Build/Intermediates.noindex/GoogleUtilities.build/Debug-iphoneos/GoogleUtilities-Environment.build/DerivedSources/resource_bundle_accessor.m (in target 'GoogleUtilities-Environment' from project 'GoogleUtilities')
    cd /Users/Veer/Library/Developer/Xcode/DerivedData/HearifyV1-ftljoypfezvlxcgouzbpmsmxzads/SourcePackages/checkouts/GoogleUtilities
    write-file /Users/Veer/Library/Developer/Xcode/DerivedData/HearifyV1-ftljoypfezvlxcgouzbpmsmxzads/Build/Intermediates.noindex/GoogleUtilities.build/Debug-iphoneos/GoogleUtilities-Environment.build/DerivedSources/resource_bundle_accessor.m

WriteAuxiliaryFile /Users/Veer/Library/Developer/Xcode/DerivedData/HearifyV1-ftljoypfezvlxcgouzbpmsmxzads/Build/Intermediates.noindex/GoogleUtilities.build/Debug-iphoneos/GoogleUtilities-Environment.build/DerivedSources/resource_bundle_accessor.h (in target 'GoogleUtilities-Environment' from project 'GoogleUtilities')
    cd /Users/Veer/Library/Developer/Xcode/DerivedData/HearifyV1-ftljoypfezvlxcgouzbpmsmxzads/SourcePackages/checkouts/GoogleUtilities
    write-file /Users/Veer/Library/Developer/Xcode/DerivedData/HearifyV1-ftljoypfezvlxcgouzbpmsmxzads/Build/Intermediates.noindex/GoogleUtilities.build/Debug-iphoneos/GoogleUtilities-Environment.build/DerivedSources/resource_bundle_accessor.h

WriteAuxiliaryFile /Users/Veer/Library/Developer/Xcode/DerivedData/HearifyV1-ftljoypfezvlxcgouzbpmsmxzads/Build/Intermediates.noindex/GoogleUtilities.build/Debug-iphoneos/GoogleUtilities-AppDelegateSwizzler.build/Objects-normal/arm64/e6072d4f65d7061329687fe24e3d63a7-common-args.resp (in target 'GoogleUtilities-AppDelegateSwizzler' from project 'GoogleUtilities')
    cd /Users/Veer/Library/Developer/Xcode/DerivedData/HearifyV1-ftljoypfezvlxcgouzbpmsmxzads/SourcePackages/checkouts/GoogleUtilities
    write-file /Users/Veer/Library/Developer/Xcode/DerivedData/HearifyV1-ftljoypfezvlxcgouzbpmsmxzads/Build/Intermediates.noindex/GoogleUtilities.build/Debug-iphoneos/GoogleUtilities-AppDelegateSwizzler.build/Objects-normal/arm64/e6072d4f65d7061329687fe24e3d63a7-common-args.resp
-target arm64-apple-ios12.0 '-std=c99' -fobjc-arc -fmodules -gmodules '-fmodules-cache-path=/Users/Veer/Library/Developer/Xcode/DerivedData/ModuleCache.noindex' '-fmodule-name=GoogleUtilities_AppDelegateSwizzler' -fpascal-strings -O0 -DSWIFT_PACKAGE '-DDEBUG=1' '-DOBJC_OLD_DISPATCH_PROTOTYPES=1' -isysroot /Applications/Xcode.app/Contents/Developer/Platforms/iPhoneOS.platform/Developer/SDKs/iPhoneOS26.2.sdk -g -fprofile-instr-generate -fcoverage-mapping -I/Users/Veer/Library/Developer/Xcode/DerivedData/HearifyV1-ftljoypfezvlxcgouzbpmsmxzads/SourcePackages/checkouts/GoogleUtilities/GoogleUtilities/Network/Public -I/Users/Veer/Library/Developer/Xcode/DerivedData/HearifyV1-ftljoypfezvlxcgouzbpmsmxzads/SourcePackages/checkouts/GoogleUtilities/GoogleUtilities/Reachability/Public -I/Users/Veer/Library/Developer/Xcode/DerivedData/HearifyV1-ftljoypfezvlxcgouzbpmsmxzads/SourcePackages/checkouts/GoogleUtilities/GoogleUtilities/NSData+zlib/Public -I/Users/Veer/Library/Developer/Xcode/DerivedData/HearifyV1-ftljoypfezvlxcgouzbpmsmxzads/SourcePackages/checkouts/GoogleUtilities/GoogleUtilities/Logger/Public -I/Users/Veer/Library/Developer/Xcode/DerivedData/HearifyV1-ftljoypfezvlxcgouzbpmsmxzads/SourcePackages/checkouts/GoogleUtilities/GoogleUtilities/Environment/Public -I/Users/Veer/Library/Developer/Xcode/DerivedData/HearifyV1-ftljoypfezvlxcgouzbpmsmxzads/SourcePackages/checkouts/GoogleUtilities/third_party/IsAppEncrypted/Public -I/Users/Veer/Library/Developer/Xcode/DerivedData/HearifyV1-ftljoypfezvlxcgouzbpmsmxzads/Build/Products/Debug-iphoneos/include -I/Users/Veer/Library/Developer/Xcode/DerivedData/HearifyV1-ftljoypfezvlxcgouzbpmsmxzads/SourcePackages/checkouts/GoogleUtilities/GoogleUtilities/AppDelegateSwizzler/Public -I/Users/Veer/Library/Developer/Xcode/DerivedData/HearifyV1-ftljoypfezvlxcgouzbpmsmxzads/SourcePackages/checkouts/GoogleUtilities -I/Users/Veer/Library/Developer/Xcode/DerivedData/HearifyV1-ftljoypfezvlxcgouzbpmsmxzads/Build/Intermediates.noindex/GoogleUtilities.build/Debug-iphoneos/GoogleUtilities-AppDelegateSwizzler.build/DerivedSources-normal/arm64 -I/Users/Veer/Library/Developer/Xcode/DerivedData/HearifyV1-ftljoypfezvlxcgouzbpmsmxzads/Build/Intermediates.noindex/GoogleUtilities.build/Debug-iphoneos/GoogleUtilities-AppDelegateSwizzler.build/DerivedSources/arm64 -I/Users/Veer/Library/Developer/Xcode/DerivedData/HearifyV1-ftljoypfezvlxcgouzbpmsmxzads/Build/Intermediates.noindex/GoogleUtilities.build/Debug-iphoneos/GoogleUtilities-AppDelegateSwizzler.build/DerivedSources -F/Users/Veer/Library/Developer/Xcode/DerivedData/HearifyV1-ftljoypfezvlxcgouzbpmsmxzads/Build/Products/Debug-iphoneos/PackageFrameworks -F/Users/Veer/Library/Developer/Xcode/DerivedData/HearifyV1-ftljoypfezvlxcgouzbpmsmxzads/Build/Products/Debug-iphoneos/PackageFrameworks -F/Users/Veer/Library/Developer/Xcode/DerivedData/HearifyV1-ftljoypfezvlxcgouzbpmsmxzads/Build/Products/Debug-iphoneos/PackageFrameworks -F/Users/Veer/Library/Developer/Xcode/DerivedData/HearifyV1-ftljoypfezvlxcgouzbpmsmxzads/Build/Products/Debug-iphoneos/PackageFrameworks -F/Users/Veer/Library/Developer/Xcode/DerivedData/HearifyV1-ftljoypfezvlxcgouzbpmsmxzads/Build/Products/Debug-iphoneos/PackageFrameworks -F/Users/Veer/Library/Developer/Xcode/DerivedData/HearifyV1-ftljoypfezvlxcgouzbpmsmxzads/Build/Products/Debug-iphoneos/PackageFrameworks -F/Users/Veer/Library/Developer/Xcode/DerivedData/HearifyV1-ftljoypfezvlxcgouzbpmsmxzads/Build/Products/Debug-iphoneos -iframework /Applications/Xcode.app/Contents/Developer/Platforms/iPhoneOS.platform/Developer/Library/Frameworks -iframework /Applications/Xcode.app/Contents/Developer/Platforms/iPhoneOS.platform/Developer/SDKs/iPhoneOS26.2.sdk/Developer/Library/Frameworks '-fmodule-map-file=/Users/Veer/Library/Developer/Xcode/DerivedData/HearifyV1-ftljoypfezvlxcgouzbpmsmxzads/Build/Intermediates.noindex/GeneratedModuleMaps-iphoneos/GoogleUtilities-Network.modulemap' '-fmodule-map-file=/Users/Veer/Library/Developer/Xcode/DerivedData/HearifyV1-ftljoypfezvlxcgouzbpmsmxzads/Build/Intermediates.noindex/GeneratedModuleMaps-iphoneos/GoogleUtilities-Reachability.modulemap' '-fmodule-map-file=/Users/Veer/Library/Developer/Xcode/DerivedData/HearifyV1-ftljoypfezvlxcgouzbpmsmxzads/Build/Intermediates.noindex/GeneratedModuleMaps-iphoneos/GoogleUtilities-NSData.modulemap' '-fmodule-map-file=/Users/Veer/Library/Developer/Xcode/DerivedData/HearifyV1-ftljoypfezvlxcgouzbpmsmxzads/Build/Intermediates.noindex/GeneratedModuleMaps-iphoneos/GoogleUtilities-Logger.modulemap' '-fmodule-map-file=/Users/Veer/Library/Developer/Xcode/DerivedData/HearifyV1-ftljoypfezvlxcgouzbpmsmxzads/Build/Intermediates.noindex/GeneratedModuleMaps-iphoneos/GoogleUtilities-Environment.modulemap' '-fmodule-map-file=/Users/Veer/Library/Developer/Xcode/DerivedData/HearifyV1-ftljoypfezvlxcgouzbpmsmxzads/Build/Intermediates.noindex/GeneratedModuleMaps-iphoneos/third-party-IsAppEncrypted.modulemap' -DXcode

WriteAuxiliaryFile /Users/Veer/Library/Developer/Xcode/DerivedData/HearifyV1-ftljoypfezvlxcgouzbpmsmxzads/Build/Intermediates.noindex/GoogleUtilities.build/Debug-iphoneos/GoogleUtilities-AppDelegateSwizzler.build/GoogleUtilities-AppDelegateSwizzler.modulemap (in target 'GoogleUtilities-AppDelegateSwizzler' from project 'GoogleUtilities')
    cd /Users/Veer/Library/Developer/Xcode/DerivedData/HearifyV1-ftljoypfezvlxcgouzbpmsmxzads/SourcePackages/checkouts/GoogleUtilities
    write-file /Users/Veer/Library/Developer/Xcode/DerivedData/HearifyV1-ftljoypfezvlxcgouzbpmsmxzads/Build/Intermediates.noindex/GoogleUtilities.build/Debug-iphoneos/GoogleUtilities-AppDelegateSwizzler.build/GoogleUtilities-AppDelegateSwizzler.modulemap

WriteAuxiliaryFile /Users/Veer/Library/Developer/Xcode/DerivedData/HearifyV1-ftljoypfezvlxcgouzbpmsmxzads/Build/Intermediates.noindex/GoogleUtilities.build/Debug-iphoneos/GoogleUtilities-AppDelegateSwizzler.build/Objects-normal/arm64/GoogleUtilities-AppDelegateSwizzler.LinkFileList (in target 'GoogleUtilities-AppDelegateSwizzler' from project 'GoogleUtilities')
    cd /Users/Veer/Library/Developer/Xcode/DerivedData/HearifyV1-ftljoypfezvlxcgouzbpmsmxzads/SourcePackages/checkouts/GoogleUtilities
    write-file /Users/Veer/Library/Developer/Xcode/DerivedData/HearifyV1-ftljoypfezvlxcgouzbpmsmxzads/Build/Intermediates.noindex/GoogleUtilities.build/Debug-iphoneos/GoogleUtilities-AppDelegateSwizzler.build/Objects-normal/arm64/GoogleUtilities-AppDelegateSwizzler.LinkFileList

WriteAuxiliaryFile /Users/Veer/Library/Developer/Xcode/DerivedData/HearifyV1-ftljoypfezvlxcgouzbpmsmxzads/Build/Intermediates.noindex/GoogleUtilities.build/Debug-iphoneos/GoogleUtilities-AppDelegateSwizzler.build/GoogleUtilities-AppDelegateSwizzler.DependencyStaticMetadataFileList (in target 'GoogleUtilities-AppDelegateSwizzler' from project 'GoogleUtilities')
    cd /Users/Veer/Library/Developer/Xcode/DerivedData/HearifyV1-ftljoypfezvlxcgouzbpmsmxzads/SourcePackages/checkouts/GoogleUtilities
    write-file /Users/Veer/Library/Developer/Xcode/DerivedData/HearifyV1-ftljoypfezvlxcgouzbpmsmxzads/Build/Intermediates.noindex/GoogleUtilities.build/Debug-iphoneos/GoogleUtilities-AppDelegateSwizzler.build/GoogleUtilities-AppDelegateSwizzler.DependencyStaticMetadataFileList

WriteAuxiliaryFile /Users/Veer/Library/Developer/Xcode/DerivedData/HearifyV1-ftljoypfezvlxcgouzbpmsmxzads/Build/Intermediates.noindex/GoogleUtilities.build/Debug-iphoneos/GoogleUtilities-AppDelegateSwizzler.build/GoogleUtilities-AppDelegateSwizzler.DependencyMetadataFileList (in target 'GoogleUtilities-AppDelegateSwizzler' from project 'GoogleUtilities')
    cd /Users/Veer/Library/Developer/Xcode/DerivedData/HearifyV1-ftljoypfezvlxcgouzbpmsmxzads/SourcePackages/checkouts/GoogleUtilities
    write-file /Users/Veer/Library/Developer/Xcode/DerivedData/HearifyV1-ftljoypfezvlxcgouzbpmsmxzads/Build/Intermediates.noindex/GoogleUtilities.build/Debug-iphoneos/GoogleUtilities-AppDelegateSwizzler.build/GoogleUtilities-AppDelegateSwizzler.DependencyMetadataFileList

WriteAuxiliaryFile /Users/Veer/Library/Developer/Xcode/DerivedData/HearifyV1-ftljoypfezvlxcgouzbpmsmxzads/Build/Intermediates.noindex/GTMSessionFetcher.build/Debug-iphoneos/GTMSessionFetcher_GTMSessionFetcherCore.build/empty-GTMSessionFetcher_GTMSessionFetcherCore.plist (in target 'GTMSessionFetcher_GTMSessionFetcherCore' from project 'GTMSessionFetcher')
    cd /Users/Veer/Library/Developer/Xcode/DerivedData/HearifyV1-ftljoypfezvlxcgouzbpmsmxzads/SourcePackages/checkouts/gtm-session-fetcher
    write-file /Users/Veer/Library/Developer/Xcode/DerivedData/HearifyV1-ftljoypfezvlxcgouzbpmsmxzads/Build/Intermediates.noindex/GTMSessionFetcher.build/Debug-iphoneos/GTMSessionFetcher_GTMSessionFetcherCore.build/empty-GTMSessionFetcher_GTMSessionFetcherCore.plist

WriteAuxiliaryFile /Users/Veer/Library/Developer/Xcode/DerivedData/HearifyV1-ftljoypfezvlxcgouzbpmsmxzads/Build/Intermediates.noindex/GoogleUtilities.build/Debug-iphoneos/GoogleUtilities-AppDelegateSwizzler.build/DerivedSources/resource_bundle_accessor.m (in target 'GoogleUtilities-AppDelegateSwizzler' from project 'GoogleUtilities')
    cd /Users/Veer/Library/Developer/Xcode/DerivedData/HearifyV1-ftljoypfezvlxcgouzbpmsmxzads/SourcePackages/checkouts/GoogleUtilities
    write-file /Users/Veer/Library/Developer/Xcode/DerivedData/HearifyV1-ftljoypfezvlxcgouzbpmsmxzads/Build/Intermediates.noindex/GoogleUtilities.build/Debug-iphoneos/GoogleUtilities-AppDelegateSwizzler.build/DerivedSources/resource_bundle_accessor.m

WriteAuxiliaryFile /Users/Veer/Library/Developer/Xcode/DerivedData/HearifyV1-ftljoypfezvlxcgouzbpmsmxzads/Build/Intermediates.noindex/GTMSessionFetcher.build/Debug-iphoneos/GTMSessionFetcher_GTMSessionFetcherCore.build/GTMSessionFetcher_GTMSessionFetcherCore.DependencyMetadataFileList (in target 'GTMSessionFetcher_GTMSessionFetcherCore' from project 'GTMSessionFetcher')
    cd /Users/Veer/Library/Developer/Xcode/DerivedData/HearifyV1-ftljoypfezvlxcgouzbpmsmxzads/SourcePackages/checkouts/gtm-session-fetcher
    write-file /Users/Veer/Library/Developer/Xcode/DerivedData/HearifyV1-ftljoypfezvlxcgouzbpmsmxzads/Build/Intermediates.noindex/GTMSessionFetcher.build/Debug-iphoneos/GTMSessionFetcher_GTMSessionFetcherCore.build/GTMSessionFetcher_GTMSessionFetcherCore.DependencyMetadataFileList

WriteAuxiliaryFile /Users/Veer/Library/Developer/Xcode/DerivedData/HearifyV1-ftljoypfezvlxcgouzbpmsmxzads/Build/Intermediates.noindex/GTMSessionFetcher.build/Debug-iphoneos/GTMSessionFetcherCore.build/Objects-normal/arm64/e6072d4f65d7061329687fe24e3d63a7-common-args.resp (in target 'GTMSessionFetcherCore' from project 'GTMSessionFetcher')
    cd /Users/Veer/Library/Developer/Xcode/DerivedData/HearifyV1-ftljoypfezvlxcgouzbpmsmxzads/SourcePackages/checkouts/gtm-session-fetcher
    write-file /Users/Veer/Library/Developer/Xcode/DerivedData/HearifyV1-ftljoypfezvlxcgouzbpmsmxzads/Build/Intermediates.noindex/GTMSessionFetcher.build/Debug-iphoneos/GTMSessionFetcherCore.build/Objects-normal/arm64/e6072d4f65d7061329687fe24e3d63a7-common-args.resp
-target arm64-apple-ios15.0 -fobjc-arc -fmodules -gmodules '-fmodules-cache-path=/Users/Veer/Library/Developer/Xcode/DerivedData/ModuleCache.noindex' '-fmodule-name=GTMSessionFetcherCore' -fpascal-strings -O0 -DSWIFT_PACKAGE '-DDEBUG=1' '-DOBJC_OLD_DISPATCH_PROTOTYPES=1' -isysroot /Applications/Xcode.app/Contents/Developer/Platforms/iPhoneOS.platform/Developer/SDKs/iPhoneOS26.2.sdk -g -fprofile-instr-generate -fcoverage-mapping -I/Users/Veer/Library/Developer/Xcode/DerivedData/HearifyV1-ftljoypfezvlxcgouzbpmsmxzads/Build/Products/Debug-iphoneos/include -I/Users/Veer/Library/Developer/Xcode/DerivedData/HearifyV1-ftljoypfezvlxcgouzbpmsmxzads/SourcePackages/checkouts/gtm-session-fetcher/Sources/Core/Public -I/Users/Veer/Library/Developer/Xcode/DerivedData/HearifyV1-ftljoypfezvlxcgouzbpmsmxzads/Build/Intermediates.noindex/GTMSessionFetcher.build/Debug-iphoneos/GTMSessionFetcherCore.build/DerivedSources-normal/arm64 -I/Users/Veer/Library/Developer/Xcode/DerivedData/HearifyV1-ftljoypfezvlxcgouzbpmsmxzads/Build/Intermediates.noindex/GTMSessionFetcher.build/Debug-iphoneos/GTMSessionFetcherCore.build/DerivedSources/arm64 -I/Users/Veer/Library/Developer/Xcode/DerivedData/HearifyV1-ftljoypfezvlxcgouzbpmsmxzads/Build/Intermediates.noindex/GTMSessionFetcher.build/Debug-iphoneos/GTMSessionFetcherCore.build/DerivedSources -F/Users/Veer/Library/Developer/Xcode/DerivedData/HearifyV1-ftljoypfezvlxcgouzbpmsmxzads/Build/Products/Debug-iphoneos -iframework /Applications/Xcode.app/Contents/Developer/Platforms/iPhoneOS.platform/Developer/Library/Frameworks -iframework /Applications/Xcode.app/Contents/Developer/Platforms/iPhoneOS.platform/Developer/SDKs/iPhoneOS26.2.sdk/Developer/Library/Frameworks -DXcode

WriteAuxiliaryFile /Users/Veer/Library/Developer/Xcode/DerivedData/HearifyV1-ftljoypfezvlxcgouzbpmsmxzads/Build/Intermediates.noindex/GTMSessionFetcher.build/Debug-iphoneos/GTMSessionFetcherCore.build/Objects-normal/arm64/GTMSessionFetcherCore.LinkFileList (in target 'GTMSessionFetcherCore' from project 'GTMSessionFetcher')
    cd /Users/Veer/Library/Developer/Xcode/DerivedData/HearifyV1-ftljoypfezvlxcgouzbpmsmxzads/SourcePackages/checkouts/gtm-session-fetcher
    write-file /Users/Veer/Library/Developer/Xcode/DerivedData/HearifyV1-ftljoypfezvlxcgouzbpmsmxzads/Build/Intermediates.noindex/GTMSessionFetcher.build/Debug-iphoneos/GTMSessionFetcherCore.build/Objects-normal/arm64/GTMSessionFetcherCore.LinkFileList

WriteAuxiliaryFile /Users/Veer/Library/Developer/Xcode/DerivedData/HearifyV1-ftljoypfezvlxcgouzbpmsmxzads/Build/Intermediates.noindex/GTMSessionFetcher.build/Debug-iphoneos/GTMSessionFetcher_GTMSessionFetcherCore.build/GTMSessionFetcher_GTMSessionFetcherCore.DependencyStaticMetadataFileList (in target 'GTMSessionFetcher_GTMSessionFetcherCore' from project 'GTMSessionFetcher')
    cd /Users/Veer/Library/Developer/Xcode/DerivedData/HearifyV1-ftljoypfezvlxcgouzbpmsmxzads/SourcePackages/checkouts/gtm-session-fetcher
    write-file /Users/Veer/Library/Developer/Xcode/DerivedData/HearifyV1-ftljoypfezvlxcgouzbpmsmxzads/Build/Intermediates.noindex/GTMSessionFetcher.build/Debug-iphoneos/GTMSessionFetcher_GTMSessionFetcherCore.build/GTMSessionFetcher_GTMSessionFetcherCore.DependencyStaticMetadataFileList

WriteAuxiliaryFile /Users/Veer/Library/Developer/Xcode/DerivedData/HearifyV1-ftljoypfezvlxcgouzbpmsmxzads/Build/Intermediates.noindex/GoogleUtilities.build/Debug-iphoneos/GoogleUtilities-AppDelegateSwizzler.build/DerivedSources/resource_bundle_accessor.h (in target 'GoogleUtilities-AppDelegateSwizzler' from project 'GoogleUtilities')
    cd /Users/Veer/Library/Developer/Xcode/DerivedData/HearifyV1-ftljoypfezvlxcgouzbpmsmxzads/SourcePackages/checkouts/GoogleUtilities
    write-file /Users/Veer/Library/Developer/Xcode/DerivedData/HearifyV1-ftljoypfezvlxcgouzbpmsmxzads/Build/Intermediates.noindex/GoogleUtilities.build/Debug-iphoneos/GoogleUtilities-AppDelegateSwizzler.build/DerivedSources/resource_bundle_accessor.h

WriteAuxiliaryFile /Users/Veer/Library/Developer/Xcode/DerivedData/HearifyV1-ftljoypfezvlxcgouzbpmsmxzads/Build/Intermediates.noindex/GTMSessionFetcher.build/Debug-iphoneos/GTMSessionFetcherCore.build/GTMSessionFetcherCore.modulemap (in target 'GTMSessionFetcherCore' from project 'GTMSessionFetcher')
    cd /Users/Veer/Library/Developer/Xcode/DerivedData/HearifyV1-ftljoypfezvlxcgouzbpmsmxzads/SourcePackages/checkouts/gtm-session-fetcher
    write-file /Users/Veer/Library/Developer/Xcode/DerivedData/HearifyV1-ftljoypfezvlxcgouzbpmsmxzads/Build/Intermediates.noindex/GTMSessionFetcher.build/Debug-iphoneos/GTMSessionFetcherCore.build/GTMSessionFetcherCore.modulemap

WriteAuxiliaryFile /Users/Veer/Library/Developer/Xcode/DerivedData/HearifyV1-ftljoypfezvlxcgouzbpmsmxzads/Build/Intermediates.noindex/GTMSessionFetcher.build/Debug-iphoneos/GTMSessionFetcherCore.build/GTMSessionFetcherCore.DependencyStaticMetadataFileList (in target 'GTMSessionFetcherCore' from project 'GTMSessionFetcher')
    cd /Users/Veer/Library/Developer/Xcode/DerivedData/HearifyV1-ftljoypfezvlxcgouzbpmsmxzads/SourcePackages/checkouts/gtm-session-fetcher
    write-file /Users/Veer/Library/Developer/Xcode/DerivedData/HearifyV1-ftljoypfezvlxcgouzbpmsmxzads/Build/Intermediates.noindex/GTMSessionFetcher.build/Debug-iphoneos/GTMSessionFetcherCore.build/GTMSessionFetcherCore.DependencyStaticMetadataFileList

WriteAuxiliaryFile /Users/Veer/Library/Developer/Xcode/DerivedData/HearifyV1-ftljoypfezvlxcgouzbpmsmxzads/Build/Intermediates.noindex/GTMSessionFetcher.build/Debug-iphoneos/GTMSessionFetcherCore.build/GTMSessionFetcherCore.DependencyMetadataFileList (in target 'GTMSessionFetcherCore' from project 'GTMSessionFetcher')
    cd /Users/Veer/Library/Developer/Xcode/DerivedData/HearifyV1-ftljoypfezvlxcgouzbpmsmxzads/SourcePackages/checkouts/gtm-session-fetcher
    write-file /Users/Veer/Library/Developer/Xcode/DerivedData/HearifyV1-ftljoypfezvlxcgouzbpmsmxzads/Build/Intermediates.noindex/GTMSessionFetcher.build/Debug-iphoneos/GTMSessionFetcherCore.build/GTMSessionFetcherCore.DependencyMetadataFileList

WriteAuxiliaryFile /Users/Veer/Library/Developer/Xcode/DerivedData/HearifyV1-ftljoypfezvlxcgouzbpmsmxzads/Build/Intermediates.noindex/GTMSessionFetcher.build/Debug-iphoneos/GTMSessionFetcherCore.build/DerivedSources/resource_bundle_accessor.m (in target 'GTMSessionFetcherCore' from project 'GTMSessionFetcher')
    cd /Users/Veer/Library/Developer/Xcode/DerivedData/HearifyV1-ftljoypfezvlxcgouzbpmsmxzads/SourcePackages/checkouts/gtm-session-fetcher
    write-file /Users/Veer/Library/Developer/Xcode/DerivedData/HearifyV1-ftljoypfezvlxcgouzbpmsmxzads/Build/Intermediates.noindex/GTMSessionFetcher.build/Debug-iphoneos/GTMSessionFetcherCore.build/DerivedSources/resource_bundle_accessor.m

WriteAuxiliaryFile /Users/Veer/Library/Developer/Xcode/DerivedData/HearifyV1-ftljoypfezvlxcgouzbpmsmxzads/Build/Intermediates.noindex/GTMSessionFetcher.build/Debug-iphoneos/GTMSessionFetcherCore.build/DerivedSources/resource_bundle_accessor.h (in target 'GTMSessionFetcherCore' from project 'GTMSessionFetcher')
    cd /Users/Veer/Library/Developer/Xcode/DerivedData/HearifyV1-ftljoypfezvlxcgouzbpmsmxzads/SourcePackages/checkouts/gtm-session-fetcher
    write-file /Users/Veer/Library/Developer/Xcode/DerivedData/HearifyV1-ftljoypfezvlxcgouzbpmsmxzads/Build/Intermediates.noindex/GTMSessionFetcher.build/Debug-iphoneos/GTMSessionFetcherCore.build/DerivedSources/resource_bundle_accessor.h

WriteAuxiliaryFile /Users/Veer/Library/Developer/Xcode/DerivedData/HearifyV1-ftljoypfezvlxcgouzbpmsmxzads/Build/Intermediates.noindex/Firebase.build/Debug-iphoneos/Firebase_FirebaseFirestore.build/empty-Firebase_FirebaseFirestore.plist (in target 'Firebase_FirebaseFirestore' from project 'Firebase')
    cd /Users/Veer/Library/Developer/Xcode/DerivedData/HearifyV1-ftljoypfezvlxcgouzbpmsmxzads/SourcePackages/checkouts/firebase-ios-sdk
    write-file /Users/Veer/Library/Developer/Xcode/DerivedData/HearifyV1-ftljoypfezvlxcgouzbpmsmxzads/Build/Intermediates.noindex/Firebase.build/Debug-iphoneos/Firebase_FirebaseFirestore.build/empty-Firebase_FirebaseFirestore.plist

WriteAuxiliaryFile /Users/Veer/Library/Developer/Xcode/DerivedData/HearifyV1-ftljoypfezvlxcgouzbpmsmxzads/Build/Intermediates.noindex/Firebase.build/Debug-iphoneos/Firebase_FirebaseFirestore.build/Firebase_FirebaseFirestore.DependencyStaticMetadataFileList (in target 'Firebase_FirebaseFirestore' from project 'Firebase')
    cd /Users/Veer/Library/Developer/Xcode/DerivedData/HearifyV1-ftljoypfezvlxcgouzbpmsmxzads/SourcePackages/checkouts/firebase-ios-sdk
    write-file /Users/Veer/Library/Developer/Xcode/DerivedData/HearifyV1-ftljoypfezvlxcgouzbpmsmxzads/Build/Intermediates.noindex/Firebase.build/Debug-iphoneos/Firebase_FirebaseFirestore.build/Firebase_FirebaseFirestore.DependencyStaticMetadataFileList

WriteAuxiliaryFile /Users/Veer/Library/Developer/Xcode/DerivedData/HearifyV1-ftljoypfezvlxcgouzbpmsmxzads/Build/Intermediates.noindex/Firebase.build/Debug-iphoneos/Firebase_FirebaseFirestore.build/Firebase_FirebaseFirestore.DependencyMetadataFileList (in target 'Firebase_FirebaseFirestore' from project 'Firebase')
    cd /Users/Veer/Library/Developer/Xcode/DerivedData/HearifyV1-ftljoypfezvlxcgouzbpmsmxzads/SourcePackages/checkouts/firebase-ios-sdk
    write-file /Users/Veer/Library/Developer/Xcode/DerivedData/HearifyV1-ftljoypfezvlxcgouzbpmsmxzads/Build/Intermediates.noindex/Firebase.build/Debug-iphoneos/Firebase_FirebaseFirestore.build/Firebase_FirebaseFirestore.DependencyMetadataFileList

WriteAuxiliaryFile /Users/Veer/Library/Developer/Xcode/DerivedData/HearifyV1-ftljoypfezvlxcgouzbpmsmxzads/Build/Intermediates.noindex/Firebase.build/Debug-iphoneos/Firebase_FirebaseCoreInternal.build/empty-Firebase_FirebaseCoreInternal.plist (in target 'Firebase_FirebaseCoreInternal' from project 'Firebase')
    cd /Users/Veer/Library/Developer/Xcode/DerivedData/HearifyV1-ftljoypfezvlxcgouzbpmsmxzads/SourcePackages/checkouts/firebase-ios-sdk
    write-file /Users/Veer/Library/Developer/Xcode/DerivedData/HearifyV1-ftljoypfezvlxcgouzbpmsmxzads/Build/Intermediates.noindex/Firebase.build/Debug-iphoneos/Firebase_FirebaseCoreInternal.build/empty-Firebase_FirebaseCoreInternal.plist

WriteAuxiliaryFile /Users/Veer/Library/Developer/Xcode/DerivedData/HearifyV1-ftljoypfezvlxcgouzbpmsmxzads/Build/Intermediates.noindex/Firebase.build/Debug-iphoneos/Firebase_FirebaseCoreInternal.build/Firebase_FirebaseCoreInternal.DependencyStaticMetadataFileList (in target 'Firebase_FirebaseCoreInternal' from project 'Firebase')
    cd /Users/Veer/Library/Developer/Xcode/DerivedData/HearifyV1-ftljoypfezvlxcgouzbpmsmxzads/SourcePackages/checkouts/firebase-ios-sdk
    write-file /Users/Veer/Library/Developer/Xcode/DerivedData/HearifyV1-ftljoypfezvlxcgouzbpmsmxzads/Build/Intermediates.noindex/Firebase.build/Debug-iphoneos/Firebase_FirebaseCoreInternal.build/Firebase_FirebaseCoreInternal.DependencyStaticMetadataFileList

WriteAuxiliaryFile /Users/Veer/Library/Developer/Xcode/DerivedData/HearifyV1-ftljoypfezvlxcgouzbpmsmxzads/Build/Intermediates.noindex/Firebase.build/Debug-iphoneos/Firebase_FirebaseCoreInternal.build/Firebase_FirebaseCoreInternal.DependencyMetadataFileList (in target 'Firebase_FirebaseCoreInternal' from project 'Firebase')
    cd /Users/Veer/Library/Developer/Xcode/DerivedData/HearifyV1-ftljoypfezvlxcgouzbpmsmxzads/SourcePackages/checkouts/firebase-ios-sdk
    write-file /Users/Veer/Library/Developer/Xcode/DerivedData/HearifyV1-ftljoypfezvlxcgouzbpmsmxzads/Build/Intermediates.noindex/Firebase.build/Debug-iphoneos/Firebase_FirebaseCoreInternal.build/Firebase_FirebaseCoreInternal.DependencyMetadataFileList

WriteAuxiliaryFile /Users/Veer/Library/Developer/Xcode/DerivedData/HearifyV1-ftljoypfezvlxcgouzbpmsmxzads/Build/Intermediates.noindex/Firebase.build/Debug-iphoneos/Firebase_FirebaseCoreExtension.build/empty-Firebase_FirebaseCoreExtension.plist (in target 'Firebase_FirebaseCoreExtension' from project 'Firebase')
    cd /Users/Veer/Library/Developer/Xcode/DerivedData/HearifyV1-ftljoypfezvlxcgouzbpmsmxzads/SourcePackages/checkouts/firebase-ios-sdk
    write-file /Users/Veer/Library/Developer/Xcode/DerivedData/HearifyV1-ftljoypfezvlxcgouzbpmsmxzads/Build/Intermediates.noindex/Firebase.build/Debug-iphoneos/Firebase_FirebaseCoreExtension.build/empty-Firebase_FirebaseCoreExtension.plist

WriteAuxiliaryFile /Users/Veer/Library/Developer/Xcode/DerivedData/HearifyV1-ftljoypfezvlxcgouzbpmsmxzads/Build/Intermediates.noindex/Firebase.build/Debug-iphoneos/Firebase_FirebaseCoreExtension.build/Firebase_FirebaseCoreExtension.DependencyStaticMetadataFileList (in target 'Firebase_FirebaseCoreExtension' from project 'Firebase')
    cd /Users/Veer/Library/Developer/Xcode/DerivedData/HearifyV1-ftljoypfezvlxcgouzbpmsmxzads/SourcePackages/checkouts/firebase-ios-sdk
    write-file /Users/Veer/Library/Developer/Xcode/DerivedData/HearifyV1-ftljoypfezvlxcgouzbpmsmxzads/Build/Intermediates.noindex/Firebase.build/Debug-iphoneos/Firebase_FirebaseCoreExtension.build/Firebase_FirebaseCoreExtension.DependencyStaticMetadataFileList

WriteAuxiliaryFile /Users/Veer/Library/Developer/Xcode/DerivedData/HearifyV1-ftljoypfezvlxcgouzbpmsmxzads/Build/Intermediates.noindex/Firebase.build/Debug-iphoneos/Firebase_FirebaseCoreExtension.build/Firebase_FirebaseCoreExtension.DependencyMetadataFileList (in target 'Firebase_FirebaseCoreExtension' from project 'Firebase')
    cd /Users/Veer/Library/Developer/Xcode/DerivedData/HearifyV1-ftljoypfezvlxcgouzbpmsmxzads/SourcePackages/checkouts/firebase-ios-sdk
    write-file /Users/Veer/Library/Developer/Xcode/DerivedData/HearifyV1-ftljoypfezvlxcgouzbpmsmxzads/Build/Intermediates.noindex/Firebase.build/Debug-iphoneos/Firebase_FirebaseCoreExtension.build/Firebase_FirebaseCoreExtension.DependencyMetadataFileList

Copy /Users/Veer/Library/Developer/Xcode/DerivedData/HearifyV1-ftljoypfezvlxcgouzbpmsmxzads/Build/Intermediates.noindex/GeneratedModuleMaps-iphoneos/third-party-IsAppEncrypted.modulemap /Users/Veer/Library/Developer/Xcode/DerivedData/HearifyV1-ftljoypfezvlxcgouzbpmsmxzads/Build/Intermediates.noindex/GoogleUtilities.build/Debug-iphoneos/third-party-IsAppEncrypted.build/third-party-IsAppEncrypted.modulemap (in target 'third-party-IsAppEncrypted' from project 'GoogleUtilities')
    cd /Users/Veer/Library/Developer/Xcode/DerivedData/HearifyV1-ftljoypfezvlxcgouzbpmsmxzads/SourcePackages/checkouts/GoogleUtilities
    builtin-copy -exclude .DS_Store -exclude CVS -exclude .svn -exclude .git -exclude .hg -resolve-src-symlinks /Users/Veer/Library/Developer/Xcode/DerivedData/HearifyV1-ftljoypfezvlxcgouzbpmsmxzads/Build/Intermediates.noindex/GoogleUtilities.build/Debug-iphoneos/third-party-IsAppEncrypted.build/third-party-IsAppEncrypted.modulemap /Users/Veer/Library/Developer/Xcode/DerivedData/HearifyV1-ftljoypfezvlxcgouzbpmsmxzads/Build/Intermediates.noindex/GeneratedModuleMaps-iphoneos

Copy /Users/Veer/Library/Developer/Xcode/DerivedData/HearifyV1-ftljoypfezvlxcgouzbpmsmxzads/Build/Intermediates.noindex/GeneratedModuleMaps-iphoneos/nanopb.modulemap /Users/Veer/Library/Developer/Xcode/DerivedData/HearifyV1-ftljoypfezvlxcgouzbpmsmxzads/Build/Intermediates.noindex/nanopb.build/Debug-iphoneos/nanopb.build/nanopb.modulemap (in target 'nanopb' from project 'nanopb')
    cd /Users/Veer/Library/Developer/Xcode/DerivedData/HearifyV1-ftljoypfezvlxcgouzbpmsmxzads/SourcePackages/checkouts/nanopb
    builtin-copy -exclude .DS_Store -exclude CVS -exclude .svn -exclude .git -exclude .hg -resolve-src-symlinks /Users/Veer/Library/Developer/Xcode/DerivedData/HearifyV1-ftljoypfezvlxcgouzbpmsmxzads/Build/Intermediates.noindex/nanopb.build/Debug-iphoneos/nanopb.build/nanopb.modulemap /Users/Veer/Library/Developer/Xcode/DerivedData/HearifyV1-ftljoypfezvlxcgouzbpmsmxzads/Build/Intermediates.noindex/GeneratedModuleMaps-iphoneos

WriteAuxiliaryFile /Users/Veer/Library/Developer/Xcode/DerivedData/HearifyV1-ftljoypfezvlxcgouzbpmsmxzads/Build/Intermediates.noindex/Firebase.build/Debug-iphoneos/Firebase_FirebaseCore.build/Firebase_FirebaseCore.DependencyStaticMetadataFileList (in target 'Firebase_FirebaseCore' from project 'Firebase')
    cd /Users/Veer/Library/Developer/Xcode/DerivedData/HearifyV1-ftljoypfezvlxcgouzbpmsmxzads/SourcePackages/checkouts/firebase-ios-sdk
    write-file /Users/Veer/Library/Developer/Xcode/DerivedData/HearifyV1-ftljoypfezvlxcgouzbpmsmxzads/Build/Intermediates.noindex/Firebase.build/Debug-iphoneos/Firebase_FirebaseCore.build/Firebase_FirebaseCore.DependencyStaticMetadataFileList

WriteAuxiliaryFile /Users/Veer/Library/Developer/Xcode/DerivedData/HearifyV1-ftljoypfezvlxcgouzbpmsmxzads/Build/Intermediates.noindex/Firebase.build/Debug-iphoneos/Firebase_FirebaseCore.build/empty-Firebase_FirebaseCore.plist (in target 'Firebase_FirebaseCore' from project 'Firebase')
    cd /Users/Veer/Library/Developer/Xcode/DerivedData/HearifyV1-ftljoypfezvlxcgouzbpmsmxzads/SourcePackages/checkouts/firebase-ios-sdk
    write-file /Users/Veer/Library/Developer/Xcode/DerivedData/HearifyV1-ftljoypfezvlxcgouzbpmsmxzads/Build/Intermediates.noindex/Firebase.build/Debug-iphoneos/Firebase_FirebaseCore.build/empty-Firebase_FirebaseCore.plist

WriteAuxiliaryFile /Users/Veer/Library/Developer/Xcode/DerivedData/HearifyV1-ftljoypfezvlxcgouzbpmsmxzads/Build/Intermediates.noindex/Firebase.build/Debug-iphoneos/Firebase_FirebaseCore.build/Firebase_FirebaseCore.DependencyMetadataFileList (in target 'Firebase_FirebaseCore' from project 'Firebase')
    cd /Users/Veer/Library/Developer/Xcode/DerivedData/HearifyV1-ftljoypfezvlxcgouzbpmsmxzads/SourcePackages/checkouts/firebase-ios-sdk
    write-file /Users/Veer/Library/Developer/Xcode/DerivedData/HearifyV1-ftljoypfezvlxcgouzbpmsmxzads/Build/Intermediates.noindex/Firebase.build/Debug-iphoneos/Firebase_FirebaseCore.build/Firebase_FirebaseCore.DependencyMetadataFileList

WriteAuxiliaryFile /Users/Veer/Library/Developer/Xcode/DerivedData/HearifyV1-ftljoypfezvlxcgouzbpmsmxzads/Build/Intermediates.noindex/Firebase.build/Debug-iphoneos/Firebase_FirebaseAuth.build/empty-Firebase_FirebaseAuth.plist (in target 'Firebase_FirebaseAuth' from project 'Firebase')
    cd /Users/Veer/Library/Developer/Xcode/DerivedData/HearifyV1-ftljoypfezvlxcgouzbpmsmxzads/SourcePackages/checkouts/firebase-ios-sdk
    write-file /Users/Veer/Library/Developer/Xcode/DerivedData/HearifyV1-ftljoypfezvlxcgouzbpmsmxzads/Build/Intermediates.noindex/Firebase.build/Debug-iphoneos/Firebase_FirebaseAuth.build/empty-Firebase_FirebaseAuth.plist

WriteAuxiliaryFile /Users/Veer/Library/Developer/Xcode/DerivedData/HearifyV1-ftljoypfezvlxcgouzbpmsmxzads/Build/Intermediates.noindex/Firebase.build/Debug-iphoneos/Firebase_FirebaseAuth.build/Firebase_FirebaseAuth.DependencyMetadataFileList (in target 'Firebase_FirebaseAuth' from project 'Firebase')
    cd /Users/Veer/Library/Developer/Xcode/DerivedData/HearifyV1-ftljoypfezvlxcgouzbpmsmxzads/SourcePackages/checkouts/firebase-ios-sdk
    write-file /Users/Veer/Library/Developer/Xcode/DerivedData/HearifyV1-ftljoypfezvlxcgouzbpmsmxzads/Build/Intermediates.noindex/Firebase.build/Debug-iphoneos/Firebase_FirebaseAuth.build/Firebase_FirebaseAuth.DependencyMetadataFileList

WriteAuxiliaryFile /Users/Veer/Library/Developer/Xcode/DerivedData/HearifyV1-ftljoypfezvlxcgouzbpmsmxzads/Build/Intermediates.noindex/Firebase.build/Debug-iphoneos/Firebase_FirebaseAuth.build/Firebase_FirebaseAuth.DependencyStaticMetadataFileList (in target 'Firebase_FirebaseAuth' from project 'Firebase')
    cd /Users/Veer/Library/Developer/Xcode/DerivedData/HearifyV1-ftljoypfezvlxcgouzbpmsmxzads/SourcePackages/checkouts/firebase-ios-sdk
    write-file /Users/Veer/Library/Developer/Xcode/DerivedData/HearifyV1-ftljoypfezvlxcgouzbpmsmxzads/Build/Intermediates.noindex/Firebase.build/Debug-iphoneos/Firebase_FirebaseAuth.build/Firebase_FirebaseAuth.DependencyStaticMetadataFileList

WriteAuxiliaryFile /Users/Veer/Library/Developer/Xcode/DerivedData/HearifyV1-ftljoypfezvlxcgouzbpmsmxzads/Build/Intermediates.noindex/Firebase.build/Debug-iphoneos/FirebaseStorage.build/Objects-normal/arm64/FirebaseStorage_const_extract_protocols.json (in target 'FirebaseStorage' from project 'Firebase')
    cd /Users/Veer/Library/Developer/Xcode/DerivedData/HearifyV1-ftljoypfezvlxcgouzbpmsmxzads/SourcePackages/checkouts/firebase-ios-sdk
    write-file /Users/Veer/Library/Developer/Xcode/DerivedData/HearifyV1-ftljoypfezvlxcgouzbpmsmxzads/Build/Intermediates.noindex/Firebase.build/Debug-iphoneos/FirebaseStorage.build/Objects-normal/arm64/FirebaseStorage_const_extract_protocols.json

WriteAuxiliaryFile /Users/Veer/Library/Developer/Xcode/DerivedData/HearifyV1-ftljoypfezvlxcgouzbpmsmxzads/Build/Intermediates.noindex/Firebase.build/Debug-iphoneos/FirebaseStorage.build/Objects-normal/arm64/FirebaseStorage.SwiftFileList (in target 'FirebaseStorage' from project 'Firebase')
    cd /Users/Veer/Library/Developer/Xcode/DerivedData/HearifyV1-ftljoypfezvlxcgouzbpmsmxzads/SourcePackages/checkouts/firebase-ios-sdk
    write-file /Users/Veer/Library/Developer/Xcode/DerivedData/HearifyV1-ftljoypfezvlxcgouzbpmsmxzads/Build/Intermediates.noindex/Firebase.build/Debug-iphoneos/FirebaseStorage.build/Objects-normal/arm64/FirebaseStorage.SwiftFileList

WriteAuxiliaryFile /Users/Veer/Library/Developer/Xcode/DerivedData/HearifyV1-ftljoypfezvlxcgouzbpmsmxzads/Build/Intermediates.noindex/Firebase.build/Debug-iphoneos/FirebaseStorage.build/Objects-normal/arm64/FirebaseStorage.SwiftConstValuesFileList (in target 'FirebaseStorage' from project 'Firebase')
    cd /Users/Veer/Library/Developer/Xcode/DerivedData/HearifyV1-ftljoypfezvlxcgouzbpmsmxzads/SourcePackages/checkouts/firebase-ios-sdk
    write-file /Users/Veer/Library/Developer/Xcode/DerivedData/HearifyV1-ftljoypfezvlxcgouzbpmsmxzads/Build/Intermediates.noindex/Firebase.build/Debug-iphoneos/FirebaseStorage.build/Objects-normal/arm64/FirebaseStorage.SwiftConstValuesFileList

WriteAuxiliaryFile /Users/Veer/Library/Developer/Xcode/DerivedData/HearifyV1-ftljoypfezvlxcgouzbpmsmxzads/Build/Intermediates.noindex/Firebase.build/Debug-iphoneos/FirebaseStorage.build/Objects-normal/arm64/FirebaseStorage.LinkFileList (in target 'FirebaseStorage' from project 'Firebase')
    cd /Users/Veer/Library/Developer/Xcode/DerivedData/HearifyV1-ftljoypfezvlxcgouzbpmsmxzads/SourcePackages/checkouts/firebase-ios-sdk
    write-file /Users/Veer/Library/Developer/Xcode/DerivedData/HearifyV1-ftljoypfezvlxcgouzbpmsmxzads/Build/Intermediates.noindex/Firebase.build/Debug-iphoneos/FirebaseStorage.build/Objects-normal/arm64/FirebaseStorage.LinkFileList

WriteAuxiliaryFile /Users/Veer/Library/Developer/Xcode/DerivedData/HearifyV1-ftljoypfezvlxcgouzbpmsmxzads/Build/Intermediates.noindex/Firebase.build/Debug-iphoneos/FirebaseStorage.build/Objects-normal/arm64/FirebaseStorage-OutputFileMap.json (in target 'FirebaseStorage' from project 'Firebase')
    cd /Users/Veer/Library/Developer/Xcode/DerivedData/HearifyV1-ftljoypfezvlxcgouzbpmsmxzads/SourcePackages/checkouts/firebase-ios-sdk
    write-file /Users/Veer/Library/Developer/Xcode/DerivedData/HearifyV1-ftljoypfezvlxcgouzbpmsmxzads/Build/Intermediates.noindex/Firebase.build/Debug-iphoneos/FirebaseStorage.build/Objects-normal/arm64/FirebaseStorage-OutputFileMap.json

WriteAuxiliaryFile /Users/Veer/Library/Developer/Xcode/DerivedData/HearifyV1-ftljoypfezvlxcgouzbpmsmxzads/Build/Intermediates.noindex/Firebase.build/Debug-iphoneos/FirebaseStorage.build/FirebaseStorage.modulemap (in target 'FirebaseStorage' from project 'Firebase')
    cd /Users/Veer/Library/Developer/Xcode/DerivedData/HearifyV1-ftljoypfezvlxcgouzbpmsmxzads/SourcePackages/checkouts/firebase-ios-sdk
    write-file /Users/Veer/Library/Developer/Xcode/DerivedData/HearifyV1-ftljoypfezvlxcgouzbpmsmxzads/Build/Intermediates.noindex/Firebase.build/Debug-iphoneos/FirebaseStorage.build/FirebaseStorage.modulemap

WriteAuxiliaryFile /Users/Veer/Library/Developer/Xcode/DerivedData/HearifyV1-ftljoypfezvlxcgouzbpmsmxzads/Build/Intermediates.noindex/Firebase.build/Debug-iphoneos/FirebaseStorage.build/FirebaseStorage.DependencyStaticMetadataFileList (in target 'FirebaseStorage' from project 'Firebase')
    cd /Users/Veer/Library/Developer/Xcode/DerivedData/HearifyV1-ftljoypfezvlxcgouzbpmsmxzads/SourcePackages/checkouts/firebase-ios-sdk
    write-file /Users/Veer/Library/Developer/Xcode/DerivedData/HearifyV1-ftljoypfezvlxcgouzbpmsmxzads/Build/Intermediates.noindex/Firebase.build/Debug-iphoneos/FirebaseStorage.build/FirebaseStorage.DependencyStaticMetadataFileList

WriteAuxiliaryFile /Users/Veer/Library/Developer/Xcode/DerivedData/HearifyV1-ftljoypfezvlxcgouzbpmsmxzads/Build/Intermediates.noindex/Firebase.build/Debug-iphoneos/FirebaseStorage.build/FirebaseStorage.DependencyMetadataFileList (in target 'FirebaseStorage' from project 'Firebase')
    cd /Users/Veer/Library/Developer/Xcode/DerivedData/HearifyV1-ftljoypfezvlxcgouzbpmsmxzads/SourcePackages/checkouts/firebase-ios-sdk
    write-file /Users/Veer/Library/Developer/Xcode/DerivedData/HearifyV1-ftljoypfezvlxcgouzbpmsmxzads/Build/Intermediates.noindex/Firebase.build/Debug-iphoneos/FirebaseStorage.build/FirebaseStorage.DependencyMetadataFileList

WriteAuxiliaryFile /Users/Veer/Library/Developer/Xcode/DerivedData/HearifyV1-ftljoypfezvlxcgouzbpmsmxzads/Build/Intermediates.noindex/Firebase.build/Debug-iphoneos/FirebaseSharedSwift.build/Objects-normal/arm64/FirebaseSharedSwift_const_extract_protocols.json (in target 'FirebaseSharedSwift' from project 'Firebase')
    cd /Users/Veer/Library/Developer/Xcode/DerivedData/HearifyV1-ftljoypfezvlxcgouzbpmsmxzads/SourcePackages/checkouts/firebase-ios-sdk
    write-file /Users/Veer/Library/Developer/Xcode/DerivedData/HearifyV1-ftljoypfezvlxcgouzbpmsmxzads/Build/Intermediates.noindex/Firebase.build/Debug-iphoneos/FirebaseSharedSwift.build/Objects-normal/arm64/FirebaseSharedSwift_const_extract_protocols.json

WriteAuxiliaryFile /Users/Veer/Library/Developer/Xcode/DerivedData/HearifyV1-ftljoypfezvlxcgouzbpmsmxzads/Build/Intermediates.noindex/Firebase.build/Debug-iphoneos/FirebaseSharedSwift.build/Objects-normal/arm64/FirebaseSharedSwift.SwiftFileList (in target 'FirebaseSharedSwift' from project 'Firebase')
    cd /Users/Veer/Library/Developer/Xcode/DerivedData/HearifyV1-ftljoypfezvlxcgouzbpmsmxzads/SourcePackages/checkouts/firebase-ios-sdk
    write-file /Users/Veer/Library/Developer/Xcode/DerivedData/HearifyV1-ftljoypfezvlxcgouzbpmsmxzads/Build/Intermediates.noindex/Firebase.build/Debug-iphoneos/FirebaseSharedSwift.build/Objects-normal/arm64/FirebaseSharedSwift.SwiftFileList

WriteAuxiliaryFile /Users/Veer/Library/Developer/Xcode/DerivedData/HearifyV1-ftljoypfezvlxcgouzbpmsmxzads/Build/Intermediates.noindex/Firebase.build/Debug-iphoneos/FirebaseSharedSwift.build/Objects-normal/arm64/FirebaseSharedSwift.SwiftConstValuesFileList (in target 'FirebaseSharedSwift' from project 'Firebase')
    cd /Users/Veer/Library/Developer/Xcode/DerivedData/HearifyV1-ftljoypfezvlxcgouzbpmsmxzads/SourcePackages/checkouts/firebase-ios-sdk
    write-file /Users/Veer/Library/Developer/Xcode/DerivedData/HearifyV1-ftljoypfezvlxcgouzbpmsmxzads/Build/Intermediates.noindex/Firebase.build/Debug-iphoneos/FirebaseSharedSwift.build/Objects-normal/arm64/FirebaseSharedSwift.SwiftConstValuesFileList

WriteAuxiliaryFile /Users/Veer/Library/Developer/Xcode/DerivedData/HearifyV1-ftljoypfezvlxcgouzbpmsmxzads/Build/Intermediates.noindex/Firebase.build/Debug-iphoneos/FirebaseSharedSwift.build/Objects-normal/arm64/FirebaseSharedSwift.LinkFileList (in target 'FirebaseSharedSwift' from project 'Firebase')
    cd /Users/Veer/Library/Developer/Xcode/DerivedData/HearifyV1-ftljoypfezvlxcgouzbpmsmxzads/SourcePackages/checkouts/firebase-ios-sdk
    write-file /Users/Veer/Library/Developer/Xcode/DerivedData/HearifyV1-ftljoypfezvlxcgouzbpmsmxzads/Build/Intermediates.noindex/Firebase.build/Debug-iphoneos/FirebaseSharedSwift.build/Objects-normal/arm64/FirebaseSharedSwift.LinkFileList

WriteAuxiliaryFile /Users/Veer/Library/Developer/Xcode/DerivedData/HearifyV1-ftljoypfezvlxcgouzbpmsmxzads/Build/Intermediates.noindex/Firebase.build/Debug-iphoneos/FirebaseSharedSwift.build/Objects-normal/arm64/FirebaseSharedSwift-OutputFileMap.json (in target 'FirebaseSharedSwift' from project 'Firebase')
    cd /Users/Veer/Library/Developer/Xcode/DerivedData/HearifyV1-ftljoypfezvlxcgouzbpmsmxzads/SourcePackages/checkouts/firebase-ios-sdk
    write-file /Users/Veer/Library/Developer/Xcode/DerivedData/HearifyV1-ftljoypfezvlxcgouzbpmsmxzads/Build/Intermediates.noindex/Firebase.build/Debug-iphoneos/FirebaseSharedSwift.build/Objects-normal/arm64/FirebaseSharedSwift-OutputFileMap.json

WriteAuxiliaryFile /Users/Veer/Library/Developer/Xcode/DerivedData/HearifyV1-ftljoypfezvlxcgouzbpmsmxzads/Build/Intermediates.noindex/Firebase.build/Debug-iphoneos/FirebaseSharedSwift.build/FirebaseSharedSwift.modulemap (in target 'FirebaseSharedSwift' from project 'Firebase')
    cd /Users/Veer/Library/Developer/Xcode/DerivedData/HearifyV1-ftljoypfezvlxcgouzbpmsmxzads/SourcePackages/checkouts/firebase-ios-sdk
    write-file /Users/Veer/Library/Developer/Xcode/DerivedData/HearifyV1-ftljoypfezvlxcgouzbpmsmxzads/Build/Intermediates.noindex/Firebase.build/Debug-iphoneos/FirebaseSharedSwift.build/FirebaseSharedSwift.modulemap

WriteAuxiliaryFile /Users/Veer/Library/Developer/Xcode/DerivedData/HearifyV1-ftljoypfezvlxcgouzbpmsmxzads/Build/Intermediates.noindex/Firebase.build/Debug-iphoneos/FirebaseSharedSwift.build/FirebaseSharedSwift.DependencyStaticMetadataFileList (in target 'FirebaseSharedSwift' from project 'Firebase')
    cd /Users/Veer/Library/Developer/Xcode/DerivedData/HearifyV1-ftljoypfezvlxcgouzbpmsmxzads/SourcePackages/checkouts/firebase-ios-sdk
    write-file /Users/Veer/Library/Developer/Xcode/DerivedData/HearifyV1-ftljoypfezvlxcgouzbpmsmxzads/Build/Intermediates.noindex/Firebase.build/Debug-iphoneos/FirebaseSharedSwift.build/FirebaseSharedSwift.DependencyStaticMetadataFileList

WriteAuxiliaryFile /Users/Veer/Library/Developer/Xcode/DerivedData/HearifyV1-ftljoypfezvlxcgouzbpmsmxzads/Build/Intermediates.noindex/Firebase.build/Debug-iphoneos/FirebaseSharedSwift.build/FirebaseSharedSwift.DependencyMetadataFileList (in target 'FirebaseSharedSwift' from project 'Firebase')
    cd /Users/Veer/Library/Developer/Xcode/DerivedData/HearifyV1-ftljoypfezvlxcgouzbpmsmxzads/SourcePackages/checkouts/firebase-ios-sdk
    write-file /Users/Veer/Library/Developer/Xcode/DerivedData/HearifyV1-ftljoypfezvlxcgouzbpmsmxzads/Build/Intermediates.noindex/Firebase.build/Debug-iphoneos/FirebaseSharedSwift.build/FirebaseSharedSwift.DependencyMetadataFileList

WriteAuxiliaryFile /Users/Veer/Library/Developer/Xcode/DerivedData/HearifyV1-ftljoypfezvlxcgouzbpmsmxzads/Build/Intermediates.noindex/Firebase.build/Debug-iphoneos/FirebaseCoreInternal.build/Objects-normal/arm64/FirebaseCoreInternal_const_extract_protocols.json (in target 'FirebaseCoreInternal' from project 'Firebase')
    cd /Users/Veer/Library/Developer/Xcode/DerivedData/HearifyV1-ftljoypfezvlxcgouzbpmsmxzads/SourcePackages/checkouts/firebase-ios-sdk
    write-file /Users/Veer/Library/Developer/Xcode/DerivedData/HearifyV1-ftljoypfezvlxcgouzbpmsmxzads/Build/Intermediates.noindex/Firebase.build/Debug-iphoneos/FirebaseCoreInternal.build/Objects-normal/arm64/FirebaseCoreInternal_const_extract_protocols.json

WriteAuxiliaryFile /Users/Veer/Library/Developer/Xcode/DerivedData/HearifyV1-ftljoypfezvlxcgouzbpmsmxzads/Build/Intermediates.noindex/Firebase.build/Debug-iphoneos/FirebaseCoreInternal.build/Objects-normal/arm64/FirebaseCoreInternal.SwiftFileList (in target 'FirebaseCoreInternal' from project 'Firebase')
    cd /Users/Veer/Library/Developer/Xcode/DerivedData/HearifyV1-ftljoypfezvlxcgouzbpmsmxzads/SourcePackages/checkouts/firebase-ios-sdk
    write-file /Users/Veer/Library/Developer/Xcode/DerivedData/HearifyV1-ftljoypfezvlxcgouzbpmsmxzads/Build/Intermediates.noindex/Firebase.build/Debug-iphoneos/FirebaseCoreInternal.build/Objects-normal/arm64/FirebaseCoreInternal.SwiftFileList

WriteAuxiliaryFile /Users/Veer/Library/Developer/Xcode/DerivedData/HearifyV1-ftljoypfezvlxcgouzbpmsmxzads/Build/Intermediates.noindex/Firebase.build/Debug-iphoneos/FirebaseCoreInternal.build/Objects-normal/arm64/FirebaseCoreInternal.SwiftConstValuesFileList (in target 'FirebaseCoreInternal' from project 'Firebase')
    cd /Users/Veer/Library/Developer/Xcode/DerivedData/HearifyV1-ftljoypfezvlxcgouzbpmsmxzads/SourcePackages/checkouts/firebase-ios-sdk
    write-file /Users/Veer/Library/Developer/Xcode/DerivedData/HearifyV1-ftljoypfezvlxcgouzbpmsmxzads/Build/Intermediates.noindex/Firebase.build/Debug-iphoneos/FirebaseCoreInternal.build/Objects-normal/arm64/FirebaseCoreInternal.SwiftConstValuesFileList

WriteAuxiliaryFile /Users/Veer/Library/Developer/Xcode/DerivedData/HearifyV1-ftljoypfezvlxcgouzbpmsmxzads/Build/Intermediates.noindex/Firebase.build/Debug-iphoneos/FirebaseCoreInternal.build/Objects-normal/arm64/FirebaseCoreInternal.LinkFileList (in target 'FirebaseCoreInternal' from project 'Firebase')
    cd /Users/Veer/Library/Developer/Xcode/DerivedData/HearifyV1-ftljoypfezvlxcgouzbpmsmxzads/SourcePackages/checkouts/firebase-ios-sdk
    write-file /Users/Veer/Library/Developer/Xcode/DerivedData/HearifyV1-ftljoypfezvlxcgouzbpmsmxzads/Build/Intermediates.noindex/Firebase.build/Debug-iphoneos/FirebaseCoreInternal.build/Objects-normal/arm64/FirebaseCoreInternal.LinkFileList

WriteAuxiliaryFile /Users/Veer/Library/Developer/Xcode/DerivedData/HearifyV1-ftljoypfezvlxcgouzbpmsmxzads/Build/Intermediates.noindex/Firebase.build/Debug-iphoneos/FirebaseCoreInternal.build/Objects-normal/arm64/FirebaseCoreInternal-OutputFileMap.json (in target 'FirebaseCoreInternal' from project 'Firebase')
    cd /Users/Veer/Library/Developer/Xcode/DerivedData/HearifyV1-ftljoypfezvlxcgouzbpmsmxzads/SourcePackages/checkouts/firebase-ios-sdk
    write-file /Users/Veer/Library/Developer/Xcode/DerivedData/HearifyV1-ftljoypfezvlxcgouzbpmsmxzads/Build/Intermediates.noindex/Firebase.build/Debug-iphoneos/FirebaseCoreInternal.build/Objects-normal/arm64/FirebaseCoreInternal-OutputFileMap.json

WriteAuxiliaryFile /Users/Veer/Library/Developer/Xcode/DerivedData/HearifyV1-ftljoypfezvlxcgouzbpmsmxzads/Build/Intermediates.noindex/Firebase.build/Debug-iphoneos/FirebaseCoreInternal.build/FirebaseCoreInternal.modulemap (in target 'FirebaseCoreInternal' from project 'Firebase')
    cd /Users/Veer/Library/Developer/Xcode/DerivedData/HearifyV1-ftljoypfezvlxcgouzbpmsmxzads/SourcePackages/checkouts/firebase-ios-sdk
    write-file /Users/Veer/Library/Developer/Xcode/DerivedData/HearifyV1-ftljoypfezvlxcgouzbpmsmxzads/Build/Intermediates.noindex/Firebase.build/Debug-iphoneos/FirebaseCoreInternal.build/FirebaseCoreInternal.modulemap

WriteAuxiliaryFile /Users/Veer/Library/Developer/Xcode/DerivedData/HearifyV1-ftljoypfezvlxcgouzbpmsmxzads/Build/Intermediates.noindex/Firebase.build/Debug-iphoneos/FirebaseCoreInternal.build/FirebaseCoreInternal.DependencyStaticMetadataFileList (in target 'FirebaseCoreInternal' from project 'Firebase')
    cd /Users/Veer/Library/Developer/Xcode/DerivedData/HearifyV1-ftljoypfezvlxcgouzbpmsmxzads/SourcePackages/checkouts/firebase-ios-sdk
    write-file /Users/Veer/Library/Developer/Xcode/DerivedData/HearifyV1-ftljoypfezvlxcgouzbpmsmxzads/Build/Intermediates.noindex/Firebase.build/Debug-iphoneos/FirebaseCoreInternal.build/FirebaseCoreInternal.DependencyStaticMetadataFileList

WriteAuxiliaryFile /Users/Veer/Library/Developer/Xcode/DerivedData/HearifyV1-ftljoypfezvlxcgouzbpmsmxzads/Build/Intermediates.noindex/Firebase.build/Debug-iphoneos/FirebaseCoreInternal.build/FirebaseCoreInternal.DependencyMetadataFileList (in target 'FirebaseCoreInternal' from project 'Firebase')
    cd /Users/Veer/Library/Developer/Xcode/DerivedData/HearifyV1-ftljoypfezvlxcgouzbpmsmxzads/SourcePackages/checkouts/firebase-ios-sdk
    write-file /Users/Veer/Library/Developer/Xcode/DerivedData/HearifyV1-ftljoypfezvlxcgouzbpmsmxzads/Build/Intermediates.noindex/Firebase.build/Debug-iphoneos/FirebaseCoreInternal.build/FirebaseCoreInternal.DependencyMetadataFileList

WriteAuxiliaryFile /Users/Veer/Library/Developer/Xcode/DerivedData/HearifyV1-ftljoypfezvlxcgouzbpmsmxzads/Build/Intermediates.noindex/Firebase.build/Debug-iphoneos/FirebaseCoreInternal.build/DerivedSources/resource_bundle_accessor.swift (in target 'FirebaseCoreInternal' from project 'Firebase')
    cd /Users/Veer/Library/Developer/Xcode/DerivedData/HearifyV1-ftljoypfezvlxcgouzbpmsmxzads/SourcePackages/checkouts/firebase-ios-sdk
    write-file /Users/Veer/Library/Developer/Xcode/DerivedData/HearifyV1-ftljoypfezvlxcgouzbpmsmxzads/Build/Intermediates.noindex/Firebase.build/Debug-iphoneos/FirebaseCoreInternal.build/DerivedSources/resource_bundle_accessor.swift

WriteAuxiliaryFile /Users/Veer/Library/Developer/Xcode/DerivedData/HearifyV1-ftljoypfezvlxcgouzbpmsmxzads/Build/Intermediates.noindex/Firebase.build/Debug-iphoneos/FirebaseCoreExtension.build/Objects-normal/arm64/e6072d4f65d7061329687fe24e3d63a7-common-args.resp (in target 'FirebaseCoreExtension' from project 'Firebase')
    cd /Users/Veer/Library/Developer/Xcode/DerivedData/HearifyV1-ftljoypfezvlxcgouzbpmsmxzads/SourcePackages/checkouts/firebase-ios-sdk
    write-file /Users/Veer/Library/Developer/Xcode/DerivedData/HearifyV1-ftljoypfezvlxcgouzbpmsmxzads/Build/Intermediates.noindex/Firebase.build/Debug-iphoneos/FirebaseCoreExtension.build/Objects-normal/arm64/e6072d4f65d7061329687fe24e3d63a7-common-args.resp
-target arm64-apple-ios15.0 -fobjc-arc -fmodules -gmodules '-fmodules-cache-path=/Users/Veer/Library/Developer/Xcode/DerivedData/ModuleCache.noindex' '-fmodule-name=FirebaseCoreExtension' -fpascal-strings -O0 -DSWIFT_PACKAGE '-DDEBUG=1' '-DOBJC_OLD_DISPATCH_PROTOTYPES=1' -isysroot /Applications/Xcode.app/Contents/Developer/Platforms/iPhoneOS.platform/Developer/SDKs/iPhoneOS26.2.sdk -g -fprofile-instr-generate -fcoverage-mapping -I/Users/Veer/Library/Developer/Xcode/DerivedData/HearifyV1-ftljoypfezvlxcgouzbpmsmxzads/Build/Products/Debug-iphoneos/include -I/Users/Veer/Library/Developer/Xcode/DerivedData/HearifyV1-ftljoypfezvlxcgouzbpmsmxzads/SourcePackages/checkouts/firebase-ios-sdk/FirebaseCore/Extension -I/Users/Veer/Library/Developer/Xcode/DerivedData/HearifyV1-ftljoypfezvlxcgouzbpmsmxzads/SourcePackages/checkouts/firebase-ios-sdk -I/Users/Veer/Library/Developer/Xcode/DerivedData/HearifyV1-ftljoypfezvlxcgouzbpmsmxzads/Build/Intermediates.noindex/Firebase.build/Debug-iphoneos/FirebaseCoreExtension.build/DerivedSources-normal/arm64 -I/Users/Veer/Library/Developer/Xcode/DerivedData/HearifyV1-ftljoypfezvlxcgouzbpmsmxzads/Build/Intermediates.noindex/Firebase.build/Debug-iphoneos/FirebaseCoreExtension.build/DerivedSources/arm64 -I/Users/Veer/Library/Developer/Xcode/DerivedData/HearifyV1-ftljoypfezvlxcgouzbpmsmxzads/Build/Intermediates.noindex/Firebase.build/Debug-iphoneos/FirebaseCoreExtension.build/DerivedSources -F/Users/Veer/Library/Developer/Xcode/DerivedData/HearifyV1-ftljoypfezvlxcgouzbpmsmxzads/Build/Products/Debug-iphoneos -iframework /Applications/Xcode.app/Contents/Developer/Platforms/iPhoneOS.platform/Developer/Library/Frameworks -iframework /Applications/Xcode.app/Contents/Developer/Platforms/iPhoneOS.platform/Developer/SDKs/iPhoneOS26.2.sdk/Developer/Library/Frameworks -DXcode

WriteAuxiliaryFile /Users/Veer/Library/Developer/Xcode/DerivedData/HearifyV1-ftljoypfezvlxcgouzbpmsmxzads/Build/Intermediates.noindex/Firebase.build/Debug-iphoneos/FirebaseCoreExtension.build/Objects-normal/arm64/FirebaseCoreExtension.LinkFileList (in target 'FirebaseCoreExtension' from project 'Firebase')
    cd /Users/Veer/Library/Developer/Xcode/DerivedData/HearifyV1-ftljoypfezvlxcgouzbpmsmxzads/SourcePackages/checkouts/firebase-ios-sdk
    write-file /Users/Veer/Library/Developer/Xcode/DerivedData/HearifyV1-ftljoypfezvlxcgouzbpmsmxzads/Build/Intermediates.noindex/Firebase.build/Debug-iphoneos/FirebaseCoreExtension.build/Objects-normal/arm64/FirebaseCoreExtension.LinkFileList

WriteAuxiliaryFile /Users/Veer/Library/Developer/Xcode/DerivedData/HearifyV1-ftljoypfezvlxcgouzbpmsmxzads/Build/Intermediates.noindex/Firebase.build/Debug-iphoneos/FirebaseCoreExtension.build/FirebaseCoreExtension.modulemap (in target 'FirebaseCoreExtension' from project 'Firebase')
    cd /Users/Veer/Library/Developer/Xcode/DerivedData/HearifyV1-ftljoypfezvlxcgouzbpmsmxzads/SourcePackages/checkouts/firebase-ios-sdk
    write-file /Users/Veer/Library/Developer/Xcode/DerivedData/HearifyV1-ftljoypfezvlxcgouzbpmsmxzads/Build/Intermediates.noindex/Firebase.build/Debug-iphoneos/FirebaseCoreExtension.build/FirebaseCoreExtension.modulemap

WriteAuxiliaryFile /Users/Veer/Library/Developer/Xcode/DerivedData/HearifyV1-ftljoypfezvlxcgouzbpmsmxzads/Build/Intermediates.noindex/Firebase.build/Debug-iphoneos/FirebaseCoreExtension.build/FirebaseCoreExtension.DependencyStaticMetadataFileList (in target 'FirebaseCoreExtension' from project 'Firebase')
    cd /Users/Veer/Library/Developer/Xcode/DerivedData/HearifyV1-ftljoypfezvlxcgouzbpmsmxzads/SourcePackages/checkouts/firebase-ios-sdk
    write-file /Users/Veer/Library/Developer/Xcode/DerivedData/HearifyV1-ftljoypfezvlxcgouzbpmsmxzads/Build/Intermediates.noindex/Firebase.build/Debug-iphoneos/FirebaseCoreExtension.build/FirebaseCoreExtension.DependencyStaticMetadataFileList

WriteAuxiliaryFile /Users/Veer/Library/Developer/Xcode/DerivedData/HearifyV1-ftljoypfezvlxcgouzbpmsmxzads/Build/Intermediates.noindex/Firebase.build/Debug-iphoneos/FirebaseCoreExtension.build/FirebaseCoreExtension.DependencyMetadataFileList (in target 'FirebaseCoreExtension' from project 'Firebase')
    cd /Users/Veer/Library/Developer/Xcode/DerivedData/HearifyV1-ftljoypfezvlxcgouzbpmsmxzads/SourcePackages/checkouts/firebase-ios-sdk
    write-file /Users/Veer/Library/Developer/Xcode/DerivedData/HearifyV1-ftljoypfezvlxcgouzbpmsmxzads/Build/Intermediates.noindex/Firebase.build/Debug-iphoneos/FirebaseCoreExtension.build/FirebaseCoreExtension.DependencyMetadataFileList

WriteAuxiliaryFile /Users/Veer/Library/Developer/Xcode/DerivedData/HearifyV1-ftljoypfezvlxcgouzbpmsmxzads/Build/Intermediates.noindex/Firebase.build/Debug-iphoneos/FirebaseCoreExtension.build/DerivedSources/resource_bundle_accessor.m (in target 'FirebaseCoreExtension' from project 'Firebase')
    cd /Users/Veer/Library/Developer/Xcode/DerivedData/HearifyV1-ftljoypfezvlxcgouzbpmsmxzads/SourcePackages/checkouts/firebase-ios-sdk
    write-file /Users/Veer/Library/Developer/Xcode/DerivedData/HearifyV1-ftljoypfezvlxcgouzbpmsmxzads/Build/Intermediates.noindex/Firebase.build/Debug-iphoneos/FirebaseCoreExtension.build/DerivedSources/resource_bundle_accessor.m

WriteAuxiliaryFile /Users/Veer/Library/Developer/Xcode/DerivedData/HearifyV1-ftljoypfezvlxcgouzbpmsmxzads/Build/Intermediates.noindex/Firebase.build/Debug-iphoneos/FirebaseCoreExtension.build/DerivedSources/resource_bundle_accessor.h (in target 'FirebaseCoreExtension' from project 'Firebase')
    cd /Users/Veer/Library/Developer/Xcode/DerivedData/HearifyV1-ftljoypfezvlxcgouzbpmsmxzads/SourcePackages/checkouts/firebase-ios-sdk
    write-file /Users/Veer/Library/Developer/Xcode/DerivedData/HearifyV1-ftljoypfezvlxcgouzbpmsmxzads/Build/Intermediates.noindex/Firebase.build/Debug-iphoneos/FirebaseCoreExtension.build/DerivedSources/resource_bundle_accessor.h

WriteAuxiliaryFile /Users/Veer/Library/Developer/Xcode/DerivedData/HearifyV1-ftljoypfezvlxcgouzbpmsmxzads/Build/Intermediates.noindex/Firebase.build/Debug-iphoneos/FirebaseCore.build/Objects-normal/arm64/e6072d4f65d7061329687fe24e3d63a7-common-args.resp (in target 'FirebaseCore' from project 'Firebase')
    cd /Users/Veer/Library/Developer/Xcode/DerivedData/HearifyV1-ftljoypfezvlxcgouzbpmsmxzads/SourcePackages/checkouts/firebase-ios-sdk
    write-file /Users/Veer/Library/Developer/Xcode/DerivedData/HearifyV1-ftljoypfezvlxcgouzbpmsmxzads/Build/Intermediates.noindex/Firebase.build/Debug-iphoneos/FirebaseCore.build/Objects-normal/arm64/e6072d4f65d7061329687fe24e3d63a7-common-args.resp
-target arm64-apple-ios15.0 -fobjc-arc -fmodules -gmodules '-fmodules-cache-path=/Users/Veer/Library/Developer/Xcode/DerivedData/ModuleCache.noindex' '-fmodule-name=FirebaseCore' -fpascal-strings -O0 -DSWIFT_PACKAGE '-DDEBUG=1' '-DFirebase_VERSION=12.8.0' '-DOBJC_OLD_DISPATCH_PROTOTYPES=1' -isysroot /Applications/Xcode.app/Contents/Developer/Platforms/iPhoneOS.platform/Developer/SDKs/iPhoneOS26.2.sdk -g -fprofile-instr-generate -fcoverage-mapping -I/Users/Veer/Library/Developer/Xcode/DerivedData/HearifyV1-ftljoypfezvlxcgouzbpmsmxzads/SourcePackages/checkouts/GoogleUtilities/GoogleUtilities/NSData+zlib/Public -I/Users/Veer/Library/Developer/Xcode/DerivedData/HearifyV1-ftljoypfezvlxcgouzbpmsmxzads/SourcePackages/checkouts/GoogleUtilities/GoogleUtilities/Environment/Public -I/Users/Veer/Library/Developer/Xcode/DerivedData/HearifyV1-ftljoypfezvlxcgouzbpmsmxzads/SourcePackages/checkouts/GoogleUtilities/third_party/IsAppEncrypted/Public -I/Users/Veer/Library/Developer/Xcode/DerivedData/HearifyV1-ftljoypfezvlxcgouzbpmsmxzads/SourcePackages/checkouts/GoogleUtilities/GoogleUtilities/Logger/Public -I/Users/Veer/Library/Developer/Xcode/DerivedData/HearifyV1-ftljoypfezvlxcgouzbpmsmxzads/SourcePackages/checkouts/firebase-ios-sdk/CoreOnly/Sources -I/Users/Veer/Library/Developer/Xcode/DerivedData/HearifyV1-ftljoypfezvlxcgouzbpmsmxzads/Build/Products/Debug-iphoneos/include -I/Users/Veer/Library/Developer/Xcode/DerivedData/HearifyV1-ftljoypfezvlxcgouzbpmsmxzads/SourcePackages/checkouts/firebase-ios-sdk/FirebaseCore/Sources/Public -I/Users/Veer/Library/Developer/Xcode/DerivedData/HearifyV1-ftljoypfezvlxcgouzbpmsmxzads/SourcePackages/checkouts/firebase-ios-sdk -I/Users/Veer/Library/Developer/Xcode/DerivedData/HearifyV1-ftljoypfezvlxcgouzbpmsmxzads/Build/Intermediates.noindex/Firebase.build/Debug-iphoneos/FirebaseCore.build/DerivedSources-normal/arm64 -I/Users/Veer/Library/Developer/Xcode/DerivedData/HearifyV1-ftljoypfezvlxcgouzbpmsmxzads/Build/Intermediates.noindex/Firebase.build/Debug-iphoneos/FirebaseCore.build/DerivedSources/arm64 -I/Users/Veer/Library/Developer/Xcode/DerivedData/HearifyV1-ftljoypfezvlxcgouzbpmsmxzads/Build/Intermediates.noindex/Firebase.build/Debug-iphoneos/FirebaseCore.build/DerivedSources -F/Users/Veer/Library/Developer/Xcode/DerivedData/HearifyV1-ftljoypfezvlxcgouzbpmsmxzads/Build/Products/Debug-iphoneos/PackageFrameworks -F/Users/Veer/Library/Developer/Xcode/DerivedData/HearifyV1-ftljoypfezvlxcgouzbpmsmxzads/Build/Products/Debug-iphoneos/PackageFrameworks -F/Users/Veer/Library/Developer/Xcode/DerivedData/HearifyV1-ftljoypfezvlxcgouzbpmsmxzads/Build/Products/Debug-iphoneos/PackageFrameworks -F/Users/Veer/Library/Developer/Xcode/DerivedData/HearifyV1-ftljoypfezvlxcgouzbpmsmxzads/Build/Products/Debug-iphoneos/PackageFrameworks -F/Users/Veer/Library/Developer/Xcode/DerivedData/HearifyV1-ftljoypfezvlxcgouzbpmsmxzads/Build/Products/Debug-iphoneos/PackageFrameworks -F/Users/Veer/Library/Developer/Xcode/DerivedData/HearifyV1-ftljoypfezvlxcgouzbpmsmxzads/Build/Products/Debug-iphoneos/PackageFrameworks -F/Users/Veer/Library/Developer/Xcode/DerivedData/HearifyV1-ftljoypfezvlxcgouzbpmsmxzads/Build/Products/Debug-iphoneos -iframework /Applications/Xcode.app/Contents/Developer/Platforms/iPhoneOS.platform/Developer/Library/Frameworks -iframework /Applications/Xcode.app/Contents/Developer/Platforms/iPhoneOS.platform/Developer/SDKs/iPhoneOS26.2.sdk/Developer/Library/Frameworks '-fmodule-map-file=/Users/Veer/Library/Developer/Xcode/DerivedData/HearifyV1-ftljoypfezvlxcgouzbpmsmxzads/Build/Intermediates.noindex/GeneratedModuleMaps-iphoneos/GoogleUtilities-NSData.modulemap' '-fmodule-map-file=/Users/Veer/Library/Developer/Xcode/DerivedData/HearifyV1-ftljoypfezvlxcgouzbpmsmxzads/Build/Intermediates.noindex/GeneratedModuleMaps-iphoneos/GoogleUtilities-Environment.modulemap' '-fmodule-map-file=/Users/Veer/Library/Developer/Xcode/DerivedData/HearifyV1-ftljoypfezvlxcgouzbpmsmxzads/Build/Intermediates.noindex/GeneratedModuleMaps-iphoneos/third-party-IsAppEncrypted.modulemap' '-fmodule-map-file=/Users/Veer/Library/Developer/Xcode/DerivedData/HearifyV1-ftljoypfezvlxcgouzbpmsmxzads/Build/Intermediates.noindex/GeneratedModuleMaps-iphoneos/GoogleUtilities-Logger.modulemap' '-fmodule-map-file=/Users/Veer/Library/Developer/Xcode/DerivedData/HearifyV1-ftljoypfezvlxcgouzbpmsmxzads/Build/Intermediates.noindex/GeneratedModuleMaps-iphoneos/FirebaseCoreInternal.modulemap' -DXcode

WriteAuxiliaryFile /Users/Veer/Library/Developer/Xcode/DerivedData/HearifyV1-ftljoypfezvlxcgouzbpmsmxzads/Build/Intermediates.noindex/Firebase.build/Debug-iphoneos/FirebaseCore.build/Objects-normal/arm64/FirebaseCore.LinkFileList (in target 'FirebaseCore' from project 'Firebase')
    cd /Users/Veer/Library/Developer/Xcode/DerivedData/HearifyV1-ftljoypfezvlxcgouzbpmsmxzads/SourcePackages/checkouts/firebase-ios-sdk
    write-file /Users/Veer/Library/Developer/Xcode/DerivedData/HearifyV1-ftljoypfezvlxcgouzbpmsmxzads/Build/Intermediates.noindex/Firebase.build/Debug-iphoneos/FirebaseCore.build/Objects-normal/arm64/FirebaseCore.LinkFileList

WriteAuxiliaryFile /Users/Veer/Library/Developer/Xcode/DerivedData/HearifyV1-ftljoypfezvlxcgouzbpmsmxzads/Build/Intermediates.noindex/Firebase.build/Debug-iphoneos/FirebaseCore.build/FirebaseCore.modulemap (in target 'FirebaseCore' from project 'Firebase')
    cd /Users/Veer/Library/Developer/Xcode/DerivedData/HearifyV1-ftljoypfezvlxcgouzbpmsmxzads/SourcePackages/checkouts/firebase-ios-sdk
    write-file /Users/Veer/Library/Developer/Xcode/DerivedData/HearifyV1-ftljoypfezvlxcgouzbpmsmxzads/Build/Intermediates.noindex/Firebase.build/Debug-iphoneos/FirebaseCore.build/FirebaseCore.modulemap

WriteAuxiliaryFile /Users/Veer/Library/Developer/Xcode/DerivedData/HearifyV1-ftljoypfezvlxcgouzbpmsmxzads/Build/Intermediates.noindex/Firebase.build/Debug-iphoneos/FirebaseCore.build/FirebaseCore.DependencyStaticMetadataFileList (in target 'FirebaseCore' from project 'Firebase')
    cd /Users/Veer/Library/Developer/Xcode/DerivedData/HearifyV1-ftljoypfezvlxcgouzbpmsmxzads/SourcePackages/checkouts/firebase-ios-sdk
    write-file /Users/Veer/Library/Developer/Xcode/DerivedData/HearifyV1-ftljoypfezvlxcgouzbpmsmxzads/Build/Intermediates.noindex/Firebase.build/Debug-iphoneos/FirebaseCore.build/FirebaseCore.DependencyStaticMetadataFileList

WriteAuxiliaryFile /Users/Veer/Library/Developer/Xcode/DerivedData/HearifyV1-ftljoypfezvlxcgouzbpmsmxzads/Build/Intermediates.noindex/Firebase.build/Debug-iphoneos/FirebaseCore.build/FirebaseCore.DependencyMetadataFileList (in target 'FirebaseCore' from project 'Firebase')
    cd /Users/Veer/Library/Developer/Xcode/DerivedData/HearifyV1-ftljoypfezvlxcgouzbpmsmxzads/SourcePackages/checkouts/firebase-ios-sdk
    write-file /Users/Veer/Library/Developer/Xcode/DerivedData/HearifyV1-ftljoypfezvlxcgouzbpmsmxzads/Build/Intermediates.noindex/Firebase.build/Debug-iphoneos/FirebaseCore.build/FirebaseCore.DependencyMetadataFileList

WriteAuxiliaryFile /Users/Veer/Library/Developer/Xcode/DerivedData/HearifyV1-ftljoypfezvlxcgouzbpmsmxzads/Build/Intermediates.noindex/Firebase.build/Debug-iphoneos/FirebaseCore.build/DerivedSources/resource_bundle_accessor.m (in target 'FirebaseCore' from project 'Firebase')
    cd /Users/Veer/Library/Developer/Xcode/DerivedData/HearifyV1-ftljoypfezvlxcgouzbpmsmxzads/SourcePackages/checkouts/firebase-ios-sdk
    write-file /Users/Veer/Library/Developer/Xcode/DerivedData/HearifyV1-ftljoypfezvlxcgouzbpmsmxzads/Build/Intermediates.noindex/Firebase.build/Debug-iphoneos/FirebaseCore.build/DerivedSources/resource_bundle_accessor.m

WriteAuxiliaryFile /Users/Veer/Library/Developer/Xcode/DerivedData/HearifyV1-ftljoypfezvlxcgouzbpmsmxzads/Build/Intermediates.noindex/Firebase.build/Debug-iphoneos/FirebaseCore.build/DerivedSources/resource_bundle_accessor.h (in target 'FirebaseCore' from project 'Firebase')
    cd /Users/Veer/Library/Developer/Xcode/DerivedData/HearifyV1-ftljoypfezvlxcgouzbpmsmxzads/SourcePackages/checkouts/firebase-ios-sdk
    write-file /Users/Veer/Library/Developer/Xcode/DerivedData/HearifyV1-ftljoypfezvlxcgouzbpmsmxzads/Build/Intermediates.noindex/Firebase.build/Debug-iphoneos/FirebaseCore.build/DerivedSources/resource_bundle_accessor.h

WriteAuxiliaryFile /Users/Veer/Library/Developer/Xcode/DerivedData/HearifyV1-ftljoypfezvlxcgouzbpmsmxzads/Build/Intermediates.noindex/Firebase.build/Debug-iphoneos/FirebaseAuthInterop.build/Objects-normal/arm64/e6072d4f65d7061329687fe24e3d63a7-common-args.resp (in target 'FirebaseAuthInterop' from project 'Firebase')
    cd /Users/Veer/Library/Developer/Xcode/DerivedData/HearifyV1-ftljoypfezvlxcgouzbpmsmxzads/SourcePackages/checkouts/firebase-ios-sdk
    write-file /Users/Veer/Library/Developer/Xcode/DerivedData/HearifyV1-ftljoypfezvlxcgouzbpmsmxzads/Build/Intermediates.noindex/Firebase.build/Debug-iphoneos/FirebaseAuthInterop.build/Objects-normal/arm64/e6072d4f65d7061329687fe24e3d63a7-common-args.resp
-target arm64-apple-ios15.0 -fobjc-arc -fmodules -gmodules '-fmodules-cache-path=/Users/Veer/Library/Developer/Xcode/DerivedData/ModuleCache.noindex' '-fmodule-name=FirebaseAuthInterop' -fpascal-strings -O0 -DSWIFT_PACKAGE '-DDEBUG=1' '-DOBJC_OLD_DISPATCH_PROTOTYPES=1' -isysroot /Applications/Xcode.app/Contents/Developer/Platforms/iPhoneOS.platform/Developer/SDKs/iPhoneOS26.2.sdk -g -fprofile-instr-generate -fcoverage-mapping -I/Users/Veer/Library/Developer/Xcode/DerivedData/HearifyV1-ftljoypfezvlxcgouzbpmsmxzads/Build/Products/Debug-iphoneos/include -I/Users/Veer/Library/Developer/Xcode/DerivedData/HearifyV1-ftljoypfezvlxcgouzbpmsmxzads/SourcePackages/checkouts/firebase-ios-sdk/FirebaseAuth/Interop/Public -I/Users/Veer/Library/Developer/Xcode/DerivedData/HearifyV1-ftljoypfezvlxcgouzbpmsmxzads/SourcePackages/checkouts/firebase-ios-sdk -I/Users/Veer/Library/Developer/Xcode/DerivedData/HearifyV1-ftljoypfezvlxcgouzbpmsmxzads/Build/Intermediates.noindex/Firebase.build/Debug-iphoneos/FirebaseAuthInterop.build/DerivedSources-normal/arm64 -I/Users/Veer/Library/Developer/Xcode/DerivedData/HearifyV1-ftljoypfezvlxcgouzbpmsmxzads/Build/Intermediates.noindex/Firebase.build/Debug-iphoneos/FirebaseAuthInterop.build/DerivedSources/arm64 -I/Users/Veer/Library/Developer/Xcode/DerivedData/HearifyV1-ftljoypfezvlxcgouzbpmsmxzads/Build/Intermediates.noindex/Firebase.build/Debug-iphoneos/FirebaseAuthInterop.build/DerivedSources -F/Users/Veer/Library/Developer/Xcode/DerivedData/HearifyV1-ftljoypfezvlxcgouzbpmsmxzads/Build/Products/Debug-iphoneos -iframework /Applications/Xcode.app/Contents/Developer/Platforms/iPhoneOS.platform/Developer/Library/Frameworks -iframework /Applications/Xcode.app/Contents/Developer/Platforms/iPhoneOS.platform/Developer/SDKs/iPhoneOS26.2.sdk/Developer/Library/Frameworks -DXcode

WriteAuxiliaryFile /Users/Veer/Library/Developer/Xcode/DerivedData/HearifyV1-ftljoypfezvlxcgouzbpmsmxzads/Build/Intermediates.noindex/Firebase.build/Debug-iphoneos/FirebaseAuthInterop.build/Objects-normal/arm64/FirebaseAuthInterop.LinkFileList (in target 'FirebaseAuthInterop' from project 'Firebase')
    cd /Users/Veer/Library/Developer/Xcode/DerivedData/HearifyV1-ftljoypfezvlxcgouzbpmsmxzads/SourcePackages/checkouts/firebase-ios-sdk
    write-file /Users/Veer/Library/Developer/Xcode/DerivedData/HearifyV1-ftljoypfezvlxcgouzbpmsmxzads/Build/Intermediates.noindex/Firebase.build/Debug-iphoneos/FirebaseAuthInterop.build/Objects-normal/arm64/FirebaseAuthInterop.LinkFileList

WriteAuxiliaryFile /Users/Veer/Library/Developer/Xcode/DerivedData/HearifyV1-ftljoypfezvlxcgouzbpmsmxzads/Build/Intermediates.noindex/Firebase.build/Debug-iphoneos/FirebaseAuthInterop.build/FirebaseAuthInterop.modulemap (in target 'FirebaseAuthInterop' from project 'Firebase')
    cd /Users/Veer/Library/Developer/Xcode/DerivedData/HearifyV1-ftljoypfezvlxcgouzbpmsmxzads/SourcePackages/checkouts/firebase-ios-sdk
    write-file /Users/Veer/Library/Developer/Xcode/DerivedData/HearifyV1-ftljoypfezvlxcgouzbpmsmxzads/Build/Intermediates.noindex/Firebase.build/Debug-iphoneos/FirebaseAuthInterop.build/FirebaseAuthInterop.modulemap

WriteAuxiliaryFile /Users/Veer/Library/Developer/Xcode/DerivedData/HearifyV1-ftljoypfezvlxcgouzbpmsmxzads/Build/Intermediates.noindex/Firebase.build/Debug-iphoneos/FirebaseAuthInterop.build/FirebaseAuthInterop.DependencyStaticMetadataFileList (in target 'FirebaseAuthInterop' from project 'Firebase')
    cd /Users/Veer/Library/Developer/Xcode/DerivedData/HearifyV1-ftljoypfezvlxcgouzbpmsmxzads/SourcePackages/checkouts/firebase-ios-sdk
    write-file /Users/Veer/Library/Developer/Xcode/DerivedData/HearifyV1-ftljoypfezvlxcgouzbpmsmxzads/Build/Intermediates.noindex/Firebase.build/Debug-iphoneos/FirebaseAuthInterop.build/FirebaseAuthInterop.DependencyStaticMetadataFileList

WriteAuxiliaryFile /Users/Veer/Library/Developer/Xcode/DerivedData/HearifyV1-ftljoypfezvlxcgouzbpmsmxzads/Build/Intermediates.noindex/Firebase.build/Debug-iphoneos/FirebaseAuthInterop.build/FirebaseAuthInterop.DependencyMetadataFileList (in target 'FirebaseAuthInterop' from project 'Firebase')
    cd /Users/Veer/Library/Developer/Xcode/DerivedData/HearifyV1-ftljoypfezvlxcgouzbpmsmxzads/SourcePackages/checkouts/firebase-ios-sdk
    write-file /Users/Veer/Library/Developer/Xcode/DerivedData/HearifyV1-ftljoypfezvlxcgouzbpmsmxzads/Build/Intermediates.noindex/Firebase.build/Debug-iphoneos/FirebaseAuthInterop.build/FirebaseAuthInterop.DependencyMetadataFileList

WriteAuxiliaryFile /Users/Veer/Library/Developer/Xcode/DerivedData/HearifyV1-ftljoypfezvlxcgouzbpmsmxzads/Build/Intermediates.noindex/Firebase.build/Debug-iphoneos/FirebaseAuthInternal.build/Objects-normal/arm64/e6072d4f65d7061329687fe24e3d63a7-common-args.resp (in target 'FirebaseAuthInternal' from project 'Firebase')
    cd /Users/Veer/Library/Developer/Xcode/DerivedData/HearifyV1-ftljoypfezvlxcgouzbpmsmxzads/SourcePackages/checkouts/firebase-ios-sdk
    write-file /Users/Veer/Library/Developer/Xcode/DerivedData/HearifyV1-ftljoypfezvlxcgouzbpmsmxzads/Build/Intermediates.noindex/Firebase.build/Debug-iphoneos/FirebaseAuthInternal.build/Objects-normal/arm64/e6072d4f65d7061329687fe24e3d63a7-common-args.resp
-target arm64-apple-ios15.0 -fobjc-arc -fmodules -gmodules '-fmodules-cache-path=/Users/Veer/Library/Developer/Xcode/DerivedData/ModuleCache.noindex' '-fmodule-name=FirebaseAuthInternal' -fpascal-strings -O0 -DSWIFT_PACKAGE '-DDEBUG=1' '-DOBJC_OLD_DISPATCH_PROTOTYPES=1' -isysroot /Applications/Xcode.app/Contents/Developer/Platforms/iPhoneOS.platform/Developer/SDKs/iPhoneOS26.2.sdk -g -fprofile-instr-generate -fcoverage-mapping -I/Users/Veer/Library/Developer/Xcode/DerivedData/HearifyV1-ftljoypfezvlxcgouzbpmsmxzads/SourcePackages/checkouts/interop-ios-for-google-sdks/RecaptchaEnterprise/RecaptchaInterop/Public -I/Users/Veer/Library/Developer/Xcode/DerivedData/HearifyV1-ftljoypfezvlxcgouzbpmsmxzads/Build/Products/Debug-iphoneos/include -I/Users/Veer/Library/Developer/Xcode/DerivedData/HearifyV1-ftljoypfezvlxcgouzbpmsmxzads/SourcePackages/checkouts/firebase-ios-sdk/FirebaseAuth/Sources/Public -I/Users/Veer/Library/Developer/Xcode/DerivedData/HearifyV1-ftljoypfezvlxcgouzbpmsmxzads/SourcePackages/checkouts/firebase-ios-sdk -I/Users/Veer/Library/Developer/Xcode/DerivedData/HearifyV1-ftljoypfezvlxcgouzbpmsmxzads/Build/Intermediates.noindex/Firebase.build/Debug-iphoneos/FirebaseAuthInternal.build/DerivedSources-normal/arm64 -I/Users/Veer/Library/Developer/Xcode/DerivedData/HearifyV1-ftljoypfezvlxcgouzbpmsmxzads/Build/Intermediates.noindex/Firebase.build/Debug-iphoneos/FirebaseAuthInternal.build/DerivedSources/arm64 -I/Users/Veer/Library/Developer/Xcode/DerivedData/HearifyV1-ftljoypfezvlxcgouzbpmsmxzads/Build/Intermediates.noindex/Firebase.build/Debug-iphoneos/FirebaseAuthInternal.build/DerivedSources -F/Users/Veer/Library/Developer/Xcode/DerivedData/HearifyV1-ftljoypfezvlxcgouzbpmsmxzads/Build/Products/Debug-iphoneos/PackageFrameworks -F/Users/Veer/Library/Developer/Xcode/DerivedData/HearifyV1-ftljoypfezvlxcgouzbpmsmxzads/Build/Products/Debug-iphoneos -iframework /Applications/Xcode.app/Contents/Developer/Platforms/iPhoneOS.platform/Developer/Library/Frameworks -iframework /Applications/Xcode.app/Contents/Developer/Platforms/iPhoneOS.platform/Developer/SDKs/iPhoneOS26.2.sdk/Developer/Library/Frameworks '-fmodule-map-file=/Users/Veer/Library/Developer/Xcode/DerivedData/HearifyV1-ftljoypfezvlxcgouzbpmsmxzads/Build/Intermediates.noindex/GeneratedModuleMaps-iphoneos/RecaptchaInterop.modulemap' -DXcode

WriteAuxiliaryFile /Users/Veer/Library/Developer/Xcode/DerivedData/HearifyV1-ftljoypfezvlxcgouzbpmsmxzads/Build/Intermediates.noindex/Firebase.build/Debug-iphoneos/FirebaseAuthInternal.build/Objects-normal/arm64/FirebaseAuthInternal.LinkFileList (in target 'FirebaseAuthInternal' from project 'Firebase')
    cd /Users/Veer/Library/Developer/Xcode/DerivedData/HearifyV1-ftljoypfezvlxcgouzbpmsmxzads/SourcePackages/checkouts/firebase-ios-sdk
    write-file /Users/Veer/Library/Developer/Xcode/DerivedData/HearifyV1-ftljoypfezvlxcgouzbpmsmxzads/Build/Intermediates.noindex/Firebase.build/Debug-iphoneos/FirebaseAuthInternal.build/Objects-normal/arm64/FirebaseAuthInternal.LinkFileList

WriteAuxiliaryFile /Users/Veer/Library/Developer/Xcode/DerivedData/HearifyV1-ftljoypfezvlxcgouzbpmsmxzads/Build/Intermediates.noindex/Firebase.build/Debug-iphoneos/FirebaseAuthInternal.build/FirebaseAuthInternal.modulemap (in target 'FirebaseAuthInternal' from project 'Firebase')
    cd /Users/Veer/Library/Developer/Xcode/DerivedData/HearifyV1-ftljoypfezvlxcgouzbpmsmxzads/SourcePackages/checkouts/firebase-ios-sdk
    write-file /Users/Veer/Library/Developer/Xcode/DerivedData/HearifyV1-ftljoypfezvlxcgouzbpmsmxzads/Build/Intermediates.noindex/Firebase.build/Debug-iphoneos/FirebaseAuthInternal.build/FirebaseAuthInternal.modulemap

WriteAuxiliaryFile /Users/Veer/Library/Developer/Xcode/DerivedData/HearifyV1-ftljoypfezvlxcgouzbpmsmxzads/Build/Intermediates.noindex/Firebase.build/Debug-iphoneos/FirebaseAuthInternal.build/FirebaseAuthInternal.DependencyStaticMetadataFileList (in target 'FirebaseAuthInternal' from project 'Firebase')
    cd /Users/Veer/Library/Developer/Xcode/DerivedData/HearifyV1-ftljoypfezvlxcgouzbpmsmxzads/SourcePackages/checkouts/firebase-ios-sdk
    write-file /Users/Veer/Library/Developer/Xcode/DerivedData/HearifyV1-ftljoypfezvlxcgouzbpmsmxzads/Build/Intermediates.noindex/Firebase.build/Debug-iphoneos/FirebaseAuthInternal.build/FirebaseAuthInternal.DependencyStaticMetadataFileList

WriteAuxiliaryFile /Users/Veer/Library/Developer/Xcode/DerivedData/HearifyV1-ftljoypfezvlxcgouzbpmsmxzads/Build/Intermediates.noindex/Firebase.build/Debug-iphoneos/FirebaseAuthInternal.build/FirebaseAuthInternal.DependencyMetadataFileList (in target 'FirebaseAuthInternal' from project 'Firebase')
    cd /Users/Veer/Library/Developer/Xcode/DerivedData/HearifyV1-ftljoypfezvlxcgouzbpmsmxzads/SourcePackages/checkouts/firebase-ios-sdk
    write-file /Users/Veer/Library/Developer/Xcode/DerivedData/HearifyV1-ftljoypfezvlxcgouzbpmsmxzads/Build/Intermediates.noindex/Firebase.build/Debug-iphoneos/FirebaseAuthInternal.build/FirebaseAuthInternal.DependencyMetadataFileList

WriteAuxiliaryFile /Users/Veer/Library/Developer/Xcode/DerivedData/HearifyV1-ftljoypfezvlxcgouzbpmsmxzads/Build/Intermediates.noindex/Firebase.build/Debug-iphoneos/FirebaseAuth.build/Objects-normal/arm64/FirebaseAuth.SwiftFileList (in target 'FirebaseAuth' from project 'Firebase')
    cd /Users/Veer/Library/Developer/Xcode/DerivedData/HearifyV1-ftljoypfezvlxcgouzbpmsmxzads/SourcePackages/checkouts/firebase-ios-sdk
    write-file /Users/Veer/Library/Developer/Xcode/DerivedData/HearifyV1-ftljoypfezvlxcgouzbpmsmxzads/Build/Intermediates.noindex/Firebase.build/Debug-iphoneos/FirebaseAuth.build/Objects-normal/arm64/FirebaseAuth.SwiftFileList

WriteAuxiliaryFile /Users/Veer/Library/Developer/Xcode/DerivedData/HearifyV1-ftljoypfezvlxcgouzbpmsmxzads/Build/Intermediates.noindex/Firebase.build/Debug-iphoneos/FirebaseAuth.build/Objects-normal/arm64/FirebaseAuth.SwiftConstValuesFileList (in target 'FirebaseAuth' from project 'Firebase')
    cd /Users/Veer/Library/Developer/Xcode/DerivedData/HearifyV1-ftljoypfezvlxcgouzbpmsmxzads/SourcePackages/checkouts/firebase-ios-sdk
    write-file /Users/Veer/Library/Developer/Xcode/DerivedData/HearifyV1-ftljoypfezvlxcgouzbpmsmxzads/Build/Intermediates.noindex/Firebase.build/Debug-iphoneos/FirebaseAuth.build/Objects-normal/arm64/FirebaseAuth.SwiftConstValuesFileList

WriteAuxiliaryFile /Users/Veer/Library/Developer/Xcode/DerivedData/HearifyV1-ftljoypfezvlxcgouzbpmsmxzads/Build/Intermediates.noindex/Firebase.build/Debug-iphoneos/FirebaseAuth.build/Objects-normal/arm64/FirebaseAuth_const_extract_protocols.json (in target 'FirebaseAuth' from project 'Firebase')
    cd /Users/Veer/Library/Developer/Xcode/DerivedData/HearifyV1-ftljoypfezvlxcgouzbpmsmxzads/SourcePackages/checkouts/firebase-ios-sdk
    write-file /Users/Veer/Library/Developer/Xcode/DerivedData/HearifyV1-ftljoypfezvlxcgouzbpmsmxzads/Build/Intermediates.noindex/Firebase.build/Debug-iphoneos/FirebaseAuth.build/Objects-normal/arm64/FirebaseAuth_const_extract_protocols.json

WriteAuxiliaryFile /Users/Veer/Library/Developer/Xcode/DerivedData/HearifyV1-ftljoypfezvlxcgouzbpmsmxzads/Build/Intermediates.noindex/Firebase.build/Debug-iphoneos/FirebaseAuth.build/Objects-normal/arm64/FirebaseAuth.LinkFileList (in target 'FirebaseAuth' from project 'Firebase')
    cd /Users/Veer/Library/Developer/Xcode/DerivedData/HearifyV1-ftljoypfezvlxcgouzbpmsmxzads/SourcePackages/checkouts/firebase-ios-sdk
    write-file /Users/Veer/Library/Developer/Xcode/DerivedData/HearifyV1-ftljoypfezvlxcgouzbpmsmxzads/Build/Intermediates.noindex/Firebase.build/Debug-iphoneos/FirebaseAuth.build/Objects-normal/arm64/FirebaseAuth.LinkFileList

WriteAuxiliaryFile /Users/Veer/Library/Developer/Xcode/DerivedData/HearifyV1-ftljoypfezvlxcgouzbpmsmxzads/Build/Intermediates.noindex/Firebase.build/Debug-iphoneos/FirebaseAuth.build/Objects-normal/arm64/FirebaseAuth-OutputFileMap.json (in target 'FirebaseAuth' from project 'Firebase')
    cd /Users/Veer/Library/Developer/Xcode/DerivedData/HearifyV1-ftljoypfezvlxcgouzbpmsmxzads/SourcePackages/checkouts/firebase-ios-sdk
    write-file /Users/Veer/Library/Developer/Xcode/DerivedData/HearifyV1-ftljoypfezvlxcgouzbpmsmxzads/Build/Intermediates.noindex/Firebase.build/Debug-iphoneos/FirebaseAuth.build/Objects-normal/arm64/FirebaseAuth-OutputFileMap.json

WriteAuxiliaryFile /Users/Veer/Library/Developer/Xcode/DerivedData/HearifyV1-ftljoypfezvlxcgouzbpmsmxzads/Build/Intermediates.noindex/Firebase.build/Debug-iphoneos/FirebaseAuth.build/FirebaseAuth.modulemap (in target 'FirebaseAuth' from project 'Firebase')
    cd /Users/Veer/Library/Developer/Xcode/DerivedData/HearifyV1-ftljoypfezvlxcgouzbpmsmxzads/SourcePackages/checkouts/firebase-ios-sdk
    write-file /Users/Veer/Library/Developer/Xcode/DerivedData/HearifyV1-ftljoypfezvlxcgouzbpmsmxzads/Build/Intermediates.noindex/Firebase.build/Debug-iphoneos/FirebaseAuth.build/FirebaseAuth.modulemap

WriteAuxiliaryFile /Users/Veer/Library/Developer/Xcode/DerivedData/HearifyV1-ftljoypfezvlxcgouzbpmsmxzads/Build/Intermediates.noindex/Firebase.build/Debug-iphoneos/FirebaseAuth.build/FirebaseAuth.DependencyStaticMetadataFileList (in target 'FirebaseAuth' from project 'Firebase')
    cd /Users/Veer/Library/Developer/Xcode/DerivedData/HearifyV1-ftljoypfezvlxcgouzbpmsmxzads/SourcePackages/checkouts/firebase-ios-sdk
    write-file /Users/Veer/Library/Developer/Xcode/DerivedData/HearifyV1-ftljoypfezvlxcgouzbpmsmxzads/Build/Intermediates.noindex/Firebase.build/Debug-iphoneos/FirebaseAuth.build/FirebaseAuth.DependencyStaticMetadataFileList

WriteAuxiliaryFile /Users/Veer/Library/Developer/Xcode/DerivedData/HearifyV1-ftljoypfezvlxcgouzbpmsmxzads/Build/Intermediates.noindex/Firebase.build/Debug-iphoneos/FirebaseAuth.build/FirebaseAuth.DependencyMetadataFileList (in target 'FirebaseAuth' from project 'Firebase')
    cd /Users/Veer/Library/Developer/Xcode/DerivedData/HearifyV1-ftljoypfezvlxcgouzbpmsmxzads/SourcePackages/checkouts/firebase-ios-sdk
    write-file /Users/Veer/Library/Developer/Xcode/DerivedData/HearifyV1-ftljoypfezvlxcgouzbpmsmxzads/Build/Intermediates.noindex/Firebase.build/Debug-iphoneos/FirebaseAuth.build/FirebaseAuth.DependencyMetadataFileList

WriteAuxiliaryFile /Users/Veer/Library/Developer/Xcode/DerivedData/HearifyV1-ftljoypfezvlxcgouzbpmsmxzads/Build/Intermediates.noindex/Firebase.build/Debug-iphoneos/FirebaseAuth.build/DerivedSources/resource_bundle_accessor.swift (in target 'FirebaseAuth' from project 'Firebase')
    cd /Users/Veer/Library/Developer/Xcode/DerivedData/HearifyV1-ftljoypfezvlxcgouzbpmsmxzads/SourcePackages/checkouts/firebase-ios-sdk
    write-file /Users/Veer/Library/Developer/Xcode/DerivedData/HearifyV1-ftljoypfezvlxcgouzbpmsmxzads/Build/Intermediates.noindex/Firebase.build/Debug-iphoneos/FirebaseAuth.build/DerivedSources/resource_bundle_accessor.swift

WriteAuxiliaryFile /Users/Veer/Library/Developer/Xcode/DerivedData/HearifyV1-ftljoypfezvlxcgouzbpmsmxzads/Build/Intermediates.noindex/Firebase.build/Debug-iphoneos/FirebaseAppCheckInterop.build/FirebaseAppCheckInterop.modulemap (in target 'FirebaseAppCheckInterop' from project 'Firebase')
    cd /Users/Veer/Library/Developer/Xcode/DerivedData/HearifyV1-ftljoypfezvlxcgouzbpmsmxzads/SourcePackages/checkouts/firebase-ios-sdk
    write-file /Users/Veer/Library/Developer/Xcode/DerivedData/HearifyV1-ftljoypfezvlxcgouzbpmsmxzads/Build/Intermediates.noindex/Firebase.build/Debug-iphoneos/FirebaseAppCheckInterop.build/FirebaseAppCheckInterop.modulemap

WriteAuxiliaryFile /Users/Veer/Library/Developer/Xcode/DerivedData/HearifyV1-ftljoypfezvlxcgouzbpmsmxzads/Build/Intermediates.noindex/Firebase.build/Debug-iphoneos/FirebaseAppCheckInterop.build/Objects-normal/arm64/e6072d4f65d7061329687fe24e3d63a7-common-args.resp (in target 'FirebaseAppCheckInterop' from project 'Firebase')
    cd /Users/Veer/Library/Developer/Xcode/DerivedData/HearifyV1-ftljoypfezvlxcgouzbpmsmxzads/SourcePackages/checkouts/firebase-ios-sdk
    write-file /Users/Veer/Library/Developer/Xcode/DerivedData/HearifyV1-ftljoypfezvlxcgouzbpmsmxzads/Build/Intermediates.noindex/Firebase.build/Debug-iphoneos/FirebaseAppCheckInterop.build/Objects-normal/arm64/e6072d4f65d7061329687fe24e3d63a7-common-args.resp
-target arm64-apple-ios15.0 -fobjc-arc -fmodules -gmodules '-fmodules-cache-path=/Users/Veer/Library/Developer/Xcode/DerivedData/ModuleCache.noindex' '-fmodule-name=FirebaseAppCheckInterop' -fpascal-strings -O0 -DSWIFT_PACKAGE '-DDEBUG=1' '-DOBJC_OLD_DISPATCH_PROTOTYPES=1' -isysroot /Applications/Xcode.app/Contents/Developer/Platforms/iPhoneOS.platform/Developer/SDKs/iPhoneOS26.2.sdk -g -fprofile-instr-generate -fcoverage-mapping -I/Users/Veer/Library/Developer/Xcode/DerivedData/HearifyV1-ftljoypfezvlxcgouzbpmsmxzads/Build/Products/Debug-iphoneos/include -I/Users/Veer/Library/Developer/Xcode/DerivedData/HearifyV1-ftljoypfezvlxcgouzbpmsmxzads/SourcePackages/checkouts/firebase-ios-sdk/FirebaseAppCheck/Interop/Public -I/Users/Veer/Library/Developer/Xcode/DerivedData/HearifyV1-ftljoypfezvlxcgouzbpmsmxzads/SourcePackages/checkouts/firebase-ios-sdk -I/Users/Veer/Library/Developer/Xcode/DerivedData/HearifyV1-ftljoypfezvlxcgouzbpmsmxzads/Build/Intermediates.noindex/Firebase.build/Debug-iphoneos/FirebaseAppCheckInterop.build/DerivedSources-normal/arm64 -I/Users/Veer/Library/Developer/Xcode/DerivedData/HearifyV1-ftljoypfezvlxcgouzbpmsmxzads/Build/Intermediates.noindex/Firebase.build/Debug-iphoneos/FirebaseAppCheckInterop.build/DerivedSources/arm64 -I/Users/Veer/Library/Developer/Xcode/DerivedData/HearifyV1-ftljoypfezvlxcgouzbpmsmxzads/Build/Intermediates.noindex/Firebase.build/Debug-iphoneos/FirebaseAppCheckInterop.build/DerivedSources -F/Users/Veer/Library/Developer/Xcode/DerivedData/HearifyV1-ftljoypfezvlxcgouzbpmsmxzads/Build/Products/Debug-iphoneos -iframework /Applications/Xcode.app/Contents/Developer/Platforms/iPhoneOS.platform/Developer/Library/Frameworks -iframework /Applications/Xcode.app/Contents/Developer/Platforms/iPhoneOS.platform/Developer/SDKs/iPhoneOS26.2.sdk/Developer/Library/Frameworks -DXcode

WriteAuxiliaryFile /Users/Veer/Library/Developer/Xcode/DerivedData/HearifyV1-ftljoypfezvlxcgouzbpmsmxzads/Build/Intermediates.noindex/Firebase.build/Debug-iphoneos/FirebaseAppCheckInterop.build/FirebaseAppCheckInterop.DependencyMetadataFileList (in target 'FirebaseAppCheckInterop' from project 'Firebase')
    cd /Users/Veer/Library/Developer/Xcode/DerivedData/HearifyV1-ftljoypfezvlxcgouzbpmsmxzads/SourcePackages/checkouts/firebase-ios-sdk
    write-file /Users/Veer/Library/Developer/Xcode/DerivedData/HearifyV1-ftljoypfezvlxcgouzbpmsmxzads/Build/Intermediates.noindex/Firebase.build/Debug-iphoneos/FirebaseAppCheckInterop.build/FirebaseAppCheckInterop.DependencyMetadataFileList

WriteAuxiliaryFile /Users/Veer/Library/Developer/Xcode/DerivedData/HearifyV1-ftljoypfezvlxcgouzbpmsmxzads/Build/Intermediates.noindex/Firebase.build/Debug-iphoneos/FirebaseAppCheckInterop.build/FirebaseAppCheckInterop.DependencyStaticMetadataFileList (in target 'FirebaseAppCheckInterop' from project 'Firebase')
    cd /Users/Veer/Library/Developer/Xcode/DerivedData/HearifyV1-ftljoypfezvlxcgouzbpmsmxzads/SourcePackages/checkouts/firebase-ios-sdk
    write-file /Users/Veer/Library/Developer/Xcode/DerivedData/HearifyV1-ftljoypfezvlxcgouzbpmsmxzads/Build/Intermediates.noindex/Firebase.build/Debug-iphoneos/FirebaseAppCheckInterop.build/FirebaseAppCheckInterop.DependencyStaticMetadataFileList

WriteAuxiliaryFile /Users/Veer/Library/Developer/Xcode/DerivedData/HearifyV1-ftljoypfezvlxcgouzbpmsmxzads/Build/Intermediates.noindex/Firebase.build/Debug-iphoneos/FirebaseAppCheckInterop.build/Objects-normal/arm64/FirebaseAppCheckInterop.LinkFileList (in target 'FirebaseAppCheckInterop' from project 'Firebase')
    cd /Users/Veer/Library/Developer/Xcode/DerivedData/HearifyV1-ftljoypfezvlxcgouzbpmsmxzads/SourcePackages/checkouts/firebase-ios-sdk
    write-file /Users/Veer/Library/Developer/Xcode/DerivedData/HearifyV1-ftljoypfezvlxcgouzbpmsmxzads/Build/Intermediates.noindex/Firebase.build/Debug-iphoneos/FirebaseAppCheckInterop.build/Objects-normal/arm64/FirebaseAppCheckInterop.LinkFileList

WriteAuxiliaryFile /Users/Veer/Library/Developer/Xcode/DerivedData/HearifyV1-ftljoypfezvlxcgouzbpmsmxzads/Build/Intermediates.noindex/Firebase.build/Debug-iphoneos/Firebase.build/Objects-normal/arm64/Firebase.LinkFileList (in target 'Firebase' from project 'Firebase')
    cd /Users/Veer/Library/Developer/Xcode/DerivedData/HearifyV1-ftljoypfezvlxcgouzbpmsmxzads/SourcePackages/checkouts/firebase-ios-sdk
    write-file /Users/Veer/Library/Developer/Xcode/DerivedData/HearifyV1-ftljoypfezvlxcgouzbpmsmxzads/Build/Intermediates.noindex/Firebase.build/Debug-iphoneos/Firebase.build/Objects-normal/arm64/Firebase.LinkFileList

WriteAuxiliaryFile /Users/Veer/Library/Developer/Xcode/DerivedData/HearifyV1-ftljoypfezvlxcgouzbpmsmxzads/Build/Intermediates.noindex/Firebase.build/Debug-iphoneos/Firebase.build/Objects-normal/arm64/e6072d4f65d7061329687fe24e3d63a7-common-args.resp (in target 'Firebase' from project 'Firebase')
    cd /Users/Veer/Library/Developer/Xcode/DerivedData/HearifyV1-ftljoypfezvlxcgouzbpmsmxzads/SourcePackages/checkouts/firebase-ios-sdk
    write-file /Users/Veer/Library/Developer/Xcode/DerivedData/HearifyV1-ftljoypfezvlxcgouzbpmsmxzads/Build/Intermediates.noindex/Firebase.build/Debug-iphoneos/Firebase.build/Objects-normal/arm64/e6072d4f65d7061329687fe24e3d63a7-common-args.resp
-target arm64-apple-ios15.0 -fobjc-arc -fmodules -gmodules '-fmodules-cache-path=/Users/Veer/Library/Developer/Xcode/DerivedData/ModuleCache.noindex' '-fmodule-name=Firebase' -fpascal-strings -O0 -DSWIFT_PACKAGE '-DDEBUG=1' '-DOBJC_OLD_DISPATCH_PROTOTYPES=1' -isysroot /Applications/Xcode.app/Contents/Developer/Platforms/iPhoneOS.platform/Developer/SDKs/iPhoneOS26.2.sdk -g -fprofile-instr-generate -fcoverage-mapping -I/Users/Veer/Library/Developer/Xcode/DerivedData/HearifyV1-ftljoypfezvlxcgouzbpmsmxzads/Build/Products/Debug-iphoneos/include -I/Users/Veer/Library/Developer/Xcode/DerivedData/HearifyV1-ftljoypfezvlxcgouzbpmsmxzads/SourcePackages/checkouts/firebase-ios-sdk/CoreOnly/Sources -I/Users/Veer/Library/Developer/Xcode/DerivedData/HearifyV1-ftljoypfezvlxcgouzbpmsmxzads/Build/Intermediates.noindex/Firebase.build/Debug-iphoneos/Firebase.build/DerivedSources-normal/arm64 -I/Users/Veer/Library/Developer/Xcode/DerivedData/HearifyV1-ftljoypfezvlxcgouzbpmsmxzads/Build/Intermediates.noindex/Firebase.build/Debug-iphoneos/Firebase.build/DerivedSources/arm64 -I/Users/Veer/Library/Developer/Xcode/DerivedData/HearifyV1-ftljoypfezvlxcgouzbpmsmxzads/Build/Intermediates.noindex/Firebase.build/Debug-iphoneos/Firebase.build/DerivedSources -F/Users/Veer/Library/Developer/Xcode/DerivedData/HearifyV1-ftljoypfezvlxcgouzbpmsmxzads/Build/Products/Debug-iphoneos -iframework /Applications/Xcode.app/Contents/Developer/Platforms/iPhoneOS.platform/Developer/Library/Frameworks -iframework /Applications/Xcode.app/Contents/Developer/Platforms/iPhoneOS.platform/Developer/SDKs/iPhoneOS26.2.sdk/Developer/Library/Frameworks -DXcode

WriteAuxiliaryFile /Users/Veer/Library/Developer/Xcode/DerivedData/HearifyV1-ftljoypfezvlxcgouzbpmsmxzads/Build/Intermediates.noindex/Firebase.build/Debug-iphoneos/Firebase.build/Firebase.DependencyStaticMetadataFileList (in target 'Firebase' from project 'Firebase')
    cd /Users/Veer/Library/Developer/Xcode/DerivedData/HearifyV1-ftljoypfezvlxcgouzbpmsmxzads/SourcePackages/checkouts/firebase-ios-sdk
    write-file /Users/Veer/Library/Developer/Xcode/DerivedData/HearifyV1-ftljoypfezvlxcgouzbpmsmxzads/Build/Intermediates.noindex/Firebase.build/Debug-iphoneos/Firebase.build/Firebase.DependencyStaticMetadataFileList

WriteAuxiliaryFile /Users/Veer/Library/Developer/Xcode/DerivedData/HearifyV1-ftljoypfezvlxcgouzbpmsmxzads/Build/Intermediates.noindex/Firebase.build/Debug-iphoneos/Firebase.build/Firebase.DependencyMetadataFileList (in target 'Firebase' from project 'Firebase')
    cd /Users/Veer/Library/Developer/Xcode/DerivedData/HearifyV1-ftljoypfezvlxcgouzbpmsmxzads/SourcePackages/checkouts/firebase-ios-sdk
    write-file /Users/Veer/Library/Developer/Xcode/DerivedData/HearifyV1-ftljoypfezvlxcgouzbpmsmxzads/Build/Intermediates.noindex/Firebase.build/Debug-iphoneos/Firebase.build/Firebase.DependencyMetadataFileList

MkDir /Users/Veer/Library/Developer/Xcode/DerivedData/HearifyV1-ftljoypfezvlxcgouzbpmsmxzads/Build/Products/Debug-iphoneos/nanopb_nanopb.bundle (in target 'nanopb_nanopb' from project 'nanopb')
    cd /Users/Veer/Library/Developer/Xcode/DerivedData/HearifyV1-ftljoypfezvlxcgouzbpmsmxzads/SourcePackages/checkouts/nanopb
    /bin/mkdir -p /Users/Veer/Library/Developer/Xcode/DerivedData/HearifyV1-ftljoypfezvlxcgouzbpmsmxzads/Build/Products/Debug-iphoneos/nanopb_nanopb.bundle

MkDir /Users/Veer/Library/Developer/Xcode/DerivedData/HearifyV1-ftljoypfezvlxcgouzbpmsmxzads/Build/Products/Debug-iphoneos/leveldb_leveldb.bundle (in target 'leveldb_leveldb' from project 'leveldb')
    cd /Users/Veer/Library/Developer/Xcode/DerivedData/HearifyV1-ftljoypfezvlxcgouzbpmsmxzads/SourcePackages/checkouts/leveldb
    /bin/mkdir -p /Users/Veer/Library/Developer/Xcode/DerivedData/HearifyV1-ftljoypfezvlxcgouzbpmsmxzads/Build/Products/Debug-iphoneos/leveldb_leveldb.bundle

MkDir /Users/Veer/Library/Developer/Xcode/DerivedData/HearifyV1-ftljoypfezvlxcgouzbpmsmxzads/Build/Products/Debug-iphoneos/gRPC_opensslWrapper.bundle (in target 'gRPC_opensslWrapper' from project 'gRPC')
    cd /Users/Veer/Library/Developer/Xcode/DerivedData/HearifyV1-ftljoypfezvlxcgouzbpmsmxzads/SourcePackages/checkouts/grpc-binary
    /bin/mkdir -p /Users/Veer/Library/Developer/Xcode/DerivedData/HearifyV1-ftljoypfezvlxcgouzbpmsmxzads/Build/Products/Debug-iphoneos/gRPC_opensslWrapper.bundle

Copy /Users/Veer/Library/Developer/Xcode/DerivedData/HearifyV1-ftljoypfezvlxcgouzbpmsmxzads/Build/Intermediates.noindex/GeneratedModuleMaps-iphoneos/leveldb.modulemap /Users/Veer/Library/Developer/Xcode/DerivedData/HearifyV1-ftljoypfezvlxcgouzbpmsmxzads/Build/Intermediates.noindex/leveldb.build/Debug-iphoneos/leveldb.build/leveldb.modulemap (in target 'leveldb' from project 'leveldb')
    cd /Users/Veer/Library/Developer/Xcode/DerivedData/HearifyV1-ftljoypfezvlxcgouzbpmsmxzads/SourcePackages/checkouts/leveldb
    builtin-copy -exclude .DS_Store -exclude CVS -exclude .svn -exclude .git -exclude .hg -resolve-src-symlinks /Users/Veer/Library/Developer/Xcode/DerivedData/HearifyV1-ftljoypfezvlxcgouzbpmsmxzads/Build/Intermediates.noindex/leveldb.build/Debug-iphoneos/leveldb.build/leveldb.modulemap /Users/Veer/Library/Developer/Xcode/DerivedData/HearifyV1-ftljoypfezvlxcgouzbpmsmxzads/Build/Intermediates.noindex/GeneratedModuleMaps-iphoneos

MkDir /Users/Veer/Library/Developer/Xcode/DerivedData/HearifyV1-ftljoypfezvlxcgouzbpmsmxzads/Build/Products/Debug-iphoneos/gRPC_grpcppWrapper.bundle (in target 'gRPC_grpcppWrapper' from project 'gRPC')
    cd /Users/Veer/Library/Developer/Xcode/DerivedData/HearifyV1-ftljoypfezvlxcgouzbpmsmxzads/SourcePackages/checkouts/grpc-binary
    /bin/mkdir -p /Users/Veer/Library/Developer/Xcode/DerivedData/HearifyV1-ftljoypfezvlxcgouzbpmsmxzads/Build/Products/Debug-iphoneos/gRPC_grpcppWrapper.bundle

MkDir /Users/Veer/Library/Developer/Xcode/DerivedData/HearifyV1-ftljoypfezvlxcgouzbpmsmxzads/Build/Products/Debug-iphoneos/gRPC_grpcWrapper.bundle (in target 'gRPC_grpcWrapper' from project 'gRPC')
    cd /Users/Veer/Library/Developer/Xcode/DerivedData/HearifyV1-ftljoypfezvlxcgouzbpmsmxzads/SourcePackages/checkouts/grpc-binary
    /bin/mkdir -p /Users/Veer/Library/Developer/Xcode/DerivedData/HearifyV1-ftljoypfezvlxcgouzbpmsmxzads/Build/Products/Debug-iphoneos/gRPC_grpcWrapper.bundle

MkDir /Users/Veer/Library/Developer/Xcode/DerivedData/HearifyV1-ftljoypfezvlxcgouzbpmsmxzads/Build/Products/Debug-iphoneos/abseil_abslWrapper.bundle (in target 'abseil_abslWrapper' from project 'abseil')
    cd /Users/Veer/Library/Developer/Xcode/DerivedData/HearifyV1-ftljoypfezvlxcgouzbpmsmxzads/SourcePackages/checkouts/abseil-cpp-binary
    /bin/mkdir -p /Users/Veer/Library/Developer/Xcode/DerivedData/HearifyV1-ftljoypfezvlxcgouzbpmsmxzads/Build/Products/Debug-iphoneos/abseil_abslWrapper.bundle

MkDir /Users/Veer/Library/Developer/Xcode/DerivedData/HearifyV1-ftljoypfezvlxcgouzbpmsmxzads/Build/Products/Debug-iphoneos/GoogleUtilities_GoogleUtilities-Reachability.bundle (in target 'GoogleUtilities_GoogleUtilities-Reachability' from project 'GoogleUtilities')
    cd /Users/Veer/Library/Developer/Xcode/DerivedData/HearifyV1-ftljoypfezvlxcgouzbpmsmxzads/SourcePackages/checkouts/GoogleUtilities
    /bin/mkdir -p /Users/Veer/Library/Developer/Xcode/DerivedData/HearifyV1-ftljoypfezvlxcgouzbpmsmxzads/Build/Products/Debug-iphoneos/GoogleUtilities_GoogleUtilities-Reachability.bundle

MkDir /Users/Veer/Library/Developer/Xcode/DerivedData/HearifyV1-ftljoypfezvlxcgouzbpmsmxzads/Build/Products/Debug-iphoneos/GoogleUtilities_GoogleUtilities-Network.bundle (in target 'GoogleUtilities_GoogleUtilities-Network' from project 'GoogleUtilities')
    cd /Users/Veer/Library/Developer/Xcode/DerivedData/HearifyV1-ftljoypfezvlxcgouzbpmsmxzads/SourcePackages/checkouts/GoogleUtilities
    /bin/mkdir -p /Users/Veer/Library/Developer/Xcode/DerivedData/HearifyV1-ftljoypfezvlxcgouzbpmsmxzads/Build/Products/Debug-iphoneos/GoogleUtilities_GoogleUtilities-Network.bundle

MkDir /Users/Veer/Library/Developer/Xcode/DerivedData/HearifyV1-ftljoypfezvlxcgouzbpmsmxzads/Build/Products/Debug-iphoneos/GoogleUtilities_GoogleUtilities-NSData.bundle (in target 'GoogleUtilities_GoogleUtilities-NSData' from project 'GoogleUtilities')
    cd /Users/Veer/Library/Developer/Xcode/DerivedData/HearifyV1-ftljoypfezvlxcgouzbpmsmxzads/SourcePackages/checkouts/GoogleUtilities
    /bin/mkdir -p /Users/Veer/Library/Developer/Xcode/DerivedData/HearifyV1-ftljoypfezvlxcgouzbpmsmxzads/Build/Products/Debug-iphoneos/GoogleUtilities_GoogleUtilities-NSData.bundle

MkDir /Users/Veer/Library/Developer/Xcode/DerivedData/HearifyV1-ftljoypfezvlxcgouzbpmsmxzads/Build/Products/Debug-iphoneos/GoogleUtilities_GoogleUtilities-Logger.bundle (in target 'GoogleUtilities_GoogleUtilities-Logger' from project 'GoogleUtilities')
    cd /Users/Veer/Library/Developer/Xcode/DerivedData/HearifyV1-ftljoypfezvlxcgouzbpmsmxzads/SourcePackages/checkouts/GoogleUtilities
    /bin/mkdir -p /Users/Veer/Library/Developer/Xcode/DerivedData/HearifyV1-ftljoypfezvlxcgouzbpmsmxzads/Build/Products/Debug-iphoneos/GoogleUtilities_GoogleUtilities-Logger.bundle

MkDir /Users/Veer/Library/Developer/Xcode/DerivedData/HearifyV1-ftljoypfezvlxcgouzbpmsmxzads/Build/Products/Debug-iphoneos/GoogleUtilities_GoogleUtilities-Environment.bundle (in target 'GoogleUtilities_GoogleUtilities-Environment' from project 'GoogleUtilities')
    cd /Users/Veer/Library/Developer/Xcode/DerivedData/HearifyV1-ftljoypfezvlxcgouzbpmsmxzads/SourcePackages/checkouts/GoogleUtilities
    /bin/mkdir -p /Users/Veer/Library/Developer/Xcode/DerivedData/HearifyV1-ftljoypfezvlxcgouzbpmsmxzads/Build/Products/Debug-iphoneos/GoogleUtilities_GoogleUtilities-Environment.bundle

MkDir /Users/Veer/Library/Developer/Xcode/DerivedData/HearifyV1-ftljoypfezvlxcgouzbpmsmxzads/Build/Products/Debug-iphoneos/GoogleUtilities_GoogleUtilities-AppDelegateSwizzler.bundle (in target 'GoogleUtilities_GoogleUtilities-AppDelegateSwizzler' from project 'GoogleUtilities')
    cd /Users/Veer/Library/Developer/Xcode/DerivedData/HearifyV1-ftljoypfezvlxcgouzbpmsmxzads/SourcePackages/checkouts/GoogleUtilities
    /bin/mkdir -p /Users/Veer/Library/Developer/Xcode/DerivedData/HearifyV1-ftljoypfezvlxcgouzbpmsmxzads/Build/Products/Debug-iphoneos/GoogleUtilities_GoogleUtilities-AppDelegateSwizzler.bundle

MkDir /Users/Veer/Library/Developer/Xcode/DerivedData/HearifyV1-ftljoypfezvlxcgouzbpmsmxzads/Build/Products/Debug-iphoneos/GTMSessionFetcher_GTMSessionFetcherCore.bundle (in target 'GTMSessionFetcher_GTMSessionFetcherCore' from project 'GTMSessionFetcher')
    cd /Users/Veer/Library/Developer/Xcode/DerivedData/HearifyV1-ftljoypfezvlxcgouzbpmsmxzads/SourcePackages/checkouts/gtm-session-fetcher
    /bin/mkdir -p /Users/Veer/Library/Developer/Xcode/DerivedData/HearifyV1-ftljoypfezvlxcgouzbpmsmxzads/Build/Products/Debug-iphoneos/GTMSessionFetcher_GTMSessionFetcherCore.bundle

MkDir /Users/Veer/Library/Developer/Xcode/DerivedData/HearifyV1-ftljoypfezvlxcgouzbpmsmxzads/Build/Products/Debug-iphoneos/Firebase_FirebaseFirestore.bundle (in target 'Firebase_FirebaseFirestore' from project 'Firebase')
    cd /Users/Veer/Library/Developer/Xcode/DerivedData/HearifyV1-ftljoypfezvlxcgouzbpmsmxzads/SourcePackages/checkouts/firebase-ios-sdk
    /bin/mkdir -p /Users/Veer/Library/Developer/Xcode/DerivedData/HearifyV1-ftljoypfezvlxcgouzbpmsmxzads/Build/Products/Debug-iphoneos/Firebase_FirebaseFirestore.bundle

MkDir /Users/Veer/Library/Developer/Xcode/DerivedData/HearifyV1-ftljoypfezvlxcgouzbpmsmxzads/Build/Products/Debug-iphoneos/Firebase_FirebaseCoreInternal.bundle (in target 'Firebase_FirebaseCoreInternal' from project 'Firebase')
    cd /Users/Veer/Library/Developer/Xcode/DerivedData/HearifyV1-ftljoypfezvlxcgouzbpmsmxzads/SourcePackages/checkouts/firebase-ios-sdk
    /bin/mkdir -p /Users/Veer/Library/Developer/Xcode/DerivedData/HearifyV1-ftljoypfezvlxcgouzbpmsmxzads/Build/Products/Debug-iphoneos/Firebase_FirebaseCoreInternal.bundle

MkDir /Users/Veer/Library/Developer/Xcode/DerivedData/HearifyV1-ftljoypfezvlxcgouzbpmsmxzads/Build/Products/Debug-iphoneos/Firebase_FirebaseCoreExtension.bundle (in target 'Firebase_FirebaseCoreExtension' from project 'Firebase')
    cd /Users/Veer/Library/Developer/Xcode/DerivedData/HearifyV1-ftljoypfezvlxcgouzbpmsmxzads/SourcePackages/checkouts/firebase-ios-sdk
    /bin/mkdir -p /Users/Veer/Library/Developer/Xcode/DerivedData/HearifyV1-ftljoypfezvlxcgouzbpmsmxzads/Build/Products/Debug-iphoneos/Firebase_FirebaseCoreExtension.bundle

MkDir /Users/Veer/Library/Developer/Xcode/DerivedData/HearifyV1-ftljoypfezvlxcgouzbpmsmxzads/Build/Products/Debug-iphoneos/Firebase_FirebaseCore.bundle (in target 'Firebase_FirebaseCore' from project 'Firebase')
    cd /Users/Veer/Library/Developer/Xcode/DerivedData/HearifyV1-ftljoypfezvlxcgouzbpmsmxzads/SourcePackages/checkouts/firebase-ios-sdk
    /bin/mkdir -p /Users/Veer/Library/Developer/Xcode/DerivedData/HearifyV1-ftljoypfezvlxcgouzbpmsmxzads/Build/Products/Debug-iphoneos/Firebase_FirebaseCore.bundle

MkDir /Users/Veer/Library/Developer/Xcode/DerivedData/HearifyV1-ftljoypfezvlxcgouzbpmsmxzads/Build/Products/Debug-iphoneos/Firebase_FirebaseAuth.bundle (in target 'Firebase_FirebaseAuth' from project 'Firebase')
    cd /Users/Veer/Library/Developer/Xcode/DerivedData/HearifyV1-ftljoypfezvlxcgouzbpmsmxzads/SourcePackages/checkouts/firebase-ios-sdk
    /bin/mkdir -p /Users/Veer/Library/Developer/Xcode/DerivedData/HearifyV1-ftljoypfezvlxcgouzbpmsmxzads/Build/Products/Debug-iphoneos/Firebase_FirebaseAuth.bundle

Copy /Users/Veer/Library/Developer/Xcode/DerivedData/HearifyV1-ftljoypfezvlxcgouzbpmsmxzads/Build/Intermediates.noindex/GeneratedModuleMaps-iphoneos/GoogleUtilities-Reachability.modulemap /Users/Veer/Library/Developer/Xcode/DerivedData/HearifyV1-ftljoypfezvlxcgouzbpmsmxzads/Build/Intermediates.noindex/GoogleUtilities.build/Debug-iphoneos/GoogleUtilities-Reachability.build/GoogleUtilities-Reachability.modulemap (in target 'GoogleUtilities-Reachability' from project 'GoogleUtilities')
    cd /Users/Veer/Library/Developer/Xcode/DerivedData/HearifyV1-ftljoypfezvlxcgouzbpmsmxzads/SourcePackages/checkouts/GoogleUtilities
    builtin-copy -exclude .DS_Store -exclude CVS -exclude .svn -exclude .git -exclude .hg -resolve-src-symlinks /Users/Veer/Library/Developer/Xcode/DerivedData/HearifyV1-ftljoypfezvlxcgouzbpmsmxzads/Build/Intermediates.noindex/GoogleUtilities.build/Debug-iphoneos/GoogleUtilities-Reachability.build/GoogleUtilities-Reachability.modulemap /Users/Veer/Library/Developer/Xcode/DerivedData/HearifyV1-ftljoypfezvlxcgouzbpmsmxzads/Build/Intermediates.noindex/GeneratedModuleMaps-iphoneos

Copy /Users/Veer/Library/Developer/Xcode/DerivedData/HearifyV1-ftljoypfezvlxcgouzbpmsmxzads/Build/Intermediates.noindex/GeneratedModuleMaps-iphoneos/RecaptchaInterop.modulemap /Users/Veer/Library/Developer/Xcode/DerivedData/HearifyV1-ftljoypfezvlxcgouzbpmsmxzads/Build/Intermediates.noindex/InteropForGoogle.build/Debug-iphoneos/RecaptchaInterop.build/RecaptchaInterop.modulemap (in target 'RecaptchaInterop' from project 'InteropForGoogle')
    cd /Users/Veer/Library/Developer/Xcode/DerivedData/HearifyV1-ftljoypfezvlxcgouzbpmsmxzads/SourcePackages/checkouts/interop-ios-for-google-sdks
    builtin-copy -exclude .DS_Store -exclude CVS -exclude .svn -exclude .git -exclude .hg -resolve-src-symlinks /Users/Veer/Library/Developer/Xcode/DerivedData/HearifyV1-ftljoypfezvlxcgouzbpmsmxzads/Build/Intermediates.noindex/InteropForGoogle.build/Debug-iphoneos/RecaptchaInterop.build/RecaptchaInterop.modulemap /Users/Veer/Library/Developer/Xcode/DerivedData/HearifyV1-ftljoypfezvlxcgouzbpmsmxzads/Build/Intermediates.noindex/GeneratedModuleMaps-iphoneos

Copy /Users/Veer/Library/Developer/Xcode/DerivedData/HearifyV1-ftljoypfezvlxcgouzbpmsmxzads/Build/Intermediates.noindex/GeneratedModuleMaps-iphoneos/GoogleUtilities-Network.modulemap /Users/Veer/Library/Developer/Xcode/DerivedData/HearifyV1-ftljoypfezvlxcgouzbpmsmxzads/Build/Intermediates.noindex/GoogleUtilities.build/Debug-iphoneos/GoogleUtilities-Network.build/GoogleUtilities-Network.modulemap (in target 'GoogleUtilities-Network' from project 'GoogleUtilities')
    cd /Users/Veer/Library/Developer/Xcode/DerivedData/HearifyV1-ftljoypfezvlxcgouzbpmsmxzads/SourcePackages/checkouts/GoogleUtilities
    builtin-copy -exclude .DS_Store -exclude CVS -exclude .svn -exclude .git -exclude .hg -resolve-src-symlinks /Users/Veer/Library/Developer/Xcode/DerivedData/HearifyV1-ftljoypfezvlxcgouzbpmsmxzads/Build/Intermediates.noindex/GoogleUtilities.build/Debug-iphoneos/GoogleUtilities-Network.build/GoogleUtilities-Network.modulemap /Users/Veer/Library/Developer/Xcode/DerivedData/HearifyV1-ftljoypfezvlxcgouzbpmsmxzads/Build/Intermediates.noindex/GeneratedModuleMaps-iphoneos

Copy /Users/Veer/Library/Developer/Xcode/DerivedData/HearifyV1-ftljoypfezvlxcgouzbpmsmxzads/Build/Intermediates.noindex/GeneratedModuleMaps-iphoneos/GoogleUtilities-Logger.modulemap /Users/Veer/Library/Developer/Xcode/DerivedData/HearifyV1-ftljoypfezvlxcgouzbpmsmxzads/Build/Intermediates.noindex/GoogleUtilities.build/Debug-iphoneos/GoogleUtilities-Logger.build/GoogleUtilities-Logger.modulemap (in target 'GoogleUtilities-Logger' from project 'GoogleUtilities')
    cd /Users/Veer/Library/Developer/Xcode/DerivedData/HearifyV1-ftljoypfezvlxcgouzbpmsmxzads/SourcePackages/checkouts/GoogleUtilities
    builtin-copy -exclude .DS_Store -exclude CVS -exclude .svn -exclude .git -exclude .hg -resolve-src-symlinks /Users/Veer/Library/Developer/Xcode/DerivedData/HearifyV1-ftljoypfezvlxcgouzbpmsmxzads/Build/Intermediates.noindex/GoogleUtilities.build/Debug-iphoneos/GoogleUtilities-Logger.build/GoogleUtilities-Logger.modulemap /Users/Veer/Library/Developer/Xcode/DerivedData/HearifyV1-ftljoypfezvlxcgouzbpmsmxzads/Build/Intermediates.noindex/GeneratedModuleMaps-iphoneos

Copy /Users/Veer/Library/Developer/Xcode/DerivedData/HearifyV1-ftljoypfezvlxcgouzbpmsmxzads/Build/Intermediates.noindex/GeneratedModuleMaps-iphoneos/GoogleUtilities-NSData.modulemap /Users/Veer/Library/Developer/Xcode/DerivedData/HearifyV1-ftljoypfezvlxcgouzbpmsmxzads/Build/Intermediates.noindex/GoogleUtilities.build/Debug-iphoneos/GoogleUtilities-NSData.build/GoogleUtilities-NSData.modulemap (in target 'GoogleUtilities-NSData' from project 'GoogleUtilities')
    cd /Users/Veer/Library/Developer/Xcode/DerivedData/HearifyV1-ftljoypfezvlxcgouzbpmsmxzads/SourcePackages/checkouts/GoogleUtilities
    builtin-copy -exclude .DS_Store -exclude CVS -exclude .svn -exclude .git -exclude .hg -resolve-src-symlinks /Users/Veer/Library/Developer/Xcode/DerivedData/HearifyV1-ftljoypfezvlxcgouzbpmsmxzads/Build/Intermediates.noindex/GoogleUtilities.build/Debug-iphoneos/GoogleUtilities-NSData.build/GoogleUtilities-NSData.modulemap /Users/Veer/Library/Developer/Xcode/DerivedData/HearifyV1-ftljoypfezvlxcgouzbpmsmxzads/Build/Intermediates.noindex/GeneratedModuleMaps-iphoneos

Copy /Users/Veer/Library/Developer/Xcode/DerivedData/HearifyV1-ftljoypfezvlxcgouzbpmsmxzads/Build/Intermediates.noindex/GeneratedModuleMaps-iphoneos/GoogleUtilities-Environment.modulemap /Users/Veer/Library/Developer/Xcode/DerivedData/HearifyV1-ftljoypfezvlxcgouzbpmsmxzads/Build/Intermediates.noindex/GoogleUtilities.build/Debug-iphoneos/GoogleUtilities-Environment.build/GoogleUtilities-Environment.modulemap (in target 'GoogleUtilities-Environment' from project 'GoogleUtilities')
    cd /Users/Veer/Library/Developer/Xcode/DerivedData/HearifyV1-ftljoypfezvlxcgouzbpmsmxzads/SourcePackages/checkouts/GoogleUtilities
    builtin-copy -exclude .DS_Store -exclude CVS -exclude .svn -exclude .git -exclude .hg -resolve-src-symlinks /Users/Veer/Library/Developer/Xcode/DerivedData/HearifyV1-ftljoypfezvlxcgouzbpmsmxzads/Build/Intermediates.noindex/GoogleUtilities.build/Debug-iphoneos/GoogleUtilities-Environment.build/GoogleUtilities-Environment.modulemap /Users/Veer/Library/Developer/Xcode/DerivedData/HearifyV1-ftljoypfezvlxcgouzbpmsmxzads/Build/Intermediates.noindex/GeneratedModuleMaps-iphoneos

Copy /Users/Veer/Library/Developer/Xcode/DerivedData/HearifyV1-ftljoypfezvlxcgouzbpmsmxzads/Build/Intermediates.noindex/GeneratedModuleMaps-iphoneos/GoogleUtilities-AppDelegateSwizzler.modulemap /Users/Veer/Library/Developer/Xcode/DerivedData/HearifyV1-ftljoypfezvlxcgouzbpmsmxzads/Build/Intermediates.noindex/GoogleUtilities.build/Debug-iphoneos/GoogleUtilities-AppDelegateSwizzler.build/GoogleUtilities-AppDelegateSwizzler.modulemap (in target 'GoogleUtilities-AppDelegateSwizzler' from project 'GoogleUtilities')
    cd /Users/Veer/Library/Developer/Xcode/DerivedData/HearifyV1-ftljoypfezvlxcgouzbpmsmxzads/SourcePackages/checkouts/GoogleUtilities
    builtin-copy -exclude .DS_Store -exclude CVS -exclude .svn -exclude .git -exclude .hg -resolve-src-symlinks /Users/Veer/Library/Developer/Xcode/DerivedData/HearifyV1-ftljoypfezvlxcgouzbpmsmxzads/Build/Intermediates.noindex/GoogleUtilities.build/Debug-iphoneos/GoogleUtilities-AppDelegateSwizzler.build/GoogleUtilities-AppDelegateSwizzler.modulemap /Users/Veer/Library/Developer/Xcode/DerivedData/HearifyV1-ftljoypfezvlxcgouzbpmsmxzads/Build/Intermediates.noindex/GeneratedModuleMaps-iphoneos

Copy /Users/Veer/Library/Developer/Xcode/DerivedData/HearifyV1-ftljoypfezvlxcgouzbpmsmxzads/Build/Intermediates.noindex/GeneratedModuleMaps-iphoneos/GTMSessionFetcherCore.modulemap /Users/Veer/Library/Developer/Xcode/DerivedData/HearifyV1-ftljoypfezvlxcgouzbpmsmxzads/Build/Intermediates.noindex/GTMSessionFetcher.build/Debug-iphoneos/GTMSessionFetcherCore.build/GTMSessionFetcherCore.modulemap (in target 'GTMSessionFetcherCore' from project 'GTMSessionFetcher')
    cd /Users/Veer/Library/Developer/Xcode/DerivedData/HearifyV1-ftljoypfezvlxcgouzbpmsmxzads/SourcePackages/checkouts/gtm-session-fetcher
    builtin-copy -exclude .DS_Store -exclude CVS -exclude .svn -exclude .git -exclude .hg -resolve-src-symlinks /Users/Veer/Library/Developer/Xcode/DerivedData/HearifyV1-ftljoypfezvlxcgouzbpmsmxzads/Build/Intermediates.noindex/GTMSessionFetcher.build/Debug-iphoneos/GTMSessionFetcherCore.build/GTMSessionFetcherCore.modulemap /Users/Veer/Library/Developer/Xcode/DerivedData/HearifyV1-ftljoypfezvlxcgouzbpmsmxzads/Build/Intermediates.noindex/GeneratedModuleMaps-iphoneos

Copy /Users/Veer/Library/Developer/Xcode/DerivedData/HearifyV1-ftljoypfezvlxcgouzbpmsmxzads/Build/Intermediates.noindex/GeneratedModuleMaps-iphoneos/FirebaseSharedSwift.modulemap /Users/Veer/Library/Developer/Xcode/DerivedData/HearifyV1-ftljoypfezvlxcgouzbpmsmxzads/Build/Intermediates.noindex/Firebase.build/Debug-iphoneos/FirebaseSharedSwift.build/FirebaseSharedSwift.modulemap (in target 'FirebaseSharedSwift' from project 'Firebase')
    cd /Users/Veer/Library/Developer/Xcode/DerivedData/HearifyV1-ftljoypfezvlxcgouzbpmsmxzads/SourcePackages/checkouts/firebase-ios-sdk
    builtin-copy -exclude .DS_Store -exclude CVS -exclude .svn -exclude .git -exclude .hg -resolve-src-symlinks /Users/Veer/Library/Developer/Xcode/DerivedData/HearifyV1-ftljoypfezvlxcgouzbpmsmxzads/Build/Intermediates.noindex/Firebase.build/Debug-iphoneos/FirebaseSharedSwift.build/FirebaseSharedSwift.modulemap /Users/Veer/Library/Developer/Xcode/DerivedData/HearifyV1-ftljoypfezvlxcgouzbpmsmxzads/Build/Intermediates.noindex/GeneratedModuleMaps-iphoneos

Copy /Users/Veer/Library/Developer/Xcode/DerivedData/HearifyV1-ftljoypfezvlxcgouzbpmsmxzads/Build/Intermediates.noindex/GeneratedModuleMaps-iphoneos/FirebaseCoreInternal.modulemap /Users/Veer/Library/Developer/Xcode/DerivedData/HearifyV1-ftljoypfezvlxcgouzbpmsmxzads/Build/Intermediates.noindex/Firebase.build/Debug-iphoneos/FirebaseCoreInternal.build/FirebaseCoreInternal.modulemap (in target 'FirebaseCoreInternal' from project 'Firebase')
    cd /Users/Veer/Library/Developer/Xcode/DerivedData/HearifyV1-ftljoypfezvlxcgouzbpmsmxzads/SourcePackages/checkouts/firebase-ios-sdk
    builtin-copy -exclude .DS_Store -exclude CVS -exclude .svn -exclude .git -exclude .hg -resolve-src-symlinks /Users/Veer/Library/Developer/Xcode/DerivedData/HearifyV1-ftljoypfezvlxcgouzbpmsmxzads/Build/Intermediates.noindex/Firebase.build/Debug-iphoneos/FirebaseCoreInternal.build/FirebaseCoreInternal.modulemap /Users/Veer/Library/Developer/Xcode/DerivedData/HearifyV1-ftljoypfezvlxcgouzbpmsmxzads/Build/Intermediates.noindex/GeneratedModuleMaps-iphoneos

Copy /Users/Veer/Library/Developer/Xcode/DerivedData/HearifyV1-ftljoypfezvlxcgouzbpmsmxzads/Build/Intermediates.noindex/GeneratedModuleMaps-iphoneos/FirebaseCoreExtension.modulemap /Users/Veer/Library/Developer/Xcode/DerivedData/HearifyV1-ftljoypfezvlxcgouzbpmsmxzads/Build/Intermediates.noindex/Firebase.build/Debug-iphoneos/FirebaseCoreExtension.build/FirebaseCoreExtension.modulemap (in target 'FirebaseCoreExtension' from project 'Firebase')
    cd /Users/Veer/Library/Developer/Xcode/DerivedData/HearifyV1-ftljoypfezvlxcgouzbpmsmxzads/SourcePackages/checkouts/firebase-ios-sdk
    builtin-copy -exclude .DS_Store -exclude CVS -exclude .svn -exclude .git -exclude .hg -resolve-src-symlinks /Users/Veer/Library/Developer/Xcode/DerivedData/HearifyV1-ftljoypfezvlxcgouzbpmsmxzads/Build/Intermediates.noindex/Firebase.build/Debug-iphoneos/FirebaseCoreExtension.build/FirebaseCoreExtension.modulemap /Users/Veer/Library/Developer/Xcode/DerivedData/HearifyV1-ftljoypfezvlxcgouzbpmsmxzads/Build/Intermediates.noindex/GeneratedModuleMaps-iphoneos

Copy /Users/Veer/Library/Developer/Xcode/DerivedData/HearifyV1-ftljoypfezvlxcgouzbpmsmxzads/Build/Intermediates.noindex/GeneratedModuleMaps-iphoneos/FirebaseCore.modulemap /Users/Veer/Library/Developer/Xcode/DerivedData/HearifyV1-ftljoypfezvlxcgouzbpmsmxzads/Build/Intermediates.noindex/Firebase.build/Debug-iphoneos/FirebaseCore.build/FirebaseCore.modulemap (in target 'FirebaseCore' from project 'Firebase')
    cd /Users/Veer/Library/Developer/Xcode/DerivedData/HearifyV1-ftljoypfezvlxcgouzbpmsmxzads/SourcePackages/checkouts/firebase-ios-sdk
    builtin-copy -exclude .DS_Store -exclude CVS -exclude .svn -exclude .git -exclude .hg -resolve-src-symlinks /Users/Veer/Library/Developer/Xcode/DerivedData/HearifyV1-ftljoypfezvlxcgouzbpmsmxzads/Build/Intermediates.noindex/Firebase.build/Debug-iphoneos/FirebaseCore.build/FirebaseCore.modulemap /Users/Veer/Library/Developer/Xcode/DerivedData/HearifyV1-ftljoypfezvlxcgouzbpmsmxzads/Build/Intermediates.noindex/GeneratedModuleMaps-iphoneos

Copy /Users/Veer/Library/Developer/Xcode/DerivedData/HearifyV1-ftljoypfezvlxcgouzbpmsmxzads/Build/Intermediates.noindex/GeneratedModuleMaps-iphoneos/FirebaseAuthInterop.modulemap /Users/Veer/Library/Developer/Xcode/DerivedData/HearifyV1-ftljoypfezvlxcgouzbpmsmxzads/Build/Intermediates.noindex/Firebase.build/Debug-iphoneos/FirebaseAuthInterop.build/FirebaseAuthInterop.modulemap (in target 'FirebaseAuthInterop' from project 'Firebase')
    cd /Users/Veer/Library/Developer/Xcode/DerivedData/HearifyV1-ftljoypfezvlxcgouzbpmsmxzads/SourcePackages/checkouts/firebase-ios-sdk
    builtin-copy -exclude .DS_Store -exclude CVS -exclude .svn -exclude .git -exclude .hg -resolve-src-symlinks /Users/Veer/Library/Developer/Xcode/DerivedData/HearifyV1-ftljoypfezvlxcgouzbpmsmxzads/Build/Intermediates.noindex/Firebase.build/Debug-iphoneos/FirebaseAuthInterop.build/FirebaseAuthInterop.modulemap /Users/Veer/Library/Developer/Xcode/DerivedData/HearifyV1-ftljoypfezvlxcgouzbpmsmxzads/Build/Intermediates.noindex/GeneratedModuleMaps-iphoneos

Copy /Users/Veer/Library/Developer/Xcode/DerivedData/HearifyV1-ftljoypfezvlxcgouzbpmsmxzads/Build/Intermediates.noindex/GeneratedModuleMaps-iphoneos/FirebaseAuthInternal.modulemap /Users/Veer/Library/Developer/Xcode/DerivedData/HearifyV1-ftljoypfezvlxcgouzbpmsmxzads/Build/Intermediates.noindex/Firebase.build/Debug-iphoneos/FirebaseAuthInternal.build/FirebaseAuthInternal.modulemap (in target 'FirebaseAuthInternal' from project 'Firebase')
    cd /Users/Veer/Library/Developer/Xcode/DerivedData/HearifyV1-ftljoypfezvlxcgouzbpmsmxzads/SourcePackages/checkouts/firebase-ios-sdk
    builtin-copy -exclude .DS_Store -exclude CVS -exclude .svn -exclude .git -exclude .hg -resolve-src-symlinks /Users/Veer/Library/Developer/Xcode/DerivedData/HearifyV1-ftljoypfezvlxcgouzbpmsmxzads/Build/Intermediates.noindex/Firebase.build/Debug-iphoneos/FirebaseAuthInternal.build/FirebaseAuthInternal.modulemap /Users/Veer/Library/Developer/Xcode/DerivedData/HearifyV1-ftljoypfezvlxcgouzbpmsmxzads/Build/Intermediates.noindex/GeneratedModuleMaps-iphoneos

Copy /Users/Veer/Library/Developer/Xcode/DerivedData/HearifyV1-ftljoypfezvlxcgouzbpmsmxzads/Build/Intermediates.noindex/GeneratedModuleMaps-iphoneos/FirebaseAuth.modulemap /Users/Veer/Library/Developer/Xcode/DerivedData/HearifyV1-ftljoypfezvlxcgouzbpmsmxzads/Build/Intermediates.noindex/Firebase.build/Debug-iphoneos/FirebaseAuth.build/FirebaseAuth.modulemap (in target 'FirebaseAuth' from project 'Firebase')
    cd /Users/Veer/Library/Developer/Xcode/DerivedData/HearifyV1-ftljoypfezvlxcgouzbpmsmxzads/SourcePackages/checkouts/firebase-ios-sdk
    builtin-copy -exclude .DS_Store -exclude CVS -exclude .svn -exclude .git -exclude .hg -resolve-src-symlinks /Users/Veer/Library/Developer/Xcode/DerivedData/HearifyV1-ftljoypfezvlxcgouzbpmsmxzads/Build/Intermediates.noindex/Firebase.build/Debug-iphoneos/FirebaseAuth.build/FirebaseAuth.modulemap /Users/Veer/Library/Developer/Xcode/DerivedData/HearifyV1-ftljoypfezvlxcgouzbpmsmxzads/Build/Intermediates.noindex/GeneratedModuleMaps-iphoneos

Copy /Users/Veer/Library/Developer/Xcode/DerivedData/HearifyV1-ftljoypfezvlxcgouzbpmsmxzads/Build/Intermediates.noindex/GeneratedModuleMaps-iphoneos/FirebaseStorage.modulemap /Users/Veer/Library/Developer/Xcode/DerivedData/HearifyV1-ftljoypfezvlxcgouzbpmsmxzads/Build/Intermediates.noindex/Firebase.build/Debug-iphoneos/FirebaseStorage.build/FirebaseStorage.modulemap (in target 'FirebaseStorage' from project 'Firebase')
    cd /Users/Veer/Library/Developer/Xcode/DerivedData/HearifyV1-ftljoypfezvlxcgouzbpmsmxzads/SourcePackages/checkouts/firebase-ios-sdk
    builtin-copy -exclude .DS_Store -exclude CVS -exclude .svn -exclude .git -exclude .hg -resolve-src-symlinks /Users/Veer/Library/Developer/Xcode/DerivedData/HearifyV1-ftljoypfezvlxcgouzbpmsmxzads/Build/Intermediates.noindex/Firebase.build/Debug-iphoneos/FirebaseStorage.build/FirebaseStorage.modulemap /Users/Veer/Library/Developer/Xcode/DerivedData/HearifyV1-ftljoypfezvlxcgouzbpmsmxzads/Build/Intermediates.noindex/GeneratedModuleMaps-iphoneos

Copy /Users/Veer/Library/Developer/Xcode/DerivedData/HearifyV1-ftljoypfezvlxcgouzbpmsmxzads/Build/Intermediates.noindex/GeneratedModuleMaps-iphoneos/FirebaseAppCheckInterop.modulemap /Users/Veer/Library/Developer/Xcode/DerivedData/HearifyV1-ftljoypfezvlxcgouzbpmsmxzads/Build/Intermediates.noindex/Firebase.build/Debug-iphoneos/FirebaseAppCheckInterop.build/FirebaseAppCheckInterop.modulemap (in target 'FirebaseAppCheckInterop' from project 'Firebase')
    cd /Users/Veer/Library/Developer/Xcode/DerivedData/HearifyV1-ftljoypfezvlxcgouzbpmsmxzads/SourcePackages/checkouts/firebase-ios-sdk
    builtin-copy -exclude .DS_Store -exclude CVS -exclude .svn -exclude .git -exclude .hg -resolve-src-symlinks /Users/Veer/Library/Developer/Xcode/DerivedData/HearifyV1-ftljoypfezvlxcgouzbpmsmxzads/Build/Intermediates.noindex/Firebase.build/Debug-iphoneos/FirebaseAppCheckInterop.build/FirebaseAppCheckInterop.modulemap /Users/Veer/Library/Developer/Xcode/DerivedData/HearifyV1-ftljoypfezvlxcgouzbpmsmxzads/Build/Intermediates.noindex/GeneratedModuleMaps-iphoneos

ProcessInfoPlistFile /Users/Veer/Library/Developer/Xcode/DerivedData/HearifyV1-ftljoypfezvlxcgouzbpmsmxzads/Build/Products/Debug-iphoneos/nanopb_nanopb.bundle/Info.plist /Users/Veer/Library/Developer/Xcode/DerivedData/HearifyV1-ftljoypfezvlxcgouzbpmsmxzads/Build/Intermediates.noindex/nanopb.build/Debug-iphoneos/nanopb_nanopb.build/empty-nanopb_nanopb.plist (in target 'nanopb_nanopb' from project 'nanopb')
    cd /Users/Veer/Library/Developer/Xcode/DerivedData/HearifyV1-ftljoypfezvlxcgouzbpmsmxzads/SourcePackages/checkouts/nanopb
    builtin-infoPlistUtility /Users/Veer/Library/Developer/Xcode/DerivedData/HearifyV1-ftljoypfezvlxcgouzbpmsmxzads/Build/Intermediates.noindex/nanopb.build/Debug-iphoneos/nanopb_nanopb.build/empty-nanopb_nanopb.plist -producttype com.apple.product-type.bundle -expandbuildsettings -format binary -platform iphoneos -requiredArchitecture arm64 -o /Users/Veer/Library/Developer/Xcode/DerivedData/HearifyV1-ftljoypfezvlxcgouzbpmsmxzads/Build/Products/Debug-iphoneos/nanopb_nanopb.bundle/Info.plist

CpResource /Users/Veer/Library/Developer/Xcode/DerivedData/HearifyV1-ftljoypfezvlxcgouzbpmsmxzads/Build/Products/Debug-iphoneos/nanopb_nanopb.bundle/PrivacyInfo.xcprivacy /Users/Veer/Library/Developer/Xcode/DerivedData/HearifyV1-ftljoypfezvlxcgouzbpmsmxzads/SourcePackages/checkouts/nanopb/spm_resources/PrivacyInfo.xcprivacy (in target 'nanopb_nanopb' from project 'nanopb')
    cd /Users/Veer/Library/Developer/Xcode/DerivedData/HearifyV1-ftljoypfezvlxcgouzbpmsmxzads/SourcePackages/checkouts/nanopb
    builtin-copy -exclude .DS_Store -exclude CVS -exclude .svn -exclude .git -exclude .hg -resolve-src-symlinks /Users/Veer/Library/Developer/Xcode/DerivedData/HearifyV1-ftljoypfezvlxcgouzbpmsmxzads/SourcePackages/checkouts/nanopb/spm_resources/PrivacyInfo.xcprivacy /Users/Veer/Library/Developer/Xcode/DerivedData/HearifyV1-ftljoypfezvlxcgouzbpmsmxzads/Build/Products/Debug-iphoneos/nanopb_nanopb.bundle

ProcessInfoPlistFile /Users/Veer/Library/Developer/Xcode/DerivedData/HearifyV1-ftljoypfezvlxcgouzbpmsmxzads/Build/Products/Debug-iphoneos/leveldb_leveldb.bundle/Info.plist /Users/Veer/Library/Developer/Xcode/DerivedData/HearifyV1-ftljoypfezvlxcgouzbpmsmxzads/Build/Intermediates.noindex/leveldb.build/Debug-iphoneos/leveldb_leveldb.build/empty-leveldb_leveldb.plist (in target 'leveldb_leveldb' from project 'leveldb')
    cd /Users/Veer/Library/Developer/Xcode/DerivedData/HearifyV1-ftljoypfezvlxcgouzbpmsmxzads/SourcePackages/checkouts/leveldb
    builtin-infoPlistUtility /Users/Veer/Library/Developer/Xcode/DerivedData/HearifyV1-ftljoypfezvlxcgouzbpmsmxzads/Build/Intermediates.noindex/leveldb.build/Debug-iphoneos/leveldb_leveldb.build/empty-leveldb_leveldb.plist -producttype com.apple.product-type.bundle -expandbuildsettings -format binary -platform iphoneos -requiredArchitecture arm64 -o /Users/Veer/Library/Developer/Xcode/DerivedData/HearifyV1-ftljoypfezvlxcgouzbpmsmxzads/Build/Products/Debug-iphoneos/leveldb_leveldb.bundle/Info.plist

CpResource /Users/Veer/Library/Developer/Xcode/DerivedData/HearifyV1-ftljoypfezvlxcgouzbpmsmxzads/Build/Products/Debug-iphoneos/leveldb_leveldb.bundle/PrivacyInfo.xcprivacy /Users/Veer/Library/Developer/Xcode/DerivedData/HearifyV1-ftljoypfezvlxcgouzbpmsmxzads/SourcePackages/checkouts/leveldb/Resources/PrivacyInfo.xcprivacy (in target 'leveldb_leveldb' from project 'leveldb')
    cd /Users/Veer/Library/Developer/Xcode/DerivedData/HearifyV1-ftljoypfezvlxcgouzbpmsmxzads/SourcePackages/checkouts/leveldb
    builtin-copy -exclude .DS_Store -exclude CVS -exclude .svn -exclude .git -exclude .hg -resolve-src-symlinks /Users/Veer/Library/Developer/Xcode/DerivedData/HearifyV1-ftljoypfezvlxcgouzbpmsmxzads/SourcePackages/checkouts/leveldb/Resources/PrivacyInfo.xcprivacy /Users/Veer/Library/Developer/Xcode/DerivedData/HearifyV1-ftljoypfezvlxcgouzbpmsmxzads/Build/Products/Debug-iphoneos/leveldb_leveldb.bundle

ProcessInfoPlistFile /Users/Veer/Library/Developer/Xcode/DerivedData/HearifyV1-ftljoypfezvlxcgouzbpmsmxzads/Build/Products/Debug-iphoneos/gRPC_opensslWrapper.bundle/Info.plist /Users/Veer/Library/Developer/Xcode/DerivedData/HearifyV1-ftljoypfezvlxcgouzbpmsmxzads/Build/Intermediates.noindex/gRPC.build/Debug-iphoneos/gRPC_opensslWrapper.build/empty-gRPC_opensslWrapper.plist (in target 'gRPC_opensslWrapper' from project 'gRPC')
    cd /Users/Veer/Library/Developer/Xcode/DerivedData/HearifyV1-ftljoypfezvlxcgouzbpmsmxzads/SourcePackages/checkouts/grpc-binary
    builtin-infoPlistUtility /Users/Veer/Library/Developer/Xcode/DerivedData/HearifyV1-ftljoypfezvlxcgouzbpmsmxzads/Build/Intermediates.noindex/gRPC.build/Debug-iphoneos/gRPC_opensslWrapper.build/empty-gRPC_opensslWrapper.plist -producttype com.apple.product-type.bundle -expandbuildsettings -format binary -platform iphoneos -requiredArchitecture arm64 -o /Users/Veer/Library/Developer/Xcode/DerivedData/HearifyV1-ftljoypfezvlxcgouzbpmsmxzads/Build/Products/Debug-iphoneos/gRPC_opensslWrapper.bundle/Info.plist

CpResource /Users/Veer/Library/Developer/Xcode/DerivedData/HearifyV1-ftljoypfezvlxcgouzbpmsmxzads/Build/Products/Debug-iphoneos/gRPC_opensslWrapper.bundle/PrivacyInfo.xcprivacy /Users/Veer/Library/Developer/Xcode/DerivedData/HearifyV1-ftljoypfezvlxcgouzbpmsmxzads/SourcePackages/checkouts/grpc-binary/openssl-grpc-Wrapper/Resources/PrivacyInfo.xcprivacy (in target 'gRPC_opensslWrapper' from project 'gRPC')
    cd /Users/Veer/Library/Developer/Xcode/DerivedData/HearifyV1-ftljoypfezvlxcgouzbpmsmxzads/SourcePackages/checkouts/grpc-binary
    builtin-copy -exclude .DS_Store -exclude CVS -exclude .svn -exclude .git -exclude .hg -resolve-src-symlinks /Users/Veer/Library/Developer/Xcode/DerivedData/HearifyV1-ftljoypfezvlxcgouzbpmsmxzads/SourcePackages/checkouts/grpc-binary/openssl-grpc-Wrapper/Resources/PrivacyInfo.xcprivacy /Users/Veer/Library/Developer/Xcode/DerivedData/HearifyV1-ftljoypfezvlxcgouzbpmsmxzads/Build/Products/Debug-iphoneos/gRPC_opensslWrapper.bundle

ProcessInfoPlistFile /Users/Veer/Library/Developer/Xcode/DerivedData/HearifyV1-ftljoypfezvlxcgouzbpmsmxzads/Build/Products/Debug-iphoneos/gRPC_grpcppWrapper.bundle/Info.plist /Users/Veer/Library/Developer/Xcode/DerivedData/HearifyV1-ftljoypfezvlxcgouzbpmsmxzads/Build/Intermediates.noindex/gRPC.build/Debug-iphoneos/gRPC_grpcppWrapper.build/empty-gRPC_grpcppWrapper.plist (in target 'gRPC_grpcppWrapper' from project 'gRPC')
    cd /Users/Veer/Library/Developer/Xcode/DerivedData/HearifyV1-ftljoypfezvlxcgouzbpmsmxzads/SourcePackages/checkouts/grpc-binary
    builtin-infoPlistUtility /Users/Veer/Library/Developer/Xcode/DerivedData/HearifyV1-ftljoypfezvlxcgouzbpmsmxzads/Build/Intermediates.noindex/gRPC.build/Debug-iphoneos/gRPC_grpcppWrapper.build/empty-gRPC_grpcppWrapper.plist -producttype com.apple.product-type.bundle -expandbuildsettings -format binary -platform iphoneos -requiredArchitecture arm64 -o /Users/Veer/Library/Developer/Xcode/DerivedData/HearifyV1-ftljoypfezvlxcgouzbpmsmxzads/Build/Products/Debug-iphoneos/gRPC_grpcppWrapper.bundle/Info.plist

CpResource /Users/Veer/Library/Developer/Xcode/DerivedData/HearifyV1-ftljoypfezvlxcgouzbpmsmxzads/Build/Products/Debug-iphoneos/gRPC_grpcppWrapper.bundle/PrivacyInfo.xcprivacy /Users/Veer/Library/Developer/Xcode/DerivedData/HearifyV1-ftljoypfezvlxcgouzbpmsmxzads/SourcePackages/checkouts/grpc-binary/grpcpp-Wrapper/Resources/PrivacyInfo.xcprivacy (in target 'gRPC_grpcppWrapper' from project 'gRPC')
    cd /Users/Veer/Library/Developer/Xcode/DerivedData/HearifyV1-ftljoypfezvlxcgouzbpmsmxzads/SourcePackages/checkouts/grpc-binary
    builtin-copy -exclude .DS_Store -exclude CVS -exclude .svn -exclude .git -exclude .hg -resolve-src-symlinks /Users/Veer/Library/Developer/Xcode/DerivedData/HearifyV1-ftljoypfezvlxcgouzbpmsmxzads/SourcePackages/checkouts/grpc-binary/grpcpp-Wrapper/Resources/PrivacyInfo.xcprivacy /Users/Veer/Library/Developer/Xcode/DerivedData/HearifyV1-ftljoypfezvlxcgouzbpmsmxzads/Build/Products/Debug-iphoneos/gRPC_grpcppWrapper.bundle

ProcessInfoPlistFile /Users/Veer/Library/Developer/Xcode/DerivedData/HearifyV1-ftljoypfezvlxcgouzbpmsmxzads/Build/Products/Debug-iphoneos/gRPC_grpcWrapper.bundle/Info.plist /Users/Veer/Library/Developer/Xcode/DerivedData/HearifyV1-ftljoypfezvlxcgouzbpmsmxzads/Build/Intermediates.noindex/gRPC.build/Debug-iphoneos/gRPC_grpcWrapper.build/empty-gRPC_grpcWrapper.plist (in target 'gRPC_grpcWrapper' from project 'gRPC')
    cd /Users/Veer/Library/Developer/Xcode/DerivedData/HearifyV1-ftljoypfezvlxcgouzbpmsmxzads/SourcePackages/checkouts/grpc-binary
    builtin-infoPlistUtility /Users/Veer/Library/Developer/Xcode/DerivedData/HearifyV1-ftljoypfezvlxcgouzbpmsmxzads/Build/Intermediates.noindex/gRPC.build/Debug-iphoneos/gRPC_grpcWrapper.build/empty-gRPC_grpcWrapper.plist -producttype com.apple.product-type.bundle -expandbuildsettings -format binary -platform iphoneos -requiredArchitecture arm64 -o /Users/Veer/Library/Developer/Xcode/DerivedData/HearifyV1-ftljoypfezvlxcgouzbpmsmxzads/Build/Products/Debug-iphoneos/gRPC_grpcWrapper.bundle/Info.plist

CpResource /Users/Veer/Library/Developer/Xcode/DerivedData/HearifyV1-ftljoypfezvlxcgouzbpmsmxzads/Build/Products/Debug-iphoneos/gRPC_grpcWrapper.bundle/PrivacyInfo.xcprivacy /Users/Veer/Library/Developer/Xcode/DerivedData/HearifyV1-ftljoypfezvlxcgouzbpmsmxzads/SourcePackages/checkouts/grpc-binary/grpc-Wrapper/Resources/PrivacyInfo.xcprivacy (in target 'gRPC_grpcWrapper' from project 'gRPC')
    cd /Users/Veer/Library/Developer/Xcode/DerivedData/HearifyV1-ftljoypfezvlxcgouzbpmsmxzads/SourcePackages/checkouts/grpc-binary
    builtin-copy -exclude .DS_Store -exclude CVS -exclude .svn -exclude .git -exclude .hg -resolve-src-symlinks /Users/Veer/Library/Developer/Xcode/DerivedData/HearifyV1-ftljoypfezvlxcgouzbpmsmxzads/SourcePackages/checkouts/grpc-binary/grpc-Wrapper/Resources/PrivacyInfo.xcprivacy /Users/Veer/Library/Developer/Xcode/DerivedData/HearifyV1-ftljoypfezvlxcgouzbpmsmxzads/Build/Products/Debug-iphoneos/gRPC_grpcWrapper.bundle

ProcessInfoPlistFile /Users/Veer/Library/Developer/Xcode/DerivedData/HearifyV1-ftljoypfezvlxcgouzbpmsmxzads/Build/Products/Debug-iphoneos/abseil_abslWrapper.bundle/Info.plist /Users/Veer/Library/Developer/Xcode/DerivedData/HearifyV1-ftljoypfezvlxcgouzbpmsmxzads/Build/Intermediates.noindex/abseil.build/Debug-iphoneos/abseil_abslWrapper.build/empty-abseil_abslWrapper.plist (in target 'abseil_abslWrapper' from project 'abseil')
    cd /Users/Veer/Library/Developer/Xcode/DerivedData/HearifyV1-ftljoypfezvlxcgouzbpmsmxzads/SourcePackages/checkouts/abseil-cpp-binary
    builtin-infoPlistUtility /Users/Veer/Library/Developer/Xcode/DerivedData/HearifyV1-ftljoypfezvlxcgouzbpmsmxzads/Build/Intermediates.noindex/abseil.build/Debug-iphoneos/abseil_abslWrapper.build/empty-abseil_abslWrapper.plist -producttype com.apple.product-type.bundle -expandbuildsettings -format binary -platform iphoneos -requiredArchitecture arm64 -o /Users/Veer/Library/Developer/Xcode/DerivedData/HearifyV1-ftljoypfezvlxcgouzbpmsmxzads/Build/Products/Debug-iphoneos/abseil_abslWrapper.bundle/Info.plist

CpResource /Users/Veer/Library/Developer/Xcode/DerivedData/HearifyV1-ftljoypfezvlxcgouzbpmsmxzads/Build/Products/Debug-iphoneos/abseil_abslWrapper.bundle/PrivacyInfo.xcprivacy /Users/Veer/Library/Developer/Xcode/DerivedData/HearifyV1-ftljoypfezvlxcgouzbpmsmxzads/SourcePackages/checkouts/abseil-cpp-binary/absl-Wrapper/Resources/PrivacyInfo.xcprivacy (in target 'abseil_abslWrapper' from project 'abseil')
    cd /Users/Veer/Library/Developer/Xcode/DerivedData/HearifyV1-ftljoypfezvlxcgouzbpmsmxzads/SourcePackages/checkouts/abseil-cpp-binary
    builtin-copy -exclude .DS_Store -exclude CVS -exclude .svn -exclude .git -exclude .hg -resolve-src-symlinks /Users/Veer/Library/Developer/Xcode/DerivedData/HearifyV1-ftljoypfezvlxcgouzbpmsmxzads/SourcePackages/checkouts/abseil-cpp-binary/absl-Wrapper/Resources/PrivacyInfo.xcprivacy /Users/Veer/Library/Developer/Xcode/DerivedData/HearifyV1-ftljoypfezvlxcgouzbpmsmxzads/Build/Products/Debug-iphoneos/abseil_abslWrapper.bundle

ProcessInfoPlistFile /Users/Veer/Library/Developer/Xcode/DerivedData/HearifyV1-ftljoypfezvlxcgouzbpmsmxzads/Build/Products/Debug-iphoneos/Firebase_FirebaseFirestore.bundle/Info.plist /Users/Veer/Library/Developer/Xcode/DerivedData/HearifyV1-ftljoypfezvlxcgouzbpmsmxzads/Build/Intermediates.noindex/Firebase.build/Debug-iphoneos/Firebase_FirebaseFirestore.build/empty-Firebase_FirebaseFirestore.plist (in target 'Firebase_FirebaseFirestore' from project 'Firebase')
    cd /Users/Veer/Library/Developer/Xcode/DerivedData/HearifyV1-ftljoypfezvlxcgouzbpmsmxzads/SourcePackages/checkouts/firebase-ios-sdk
    builtin-infoPlistUtility /Users/Veer/Library/Developer/Xcode/DerivedData/HearifyV1-ftljoypfezvlxcgouzbpmsmxzads/Build/Intermediates.noindex/Firebase.build/Debug-iphoneos/Firebase_FirebaseFirestore.build/empty-Firebase_FirebaseFirestore.plist -producttype com.apple.product-type.bundle -expandbuildsettings -format binary -platform iphoneos -requiredArchitecture arm64 -o /Users/Veer/Library/Developer/Xcode/DerivedData/HearifyV1-ftljoypfezvlxcgouzbpmsmxzads/Build/Products/Debug-iphoneos/Firebase_FirebaseFirestore.bundle/Info.plist

CpResource /Users/Veer/Library/Developer/Xcode/DerivedData/HearifyV1-ftljoypfezvlxcgouzbpmsmxzads/Build/Products/Debug-iphoneos/Firebase_FirebaseFirestore.bundle/PrivacyInfo.xcprivacy /Users/Veer/Library/Developer/Xcode/DerivedData/HearifyV1-ftljoypfezvlxcgouzbpmsmxzads/SourcePackages/checkouts/firebase-ios-sdk/Firestore/Swift/Source/Resources/PrivacyInfo.xcprivacy (in target 'Firebase_FirebaseFirestore' from project 'Firebase')
    cd /Users/Veer/Library/Developer/Xcode/DerivedData/HearifyV1-ftljoypfezvlxcgouzbpmsmxzads/SourcePackages/checkouts/firebase-ios-sdk
    builtin-copy -exclude .DS_Store -exclude CVS -exclude .svn -exclude .git -exclude .hg -resolve-src-symlinks /Users/Veer/Library/Developer/Xcode/DerivedData/HearifyV1-ftljoypfezvlxcgouzbpmsmxzads/SourcePackages/checkouts/firebase-ios-sdk/Firestore/Swift/Source/Resources/PrivacyInfo.xcprivacy /Users/Veer/Library/Developer/Xcode/DerivedData/HearifyV1-ftljoypfezvlxcgouzbpmsmxzads/Build/Products/Debug-iphoneos/Firebase_FirebaseFirestore.bundle

ProcessInfoPlistFile /Users/Veer/Library/Developer/Xcode/DerivedData/HearifyV1-ftljoypfezvlxcgouzbpmsmxzads/Build/Products/Debug-iphoneos/Firebase_FirebaseCoreInternal.bundle/Info.plist /Users/Veer/Library/Developer/Xcode/DerivedData/HearifyV1-ftljoypfezvlxcgouzbpmsmxzads/Build/Intermediates.noindex/Firebase.build/Debug-iphoneos/Firebase_FirebaseCoreInternal.build/empty-Firebase_FirebaseCoreInternal.plist (in target 'Firebase_FirebaseCoreInternal' from project 'Firebase')
    cd /Users/Veer/Library/Developer/Xcode/DerivedData/HearifyV1-ftljoypfezvlxcgouzbpmsmxzads/SourcePackages/checkouts/firebase-ios-sdk
    builtin-infoPlistUtility /Users/Veer/Library/Developer/Xcode/DerivedData/HearifyV1-ftljoypfezvlxcgouzbpmsmxzads/Build/Intermediates.noindex/Firebase.build/Debug-iphoneos/Firebase_FirebaseCoreInternal.build/empty-Firebase_FirebaseCoreInternal.plist -producttype com.apple.product-type.bundle -expandbuildsettings -format binary -platform iphoneos -requiredArchitecture arm64 -o /Users/Veer/Library/Developer/Xcode/DerivedData/HearifyV1-ftljoypfezvlxcgouzbpmsmxzads/Build/Products/Debug-iphoneos/Firebase_FirebaseCoreInternal.bundle/Info.plist

CpResource /Users/Veer/Library/Developer/Xcode/DerivedData/HearifyV1-ftljoypfezvlxcgouzbpmsmxzads/Build/Products/Debug-iphoneos/Firebase_FirebaseCoreInternal.bundle/PrivacyInfo.xcprivacy /Users/Veer/Library/Developer/Xcode/DerivedData/HearifyV1-ftljoypfezvlxcgouzbpmsmxzads/SourcePackages/checkouts/firebase-ios-sdk/FirebaseCore/Internal/Sources/Resources/PrivacyInfo.xcprivacy (in target 'Firebase_FirebaseCoreInternal' from project 'Firebase')
    cd /Users/Veer/Library/Developer/Xcode/DerivedData/HearifyV1-ftljoypfezvlxcgouzbpmsmxzads/SourcePackages/checkouts/firebase-ios-sdk
    builtin-copy -exclude .DS_Store -exclude CVS -exclude .svn -exclude .git -exclude .hg -resolve-src-symlinks /Users/Veer/Library/Developer/Xcode/DerivedData/HearifyV1-ftljoypfezvlxcgouzbpmsmxzads/SourcePackages/checkouts/firebase-ios-sdk/FirebaseCore/Internal/Sources/Resources/PrivacyInfo.xcprivacy /Users/Veer/Library/Developer/Xcode/DerivedData/HearifyV1-ftljoypfezvlxcgouzbpmsmxzads/Build/Products/Debug-iphoneos/Firebase_FirebaseCoreInternal.bundle

ProcessInfoPlistFile /Users/Veer/Library/Developer/Xcode/DerivedData/HearifyV1-ftljoypfezvlxcgouzbpmsmxzads/Build/Products/Debug-iphoneos/Firebase_FirebaseCoreExtension.bundle/Info.plist /Users/Veer/Library/Developer/Xcode/DerivedData/HearifyV1-ftljoypfezvlxcgouzbpmsmxzads/Build/Intermediates.noindex/Firebase.build/Debug-iphoneos/Firebase_FirebaseCoreExtension.build/empty-Firebase_FirebaseCoreExtension.plist (in target 'Firebase_FirebaseCoreExtension' from project 'Firebase')
    cd /Users/Veer/Library/Developer/Xcode/DerivedData/HearifyV1-ftljoypfezvlxcgouzbpmsmxzads/SourcePackages/checkouts/firebase-ios-sdk
    builtin-infoPlistUtility /Users/Veer/Library/Developer/Xcode/DerivedData/HearifyV1-ftljoypfezvlxcgouzbpmsmxzads/Build/Intermediates.noindex/Firebase.build/Debug-iphoneos/Firebase_FirebaseCoreExtension.build/empty-Firebase_FirebaseCoreExtension.plist -producttype com.apple.product-type.bundle -expandbuildsettings -format binary -platform iphoneos -requiredArchitecture arm64 -o /Users/Veer/Library/Developer/Xcode/DerivedData/HearifyV1-ftljoypfezvlxcgouzbpmsmxzads/Build/Products/Debug-iphoneos/Firebase_FirebaseCoreExtension.bundle/Info.plist

CpResource /Users/Veer/Library/Developer/Xcode/DerivedData/HearifyV1-ftljoypfezvlxcgouzbpmsmxzads/Build/Products/Debug-iphoneos/Firebase_FirebaseCoreExtension.bundle/PrivacyInfo.xcprivacy /Users/Veer/Library/Developer/Xcode/DerivedData/HearifyV1-ftljoypfezvlxcgouzbpmsmxzads/SourcePackages/checkouts/firebase-ios-sdk/FirebaseCore/Extension/Resources/PrivacyInfo.xcprivacy (in target 'Firebase_FirebaseCoreExtension' from project 'Firebase')
    cd /Users/Veer/Library/Developer/Xcode/DerivedData/HearifyV1-ftljoypfezvlxcgouzbpmsmxzads/SourcePackages/checkouts/firebase-ios-sdk
    builtin-copy -exclude .DS_Store -exclude CVS -exclude .svn -exclude .git -exclude .hg -resolve-src-symlinks /Users/Veer/Library/Developer/Xcode/DerivedData/HearifyV1-ftljoypfezvlxcgouzbpmsmxzads/SourcePackages/checkouts/firebase-ios-sdk/FirebaseCore/Extension/Resources/PrivacyInfo.xcprivacy /Users/Veer/Library/Developer/Xcode/DerivedData/HearifyV1-ftljoypfezvlxcgouzbpmsmxzads/Build/Products/Debug-iphoneos/Firebase_FirebaseCoreExtension.bundle

ProcessInfoPlistFile /Users/Veer/Library/Developer/Xcode/DerivedData/HearifyV1-ftljoypfezvlxcgouzbpmsmxzads/Build/Products/Debug-iphoneos/GoogleUtilities_GoogleUtilities-Reachability.bundle/Info.plist /Users/Veer/Library/Developer/Xcode/DerivedData/HearifyV1-ftljoypfezvlxcgouzbpmsmxzads/Build/Intermediates.noindex/GoogleUtilities.build/Debug-iphoneos/GoogleUtilities_GoogleUtilities-Reachability.build/empty-GoogleUtilities_GoogleUtilities-Reachability.plist (in target 'GoogleUtilities_GoogleUtilities-Reachability' from project 'GoogleUtilities')
    cd /Users/Veer/Library/Developer/Xcode/DerivedData/HearifyV1-ftljoypfezvlxcgouzbpmsmxzads/SourcePackages/checkouts/GoogleUtilities
    builtin-infoPlistUtility /Users/Veer/Library/Developer/Xcode/DerivedData/HearifyV1-ftljoypfezvlxcgouzbpmsmxzads/Build/Intermediates.noindex/GoogleUtilities.build/Debug-iphoneos/GoogleUtilities_GoogleUtilities-Reachability.build/empty-GoogleUtilities_GoogleUtilities-Reachability.plist -producttype com.apple.product-type.bundle -expandbuildsettings -format binary -platform iphoneos -requiredArchitecture arm64 -o /Users/Veer/Library/Developer/Xcode/DerivedData/HearifyV1-ftljoypfezvlxcgouzbpmsmxzads/Build/Products/Debug-iphoneos/GoogleUtilities_GoogleUtilities-Reachability.bundle/Info.plist

CpResource /Users/Veer/Library/Developer/Xcode/DerivedData/HearifyV1-ftljoypfezvlxcgouzbpmsmxzads/Build/Products/Debug-iphoneos/GoogleUtilities_GoogleUtilities-Network.bundle/PrivacyInfo.xcprivacy /Users/Veer/Library/Developer/Xcode/DerivedData/HearifyV1-ftljoypfezvlxcgouzbpmsmxzads/SourcePackages/checkouts/GoogleUtilities/GoogleUtilities/Network/Resources/PrivacyInfo.xcprivacy (in target 'GoogleUtilities_GoogleUtilities-Network' from project 'GoogleUtilities')
    cd /Users/Veer/Library/Developer/Xcode/DerivedData/HearifyV1-ftljoypfezvlxcgouzbpmsmxzads/SourcePackages/checkouts/GoogleUtilities
    builtin-copy -exclude .DS_Store -exclude CVS -exclude .svn -exclude .git -exclude .hg -resolve-src-symlinks /Users/Veer/Library/Developer/Xcode/DerivedData/HearifyV1-ftljoypfezvlxcgouzbpmsmxzads/SourcePackages/checkouts/GoogleUtilities/GoogleUtilities/Network/Resources/PrivacyInfo.xcprivacy /Users/Veer/Library/Developer/Xcode/DerivedData/HearifyV1-ftljoypfezvlxcgouzbpmsmxzads/Build/Products/Debug-iphoneos/GoogleUtilities_GoogleUtilities-Network.bundle

ProcessInfoPlistFile /Users/Veer/Library/Developer/Xcode/DerivedData/HearifyV1-ftljoypfezvlxcgouzbpmsmxzads/Build/Products/Debug-iphoneos/GoogleUtilities_GoogleUtilities-Network.bundle/Info.plist /Users/Veer/Library/Developer/Xcode/DerivedData/HearifyV1-ftljoypfezvlxcgouzbpmsmxzads/Build/Intermediates.noindex/GoogleUtilities.build/Debug-iphoneos/GoogleUtilities_GoogleUtilities-Network.build/empty-GoogleUtilities_GoogleUtilities-Network.plist (in target 'GoogleUtilities_GoogleUtilities-Network' from project 'GoogleUtilities')
    cd /Users/Veer/Library/Developer/Xcode/DerivedData/HearifyV1-ftljoypfezvlxcgouzbpmsmxzads/SourcePackages/checkouts/GoogleUtilities
    builtin-infoPlistUtility /Users/Veer/Library/Developer/Xcode/DerivedData/HearifyV1-ftljoypfezvlxcgouzbpmsmxzads/Build/Intermediates.noindex/GoogleUtilities.build/Debug-iphoneos/GoogleUtilities_GoogleUtilities-Network.build/empty-GoogleUtilities_GoogleUtilities-Network.plist -producttype com.apple.product-type.bundle -expandbuildsettings -format binary -platform iphoneos -requiredArchitecture arm64 -o /Users/Veer/Library/Developer/Xcode/DerivedData/HearifyV1-ftljoypfezvlxcgouzbpmsmxzads/Build/Products/Debug-iphoneos/GoogleUtilities_GoogleUtilities-Network.bundle/Info.plist

ProcessInfoPlistFile /Users/Veer/Library/Developer/Xcode/DerivedData/HearifyV1-ftljoypfezvlxcgouzbpmsmxzads/Build/Products/Debug-iphoneos/GoogleUtilities_GoogleUtilities-NSData.bundle/Info.plist /Users/Veer/Library/Developer/Xcode/DerivedData/HearifyV1-ftljoypfezvlxcgouzbpmsmxzads/Build/Intermediates.noindex/GoogleUtilities.build/Debug-iphoneos/GoogleUtilities_GoogleUtilities-NSData.build/empty-GoogleUtilities_GoogleUtilities-NSData.plist (in target 'GoogleUtilities_GoogleUtilities-NSData' from project 'GoogleUtilities')
    cd /Users/Veer/Library/Developer/Xcode/DerivedData/HearifyV1-ftljoypfezvlxcgouzbpmsmxzads/SourcePackages/checkouts/GoogleUtilities
    builtin-infoPlistUtility /Users/Veer/Library/Developer/Xcode/DerivedData/HearifyV1-ftljoypfezvlxcgouzbpmsmxzads/Build/Intermediates.noindex/GoogleUtilities.build/Debug-iphoneos/GoogleUtilities_GoogleUtilities-NSData.build/empty-GoogleUtilities_GoogleUtilities-NSData.plist -producttype com.apple.product-type.bundle -expandbuildsettings -format binary -platform iphoneos -requiredArchitecture arm64 -o /Users/Veer/Library/Developer/Xcode/DerivedData/HearifyV1-ftljoypfezvlxcgouzbpmsmxzads/Build/Products/Debug-iphoneos/GoogleUtilities_GoogleUtilities-NSData.bundle/Info.plist

CpResource /Users/Veer/Library/Developer/Xcode/DerivedData/HearifyV1-ftljoypfezvlxcgouzbpmsmxzads/Build/Products/Debug-iphoneos/GoogleUtilities_GoogleUtilities-NSData.bundle/PrivacyInfo.xcprivacy /Users/Veer/Library/Developer/Xcode/DerivedData/HearifyV1-ftljoypfezvlxcgouzbpmsmxzads/SourcePackages/checkouts/GoogleUtilities/GoogleUtilities/NSData+zlib/Resources/PrivacyInfo.xcprivacy (in target 'GoogleUtilities_GoogleUtilities-NSData' from project 'GoogleUtilities')
    cd /Users/Veer/Library/Developer/Xcode/DerivedData/HearifyV1-ftljoypfezvlxcgouzbpmsmxzads/SourcePackages/checkouts/GoogleUtilities
    builtin-copy -exclude .DS_Store -exclude CVS -exclude .svn -exclude .git -exclude .hg -resolve-src-symlinks /Users/Veer/Library/Developer/Xcode/DerivedData/HearifyV1-ftljoypfezvlxcgouzbpmsmxzads/SourcePackages/checkouts/GoogleUtilities/GoogleUtilities/NSData+zlib/Resources/PrivacyInfo.xcprivacy /Users/Veer/Library/Developer/Xcode/DerivedData/HearifyV1-ftljoypfezvlxcgouzbpmsmxzads/Build/Products/Debug-iphoneos/GoogleUtilities_GoogleUtilities-NSData.bundle

CpResource /Users/Veer/Library/Developer/Xcode/DerivedData/HearifyV1-ftljoypfezvlxcgouzbpmsmxzads/Build/Products/Debug-iphoneos/GoogleUtilities_GoogleUtilities-Logger.bundle/PrivacyInfo.xcprivacy /Users/Veer/Library/Developer/Xcode/DerivedData/HearifyV1-ftljoypfezvlxcgouzbpmsmxzads/SourcePackages/checkouts/GoogleUtilities/GoogleUtilities/Logger/Resources/PrivacyInfo.xcprivacy (in target 'GoogleUtilities_GoogleUtilities-Logger' from project 'GoogleUtilities')
    cd /Users/Veer/Library/Developer/Xcode/DerivedData/HearifyV1-ftljoypfezvlxcgouzbpmsmxzads/SourcePackages/checkouts/GoogleUtilities
    builtin-copy -exclude .DS_Store -exclude CVS -exclude .svn -exclude .git -exclude .hg -resolve-src-symlinks /Users/Veer/Library/Developer/Xcode/DerivedData/HearifyV1-ftljoypfezvlxcgouzbpmsmxzads/SourcePackages/checkouts/GoogleUtilities/GoogleUtilities/Logger/Resources/PrivacyInfo.xcprivacy /Users/Veer/Library/Developer/Xcode/DerivedData/HearifyV1-ftljoypfezvlxcgouzbpmsmxzads/Build/Products/Debug-iphoneos/GoogleUtilities_GoogleUtilities-Logger.bundle

ProcessInfoPlistFile /Users/Veer/Library/Developer/Xcode/DerivedData/HearifyV1-ftljoypfezvlxcgouzbpmsmxzads/Build/Products/Debug-iphoneos/GoogleUtilities_GoogleUtilities-Logger.bundle/Info.plist /Users/Veer/Library/Developer/Xcode/DerivedData/HearifyV1-ftljoypfezvlxcgouzbpmsmxzads/Build/Intermediates.noindex/GoogleUtilities.build/Debug-iphoneos/GoogleUtilities_GoogleUtilities-Logger.build/empty-GoogleUtilities_GoogleUtilities-Logger.plist (in target 'GoogleUtilities_GoogleUtilities-Logger' from project 'GoogleUtilities')
    cd /Users/Veer/Library/Developer/Xcode/DerivedData/HearifyV1-ftljoypfezvlxcgouzbpmsmxzads/SourcePackages/checkouts/GoogleUtilities
    builtin-infoPlistUtility /Users/Veer/Library/Developer/Xcode/DerivedData/HearifyV1-ftljoypfezvlxcgouzbpmsmxzads/Build/Intermediates.noindex/GoogleUtilities.build/Debug-iphoneos/GoogleUtilities_GoogleUtilities-Logger.build/empty-GoogleUtilities_GoogleUtilities-Logger.plist -producttype com.apple.product-type.bundle -expandbuildsettings -format binary -platform iphoneos -requiredArchitecture arm64 -o /Users/Veer/Library/Developer/Xcode/DerivedData/HearifyV1-ftljoypfezvlxcgouzbpmsmxzads/Build/Products/Debug-iphoneos/GoogleUtilities_GoogleUtilities-Logger.bundle/Info.plist

ProcessInfoPlistFile /Users/Veer/Library/Developer/Xcode/DerivedData/HearifyV1-ftljoypfezvlxcgouzbpmsmxzads/Build/Products/Debug-iphoneos/GoogleUtilities_GoogleUtilities-Environment.bundle/Info.plist /Users/Veer/Library/Developer/Xcode/DerivedData/HearifyV1-ftljoypfezvlxcgouzbpmsmxzads/Build/Intermediates.noindex/GoogleUtilities.build/Debug-iphoneos/GoogleUtilities_GoogleUtilities-Environment.build/empty-GoogleUtilities_GoogleUtilities-Environment.plist (in target 'GoogleUtilities_GoogleUtilities-Environment' from project 'GoogleUtilities')
    cd /Users/Veer/Library/Developer/Xcode/DerivedData/HearifyV1-ftljoypfezvlxcgouzbpmsmxzads/SourcePackages/checkouts/GoogleUtilities
    builtin-infoPlistUtility /Users/Veer/Library/Developer/Xcode/DerivedData/HearifyV1-ftljoypfezvlxcgouzbpmsmxzads/Build/Intermediates.noindex/GoogleUtilities.build/Debug-iphoneos/GoogleUtilities_GoogleUtilities-Environment.build/empty-GoogleUtilities_GoogleUtilities-Environment.plist -producttype com.apple.product-type.bundle -expandbuildsettings -format binary -platform iphoneos -requiredArchitecture arm64 -o /Users/Veer/Library/Developer/Xcode/DerivedData/HearifyV1-ftljoypfezvlxcgouzbpmsmxzads/Build/Products/Debug-iphoneos/GoogleUtilities_GoogleUtilities-Environment.bundle/Info.plist

CpResource /Users/Veer/Library/Developer/Xcode/DerivedData/HearifyV1-ftljoypfezvlxcgouzbpmsmxzads/Build/Products/Debug-iphoneos/GoogleUtilities_GoogleUtilities-Reachability.bundle/PrivacyInfo.xcprivacy /Users/Veer/Library/Developer/Xcode/DerivedData/HearifyV1-ftljoypfezvlxcgouzbpmsmxzads/SourcePackages/checkouts/GoogleUtilities/GoogleUtilities/Reachability/Resources/PrivacyInfo.xcprivacy (in target 'GoogleUtilities_GoogleUtilities-Reachability' from project 'GoogleUtilities')
    cd /Users/Veer/Library/Developer/Xcode/DerivedData/HearifyV1-ftljoypfezvlxcgouzbpmsmxzads/SourcePackages/checkouts/GoogleUtilities
    builtin-copy -exclude .DS_Store -exclude CVS -exclude .svn -exclude .git -exclude .hg -resolve-src-symlinks /Users/Veer/Library/Developer/Xcode/DerivedData/HearifyV1-ftljoypfezvlxcgouzbpmsmxzads/SourcePackages/checkouts/GoogleUtilities/GoogleUtilities/Reachability/Resources/PrivacyInfo.xcprivacy /Users/Veer/Library/Developer/Xcode/DerivedData/HearifyV1-ftljoypfezvlxcgouzbpmsmxzads/Build/Products/Debug-iphoneos/GoogleUtilities_GoogleUtilities-Reachability.bundle

CpResource /Users/Veer/Library/Developer/Xcode/DerivedData/HearifyV1-ftljoypfezvlxcgouzbpmsmxzads/Build/Products/Debug-iphoneos/GoogleUtilities_GoogleUtilities-Environment.bundle/PrivacyInfo.xcprivacy /Users/Veer/Library/Developer/Xcode/DerivedData/HearifyV1-ftljoypfezvlxcgouzbpmsmxzads/SourcePackages/checkouts/GoogleUtilities/GoogleUtilities/Environment/Resources/PrivacyInfo.xcprivacy (in target 'GoogleUtilities_GoogleUtilities-Environment' from project 'GoogleUtilities')
    cd /Users/Veer/Library/Developer/Xcode/DerivedData/HearifyV1-ftljoypfezvlxcgouzbpmsmxzads/SourcePackages/checkouts/GoogleUtilities
    builtin-copy -exclude .DS_Store -exclude CVS -exclude .svn -exclude .git -exclude .hg -resolve-src-symlinks /Users/Veer/Library/Developer/Xcode/DerivedData/HearifyV1-ftljoypfezvlxcgouzbpmsmxzads/SourcePackages/checkouts/GoogleUtilities/GoogleUtilities/Environment/Resources/PrivacyInfo.xcprivacy /Users/Veer/Library/Developer/Xcode/DerivedData/HearifyV1-ftljoypfezvlxcgouzbpmsmxzads/Build/Products/Debug-iphoneos/GoogleUtilities_GoogleUtilities-Environment.bundle

ProcessInfoPlistFile /Users/Veer/Library/Developer/Xcode/DerivedData/HearifyV1-ftljoypfezvlxcgouzbpmsmxzads/Build/Products/Debug-iphoneos/GoogleUtilities_GoogleUtilities-AppDelegateSwizzler.bundle/Info.plist /Users/Veer/Library/Developer/Xcode/DerivedData/HearifyV1-ftljoypfezvlxcgouzbpmsmxzads/Build/Intermediates.noindex/GoogleUtilities.build/Debug-iphoneos/GoogleUtilities_GoogleUtilities-AppDelegateSwizzler.build/empty-GoogleUtilities_GoogleUtilities-AppDelegateSwizzler.plist (in target 'GoogleUtilities_GoogleUtilities-AppDelegateSwizzler' from project 'GoogleUtilities')
    cd /Users/Veer/Library/Developer/Xcode/DerivedData/HearifyV1-ftljoypfezvlxcgouzbpmsmxzads/SourcePackages/checkouts/GoogleUtilities
    builtin-infoPlistUtility /Users/Veer/Library/Developer/Xcode/DerivedData/HearifyV1-ftljoypfezvlxcgouzbpmsmxzads/Build/Intermediates.noindex/GoogleUtilities.build/Debug-iphoneos/GoogleUtilities_GoogleUtilities-AppDelegateSwizzler.build/empty-GoogleUtilities_GoogleUtilities-AppDelegateSwizzler.plist -producttype com.apple.product-type.bundle -expandbuildsettings -format binary -platform iphoneos -requiredArchitecture arm64 -o /Users/Veer/Library/Developer/Xcode/DerivedData/HearifyV1-ftljoypfezvlxcgouzbpmsmxzads/Build/Products/Debug-iphoneos/GoogleUtilities_GoogleUtilities-AppDelegateSwizzler.bundle/Info.plist

CpResource /Users/Veer/Library/Developer/Xcode/DerivedData/HearifyV1-ftljoypfezvlxcgouzbpmsmxzads/Build/Products/Debug-iphoneos/GoogleUtilities_GoogleUtilities-AppDelegateSwizzler.bundle/PrivacyInfo.xcprivacy /Users/Veer/Library/Developer/Xcode/DerivedData/HearifyV1-ftljoypfezvlxcgouzbpmsmxzads/SourcePackages/checkouts/GoogleUtilities/GoogleUtilities/AppDelegateSwizzler/Resources/PrivacyInfo.xcprivacy (in target 'GoogleUtilities_GoogleUtilities-AppDelegateSwizzler' from project 'GoogleUtilities')
    cd /Users/Veer/Library/Developer/Xcode/DerivedData/HearifyV1-ftljoypfezvlxcgouzbpmsmxzads/SourcePackages/checkouts/GoogleUtilities
    builtin-copy -exclude .DS_Store -exclude CVS -exclude .svn -exclude .git -exclude .hg -resolve-src-symlinks /Users/Veer/Library/Developer/Xcode/DerivedData/HearifyV1-ftljoypfezvlxcgouzbpmsmxzads/SourcePackages/checkouts/GoogleUtilities/GoogleUtilities/AppDelegateSwizzler/Resources/PrivacyInfo.xcprivacy /Users/Veer/Library/Developer/Xcode/DerivedData/HearifyV1-ftljoypfezvlxcgouzbpmsmxzads/Build/Products/Debug-iphoneos/GoogleUtilities_GoogleUtilities-AppDelegateSwizzler.bundle

ProcessInfoPlistFile /Users/Veer/Library/Developer/Xcode/DerivedData/HearifyV1-ftljoypfezvlxcgouzbpmsmxzads/Build/Products/Debug-iphoneos/GTMSessionFetcher_GTMSessionFetcherCore.bundle/Info.plist /Users/Veer/Library/Developer/Xcode/DerivedData/HearifyV1-ftljoypfezvlxcgouzbpmsmxzads/Build/Intermediates.noindex/GTMSessionFetcher.build/Debug-iphoneos/GTMSessionFetcher_GTMSessionFetcherCore.build/empty-GTMSessionFetcher_GTMSessionFetcherCore.plist (in target 'GTMSessionFetcher_GTMSessionFetcherCore' from project 'GTMSessionFetcher')
    cd /Users/Veer/Library/Developer/Xcode/DerivedData/HearifyV1-ftljoypfezvlxcgouzbpmsmxzads/SourcePackages/checkouts/gtm-session-fetcher
    builtin-infoPlistUtility /Users/Veer/Library/Developer/Xcode/DerivedData/HearifyV1-ftljoypfezvlxcgouzbpmsmxzads/Build/Intermediates.noindex/GTMSessionFetcher.build/Debug-iphoneos/GTMSessionFetcher_GTMSessionFetcherCore.build/empty-GTMSessionFetcher_GTMSessionFetcherCore.plist -producttype com.apple.product-type.bundle -expandbuildsettings -format binary -platform iphoneos -requiredArchitecture arm64 -o /Users/Veer/Library/Developer/Xcode/DerivedData/HearifyV1-ftljoypfezvlxcgouzbpmsmxzads/Build/Products/Debug-iphoneos/GTMSessionFetcher_GTMSessionFetcherCore.bundle/Info.plist

CpResource /Users/Veer/Library/Developer/Xcode/DerivedData/HearifyV1-ftljoypfezvlxcgouzbpmsmxzads/Build/Products/Debug-iphoneos/GTMSessionFetcher_GTMSessionFetcherCore.bundle/PrivacyInfo.xcprivacy /Users/Veer/Library/Developer/Xcode/DerivedData/HearifyV1-ftljoypfezvlxcgouzbpmsmxzads/SourcePackages/checkouts/gtm-session-fetcher/Sources/Core/Resources/PrivacyInfo.xcprivacy (in target 'GTMSessionFetcher_GTMSessionFetcherCore' from project 'GTMSessionFetcher')
    cd /Users/Veer/Library/Developer/Xcode/DerivedData/HearifyV1-ftljoypfezvlxcgouzbpmsmxzads/SourcePackages/checkouts/gtm-session-fetcher
    builtin-copy -exclude .DS_Store -exclude CVS -exclude .svn -exclude .git -exclude .hg -resolve-src-symlinks /Users/Veer/Library/Developer/Xcode/DerivedData/HearifyV1-ftljoypfezvlxcgouzbpmsmxzads/SourcePackages/checkouts/gtm-session-fetcher/Sources/Core/Resources/PrivacyInfo.xcprivacy /Users/Veer/Library/Developer/Xcode/DerivedData/HearifyV1-ftljoypfezvlxcgouzbpmsmxzads/Build/Products/Debug-iphoneos/GTMSessionFetcher_GTMSessionFetcherCore.bundle

ProcessInfoPlistFile /Users/Veer/Library/Developer/Xcode/DerivedData/HearifyV1-ftljoypfezvlxcgouzbpmsmxzads/Build/Products/Debug-iphoneos/Firebase_FirebaseCore.bundle/Info.plist /Users/Veer/Library/Developer/Xcode/DerivedData/HearifyV1-ftljoypfezvlxcgouzbpmsmxzads/Build/Intermediates.noindex/Firebase.build/Debug-iphoneos/Firebase_FirebaseCore.build/empty-Firebase_FirebaseCore.plist (in target 'Firebase_FirebaseCore' from project 'Firebase')
    cd /Users/Veer/Library/Developer/Xcode/DerivedData/HearifyV1-ftljoypfezvlxcgouzbpmsmxzads/SourcePackages/checkouts/firebase-ios-sdk
    builtin-infoPlistUtility /Users/Veer/Library/Developer/Xcode/DerivedData/HearifyV1-ftljoypfezvlxcgouzbpmsmxzads/Build/Intermediates.noindex/Firebase.build/Debug-iphoneos/Firebase_FirebaseCore.build/empty-Firebase_FirebaseCore.plist -producttype com.apple.product-type.bundle -expandbuildsettings -format binary -platform iphoneos -requiredArchitecture arm64 -o /Users/Veer/Library/Developer/Xcode/DerivedData/HearifyV1-ftljoypfezvlxcgouzbpmsmxzads/Build/Products/Debug-iphoneos/Firebase_FirebaseCore.bundle/Info.plist

CpResource /Users/Veer/Library/Developer/Xcode/DerivedData/HearifyV1-ftljoypfezvlxcgouzbpmsmxzads/Build/Products/Debug-iphoneos/Firebase_FirebaseCore.bundle/PrivacyInfo.xcprivacy /Users/Veer/Library/Developer/Xcode/DerivedData/HearifyV1-ftljoypfezvlxcgouzbpmsmxzads/SourcePackages/checkouts/firebase-ios-sdk/FirebaseCore/Sources/Resources/PrivacyInfo.xcprivacy (in target 'Firebase_FirebaseCore' from project 'Firebase')
    cd /Users/Veer/Library/Developer/Xcode/DerivedData/HearifyV1-ftljoypfezvlxcgouzbpmsmxzads/SourcePackages/checkouts/firebase-ios-sdk
    builtin-copy -exclude .DS_Store -exclude CVS -exclude .svn -exclude .git -exclude .hg -resolve-src-symlinks /Users/Veer/Library/Developer/Xcode/DerivedData/HearifyV1-ftljoypfezvlxcgouzbpmsmxzads/SourcePackages/checkouts/firebase-ios-sdk/FirebaseCore/Sources/Resources/PrivacyInfo.xcprivacy /Users/Veer/Library/Developer/Xcode/DerivedData/HearifyV1-ftljoypfezvlxcgouzbpmsmxzads/Build/Products/Debug-iphoneos/Firebase_FirebaseCore.bundle

ProcessInfoPlistFile /Users/Veer/Library/Developer/Xcode/DerivedData/HearifyV1-ftljoypfezvlxcgouzbpmsmxzads/Build/Products/Debug-iphoneos/Firebase_FirebaseAuth.bundle/Info.plist /Users/Veer/Library/Developer/Xcode/DerivedData/HearifyV1-ftljoypfezvlxcgouzbpmsmxzads/Build/Intermediates.noindex/Firebase.build/Debug-iphoneos/Firebase_FirebaseAuth.build/empty-Firebase_FirebaseAuth.plist (in target 'Firebase_FirebaseAuth' from project 'Firebase')
    cd /Users/Veer/Library/Developer/Xcode/DerivedData/HearifyV1-ftljoypfezvlxcgouzbpmsmxzads/SourcePackages/checkouts/firebase-ios-sdk
    builtin-infoPlistUtility /Users/Veer/Library/Developer/Xcode/DerivedData/HearifyV1-ftljoypfezvlxcgouzbpmsmxzads/Build/Intermediates.noindex/Firebase.build/Debug-iphoneos/Firebase_FirebaseAuth.build/empty-Firebase_FirebaseAuth.plist -producttype com.apple.product-type.bundle -expandbuildsettings -format binary -platform iphoneos -requiredArchitecture arm64 -o /Users/Veer/Library/Developer/Xcode/DerivedData/HearifyV1-ftljoypfezvlxcgouzbpmsmxzads/Build/Products/Debug-iphoneos/Firebase_FirebaseAuth.bundle/Info.plist

CpResource /Users/Veer/Library/Developer/Xcode/DerivedData/HearifyV1-ftljoypfezvlxcgouzbpmsmxzads/Build/Products/Debug-iphoneos/Firebase_FirebaseAuth.bundle/PrivacyInfo.xcprivacy /Users/Veer/Library/Developer/Xcode/DerivedData/HearifyV1-ftljoypfezvlxcgouzbpmsmxzads/SourcePackages/checkouts/firebase-ios-sdk/FirebaseAuth/Sources/Resources/PrivacyInfo.xcprivacy (in target 'Firebase_FirebaseAuth' from project 'Firebase')
    cd /Users/Veer/Library/Developer/Xcode/DerivedData/HearifyV1-ftljoypfezvlxcgouzbpmsmxzads/SourcePackages/checkouts/firebase-ios-sdk
    builtin-copy -exclude .DS_Store -exclude CVS -exclude .svn -exclude .git -exclude .hg -resolve-src-symlinks /Users/Veer/Library/Developer/Xcode/DerivedData/HearifyV1-ftljoypfezvlxcgouzbpmsmxzads/SourcePackages/checkouts/firebase-ios-sdk/FirebaseAuth/Sources/Resources/PrivacyInfo.xcprivacy /Users/Veer/Library/Developer/Xcode/DerivedData/HearifyV1-ftljoypfezvlxcgouzbpmsmxzads/Build/Products/Debug-iphoneos/Firebase_FirebaseAuth.bundle

ScanDependencies /Users/Veer/Library/Developer/Xcode/DerivedData/HearifyV1-ftljoypfezvlxcgouzbpmsmxzads/Build/Intermediates.noindex/GoogleUtilities.build/Debug-iphoneos/third-party-IsAppEncrypted.build/Objects-normal/arm64/IsAppEncrypted.o /Users/Veer/Library/Developer/Xcode/DerivedData/HearifyV1-ftljoypfezvlxcgouzbpmsmxzads/SourcePackages/checkouts/GoogleUtilities/third_party/IsAppEncrypted/IsAppEncrypted.m normal arm64 objective-c com.apple.compilers.llvm.clang.1_0.compiler (in target 'third-party-IsAppEncrypted' from project 'GoogleUtilities')
    cd /Users/Veer/Library/Mobile\ Documents/com\~apple\~CloudDocs/HearifyV1/HearifyV1.xcodeproj
    
    Using response file: /Users/Veer/Library/Developer/Xcode/DerivedData/HearifyV1-ftljoypfezvlxcgouzbpmsmxzads/Build/Intermediates.noindex/GoogleUtilities.build/Debug-iphoneos/third-party-IsAppEncrypted.build/Objects-normal/arm64/e6072d4f65d7061329687fe24e3d63a7-common-args.resp
    
    builtin-ScanDependencies -o /Users/Veer/Library/Developer/Xcode/DerivedData/HearifyV1-ftljoypfezvlxcgouzbpmsmxzads/Build/Intermediates.noindex/GoogleUtilities.build/Debug-iphoneos/third-party-IsAppEncrypted.build/Objects-normal/arm64/IsAppEncrypted.o.scan -- /Applications/Xcode.app/Contents/Developer/Toolchains/XcodeDefault.xctoolchain/usr/bin/clang -x objective-c -ivfsstatcache /Users/Veer/Library/Developer/Xcode/DerivedData/SDKStatCaches.noindex/iphoneos26.2-23C53-3794476bd08197c3e2abd9bb477ef7f7.sdkstatcache -fmessage-length\=0 -fdiagnostics-show-note-include-stack -fmacro-backtrace-limit\=0 -fno-color-diagnostics -fmodules-prune-interval\=86400 -fmodules-prune-after\=345600 -fbuild-session-file\=/Users/Veer/Library/Developer/Xcode/DerivedData/ModuleCache.noindex/Session.modulevalidation -fmodules-validate-once-per-build-session -Wnon-modular-include-in-framework-module -Werror\=non-modular-include-in-framework-module -Wno-trigraphs -Wno-missing-field-initializers -Wno-missing-prototypes -Wno-return-type -Wno-implicit-atomic-properties -Wno-objc-interface-ivars -Wno-arc-repeated-use-of-weak -Wno-missing-braces -Wparentheses -Wswitch -Wno-unused-function -Wno-unused-label -Wno-unused-parameter -Wno-unused-variable -Wunused-value -Wno-empty-body -Wno-uninitialized -Wno-unknown-pragmas -w -Wno-shadow -Wno-four-char-constants -Wno-conversion -Wno-constant-conversion -Wno-int-conversion -Wno-bool-conversion -Wno-enum-conversion -Wno-float-conversion -Wno-non-literal-null-conversion -Wno-objc-literal-conversion -Wshorten-64-to-32 -Wpointer-sign -Wno-newline-eof -Wno-selector -Wno-strict-selector-match -Wno-undeclared-selector -Wno-deprecated-implementations -Wno-implicit-fallthrough -fstrict-aliasing -Wprotocol -Wdeprecated-declarations -Wno-sign-conversion -Wno-infinite-recursion -Wno-comma -Wno-block-capture-autoreleasing -Wno-strict-prototypes -Wno-semicolon-before-method-body -index-store-path /Users/Veer/Library/Developer/Xcode/DerivedData/HearifyV1-ftljoypfezvlxcgouzbpmsmxzads/Index.noindex/DataStore @/Users/Veer/Library/Developer/Xcode/DerivedData/HearifyV1-ftljoypfezvlxcgouzbpmsmxzads/Build/Intermediates.noindex/GoogleUtilities.build/Debug-iphoneos/third-party-IsAppEncrypted.build/Objects-normal/arm64/e6072d4f65d7061329687fe24e3d63a7-common-args.resp -MMD -MT dependencies -MF /Users/Veer/Library/Developer/Xcode/DerivedData/HearifyV1-ftljoypfezvlxcgouzbpmsmxzads/Build/Intermediates.noindex/GoogleUtilities.build/Debug-iphoneos/third-party-IsAppEncrypted.build/Objects-normal/arm64/IsAppEncrypted.d --serialize-diagnostics /Users/Veer/Library/Developer/Xcode/DerivedData/HearifyV1-ftljoypfezvlxcgouzbpmsmxzads/Build/Intermediates.noindex/GoogleUtilities.build/Debug-iphoneos/third-party-IsAppEncrypted.build/Objects-normal/arm64/IsAppEncrypted.dia -c /Users/Veer/Library/Developer/Xcode/DerivedData/HearifyV1-ftljoypfezvlxcgouzbpmsmxzads/SourcePackages/checkouts/GoogleUtilities/third_party/IsAppEncrypted/IsAppEncrypted.m -o /Users/Veer/Library/Developer/Xcode/DerivedData/HearifyV1-ftljoypfezvlxcgouzbpmsmxzads/Build/Intermediates.noindex/GoogleUtilities.build/Debug-iphoneos/third-party-IsAppEncrypted.build/Objects-normal/arm64/IsAppEncrypted.o -index-unit-output-path /GoogleUtilities.build/Debug-iphoneos/third-party-IsAppEncrypted.build/Objects-normal/arm64/IsAppEncrypted.o

ScanDependencies /Users/Veer/Library/Developer/Xcode/DerivedData/HearifyV1-ftljoypfezvlxcgouzbpmsmxzads/Build/Intermediates.noindex/nanopb.build/Debug-iphoneos/nanopb.build/Objects-normal/arm64/resource_bundle_accessor.o /Users/Veer/Library/Developer/Xcode/DerivedData/HearifyV1-ftljoypfezvlxcgouzbpmsmxzads/Build/Intermediates.noindex/nanopb.build/Debug-iphoneos/nanopb.build/DerivedSources/resource_bundle_accessor.m normal arm64 objective-c com.apple.compilers.llvm.clang.1_0.compiler (in target 'nanopb' from project 'nanopb')
    cd /Users/Veer/Library/Mobile\ Documents/com\~apple\~CloudDocs/HearifyV1/HearifyV1.xcodeproj
    
    Using response file: /Users/Veer/Library/Developer/Xcode/DerivedData/HearifyV1-ftljoypfezvlxcgouzbpmsmxzads/Build/Intermediates.noindex/nanopb.build/Debug-iphoneos/nanopb.build/Objects-normal/arm64/e6072d4f65d7061329687fe24e3d63a7-common-args.resp
    
    builtin-ScanDependencies -o /Users/Veer/Library/Developer/Xcode/DerivedData/HearifyV1-ftljoypfezvlxcgouzbpmsmxzads/Build/Intermediates.noindex/nanopb.build/Debug-iphoneos/nanopb.build/Objects-normal/arm64/resource_bundle_accessor.o.scan -- /Applications/Xcode.app/Contents/Developer/Toolchains/XcodeDefault.xctoolchain/usr/bin/clang -x objective-c -ivfsstatcache /Users/Veer/Library/Developer/Xcode/DerivedData/SDKStatCaches.noindex/iphoneos26.2-23C53-3794476bd08197c3e2abd9bb477ef7f7.sdkstatcache -fmessage-length\=0 -fdiagnostics-show-note-include-stack -fmacro-backtrace-limit\=0 -fno-color-diagnostics -fmodules-prune-interval\=86400 -fmodules-prune-after\=345600 -fbuild-session-file\=/Users/Veer/Library/Developer/Xcode/DerivedData/ModuleCache.noindex/Session.modulevalidation -fmodules-validate-once-per-build-session -Wnon-modular-include-in-framework-module -Werror\=non-modular-include-in-framework-module -Wno-trigraphs -Wno-missing-field-initializers -Wno-missing-prototypes -Wno-return-type -Wno-implicit-atomic-properties -Wno-objc-interface-ivars -Wno-arc-repeated-use-of-weak -Wno-missing-braces -Wparentheses -Wswitch -Wno-unused-function -Wno-unused-label -Wno-unused-parameter -Wno-unused-variable -Wunused-value -Wno-empty-body -Wno-uninitialized -Wno-unknown-pragmas -w -Wno-shadow -Wno-four-char-constants -Wno-conversion -Wno-constant-conversion -Wno-int-conversion -Wno-bool-conversion -Wno-enum-conversion -Wno-float-conversion -Wno-non-literal-null-conversion -Wno-objc-literal-conversion -Wshorten-64-to-32 -Wpointer-sign -Wno-newline-eof -Wno-selector -Wno-strict-selector-match -Wno-undeclared-selector -Wno-deprecated-implementations -Wno-implicit-fallthrough -fstrict-aliasing -Wprotocol -Wdeprecated-declarations -Wno-sign-conversion -Wno-infinite-recursion -Wno-comma -Wno-block-capture-autoreleasing -Wno-strict-prototypes -Wno-semicolon-before-method-body -index-store-path /Users/Veer/Library/Developer/Xcode/DerivedData/HearifyV1-ftljoypfezvlxcgouzbpmsmxzads/Index.noindex/DataStore @/Users/Veer/Library/Developer/Xcode/DerivedData/HearifyV1-ftljoypfezvlxcgouzbpmsmxzads/Build/Intermediates.noindex/nanopb.build/Debug-iphoneos/nanopb.build/Objects-normal/arm64/e6072d4f65d7061329687fe24e3d63a7-common-args.resp -include /Users/Veer/Library/Developer/Xcode/DerivedData/HearifyV1-ftljoypfezvlxcgouzbpmsmxzads/Build/Intermediates.noindex/nanopb.build/Debug-iphoneos/nanopb.build/DerivedSources/resource_bundle_accessor.h -MMD -MT dependencies -MF /Users/Veer/Library/Developer/Xcode/DerivedData/HearifyV1-ftljoypfezvlxcgouzbpmsmxzads/Build/Intermediates.noindex/nanopb.build/Debug-iphoneos/nanopb.build/Objects-normal/arm64/resource_bundle_accessor.d --serialize-diagnostics /Users/Veer/Library/Developer/Xcode/DerivedData/HearifyV1-ftljoypfezvlxcgouzbpmsmxzads/Build/Intermediates.noindex/nanopb.build/Debug-iphoneos/nanopb.build/Objects-normal/arm64/resource_bundle_accessor.dia -c /Users/Veer/Library/Developer/Xcode/DerivedData/HearifyV1-ftljoypfezvlxcgouzbpmsmxzads/Build/Intermediates.noindex/nanopb.build/Debug-iphoneos/nanopb.build/DerivedSources/resource_bundle_accessor.m -o /Users/Veer/Library/Developer/Xcode/DerivedData/HearifyV1-ftljoypfezvlxcgouzbpmsmxzads/Build/Intermediates.noindex/nanopb.build/Debug-iphoneos/nanopb.build/Objects-normal/arm64/resource_bundle_accessor.o -index-unit-output-path /nanopb.build/Debug-iphoneos/nanopb.build/Objects-normal/arm64/resource_bundle_accessor.o

ScanDependencies /Users/Veer/Library/Developer/Xcode/DerivedData/HearifyV1-ftljoypfezvlxcgouzbpmsmxzads/Build/Intermediates.noindex/nanopb.build/Debug-iphoneos/nanopb.build/Objects-normal/arm64/pb_encode.o /Users/Veer/Library/Developer/Xcode/DerivedData/HearifyV1-ftljoypfezvlxcgouzbpmsmxzads/SourcePackages/checkouts/nanopb/pb_encode.c normal arm64 c com.apple.compilers.llvm.clang.1_0.compiler (in target 'nanopb' from project 'nanopb')
    cd /Users/Veer/Library/Mobile\ Documents/com\~apple\~CloudDocs/HearifyV1/HearifyV1.xcodeproj
    
    Using response file: /Users/Veer/Library/Developer/Xcode/DerivedData/HearifyV1-ftljoypfezvlxcgouzbpmsmxzads/Build/Intermediates.noindex/nanopb.build/Debug-iphoneos/nanopb.build/Objects-normal/arm64/7187679823f38a2a940e0043cdf9d637-common-args.resp
    
    builtin-ScanDependencies -o /Users/Veer/Library/Developer/Xcode/DerivedData/HearifyV1-ftljoypfezvlxcgouzbpmsmxzads/Build/Intermediates.noindex/nanopb.build/Debug-iphoneos/nanopb.build/Objects-normal/arm64/pb_encode.o.scan -- /Applications/Xcode.app/Contents/Developer/Toolchains/XcodeDefault.xctoolchain/usr/bin/clang -x c -ivfsstatcache /Users/Veer/Library/Developer/Xcode/DerivedData/SDKStatCaches.noindex/iphoneos26.2-23C53-3794476bd08197c3e2abd9bb477ef7f7.sdkstatcache -fmessage-length\=0 -fdiagnostics-show-note-include-stack -fmacro-backtrace-limit\=0 -fno-color-diagnostics -fmodules-prune-interval\=86400 -fmodules-prune-after\=345600 -fbuild-session-file\=/Users/Veer/Library/Developer/Xcode/DerivedData/ModuleCache.noindex/Session.modulevalidation -fmodules-validate-once-per-build-session -Wnon-modular-include-in-framework-module -Werror\=non-modular-include-in-framework-module -Wno-trigraphs -Wno-missing-field-initializers -Wno-missing-prototypes -Wno-return-type -Wno-missing-braces -Wparentheses -Wswitch -Wno-unused-function -Wno-unused-label -Wno-unused-parameter -Wno-unused-variable -Wunused-value -Wno-empty-body -Wno-uninitialized -Wno-unknown-pragmas -w -Wno-shadow -Wno-four-char-constants -Wno-conversion -Wno-constant-conversion -Wno-int-conversion -Wno-bool-conversion -Wno-enum-conversion -Wno-float-conversion -Wno-non-literal-null-conversion -Wno-objc-literal-conversion -Wshorten-64-to-32 -Wpointer-sign -Wno-newline-eof -Wno-implicit-fallthrough -fstrict-aliasing -Wdeprecated-declarations -Wno-sign-conversion -Wno-infinite-recursion -Wno-comma -Wno-block-capture-autoreleasing -Wno-strict-prototypes -Wno-semicolon-before-method-body -index-store-path /Users/Veer/Library/Developer/Xcode/DerivedData/HearifyV1-ftljoypfezvlxcgouzbpmsmxzads/Index.noindex/DataStore @/Users/Veer/Library/Developer/Xcode/DerivedData/HearifyV1-ftljoypfezvlxcgouzbpmsmxzads/Build/Intermediates.noindex/nanopb.build/Debug-iphoneos/nanopb.build/Objects-normal/arm64/7187679823f38a2a940e0043cdf9d637-common-args.resp -MMD -MT dependencies -MF /Users/Veer/Library/Developer/Xcode/DerivedData/HearifyV1-ftljoypfezvlxcgouzbpmsmxzads/Build/Intermediates.noindex/nanopb.build/Debug-iphoneos/nanopb.build/Objects-normal/arm64/pb_encode.d --serialize-diagnostics /Users/Veer/Library/Developer/Xcode/DerivedData/HearifyV1-ftljoypfezvlxcgouzbpmsmxzads/Build/Intermediates.noindex/nanopb.build/Debug-iphoneos/nanopb.build/Objects-normal/arm64/pb_encode.dia -c /Users/Veer/Library/Developer/Xcode/DerivedData/HearifyV1-ftljoypfezvlxcgouzbpmsmxzads/SourcePackages/checkouts/nanopb/pb_encode.c -o /Users/Veer/Library/Developer/Xcode/DerivedData/HearifyV1-ftljoypfezvlxcgouzbpmsmxzads/Build/Intermediates.noindex/nanopb.build/Debug-iphoneos/nanopb.build/Objects-normal/arm64/pb_encode.o -index-unit-output-path /nanopb.build/Debug-iphoneos/nanopb.build/Objects-normal/arm64/pb_encode.o

ScanDependencies /Users/Veer/Library/Developer/Xcode/DerivedData/HearifyV1-ftljoypfezvlxcgouzbpmsmxzads/Build/Intermediates.noindex/nanopb.build/Debug-iphoneos/nanopb.build/Objects-normal/arm64/pb_common.o /Users/Veer/Library/Developer/Xcode/DerivedData/HearifyV1-ftljoypfezvlxcgouzbpmsmxzads/SourcePackages/checkouts/nanopb/pb_common.c normal arm64 c com.apple.compilers.llvm.clang.1_0.compiler (in target 'nanopb' from project 'nanopb')
    cd /Users/Veer/Library/Mobile\ Documents/com\~apple\~CloudDocs/HearifyV1/HearifyV1.xcodeproj
    
    Using response file: /Users/Veer/Library/Developer/Xcode/DerivedData/HearifyV1-ftljoypfezvlxcgouzbpmsmxzads/Build/Intermediates.noindex/nanopb.build/Debug-iphoneos/nanopb.build/Objects-normal/arm64/7187679823f38a2a940e0043cdf9d637-common-args.resp
    
    builtin-ScanDependencies -o /Users/Veer/Library/Developer/Xcode/DerivedData/HearifyV1-ftljoypfezvlxcgouzbpmsmxzads/Build/Intermediates.noindex/nanopb.build/Debug-iphoneos/nanopb.build/Objects-normal/arm64/pb_common.o.scan -- /Applications/Xcode.app/Contents/Developer/Toolchains/XcodeDefault.xctoolchain/usr/bin/clang -x c -ivfsstatcache /Users/Veer/Library/Developer/Xcode/DerivedData/SDKStatCaches.noindex/iphoneos26.2-23C53-3794476bd08197c3e2abd9bb477ef7f7.sdkstatcache -fmessage-length\=0 -fdiagnostics-show-note-include-stack -fmacro-backtrace-limit\=0 -fno-color-diagnostics -fmodules-prune-interval\=86400 -fmodules-prune-after\=345600 -fbuild-session-file\=/Users/Veer/Library/Developer/Xcode/DerivedData/ModuleCache.noindex/Session.modulevalidation -fmodules-validate-once-per-build-session -Wnon-modular-include-in-framework-module -Werror\=non-modular-include-in-framework-module -Wno-trigraphs -Wno-missing-field-initializers -Wno-missing-prototypes -Wno-return-type -Wno-missing-braces -Wparentheses -Wswitch -Wno-unused-function -Wno-unused-label -Wno-unused-parameter -Wno-unused-variable -Wunused-value -Wno-empty-body -Wno-uninitialized -Wno-unknown-pragmas -w -Wno-shadow -Wno-four-char-constants -Wno-conversion -Wno-constant-conversion -Wno-int-conversion -Wno-bool-conversion -Wno-enum-conversion -Wno-float-conversion -Wno-non-literal-null-conversion -Wno-objc-literal-conversion -Wshorten-64-to-32 -Wpointer-sign -Wno-newline-eof -Wno-implicit-fallthrough -fstrict-aliasing -Wdeprecated-declarations -Wno-sign-conversion -Wno-infinite-recursion -Wno-comma -Wno-block-capture-autoreleasing -Wno-strict-prototypes -Wno-semicolon-before-method-body -index-store-path /Users/Veer/Library/Developer/Xcode/DerivedData/HearifyV1-ftljoypfezvlxcgouzbpmsmxzads/Index.noindex/DataStore @/Users/Veer/Library/Developer/Xcode/DerivedData/HearifyV1-ftljoypfezvlxcgouzbpmsmxzads/Build/Intermediates.noindex/nanopb.build/Debug-iphoneos/nanopb.build/Objects-normal/arm64/7187679823f38a2a940e0043cdf9d637-common-args.resp -MMD -MT dependencies -MF /Users/Veer/Library/Developer/Xcode/DerivedData/HearifyV1-ftljoypfezvlxcgouzbpmsmxzads/Build/Intermediates.noindex/nanopb.build/Debug-iphoneos/nanopb.build/Objects-normal/arm64/pb_common.d --serialize-diagnostics /Users/Veer/Library/Developer/Xcode/DerivedData/HearifyV1-ftljoypfezvlxcgouzbpmsmxzads/Build/Intermediates.noindex/nanopb.build/Debug-iphoneos/nanopb.build/Objects-normal/arm64/pb_common.dia -c /Users/Veer/Library/Developer/Xcode/DerivedData/HearifyV1-ftljoypfezvlxcgouzbpmsmxzads/SourcePackages/checkouts/nanopb/pb_common.c -o /Users/Veer/Library/Developer/Xcode/DerivedData/HearifyV1-ftljoypfezvlxcgouzbpmsmxzads/Build/Intermediates.noindex/nanopb.build/Debug-iphoneos/nanopb.build/Objects-normal/arm64/pb_common.o -index-unit-output-path /nanopb.build/Debug-iphoneos/nanopb.build/Objects-normal/arm64/pb_common.o

ScanDependencies /Users/Veer/Library/Developer/Xcode/DerivedData/HearifyV1-ftljoypfezvlxcgouzbpmsmxzads/Build/Intermediates.noindex/nanopb.build/Debug-iphoneos/nanopb.build/Objects-normal/arm64/pb_decode.o /Users/Veer/Library/Developer/Xcode/DerivedData/HearifyV1-ftljoypfezvlxcgouzbpmsmxzads/SourcePackages/checkouts/nanopb/pb_decode.c normal arm64 c com.apple.compilers.llvm.clang.1_0.compiler (in target 'nanopb' from project 'nanopb')
    cd /Users/Veer/Library/Mobile\ Documents/com\~apple\~CloudDocs/HearifyV1/HearifyV1.xcodeproj
    
    Using response file: /Users/Veer/Library/Developer/Xcode/DerivedData/HearifyV1-ftljoypfezvlxcgouzbpmsmxzads/Build/Intermediates.noindex/nanopb.build/Debug-iphoneos/nanopb.build/Objects-normal/arm64/7187679823f38a2a940e0043cdf9d637-common-args.resp
    
    builtin-ScanDependencies -o /Users/Veer/Library/Developer/Xcode/DerivedData/HearifyV1-ftljoypfezvlxcgouzbpmsmxzads/Build/Intermediates.noindex/nanopb.build/Debug-iphoneos/nanopb.build/Objects-normal/arm64/pb_decode.o.scan -- /Applications/Xcode.app/Contents/Developer/Toolchains/XcodeDefault.xctoolchain/usr/bin/clang -x c -ivfsstatcache /Users/Veer/Library/Developer/Xcode/DerivedData/SDKStatCaches.noindex/iphoneos26.2-23C53-3794476bd08197c3e2abd9bb477ef7f7.sdkstatcache -fmessage-length\=0 -fdiagnostics-show-note-include-stack -fmacro-backtrace-limit\=0 -fno-color-diagnostics -fmodules-prune-interval\=86400 -fmodules-prune-after\=345600 -fbuild-session-file\=/Users/Veer/Library/Developer/Xcode/DerivedData/ModuleCache.noindex/Session.modulevalidation -fmodules-validate-once-per-build-session -Wnon-modular-include-in-framework-module -Werror\=non-modular-include-in-framework-module -Wno-trigraphs -Wno-missing-field-initializers -Wno-missing-prototypes -Wno-return-type -Wno-missing-braces -Wparentheses -Wswitch -Wno-unused-function -Wno-unused-label -Wno-unused-parameter -Wno-unused-variable -Wunused-value -Wno-empty-body -Wno-uninitialized -Wno-unknown-pragmas -w -Wno-shadow -Wno-four-char-constants -Wno-conversion -Wno-constant-conversion -Wno-int-conversion -Wno-bool-conversion -Wno-enum-conversion -Wno-float-conversion -Wno-non-literal-null-conversion -Wno-objc-literal-conversion -Wshorten-64-to-32 -Wpointer-sign -Wno-newline-eof -Wno-implicit-fallthrough -fstrict-aliasing -Wdeprecated-declarations -Wno-sign-conversion -Wno-infinite-recursion -Wno-comma -Wno-block-capture-autoreleasing -Wno-strict-prototypes -Wno-semicolon-before-method-body -index-store-path /Users/Veer/Library/Developer/Xcode/DerivedData/HearifyV1-ftljoypfezvlxcgouzbpmsmxzads/Index.noindex/DataStore @/Users/Veer/Library/Developer/Xcode/DerivedData/HearifyV1-ftljoypfezvlxcgouzbpmsmxzads/Build/Intermediates.noindex/nanopb.build/Debug-iphoneos/nanopb.build/Objects-normal/arm64/7187679823f38a2a940e0043cdf9d637-common-args.resp -MMD -MT dependencies -MF /Users/Veer/Library/Developer/Xcode/DerivedData/HearifyV1-ftljoypfezvlxcgouzbpmsmxzads/Build/Intermediates.noindex/nanopb.build/Debug-iphoneos/nanopb.build/Objects-normal/arm64/pb_decode.d --serialize-diagnostics /Users/Veer/Library/Developer/Xcode/DerivedData/HearifyV1-ftljoypfezvlxcgouzbpmsmxzads/Build/Intermediates.noindex/nanopb.build/Debug-iphoneos/nanopb.build/Objects-normal/arm64/pb_decode.dia -c /Users/Veer/Library/Developer/Xcode/DerivedData/HearifyV1-ftljoypfezvlxcgouzbpmsmxzads/SourcePackages/checkouts/nanopb/pb_decode.c -o /Users/Veer/Library/Developer/Xcode/DerivedData/HearifyV1-ftljoypfezvlxcgouzbpmsmxzads/Build/Intermediates.noindex/nanopb.build/Debug-iphoneos/nanopb.build/Objects-normal/arm64/pb_decode.o -index-unit-output-path /nanopb.build/Debug-iphoneos/nanopb.build/Objects-normal/arm64/pb_decode.o

ScanDependencies /Users/Veer/Library/Developer/Xcode/DerivedData/HearifyV1-ftljoypfezvlxcgouzbpmsmxzads/Build/Intermediates.noindex/leveldb.build/Debug-iphoneos/leveldb.build/Objects-normal/arm64/resource_bundle_accessor.o /Users/Veer/Library/Developer/Xcode/DerivedData/HearifyV1-ftljoypfezvlxcgouzbpmsmxzads/Build/Intermediates.noindex/leveldb.build/Debug-iphoneos/leveldb.build/DerivedSources/resource_bundle_accessor.m normal arm64 objective-c com.apple.compilers.llvm.clang.1_0.compiler (in target 'leveldb' from project 'leveldb')
    cd /Users/Veer/Library/Mobile\ Documents/com\~apple\~CloudDocs/HearifyV1/HearifyV1.xcodeproj
    
    Using response file: /Users/Veer/Library/Developer/Xcode/DerivedData/HearifyV1-ftljoypfezvlxcgouzbpmsmxzads/Build/Intermediates.noindex/leveldb.build/Debug-iphoneos/leveldb.build/Objects-normal/arm64/e6072d4f65d7061329687fe24e3d63a7-common-args.resp
    
    builtin-ScanDependencies -o /Users/Veer/Library/Developer/Xcode/DerivedData/HearifyV1-ftljoypfezvlxcgouzbpmsmxzads/Build/Intermediates.noindex/leveldb.build/Debug-iphoneos/leveldb.build/Objects-normal/arm64/resource_bundle_accessor.o.scan -- /Applications/Xcode.app/Contents/Developer/Toolchains/XcodeDefault.xctoolchain/usr/bin/clang -x objective-c -ivfsstatcache /Users/Veer/Library/Developer/Xcode/DerivedData/SDKStatCaches.noindex/iphoneos26.2-23C53-3794476bd08197c3e2abd9bb477ef7f7.sdkstatcache -fmessage-length\=0 -fdiagnostics-show-note-include-stack -fmacro-backtrace-limit\=0 -fno-color-diagnostics -fmodules-prune-interval\=86400 -fmodules-prune-after\=345600 -fbuild-session-file\=/Users/Veer/Library/Developer/Xcode/DerivedData/ModuleCache.noindex/Session.modulevalidation -fmodules-validate-once-per-build-session -Wnon-modular-include-in-framework-module -Werror\=non-modular-include-in-framework-module -Wno-trigraphs -Wno-missing-field-initializers -Wno-missing-prototypes -Wno-return-type -Wno-implicit-atomic-properties -Wno-objc-interface-ivars -Wno-arc-repeated-use-of-weak -Wno-missing-braces -Wparentheses -Wswitch -Wno-unused-function -Wno-unused-label -Wno-unused-parameter -Wno-unused-variable -Wunused-value -Wno-empty-body -Wno-uninitialized -Wno-unknown-pragmas -w -Wno-shadow -Wno-four-char-constants -Wno-conversion -Wno-constant-conversion -Wno-int-conversion -Wno-bool-conversion -Wno-enum-conversion -Wno-float-conversion -Wno-non-literal-null-conversion -Wno-objc-literal-conversion -Wshorten-64-to-32 -Wpointer-sign -Wno-newline-eof -Wno-selector -Wno-strict-selector-match -Wno-undeclared-selector -Wno-deprecated-implementations -Wno-implicit-fallthrough -fstrict-aliasing -Wprotocol -Wdeprecated-declarations -Wno-sign-conversion -Wno-infinite-recursion -Wno-comma -Wno-block-capture-autoreleasing -Wno-strict-prototypes -Wno-semicolon-before-method-body -index-store-path /Users/Veer/Library/Developer/Xcode/DerivedData/HearifyV1-ftljoypfezvlxcgouzbpmsmxzads/Index.noindex/DataStore @/Users/Veer/Library/Developer/Xcode/DerivedData/HearifyV1-ftljoypfezvlxcgouzbpmsmxzads/Build/Intermediates.noindex/leveldb.build/Debug-iphoneos/leveldb.build/Objects-normal/arm64/e6072d4f65d7061329687fe24e3d63a7-common-args.resp -include /Users/Veer/Library/Developer/Xcode/DerivedData/HearifyV1-ftljoypfezvlxcgouzbpmsmxzads/Build/Intermediates.noindex/leveldb.build/Debug-iphoneos/leveldb.build/DerivedSources/resource_bundle_accessor.h -MMD -MT dependencies -MF /Users/Veer/Library/Developer/Xcode/DerivedData/HearifyV1-ftljoypfezvlxcgouzbpmsmxzads/Build/Intermediates.noindex/leveldb.build/Debug-iphoneos/leveldb.build/Objects-normal/arm64/resource_bundle_accessor.d --serialize-diagnostics /Users/Veer/Library/Developer/Xcode/DerivedData/HearifyV1-ftljoypfezvlxcgouzbpmsmxzads/Build/Intermediates.noindex/leveldb.build/Debug-iphoneos/leveldb.build/Objects-normal/arm64/resource_bundle_accessor.dia -c /Users/Veer/Library/Developer/Xcode/DerivedData/HearifyV1-ftljoypfezvlxcgouzbpmsmxzads/Build/Intermediates.noindex/leveldb.build/Debug-iphoneos/leveldb.build/DerivedSources/resource_bundle_accessor.m -o /Users/Veer/Library/Developer/Xcode/DerivedData/HearifyV1-ftljoypfezvlxcgouzbpmsmxzads/Build/Intermediates.noindex/leveldb.build/Debug-iphoneos/leveldb.build/Objects-normal/arm64/resource_bundle_accessor.o -index-unit-output-path /leveldb.build/Debug-iphoneos/leveldb.build/Objects-normal/arm64/resource_bundle_accessor.o

ScanDependencies /Users/Veer/Library/Developer/Xcode/DerivedData/HearifyV1-ftljoypfezvlxcgouzbpmsmxzads/Build/Intermediates.noindex/InteropForGoogle.build/Debug-iphoneos/RecaptchaInterop.build/Objects-normal/arm64/placeholder.o /Users/Veer/Library/Developer/Xcode/DerivedData/HearifyV1-ftljoypfezvlxcgouzbpmsmxzads/SourcePackages/checkouts/interop-ios-for-google-sdks/RecaptchaEnterprise/RecaptchaInterop/placeholder.m normal arm64 objective-c com.apple.compilers.llvm.clang.1_0.compiler (in target 'RecaptchaInterop' from project 'InteropForGoogle')
    cd /Users/Veer/Library/Mobile\ Documents/com\~apple\~CloudDocs/HearifyV1/HearifyV1.xcodeproj
    
    Using response file: /Users/Veer/Library/Developer/Xcode/DerivedData/HearifyV1-ftljoypfezvlxcgouzbpmsmxzads/Build/Intermediates.noindex/InteropForGoogle.build/Debug-iphoneos/RecaptchaInterop.build/Objects-normal/arm64/e6072d4f65d7061329687fe24e3d63a7-common-args.resp
    
    builtin-ScanDependencies -o /Users/Veer/Library/Developer/Xcode/DerivedData/HearifyV1-ftljoypfezvlxcgouzbpmsmxzads/Build/Intermediates.noindex/InteropForGoogle.build/Debug-iphoneos/RecaptchaInterop.build/Objects-normal/arm64/placeholder.o.scan -- /Applications/Xcode.app/Contents/Developer/Toolchains/XcodeDefault.xctoolchain/usr/bin/clang -x objective-c -ivfsstatcache /Users/Veer/Library/Developer/Xcode/DerivedData/SDKStatCaches.noindex/iphoneos26.2-23C53-3794476bd08197c3e2abd9bb477ef7f7.sdkstatcache -fmessage-length\=0 -fdiagnostics-show-note-include-stack -fmacro-backtrace-limit\=0 -fno-color-diagnostics -fmodules-prune-interval\=86400 -fmodules-prune-after\=345600 -fbuild-session-file\=/Users/Veer/Library/Developer/Xcode/DerivedData/ModuleCache.noindex/Session.modulevalidation -fmodules-validate-once-per-build-session -Wnon-modular-include-in-framework-module -Werror\=non-modular-include-in-framework-module -Wno-trigraphs -Wno-missing-field-initializers -Wno-missing-prototypes -Wno-return-type -Wno-implicit-atomic-properties -Wno-objc-interface-ivars -Wno-arc-repeated-use-of-weak -Wno-missing-braces -Wparentheses -Wswitch -Wno-unused-function -Wno-unused-label -Wno-unused-parameter -Wno-unused-variable -Wunused-value -Wno-empty-body -Wno-uninitialized -Wno-unknown-pragmas -w -Wno-shadow -Wno-four-char-constants -Wno-conversion -Wno-constant-conversion -Wno-int-conversion -Wno-bool-conversion -Wno-enum-conversion -Wno-float-conversion -Wno-non-literal-null-conversion -Wno-objc-literal-conversion -Wshorten-64-to-32 -Wpointer-sign -Wno-newline-eof -Wno-selector -Wno-strict-selector-match -Wno-undeclared-selector -Wno-deprecated-implementations -Wno-implicit-fallthrough -fstrict-aliasing -Wprotocol -Wdeprecated-declarations -Wno-sign-conversion -Wno-infinite-recursion -Wno-comma -Wno-block-capture-autoreleasing -Wno-strict-prototypes -Wno-semicolon-before-method-body -index-store-path /Users/Veer/Library/Developer/Xcode/DerivedData/HearifyV1-ftljoypfezvlxcgouzbpmsmxzads/Index.noindex/DataStore @/Users/Veer/Library/Developer/Xcode/DerivedData/HearifyV1-ftljoypfezvlxcgouzbpmsmxzads/Build/Intermediates.noindex/InteropForGoogle.build/Debug-iphoneos/RecaptchaInterop.build/Objects-normal/arm64/e6072d4f65d7061329687fe24e3d63a7-common-args.resp -MMD -MT dependencies -MF /Users/Veer/Library/Developer/Xcode/DerivedData/HearifyV1-ftljoypfezvlxcgouzbpmsmxzads/Build/Intermediates.noindex/InteropForGoogle.build/Debug-iphoneos/RecaptchaInterop.build/Objects-normal/arm64/placeholder.d --serialize-diagnostics /Users/Veer/Library/Developer/Xcode/DerivedData/HearifyV1-ftljoypfezvlxcgouzbpmsmxzads/Build/Intermediates.noindex/InteropForGoogle.build/Debug-iphoneos/RecaptchaInterop.build/Objects-normal/arm64/placeholder.dia -c /Users/Veer/Library/Developer/Xcode/DerivedData/HearifyV1-ftljoypfezvlxcgouzbpmsmxzads/SourcePackages/checkouts/interop-ios-for-google-sdks/RecaptchaEnterprise/RecaptchaInterop/placeholder.m -o /Users/Veer/Library/Developer/Xcode/DerivedData/HearifyV1-ftljoypfezvlxcgouzbpmsmxzads/Build/Intermediates.noindex/InteropForGoogle.build/Debug-iphoneos/RecaptchaInterop.build/Objects-normal/arm64/placeholder.o -index-unit-output-path /InteropForGoogle.build/Debug-iphoneos/RecaptchaInterop.build/Objects-normal/arm64/placeholder.o

ScanDependencies /Users/Veer/Library/Developer/Xcode/DerivedData/HearifyV1-ftljoypfezvlxcgouzbpmsmxzads/Build/Intermediates.noindex/GoogleUtilities.build/Debug-iphoneos/GoogleUtilities-NSData.build/Objects-normal/arm64/resource_bundle_accessor.o /Users/Veer/Library/Developer/Xcode/DerivedData/HearifyV1-ftljoypfezvlxcgouzbpmsmxzads/Build/Intermediates.noindex/GoogleUtilities.build/Debug-iphoneos/GoogleUtilities-NSData.build/DerivedSources/resource_bundle_accessor.m normal arm64 objective-c com.apple.compilers.llvm.clang.1_0.compiler (in target 'GoogleUtilities-NSData' from project 'GoogleUtilities')
    cd /Users/Veer/Library/Mobile\ Documents/com\~apple\~CloudDocs/HearifyV1/HearifyV1.xcodeproj
    
    Using response file: /Users/Veer/Library/Developer/Xcode/DerivedData/HearifyV1-ftljoypfezvlxcgouzbpmsmxzads/Build/Intermediates.noindex/GoogleUtilities.build/Debug-iphoneos/GoogleUtilities-NSData.build/Objects-normal/arm64/e6072d4f65d7061329687fe24e3d63a7-common-args.resp
    
    builtin-ScanDependencies -o /Users/Veer/Library/Developer/Xcode/DerivedData/HearifyV1-ftljoypfezvlxcgouzbpmsmxzads/Build/Intermediates.noindex/GoogleUtilities.build/Debug-iphoneos/GoogleUtilities-NSData.build/Objects-normal/arm64/resource_bundle_accessor.o.scan -- /Applications/Xcode.app/Contents/Developer/Toolchains/XcodeDefault.xctoolchain/usr/bin/clang -x objective-c -ivfsstatcache /Users/Veer/Library/Developer/Xcode/DerivedData/SDKStatCaches.noindex/iphoneos26.2-23C53-3794476bd08197c3e2abd9bb477ef7f7.sdkstatcache -fmessage-length\=0 -fdiagnostics-show-note-include-stack -fmacro-backtrace-limit\=0 -fno-color-diagnostics -fmodules-prune-interval\=86400 -fmodules-prune-after\=345600 -fbuild-session-file\=/Users/Veer/Library/Developer/Xcode/DerivedData/ModuleCache.noindex/Session.modulevalidation -fmodules-validate-once-per-build-session -Wnon-modular-include-in-framework-module -Werror\=non-modular-include-in-framework-module -Wno-trigraphs -Wno-missing-field-initializers -Wno-missing-prototypes -Wno-return-type -Wno-implicit-atomic-properties -Wno-objc-interface-ivars -Wno-arc-repeated-use-of-weak -Wno-missing-braces -Wparentheses -Wswitch -Wno-unused-function -Wno-unused-label -Wno-unused-parameter -Wno-unused-variable -Wunused-value -Wno-empty-body -Wno-uninitialized -Wno-unknown-pragmas -w -Wno-shadow -Wno-four-char-constants -Wno-conversion -Wno-constant-conversion -Wno-int-conversion -Wno-bool-conversion -Wno-enum-conversion -Wno-float-conversion -Wno-non-literal-null-conversion -Wno-objc-literal-conversion -Wshorten-64-to-32 -Wpointer-sign -Wno-newline-eof -Wno-selector -Wno-strict-selector-match -Wno-undeclared-selector -Wno-deprecated-implementations -Wno-implicit-fallthrough -fstrict-aliasing -Wprotocol -Wdeprecated-declarations -Wno-sign-conversion -Wno-infinite-recursion -Wno-comma -Wno-block-capture-autoreleasing -Wno-strict-prototypes -Wno-semicolon-before-method-body -index-store-path /Users/Veer/Library/Developer/Xcode/DerivedData/HearifyV1-ftljoypfezvlxcgouzbpmsmxzads/Index.noindex/DataStore @/Users/Veer/Library/Developer/Xcode/DerivedData/HearifyV1-ftljoypfezvlxcgouzbpmsmxzads/Build/Intermediates.noindex/GoogleUtilities.build/Debug-iphoneos/GoogleUtilities-NSData.build/Objects-normal/arm64/e6072d4f65d7061329687fe24e3d63a7-common-args.resp -include /Users/Veer/Library/Developer/Xcode/DerivedData/HearifyV1-ftljoypfezvlxcgouzbpmsmxzads/Build/Intermediates.noindex/GoogleUtilities.build/Debug-iphoneos/GoogleUtilities-NSData.build/DerivedSources/resource_bundle_accessor.h -MMD -MT dependencies -MF /Users/Veer/Library/Developer/Xcode/DerivedData/HearifyV1-ftljoypfezvlxcgouzbpmsmxzads/Build/Intermediates.noindex/GoogleUtilities.build/Debug-iphoneos/GoogleUtilities-NSData.build/Objects-normal/arm64/resource_bundle_accessor.d --serialize-diagnostics /Users/Veer/Library/Developer/Xcode/DerivedData/HearifyV1-ftljoypfezvlxcgouzbpmsmxzads/Build/Intermediates.noindex/GoogleUtilities.build/Debug-iphoneos/GoogleUtilities-NSData.build/Objects-normal/arm64/resource_bundle_accessor.dia -c /Users/Veer/Library/Developer/Xcode/DerivedData/HearifyV1-ftljoypfezvlxcgouzbpmsmxzads/Build/Intermediates.noindex/GoogleUtilities.build/Debug-iphoneos/GoogleUtilities-NSData.build/DerivedSources/resource_bundle_accessor.m -o /Users/Veer/Library/Developer/Xcode/DerivedData/HearifyV1-ftljoypfezvlxcgouzbpmsmxzads/Build/Intermediates.noindex/GoogleUtilities.build/Debug-iphoneos/GoogleUtilities-NSData.build/Objects-normal/arm64/resource_bundle_accessor.o -index-unit-output-path /GoogleUtilities.build/Debug-iphoneos/GoogleUtilities-NSData.build/Objects-normal/arm64/resource_bundle_accessor.o

CompileC /Users/Veer/Library/Developer/Xcode/DerivedData/HearifyV1-ftljoypfezvlxcgouzbpmsmxzads/Build/Intermediates.noindex/leveldb.build/Debug-iphoneos/leveldb.build/Objects-normal/arm64/write_batch.o /Users/Veer/Library/Developer/Xcode/DerivedData/HearifyV1-ftljoypfezvlxcgouzbpmsmxzads/SourcePackages/checkouts/leveldb/db/write_batch.cc normal arm64 c++ com.apple.compilers.llvm.clang.1_0.compiler (in target 'leveldb' from project 'leveldb')
    cd /Users/Veer/Library/Mobile\ Documents/com\~apple\~CloudDocs/HearifyV1/HearifyV1.xcodeproj
    
    Using response file: /Users/Veer/Library/Developer/Xcode/DerivedData/HearifyV1-ftljoypfezvlxcgouzbpmsmxzads/Build/Intermediates.noindex/leveldb.build/Debug-iphoneos/leveldb.build/Objects-normal/arm64/82b82416624d2658e5098eb0a28c15c5-common-args.resp
    
    /Applications/Xcode.app/Contents/Developer/Toolchains/XcodeDefault.xctoolchain/usr/bin/clang -x c++ -ivfsstatcache /Users/Veer/Library/Developer/Xcode/DerivedData/SDKStatCaches.noindex/iphoneos26.2-23C53-3794476bd08197c3e2abd9bb477ef7f7.sdkstatcache -fmessage-length\=0 -fdiagnostics-show-note-include-stack -fmacro-backtrace-limit\=0 -fno-color-diagnostics -fmodules-prune-interval\=86400 -fmodules-prune-after\=345600 -fbuild-session-file\=/Users/Veer/Library/Developer/Xcode/DerivedData/ModuleCache.noindex/Session.modulevalidation -fmodules-validate-once-per-build-session -Wnon-modular-include-in-framework-module -Werror\=non-modular-include-in-framework-module -Wno-trigraphs -Wno-missing-field-initializers -Wno-missing-prototypes -Wno-return-type -Wno-non-virtual-dtor -Wno-overloaded-virtual -Wno-exit-time-destructors -Wno-missing-braces -Wparentheses -Wswitch -Wno-unused-function -Wno-unused-label -Wno-unused-parameter -Wno-unused-variable -Wunused-value -Wno-empty-body -Wno-uninitialized -Wno-unknown-pragmas -w -Wno-shadow -Wno-four-char-constants -Wno-conversion -Wno-constant-conversion -Wno-int-conversion -Wno-bool-conversion -Wno-enum-conversion -Wno-float-conversion -Wno-non-literal-null-conversion -Wno-objc-literal-conversion -Wshorten-64-to-32 -Wno-newline-eof -Wno-c++11-extensions -Wno-implicit-fallthrough -fstrict-aliasing -Wdeprecated-declarations -Winvalid-offsetof -Wno-sign-conversion -Wno-infinite-recursion -Wno-move -Wno-comma -Wno-block-capture-autoreleasing -Wno-strict-prototypes -Wno-range-loop-analysis -Wno-semicolon-before-method-body -index-store-path /Users/Veer/Library/Developer/Xcode/DerivedData/HearifyV1-ftljoypfezvlxcgouzbpmsmxzads/Index.noindex/DataStore @/Users/Veer/Library/Developer/Xcode/DerivedData/HearifyV1-ftljoypfezvlxcgouzbpmsmxzads/Build/Intermediates.noindex/leveldb.build/Debug-iphoneos/leveldb.build/Objects-normal/arm64/82b82416624d2658e5098eb0a28c15c5-common-args.resp -MMD -MT dependencies -MF /Users/Veer/Library/Developer/Xcode/DerivedData/HearifyV1-ftljoypfezvlxcgouzbpmsmxzads/Build/Intermediates.noindex/leveldb.build/Debug-iphoneos/leveldb.build/Objects-normal/arm64/write_batch.d --serialize-diagnostics /Users/Veer/Library/Developer/Xcode/DerivedData/HearifyV1-ftljoypfezvlxcgouzbpmsmxzads/Build/Intermediates.noindex/leveldb.build/Debug-iphoneos/leveldb.build/Objects-normal/arm64/write_batch.dia -c /Users/Veer/Library/Developer/Xcode/DerivedData/HearifyV1-ftljoypfezvlxcgouzbpmsmxzads/SourcePackages/checkouts/leveldb/db/write_batch.cc -o /Users/Veer/Library/Developer/Xcode/DerivedData/HearifyV1-ftljoypfezvlxcgouzbpmsmxzads/Build/Intermediates.noindex/leveldb.build/Debug-iphoneos/leveldb.build/Objects-normal/arm64/write_batch.o -index-unit-output-path /leveldb.build/Debug-iphoneos/leveldb.build/Objects-normal/arm64/write_batch.o

CompileC /Users/Veer/Library/Developer/Xcode/DerivedData/HearifyV1-ftljoypfezvlxcgouzbpmsmxzads/Build/Intermediates.noindex/leveldb.build/Debug-iphoneos/leveldb.build/Objects-normal/arm64/version_set.o /Users/Veer/Library/Developer/Xcode/DerivedData/HearifyV1-ftljoypfezvlxcgouzbpmsmxzads/SourcePackages/checkouts/leveldb/db/version_set.cc normal arm64 c++ com.apple.compilers.llvm.clang.1_0.compiler (in target 'leveldb' from project 'leveldb')
    cd /Users/Veer/Library/Mobile\ Documents/com\~apple\~CloudDocs/HearifyV1/HearifyV1.xcodeproj
    
    Using response file: /Users/Veer/Library/Developer/Xcode/DerivedData/HearifyV1-ftljoypfezvlxcgouzbpmsmxzads/Build/Intermediates.noindex/leveldb.build/Debug-iphoneos/leveldb.build/Objects-normal/arm64/82b82416624d2658e5098eb0a28c15c5-common-args.resp
    
    /Applications/Xcode.app/Contents/Developer/Toolchains/XcodeDefault.xctoolchain/usr/bin/clang -x c++ -ivfsstatcache /Users/Veer/Library/Developer/Xcode/DerivedData/SDKStatCaches.noindex/iphoneos26.2-23C53-3794476bd08197c3e2abd9bb477ef7f7.sdkstatcache -fmessage-length\=0 -fdiagnostics-show-note-include-stack -fmacro-backtrace-limit\=0 -fno-color-diagnostics -fmodules-prune-interval\=86400 -fmodules-prune-after\=345600 -fbuild-session-file\=/Users/Veer/Library/Developer/Xcode/DerivedData/ModuleCache.noindex/Session.modulevalidation -fmodules-validate-once-per-build-session -Wnon-modular-include-in-framework-module -Werror\=non-modular-include-in-framework-module -Wno-trigraphs -Wno-missing-field-initializers -Wno-missing-prototypes -Wno-return-type -Wno-non-virtual-dtor -Wno-overloaded-virtual -Wno-exit-time-destructors -Wno-missing-braces -Wparentheses -Wswitch -Wno-unused-function -Wno-unused-label -Wno-unused-parameter -Wno-unused-variable -Wunused-value -Wno-empty-body -Wno-uninitialized -Wno-unknown-pragmas -w -Wno-shadow -Wno-four-char-constants -Wno-conversion -Wno-constant-conversion -Wno-int-conversion -Wno-bool-conversion -Wno-enum-conversion -Wno-float-conversion -Wno-non-literal-null-conversion -Wno-objc-literal-conversion -Wshorten-64-to-32 -Wno-newline-eof -Wno-c++11-extensions -Wno-implicit-fallthrough -fstrict-aliasing -Wdeprecated-declarations -Winvalid-offsetof -Wno-sign-conversion -Wno-infinite-recursion -Wno-move -Wno-comma -Wno-block-capture-autoreleasing -Wno-strict-prototypes -Wno-range-loop-analysis -Wno-semicolon-before-method-body -index-store-path /Users/Veer/Library/Developer/Xcode/DerivedData/HearifyV1-ftljoypfezvlxcgouzbpmsmxzads/Index.noindex/DataStore @/Users/Veer/Library/Developer/Xcode/DerivedData/HearifyV1-ftljoypfezvlxcgouzbpmsmxzads/Build/Intermediates.noindex/leveldb.build/Debug-iphoneos/leveldb.build/Objects-normal/arm64/82b82416624d2658e5098eb0a28c15c5-common-args.resp -MMD -MT dependencies -MF /Users/Veer/Library/Developer/Xcode/DerivedData/HearifyV1-ftljoypfezvlxcgouzbpmsmxzads/Build/Intermediates.noindex/leveldb.build/Debug-iphoneos/leveldb.build/Objects-normal/arm64/version_set.d --serialize-diagnostics /Users/Veer/Library/Developer/Xcode/DerivedData/HearifyV1-ftljoypfezvlxcgouzbpmsmxzads/Build/Intermediates.noindex/leveldb.build/Debug-iphoneos/leveldb.build/Objects-normal/arm64/version_set.dia -c /Users/Veer/Library/Developer/Xcode/DerivedData/HearifyV1-ftljoypfezvlxcgouzbpmsmxzads/SourcePackages/checkouts/leveldb/db/version_set.cc -o /Users/Veer/Library/Developer/Xcode/DerivedData/HearifyV1-ftljoypfezvlxcgouzbpmsmxzads/Build/Intermediates.noindex/leveldb.build/Debug-iphoneos/leveldb.build/Objects-normal/arm64/version_set.o -index-unit-output-path /leveldb.build/Debug-iphoneos/leveldb.build/Objects-normal/arm64/version_set.o

CompileC /Users/Veer/Library/Developer/Xcode/DerivedData/HearifyV1-ftljoypfezvlxcgouzbpmsmxzads/Build/Intermediates.noindex/leveldb.build/Debug-iphoneos/leveldb.build/Objects-normal/arm64/version_edit.o /Users/Veer/Library/Developer/Xcode/DerivedData/HearifyV1-ftljoypfezvlxcgouzbpmsmxzads/SourcePackages/checkouts/leveldb/db/version_edit.cc normal arm64 c++ com.apple.compilers.llvm.clang.1_0.compiler (in target 'leveldb' from project 'leveldb')
    cd /Users/Veer/Library/Mobile\ Documents/com\~apple\~CloudDocs/HearifyV1/HearifyV1.xcodeproj
    
    Using response file: /Users/Veer/Library/Developer/Xcode/DerivedData/HearifyV1-ftljoypfezvlxcgouzbpmsmxzads/Build/Intermediates.noindex/leveldb.build/Debug-iphoneos/leveldb.build/Objects-normal/arm64/82b82416624d2658e5098eb0a28c15c5-common-args.resp
    
    /Applications/Xcode.app/Contents/Developer/Toolchains/XcodeDefault.xctoolchain/usr/bin/clang -x c++ -ivfsstatcache /Users/Veer/Library/Developer/Xcode/DerivedData/SDKStatCaches.noindex/iphoneos26.2-23C53-3794476bd08197c3e2abd9bb477ef7f7.sdkstatcache -fmessage-length\=0 -fdiagnostics-show-note-include-stack -fmacro-backtrace-limit\=0 -fno-color-diagnostics -fmodules-prune-interval\=86400 -fmodules-prune-after\=345600 -fbuild-session-file\=/Users/Veer/Library/Developer/Xcode/DerivedData/ModuleCache.noindex/Session.modulevalidation -fmodules-validate-once-per-build-session -Wnon-modular-include-in-framework-module -Werror\=non-modular-include-in-framework-module -Wno-trigraphs -Wno-missing-field-initializers -Wno-missing-prototypes -Wno-return-type -Wno-non-virtual-dtor -Wno-overloaded-virtual -Wno-exit-time-destructors -Wno-missing-braces -Wparentheses -Wswitch -Wno-unused-function -Wno-unused-label -Wno-unused-parameter -Wno-unused-variable -Wunused-value -Wno-empty-body -Wno-uninitialized -Wno-unknown-pragmas -w -Wno-shadow -Wno-four-char-constants -Wno-conversion -Wno-constant-conversion -Wno-int-conversion -Wno-bool-conversion -Wno-enum-conversion -Wno-float-conversion -Wno-non-literal-null-conversion -Wno-objc-literal-conversion -Wshorten-64-to-32 -Wno-newline-eof -Wno-c++11-extensions -Wno-implicit-fallthrough -fstrict-aliasing -Wdeprecated-declarations -Winvalid-offsetof -Wno-sign-conversion -Wno-infinite-recursion -Wno-move -Wno-comma -Wno-block-capture-autoreleasing -Wno-strict-prototypes -Wno-range-loop-analysis -Wno-semicolon-before-method-body -index-store-path /Users/Veer/Library/Developer/Xcode/DerivedData/HearifyV1-ftljoypfezvlxcgouzbpmsmxzads/Index.noindex/DataStore @/Users/Veer/Library/Developer/Xcode/DerivedData/HearifyV1-ftljoypfezvlxcgouzbpmsmxzads/Build/Intermediates.noindex/leveldb.build/Debug-iphoneos/leveldb.build/Objects-normal/arm64/82b82416624d2658e5098eb0a28c15c5-common-args.resp -MMD -MT dependencies -MF /Users/Veer/Library/Developer/Xcode/DerivedData/HearifyV1-ftljoypfezvlxcgouzbpmsmxzads/Build/Intermediates.noindex/leveldb.build/Debug-iphoneos/leveldb.build/Objects-normal/arm64/version_edit.d --serialize-diagnostics /Users/Veer/Library/Developer/Xcode/DerivedData/HearifyV1-ftljoypfezvlxcgouzbpmsmxzads/Build/Intermediates.noindex/leveldb.build/Debug-iphoneos/leveldb.build/Objects-normal/arm64/version_edit.dia -c /Users/Veer/Library/Developer/Xcode/DerivedData/HearifyV1-ftljoypfezvlxcgouzbpmsmxzads/SourcePackages/checkouts/leveldb/db/version_edit.cc -o /Users/Veer/Library/Developer/Xcode/DerivedData/HearifyV1-ftljoypfezvlxcgouzbpmsmxzads/Build/Intermediates.noindex/leveldb.build/Debug-iphoneos/leveldb.build/Objects-normal/arm64/version_edit.o -index-unit-output-path /leveldb.build/Debug-iphoneos/leveldb.build/Objects-normal/arm64/version_edit.o

SwiftDriver FirebaseSharedSwift normal arm64 com.apple.xcode.tools.swift.compiler (in target 'FirebaseSharedSwift' from project 'Firebase')
    cd /Users/Veer/Library/Mobile\ Documents/com\~apple\~CloudDocs/HearifyV1/HearifyV1.xcodeproj
    builtin-SwiftDriver -- /Applications/Xcode.app/Contents/Developer/Toolchains/XcodeDefault.xctoolchain/usr/bin/swiftc -module-name FirebaseSharedSwift -Onone -enforce-exclusivity\=checked @/Users/Veer/Library/Developer/Xcode/DerivedData/HearifyV1-ftljoypfezvlxcgouzbpmsmxzads/Build/Intermediates.noindex/Firebase.build/Debug-iphoneos/FirebaseSharedSwift.build/Objects-normal/arm64/FirebaseSharedSwift.SwiftFileList -DSWIFT_PACKAGE -DDEBUG -DSWIFT_MODULE_RESOURCE_BUNDLE_UNAVAILABLE -DXcode -plugin-path /Applications/Xcode.app/Contents/Developer/Toolchains/XcodeDefault.xctoolchain/usr/lib/swift/host/plugins/testing -enable-experimental-feature DebugDescriptionMacro -sdk /Applications/Xcode.app/Contents/Developer/Platforms/iPhoneOS.platform/Developer/SDKs/iPhoneOS26.2.sdk -target arm64-apple-ios15.0 -g -module-cache-path /Users/Veer/Library/Developer/Xcode/DerivedData/ModuleCache.noindex -Xfrontend -serialize-debugging-options -profile-coverage-mapping -profile-generate -enable-testing -suppress-warnings -index-store-path /Users/Veer/Library/Developer/Xcode/DerivedData/HearifyV1-ftljoypfezvlxcgouzbpmsmxzads/Index.noindex/DataStore -Xcc -D_LIBCPP_HARDENING_MODE\=_LIBCPP_HARDENING_MODE_DEBUG -swift-version 5 -I /Users/Veer/Library/Developer/Xcode/DerivedData/HearifyV1-ftljoypfezvlxcgouzbpmsmxzads/Build/Products/Debug-iphoneos -Isystem /Applications/Xcode.app/Contents/Developer/Platforms/iPhoneOS.platform/Developer/usr/lib -F /Users/Veer/Library/Developer/Xcode/DerivedData/HearifyV1-ftljoypfezvlxcgouzbpmsmxzads/Build/Products/Debug-iphoneos -F /Applications/Xcode.app/Contents/Developer/Platforms/iPhoneOS.platform/Developer/Library/Frameworks -F /Applications/Xcode.app/Contents/Developer/Platforms/iPhoneOS.platform/Developer/SDKs/iPhoneOS26.2.sdk/Developer/Library/Frameworks -c -j10 -enable-batch-mode -incremental -Xcc -ivfsstatcache -Xcc /Users/Veer/Library/Developer/Xcode/DerivedData/SDKStatCaches.noindex/iphoneos26.2-23C53-3794476bd08197c3e2abd9bb477ef7f7.sdkstatcache -output-file-map /Users/Veer/Library/Developer/Xcode/DerivedData/HearifyV1-ftljoypfezvlxcgouzbpmsmxzads/Build/Intermediates.noindex/Firebase.build/Debug-iphoneos/FirebaseSharedSwift.build/Objects-normal/arm64/FirebaseSharedSwift-OutputFileMap.json -use-frontend-parseable-output -save-temps -no-color-diagnostics -explicit-module-build -module-cache-path /Users/Veer/Library/Developer/Xcode/DerivedData/HearifyV1-ftljoypfezvlxcgouzbpmsmxzads/Build/Intermediates.noindex/SwiftExplicitPrecompiledModules -clang-scanner-module-cache-path /Users/Veer/Library/Developer/Xcode/DerivedData/ModuleCache.noindex -sdk-module-cache-path /Users/Veer/Library/Developer/Xcode/DerivedData/ModuleCache.noindex -serialize-diagnostics -emit-dependencies -emit-module -emit-module-path /Users/Veer/Library/Developer/Xcode/DerivedData/HearifyV1-ftljoypfezvlxcgouzbpmsmxzads/Build/Intermediates.noindex/Firebase.build/Debug-iphoneos/FirebaseSharedSwift.build/Objects-normal/arm64/FirebaseSharedSwift.swiftmodule -user-module-version 12.8.0 -validate-clang-modules-once -clang-build-session-file /Users/Veer/Library/Developer/Xcode/DerivedData/ModuleCache.noindex/Session.modulevalidation -package-name firebase_ios_sdk -Xcc -I/Users/Veer/Library/Developer/Xcode/DerivedData/HearifyV1-ftljoypfezvlxcgouzbpmsmxzads/Build/Intermediates.noindex/Firebase.build/Debug-iphoneos/FirebaseSharedSwift.build/swift-overrides.hmap -emit-const-values -Xfrontend -const-gather-protocols-file -Xfrontend /Users/Veer/Library/Developer/Xcode/DerivedData/HearifyV1-ftljoypfezvlxcgouzbpmsmxzads/Build/Intermediates.noindex/Firebase.build/Debug-iphoneos/FirebaseSharedSwift.build/Objects-normal/arm64/FirebaseSharedSwift_const_extract_protocols.json -Xcc -I/Users/Veer/Library/Developer/Xcode/DerivedData/HearifyV1-ftljoypfezvlxcgouzbpmsmxzads/Build/Products/Debug-iphoneos/include -Xcc -I/Users/Veer/Library/Developer/Xcode/DerivedData/HearifyV1-ftljoypfezvlxcgouzbpmsmxzads/Build/Intermediates.noindex/Firebase.build/Debug-iphoneos/FirebaseSharedSwift.build/DerivedSources-normal/arm64 -Xcc -I/Users/Veer/Library/Developer/Xcode/DerivedData/HearifyV1-ftljoypfezvlxcgouzbpmsmxzads/Build/Intermediates.noindex/Firebase.build/Debug-iphoneos/FirebaseSharedSwift.build/DerivedSources/arm64 -Xcc -I/Users/Veer/Library/Developer/Xcode/DerivedData/HearifyV1-ftljoypfezvlxcgouzbpmsmxzads/Build/Intermediates.noindex/Firebase.build/Debug-iphoneos/FirebaseSharedSwift.build/DerivedSources -Xcc -DSWIFT_PACKAGE -Xcc -DDEBUG\=1 -emit-objc-header -emit-objc-header-path /Users/Veer/Library/Developer/Xcode/DerivedData/HearifyV1-ftljoypfezvlxcgouzbpmsmxzads/Build/Intermediates.noindex/Firebase.build/Debug-iphoneos/FirebaseSharedSwift.build/Objects-normal/arm64/FirebaseSharedSwift-Swift.h -working-directory /Users/Veer/Library/Mobile\ Documents/com\~apple\~CloudDocs/HearifyV1/HearifyV1.xcodeproj -experimental-emit-module-separately -disable-cmo

CompileC /Users/Veer/Library/Developer/Xcode/DerivedData/HearifyV1-ftljoypfezvlxcgouzbpmsmxzads/Build/Intermediates.noindex/leveldb.build/Debug-iphoneos/leveldb.build/Objects-normal/arm64/two_level_iterator.o /Users/Veer/Library/Developer/Xcode/DerivedData/HearifyV1-ftljoypfezvlxcgouzbpmsmxzads/SourcePackages/checkouts/leveldb/table/two_level_iterator.cc normal arm64 c++ com.apple.compilers.llvm.clang.1_0.compiler (in target 'leveldb' from project 'leveldb')
    cd /Users/Veer/Library/Mobile\ Documents/com\~apple\~CloudDocs/HearifyV1/HearifyV1.xcodeproj
    
    Using response file: /Users/Veer/Library/Developer/Xcode/DerivedData/HearifyV1-ftljoypfezvlxcgouzbpmsmxzads/Build/Intermediates.noindex/leveldb.build/Debug-iphoneos/leveldb.build/Objects-normal/arm64/82b82416624d2658e5098eb0a28c15c5-common-args.resp
    
    /Applications/Xcode.app/Contents/Developer/Toolchains/XcodeDefault.xctoolchain/usr/bin/clang -x c++ -ivfsstatcache /Users/Veer/Library/Developer/Xcode/DerivedData/SDKStatCaches.noindex/iphoneos26.2-23C53-3794476bd08197c3e2abd9bb477ef7f7.sdkstatcache -fmessage-length\=0 -fdiagnostics-show-note-include-stack -fmacro-backtrace-limit\=0 -fno-color-diagnostics -fmodules-prune-interval\=86400 -fmodules-prune-after\=345600 -fbuild-session-file\=/Users/Veer/Library/Developer/Xcode/DerivedData/ModuleCache.noindex/Session.modulevalidation -fmodules-validate-once-per-build-session -Wnon-modular-include-in-framework-module -Werror\=non-modular-include-in-framework-module -Wno-trigraphs -Wno-missing-field-initializers -Wno-missing-prototypes -Wno-return-type -Wno-non-virtual-dtor -Wno-overloaded-virtual -Wno-exit-time-destructors -Wno-missing-braces -Wparentheses -Wswitch -Wno-unused-function -Wno-unused-label -Wno-unused-parameter -Wno-unused-variable -Wunused-value -Wno-empty-body -Wno-uninitialized -Wno-unknown-pragmas -w -Wno-shadow -Wno-four-char-constants -Wno-conversion -Wno-constant-conversion -Wno-int-conversion -Wno-bool-conversion -Wno-enum-conversion -Wno-float-conversion -Wno-non-literal-null-conversion -Wno-objc-literal-conversion -Wshorten-64-to-32 -Wno-newline-eof -Wno-c++11-extensions -Wno-implicit-fallthrough -fstrict-aliasing -Wdeprecated-declarations -Winvalid-offsetof -Wno-sign-conversion -Wno-infinite-recursion -Wno-move -Wno-comma -Wno-block-capture-autoreleasing -Wno-strict-prototypes -Wno-range-loop-analysis -Wno-semicolon-before-method-body -index-store-path /Users/Veer/Library/Developer/Xcode/DerivedData/HearifyV1-ftljoypfezvlxcgouzbpmsmxzads/Index.noindex/DataStore @/Users/Veer/Library/Developer/Xcode/DerivedData/HearifyV1-ftljoypfezvlxcgouzbpmsmxzads/Build/Intermediates.noindex/leveldb.build/Debug-iphoneos/leveldb.build/Objects-normal/arm64/82b82416624d2658e5098eb0a28c15c5-common-args.resp -MMD -MT dependencies -MF /Users/Veer/Library/Developer/Xcode/DerivedData/HearifyV1-ftljoypfezvlxcgouzbpmsmxzads/Build/Intermediates.noindex/leveldb.build/Debug-iphoneos/leveldb.build/Objects-normal/arm64/two_level_iterator.d --serialize-diagnostics /Users/Veer/Library/Developer/Xcode/DerivedData/HearifyV1-ftljoypfezvlxcgouzbpmsmxzads/Build/Intermediates.noindex/leveldb.build/Debug-iphoneos/leveldb.build/Objects-normal/arm64/two_level_iterator.dia -c /Users/Veer/Library/Developer/Xcode/DerivedData/HearifyV1-ftljoypfezvlxcgouzbpmsmxzads/SourcePackages/checkouts/leveldb/table/two_level_iterator.cc -o /Users/Veer/Library/Developer/Xcode/DerivedData/HearifyV1-ftljoypfezvlxcgouzbpmsmxzads/Build/Intermediates.noindex/leveldb.build/Debug-iphoneos/leveldb.build/Objects-normal/arm64/two_level_iterator.o -index-unit-output-path /leveldb.build/Debug-iphoneos/leveldb.build/Objects-normal/arm64/two_level_iterator.o

CompileC /Users/Veer/Library/Developer/Xcode/DerivedData/HearifyV1-ftljoypfezvlxcgouzbpmsmxzads/Build/Intermediates.noindex/leveldb.build/Debug-iphoneos/leveldb.build/Objects-normal/arm64/table_cache.o /Users/Veer/Library/Developer/Xcode/DerivedData/HearifyV1-ftljoypfezvlxcgouzbpmsmxzads/SourcePackages/checkouts/leveldb/db/table_cache.cc normal arm64 c++ com.apple.compilers.llvm.clang.1_0.compiler (in target 'leveldb' from project 'leveldb')
    cd /Users/Veer/Library/Mobile\ Documents/com\~apple\~CloudDocs/HearifyV1/HearifyV1.xcodeproj
    
    Using response file: /Users/Veer/Library/Developer/Xcode/DerivedData/HearifyV1-ftljoypfezvlxcgouzbpmsmxzads/Build/Intermediates.noindex/leveldb.build/Debug-iphoneos/leveldb.build/Objects-normal/arm64/82b82416624d2658e5098eb0a28c15c5-common-args.resp
    
    /Applications/Xcode.app/Contents/Developer/Toolchains/XcodeDefault.xctoolchain/usr/bin/clang -x c++ -ivfsstatcache /Users/Veer/Library/Developer/Xcode/DerivedData/SDKStatCaches.noindex/iphoneos26.2-23C53-3794476bd08197c3e2abd9bb477ef7f7.sdkstatcache -fmessage-length\=0 -fdiagnostics-show-note-include-stack -fmacro-backtrace-limit\=0 -fno-color-diagnostics -fmodules-prune-interval\=86400 -fmodules-prune-after\=345600 -fbuild-session-file\=/Users/Veer/Library/Developer/Xcode/DerivedData/ModuleCache.noindex/Session.modulevalidation -fmodules-validate-once-per-build-session -Wnon-modular-include-in-framework-module -Werror\=non-modular-include-in-framework-module -Wno-trigraphs -Wno-missing-field-initializers -Wno-missing-prototypes -Wno-return-type -Wno-non-virtual-dtor -Wno-overloaded-virtual -Wno-exit-time-destructors -Wno-missing-braces -Wparentheses -Wswitch -Wno-unused-function -Wno-unused-label -Wno-unused-parameter -Wno-unused-variable -Wunused-value -Wno-empty-body -Wno-uninitialized -Wno-unknown-pragmas -w -Wno-shadow -Wno-four-char-constants -Wno-conversion -Wno-constant-conversion -Wno-int-conversion -Wno-bool-conversion -Wno-enum-conversion -Wno-float-conversion -Wno-non-literal-null-conversion -Wno-objc-literal-conversion -Wshorten-64-to-32 -Wno-newline-eof -Wno-c++11-extensions -Wno-implicit-fallthrough -fstrict-aliasing -Wdeprecated-declarations -Winvalid-offsetof -Wno-sign-conversion -Wno-infinite-recursion -Wno-move -Wno-comma -Wno-block-capture-autoreleasing -Wno-strict-prototypes -Wno-range-loop-analysis -Wno-semicolon-before-method-body -index-store-path /Users/Veer/Library/Developer/Xcode/DerivedData/HearifyV1-ftljoypfezvlxcgouzbpmsmxzads/Index.noindex/DataStore @/Users/Veer/Library/Developer/Xcode/DerivedData/HearifyV1-ftljoypfezvlxcgouzbpmsmxzads/Build/Intermediates.noindex/leveldb.build/Debug-iphoneos/leveldb.build/Objects-normal/arm64/82b82416624d2658e5098eb0a28c15c5-common-args.resp -MMD -MT dependencies -MF /Users/Veer/Library/Developer/Xcode/DerivedData/HearifyV1-ftljoypfezvlxcgouzbpmsmxzads/Build/Intermediates.noindex/leveldb.build/Debug-iphoneos/leveldb.build/Objects-normal/arm64/table_cache.d --serialize-diagnostics /Users/Veer/Library/Developer/Xcode/DerivedData/HearifyV1-ftljoypfezvlxcgouzbpmsmxzads/Build/Intermediates.noindex/leveldb.build/Debug-iphoneos/leveldb.build/Objects-normal/arm64/table_cache.dia -c /Users/Veer/Library/Developer/Xcode/DerivedData/HearifyV1-ftljoypfezvlxcgouzbpmsmxzads/SourcePackages/checkouts/leveldb/db/table_cache.cc -o /Users/Veer/Library/Developer/Xcode/DerivedData/HearifyV1-ftljoypfezvlxcgouzbpmsmxzads/Build/Intermediates.noindex/leveldb.build/Debug-iphoneos/leveldb.build/Objects-normal/arm64/table_cache.o -index-unit-output-path /leveldb.build/Debug-iphoneos/leveldb.build/Objects-normal/arm64/table_cache.o

CompileC /Users/Veer/Library/Developer/Xcode/DerivedData/HearifyV1-ftljoypfezvlxcgouzbpmsmxzads/Build/Intermediates.noindex/leveldb.build/Debug-iphoneos/leveldb.build/Objects-normal/arm64/table_builder.o /Users/Veer/Library/Developer/Xcode/DerivedData/HearifyV1-ftljoypfezvlxcgouzbpmsmxzads/SourcePackages/checkouts/leveldb/table/table_builder.cc normal arm64 c++ com.apple.compilers.llvm.clang.1_0.compiler (in target 'leveldb' from project 'leveldb')
    cd /Users/Veer/Library/Mobile\ Documents/com\~apple\~CloudDocs/HearifyV1/HearifyV1.xcodeproj
    
    Using response file: /Users/Veer/Library/Developer/Xcode/DerivedData/HearifyV1-ftljoypfezvlxcgouzbpmsmxzads/Build/Intermediates.noindex/leveldb.build/Debug-iphoneos/leveldb.build/Objects-normal/arm64/82b82416624d2658e5098eb0a28c15c5-common-args.resp
    
    /Applications/Xcode.app/Contents/Developer/Toolchains/XcodeDefault.xctoolchain/usr/bin/clang -x c++ -ivfsstatcache /Users/Veer/Library/Developer/Xcode/DerivedData/SDKStatCaches.noindex/iphoneos26.2-23C53-3794476bd08197c3e2abd9bb477ef7f7.sdkstatcache -fmessage-length\=0 -fdiagnostics-show-note-include-stack -fmacro-backtrace-limit\=0 -fno-color-diagnostics -fmodules-prune-interval\=86400 -fmodules-prune-after\=345600 -fbuild-session-file\=/Users/Veer/Library/Developer/Xcode/DerivedData/ModuleCache.noindex/Session.modulevalidation -fmodules-validate-once-per-build-session -Wnon-modular-include-in-framework-module -Werror\=non-modular-include-in-framework-module -Wno-trigraphs -Wno-missing-field-initializers -Wno-missing-prototypes -Wno-return-type -Wno-non-virtual-dtor -Wno-overloaded-virtual -Wno-exit-time-destructors -Wno-missing-braces -Wparentheses -Wswitch -Wno-unused-function -Wno-unused-label -Wno-unused-parameter -Wno-unused-variable -Wunused-value -Wno-empty-body -Wno-uninitialized -Wno-unknown-pragmas -w -Wno-shadow -Wno-four-char-constants -Wno-conversion -Wno-constant-conversion -Wno-int-conversion -Wno-bool-conversion -Wno-enum-conversion -Wno-float-conversion -Wno-non-literal-null-conversion -Wno-objc-literal-conversion -Wshorten-64-to-32 -Wno-newline-eof -Wno-c++11-extensions -Wno-implicit-fallthrough -fstrict-aliasing -Wdeprecated-declarations -Winvalid-offsetof -Wno-sign-conversion -Wno-infinite-recursion -Wno-move -Wno-comma -Wno-block-capture-autoreleasing -Wno-strict-prototypes -Wno-range-loop-analysis -Wno-semicolon-before-method-body -index-store-path /Users/Veer/Library/Developer/Xcode/DerivedData/HearifyV1-ftljoypfezvlxcgouzbpmsmxzads/Index.noindex/DataStore @/Users/Veer/Library/Developer/Xcode/DerivedData/HearifyV1-ftljoypfezvlxcgouzbpmsmxzads/Build/Intermediates.noindex/leveldb.build/Debug-iphoneos/leveldb.build/Objects-normal/arm64/82b82416624d2658e5098eb0a28c15c5-common-args.resp -MMD -MT dependencies -MF /Users/Veer/Library/Developer/Xcode/DerivedData/HearifyV1-ftljoypfezvlxcgouzbpmsmxzads/Build/Intermediates.noindex/leveldb.build/Debug-iphoneos/leveldb.build/Objects-normal/arm64/table_builder.d --serialize-diagnostics /Users/Veer/Library/Developer/Xcode/DerivedData/HearifyV1-ftljoypfezvlxcgouzbpmsmxzads/Build/Intermediates.noindex/leveldb.build/Debug-iphoneos/leveldb.build/Objects-normal/arm64/table_builder.dia -c /Users/Veer/Library/Developer/Xcode/DerivedData/HearifyV1-ftljoypfezvlxcgouzbpmsmxzads/SourcePackages/checkouts/leveldb/table/table_builder.cc -o /Users/Veer/Library/Developer/Xcode/DerivedData/HearifyV1-ftljoypfezvlxcgouzbpmsmxzads/Build/Intermediates.noindex/leveldb.build/Debug-iphoneos/leveldb.build/Objects-normal/arm64/table_builder.o -index-unit-output-path /leveldb.build/Debug-iphoneos/leveldb.build/Objects-normal/arm64/table_builder.o

CompileC /Users/Veer/Library/Developer/Xcode/DerivedData/HearifyV1-ftljoypfezvlxcgouzbpmsmxzads/Build/Intermediates.noindex/leveldb.build/Debug-iphoneos/leveldb.build/Objects-normal/arm64/table.o /Users/Veer/Library/Developer/Xcode/DerivedData/HearifyV1-ftljoypfezvlxcgouzbpmsmxzads/SourcePackages/checkouts/leveldb/table/table.cc normal arm64 c++ com.apple.compilers.llvm.clang.1_0.compiler (in target 'leveldb' from project 'leveldb')
    cd /Users/Veer/Library/Mobile\ Documents/com\~apple\~CloudDocs/HearifyV1/HearifyV1.xcodeproj
    
    Using response file: /Users/Veer/Library/Developer/Xcode/DerivedData/HearifyV1-ftljoypfezvlxcgouzbpmsmxzads/Build/Intermediates.noindex/leveldb.build/Debug-iphoneos/leveldb.build/Objects-normal/arm64/82b82416624d2658e5098eb0a28c15c5-common-args.resp
    
    /Applications/Xcode.app/Contents/Developer/Toolchains/XcodeDefault.xctoolchain/usr/bin/clang -x c++ -ivfsstatcache /Users/Veer/Library/Developer/Xcode/DerivedData/SDKStatCaches.noindex/iphoneos26.2-23C53-3794476bd08197c3e2abd9bb477ef7f7.sdkstatcache -fmessage-length\=0 -fdiagnostics-show-note-include-stack -fmacro-backtrace-limit\=0 -fno-color-diagnostics -fmodules-prune-interval\=86400 -fmodules-prune-after\=345600 -fbuild-session-file\=/Users/Veer/Library/Developer/Xcode/DerivedData/ModuleCache.noindex/Session.modulevalidation -fmodules-validate-once-per-build-session -Wnon-modular-include-in-framework-module -Werror\=non-modular-include-in-framework-module -Wno-trigraphs -Wno-missing-field-initializers -Wno-missing-prototypes -Wno-return-type -Wno-non-virtual-dtor -Wno-overloaded-virtual -Wno-exit-time-destructors -Wno-missing-braces -Wparentheses -Wswitch -Wno-unused-function -Wno-unused-label -Wno-unused-parameter -Wno-unused-variable -Wunused-value -Wno-empty-body -Wno-uninitialized -Wno-unknown-pragmas -w -Wno-shadow -Wno-four-char-constants -Wno-conversion -Wno-constant-conversion -Wno-int-conversion -Wno-bool-conversion -Wno-enum-conversion -Wno-float-conversion -Wno-non-literal-null-conversion -Wno-objc-literal-conversion -Wshorten-64-to-32 -Wno-newline-eof -Wno-c++11-extensions -Wno-implicit-fallthrough -fstrict-aliasing -Wdeprecated-declarations -Winvalid-offsetof -Wno-sign-conversion -Wno-infinite-recursion -Wno-move -Wno-comma -Wno-block-capture-autoreleasing -Wno-strict-prototypes -Wno-range-loop-analysis -Wno-semicolon-before-method-body -index-store-path /Users/Veer/Library/Developer/Xcode/DerivedData/HearifyV1-ftljoypfezvlxcgouzbpmsmxzads/Index.noindex/DataStore @/Users/Veer/Library/Developer/Xcode/DerivedData/HearifyV1-ftljoypfezvlxcgouzbpmsmxzads/Build/Intermediates.noindex/leveldb.build/Debug-iphoneos/leveldb.build/Objects-normal/arm64/82b82416624d2658e5098eb0a28c15c5-common-args.resp -MMD -MT dependencies -MF /Users/Veer/Library/Developer/Xcode/DerivedData/HearifyV1-ftljoypfezvlxcgouzbpmsmxzads/Build/Intermediates.noindex/leveldb.build/Debug-iphoneos/leveldb.build/Objects-normal/arm64/table.d --serialize-diagnostics /Users/Veer/Library/Developer/Xcode/DerivedData/HearifyV1-ftljoypfezvlxcgouzbpmsmxzads/Build/Intermediates.noindex/leveldb.build/Debug-iphoneos/leveldb.build/Objects-normal/arm64/table.dia -c /Users/Veer/Library/Developer/Xcode/DerivedData/HearifyV1-ftljoypfezvlxcgouzbpmsmxzads/SourcePackages/checkouts/leveldb/table/table.cc -o /Users/Veer/Library/Developer/Xcode/DerivedData/HearifyV1-ftljoypfezvlxcgouzbpmsmxzads/Build/Intermediates.noindex/leveldb.build/Debug-iphoneos/leveldb.build/Objects-normal/arm64/table.o -index-unit-output-path /leveldb.build/Debug-iphoneos/leveldb.build/Objects-normal/arm64/table.o

CompileC /Users/Veer/Library/Developer/Xcode/DerivedData/HearifyV1-ftljoypfezvlxcgouzbpmsmxzads/Build/Intermediates.noindex/leveldb.build/Debug-iphoneos/leveldb.build/Objects-normal/arm64/status.o /Users/Veer/Library/Developer/Xcode/DerivedData/HearifyV1-ftljoypfezvlxcgouzbpmsmxzads/SourcePackages/checkouts/leveldb/util/status.cc normal arm64 c++ com.apple.compilers.llvm.clang.1_0.compiler (in target 'leveldb' from project 'leveldb')
    cd /Users/Veer/Library/Mobile\ Documents/com\~apple\~CloudDocs/HearifyV1/HearifyV1.xcodeproj
    
    Using response file: /Users/Veer/Library/Developer/Xcode/DerivedData/HearifyV1-ftljoypfezvlxcgouzbpmsmxzads/Build/Intermediates.noindex/leveldb.build/Debug-iphoneos/leveldb.build/Objects-normal/arm64/82b82416624d2658e5098eb0a28c15c5-common-args.resp
    
    /Applications/Xcode.app/Contents/Developer/Toolchains/XcodeDefault.xctoolchain/usr/bin/clang -x c++ -ivfsstatcache /Users/Veer/Library/Developer/Xcode/DerivedData/SDKStatCaches.noindex/iphoneos26.2-23C53-3794476bd08197c3e2abd9bb477ef7f7.sdkstatcache -fmessage-length\=0 -fdiagnostics-show-note-include-stack -fmacro-backtrace-limit\=0 -fno-color-diagnostics -fmodules-prune-interval\=86400 -fmodules-prune-after\=345600 -fbuild-session-file\=/Users/Veer/Library/Developer/Xcode/DerivedData/ModuleCache.noindex/Session.modulevalidation -fmodules-validate-once-per-build-session -Wnon-modular-include-in-framework-module -Werror\=non-modular-include-in-framework-module -Wno-trigraphs -Wno-missing-field-initializers -Wno-missing-prototypes -Wno-return-type -Wno-non-virtual-dtor -Wno-overloaded-virtual -Wno-exit-time-destructors -Wno-missing-braces -Wparentheses -Wswitch -Wno-unused-function -Wno-unused-label -Wno-unused-parameter -Wno-unused-variable -Wunused-value -Wno-empty-body -Wno-uninitialized -Wno-unknown-pragmas -w -Wno-shadow -Wno-four-char-constants -Wno-conversion -Wno-constant-conversion -Wno-int-conversion -Wno-bool-conversion -Wno-enum-conversion -Wno-float-conversion -Wno-non-literal-null-conversion -Wno-objc-literal-conversion -Wshorten-64-to-32 -Wno-newline-eof -Wno-c++11-extensions -Wno-implicit-fallthrough -fstrict-aliasing -Wdeprecated-declarations -Winvalid-offsetof -Wno-sign-conversion -Wno-infinite-recursion -Wno-move -Wno-comma -Wno-block-capture-autoreleasing -Wno-strict-prototypes -Wno-range-loop-analysis -Wno-semicolon-before-method-body -index-store-path /Users/Veer/Library/Developer/Xcode/DerivedData/HearifyV1-ftljoypfezvlxcgouzbpmsmxzads/Index.noindex/DataStore @/Users/Veer/Library/Developer/Xcode/DerivedData/HearifyV1-ftljoypfezvlxcgouzbpmsmxzads/Build/Intermediates.noindex/leveldb.build/Debug-iphoneos/leveldb.build/Objects-normal/arm64/82b82416624d2658e5098eb0a28c15c5-common-args.resp -MMD -MT dependencies -MF /Users/Veer/Library/Developer/Xcode/DerivedData/HearifyV1-ftljoypfezvlxcgouzbpmsmxzads/Build/Intermediates.noindex/leveldb.build/Debug-iphoneos/leveldb.build/Objects-normal/arm64/status.d --serialize-diagnostics /Users/Veer/Library/Developer/Xcode/DerivedData/HearifyV1-ftljoypfezvlxcgouzbpmsmxzads/Build/Intermediates.noindex/leveldb.build/Debug-iphoneos/leveldb.build/Objects-normal/arm64/status.dia -c /Users/Veer/Library/Developer/Xcode/DerivedData/HearifyV1-ftljoypfezvlxcgouzbpmsmxzads/SourcePackages/checkouts/leveldb/util/status.cc -o /Users/Veer/Library/Developer/Xcode/DerivedData/HearifyV1-ftljoypfezvlxcgouzbpmsmxzads/Build/Intermediates.noindex/leveldb.build/Debug-iphoneos/leveldb.build/Objects-normal/arm64/status.o -index-unit-output-path /leveldb.build/Debug-iphoneos/leveldb.build/Objects-normal/arm64/status.o

CompileC /Users/Veer/Library/Developer/Xcode/DerivedData/HearifyV1-ftljoypfezvlxcgouzbpmsmxzads/Build/Intermediates.noindex/leveldb.build/Debug-iphoneos/leveldb.build/Objects-normal/arm64/repair.o /Users/Veer/Library/Developer/Xcode/DerivedData/HearifyV1-ftljoypfezvlxcgouzbpmsmxzads/SourcePackages/checkouts/leveldb/db/repair.cc normal arm64 c++ com.apple.compilers.llvm.clang.1_0.compiler (in target 'leveldb' from project 'leveldb')
    cd /Users/Veer/Library/Mobile\ Documents/com\~apple\~CloudDocs/HearifyV1/HearifyV1.xcodeproj
    
    Using response file: /Users/Veer/Library/Developer/Xcode/DerivedData/HearifyV1-ftljoypfezvlxcgouzbpmsmxzads/Build/Intermediates.noindex/leveldb.build/Debug-iphoneos/leveldb.build/Objects-normal/arm64/82b82416624d2658e5098eb0a28c15c5-common-args.resp
    
    /Applications/Xcode.app/Contents/Developer/Toolchains/XcodeDefault.xctoolchain/usr/bin/clang -x c++ -ivfsstatcache /Users/Veer/Library/Developer/Xcode/DerivedData/SDKStatCaches.noindex/iphoneos26.2-23C53-3794476bd08197c3e2abd9bb477ef7f7.sdkstatcache -fmessage-length\=0 -fdiagnostics-show-note-include-stack -fmacro-backtrace-limit\=0 -fno-color-diagnostics -fmodules-prune-interval\=86400 -fmodules-prune-after\=345600 -fbuild-session-file\=/Users/Veer/Library/Developer/Xcode/DerivedData/ModuleCache.noindex/Session.modulevalidation -fmodules-validate-once-per-build-session -Wnon-modular-include-in-framework-module -Werror\=non-modular-include-in-framework-module -Wno-trigraphs -Wno-missing-field-initializers -Wno-missing-prototypes -Wno-return-type -Wno-non-virtual-dtor -Wno-overloaded-virtual -Wno-exit-time-destructors -Wno-missing-braces -Wparentheses -Wswitch -Wno-unused-function -Wno-unused-label -Wno-unused-parameter -Wno-unused-variable -Wunused-value -Wno-empty-body -Wno-uninitialized -Wno-unknown-pragmas -w -Wno-shadow -Wno-four-char-constants -Wno-conversion -Wno-constant-conversion -Wno-int-conversion -Wno-bool-conversion -Wno-enum-conversion -Wno-float-conversion -Wno-non-literal-null-conversion -Wno-objc-literal-conversion -Wshorten-64-to-32 -Wno-newline-eof -Wno-c++11-extensions -Wno-implicit-fallthrough -fstrict-aliasing -Wdeprecated-declarations -Winvalid-offsetof -Wno-sign-conversion -Wno-infinite-recursion -Wno-move -Wno-comma -Wno-block-capture-autoreleasing -Wno-strict-prototypes -Wno-range-loop-analysis -Wno-semicolon-before-method-body -index-store-path /Users/Veer/Library/Developer/Xcode/DerivedData/HearifyV1-ftljoypfezvlxcgouzbpmsmxzads/Index.noindex/DataStore @/Users/Veer/Library/Developer/Xcode/DerivedData/HearifyV1-ftljoypfezvlxcgouzbpmsmxzads/Build/Intermediates.noindex/leveldb.build/Debug-iphoneos/leveldb.build/Objects-normal/arm64/82b82416624d2658e5098eb0a28c15c5-common-args.resp -MMD -MT dependencies -MF /Users/Veer/Library/Developer/Xcode/DerivedData/HearifyV1-ftljoypfezvlxcgouzbpmsmxzads/Build/Intermediates.noindex/leveldb.build/Debug-iphoneos/leveldb.build/Objects-normal/arm64/repair.d --serialize-diagnostics /Users/Veer/Library/Developer/Xcode/DerivedData/HearifyV1-ftljoypfezvlxcgouzbpmsmxzads/Build/Intermediates.noindex/leveldb.build/Debug-iphoneos/leveldb.build/Objects-normal/arm64/repair.dia -c /Users/Veer/Library/Developer/Xcode/DerivedData/HearifyV1-ftljoypfezvlxcgouzbpmsmxzads/SourcePackages/checkouts/leveldb/db/repair.cc -o /Users/Veer/Library/Developer/Xcode/DerivedData/HearifyV1-ftljoypfezvlxcgouzbpmsmxzads/Build/Intermediates.noindex/leveldb.build/Debug-iphoneos/leveldb.build/Objects-normal/arm64/repair.o -index-unit-output-path /leveldb.build/Debug-iphoneos/leveldb.build/Objects-normal/arm64/repair.o

CompileC /Users/Veer/Library/Developer/Xcode/DerivedData/HearifyV1-ftljoypfezvlxcgouzbpmsmxzads/Build/Intermediates.noindex/leveldb.build/Debug-iphoneos/leveldb.build/Objects-normal/arm64/options.o /Users/Veer/Library/Developer/Xcode/DerivedData/HearifyV1-ftljoypfezvlxcgouzbpmsmxzads/SourcePackages/checkouts/leveldb/util/options.cc normal arm64 c++ com.apple.compilers.llvm.clang.1_0.compiler (in target 'leveldb' from project 'leveldb')
    cd /Users/Veer/Library/Mobile\ Documents/com\~apple\~CloudDocs/HearifyV1/HearifyV1.xcodeproj
    
    Using response file: /Users/Veer/Library/Developer/Xcode/DerivedData/HearifyV1-ftljoypfezvlxcgouzbpmsmxzads/Build/Intermediates.noindex/leveldb.build/Debug-iphoneos/leveldb.build/Objects-normal/arm64/82b82416624d2658e5098eb0a28c15c5-common-args.resp
    
    /Applications/Xcode.app/Contents/Developer/Toolchains/XcodeDefault.xctoolchain/usr/bin/clang -x c++ -ivfsstatcache /Users/Veer/Library/Developer/Xcode/DerivedData/SDKStatCaches.noindex/iphoneos26.2-23C53-3794476bd08197c3e2abd9bb477ef7f7.sdkstatcache -fmessage-length\=0 -fdiagnostics-show-note-include-stack -fmacro-backtrace-limit\=0 -fno-color-diagnostics -fmodules-prune-interval\=86400 -fmodules-prune-after\=345600 -fbuild-session-file\=/Users/Veer/Library/Developer/Xcode/DerivedData/ModuleCache.noindex/Session.modulevalidation -fmodules-validate-once-per-build-session -Wnon-modular-include-in-framework-module -Werror\=non-modular-include-in-framework-module -Wno-trigraphs -Wno-missing-field-initializers -Wno-missing-prototypes -Wno-return-type -Wno-non-virtual-dtor -Wno-overloaded-virtual -Wno-exit-time-destructors -Wno-missing-braces -Wparentheses -Wswitch -Wno-unused-function -Wno-unused-label -Wno-unused-parameter -Wno-unused-variable -Wunused-value -Wno-empty-body -Wno-uninitialized -Wno-unknown-pragmas -w -Wno-shadow -Wno-four-char-constants -Wno-conversion -Wno-constant-conversion -Wno-int-conversion -Wno-bool-conversion -Wno-enum-conversion -Wno-float-conversion -Wno-non-literal-null-conversion -Wno-objc-literal-conversion -Wshorten-64-to-32 -Wno-newline-eof -Wno-c++11-extensions -Wno-implicit-fallthrough -fstrict-aliasing -Wdeprecated-declarations -Winvalid-offsetof -Wno-sign-conversion -Wno-infinite-recursion -Wno-move -Wno-comma -Wno-block-capture-autoreleasing -Wno-strict-prototypes -Wno-range-loop-analysis -Wno-semicolon-before-method-body -index-store-path /Users/Veer/Library/Developer/Xcode/DerivedData/HearifyV1-ftljoypfezvlxcgouzbpmsmxzads/Index.noindex/DataStore @/Users/Veer/Library/Developer/Xcode/DerivedData/HearifyV1-ftljoypfezvlxcgouzbpmsmxzads/Build/Intermediates.noindex/leveldb.build/Debug-iphoneos/leveldb.build/Objects-normal/arm64/82b82416624d2658e5098eb0a28c15c5-common-args.resp -MMD -MT dependencies -MF /Users/Veer/Library/Developer/Xcode/DerivedData/HearifyV1-ftljoypfezvlxcgouzbpmsmxzads/Build/Intermediates.noindex/leveldb.build/Debug-iphoneos/leveldb.build/Objects-normal/arm64/options.d --serialize-diagnostics /Users/Veer/Library/Developer/Xcode/DerivedData/HearifyV1-ftljoypfezvlxcgouzbpmsmxzads/Build/Intermediates.noindex/leveldb.build/Debug-iphoneos/leveldb.build/Objects-normal/arm64/options.dia -c /Users/Veer/Library/Developer/Xcode/DerivedData/HearifyV1-ftljoypfezvlxcgouzbpmsmxzads/SourcePackages/checkouts/leveldb/util/options.cc -o /Users/Veer/Library/Developer/Xcode/DerivedData/HearifyV1-ftljoypfezvlxcgouzbpmsmxzads/Build/Intermediates.noindex/leveldb.build/Debug-iphoneos/leveldb.build/Objects-normal/arm64/options.o -index-unit-output-path /leveldb.build/Debug-iphoneos/leveldb.build/Objects-normal/arm64/options.o

SwiftExplicitDependencyGeneratePcm arm64 /Users/Veer/Library/Developer/Xcode/DerivedData/ModuleCache.noindex/_Builtin_float-CKO7FYMUNLENE7UCGVIS0RUXB.pcm

SwiftExplicitDependencyGeneratePcm arm64 /Users/Veer/Library/Developer/Xcode/DerivedData/ModuleCache.noindex/_Builtin_stdarg-A6PLZMKWB1G1L1RDN71ZRPOO.pcm

SwiftExplicitDependencyGeneratePcm arm64 /Users/Veer/Library/Developer/Xcode/DerivedData/ModuleCache.noindex/SwiftShims-A9T5Z68GOVSBMK5RE5CEMK654.pcm

SwiftExplicitDependencyGeneratePcm arm64 /Users/Veer/Library/Developer/Xcode/DerivedData/ModuleCache.noindex/_Builtin_stdbool-255582G9ZP42ERN7EKDX20GYC.pcm

SwiftExplicitDependencyGeneratePcm arm64 /Users/Veer/Library/Developer/Xcode/DerivedData/ModuleCache.noindex/ptrauth-9JCKST4LEGMSI6MAAGGAIXY4M.pcm

SwiftExplicitDependencyGeneratePcm arm64 /Users/Veer/Library/Developer/Xcode/DerivedData/ModuleCache.noindex/_AvailabilityInternal-6EGQKAB6CBBEJAX2LRP4DU2C0.pcm

SwiftExplicitDependencyGeneratePcm arm64 /Users/Veer/Library/Developer/Xcode/DerivedData/ModuleCache.noindex/ptrcheck-80E2UYV6IKZY5JCWOOVS7ZO3D.pcm

SwiftExplicitDependencyGeneratePcm arm64 /Users/Veer/Library/Developer/Xcode/DerivedData/ModuleCache.noindex/_SwiftConcurrencyShims-XVSN1HQ81NL3QXEU2VOIUB86.pcm

SwiftExplicitDependencyGeneratePcm arm64 /Users/Veer/Library/Developer/Xcode/DerivedData/ModuleCache.noindex/_Builtin_stddef-DS2N18W6O63C5KLE3TT9G47PK.pcm

CompileC /Users/Veer/Library/Developer/Xcode/DerivedData/HearifyV1-ftljoypfezvlxcgouzbpmsmxzads/Build/Intermediates.noindex/leveldb.build/Debug-iphoneos/leveldb.build/Objects-normal/arm64/merger.o /Users/Veer/Library/Developer/Xcode/DerivedData/HearifyV1-ftljoypfezvlxcgouzbpmsmxzads/SourcePackages/checkouts/leveldb/table/merger.cc normal arm64 c++ com.apple.compilers.llvm.clang.1_0.compiler (in target 'leveldb' from project 'leveldb')
    cd /Users/Veer/Library/Mobile\ Documents/com\~apple\~CloudDocs/HearifyV1/HearifyV1.xcodeproj
    
    Using response file: /Users/Veer/Library/Developer/Xcode/DerivedData/HearifyV1-ftljoypfezvlxcgouzbpmsmxzads/Build/Intermediates.noindex/leveldb.build/Debug-iphoneos/leveldb.build/Objects-normal/arm64/82b82416624d2658e5098eb0a28c15c5-common-args.resp
    
    /Applications/Xcode.app/Contents/Developer/Toolchains/XcodeDefault.xctoolchain/usr/bin/clang -x c++ -ivfsstatcache /Users/Veer/Library/Developer/Xcode/DerivedData/SDKStatCaches.noindex/iphoneos26.2-23C53-3794476bd08197c3e2abd9bb477ef7f7.sdkstatcache -fmessage-length\=0 -fdiagnostics-show-note-include-stack -fmacro-backtrace-limit\=0 -fno-color-diagnostics -fmodules-prune-interval\=86400 -fmodules-prune-after\=345600 -fbuild-session-file\=/Users/Veer/Library/Developer/Xcode/DerivedData/ModuleCache.noindex/Session.modulevalidation -fmodules-validate-once-per-build-session -Wnon-modular-include-in-framework-module -Werror\=non-modular-include-in-framework-module -Wno-trigraphs -Wno-missing-field-initializers -Wno-missing-prototypes -Wno-return-type -Wno-non-virtual-dtor -Wno-overloaded-virtual -Wno-exit-time-destructors -Wno-missing-braces -Wparentheses -Wswitch -Wno-unused-function -Wno-unused-label -Wno-unused-parameter -Wno-unused-variable -Wunused-value -Wno-empty-body -Wno-uninitialized -Wno-unknown-pragmas -w -Wno-shadow -Wno-four-char-constants -Wno-conversion -Wno-constant-conversion -Wno-int-conversion -Wno-bool-conversion -Wno-enum-conversion -Wno-float-conversion -Wno-non-literal-null-conversion -Wno-objc-literal-conversion -Wshorten-64-to-32 -Wno-newline-eof -Wno-c++11-extensions -Wno-implicit-fallthrough -fstrict-aliasing -Wdeprecated-declarations -Winvalid-offsetof -Wno-sign-conversion -Wno-infinite-recursion -Wno-move -Wno-comma -Wno-block-capture-autoreleasing -Wno-strict-prototypes -Wno-range-loop-analysis -Wno-semicolon-before-method-body -index-store-path /Users/Veer/Library/Developer/Xcode/DerivedData/HearifyV1-ftljoypfezvlxcgouzbpmsmxzads/Index.noindex/DataStore @/Users/Veer/Library/Developer/Xcode/DerivedData/HearifyV1-ftljoypfezvlxcgouzbpmsmxzads/Build/Intermediates.noindex/leveldb.build/Debug-iphoneos/leveldb.build/Objects-normal/arm64/82b82416624d2658e5098eb0a28c15c5-common-args.resp -MMD -MT dependencies -MF /Users/Veer/Library/Developer/Xcode/DerivedData/HearifyV1-ftljoypfezvlxcgouzbpmsmxzads/Build/Intermediates.noindex/leveldb.build/Debug-iphoneos/leveldb.build/Objects-normal/arm64/merger.d --serialize-diagnostics /Users/Veer/Library/Developer/Xcode/DerivedData/HearifyV1-ftljoypfezvlxcgouzbpmsmxzads/Build/Intermediates.noindex/leveldb.build/Debug-iphoneos/leveldb.build/Objects-normal/arm64/merger.dia -c /Users/Veer/Library/Developer/Xcode/DerivedData/HearifyV1-ftljoypfezvlxcgouzbpmsmxzads/SourcePackages/checkouts/leveldb/table/merger.cc -o /Users/Veer/Library/Developer/Xcode/DerivedData/HearifyV1-ftljoypfezvlxcgouzbpmsmxzads/Build/Intermediates.noindex/leveldb.build/Debug-iphoneos/leveldb.build/Objects-normal/arm64/merger.o -index-unit-output-path /leveldb.build/Debug-iphoneos/leveldb.build/Objects-normal/arm64/merger.o

CompileC /Users/Veer/Library/Developer/Xcode/DerivedData/HearifyV1-ftljoypfezvlxcgouzbpmsmxzads/Build/Intermediates.noindex/leveldb.build/Debug-iphoneos/leveldb.build/Objects-normal/arm64/memtable.o /Users/Veer/Library/Developer/Xcode/DerivedData/HearifyV1-ftljoypfezvlxcgouzbpmsmxzads/SourcePackages/checkouts/leveldb/db/memtable.cc normal arm64 c++ com.apple.compilers.llvm.clang.1_0.compiler (in target 'leveldb' from project 'leveldb')
    cd /Users/Veer/Library/Mobile\ Documents/com\~apple\~CloudDocs/HearifyV1/HearifyV1.xcodeproj
    
    Using response file: /Users/Veer/Library/Developer/Xcode/DerivedData/HearifyV1-ftljoypfezvlxcgouzbpmsmxzads/Build/Intermediates.noindex/leveldb.build/Debug-iphoneos/leveldb.build/Objects-normal/arm64/82b82416624d2658e5098eb0a28c15c5-common-args.resp
    
    /Applications/Xcode.app/Contents/Developer/Toolchains/XcodeDefault.xctoolchain/usr/bin/clang -x c++ -ivfsstatcache /Users/Veer/Library/Developer/Xcode/DerivedData/SDKStatCaches.noindex/iphoneos26.2-23C53-3794476bd08197c3e2abd9bb477ef7f7.sdkstatcache -fmessage-length\=0 -fdiagnostics-show-note-include-stack -fmacro-backtrace-limit\=0 -fno-color-diagnostics -fmodules-prune-interval\=86400 -fmodules-prune-after\=345600 -fbuild-session-file\=/Users/Veer/Library/Developer/Xcode/DerivedData/ModuleCache.noindex/Session.modulevalidation -fmodules-validate-once-per-build-session -Wnon-modular-include-in-framework-module -Werror\=non-modular-include-in-framework-module -Wno-trigraphs -Wno-missing-field-initializers -Wno-missing-prototypes -Wno-return-type -Wno-non-virtual-dtor -Wno-overloaded-virtual -Wno-exit-time-destructors -Wno-missing-braces -Wparentheses -Wswitch -Wno-unused-function -Wno-unused-label -Wno-unused-parameter -Wno-unused-variable -Wunused-value -Wno-empty-body -Wno-uninitialized -Wno-unknown-pragmas -w -Wno-shadow -Wno-four-char-constants -Wno-conversion -Wno-constant-conversion -Wno-int-conversion -Wno-bool-conversion -Wno-enum-conversion -Wno-float-conversion -Wno-non-literal-null-conversion -Wno-objc-literal-conversion -Wshorten-64-to-32 -Wno-newline-eof -Wno-c++11-extensions -Wno-implicit-fallthrough -fstrict-aliasing -Wdeprecated-declarations -Winvalid-offsetof -Wno-sign-conversion -Wno-infinite-recursion -Wno-move -Wno-comma -Wno-block-capture-autoreleasing -Wno-strict-prototypes -Wno-range-loop-analysis -Wno-semicolon-before-method-body -index-store-path /Users/Veer/Library/Developer/Xcode/DerivedData/HearifyV1-ftljoypfezvlxcgouzbpmsmxzads/Index.noindex/DataStore @/Users/Veer/Library/Developer/Xcode/DerivedData/HearifyV1-ftljoypfezvlxcgouzbpmsmxzads/Build/Intermediates.noindex/leveldb.build/Debug-iphoneos/leveldb.build/Objects-normal/arm64/82b82416624d2658e5098eb0a28c15c5-common-args.resp -MMD -MT dependencies -MF /Users/Veer/Library/Developer/Xcode/DerivedData/HearifyV1-ftljoypfezvlxcgouzbpmsmxzads/Build/Intermediates.noindex/leveldb.build/Debug-iphoneos/leveldb.build/Objects-normal/arm64/memtable.d --serialize-diagnostics /Users/Veer/Library/Developer/Xcode/DerivedData/HearifyV1-ftljoypfezvlxcgouzbpmsmxzads/Build/Intermediates.noindex/leveldb.build/Debug-iphoneos/leveldb.build/Objects-normal/arm64/memtable.dia -c /Users/Veer/Library/Developer/Xcode/DerivedData/HearifyV1-ftljoypfezvlxcgouzbpmsmxzads/SourcePackages/checkouts/leveldb/db/memtable.cc -o /Users/Veer/Library/Developer/Xcode/DerivedData/HearifyV1-ftljoypfezvlxcgouzbpmsmxzads/Build/Intermediates.noindex/leveldb.build/Debug-iphoneos/leveldb.build/Objects-normal/arm64/memtable.o -index-unit-output-path /leveldb.build/Debug-iphoneos/leveldb.build/Objects-normal/arm64/memtable.o

CompileC /Users/Veer/Library/Developer/Xcode/DerivedData/HearifyV1-ftljoypfezvlxcgouzbpmsmxzads/Build/Intermediates.noindex/leveldb.build/Debug-iphoneos/leveldb.build/Objects-normal/arm64/logging.o /Users/Veer/Library/Developer/Xcode/DerivedData/HearifyV1-ftljoypfezvlxcgouzbpmsmxzads/SourcePackages/checkouts/leveldb/util/logging.cc normal arm64 c++ com.apple.compilers.llvm.clang.1_0.compiler (in target 'leveldb' from project 'leveldb')
    cd /Users/Veer/Library/Mobile\ Documents/com\~apple\~CloudDocs/HearifyV1/HearifyV1.xcodeproj
    
    Using response file: /Users/Veer/Library/Developer/Xcode/DerivedData/HearifyV1-ftljoypfezvlxcgouzbpmsmxzads/Build/Intermediates.noindex/leveldb.build/Debug-iphoneos/leveldb.build/Objects-normal/arm64/82b82416624d2658e5098eb0a28c15c5-common-args.resp
    
    /Applications/Xcode.app/Contents/Developer/Toolchains/XcodeDefault.xctoolchain/usr/bin/clang -x c++ -ivfsstatcache /Users/Veer/Library/Developer/Xcode/DerivedData/SDKStatCaches.noindex/iphoneos26.2-23C53-3794476bd08197c3e2abd9bb477ef7f7.sdkstatcache -fmessage-length\=0 -fdiagnostics-show-note-include-stack -fmacro-backtrace-limit\=0 -fno-color-diagnostics -fmodules-prune-interval\=86400 -fmodules-prune-after\=345600 -fbuild-session-file\=/Users/Veer/Library/Developer/Xcode/DerivedData/ModuleCache.noindex/Session.modulevalidation -fmodules-validate-once-per-build-session -Wnon-modular-include-in-framework-module -Werror\=non-modular-include-in-framework-module -Wno-trigraphs -Wno-missing-field-initializers -Wno-missing-prototypes -Wno-return-type -Wno-non-virtual-dtor -Wno-overloaded-virtual -Wno-exit-time-destructors -Wno-missing-braces -Wparentheses -Wswitch -Wno-unused-function -Wno-unused-label -Wno-unused-parameter -Wno-unused-variable -Wunused-value -Wno-empty-body -Wno-uninitialized -Wno-unknown-pragmas -w -Wno-shadow -Wno-four-char-constants -Wno-conversion -Wno-constant-conversion -Wno-int-conversion -Wno-bool-conversion -Wno-enum-conversion -Wno-float-conversion -Wno-non-literal-null-conversion -Wno-objc-literal-conversion -Wshorten-64-to-32 -Wno-newline-eof -Wno-c++11-extensions -Wno-implicit-fallthrough -fstrict-aliasing -Wdeprecated-declarations -Winvalid-offsetof -Wno-sign-conversion -Wno-infinite-recursion -Wno-move -Wno-comma -Wno-block-capture-autoreleasing -Wno-strict-prototypes -Wno-range-loop-analysis -Wno-semicolon-before-method-body -index-store-path /Users/Veer/Library/Developer/Xcode/DerivedData/HearifyV1-ftljoypfezvlxcgouzbpmsmxzads/Index.noindex/DataStore @/Users/Veer/Library/Developer/Xcode/DerivedData/HearifyV1-ftljoypfezvlxcgouzbpmsmxzads/Build/Intermediates.noindex/leveldb.build/Debug-iphoneos/leveldb.build/Objects-normal/arm64/82b82416624d2658e5098eb0a28c15c5-common-args.resp -MMD -MT dependencies -MF /Users/Veer/Library/Developer/Xcode/DerivedData/HearifyV1-ftljoypfezvlxcgouzbpmsmxzads/Build/Intermediates.noindex/leveldb.build/Debug-iphoneos/leveldb.build/Objects-normal/arm64/logging.d --serialize-diagnostics /Users/Veer/Library/Developer/Xcode/DerivedData/HearifyV1-ftljoypfezvlxcgouzbpmsmxzads/Build/Intermediates.noindex/leveldb.build/Debug-iphoneos/leveldb.build/Objects-normal/arm64/logging.dia -c /Users/Veer/Library/Developer/Xcode/DerivedData/HearifyV1-ftljoypfezvlxcgouzbpmsmxzads/SourcePackages/checkouts/leveldb/util/logging.cc -o /Users/Veer/Library/Developer/Xcode/DerivedData/HearifyV1-ftljoypfezvlxcgouzbpmsmxzads/Build/Intermediates.noindex/leveldb.build/Debug-iphoneos/leveldb.build/Objects-normal/arm64/logging.o -index-unit-output-path /leveldb.build/Debug-iphoneos/leveldb.build/Objects-normal/arm64/logging.o

SwiftExplicitDependencyGeneratePcm arm64 /Users/Veer/Library/Developer/Xcode/DerivedData/ModuleCache.noindex/_DarwinFoundation1-5VGXVIO5SGFDUXP9XWMUGDK9A.pcm

CompileC /Users/Veer/Library/Developer/Xcode/DerivedData/HearifyV1-ftljoypfezvlxcgouzbpmsmxzads/Build/Intermediates.noindex/leveldb.build/Debug-iphoneos/leveldb.build/Objects-normal/arm64/log_writer.o /Users/Veer/Library/Developer/Xcode/DerivedData/HearifyV1-ftljoypfezvlxcgouzbpmsmxzads/SourcePackages/checkouts/leveldb/db/log_writer.cc normal arm64 c++ com.apple.compilers.llvm.clang.1_0.compiler (in target 'leveldb' from project 'leveldb')
    cd /Users/Veer/Library/Mobile\ Documents/com\~apple\~CloudDocs/HearifyV1/HearifyV1.xcodeproj
    
    Using response file: /Users/Veer/Library/Developer/Xcode/DerivedData/HearifyV1-ftljoypfezvlxcgouzbpmsmxzads/Build/Intermediates.noindex/leveldb.build/Debug-iphoneos/leveldb.build/Objects-normal/arm64/82b82416624d2658e5098eb0a28c15c5-common-args.resp
    
    /Applications/Xcode.app/Contents/Developer/Toolchains/XcodeDefault.xctoolchain/usr/bin/clang -x c++ -ivfsstatcache /Users/Veer/Library/Developer/Xcode/DerivedData/SDKStatCaches.noindex/iphoneos26.2-23C53-3794476bd08197c3e2abd9bb477ef7f7.sdkstatcache -fmessage-length\=0 -fdiagnostics-show-note-include-stack -fmacro-backtrace-limit\=0 -fno-color-diagnostics -fmodules-prune-interval\=86400 -fmodules-prune-after\=345600 -fbuild-session-file\=/Users/Veer/Library/Developer/Xcode/DerivedData/ModuleCache.noindex/Session.modulevalidation -fmodules-validate-once-per-build-session -Wnon-modular-include-in-framework-module -Werror\=non-modular-include-in-framework-module -Wno-trigraphs -Wno-missing-field-initializers -Wno-missing-prototypes -Wno-return-type -Wno-non-virtual-dtor -Wno-overloaded-virtual -Wno-exit-time-destructors -Wno-missing-braces -Wparentheses -Wswitch -Wno-unused-function -Wno-unused-label -Wno-unused-parameter -Wno-unused-variable -Wunused-value -Wno-empty-body -Wno-uninitialized -Wno-unknown-pragmas -w -Wno-shadow -Wno-four-char-constants -Wno-conversion -Wno-constant-conversion -Wno-int-conversion -Wno-bool-conversion -Wno-enum-conversion -Wno-float-conversion -Wno-non-literal-null-conversion -Wno-objc-literal-conversion -Wshorten-64-to-32 -Wno-newline-eof -Wno-c++11-extensions -Wno-implicit-fallthrough -fstrict-aliasing -Wdeprecated-declarations -Winvalid-offsetof -Wno-sign-conversion -Wno-infinite-recursion -Wno-move -Wno-comma -Wno-block-capture-autoreleasing -Wno-strict-prototypes -Wno-range-loop-analysis -Wno-semicolon-before-method-body -index-store-path /Users/Veer/Library/Developer/Xcode/DerivedData/HearifyV1-ftljoypfezvlxcgouzbpmsmxzads/Index.noindex/DataStore @/Users/Veer/Library/Developer/Xcode/DerivedData/HearifyV1-ftljoypfezvlxcgouzbpmsmxzads/Build/Intermediates.noindex/leveldb.build/Debug-iphoneos/leveldb.build/Objects-normal/arm64/82b82416624d2658e5098eb0a28c15c5-common-args.resp -MMD -MT dependencies -MF /Users/Veer/Library/Developer/Xcode/DerivedData/HearifyV1-ftljoypfezvlxcgouzbpmsmxzads/Build/Intermediates.noindex/leveldb.build/Debug-iphoneos/leveldb.build/Objects-normal/arm64/log_writer.d --serialize-diagnostics /Users/Veer/Library/Developer/Xcode/DerivedData/HearifyV1-ftljoypfezvlxcgouzbpmsmxzads/Build/Intermediates.noindex/leveldb.build/Debug-iphoneos/leveldb.build/Objects-normal/arm64/log_writer.dia -c /Users/Veer/Library/Developer/Xcode/DerivedData/HearifyV1-ftljoypfezvlxcgouzbpmsmxzads/SourcePackages/checkouts/leveldb/db/log_writer.cc -o /Users/Veer/Library/Developer/Xcode/DerivedData/HearifyV1-ftljoypfezvlxcgouzbpmsmxzads/Build/Intermediates.noindex/leveldb.build/Debug-iphoneos/leveldb.build/Objects-normal/arm64/log_writer.o -index-unit-output-path /leveldb.build/Debug-iphoneos/leveldb.build/Objects-normal/arm64/log_writer.o

SwiftExplicitDependencyGeneratePcm arm64 /Users/Veer/Library/Developer/Xcode/DerivedData/ModuleCache.noindex/_Builtin_limits-BSMTSEDJ6EVVU3SAUH6QB8JC7.pcm

SwiftExplicitDependencyGeneratePcm arm64 /Users/Veer/Library/Developer/Xcode/DerivedData/ModuleCache.noindex/_DarwinFoundation2-511SCO6POHJRAJAJIXBYEROQ0.pcm

CompileC /Users/Veer/Library/Developer/Xcode/DerivedData/HearifyV1-ftljoypfezvlxcgouzbpmsmxzads/Build/Intermediates.noindex/leveldb.build/Debug-iphoneos/leveldb.build/Objects-normal/arm64/log_reader.o /Users/Veer/Library/Developer/Xcode/DerivedData/HearifyV1-ftljoypfezvlxcgouzbpmsmxzads/SourcePackages/checkouts/leveldb/db/log_reader.cc normal arm64 c++ com.apple.compilers.llvm.clang.1_0.compiler (in target 'leveldb' from project 'leveldb')
    cd /Users/Veer/Library/Mobile\ Documents/com\~apple\~CloudDocs/HearifyV1/HearifyV1.xcodeproj
    
    Using response file: /Users/Veer/Library/Developer/Xcode/DerivedData/HearifyV1-ftljoypfezvlxcgouzbpmsmxzads/Build/Intermediates.noindex/leveldb.build/Debug-iphoneos/leveldb.build/Objects-normal/arm64/82b82416624d2658e5098eb0a28c15c5-common-args.resp
    
    /Applications/Xcode.app/Contents/Developer/Toolchains/XcodeDefault.xctoolchain/usr/bin/clang -x c++ -ivfsstatcache /Users/Veer/Library/Developer/Xcode/DerivedData/SDKStatCaches.noindex/iphoneos26.2-23C53-3794476bd08197c3e2abd9bb477ef7f7.sdkstatcache -fmessage-length\=0 -fdiagnostics-show-note-include-stack -fmacro-backtrace-limit\=0 -fno-color-diagnostics -fmodules-prune-interval\=86400 -fmodules-prune-after\=345600 -fbuild-session-file\=/Users/Veer/Library/Developer/Xcode/DerivedData/ModuleCache.noindex/Session.modulevalidation -fmodules-validate-once-per-build-session -Wnon-modular-include-in-framework-module -Werror\=non-modular-include-in-framework-module -Wno-trigraphs -Wno-missing-field-initializers -Wno-missing-prototypes -Wno-return-type -Wno-non-virtual-dtor -Wno-overloaded-virtual -Wno-exit-time-destructors -Wno-missing-braces -Wparentheses -Wswitch -Wno-unused-function -Wno-unused-label -Wno-unused-parameter -Wno-unused-variable -Wunused-value -Wno-empty-body -Wno-uninitialized -Wno-unknown-pragmas -w -Wno-shadow -Wno-four-char-constants -Wno-conversion -Wno-constant-conversion -Wno-int-conversion -Wno-bool-conversion -Wno-enum-conversion -Wno-float-conversion -Wno-non-literal-null-conversion -Wno-objc-literal-conversion -Wshorten-64-to-32 -Wno-newline-eof -Wno-c++11-extensions -Wno-implicit-fallthrough -fstrict-aliasing -Wdeprecated-declarations -Winvalid-offsetof -Wno-sign-conversion -Wno-infinite-recursion -Wno-move -Wno-comma -Wno-block-capture-autoreleasing -Wno-strict-prototypes -Wno-range-loop-analysis -Wno-semicolon-before-method-body -index-store-path /Users/Veer/Library/Developer/Xcode/DerivedData/HearifyV1-ftljoypfezvlxcgouzbpmsmxzads/Index.noindex/DataStore @/Users/Veer/Library/Developer/Xcode/DerivedData/HearifyV1-ftljoypfezvlxcgouzbpmsmxzads/Build/Intermediates.noindex/leveldb.build/Debug-iphoneos/leveldb.build/Objects-normal/arm64/82b82416624d2658e5098eb0a28c15c5-common-args.resp -MMD -MT dependencies -MF /Users/Veer/Library/Developer/Xcode/DerivedData/HearifyV1-ftljoypfezvlxcgouzbpmsmxzads/Build/Intermediates.noindex/leveldb.build/Debug-iphoneos/leveldb.build/Objects-normal/arm64/log_reader.d --serialize-diagnostics /Users/Veer/Library/Developer/Xcode/DerivedData/HearifyV1-ftljoypfezvlxcgouzbpmsmxzads/Build/Intermediates.noindex/leveldb.build/Debug-iphoneos/leveldb.build/Objects-normal/arm64/log_reader.dia -c /Users/Veer/Library/Developer/Xcode/DerivedData/HearifyV1-ftljoypfezvlxcgouzbpmsmxzads/SourcePackages/checkouts/leveldb/db/log_reader.cc -o /Users/Veer/Library/Developer/Xcode/DerivedData/HearifyV1-ftljoypfezvlxcgouzbpmsmxzads/Build/Intermediates.noindex/leveldb.build/Debug-iphoneos/leveldb.build/Objects-normal/arm64/log_reader.o -index-unit-output-path /leveldb.build/Debug-iphoneos/leveldb.build/Objects-normal/arm64/log_reader.o

CompileC /Users/Veer/Library/Developer/Xcode/DerivedData/HearifyV1-ftljoypfezvlxcgouzbpmsmxzads/Build/Intermediates.noindex/leveldb.build/Debug-iphoneos/leveldb.build/Objects-normal/arm64/iterator.o /Users/Veer/Library/Developer/Xcode/DerivedData/HearifyV1-ftljoypfezvlxcgouzbpmsmxzads/SourcePackages/checkouts/leveldb/table/iterator.cc normal arm64 c++ com.apple.compilers.llvm.clang.1_0.compiler (in target 'leveldb' from project 'leveldb')
    cd /Users/Veer/Library/Mobile\ Documents/com\~apple\~CloudDocs/HearifyV1/HearifyV1.xcodeproj
    
    Using response file: /Users/Veer/Library/Developer/Xcode/DerivedData/HearifyV1-ftljoypfezvlxcgouzbpmsmxzads/Build/Intermediates.noindex/leveldb.build/Debug-iphoneos/leveldb.build/Objects-normal/arm64/82b82416624d2658e5098eb0a28c15c5-common-args.resp
    
    /Applications/Xcode.app/Contents/Developer/Toolchains/XcodeDefault.xctoolchain/usr/bin/clang -x c++ -ivfsstatcache /Users/Veer/Library/Developer/Xcode/DerivedData/SDKStatCaches.noindex/iphoneos26.2-23C53-3794476bd08197c3e2abd9bb477ef7f7.sdkstatcache -fmessage-length\=0 -fdiagnostics-show-note-include-stack -fmacro-backtrace-limit\=0 -fno-color-diagnostics -fmodules-prune-interval\=86400 -fmodules-prune-after\=345600 -fbuild-session-file\=/Users/Veer/Library/Developer/Xcode/DerivedData/ModuleCache.noindex/Session.modulevalidation -fmodules-validate-once-per-build-session -Wnon-modular-include-in-framework-module -Werror\=non-modular-include-in-framework-module -Wno-trigraphs -Wno-missing-field-initializers -Wno-missing-prototypes -Wno-return-type -Wno-non-virtual-dtor -Wno-overloaded-virtual -Wno-exit-time-destructors -Wno-missing-braces -Wparentheses -Wswitch -Wno-unused-function -Wno-unused-label -Wno-unused-parameter -Wno-unused-variable -Wunused-value -Wno-empty-body -Wno-uninitialized -Wno-unknown-pragmas -w -Wno-shadow -Wno-four-char-constants -Wno-conversion -Wno-constant-conversion -Wno-int-conversion -Wno-bool-conversion -Wno-enum-conversion -Wno-float-conversion -Wno-non-literal-null-conversion -Wno-objc-literal-conversion -Wshorten-64-to-32 -Wno-newline-eof -Wno-c++11-extensions -Wno-implicit-fallthrough -fstrict-aliasing -Wdeprecated-declarations -Winvalid-offsetof -Wno-sign-conversion -Wno-infinite-recursion -Wno-move -Wno-comma -Wno-block-capture-autoreleasing -Wno-strict-prototypes -Wno-range-loop-analysis -Wno-semicolon-before-method-body -index-store-path /Users/Veer/Library/Developer/Xcode/DerivedData/HearifyV1-ftljoypfezvlxcgouzbpmsmxzads/Index.noindex/DataStore @/Users/Veer/Library/Developer/Xcode/DerivedData/HearifyV1-ftljoypfezvlxcgouzbpmsmxzads/Build/Intermediates.noindex/leveldb.build/Debug-iphoneos/leveldb.build/Objects-normal/arm64/82b82416624d2658e5098eb0a28c15c5-common-args.resp -MMD -MT dependencies -MF /Users/Veer/Library/Developer/Xcode/DerivedData/HearifyV1-ftljoypfezvlxcgouzbpmsmxzads/Build/Intermediates.noindex/leveldb.build/Debug-iphoneos/leveldb.build/Objects-normal/arm64/iterator.d --serialize-diagnostics /Users/Veer/Library/Developer/Xcode/DerivedData/HearifyV1-ftljoypfezvlxcgouzbpmsmxzads/Build/Intermediates.noindex/leveldb.build/Debug-iphoneos/leveldb.build/Objects-normal/arm64/iterator.dia -c /Users/Veer/Library/Developer/Xcode/DerivedData/HearifyV1-ftljoypfezvlxcgouzbpmsmxzads/SourcePackages/checkouts/leveldb/table/iterator.cc -o /Users/Veer/Library/Developer/Xcode/DerivedData/HearifyV1-ftljoypfezvlxcgouzbpmsmxzads/Build/Intermediates.noindex/leveldb.build/Debug-iphoneos/leveldb.build/Objects-normal/arm64/iterator.o -index-unit-output-path /leveldb.build/Debug-iphoneos/leveldb.build/Objects-normal/arm64/iterator.o

CompileC /Users/Veer/Library/Developer/Xcode/DerivedData/HearifyV1-ftljoypfezvlxcgouzbpmsmxzads/Build/Intermediates.noindex/leveldb.build/Debug-iphoneos/leveldb.build/Objects-normal/arm64/histogram.o /Users/Veer/Library/Developer/Xcode/DerivedData/HearifyV1-ftljoypfezvlxcgouzbpmsmxzads/SourcePackages/checkouts/leveldb/util/histogram.cc normal arm64 c++ com.apple.compilers.llvm.clang.1_0.compiler (in target 'leveldb' from project 'leveldb')
    cd /Users/Veer/Library/Mobile\ Documents/com\~apple\~CloudDocs/HearifyV1/HearifyV1.xcodeproj
    
    Using response file: /Users/Veer/Library/Developer/Xcode/DerivedData/HearifyV1-ftljoypfezvlxcgouzbpmsmxzads/Build/Intermediates.noindex/leveldb.build/Debug-iphoneos/leveldb.build/Objects-normal/arm64/82b82416624d2658e5098eb0a28c15c5-common-args.resp
    
    /Applications/Xcode.app/Contents/Developer/Toolchains/XcodeDefault.xctoolchain/usr/bin/clang -x c++ -ivfsstatcache /Users/Veer/Library/Developer/Xcode/DerivedData/SDKStatCaches.noindex/iphoneos26.2-23C53-3794476bd08197c3e2abd9bb477ef7f7.sdkstatcache -fmessage-length\=0 -fdiagnostics-show-note-include-stack -fmacro-backtrace-limit\=0 -fno-color-diagnostics -fmodules-prune-interval\=86400 -fmodules-prune-after\=345600 -fbuild-session-file\=/Users/Veer/Library/Developer/Xcode/DerivedData/ModuleCache.noindex/Session.modulevalidation -fmodules-validate-once-per-build-session -Wnon-modular-include-in-framework-module -Werror\=non-modular-include-in-framework-module -Wno-trigraphs -Wno-missing-field-initializers -Wno-missing-prototypes -Wno-return-type -Wno-non-virtual-dtor -Wno-overloaded-virtual -Wno-exit-time-destructors -Wno-missing-braces -Wparentheses -Wswitch -Wno-unused-function -Wno-unused-label -Wno-unused-parameter -Wno-unused-variable -Wunused-value -Wno-empty-body -Wno-uninitialized -Wno-unknown-pragmas -w -Wno-shadow -Wno-four-char-constants -Wno-conversion -Wno-constant-conversion -Wno-int-conversion -Wno-bool-conversion -Wno-enum-conversion -Wno-float-conversion -Wno-non-literal-null-conversion -Wno-objc-literal-conversion -Wshorten-64-to-32 -Wno-newline-eof -Wno-c++11-extensions -Wno-implicit-fallthrough -fstrict-aliasing -Wdeprecated-declarations -Winvalid-offsetof -Wno-sign-conversion -Wno-infinite-recursion -Wno-move -Wno-comma -Wno-block-capture-autoreleasing -Wno-strict-prototypes -Wno-range-loop-analysis -Wno-semicolon-before-method-body -index-store-path /Users/Veer/Library/Developer/Xcode/DerivedData/HearifyV1-ftljoypfezvlxcgouzbpmsmxzads/Index.noindex/DataStore @/Users/Veer/Library/Developer/Xcode/DerivedData/HearifyV1-ftljoypfezvlxcgouzbpmsmxzads/Build/Intermediates.noindex/leveldb.build/Debug-iphoneos/leveldb.build/Objects-normal/arm64/82b82416624d2658e5098eb0a28c15c5-common-args.resp -MMD -MT dependencies -MF /Users/Veer/Library/Developer/Xcode/DerivedData/HearifyV1-ftljoypfezvlxcgouzbpmsmxzads/Build/Intermediates.noindex/leveldb.build/Debug-iphoneos/leveldb.build/Objects-normal/arm64/histogram.d --serialize-diagnostics /Users/Veer/Library/Developer/Xcode/DerivedData/HearifyV1-ftljoypfezvlxcgouzbpmsmxzads/Build/Intermediates.noindex/leveldb.build/Debug-iphoneos/leveldb.build/Objects-normal/arm64/histogram.dia -c /Users/Veer/Library/Developer/Xcode/DerivedData/HearifyV1-ftljoypfezvlxcgouzbpmsmxzads/SourcePackages/checkouts/leveldb/util/histogram.cc -o /Users/Veer/Library/Developer/Xcode/DerivedData/HearifyV1-ftljoypfezvlxcgouzbpmsmxzads/Build/Intermediates.noindex/leveldb.build/Debug-iphoneos/leveldb.build/Objects-normal/arm64/histogram.o -index-unit-output-path /leveldb.build/Debug-iphoneos/leveldb.build/Objects-normal/arm64/histogram.o

CompileC /Users/Veer/Library/Developer/Xcode/DerivedData/HearifyV1-ftljoypfezvlxcgouzbpmsmxzads/Build/Intermediates.noindex/leveldb.build/Debug-iphoneos/leveldb.build/Objects-normal/arm64/hash.o /Users/Veer/Library/Developer/Xcode/DerivedData/HearifyV1-ftljoypfezvlxcgouzbpmsmxzads/SourcePackages/checkouts/leveldb/util/hash.cc normal arm64 c++ com.apple.compilers.llvm.clang.1_0.compiler (in target 'leveldb' from project 'leveldb')
    cd /Users/Veer/Library/Mobile\ Documents/com\~apple\~CloudDocs/HearifyV1/HearifyV1.xcodeproj
    
    Using response file: /Users/Veer/Library/Developer/Xcode/DerivedData/HearifyV1-ftljoypfezvlxcgouzbpmsmxzads/Build/Intermediates.noindex/leveldb.build/Debug-iphoneos/leveldb.build/Objects-normal/arm64/82b82416624d2658e5098eb0a28c15c5-common-args.resp
    
    /Applications/Xcode.app/Contents/Developer/Toolchains/XcodeDefault.xctoolchain/usr/bin/clang -x c++ -ivfsstatcache /Users/Veer/Library/Developer/Xcode/DerivedData/SDKStatCaches.noindex/iphoneos26.2-23C53-3794476bd08197c3e2abd9bb477ef7f7.sdkstatcache -fmessage-length\=0 -fdiagnostics-show-note-include-stack -fmacro-backtrace-limit\=0 -fno-color-diagnostics -fmodules-prune-interval\=86400 -fmodules-prune-after\=345600 -fbuild-session-file\=/Users/Veer/Library/Developer/Xcode/DerivedData/ModuleCache.noindex/Session.modulevalidation -fmodules-validate-once-per-build-session -Wnon-modular-include-in-framework-module -Werror\=non-modular-include-in-framework-module -Wno-trigraphs -Wno-missing-field-initializers -Wno-missing-prototypes -Wno-return-type -Wno-non-virtual-dtor -Wno-overloaded-virtual -Wno-exit-time-destructors -Wno-missing-braces -Wparentheses -Wswitch -Wno-unused-function -Wno-unused-label -Wno-unused-parameter -Wno-unused-variable -Wunused-value -Wno-empty-body -Wno-uninitialized -Wno-unknown-pragmas -w -Wno-shadow -Wno-four-char-constants -Wno-conversion -Wno-constant-conversion -Wno-int-conversion -Wno-bool-conversion -Wno-enum-conversion -Wno-float-conversion -Wno-non-literal-null-conversion -Wno-objc-literal-conversion -Wshorten-64-to-32 -Wno-newline-eof -Wno-c++11-extensions -Wno-implicit-fallthrough -fstrict-aliasing -Wdeprecated-declarations -Winvalid-offsetof -Wno-sign-conversion -Wno-infinite-recursion -Wno-move -Wno-comma -Wno-block-capture-autoreleasing -Wno-strict-prototypes -Wno-range-loop-analysis -Wno-semicolon-before-method-body -index-store-path /Users/Veer/Library/Developer/Xcode/DerivedData/HearifyV1-ftljoypfezvlxcgouzbpmsmxzads/Index.noindex/DataStore @/Users/Veer/Library/Developer/Xcode/DerivedData/HearifyV1-ftljoypfezvlxcgouzbpmsmxzads/Build/Intermediates.noindex/leveldb.build/Debug-iphoneos/leveldb.build/Objects-normal/arm64/82b82416624d2658e5098eb0a28c15c5-common-args.resp -MMD -MT dependencies -MF /Users/Veer/Library/Developer/Xcode/DerivedData/HearifyV1-ftljoypfezvlxcgouzbpmsmxzads/Build/Intermediates.noindex/leveldb.build/Debug-iphoneos/leveldb.build/Objects-normal/arm64/hash.d --serialize-diagnostics /Users/Veer/Library/Developer/Xcode/DerivedData/HearifyV1-ftljoypfezvlxcgouzbpmsmxzads/Build/Intermediates.noindex/leveldb.build/Debug-iphoneos/leveldb.build/Objects-normal/arm64/hash.dia -c /Users/Veer/Library/Developer/Xcode/DerivedData/HearifyV1-ftljoypfezvlxcgouzbpmsmxzads/SourcePackages/checkouts/leveldb/util/hash.cc -o /Users/Veer/Library/Developer/Xcode/DerivedData/HearifyV1-ftljoypfezvlxcgouzbpmsmxzads/Build/Intermediates.noindex/leveldb.build/Debug-iphoneos/leveldb.build/Objects-normal/arm64/hash.o -index-unit-output-path /leveldb.build/Debug-iphoneos/leveldb.build/Objects-normal/arm64/hash.o

SwiftExplicitDependencyGeneratePcm arm64 /Users/Veer/Library/Developer/Xcode/DerivedData/ModuleCache.noindex/_Builtin_stdint-460KMFFEKLG0RHJF4TCWNWR00.pcm

SwiftExplicitDependencyGeneratePcm arm64 /Users/Veer/Library/Developer/Xcode/DerivedData/ModuleCache.noindex/sys_types-D75VPOFH3AJUJOGC7R15O5HJZ.pcm

SwiftExplicitDependencyGeneratePcm arm64 /Users/Veer/Library/Developer/Xcode/DerivedData/ModuleCache.noindex/_DarwinFoundation3-65RCX4M35KOHN7H2VWQENO3PY.pcm

CompileC /Users/Veer/Library/Developer/Xcode/DerivedData/HearifyV1-ftljoypfezvlxcgouzbpmsmxzads/Build/Intermediates.noindex/leveldb.build/Debug-iphoneos/leveldb.build/Objects-normal/arm64/format.o /Users/Veer/Library/Developer/Xcode/DerivedData/HearifyV1-ftljoypfezvlxcgouzbpmsmxzads/SourcePackages/checkouts/leveldb/table/format.cc normal arm64 c++ com.apple.compilers.llvm.clang.1_0.compiler (in target 'leveldb' from project 'leveldb')
    cd /Users/Veer/Library/Mobile\ Documents/com\~apple\~CloudDocs/HearifyV1/HearifyV1.xcodeproj
    
    Using response file: /Users/Veer/Library/Developer/Xcode/DerivedData/HearifyV1-ftljoypfezvlxcgouzbpmsmxzads/Build/Intermediates.noindex/leveldb.build/Debug-iphoneos/leveldb.build/Objects-normal/arm64/82b82416624d2658e5098eb0a28c15c5-common-args.resp
    
    /Applications/Xcode.app/Contents/Developer/Toolchains/XcodeDefault.xctoolchain/usr/bin/clang -x c++ -ivfsstatcache /Users/Veer/Library/Developer/Xcode/DerivedData/SDKStatCaches.noindex/iphoneos26.2-23C53-3794476bd08197c3e2abd9bb477ef7f7.sdkstatcache -fmessage-length\=0 -fdiagnostics-show-note-include-stack -fmacro-backtrace-limit\=0 -fno-color-diagnostics -fmodules-prune-interval\=86400 -fmodules-prune-after\=345600 -fbuild-session-file\=/Users/Veer/Library/Developer/Xcode/DerivedData/ModuleCache.noindex/Session.modulevalidation -fmodules-validate-once-per-build-session -Wnon-modular-include-in-framework-module -Werror\=non-modular-include-in-framework-module -Wno-trigraphs -Wno-missing-field-initializers -Wno-missing-prototypes -Wno-return-type -Wno-non-virtual-dtor -Wno-overloaded-virtual -Wno-exit-time-destructors -Wno-missing-braces -Wparentheses -Wswitch -Wno-unused-function -Wno-unused-label -Wno-unused-parameter -Wno-unused-variable -Wunused-value -Wno-empty-body -Wno-uninitialized -Wno-unknown-pragmas -w -Wno-shadow -Wno-four-char-constants -Wno-conversion -Wno-constant-conversion -Wno-int-conversion -Wno-bool-conversion -Wno-enum-conversion -Wno-float-conversion -Wno-non-literal-null-conversion -Wno-objc-literal-conversion -Wshorten-64-to-32 -Wno-newline-eof -Wno-c++11-extensions -Wno-implicit-fallthrough -fstrict-aliasing -Wdeprecated-declarations -Winvalid-offsetof -Wno-sign-conversion -Wno-infinite-recursion -Wno-move -Wno-comma -Wno-block-capture-autoreleasing -Wno-strict-prototypes -Wno-range-loop-analysis -Wno-semicolon-before-method-body -index-store-path /Users/Veer/Library/Developer/Xcode/DerivedData/HearifyV1-ftljoypfezvlxcgouzbpmsmxzads/Index.noindex/DataStore @/Users/Veer/Library/Developer/Xcode/DerivedData/HearifyV1-ftljoypfezvlxcgouzbpmsmxzads/Build/Intermediates.noindex/leveldb.build/Debug-iphoneos/leveldb.build/Objects-normal/arm64/82b82416624d2658e5098eb0a28c15c5-common-args.resp -MMD -MT dependencies -MF /Users/Veer/Library/Developer/Xcode/DerivedData/HearifyV1-ftljoypfezvlxcgouzbpmsmxzads/Build/Intermediates.noindex/leveldb.build/Debug-iphoneos/leveldb.build/Objects-normal/arm64/format.d --serialize-diagnostics /Users/Veer/Library/Developer/Xcode/DerivedData/HearifyV1-ftljoypfezvlxcgouzbpmsmxzads/Build/Intermediates.noindex/leveldb.build/Debug-iphoneos/leveldb.build/Objects-normal/arm64/format.dia -c /Users/Veer/Library/Developer/Xcode/DerivedData/HearifyV1-ftljoypfezvlxcgouzbpmsmxzads/SourcePackages/checkouts/leveldb/table/format.cc -o /Users/Veer/Library/Developer/Xcode/DerivedData/HearifyV1-ftljoypfezvlxcgouzbpmsmxzads/Build/Intermediates.noindex/leveldb.build/Debug-iphoneos/leveldb.build/Objects-normal/arm64/format.o -index-unit-output-path /leveldb.build/Debug-iphoneos/leveldb.build/Objects-normal/arm64/format.o

CompileC /Users/Veer/Library/Developer/Xcode/DerivedData/HearifyV1-ftljoypfezvlxcgouzbpmsmxzads/Build/Intermediates.noindex/leveldb.build/Debug-iphoneos/leveldb.build/Objects-normal/arm64/filter_policy.o /Users/Veer/Library/Developer/Xcode/DerivedData/HearifyV1-ftljoypfezvlxcgouzbpmsmxzads/SourcePackages/checkouts/leveldb/util/filter_policy.cc normal arm64 c++ com.apple.compilers.llvm.clang.1_0.compiler (in target 'leveldb' from project 'leveldb')
    cd /Users/Veer/Library/Mobile\ Documents/com\~apple\~CloudDocs/HearifyV1/HearifyV1.xcodeproj
    
    Using response file: /Users/Veer/Library/Developer/Xcode/DerivedData/HearifyV1-ftljoypfezvlxcgouzbpmsmxzads/Build/Intermediates.noindex/leveldb.build/Debug-iphoneos/leveldb.build/Objects-normal/arm64/82b82416624d2658e5098eb0a28c15c5-common-args.resp
    
    /Applications/Xcode.app/Contents/Developer/Toolchains/XcodeDefault.xctoolchain/usr/bin/clang -x c++ -ivfsstatcache /Users/Veer/Library/Developer/Xcode/DerivedData/SDKStatCaches.noindex/iphoneos26.2-23C53-3794476bd08197c3e2abd9bb477ef7f7.sdkstatcache -fmessage-length\=0 -fdiagnostics-show-note-include-stack -fmacro-backtrace-limit\=0 -fno-color-diagnostics -fmodules-prune-interval\=86400 -fmodules-prune-after\=345600 -fbuild-session-file\=/Users/Veer/Library/Developer/Xcode/DerivedData/ModuleCache.noindex/Session.modulevalidation -fmodules-validate-once-per-build-session -Wnon-modular-include-in-framework-module -Werror\=non-modular-include-in-framework-module -Wno-trigraphs -Wno-missing-field-initializers -Wno-missing-prototypes -Wno-return-type -Wno-non-virtual-dtor -Wno-overloaded-virtual -Wno-exit-time-destructors -Wno-missing-braces -Wparentheses -Wswitch -Wno-unused-function -Wno-unused-label -Wno-unused-parameter -Wno-unused-variable -Wunused-value -Wno-empty-body -Wno-uninitialized -Wno-unknown-pragmas -w -Wno-shadow -Wno-four-char-constants -Wno-conversion -Wno-constant-conversion -Wno-int-conversion -Wno-bool-conversion -Wno-enum-conversion -Wno-float-conversion -Wno-non-literal-null-conversion -Wno-objc-literal-conversion -Wshorten-64-to-32 -Wno-newline-eof -Wno-c++11-extensions -Wno-implicit-fallthrough -fstrict-aliasing -Wdeprecated-declarations -Winvalid-offsetof -Wno-sign-conversion -Wno-infinite-recursion -Wno-move -Wno-comma -Wno-block-capture-autoreleasing -Wno-strict-prototypes -Wno-range-loop-analysis -Wno-semicolon-before-method-body -index-store-path /Users/Veer/Library/Developer/Xcode/DerivedData/HearifyV1-ftljoypfezvlxcgouzbpmsmxzads/Index.noindex/DataStore @/Users/Veer/Library/Developer/Xcode/DerivedData/HearifyV1-ftljoypfezvlxcgouzbpmsmxzads/Build/Intermediates.noindex/leveldb.build/Debug-iphoneos/leveldb.build/Objects-normal/arm64/82b82416624d2658e5098eb0a28c15c5-common-args.resp -MMD -MT dependencies -MF /Users/Veer/Library/Developer/Xcode/DerivedData/HearifyV1-ftljoypfezvlxcgouzbpmsmxzads/Build/Intermediates.noindex/leveldb.build/Debug-iphoneos/leveldb.build/Objects-normal/arm64/filter_policy.d --serialize-diagnostics /Users/Veer/Library/Developer/Xcode/DerivedData/HearifyV1-ftljoypfezvlxcgouzbpmsmxzads/Build/Intermediates.noindex/leveldb.build/Debug-iphoneos/leveldb.build/Objects-normal/arm64/filter_policy.dia -c /Users/Veer/Library/Developer/Xcode/DerivedData/HearifyV1-ftljoypfezvlxcgouzbpmsmxzads/SourcePackages/checkouts/leveldb/util/filter_policy.cc -o /Users/Veer/Library/Developer/Xcode/DerivedData/HearifyV1-ftljoypfezvlxcgouzbpmsmxzads/Build/Intermediates.noindex/leveldb.build/Debug-iphoneos/leveldb.build/Objects-normal/arm64/filter_policy.o -index-unit-output-path /leveldb.build/Debug-iphoneos/leveldb.build/Objects-normal/arm64/filter_policy.o

CompileC /Users/Veer/Library/Developer/Xcode/DerivedData/HearifyV1-ftljoypfezvlxcgouzbpmsmxzads/Build/Intermediates.noindex/leveldb.build/Debug-iphoneos/leveldb.build/Objects-normal/arm64/filter_block.o /Users/Veer/Library/Developer/Xcode/DerivedData/HearifyV1-ftljoypfezvlxcgouzbpmsmxzads/SourcePackages/checkouts/leveldb/table/filter_block.cc normal arm64 c++ com.apple.compilers.llvm.clang.1_0.compiler (in target 'leveldb' from project 'leveldb')
    cd /Users/Veer/Library/Mobile\ Documents/com\~apple\~CloudDocs/HearifyV1/HearifyV1.xcodeproj
    
    Using response file: /Users/Veer/Library/Developer/Xcode/DerivedData/HearifyV1-ftljoypfezvlxcgouzbpmsmxzads/Build/Intermediates.noindex/leveldb.build/Debug-iphoneos/leveldb.build/Objects-normal/arm64/82b82416624d2658e5098eb0a28c15c5-common-args.resp
    
    /Applications/Xcode.app/Contents/Developer/Toolchains/XcodeDefault.xctoolchain/usr/bin/clang -x c++ -ivfsstatcache /Users/Veer/Library/Developer/Xcode/DerivedData/SDKStatCaches.noindex/iphoneos26.2-23C53-3794476bd08197c3e2abd9bb477ef7f7.sdkstatcache -fmessage-length\=0 -fdiagnostics-show-note-include-stack -fmacro-backtrace-limit\=0 -fno-color-diagnostics -fmodules-prune-interval\=86400 -fmodules-prune-after\=345600 -fbuild-session-file\=/Users/Veer/Library/Developer/Xcode/DerivedData/ModuleCache.noindex/Session.modulevalidation -fmodules-validate-once-per-build-session -Wnon-modular-include-in-framework-module -Werror\=non-modular-include-in-framework-module -Wno-trigraphs -Wno-missing-field-initializers -Wno-missing-prototypes -Wno-return-type -Wno-non-virtual-dtor -Wno-overloaded-virtual -Wno-exit-time-destructors -Wno-missing-braces -Wparentheses -Wswitch -Wno-unused-function -Wno-unused-label -Wno-unused-parameter -Wno-unused-variable -Wunused-value -Wno-empty-body -Wno-uninitialized -Wno-unknown-pragmas -w -Wno-shadow -Wno-four-char-constants -Wno-conversion -Wno-constant-conversion -Wno-int-conversion -Wno-bool-conversion -Wno-enum-conversion -Wno-float-conversion -Wno-non-literal-null-conversion -Wno-objc-literal-conversion -Wshorten-64-to-32 -Wno-newline-eof -Wno-c++11-extensions -Wno-implicit-fallthrough -fstrict-aliasing -Wdeprecated-declarations -Winvalid-offsetof -Wno-sign-conversion -Wno-infinite-recursion -Wno-move -Wno-comma -Wno-block-capture-autoreleasing -Wno-strict-prototypes -Wno-range-loop-analysis -Wno-semicolon-before-method-body -index-store-path /Users/Veer/Library/Developer/Xcode/DerivedData/HearifyV1-ftljoypfezvlxcgouzbpmsmxzads/Index.noindex/DataStore @/Users/Veer/Library/Developer/Xcode/DerivedData/HearifyV1-ftljoypfezvlxcgouzbpmsmxzads/Build/Intermediates.noindex/leveldb.build/Debug-iphoneos/leveldb.build/Objects-normal/arm64/82b82416624d2658e5098eb0a28c15c5-common-args.resp -MMD -MT dependencies -MF /Users/Veer/Library/Developer/Xcode/DerivedData/HearifyV1-ftljoypfezvlxcgouzbpmsmxzads/Build/Intermediates.noindex/leveldb.build/Debug-iphoneos/leveldb.build/Objects-normal/arm64/filter_block.d --serialize-diagnostics /Users/Veer/Library/Developer/Xcode/DerivedData/HearifyV1-ftljoypfezvlxcgouzbpmsmxzads/Build/Intermediates.noindex/leveldb.build/Debug-iphoneos/leveldb.build/Objects-normal/arm64/filter_block.dia -c /Users/Veer/Library/Developer/Xcode/DerivedData/HearifyV1-ftljoypfezvlxcgouzbpmsmxzads/SourcePackages/checkouts/leveldb/table/filter_block.cc -o /Users/Veer/Library/Developer/Xcode/DerivedData/HearifyV1-ftljoypfezvlxcgouzbpmsmxzads/Build/Intermediates.noindex/leveldb.build/Debug-iphoneos/leveldb.build/Objects-normal/arm64/filter_block.o -index-unit-output-path /leveldb.build/Debug-iphoneos/leveldb.build/Objects-normal/arm64/filter_block.o

SwiftExplicitDependencyGeneratePcm arm64 /Users/Veer/Library/Developer/Xcode/DerivedData/ModuleCache.noindex/_Builtin_inttypes-H9J8VTWVYFGQ8DH8YRY0U638.pcm

CompileC /Users/Veer/Library/Developer/Xcode/DerivedData/HearifyV1-ftljoypfezvlxcgouzbpmsmxzads/Build/Intermediates.noindex/leveldb.build/Debug-iphoneos/leveldb.build/Objects-normal/arm64/filename.o /Users/Veer/Library/Developer/Xcode/DerivedData/HearifyV1-ftljoypfezvlxcgouzbpmsmxzads/SourcePackages/checkouts/leveldb/db/filename.cc normal arm64 c++ com.apple.compilers.llvm.clang.1_0.compiler (in target 'leveldb' from project 'leveldb')
    cd /Users/Veer/Library/Mobile\ Documents/com\~apple\~CloudDocs/HearifyV1/HearifyV1.xcodeproj
    
    Using response file: /Users/Veer/Library/Developer/Xcode/DerivedData/HearifyV1-ftljoypfezvlxcgouzbpmsmxzads/Build/Intermediates.noindex/leveldb.build/Debug-iphoneos/leveldb.build/Objects-normal/arm64/82b82416624d2658e5098eb0a28c15c5-common-args.resp
    
    /Applications/Xcode.app/Contents/Developer/Toolchains/XcodeDefault.xctoolchain/usr/bin/clang -x c++ -ivfsstatcache /Users/Veer/Library/Developer/Xcode/DerivedData/SDKStatCaches.noindex/iphoneos26.2-23C53-3794476bd08197c3e2abd9bb477ef7f7.sdkstatcache -fmessage-length\=0 -fdiagnostics-show-note-include-stack -fmacro-backtrace-limit\=0 -fno-color-diagnostics -fmodules-prune-interval\=86400 -fmodules-prune-after\=345600 -fbuild-session-file\=/Users/Veer/Library/Developer/Xcode/DerivedData/ModuleCache.noindex/Session.modulevalidation -fmodules-validate-once-per-build-session -Wnon-modular-include-in-framework-module -Werror\=non-modular-include-in-framework-module -Wno-trigraphs -Wno-missing-field-initializers -Wno-missing-prototypes -Wno-return-type -Wno-non-virtual-dtor -Wno-overloaded-virtual -Wno-exit-time-destructors -Wno-missing-braces -Wparentheses -Wswitch -Wno-unused-function -Wno-unused-label -Wno-unused-parameter -Wno-unused-variable -Wunused-value -Wno-empty-body -Wno-uninitialized -Wno-unknown-pragmas -w -Wno-shadow -Wno-four-char-constants -Wno-conversion -Wno-constant-conversion -Wno-int-conversion -Wno-bool-conversion -Wno-enum-conversion -Wno-float-conversion -Wno-non-literal-null-conversion -Wno-objc-literal-conversion -Wshorten-64-to-32 -Wno-newline-eof -Wno-c++11-extensions -Wno-implicit-fallthrough -fstrict-aliasing -Wdeprecated-declarations -Winvalid-offsetof -Wno-sign-conversion -Wno-infinite-recursion -Wno-move -Wno-comma -Wno-block-capture-autoreleasing -Wno-strict-prototypes -Wno-range-loop-analysis -Wno-semicolon-before-method-body -index-store-path /Users/Veer/Library/Developer/Xcode/DerivedData/HearifyV1-ftljoypfezvlxcgouzbpmsmxzads/Index.noindex/DataStore @/Users/Veer/Library/Developer/Xcode/DerivedData/HearifyV1-ftljoypfezvlxcgouzbpmsmxzads/Build/Intermediates.noindex/leveldb.build/Debug-iphoneos/leveldb.build/Objects-normal/arm64/82b82416624d2658e5098eb0a28c15c5-common-args.resp -MMD -MT dependencies -MF /Users/Veer/Library/Developer/Xcode/DerivedData/HearifyV1-ftljoypfezvlxcgouzbpmsmxzads/Build/Intermediates.noindex/leveldb.build/Debug-iphoneos/leveldb.build/Objects-normal/arm64/filename.d --serialize-diagnostics /Users/Veer/Library/Developer/Xcode/DerivedData/HearifyV1-ftljoypfezvlxcgouzbpmsmxzads/Build/Intermediates.noindex/leveldb.build/Debug-iphoneos/leveldb.build/Objects-normal/arm64/filename.dia -c /Users/Veer/Library/Developer/Xcode/DerivedData/HearifyV1-ftljoypfezvlxcgouzbpmsmxzads/SourcePackages/checkouts/leveldb/db/filename.cc -o /Users/Veer/Library/Developer/Xcode/DerivedData/HearifyV1-ftljoypfezvlxcgouzbpmsmxzads/Build/Intermediates.noindex/leveldb.build/Debug-iphoneos/leveldb.build/Objects-normal/arm64/filename.o -index-unit-output-path /leveldb.build/Debug-iphoneos/leveldb.build/Objects-normal/arm64/filename.o

CompileC /Users/Veer/Library/Developer/Xcode/DerivedData/HearifyV1-ftljoypfezvlxcgouzbpmsmxzads/Build/Intermediates.noindex/leveldb.build/Debug-iphoneos/leveldb.build/Objects-normal/arm64/env_posix.o /Users/Veer/Library/Developer/Xcode/DerivedData/HearifyV1-ftljoypfezvlxcgouzbpmsmxzads/SourcePackages/checkouts/leveldb/util/env_posix.cc normal arm64 c++ com.apple.compilers.llvm.clang.1_0.compiler (in target 'leveldb' from project 'leveldb')
    cd /Users/Veer/Library/Mobile\ Documents/com\~apple\~CloudDocs/HearifyV1/HearifyV1.xcodeproj
    
    Using response file: /Users/Veer/Library/Developer/Xcode/DerivedData/HearifyV1-ftljoypfezvlxcgouzbpmsmxzads/Build/Intermediates.noindex/leveldb.build/Debug-iphoneos/leveldb.build/Objects-normal/arm64/82b82416624d2658e5098eb0a28c15c5-common-args.resp
    
    /Applications/Xcode.app/Contents/Developer/Toolchains/XcodeDefault.xctoolchain/usr/bin/clang -x c++ -ivfsstatcache /Users/Veer/Library/Developer/Xcode/DerivedData/SDKStatCaches.noindex/iphoneos26.2-23C53-3794476bd08197c3e2abd9bb477ef7f7.sdkstatcache -fmessage-length\=0 -fdiagnostics-show-note-include-stack -fmacro-backtrace-limit\=0 -fno-color-diagnostics -fmodules-prune-interval\=86400 -fmodules-prune-after\=345600 -fbuild-session-file\=/Users/Veer/Library/Developer/Xcode/DerivedData/ModuleCache.noindex/Session.modulevalidation -fmodules-validate-once-per-build-session -Wnon-modular-include-in-framework-module -Werror\=non-modular-include-in-framework-module -Wno-trigraphs -Wno-missing-field-initializers -Wno-missing-prototypes -Wno-return-type -Wno-non-virtual-dtor -Wno-overloaded-virtual -Wno-exit-time-destructors -Wno-missing-braces -Wparentheses -Wswitch -Wno-unused-function -Wno-unused-label -Wno-unused-parameter -Wno-unused-variable -Wunused-value -Wno-empty-body -Wno-uninitialized -Wno-unknown-pragmas -w -Wno-shadow -Wno-four-char-constants -Wno-conversion -Wno-constant-conversion -Wno-int-conversion -Wno-bool-conversion -Wno-enum-conversion -Wno-float-conversion -Wno-non-literal-null-conversion -Wno-objc-literal-conversion -Wshorten-64-to-32 -Wno-newline-eof -Wno-c++11-extensions -Wno-implicit-fallthrough -fstrict-aliasing -Wdeprecated-declarations -Winvalid-offsetof -Wno-sign-conversion -Wno-infinite-recursion -Wno-move -Wno-comma -Wno-block-capture-autoreleasing -Wno-strict-prototypes -Wno-range-loop-analysis -Wno-semicolon-before-method-body -index-store-path /Users/Veer/Library/Developer/Xcode/DerivedData/HearifyV1-ftljoypfezvlxcgouzbpmsmxzads/Index.noindex/DataStore @/Users/Veer/Library/Developer/Xcode/DerivedData/HearifyV1-ftljoypfezvlxcgouzbpmsmxzads/Build/Intermediates.noindex/leveldb.build/Debug-iphoneos/leveldb.build/Objects-normal/arm64/82b82416624d2658e5098eb0a28c15c5-common-args.resp -MMD -MT dependencies -MF /Users/Veer/Library/Developer/Xcode/DerivedData/HearifyV1-ftljoypfezvlxcgouzbpmsmxzads/Build/Intermediates.noindex/leveldb.build/Debug-iphoneos/leveldb.build/Objects-normal/arm64/env_posix.d --serialize-diagnostics /Users/Veer/Library/Developer/Xcode/DerivedData/HearifyV1-ftljoypfezvlxcgouzbpmsmxzads/Build/Intermediates.noindex/leveldb.build/Debug-iphoneos/leveldb.build/Objects-normal/arm64/env_posix.dia -c /Users/Veer/Library/Developer/Xcode/DerivedData/HearifyV1-ftljoypfezvlxcgouzbpmsmxzads/SourcePackages/checkouts/leveldb/util/env_posix.cc -o /Users/Veer/Library/Developer/Xcode/DerivedData/HearifyV1-ftljoypfezvlxcgouzbpmsmxzads/Build/Intermediates.noindex/leveldb.build/Debug-iphoneos/leveldb.build/Objects-normal/arm64/env_posix.o -index-unit-output-path /leveldb.build/Debug-iphoneos/leveldb.build/Objects-normal/arm64/env_posix.o

CompileC /Users/Veer/Library/Developer/Xcode/DerivedData/HearifyV1-ftljoypfezvlxcgouzbpmsmxzads/Build/Intermediates.noindex/leveldb.build/Debug-iphoneos/leveldb.build/Objects-normal/arm64/env.o /Users/Veer/Library/Developer/Xcode/DerivedData/HearifyV1-ftljoypfezvlxcgouzbpmsmxzads/SourcePackages/checkouts/leveldb/util/env.cc normal arm64 c++ com.apple.compilers.llvm.clang.1_0.compiler (in target 'leveldb' from project 'leveldb')
    cd /Users/Veer/Library/Mobile\ Documents/com\~apple\~CloudDocs/HearifyV1/HearifyV1.xcodeproj
    
    Using response file: /Users/Veer/Library/Developer/Xcode/DerivedData/HearifyV1-ftljoypfezvlxcgouzbpmsmxzads/Build/Intermediates.noindex/leveldb.build/Debug-iphoneos/leveldb.build/Objects-normal/arm64/82b82416624d2658e5098eb0a28c15c5-common-args.resp
    
    /Applications/Xcode.app/Contents/Developer/Toolchains/XcodeDefault.xctoolchain/usr/bin/clang -x c++ -ivfsstatcache /Users/Veer/Library/Developer/Xcode/DerivedData/SDKStatCaches.noindex/iphoneos26.2-23C53-3794476bd08197c3e2abd9bb477ef7f7.sdkstatcache -fmessage-length\=0 -fdiagnostics-show-note-include-stack -fmacro-backtrace-limit\=0 -fno-color-diagnostics -fmodules-prune-interval\=86400 -fmodules-prune-after\=345600 -fbuild-session-file\=/Users/Veer/Library/Developer/Xcode/DerivedData/ModuleCache.noindex/Session.modulevalidation -fmodules-validate-once-per-build-session -Wnon-modular-include-in-framework-module -Werror\=non-modular-include-in-framework-module -Wno-trigraphs -Wno-missing-field-initializers -Wno-missing-prototypes -Wno-return-type -Wno-non-virtual-dtor -Wno-overloaded-virtual -Wno-exit-time-destructors -Wno-missing-braces -Wparentheses -Wswitch -Wno-unused-function -Wno-unused-label -Wno-unused-parameter -Wno-unused-variable -Wunused-value -Wno-empty-body -Wno-uninitialized -Wno-unknown-pragmas -w -Wno-shadow -Wno-four-char-constants -Wno-conversion -Wno-constant-conversion -Wno-int-conversion -Wno-bool-conversion -Wno-enum-conversion -Wno-float-conversion -Wno-non-literal-null-conversion -Wno-objc-literal-conversion -Wshorten-64-to-32 -Wno-newline-eof -Wno-c++11-extensions -Wno-implicit-fallthrough -fstrict-aliasing -Wdeprecated-declarations -Winvalid-offsetof -Wno-sign-conversion -Wno-infinite-recursion -Wno-move -Wno-comma -Wno-block-capture-autoreleasing -Wno-strict-prototypes -Wno-range-loop-analysis -Wno-semicolon-before-method-body -index-store-path /Users/Veer/Library/Developer/Xcode/DerivedData/HearifyV1-ftljoypfezvlxcgouzbpmsmxzads/Index.noindex/DataStore @/Users/Veer/Library/Developer/Xcode/DerivedData/HearifyV1-ftljoypfezvlxcgouzbpmsmxzads/Build/Intermediates.noindex/leveldb.build/Debug-iphoneos/leveldb.build/Objects-normal/arm64/82b82416624d2658e5098eb0a28c15c5-common-args.resp -MMD -MT dependencies -MF /Users/Veer/Library/Developer/Xcode/DerivedData/HearifyV1-ftljoypfezvlxcgouzbpmsmxzads/Build/Intermediates.noindex/leveldb.build/Debug-iphoneos/leveldb.build/Objects-normal/arm64/env.d --serialize-diagnostics /Users/Veer/Library/Developer/Xcode/DerivedData/HearifyV1-ftljoypfezvlxcgouzbpmsmxzads/Build/Intermediates.noindex/leveldb.build/Debug-iphoneos/leveldb.build/Objects-normal/arm64/env.dia -c /Users/Veer/Library/Developer/Xcode/DerivedData/HearifyV1-ftljoypfezvlxcgouzbpmsmxzads/SourcePackages/checkouts/leveldb/util/env.cc -o /Users/Veer/Library/Developer/Xcode/DerivedData/HearifyV1-ftljoypfezvlxcgouzbpmsmxzads/Build/Intermediates.noindex/leveldb.build/Debug-iphoneos/leveldb.build/Objects-normal/arm64/env.o -index-unit-output-path /leveldb.build/Debug-iphoneos/leveldb.build/Objects-normal/arm64/env.o

CompileC /Users/Veer/Library/Developer/Xcode/DerivedData/HearifyV1-ftljoypfezvlxcgouzbpmsmxzads/Build/Intermediates.noindex/leveldb.build/Debug-iphoneos/leveldb.build/Objects-normal/arm64/dumpfile.o /Users/Veer/Library/Developer/Xcode/DerivedData/HearifyV1-ftljoypfezvlxcgouzbpmsmxzads/SourcePackages/checkouts/leveldb/db/dumpfile.cc normal arm64 c++ com.apple.compilers.llvm.clang.1_0.compiler (in target 'leveldb' from project 'leveldb')
    cd /Users/Veer/Library/Mobile\ Documents/com\~apple\~CloudDocs/HearifyV1/HearifyV1.xcodeproj
    
    Using response file: /Users/Veer/Library/Developer/Xcode/DerivedData/HearifyV1-ftljoypfezvlxcgouzbpmsmxzads/Build/Intermediates.noindex/leveldb.build/Debug-iphoneos/leveldb.build/Objects-normal/arm64/82b82416624d2658e5098eb0a28c15c5-common-args.resp
    
    /Applications/Xcode.app/Contents/Developer/Toolchains/XcodeDefault.xctoolchain/usr/bin/clang -x c++ -ivfsstatcache /Users/Veer/Library/Developer/Xcode/DerivedData/SDKStatCaches.noindex/iphoneos26.2-23C53-3794476bd08197c3e2abd9bb477ef7f7.sdkstatcache -fmessage-length\=0 -fdiagnostics-show-note-include-stack -fmacro-backtrace-limit\=0 -fno-color-diagnostics -fmodules-prune-interval\=86400 -fmodules-prune-after\=345600 -fbuild-session-file\=/Users/Veer/Library/Developer/Xcode/DerivedData/ModuleCache.noindex/Session.modulevalidation -fmodules-validate-once-per-build-session -Wnon-modular-include-in-framework-module -Werror\=non-modular-include-in-framework-module -Wno-trigraphs -Wno-missing-field-initializers -Wno-missing-prototypes -Wno-return-type -Wno-non-virtual-dtor -Wno-overloaded-virtual -Wno-exit-time-destructors -Wno-missing-braces -Wparentheses -Wswitch -Wno-unused-function -Wno-unused-label -Wno-unused-parameter -Wno-unused-variable -Wunused-value -Wno-empty-body -Wno-uninitialized -Wno-unknown-pragmas -w -Wno-shadow -Wno-four-char-constants -Wno-conversion -Wno-constant-conversion -Wno-int-conversion -Wno-bool-conversion -Wno-enum-conversion -Wno-float-conversion -Wno-non-literal-null-conversion -Wno-objc-literal-conversion -Wshorten-64-to-32 -Wno-newline-eof -Wno-c++11-extensions -Wno-implicit-fallthrough -fstrict-aliasing -Wdeprecated-declarations -Winvalid-offsetof -Wno-sign-conversion -Wno-infinite-recursion -Wno-move -Wno-comma -Wno-block-capture-autoreleasing -Wno-strict-prototypes -Wno-range-loop-analysis -Wno-semicolon-before-method-body -index-store-path /Users/Veer/Library/Developer/Xcode/DerivedData/HearifyV1-ftljoypfezvlxcgouzbpmsmxzads/Index.noindex/DataStore @/Users/Veer/Library/Developer/Xcode/DerivedData/HearifyV1-ftljoypfezvlxcgouzbpmsmxzads/Build/Intermediates.noindex/leveldb.build/Debug-iphoneos/leveldb.build/Objects-normal/arm64/82b82416624d2658e5098eb0a28c15c5-common-args.resp -MMD -MT dependencies -MF /Users/Veer/Library/Developer/Xcode/DerivedData/HearifyV1-ftljoypfezvlxcgouzbpmsmxzads/Build/Intermediates.noindex/leveldb.build/Debug-iphoneos/leveldb.build/Objects-normal/arm64/dumpfile.d --serialize-diagnostics /Users/Veer/Library/Developer/Xcode/DerivedData/HearifyV1-ftljoypfezvlxcgouzbpmsmxzads/Build/Intermediates.noindex/leveldb.build/Debug-iphoneos/leveldb.build/Objects-normal/arm64/dumpfile.dia -c /Users/Veer/Library/Developer/Xcode/DerivedData/HearifyV1-ftljoypfezvlxcgouzbpmsmxzads/SourcePackages/checkouts/leveldb/db/dumpfile.cc -o /Users/Veer/Library/Developer/Xcode/DerivedData/HearifyV1-ftljoypfezvlxcgouzbpmsmxzads/Build/Intermediates.noindex/leveldb.build/Debug-iphoneos/leveldb.build/Objects-normal/arm64/dumpfile.o -index-unit-output-path /leveldb.build/Debug-iphoneos/leveldb.build/Objects-normal/arm64/dumpfile.o

CompileC /Users/Veer/Library/Developer/Xcode/DerivedData/HearifyV1-ftljoypfezvlxcgouzbpmsmxzads/Build/Intermediates.noindex/leveldb.build/Debug-iphoneos/leveldb.build/Objects-normal/arm64/dbformat.o /Users/Veer/Library/Developer/Xcode/DerivedData/HearifyV1-ftljoypfezvlxcgouzbpmsmxzads/SourcePackages/checkouts/leveldb/db/dbformat.cc normal arm64 c++ com.apple.compilers.llvm.clang.1_0.compiler (in target 'leveldb' from project 'leveldb')
    cd /Users/Veer/Library/Mobile\ Documents/com\~apple\~CloudDocs/HearifyV1/HearifyV1.xcodeproj
    
    Using response file: /Users/Veer/Library/Developer/Xcode/DerivedData/HearifyV1-ftljoypfezvlxcgouzbpmsmxzads/Build/Intermediates.noindex/leveldb.build/Debug-iphoneos/leveldb.build/Objects-normal/arm64/82b82416624d2658e5098eb0a28c15c5-common-args.resp
    
    /Applications/Xcode.app/Contents/Developer/Toolchains/XcodeDefault.xctoolchain/usr/bin/clang -x c++ -ivfsstatcache /Users/Veer/Library/Developer/Xcode/DerivedData/SDKStatCaches.noindex/iphoneos26.2-23C53-3794476bd08197c3e2abd9bb477ef7f7.sdkstatcache -fmessage-length\=0 -fdiagnostics-show-note-include-stack -fmacro-backtrace-limit\=0 -fno-color-diagnostics -fmodules-prune-interval\=86400 -fmodules-prune-after\=345600 -fbuild-session-file\=/Users/Veer/Library/Developer/Xcode/DerivedData/ModuleCache.noindex/Session.modulevalidation -fmodules-validate-once-per-build-session -Wnon-modular-include-in-framework-module -Werror\=non-modular-include-in-framework-module -Wno-trigraphs -Wno-missing-field-initializers -Wno-missing-prototypes -Wno-return-type -Wno-non-virtual-dtor -Wno-overloaded-virtual -Wno-exit-time-destructors -Wno-missing-braces -Wparentheses -Wswitch -Wno-unused-function -Wno-unused-label -Wno-unused-parameter -Wno-unused-variable -Wunused-value -Wno-empty-body -Wno-uninitialized -Wno-unknown-pragmas -w -Wno-shadow -Wno-four-char-constants -Wno-conversion -Wno-constant-conversion -Wno-int-conversion -Wno-bool-conversion -Wno-enum-conversion -Wno-float-conversion -Wno-non-literal-null-conversion -Wno-objc-literal-conversion -Wshorten-64-to-32 -Wno-newline-eof -Wno-c++11-extensions -Wno-implicit-fallthrough -fstrict-aliasing -Wdeprecated-declarations -Winvalid-offsetof -Wno-sign-conversion -Wno-infinite-recursion -Wno-move -Wno-comma -Wno-block-capture-autoreleasing -Wno-strict-prototypes -Wno-range-loop-analysis -Wno-semicolon-before-method-body -index-store-path /Users/Veer/Library/Developer/Xcode/DerivedData/HearifyV1-ftljoypfezvlxcgouzbpmsmxzads/Index.noindex/DataStore @/Users/Veer/Library/Developer/Xcode/DerivedData/HearifyV1-ftljoypfezvlxcgouzbpmsmxzads/Build/Intermediates.noindex/leveldb.build/Debug-iphoneos/leveldb.build/Objects-normal/arm64/82b82416624d2658e5098eb0a28c15c5-common-args.resp -MMD -MT dependencies -MF /Users/Veer/Library/Developer/Xcode/DerivedData/HearifyV1-ftljoypfezvlxcgouzbpmsmxzads/Build/Intermediates.noindex/leveldb.build/Debug-iphoneos/leveldb.build/Objects-normal/arm64/dbformat.d --serialize-diagnostics /Users/Veer/Library/Developer/Xcode/DerivedData/HearifyV1-ftljoypfezvlxcgouzbpmsmxzads/Build/Intermediates.noindex/leveldb.build/Debug-iphoneos/leveldb.build/Objects-normal/arm64/dbformat.dia -c /Users/Veer/Library/Developer/Xcode/DerivedData/HearifyV1-ftljoypfezvlxcgouzbpmsmxzads/SourcePackages/checkouts/leveldb/db/dbformat.cc -o /Users/Veer/Library/Developer/Xcode/DerivedData/HearifyV1-ftljoypfezvlxcgouzbpmsmxzads/Build/Intermediates.noindex/leveldb.build/Debug-iphoneos/leveldb.build/Objects-normal/arm64/dbformat.o -index-unit-output-path /leveldb.build/Debug-iphoneos/leveldb.build/Objects-normal/arm64/dbformat.o

SwiftExplicitDependencyGeneratePcm arm64 /Users/Veer/Library/Developer/Xcode/DerivedData/ModuleCache.noindex/Darwin-82F0AAICBEYB456UDO6ZDW3Q1.pcm

CompileC /Users/Veer/Library/Developer/Xcode/DerivedData/HearifyV1-ftljoypfezvlxcgouzbpmsmxzads/Build/Intermediates.noindex/leveldb.build/Debug-iphoneos/leveldb.build/Objects-normal/arm64/db_iter.o /Users/Veer/Library/Developer/Xcode/DerivedData/HearifyV1-ftljoypfezvlxcgouzbpmsmxzads/SourcePackages/checkouts/leveldb/db/db_iter.cc normal arm64 c++ com.apple.compilers.llvm.clang.1_0.compiler (in target 'leveldb' from project 'leveldb')
    cd /Users/Veer/Library/Mobile\ Documents/com\~apple\~CloudDocs/HearifyV1/HearifyV1.xcodeproj
    
    Using response file: /Users/Veer/Library/Developer/Xcode/DerivedData/HearifyV1-ftljoypfezvlxcgouzbpmsmxzads/Build/Intermediates.noindex/leveldb.build/Debug-iphoneos/leveldb.build/Objects-normal/arm64/82b82416624d2658e5098eb0a28c15c5-common-args.resp
    
    /Applications/Xcode.app/Contents/Developer/Toolchains/XcodeDefault.xctoolchain/usr/bin/clang -x c++ -ivfsstatcache /Users/Veer/Library/Developer/Xcode/DerivedData/SDKStatCaches.noindex/iphoneos26.2-23C53-3794476bd08197c3e2abd9bb477ef7f7.sdkstatcache -fmessage-length\=0 -fdiagnostics-show-note-include-stack -fmacro-backtrace-limit\=0 -fno-color-diagnostics -fmodules-prune-interval\=86400 -fmodules-prune-after\=345600 -fbuild-session-file\=/Users/Veer/Library/Developer/Xcode/DerivedData/ModuleCache.noindex/Session.modulevalidation -fmodules-validate-once-per-build-session -Wnon-modular-include-in-framework-module -Werror\=non-modular-include-in-framework-module -Wno-trigraphs -Wno-missing-field-initializers -Wno-missing-prototypes -Wno-return-type -Wno-non-virtual-dtor -Wno-overloaded-virtual -Wno-exit-time-destructors -Wno-missing-braces -Wparentheses -Wswitch -Wno-unused-function -Wno-unused-label -Wno-unused-parameter -Wno-unused-variable -Wunused-value -Wno-empty-body -Wno-uninitialized -Wno-unknown-pragmas -w -Wno-shadow -Wno-four-char-constants -Wno-conversion -Wno-constant-conversion -Wno-int-conversion -Wno-bool-conversion -Wno-enum-conversion -Wno-float-conversion -Wno-non-literal-null-conversion -Wno-objc-literal-conversion -Wshorten-64-to-32 -Wno-newline-eof -Wno-c++11-extensions -Wno-implicit-fallthrough -fstrict-aliasing -Wdeprecated-declarations -Winvalid-offsetof -Wno-sign-conversion -Wno-infinite-recursion -Wno-move -Wno-comma -Wno-block-capture-autoreleasing -Wno-strict-prototypes -Wno-range-loop-analysis -Wno-semicolon-before-method-body -index-store-path /Users/Veer/Library/Developer/Xcode/DerivedData/HearifyV1-ftljoypfezvlxcgouzbpmsmxzads/Index.noindex/DataStore @/Users/Veer/Library/Developer/Xcode/DerivedData/HearifyV1-ftljoypfezvlxcgouzbpmsmxzads/Build/Intermediates.noindex/leveldb.build/Debug-iphoneos/leveldb.build/Objects-normal/arm64/82b82416624d2658e5098eb0a28c15c5-common-args.resp -MMD -MT dependencies -MF /Users/Veer/Library/Developer/Xcode/DerivedData/HearifyV1-ftljoypfezvlxcgouzbpmsmxzads/Build/Intermediates.noindex/leveldb.build/Debug-iphoneos/leveldb.build/Objects-normal/arm64/db_iter.d --serialize-diagnostics /Users/Veer/Library/Developer/Xcode/DerivedData/HearifyV1-ftljoypfezvlxcgouzbpmsmxzads/Build/Intermediates.noindex/leveldb.build/Debug-iphoneos/leveldb.build/Objects-normal/arm64/db_iter.dia -c /Users/Veer/Library/Developer/Xcode/DerivedData/HearifyV1-ftljoypfezvlxcgouzbpmsmxzads/SourcePackages/checkouts/leveldb/db/db_iter.cc -o /Users/Veer/Library/Developer/Xcode/DerivedData/HearifyV1-ftljoypfezvlxcgouzbpmsmxzads/Build/Intermediates.noindex/leveldb.build/Debug-iphoneos/leveldb.build/Objects-normal/arm64/db_iter.o -index-unit-output-path /leveldb.build/Debug-iphoneos/leveldb.build/Objects-normal/arm64/db_iter.o

CompileC /Users/Veer/Library/Developer/Xcode/DerivedData/HearifyV1-ftljoypfezvlxcgouzbpmsmxzads/Build/Intermediates.noindex/leveldb.build/Debug-iphoneos/leveldb.build/Objects-normal/arm64/db_impl.o /Users/Veer/Library/Developer/Xcode/DerivedData/HearifyV1-ftljoypfezvlxcgouzbpmsmxzads/SourcePackages/checkouts/leveldb/db/db_impl.cc normal arm64 c++ com.apple.compilers.llvm.clang.1_0.compiler (in target 'leveldb' from project 'leveldb')
    cd /Users/Veer/Library/Mobile\ Documents/com\~apple\~CloudDocs/HearifyV1/HearifyV1.xcodeproj
    
    Using response file: /Users/Veer/Library/Developer/Xcode/DerivedData/HearifyV1-ftljoypfezvlxcgouzbpmsmxzads/Build/Intermediates.noindex/leveldb.build/Debug-iphoneos/leveldb.build/Objects-normal/arm64/82b82416624d2658e5098eb0a28c15c5-common-args.resp
    
    /Applications/Xcode.app/Contents/Developer/Toolchains/XcodeDefault.xctoolchain/usr/bin/clang -x c++ -ivfsstatcache /Users/Veer/Library/Developer/Xcode/DerivedData/SDKStatCaches.noindex/iphoneos26.2-23C53-3794476bd08197c3e2abd9bb477ef7f7.sdkstatcache -fmessage-length\=0 -fdiagnostics-show-note-include-stack -fmacro-backtrace-limit\=0 -fno-color-diagnostics -fmodules-prune-interval\=86400 -fmodules-prune-after\=345600 -fbuild-session-file\=/Users/Veer/Library/Developer/Xcode/DerivedData/ModuleCache.noindex/Session.modulevalidation -fmodules-validate-once-per-build-session -Wnon-modular-include-in-framework-module -Werror\=non-modular-include-in-framework-module -Wno-trigraphs -Wno-missing-field-initializers -Wno-missing-prototypes -Wno-return-type -Wno-non-virtual-dtor -Wno-overloaded-virtual -Wno-exit-time-destructors -Wno-missing-braces -Wparentheses -Wswitch -Wno-unused-function -Wno-unused-label -Wno-unused-parameter -Wno-unused-variable -Wunused-value -Wno-empty-body -Wno-uninitialized -Wno-unknown-pragmas -w -Wno-shadow -Wno-four-char-constants -Wno-conversion -Wno-constant-conversion -Wno-int-conversion -Wno-bool-conversion -Wno-enum-conversion -Wno-float-conversion -Wno-non-literal-null-conversion -Wno-objc-literal-conversion -Wshorten-64-to-32 -Wno-newline-eof -Wno-c++11-extensions -Wno-implicit-fallthrough -fstrict-aliasing -Wdeprecated-declarations -Winvalid-offsetof -Wno-sign-conversion -Wno-infinite-recursion -Wno-move -Wno-comma -Wno-block-capture-autoreleasing -Wno-strict-prototypes -Wno-range-loop-analysis -Wno-semicolon-before-method-body -index-store-path /Users/Veer/Library/Developer/Xcode/DerivedData/HearifyV1-ftljoypfezvlxcgouzbpmsmxzads/Index.noindex/DataStore @/Users/Veer/Library/Developer/Xcode/DerivedData/HearifyV1-ftljoypfezvlxcgouzbpmsmxzads/Build/Intermediates.noindex/leveldb.build/Debug-iphoneos/leveldb.build/Objects-normal/arm64/82b82416624d2658e5098eb0a28c15c5-common-args.resp -MMD -MT dependencies -MF /Users/Veer/Library/Developer/Xcode/DerivedData/HearifyV1-ftljoypfezvlxcgouzbpmsmxzads/Build/Intermediates.noindex/leveldb.build/Debug-iphoneos/leveldb.build/Objects-normal/arm64/db_impl.d --serialize-diagnostics /Users/Veer/Library/Developer/Xcode/DerivedData/HearifyV1-ftljoypfezvlxcgouzbpmsmxzads/Build/Intermediates.noindex/leveldb.build/Debug-iphoneos/leveldb.build/Objects-normal/arm64/db_impl.dia -c /Users/Veer/Library/Developer/Xcode/DerivedData/HearifyV1-ftljoypfezvlxcgouzbpmsmxzads/SourcePackages/checkouts/leveldb/db/db_impl.cc -o /Users/Veer/Library/Developer/Xcode/DerivedData/HearifyV1-ftljoypfezvlxcgouzbpmsmxzads/Build/Intermediates.noindex/leveldb.build/Debug-iphoneos/leveldb.build/Objects-normal/arm64/db_impl.o -index-unit-output-path /leveldb.build/Debug-iphoneos/leveldb.build/Objects-normal/arm64/db_impl.o

CompileC /Users/Veer/Library/Developer/Xcode/DerivedData/HearifyV1-ftljoypfezvlxcgouzbpmsmxzads/Build/Intermediates.noindex/leveldb.build/Debug-iphoneos/leveldb.build/Objects-normal/arm64/crc32c.o /Users/Veer/Library/Developer/Xcode/DerivedData/HearifyV1-ftljoypfezvlxcgouzbpmsmxzads/SourcePackages/checkouts/leveldb/util/crc32c.cc normal arm64 c++ com.apple.compilers.llvm.clang.1_0.compiler (in target 'leveldb' from project 'leveldb')
    cd /Users/Veer/Library/Mobile\ Documents/com\~apple\~CloudDocs/HearifyV1/HearifyV1.xcodeproj
    
    Using response file: /Users/Veer/Library/Developer/Xcode/DerivedData/HearifyV1-ftljoypfezvlxcgouzbpmsmxzads/Build/Intermediates.noindex/leveldb.build/Debug-iphoneos/leveldb.build/Objects-normal/arm64/82b82416624d2658e5098eb0a28c15c5-common-args.resp
    
    /Applications/Xcode.app/Contents/Developer/Toolchains/XcodeDefault.xctoolchain/usr/bin/clang -x c++ -ivfsstatcache /Users/Veer/Library/Developer/Xcode/DerivedData/SDKStatCaches.noindex/iphoneos26.2-23C53-3794476bd08197c3e2abd9bb477ef7f7.sdkstatcache -fmessage-length\=0 -fdiagnostics-show-note-include-stack -fmacro-backtrace-limit\=0 -fno-color-diagnostics -fmodules-prune-interval\=86400 -fmodules-prune-after\=345600 -fbuild-session-file\=/Users/Veer/Library/Developer/Xcode/DerivedData/ModuleCache.noindex/Session.modulevalidation -fmodules-validate-once-per-build-session -Wnon-modular-include-in-framework-module -Werror\=non-modular-include-in-framework-module -Wno-trigraphs -Wno-missing-field-initializers -Wno-missing-prototypes -Wno-return-type -Wno-non-virtual-dtor -Wno-overloaded-virtual -Wno-exit-time-destructors -Wno-missing-braces -Wparentheses -Wswitch -Wno-unused-function -Wno-unused-label -Wno-unused-parameter -Wno-unused-variable -Wunused-value -Wno-empty-body -Wno-uninitialized -Wno-unknown-pragmas -w -Wno-shadow -Wno-four-char-constants -Wno-conversion -Wno-constant-conversion -Wno-int-conversion -Wno-bool-conversion -Wno-enum-conversion -Wno-float-conversion -Wno-non-literal-null-conversion -Wno-objc-literal-conversion -Wshorten-64-to-32 -Wno-newline-eof -Wno-c++11-extensions -Wno-implicit-fallthrough -fstrict-aliasing -Wdeprecated-declarations -Winvalid-offsetof -Wno-sign-conversion -Wno-infinite-recursion -Wno-move -Wno-comma -Wno-block-capture-autoreleasing -Wno-strict-prototypes -Wno-range-loop-analysis -Wno-semicolon-before-method-body -index-store-path /Users/Veer/Library/Developer/Xcode/DerivedData/HearifyV1-ftljoypfezvlxcgouzbpmsmxzads/Index.noindex/DataStore @/Users/Veer/Library/Developer/Xcode/DerivedData/HearifyV1-ftljoypfezvlxcgouzbpmsmxzads/Build/Intermediates.noindex/leveldb.build/Debug-iphoneos/leveldb.build/Objects-normal/arm64/82b82416624d2658e5098eb0a28c15c5-common-args.resp -MMD -MT dependencies -MF /Users/Veer/Library/Developer/Xcode/DerivedData/HearifyV1-ftljoypfezvlxcgouzbpmsmxzads/Build/Intermediates.noindex/leveldb.build/Debug-iphoneos/leveldb.build/Objects-normal/arm64/crc32c.d --serialize-diagnostics /Users/Veer/Library/Developer/Xcode/DerivedData/HearifyV1-ftljoypfezvlxcgouzbpmsmxzads/Build/Intermediates.noindex/leveldb.build/Debug-iphoneos/leveldb.build/Objects-normal/arm64/crc32c.dia -c /Users/Veer/Library/Developer/Xcode/DerivedData/HearifyV1-ftljoypfezvlxcgouzbpmsmxzads/SourcePackages/checkouts/leveldb/util/crc32c.cc -o /Users/Veer/Library/Developer/Xcode/DerivedData/HearifyV1-ftljoypfezvlxcgouzbpmsmxzads/Build/Intermediates.noindex/leveldb.build/Debug-iphoneos/leveldb.build/Objects-normal/arm64/crc32c.o -index-unit-output-path /leveldb.build/Debug-iphoneos/leveldb.build/Objects-normal/arm64/crc32c.o

SwiftExplicitDependencyGeneratePcm arm64 /Users/Veer/Library/Developer/Xcode/DerivedData/ModuleCache.noindex/ObjectiveC-DJXCYC59P7M3A759DM0GCHJM1.pcm

CompileC /Users/Veer/Library/Developer/Xcode/DerivedData/HearifyV1-ftljoypfezvlxcgouzbpmsmxzads/Build/Intermediates.noindex/leveldb.build/Debug-iphoneos/leveldb.build/Objects-normal/arm64/comparator.o /Users/Veer/Library/Developer/Xcode/DerivedData/HearifyV1-ftljoypfezvlxcgouzbpmsmxzads/SourcePackages/checkouts/leveldb/util/comparator.cc normal arm64 c++ com.apple.compilers.llvm.clang.1_0.compiler (in target 'leveldb' from project 'leveldb')
    cd /Users/Veer/Library/Mobile\ Documents/com\~apple\~CloudDocs/HearifyV1/HearifyV1.xcodeproj
    
    Using response file: /Users/Veer/Library/Developer/Xcode/DerivedData/HearifyV1-ftljoypfezvlxcgouzbpmsmxzads/Build/Intermediates.noindex/leveldb.build/Debug-iphoneos/leveldb.build/Objects-normal/arm64/82b82416624d2658e5098eb0a28c15c5-common-args.resp
    
    /Applications/Xcode.app/Contents/Developer/Toolchains/XcodeDefault.xctoolchain/usr/bin/clang -x c++ -ivfsstatcache /Users/Veer/Library/Developer/Xcode/DerivedData/SDKStatCaches.noindex/iphoneos26.2-23C53-3794476bd08197c3e2abd9bb477ef7f7.sdkstatcache -fmessage-length\=0 -fdiagnostics-show-note-include-stack -fmacro-backtrace-limit\=0 -fno-color-diagnostics -fmodules-prune-interval\=86400 -fmodules-prune-after\=345600 -fbuild-session-file\=/Users/Veer/Library/Developer/Xcode/DerivedData/ModuleCache.noindex/Session.modulevalidation -fmodules-validate-once-per-build-session -Wnon-modular-include-in-framework-module -Werror\=non-modular-include-in-framework-module -Wno-trigraphs -Wno-missing-field-initializers -Wno-missing-prototypes -Wno-return-type -Wno-non-virtual-dtor -Wno-overloaded-virtual -Wno-exit-time-destructors -Wno-missing-braces -Wparentheses -Wswitch -Wno-unused-function -Wno-unused-label -Wno-unused-parameter -Wno-unused-variable -Wunused-value -Wno-empty-body -Wno-uninitialized -Wno-unknown-pragmas -w -Wno-shadow -Wno-four-char-constants -Wno-conversion -Wno-constant-conversion -Wno-int-conversion -Wno-bool-conversion -Wno-enum-conversion -Wno-float-conversion -Wno-non-literal-null-conversion -Wno-objc-literal-conversion -Wshorten-64-to-32 -Wno-newline-eof -Wno-c++11-extensions -Wno-implicit-fallthrough -fstrict-aliasing -Wdeprecated-declarations -Winvalid-offsetof -Wno-sign-conversion -Wno-infinite-recursion -Wno-move -Wno-comma -Wno-block-capture-autoreleasing -Wno-strict-prototypes -Wno-range-loop-analysis -Wno-semicolon-before-method-body -index-store-path /Users/Veer/Library/Developer/Xcode/DerivedData/HearifyV1-ftljoypfezvlxcgouzbpmsmxzads/Index.noindex/DataStore @/Users/Veer/Library/Developer/Xcode/DerivedData/HearifyV1-ftljoypfezvlxcgouzbpmsmxzads/Build/Intermediates.noindex/leveldb.build/Debug-iphoneos/leveldb.build/Objects-normal/arm64/82b82416624d2658e5098eb0a28c15c5-common-args.resp -MMD -MT dependencies -MF /Users/Veer/Library/Developer/Xcode/DerivedData/HearifyV1-ftljoypfezvlxcgouzbpmsmxzads/Build/Intermediates.noindex/leveldb.build/Debug-iphoneos/leveldb.build/Objects-normal/arm64/comparator.d --serialize-diagnostics /Users/Veer/Library/Developer/Xcode/DerivedData/HearifyV1-ftljoypfezvlxcgouzbpmsmxzads/Build/Intermediates.noindex/leveldb.build/Debug-iphoneos/leveldb.build/Objects-normal/arm64/comparator.dia -c /Users/Veer/Library/Developer/Xcode/DerivedData/HearifyV1-ftljoypfezvlxcgouzbpmsmxzads/SourcePackages/checkouts/leveldb/util/comparator.cc -o /Users/Veer/Library/Developer/Xcode/DerivedData/HearifyV1-ftljoypfezvlxcgouzbpmsmxzads/Build/Intermediates.noindex/leveldb.build/Debug-iphoneos/leveldb.build/Objects-normal/arm64/comparator.o -index-unit-output-path /leveldb.build/Debug-iphoneos/leveldb.build/Objects-normal/arm64/comparator.o

SwiftExplicitDependencyGeneratePcm arm64 /Users/Veer/Library/Developer/Xcode/DerivedData/ModuleCache.noindex/os_object-AZ2U27FS7NWWJRCSEAQHF1QOY.pcm

CompileC /Users/Veer/Library/Developer/Xcode/DerivedData/HearifyV1-ftljoypfezvlxcgouzbpmsmxzads/Build/Intermediates.noindex/leveldb.build/Debug-iphoneos/leveldb.build/Objects-normal/arm64/coding.o /Users/Veer/Library/Developer/Xcode/DerivedData/HearifyV1-ftljoypfezvlxcgouzbpmsmxzads/SourcePackages/checkouts/leveldb/util/coding.cc normal arm64 c++ com.apple.compilers.llvm.clang.1_0.compiler (in target 'leveldb' from project 'leveldb')
    cd /Users/Veer/Library/Mobile\ Documents/com\~apple\~CloudDocs/HearifyV1/HearifyV1.xcodeproj
    
    Using response file: /Users/Veer/Library/Developer/Xcode/DerivedData/HearifyV1-ftljoypfezvlxcgouzbpmsmxzads/Build/Intermediates.noindex/leveldb.build/Debug-iphoneos/leveldb.build/Objects-normal/arm64/82b82416624d2658e5098eb0a28c15c5-common-args.resp
    
    /Applications/Xcode.app/Contents/Developer/Toolchains/XcodeDefault.xctoolchain/usr/bin/clang -x c++ -ivfsstatcache /Users/Veer/Library/Developer/Xcode/DerivedData/SDKStatCaches.noindex/iphoneos26.2-23C53-3794476bd08197c3e2abd9bb477ef7f7.sdkstatcache -fmessage-length\=0 -fdiagnostics-show-note-include-stack -fmacro-backtrace-limit\=0 -fno-color-diagnostics -fmodules-prune-interval\=86400 -fmodules-prune-after\=345600 -fbuild-session-file\=/Users/Veer/Library/Developer/Xcode/DerivedData/ModuleCache.noindex/Session.modulevalidation -fmodules-validate-once-per-build-session -Wnon-modular-include-in-framework-module -Werror\=non-modular-include-in-framework-module -Wno-trigraphs -Wno-missing-field-initializers -Wno-missing-prototypes -Wno-return-type -Wno-non-virtual-dtor -Wno-overloaded-virtual -Wno-exit-time-destructors -Wno-missing-braces -Wparentheses -Wswitch -Wno-unused-function -Wno-unused-label -Wno-unused-parameter -Wno-unused-variable -Wunused-value -Wno-empty-body -Wno-uninitialized -Wno-unknown-pragmas -w -Wno-shadow -Wno-four-char-constants -Wno-conversion -Wno-constant-conversion -Wno-int-conversion -Wno-bool-conversion -Wno-enum-conversion -Wno-float-conversion -Wno-non-literal-null-conversion -Wno-objc-literal-conversion -Wshorten-64-to-32 -Wno-newline-eof -Wno-c++11-extensions -Wno-implicit-fallthrough -fstrict-aliasing -Wdeprecated-declarations -Winvalid-offsetof -Wno-sign-conversion -Wno-infinite-recursion -Wno-move -Wno-comma -Wno-block-capture-autoreleasing -Wno-strict-prototypes -Wno-range-loop-analysis -Wno-semicolon-before-method-body -index-store-path /Users/Veer/Library/Developer/Xcode/DerivedData/HearifyV1-ftljoypfezvlxcgouzbpmsmxzads/Index.noindex/DataStore @/Users/Veer/Library/Developer/Xcode/DerivedData/HearifyV1-ftljoypfezvlxcgouzbpmsmxzads/Build/Intermediates.noindex/leveldb.build/Debug-iphoneos/leveldb.build/Objects-normal/arm64/82b82416624d2658e5098eb0a28c15c5-common-args.resp -MMD -MT dependencies -MF /Users/Veer/Library/Developer/Xcode/DerivedData/HearifyV1-ftljoypfezvlxcgouzbpmsmxzads/Build/Intermediates.noindex/leveldb.build/Debug-iphoneos/leveldb.build/Objects-normal/arm64/coding.d --serialize-diagnostics /Users/Veer/Library/Developer/Xcode/DerivedData/HearifyV1-ftljoypfezvlxcgouzbpmsmxzads/Build/Intermediates.noindex/leveldb.build/Debug-iphoneos/leveldb.build/Objects-normal/arm64/coding.dia -c /Users/Veer/Library/Developer/Xcode/DerivedData/HearifyV1-ftljoypfezvlxcgouzbpmsmxzads/SourcePackages/checkouts/leveldb/util/coding.cc -o /Users/Veer/Library/Developer/Xcode/DerivedData/HearifyV1-ftljoypfezvlxcgouzbpmsmxzads/Build/Intermediates.noindex/leveldb.build/Debug-iphoneos/leveldb.build/Objects-normal/arm64/coding.o -index-unit-output-path /leveldb.build/Debug-iphoneos/leveldb.build/Objects-normal/arm64/coding.o

CompileC /Users/Veer/Library/Developer/Xcode/DerivedData/HearifyV1-ftljoypfezvlxcgouzbpmsmxzads/Build/Intermediates.noindex/leveldb.build/Debug-iphoneos/leveldb.build/Objects-normal/arm64/cache.o /Users/Veer/Library/Developer/Xcode/DerivedData/HearifyV1-ftljoypfezvlxcgouzbpmsmxzads/SourcePackages/checkouts/leveldb/util/cache.cc normal arm64 c++ com.apple.compilers.llvm.clang.1_0.compiler (in target 'leveldb' from project 'leveldb')
    cd /Users/Veer/Library/Mobile\ Documents/com\~apple\~CloudDocs/HearifyV1/HearifyV1.xcodeproj
    
    Using response file: /Users/Veer/Library/Developer/Xcode/DerivedData/HearifyV1-ftljoypfezvlxcgouzbpmsmxzads/Build/Intermediates.noindex/leveldb.build/Debug-iphoneos/leveldb.build/Objects-normal/arm64/82b82416624d2658e5098eb0a28c15c5-common-args.resp
    
    /Applications/Xcode.app/Contents/Developer/Toolchains/XcodeDefault.xctoolchain/usr/bin/clang -x c++ -ivfsstatcache /Users/Veer/Library/Developer/Xcode/DerivedData/SDKStatCaches.noindex/iphoneos26.2-23C53-3794476bd08197c3e2abd9bb477ef7f7.sdkstatcache -fmessage-length\=0 -fdiagnostics-show-note-include-stack -fmacro-backtrace-limit\=0 -fno-color-diagnostics -fmodules-prune-interval\=86400 -fmodules-prune-after\=345600 -fbuild-session-file\=/Users/Veer/Library/Developer/Xcode/DerivedData/ModuleCache.noindex/Session.modulevalidation -fmodules-validate-once-per-build-session -Wnon-modular-include-in-framework-module -Werror\=non-modular-include-in-framework-module -Wno-trigraphs -Wno-missing-field-initializers -Wno-missing-prototypes -Wno-return-type -Wno-non-virtual-dtor -Wno-overloaded-virtual -Wno-exit-time-destructors -Wno-missing-braces -Wparentheses -Wswitch -Wno-unused-function -Wno-unused-label -Wno-unused-parameter -Wno-unused-variable -Wunused-value -Wno-empty-body -Wno-uninitialized -Wno-unknown-pragmas -w -Wno-shadow -Wno-four-char-constants -Wno-conversion -Wno-constant-conversion -Wno-int-conversion -Wno-bool-conversion -Wno-enum-conversion -Wno-float-conversion -Wno-non-literal-null-conversion -Wno-objc-literal-conversion -Wshorten-64-to-32 -Wno-newline-eof -Wno-c++11-extensions -Wno-implicit-fallthrough -fstrict-aliasing -Wdeprecated-declarations -Winvalid-offsetof -Wno-sign-conversion -Wno-infinite-recursion -Wno-move -Wno-comma -Wno-block-capture-autoreleasing -Wno-strict-prototypes -Wno-range-loop-analysis -Wno-semicolon-before-method-body -index-store-path /Users/Veer/Library/Developer/Xcode/DerivedData/HearifyV1-ftljoypfezvlxcgouzbpmsmxzads/Index.noindex/DataStore @/Users/Veer/Library/Developer/Xcode/DerivedData/HearifyV1-ftljoypfezvlxcgouzbpmsmxzads/Build/Intermediates.noindex/leveldb.build/Debug-iphoneos/leveldb.build/Objects-normal/arm64/82b82416624d2658e5098eb0a28c15c5-common-args.resp -MMD -MT dependencies -MF /Users/Veer/Library/Developer/Xcode/DerivedData/HearifyV1-ftljoypfezvlxcgouzbpmsmxzads/Build/Intermediates.noindex/leveldb.build/Debug-iphoneos/leveldb.build/Objects-normal/arm64/cache.d --serialize-diagnostics /Users/Veer/Library/Developer/Xcode/DerivedData/HearifyV1-ftljoypfezvlxcgouzbpmsmxzads/Build/Intermediates.noindex/leveldb.build/Debug-iphoneos/leveldb.build/Objects-normal/arm64/cache.dia -c /Users/Veer/Library/Developer/Xcode/DerivedData/HearifyV1-ftljoypfezvlxcgouzbpmsmxzads/SourcePackages/checkouts/leveldb/util/cache.cc -o /Users/Veer/Library/Developer/Xcode/DerivedData/HearifyV1-ftljoypfezvlxcgouzbpmsmxzads/Build/Intermediates.noindex/leveldb.build/Debug-iphoneos/leveldb.build/Objects-normal/arm64/cache.o -index-unit-output-path /leveldb.build/Debug-iphoneos/leveldb.build/Objects-normal/arm64/cache.o

CompileC /Users/Veer/Library/Developer/Xcode/DerivedData/HearifyV1-ftljoypfezvlxcgouzbpmsmxzads/Build/Intermediates.noindex/leveldb.build/Debug-iphoneos/leveldb.build/Objects-normal/arm64/c.o /Users/Veer/Library/Developer/Xcode/DerivedData/HearifyV1-ftljoypfezvlxcgouzbpmsmxzads/SourcePackages/checkouts/leveldb/db/c.cc normal arm64 c++ com.apple.compilers.llvm.clang.1_0.compiler (in target 'leveldb' from project 'leveldb')
    cd /Users/Veer/Library/Mobile\ Documents/com\~apple\~CloudDocs/HearifyV1/HearifyV1.xcodeproj
    
    Using response file: /Users/Veer/Library/Developer/Xcode/DerivedData/HearifyV1-ftljoypfezvlxcgouzbpmsmxzads/Build/Intermediates.noindex/leveldb.build/Debug-iphoneos/leveldb.build/Objects-normal/arm64/82b82416624d2658e5098eb0a28c15c5-common-args.resp
    
    /Applications/Xcode.app/Contents/Developer/Toolchains/XcodeDefault.xctoolchain/usr/bin/clang -x c++ -ivfsstatcache /Users/Veer/Library/Developer/Xcode/DerivedData/SDKStatCaches.noindex/iphoneos26.2-23C53-3794476bd08197c3e2abd9bb477ef7f7.sdkstatcache -fmessage-length\=0 -fdiagnostics-show-note-include-stack -fmacro-backtrace-limit\=0 -fno-color-diagnostics -fmodules-prune-interval\=86400 -fmodules-prune-after\=345600 -fbuild-session-file\=/Users/Veer/Library/Developer/Xcode/DerivedData/ModuleCache.noindex/Session.modulevalidation -fmodules-validate-once-per-build-session -Wnon-modular-include-in-framework-module -Werror\=non-modular-include-in-framework-module -Wno-trigraphs -Wno-missing-field-initializers -Wno-missing-prototypes -Wno-return-type -Wno-non-virtual-dtor -Wno-overloaded-virtual -Wno-exit-time-destructors -Wno-missing-braces -Wparentheses -Wswitch -Wno-unused-function -Wno-unused-label -Wno-unused-parameter -Wno-unused-variable -Wunused-value -Wno-empty-body -Wno-uninitialized -Wno-unknown-pragmas -w -Wno-shadow -Wno-four-char-constants -Wno-conversion -Wno-constant-conversion -Wno-int-conversion -Wno-bool-conversion -Wno-enum-conversion -Wno-float-conversion -Wno-non-literal-null-conversion -Wno-objc-literal-conversion -Wshorten-64-to-32 -Wno-newline-eof -Wno-c++11-extensions -Wno-implicit-fallthrough -fstrict-aliasing -Wdeprecated-declarations -Winvalid-offsetof -Wno-sign-conversion -Wno-infinite-recursion -Wno-move -Wno-comma -Wno-block-capture-autoreleasing -Wno-strict-prototypes -Wno-range-loop-analysis -Wno-semicolon-before-method-body -index-store-path /Users/Veer/Library/Developer/Xcode/DerivedData/HearifyV1-ftljoypfezvlxcgouzbpmsmxzads/Index.noindex/DataStore @/Users/Veer/Library/Developer/Xcode/DerivedData/HearifyV1-ftljoypfezvlxcgouzbpmsmxzads/Build/Intermediates.noindex/leveldb.build/Debug-iphoneos/leveldb.build/Objects-normal/arm64/82b82416624d2658e5098eb0a28c15c5-common-args.resp -MMD -MT dependencies -MF /Users/Veer/Library/Developer/Xcode/DerivedData/HearifyV1-ftljoypfezvlxcgouzbpmsmxzads/Build/Intermediates.noindex/leveldb.build/Debug-iphoneos/leveldb.build/Objects-normal/arm64/c.d --serialize-diagnostics /Users/Veer/Library/Developer/Xcode/DerivedData/HearifyV1-ftljoypfezvlxcgouzbpmsmxzads/Build/Intermediates.noindex/leveldb.build/Debug-iphoneos/leveldb.build/Objects-normal/arm64/c.dia -c /Users/Veer/Library/Developer/Xcode/DerivedData/HearifyV1-ftljoypfezvlxcgouzbpmsmxzads/SourcePackages/checkouts/leveldb/db/c.cc -o /Users/Veer/Library/Developer/Xcode/DerivedData/HearifyV1-ftljoypfezvlxcgouzbpmsmxzads/Build/Intermediates.noindex/leveldb.build/Debug-iphoneos/leveldb.build/Objects-normal/arm64/c.o -index-unit-output-path /leveldb.build/Debug-iphoneos/leveldb.build/Objects-normal/arm64/c.o

SwiftExplicitDependencyGeneratePcm arm64 /Users/Veer/Library/Developer/Xcode/DerivedData/ModuleCache.noindex/os_workgroup-56YGXPECFZ1PEMLET4RQXEM63.pcm

CompileC /Users/Veer/Library/Developer/Xcode/DerivedData/HearifyV1-ftljoypfezvlxcgouzbpmsmxzads/Build/Intermediates.noindex/leveldb.build/Debug-iphoneos/leveldb.build/Objects-normal/arm64/builder.o /Users/Veer/Library/Developer/Xcode/DerivedData/HearifyV1-ftljoypfezvlxcgouzbpmsmxzads/SourcePackages/checkouts/leveldb/db/builder.cc normal arm64 c++ com.apple.compilers.llvm.clang.1_0.compiler (in target 'leveldb' from project 'leveldb')
    cd /Users/Veer/Library/Mobile\ Documents/com\~apple\~CloudDocs/HearifyV1/HearifyV1.xcodeproj
    
    Using response file: /Users/Veer/Library/Developer/Xcode/DerivedData/HearifyV1-ftljoypfezvlxcgouzbpmsmxzads/Build/Intermediates.noindex/leveldb.build/Debug-iphoneos/leveldb.build/Objects-normal/arm64/82b82416624d2658e5098eb0a28c15c5-common-args.resp
    
    /Applications/Xcode.app/Contents/Developer/Toolchains/XcodeDefault.xctoolchain/usr/bin/clang -x c++ -ivfsstatcache /Users/Veer/Library/Developer/Xcode/DerivedData/SDKStatCaches.noindex/iphoneos26.2-23C53-3794476bd08197c3e2abd9bb477ef7f7.sdkstatcache -fmessage-length\=0 -fdiagnostics-show-note-include-stack -fmacro-backtrace-limit\=0 -fno-color-diagnostics -fmodules-prune-interval\=86400 -fmodules-prune-after\=345600 -fbuild-session-file\=/Users/Veer/Library/Developer/Xcode/DerivedData/ModuleCache.noindex/Session.modulevalidation -fmodules-validate-once-per-build-session -Wnon-modular-include-in-framework-module -Werror\=non-modular-include-in-framework-module -Wno-trigraphs -Wno-missing-field-initializers -Wno-missing-prototypes -Wno-return-type -Wno-non-virtual-dtor -Wno-overloaded-virtual -Wno-exit-time-destructors -Wno-missing-braces -Wparentheses -Wswitch -Wno-unused-function -Wno-unused-label -Wno-unused-parameter -Wno-unused-variable -Wunused-value -Wno-empty-body -Wno-uninitialized -Wno-unknown-pragmas -w -Wno-shadow -Wno-four-char-constants -Wno-conversion -Wno-constant-conversion -Wno-int-conversion -Wno-bool-conversion -Wno-enum-conversion -Wno-float-conversion -Wno-non-literal-null-conversion -Wno-objc-literal-conversion -Wshorten-64-to-32 -Wno-newline-eof -Wno-c++11-extensions -Wno-implicit-fallthrough -fstrict-aliasing -Wdeprecated-declarations -Winvalid-offsetof -Wno-sign-conversion -Wno-infinite-recursion -Wno-move -Wno-comma -Wno-block-capture-autoreleasing -Wno-strict-prototypes -Wno-range-loop-analysis -Wno-semicolon-before-method-body -index-store-path /Users/Veer/Library/Developer/Xcode/DerivedData/HearifyV1-ftljoypfezvlxcgouzbpmsmxzads/Index.noindex/DataStore @/Users/Veer/Library/Developer/Xcode/DerivedData/HearifyV1-ftljoypfezvlxcgouzbpmsmxzads/Build/Intermediates.noindex/leveldb.build/Debug-iphoneos/leveldb.build/Objects-normal/arm64/82b82416624d2658e5098eb0a28c15c5-common-args.resp -MMD -MT dependencies -MF /Users/Veer/Library/Developer/Xcode/DerivedData/HearifyV1-ftljoypfezvlxcgouzbpmsmxzads/Build/Intermediates.noindex/leveldb.build/Debug-iphoneos/leveldb.build/Objects-normal/arm64/builder.d --serialize-diagnostics /Users/Veer/Library/Developer/Xcode/DerivedData/HearifyV1-ftljoypfezvlxcgouzbpmsmxzads/Build/Intermediates.noindex/leveldb.build/Debug-iphoneos/leveldb.build/Objects-normal/arm64/builder.dia -c /Users/Veer/Library/Developer/Xcode/DerivedData/HearifyV1-ftljoypfezvlxcgouzbpmsmxzads/SourcePackages/checkouts/leveldb/db/builder.cc -o /Users/Veer/Library/Developer/Xcode/DerivedData/HearifyV1-ftljoypfezvlxcgouzbpmsmxzads/Build/Intermediates.noindex/leveldb.build/Debug-iphoneos/leveldb.build/Objects-normal/arm64/builder.o -index-unit-output-path /leveldb.build/Debug-iphoneos/leveldb.build/Objects-normal/arm64/builder.o

CompileC /Users/Veer/Library/Developer/Xcode/DerivedData/HearifyV1-ftljoypfezvlxcgouzbpmsmxzads/Build/Intermediates.noindex/leveldb.build/Debug-iphoneos/leveldb.build/Objects-normal/arm64/bloom.o /Users/Veer/Library/Developer/Xcode/DerivedData/HearifyV1-ftljoypfezvlxcgouzbpmsmxzads/SourcePackages/checkouts/leveldb/util/bloom.cc normal arm64 c++ com.apple.compilers.llvm.clang.1_0.compiler (in target 'leveldb' from project 'leveldb')
    cd /Users/Veer/Library/Mobile\ Documents/com\~apple\~CloudDocs/HearifyV1/HearifyV1.xcodeproj
    
    Using response file: /Users/Veer/Library/Developer/Xcode/DerivedData/HearifyV1-ftljoypfezvlxcgouzbpmsmxzads/Build/Intermediates.noindex/leveldb.build/Debug-iphoneos/leveldb.build/Objects-normal/arm64/82b82416624d2658e5098eb0a28c15c5-common-args.resp
    
    /Applications/Xcode.app/Contents/Developer/Toolchains/XcodeDefault.xctoolchain/usr/bin/clang -x c++ -ivfsstatcache /Users/Veer/Library/Developer/Xcode/DerivedData/SDKStatCaches.noindex/iphoneos26.2-23C53-3794476bd08197c3e2abd9bb477ef7f7.sdkstatcache -fmessage-length\=0 -fdiagnostics-show-note-include-stack -fmacro-backtrace-limit\=0 -fno-color-diagnostics -fmodules-prune-interval\=86400 -fmodules-prune-after\=345600 -fbuild-session-file\=/Users/Veer/Library/Developer/Xcode/DerivedData/ModuleCache.noindex/Session.modulevalidation -fmodules-validate-once-per-build-session -Wnon-modular-include-in-framework-module -Werror\=non-modular-include-in-framework-module -Wno-trigraphs -Wno-missing-field-initializers -Wno-missing-prototypes -Wno-return-type -Wno-non-virtual-dtor -Wno-overloaded-virtual -Wno-exit-time-destructors -Wno-missing-braces -Wparentheses -Wswitch -Wno-unused-function -Wno-unused-label -Wno-unused-parameter -Wno-unused-variable -Wunused-value -Wno-empty-body -Wno-uninitialized -Wno-unknown-pragmas -w -Wno-shadow -Wno-four-char-constants -Wno-conversion -Wno-constant-conversion -Wno-int-conversion -Wno-bool-conversion -Wno-enum-conversion -Wno-float-conversion -Wno-non-literal-null-conversion -Wno-objc-literal-conversion -Wshorten-64-to-32 -Wno-newline-eof -Wno-c++11-extensions -Wno-implicit-fallthrough -fstrict-aliasing -Wdeprecated-declarations -Winvalid-offsetof -Wno-sign-conversion -Wno-infinite-recursion -Wno-move -Wno-comma -Wno-block-capture-autoreleasing -Wno-strict-prototypes -Wno-range-loop-analysis -Wno-semicolon-before-method-body -index-store-path /Users/Veer/Library/Developer/Xcode/DerivedData/HearifyV1-ftljoypfezvlxcgouzbpmsmxzads/Index.noindex/DataStore @/Users/Veer/Library/Developer/Xcode/DerivedData/HearifyV1-ftljoypfezvlxcgouzbpmsmxzads/Build/Intermediates.noindex/leveldb.build/Debug-iphoneos/leveldb.build/Objects-normal/arm64/82b82416624d2658e5098eb0a28c15c5-common-args.resp -MMD -MT dependencies -MF /Users/Veer/Library/Developer/Xcode/DerivedData/HearifyV1-ftljoypfezvlxcgouzbpmsmxzads/Build/Intermediates.noindex/leveldb.build/Debug-iphoneos/leveldb.build/Objects-normal/arm64/bloom.d --serialize-diagnostics /Users/Veer/Library/Developer/Xcode/DerivedData/HearifyV1-ftljoypfezvlxcgouzbpmsmxzads/Build/Intermediates.noindex/leveldb.build/Debug-iphoneos/leveldb.build/Objects-normal/arm64/bloom.dia -c /Users/Veer/Library/Developer/Xcode/DerivedData/HearifyV1-ftljoypfezvlxcgouzbpmsmxzads/SourcePackages/checkouts/leveldb/util/bloom.cc -o /Users/Veer/Library/Developer/Xcode/DerivedData/HearifyV1-ftljoypfezvlxcgouzbpmsmxzads/Build/Intermediates.noindex/leveldb.build/Debug-iphoneos/leveldb.build/Objects-normal/arm64/bloom.o -index-unit-output-path /leveldb.build/Debug-iphoneos/leveldb.build/Objects-normal/arm64/bloom.o

CompileC /Users/Veer/Library/Developer/Xcode/DerivedData/HearifyV1-ftljoypfezvlxcgouzbpmsmxzads/Build/Intermediates.noindex/leveldb.build/Debug-iphoneos/leveldb.build/Objects-normal/arm64/block_builder.o /Users/Veer/Library/Developer/Xcode/DerivedData/HearifyV1-ftljoypfezvlxcgouzbpmsmxzads/SourcePackages/checkouts/leveldb/table/block_builder.cc normal arm64 c++ com.apple.compilers.llvm.clang.1_0.compiler (in target 'leveldb' from project 'leveldb')
    cd /Users/Veer/Library/Mobile\ Documents/com\~apple\~CloudDocs/HearifyV1/HearifyV1.xcodeproj
    
    Using response file: /Users/Veer/Library/Developer/Xcode/DerivedData/HearifyV1-ftljoypfezvlxcgouzbpmsmxzads/Build/Intermediates.noindex/leveldb.build/Debug-iphoneos/leveldb.build/Objects-normal/arm64/82b82416624d2658e5098eb0a28c15c5-common-args.resp
    
    /Applications/Xcode.app/Contents/Developer/Toolchains/XcodeDefault.xctoolchain/usr/bin/clang -x c++ -ivfsstatcache /Users/Veer/Library/Developer/Xcode/DerivedData/SDKStatCaches.noindex/iphoneos26.2-23C53-3794476bd08197c3e2abd9bb477ef7f7.sdkstatcache -fmessage-length\=0 -fdiagnostics-show-note-include-stack -fmacro-backtrace-limit\=0 -fno-color-diagnostics -fmodules-prune-interval\=86400 -fmodules-prune-after\=345600 -fbuild-session-file\=/Users/Veer/Library/Developer/Xcode/DerivedData/ModuleCache.noindex/Session.modulevalidation -fmodules-validate-once-per-build-session -Wnon-modular-include-in-framework-module -Werror\=non-modular-include-in-framework-module -Wno-trigraphs -Wno-missing-field-initializers -Wno-missing-prototypes -Wno-return-type -Wno-non-virtual-dtor -Wno-overloaded-virtual -Wno-exit-time-destructors -Wno-missing-braces -Wparentheses -Wswitch -Wno-unused-function -Wno-unused-label -Wno-unused-parameter -Wno-unused-variable -Wunused-value -Wno-empty-body -Wno-uninitialized -Wno-unknown-pragmas -w -Wno-shadow -Wno-four-char-constants -Wno-conversion -Wno-constant-conversion -Wno-int-conversion -Wno-bool-conversion -Wno-enum-conversion -Wno-float-conversion -Wno-non-literal-null-conversion -Wno-objc-literal-conversion -Wshorten-64-to-32 -Wno-newline-eof -Wno-c++11-extensions -Wno-implicit-fallthrough -fstrict-aliasing -Wdeprecated-declarations -Winvalid-offsetof -Wno-sign-conversion -Wno-infinite-recursion -Wno-move -Wno-comma -Wno-block-capture-autoreleasing -Wno-strict-prototypes -Wno-range-loop-analysis -Wno-semicolon-before-method-body -index-store-path /Users/Veer/Library/Developer/Xcode/DerivedData/HearifyV1-ftljoypfezvlxcgouzbpmsmxzads/Index.noindex/DataStore @/Users/Veer/Library/Developer/Xcode/DerivedData/HearifyV1-ftljoypfezvlxcgouzbpmsmxzads/Build/Intermediates.noindex/leveldb.build/Debug-iphoneos/leveldb.build/Objects-normal/arm64/82b82416624d2658e5098eb0a28c15c5-common-args.resp -MMD -MT dependencies -MF /Users/Veer/Library/Developer/Xcode/DerivedData/HearifyV1-ftljoypfezvlxcgouzbpmsmxzads/Build/Intermediates.noindex/leveldb.build/Debug-iphoneos/leveldb.build/Objects-normal/arm64/block_builder.d --serialize-diagnostics /Users/Veer/Library/Developer/Xcode/DerivedData/HearifyV1-ftljoypfezvlxcgouzbpmsmxzads/Build/Intermediates.noindex/leveldb.build/Debug-iphoneos/leveldb.build/Objects-normal/arm64/block_builder.dia -c /Users/Veer/Library/Developer/Xcode/DerivedData/HearifyV1-ftljoypfezvlxcgouzbpmsmxzads/SourcePackages/checkouts/leveldb/table/block_builder.cc -o /Users/Veer/Library/Developer/Xcode/DerivedData/HearifyV1-ftljoypfezvlxcgouzbpmsmxzads/Build/Intermediates.noindex/leveldb.build/Debug-iphoneos/leveldb.build/Objects-normal/arm64/block_builder.o -index-unit-output-path /leveldb.build/Debug-iphoneos/leveldb.build/Objects-normal/arm64/block_builder.o

SwiftExplicitDependencyGeneratePcm arm64 /Users/Veer/Library/Developer/Xcode/DerivedData/ModuleCache.noindex/Dispatch-9C7UIW8IDN92PZPDOMFOSNOKF.pcm

CompileC /Users/Veer/Library/Developer/Xcode/DerivedData/HearifyV1-ftljoypfezvlxcgouzbpmsmxzads/Build/Intermediates.noindex/leveldb.build/Debug-iphoneos/leveldb.build/Objects-normal/arm64/block.o /Users/Veer/Library/Developer/Xcode/DerivedData/HearifyV1-ftljoypfezvlxcgouzbpmsmxzads/SourcePackages/checkouts/leveldb/table/block.cc normal arm64 c++ com.apple.compilers.llvm.clang.1_0.compiler (in target 'leveldb' from project 'leveldb')
    cd /Users/Veer/Library/Mobile\ Documents/com\~apple\~CloudDocs/HearifyV1/HearifyV1.xcodeproj
    
    Using response file: /Users/Veer/Library/Developer/Xcode/DerivedData/HearifyV1-ftljoypfezvlxcgouzbpmsmxzads/Build/Intermediates.noindex/leveldb.build/Debug-iphoneos/leveldb.build/Objects-normal/arm64/82b82416624d2658e5098eb0a28c15c5-common-args.resp
    
    /Applications/Xcode.app/Contents/Developer/Toolchains/XcodeDefault.xctoolchain/usr/bin/clang -x c++ -ivfsstatcache /Users/Veer/Library/Developer/Xcode/DerivedData/SDKStatCaches.noindex/iphoneos26.2-23C53-3794476bd08197c3e2abd9bb477ef7f7.sdkstatcache -fmessage-length\=0 -fdiagnostics-show-note-include-stack -fmacro-backtrace-limit\=0 -fno-color-diagnostics -fmodules-prune-interval\=86400 -fmodules-prune-after\=345600 -fbuild-session-file\=/Users/Veer/Library/Developer/Xcode/DerivedData/ModuleCache.noindex/Session.modulevalidation -fmodules-validate-once-per-build-session -Wnon-modular-include-in-framework-module -Werror\=non-modular-include-in-framework-module -Wno-trigraphs -Wno-missing-field-initializers -Wno-missing-prototypes -Wno-return-type -Wno-non-virtual-dtor -Wno-overloaded-virtual -Wno-exit-time-destructors -Wno-missing-braces -Wparentheses -Wswitch -Wno-unused-function -Wno-unused-label -Wno-unused-parameter -Wno-unused-variable -Wunused-value -Wno-empty-body -Wno-uninitialized -Wno-unknown-pragmas -w -Wno-shadow -Wno-four-char-constants -Wno-conversion -Wno-constant-conversion -Wno-int-conversion -Wno-bool-conversion -Wno-enum-conversion -Wno-float-conversion -Wno-non-literal-null-conversion -Wno-objc-literal-conversion -Wshorten-64-to-32 -Wno-newline-eof -Wno-c++11-extensions -Wno-implicit-fallthrough -fstrict-aliasing -Wdeprecated-declarations -Winvalid-offsetof -Wno-sign-conversion -Wno-infinite-recursion -Wno-move -Wno-comma -Wno-block-capture-autoreleasing -Wno-strict-prototypes -Wno-range-loop-analysis -Wno-semicolon-before-method-body -index-store-path /Users/Veer/Library/Developer/Xcode/DerivedData/HearifyV1-ftljoypfezvlxcgouzbpmsmxzads/Index.noindex/DataStore @/Users/Veer/Library/Developer/Xcode/DerivedData/HearifyV1-ftljoypfezvlxcgouzbpmsmxzads/Build/Intermediates.noindex/leveldb.build/Debug-iphoneos/leveldb.build/Objects-normal/arm64/82b82416624d2658e5098eb0a28c15c5-common-args.resp -MMD -MT dependencies -MF /Users/Veer/Library/Developer/Xcode/DerivedData/HearifyV1-ftljoypfezvlxcgouzbpmsmxzads/Build/Intermediates.noindex/leveldb.build/Debug-iphoneos/leveldb.build/Objects-normal/arm64/block.d --serialize-diagnostics /Users/Veer/Library/Developer/Xcode/DerivedData/HearifyV1-ftljoypfezvlxcgouzbpmsmxzads/Build/Intermediates.noindex/leveldb.build/Debug-iphoneos/leveldb.build/Objects-normal/arm64/block.dia -c /Users/Veer/Library/Developer/Xcode/DerivedData/HearifyV1-ftljoypfezvlxcgouzbpmsmxzads/SourcePackages/checkouts/leveldb/table/block.cc -o /Users/Veer/Library/Developer/Xcode/DerivedData/HearifyV1-ftljoypfezvlxcgouzbpmsmxzads/Build/Intermediates.noindex/leveldb.build/Debug-iphoneos/leveldb.build/Objects-normal/arm64/block.o -index-unit-output-path /leveldb.build/Debug-iphoneos/leveldb.build/Objects-normal/arm64/block.o

SwiftExplicitDependencyGeneratePcm arm64 /Users/Veer/Library/Developer/Xcode/DerivedData/ModuleCache.noindex/CoreFoundation-4O2AQ74VX4AD0BRWKN53CCAX.pcm

SwiftExplicitDependencyGeneratePcm arm64 /Users/Veer/Library/Developer/Xcode/DerivedData/ModuleCache.noindex/XPC-9RRI5N4U1NMF9CE2LJNL57AW5.pcm

CompileC /Users/Veer/Library/Developer/Xcode/DerivedData/HearifyV1-ftljoypfezvlxcgouzbpmsmxzads/Build/Intermediates.noindex/leveldb.build/Debug-iphoneos/leveldb.build/Objects-normal/arm64/arena.o /Users/Veer/Library/Developer/Xcode/DerivedData/HearifyV1-ftljoypfezvlxcgouzbpmsmxzads/SourcePackages/checkouts/leveldb/util/arena.cc normal arm64 c++ com.apple.compilers.llvm.clang.1_0.compiler (in target 'leveldb' from project 'leveldb')
    cd /Users/Veer/Library/Mobile\ Documents/com\~apple\~CloudDocs/HearifyV1/HearifyV1.xcodeproj
    
    Using response file: /Users/Veer/Library/Developer/Xcode/DerivedData/HearifyV1-ftljoypfezvlxcgouzbpmsmxzads/Build/Intermediates.noindex/leveldb.build/Debug-iphoneos/leveldb.build/Objects-normal/arm64/82b82416624d2658e5098eb0a28c15c5-common-args.resp
    
    /Applications/Xcode.app/Contents/Developer/Toolchains/XcodeDefault.xctoolchain/usr/bin/clang -x c++ -ivfsstatcache /Users/Veer/Library/Developer/Xcode/DerivedData/SDKStatCaches.noindex/iphoneos26.2-23C53-3794476bd08197c3e2abd9bb477ef7f7.sdkstatcache -fmessage-length\=0 -fdiagnostics-show-note-include-stack -fmacro-backtrace-limit\=0 -fno-color-diagnostics -fmodules-prune-interval\=86400 -fmodules-prune-after\=345600 -fbuild-session-file\=/Users/Veer/Library/Developer/Xcode/DerivedData/ModuleCache.noindex/Session.modulevalidation -fmodules-validate-once-per-build-session -Wnon-modular-include-in-framework-module -Werror\=non-modular-include-in-framework-module -Wno-trigraphs -Wno-missing-field-initializers -Wno-missing-prototypes -Wno-return-type -Wno-non-virtual-dtor -Wno-overloaded-virtual -Wno-exit-time-destructors -Wno-missing-braces -Wparentheses -Wswitch -Wno-unused-function -Wno-unused-label -Wno-unused-parameter -Wno-unused-variable -Wunused-value -Wno-empty-body -Wno-uninitialized -Wno-unknown-pragmas -w -Wno-shadow -Wno-four-char-constants -Wno-conversion -Wno-constant-conversion -Wno-int-conversion -Wno-bool-conversion -Wno-enum-conversion -Wno-float-conversion -Wno-non-literal-null-conversion -Wno-objc-literal-conversion -Wshorten-64-to-32 -Wno-newline-eof -Wno-c++11-extensions -Wno-implicit-fallthrough -fstrict-aliasing -Wdeprecated-declarations -Winvalid-offsetof -Wno-sign-conversion -Wno-infinite-recursion -Wno-move -Wno-comma -Wno-block-capture-autoreleasing -Wno-strict-prototypes -Wno-range-loop-analysis -Wno-semicolon-before-method-body -index-store-path /Users/Veer/Library/Developer/Xcode/DerivedData/HearifyV1-ftljoypfezvlxcgouzbpmsmxzads/Index.noindex/DataStore @/Users/Veer/Library/Developer/Xcode/DerivedData/HearifyV1-ftljoypfezvlxcgouzbpmsmxzads/Build/Intermediates.noindex/leveldb.build/Debug-iphoneos/leveldb.build/Objects-normal/arm64/82b82416624d2658e5098eb0a28c15c5-common-args.resp -MMD -MT dependencies -MF /Users/Veer/Library/Developer/Xcode/DerivedData/HearifyV1-ftljoypfezvlxcgouzbpmsmxzads/Build/Intermediates.noindex/leveldb.build/Debug-iphoneos/leveldb.build/Objects-normal/arm64/arena.d --serialize-diagnostics /Users/Veer/Library/Developer/Xcode/DerivedData/HearifyV1-ftljoypfezvlxcgouzbpmsmxzads/Build/Intermediates.noindex/leveldb.build/Debug-iphoneos/leveldb.build/Objects-normal/arm64/arena.dia -c /Users/Veer/Library/Developer/Xcode/DerivedData/HearifyV1-ftljoypfezvlxcgouzbpmsmxzads/SourcePackages/checkouts/leveldb/util/arena.cc -o /Users/Veer/Library/Developer/Xcode/DerivedData/HearifyV1-ftljoypfezvlxcgouzbpmsmxzads/Build/Intermediates.noindex/leveldb.build/Debug-iphoneos/leveldb.build/Objects-normal/arm64/arena.o -index-unit-output-path /leveldb.build/Debug-iphoneos/leveldb.build/Objects-normal/arm64/arena.o

CompileC /Users/Veer/Library/Developer/Xcode/DerivedData/HearifyV1-ftljoypfezvlxcgouzbpmsmxzads/Build/Intermediates.noindex/InteropForGoogle.build/Debug-iphoneos/RecaptchaInterop.build/Objects-normal/arm64/placeholder.o /Users/Veer/Library/Developer/Xcode/DerivedData/HearifyV1-ftljoypfezvlxcgouzbpmsmxzads/SourcePackages/checkouts/interop-ios-for-google-sdks/RecaptchaEnterprise/RecaptchaInterop/placeholder.m normal arm64 objective-c com.apple.compilers.llvm.clang.1_0.compiler (in target 'RecaptchaInterop' from project 'InteropForGoogle')
    cd /Users/Veer/Library/Mobile\ Documents/com\~apple\~CloudDocs/HearifyV1/HearifyV1.xcodeproj
    
    Using response file: /Users/Veer/Library/Developer/Xcode/DerivedData/HearifyV1-ftljoypfezvlxcgouzbpmsmxzads/Build/Intermediates.noindex/InteropForGoogle.build/Debug-iphoneos/RecaptchaInterop.build/Objects-normal/arm64/e6072d4f65d7061329687fe24e3d63a7-common-args.resp
    
    /Applications/Xcode.app/Contents/Developer/Toolchains/XcodeDefault.xctoolchain/usr/bin/clang -x objective-c -ivfsstatcache /Users/Veer/Library/Developer/Xcode/DerivedData/SDKStatCaches.noindex/iphoneos26.2-23C53-3794476bd08197c3e2abd9bb477ef7f7.sdkstatcache -fmessage-length\=0 -fdiagnostics-show-note-include-stack -fmacro-backtrace-limit\=0 -fno-color-diagnostics -fmodules-prune-interval\=86400 -fmodules-prune-after\=345600 -fbuild-session-file\=/Users/Veer/Library/Developer/Xcode/DerivedData/ModuleCache.noindex/Session.modulevalidation -fmodules-validate-once-per-build-session -Wnon-modular-include-in-framework-module -Werror\=non-modular-include-in-framework-module -Wno-trigraphs -Wno-missing-field-initializers -Wno-missing-prototypes -Wno-return-type -Wno-implicit-atomic-properties -Wno-objc-interface-ivars -Wno-arc-repeated-use-of-weak -Wno-missing-braces -Wparentheses -Wswitch -Wno-unused-function -Wno-unused-label -Wno-unused-parameter -Wno-unused-variable -Wunused-value -Wno-empty-body -Wno-uninitialized -Wno-unknown-pragmas -w -Wno-shadow -Wno-four-char-constants -Wno-conversion -Wno-constant-conversion -Wno-int-conversion -Wno-bool-conversion -Wno-enum-conversion -Wno-float-conversion -Wno-non-literal-null-conversion -Wno-objc-literal-conversion -Wshorten-64-to-32 -Wpointer-sign -Wno-newline-eof -Wno-selector -Wno-strict-selector-match -Wno-undeclared-selector -Wno-deprecated-implementations -Wno-implicit-fallthrough -fstrict-aliasing -Wprotocol -Wdeprecated-declarations -Wno-sign-conversion -Wno-infinite-recursion -Wno-comma -Wno-block-capture-autoreleasing -Wno-strict-prototypes -Wno-semicolon-before-method-body -index-store-path /Users/Veer/Library/Developer/Xcode/DerivedData/HearifyV1-ftljoypfezvlxcgouzbpmsmxzads/Index.noindex/DataStore @/Users/Veer/Library/Developer/Xcode/DerivedData/HearifyV1-ftljoypfezvlxcgouzbpmsmxzads/Build/Intermediates.noindex/InteropForGoogle.build/Debug-iphoneos/RecaptchaInterop.build/Objects-normal/arm64/e6072d4f65d7061329687fe24e3d63a7-common-args.resp -MMD -MT dependencies -MF /Users/Veer/Library/Developer/Xcode/DerivedData/HearifyV1-ftljoypfezvlxcgouzbpmsmxzads/Build/Intermediates.noindex/InteropForGoogle.build/Debug-iphoneos/RecaptchaInterop.build/Objects-normal/arm64/placeholder.d --serialize-diagnostics /Users/Veer/Library/Developer/Xcode/DerivedData/HearifyV1-ftljoypfezvlxcgouzbpmsmxzads/Build/Intermediates.noindex/InteropForGoogle.build/Debug-iphoneos/RecaptchaInterop.build/Objects-normal/arm64/placeholder.dia -c /Users/Veer/Library/Developer/Xcode/DerivedData/HearifyV1-ftljoypfezvlxcgouzbpmsmxzads/SourcePackages/checkouts/interop-ios-for-google-sdks/RecaptchaEnterprise/RecaptchaInterop/placeholder.m -o /Users/Veer/Library/Developer/Xcode/DerivedData/HearifyV1-ftljoypfezvlxcgouzbpmsmxzads/Build/Intermediates.noindex/InteropForGoogle.build/Debug-iphoneos/RecaptchaInterop.build/Objects-normal/arm64/placeholder.o -index-unit-output-path /InteropForGoogle.build/Debug-iphoneos/RecaptchaInterop.build/Objects-normal/arm64/placeholder.o

PrecompileModule /Users/Veer/Library/Developer/Xcode/DerivedData/HearifyV1-ftljoypfezvlxcgouzbpmsmxzads/Build/Intermediates.noindex/ExplicitPrecompiledModules/_Builtin_stdbool-20QGOW7K89EIB3SGYUXN2AS9C.scan
    cd /
    builtin-precompileModule /Users/Veer/Library/Developer/Xcode/DerivedData/HearifyV1-ftljoypfezvlxcgouzbpmsmxzads/Build/Intermediates.noindex/ExplicitPrecompiledModules/_Builtin_stdbool-20QGOW7K89EIB3SGYUXN2AS9C.scan

PrecompileModule /Users/Veer/Library/Developer/Xcode/DerivedData/HearifyV1-ftljoypfezvlxcgouzbpmsmxzads/Build/Intermediates.noindex/ExplicitPrecompiledModules/ptrcheck-9UUP6XCD8ZGH40ENGUUB8VDN7.scan
    cd /
    builtin-precompileModule /Users/Veer/Library/Developer/Xcode/DerivedData/HearifyV1-ftljoypfezvlxcgouzbpmsmxzads/Build/Intermediates.noindex/ExplicitPrecompiledModules/ptrcheck-9UUP6XCD8ZGH40ENGUUB8VDN7.scan

SwiftExplicitDependencyGeneratePcm arm64 /Users/Veer/Library/Developer/Xcode/DerivedData/ModuleCache.noindex/Security-E1KVC39JMNR8QVCR2QA5VNFWZ.pcm

Ld /Users/Veer/Library/Developer/Xcode/DerivedData/HearifyV1-ftljoypfezvlxcgouzbpmsmxzads/Build/Products/Debug-iphoneos/RecaptchaInterop.o normal (in target 'RecaptchaInterop' from project 'InteropForGoogle')
    cd /Users/Veer/Library/Developer/Xcode/DerivedData/HearifyV1-ftljoypfezvlxcgouzbpmsmxzads/SourcePackages/checkouts/interop-ios-for-google-sdks
    /Applications/Xcode.app/Contents/Developer/Toolchains/XcodeDefault.xctoolchain/usr/bin/clang -Xlinker -reproducible -target arm64-apple-ios12.0 -r -isysroot /Applications/Xcode.app/Contents/Developer/Platforms/iPhoneOS.platform/Developer/SDKs/iPhoneOS26.2.sdk -O0 -w -L/Users/Veer/Library/Developer/Xcode/DerivedData/HearifyV1-ftljoypfezvlxcgouzbpmsmxzads/Build/Intermediates.noindex/EagerLinkingTBDs/Debug-iphoneos -L/Users/Veer/Library/Developer/Xcode/DerivedData/HearifyV1-ftljoypfezvlxcgouzbpmsmxzads/Build/Products/Debug-iphoneos -L/Applications/Xcode.app/Contents/Developer/Platforms/iPhoneOS.platform/Developer/usr/lib -F/Users/Veer/Library/Developer/Xcode/DerivedData/HearifyV1-ftljoypfezvlxcgouzbpmsmxzads/Build/Intermediates.noindex/EagerLinkingTBDs/Debug-iphoneos -F/Users/Veer/Library/Developer/Xcode/DerivedData/HearifyV1-ftljoypfezvlxcgouzbpmsmxzads/Build/Products/Debug-iphoneos -iframework /Applications/Xcode.app/Contents/Developer/Platforms/iPhoneOS.platform/Developer/Library/Frameworks -iframework /Applications/Xcode.app/Contents/Developer/Platforms/iPhoneOS.platform/Developer/SDKs/iPhoneOS26.2.sdk/Developer/Library/Frameworks -filelist /Users/Veer/Library/Developer/Xcode/DerivedData/HearifyV1-ftljoypfezvlxcgouzbpmsmxzads/Build/Intermediates.noindex/InteropForGoogle.build/Debug-iphoneos/RecaptchaInterop.build/Objects-normal/arm64/RecaptchaInterop.LinkFileList -nostdlib -Xlinker -object_path_lto -Xlinker /Users/Veer/Library/Developer/Xcode/DerivedData/HearifyV1-ftljoypfezvlxcgouzbpmsmxzads/Build/Intermediates.noindex/InteropForGoogle.build/Debug-iphoneos/RecaptchaInterop.build/Objects-normal/arm64/RecaptchaInterop_lto.o -rdynamic -Xlinker -no_deduplicate -Xlinker -debug_variant -Xlinker -dependency_info -Xlinker /Users/Veer/Library/Developer/Xcode/DerivedData/HearifyV1-ftljoypfezvlxcgouzbpmsmxzads/Build/Intermediates.noindex/InteropForGoogle.build/Debug-iphoneos/RecaptchaInterop.build/Objects-normal/arm64/RecaptchaInterop_dependency_info.dat -fobjc-arc -fobjc-link-runtime -o /Users/Veer/Library/Developer/Xcode/DerivedData/HearifyV1-ftljoypfezvlxcgouzbpmsmxzads/Build/Products/Debug-iphoneos/RecaptchaInterop.o

SwiftExplicitDependencyGeneratePcm arm64 /Users/Veer/Library/Developer/Xcode/DerivedData/ModuleCache.noindex/CFNetwork-DSA0Z7CKFFTTSCEP6YG2DE7KV.pcm

PrecompileModule /Users/Veer/Library/Developer/Xcode/DerivedData/HearifyV1-ftljoypfezvlxcgouzbpmsmxzads/Build/Intermediates.noindex/ExplicitPrecompiledModules/_Builtin_float-82E7QJLK4ZRUVFCYSCDCHYG3C.scan
    cd /
    builtin-precompileModule /Users/Veer/Library/Developer/Xcode/DerivedData/HearifyV1-ftljoypfezvlxcgouzbpmsmxzads/Build/Intermediates.noindex/ExplicitPrecompiledModules/_Builtin_float-82E7QJLK4ZRUVFCYSCDCHYG3C.scan

PrecompileModule /Users/Veer/Library/Developer/Xcode/DerivedData/HearifyV1-ftljoypfezvlxcgouzbpmsmxzads/Build/Intermediates.noindex/ExplicitPrecompiledModules/_Builtin_float-EIH6C514RTSLMGGKHYXD491EM.scan
    cd /
    builtin-precompileModule /Users/Veer/Library/Developer/Xcode/DerivedData/HearifyV1-ftljoypfezvlxcgouzbpmsmxzads/Build/Intermediates.noindex/ExplicitPrecompiledModules/_Builtin_float-EIH6C514RTSLMGGKHYXD491EM.scan

PrecompileModule /Users/Veer/Library/Developer/Xcode/DerivedData/HearifyV1-ftljoypfezvlxcgouzbpmsmxzads/Build/Intermediates.noindex/ExplicitPrecompiledModules/_Builtin_stddef-98RXUM3RJXNQG053NTM7Y8EG0.scan
    cd /
    builtin-precompileModule /Users/Veer/Library/Developer/Xcode/DerivedData/HearifyV1-ftljoypfezvlxcgouzbpmsmxzads/Build/Intermediates.noindex/ExplicitPrecompiledModules/_Builtin_stddef-98RXUM3RJXNQG053NTM7Y8EG0.scan

PrecompileModule /Users/Veer/Library/Developer/Xcode/DerivedData/HearifyV1-ftljoypfezvlxcgouzbpmsmxzads/Build/Intermediates.noindex/ExplicitPrecompiledModules/_Builtin_stddef-6CDV2G2S8EA3HZPY1S0VO8X0Q.scan
    cd /
    builtin-precompileModule /Users/Veer/Library/Developer/Xcode/DerivedData/HearifyV1-ftljoypfezvlxcgouzbpmsmxzads/Build/Intermediates.noindex/ExplicitPrecompiledModules/_Builtin_stddef-6CDV2G2S8EA3HZPY1S0VO8X0Q.scan

PrecompileModule /Users/Veer/Library/Developer/Xcode/DerivedData/HearifyV1-ftljoypfezvlxcgouzbpmsmxzads/Build/Intermediates.noindex/ExplicitPrecompiledModules/_AvailabilityInternal-42SDBREPJST1PN07ZP6SVD3JP.scan
    cd /
    builtin-precompileModule /Users/Veer/Library/Developer/Xcode/DerivedData/HearifyV1-ftljoypfezvlxcgouzbpmsmxzads/Build/Intermediates.noindex/ExplicitPrecompiledModules/_AvailabilityInternal-42SDBREPJST1PN07ZP6SVD3JP.scan

PrecompileModule /Users/Veer/Library/Developer/Xcode/DerivedData/HearifyV1-ftljoypfezvlxcgouzbpmsmxzads/Build/Intermediates.noindex/ExplicitPrecompiledModules/_Builtin_stdarg-7C6FUFVHVT630F50AZ4W3PV47.scan
    cd /
    builtin-precompileModule /Users/Veer/Library/Developer/Xcode/DerivedData/HearifyV1-ftljoypfezvlxcgouzbpmsmxzads/Build/Intermediates.noindex/ExplicitPrecompiledModules/_Builtin_stdarg-7C6FUFVHVT630F50AZ4W3PV47.scan

PrecompileModule /Users/Veer/Library/Developer/Xcode/DerivedData/HearifyV1-ftljoypfezvlxcgouzbpmsmxzads/Build/Intermediates.noindex/ExplicitPrecompiledModules/ptrauth-AB5LHN6W0IRLMXQHVS8APYH4D.scan
    cd /
    builtin-precompileModule /Users/Veer/Library/Developer/Xcode/DerivedData/HearifyV1-ftljoypfezvlxcgouzbpmsmxzads/Build/Intermediates.noindex/ExplicitPrecompiledModules/ptrauth-AB5LHN6W0IRLMXQHVS8APYH4D.scan

PrecompileModule /Users/Veer/Library/Developer/Xcode/DerivedData/HearifyV1-ftljoypfezvlxcgouzbpmsmxzads/Build/Intermediates.noindex/ExplicitPrecompiledModules/_DarwinFoundation1-3JTY87PK4GML6D63SDI3C1VM9.scan
    cd /
    builtin-precompileModule /Users/Veer/Library/Developer/Xcode/DerivedData/HearifyV1-ftljoypfezvlxcgouzbpmsmxzads/Build/Intermediates.noindex/ExplicitPrecompiledModules/_DarwinFoundation1-3JTY87PK4GML6D63SDI3C1VM9.scan

PrecompileModule /Users/Veer/Library/Developer/Xcode/DerivedData/HearifyV1-ftljoypfezvlxcgouzbpmsmxzads/Build/Intermediates.noindex/ExplicitPrecompiledModules/_Builtin_stdbool-71LUW533HQ0KCDQHZ8TPCSPPW.scan
    cd /
    builtin-precompileModule /Users/Veer/Library/Developer/Xcode/DerivedData/HearifyV1-ftljoypfezvlxcgouzbpmsmxzads/Build/Intermediates.noindex/ExplicitPrecompiledModules/_Builtin_stdbool-71LUW533HQ0KCDQHZ8TPCSPPW.scan

PrecompileModule /Users/Veer/Library/Developer/Xcode/DerivedData/HearifyV1-ftljoypfezvlxcgouzbpmsmxzads/Build/Intermediates.noindex/ExplicitPrecompiledModules/_Builtin_stdarg-1U0GWVXZ4XTJP7LCGQ44KNT5U.scan
    cd /
    builtin-precompileModule /Users/Veer/Library/Developer/Xcode/DerivedData/HearifyV1-ftljoypfezvlxcgouzbpmsmxzads/Build/Intermediates.noindex/ExplicitPrecompiledModules/_Builtin_stdarg-1U0GWVXZ4XTJP7LCGQ44KNT5U.scan

PrecompileModule /Users/Veer/Library/Developer/Xcode/DerivedData/HearifyV1-ftljoypfezvlxcgouzbpmsmxzads/Build/Intermediates.noindex/ExplicitPrecompiledModules/_Builtin_stddef-5Y1NZZH0SRE5HG95E1GLBI65E.scan
    cd /
    builtin-precompileModule /Users/Veer/Library/Developer/Xcode/DerivedData/HearifyV1-ftljoypfezvlxcgouzbpmsmxzads/Build/Intermediates.noindex/ExplicitPrecompiledModules/_Builtin_stddef-5Y1NZZH0SRE5HG95E1GLBI65E.scan

PrecompileModule /Users/Veer/Library/Developer/Xcode/DerivedData/HearifyV1-ftljoypfezvlxcgouzbpmsmxzads/Build/Intermediates.noindex/ExplicitPrecompiledModules/_AvailabilityInternal-1ICSUZ54ETQ3ZYGKRQKHL0JM4.scan
    cd /
    builtin-precompileModule /Users/Veer/Library/Developer/Xcode/DerivedData/HearifyV1-ftljoypfezvlxcgouzbpmsmxzads/Build/Intermediates.noindex/ExplicitPrecompiledModules/_AvailabilityInternal-1ICSUZ54ETQ3ZYGKRQKHL0JM4.scan

PrecompileModule /Users/Veer/Library/Developer/Xcode/DerivedData/HearifyV1-ftljoypfezvlxcgouzbpmsmxzads/Build/Intermediates.noindex/ExplicitPrecompiledModules/_Builtin_stddef-1YIA39JSYPXA9J0RUOASCWMIU.scan
    cd /
    builtin-precompileModule /Users/Veer/Library/Developer/Xcode/DerivedData/HearifyV1-ftljoypfezvlxcgouzbpmsmxzads/Build/Intermediates.noindex/ExplicitPrecompiledModules/_Builtin_stddef-1YIA39JSYPXA9J0RUOASCWMIU.scan

PrecompileModule /Users/Veer/Library/Developer/Xcode/DerivedData/HearifyV1-ftljoypfezvlxcgouzbpmsmxzads/Build/Intermediates.noindex/ExplicitPrecompiledModules/_AvailabilityInternal-886DSJUROLKYQCVNOVQ6LQUQG.scan
    cd /
    builtin-precompileModule /Users/Veer/Library/Developer/Xcode/DerivedData/HearifyV1-ftljoypfezvlxcgouzbpmsmxzads/Build/Intermediates.noindex/ExplicitPrecompiledModules/_AvailabilityInternal-886DSJUROLKYQCVNOVQ6LQUQG.scan

PrecompileModule /Users/Veer/Library/Developer/Xcode/DerivedData/HearifyV1-ftljoypfezvlxcgouzbpmsmxzads/Build/Intermediates.noindex/ExplicitPrecompiledModules/_Builtin_limits-77O8MQXEMEBT4PBJAJKK2F2FU.scan
    cd /
    builtin-precompileModule /Users/Veer/Library/Developer/Xcode/DerivedData/HearifyV1-ftljoypfezvlxcgouzbpmsmxzads/Build/Intermediates.noindex/ExplicitPrecompiledModules/_Builtin_limits-77O8MQXEMEBT4PBJAJKK2F2FU.scan

PrecompileModule /Users/Veer/Library/Developer/Xcode/DerivedData/HearifyV1-ftljoypfezvlxcgouzbpmsmxzads/Build/Intermediates.noindex/ExplicitPrecompiledModules/_DarwinFoundation2-EBE38J0JGNNHBZCC9DRB9HRHK.scan
    cd /
    builtin-precompileModule /Users/Veer/Library/Developer/Xcode/DerivedData/HearifyV1-ftljoypfezvlxcgouzbpmsmxzads/Build/Intermediates.noindex/ExplicitPrecompiledModules/_DarwinFoundation2-EBE38J0JGNNHBZCC9DRB9HRHK.scan

PrecompileModule /Users/Veer/Library/Developer/Xcode/DerivedData/HearifyV1-ftljoypfezvlxcgouzbpmsmxzads/Build/Intermediates.noindex/ExplicitPrecompiledModules/_Builtin_stdbool-75HBIBNA0Q6NK7943ABHW2EE8.scan
    cd /
    builtin-precompileModule /Users/Veer/Library/Developer/Xcode/DerivedData/HearifyV1-ftljoypfezvlxcgouzbpmsmxzads/Build/Intermediates.noindex/ExplicitPrecompiledModules/_Builtin_stdbool-75HBIBNA0Q6NK7943ABHW2EE8.scan

PrecompileModule /Users/Veer/Library/Developer/Xcode/DerivedData/HearifyV1-ftljoypfezvlxcgouzbpmsmxzads/Build/Intermediates.noindex/ExplicitPrecompiledModules/ptrcheck-84MV5DZCFQGN9HO2V0MW1DLAJ.scan
    cd /
    builtin-precompileModule /Users/Veer/Library/Developer/Xcode/DerivedData/HearifyV1-ftljoypfezvlxcgouzbpmsmxzads/Build/Intermediates.noindex/ExplicitPrecompiledModules/ptrcheck-84MV5DZCFQGN9HO2V0MW1DLAJ.scan

PrecompileModule /Users/Veer/Library/Developer/Xcode/DerivedData/HearifyV1-ftljoypfezvlxcgouzbpmsmxzads/Build/Intermediates.noindex/ExplicitPrecompiledModules/_Builtin_float-8XTIF85CEVYDJDIMQHJZZHK1Y.scan
    cd /
    builtin-precompileModule /Users/Veer/Library/Developer/Xcode/DerivedData/HearifyV1-ftljoypfezvlxcgouzbpmsmxzads/Build/Intermediates.noindex/ExplicitPrecompiledModules/_Builtin_float-8XTIF85CEVYDJDIMQHJZZHK1Y.scan

PrecompileModule /Users/Veer/Library/Developer/Xcode/DerivedData/HearifyV1-ftljoypfezvlxcgouzbpmsmxzads/Build/Intermediates.noindex/ExplicitPrecompiledModules/_AvailabilityInternal-7HMK6YTSEJ4H4D1Y4X6LX6I7W.scan
    cd /
    builtin-precompileModule /Users/Veer/Library/Developer/Xcode/DerivedData/HearifyV1-ftljoypfezvlxcgouzbpmsmxzads/Build/Intermediates.noindex/ExplicitPrecompiledModules/_AvailabilityInternal-7HMK6YTSEJ4H4D1Y4X6LX6I7W.scan

SwiftExplicitDependencyGeneratePcm arm64 /Users/Veer/Library/Developer/Xcode/DerivedData/ModuleCache.noindex/Foundation-9NK83N93FS08L4VK96TMMWW4T.pcm

PrecompileModule /Users/Veer/Library/Developer/Xcode/DerivedData/HearifyV1-ftljoypfezvlxcgouzbpmsmxzads/Build/Intermediates.noindex/ExplicitPrecompiledModules/_Builtin_stdarg-7BYK6RFH3D5XX2KAVYWASWXRN.scan
    cd /
    builtin-precompileModule /Users/Veer/Library/Developer/Xcode/DerivedData/HearifyV1-ftljoypfezvlxcgouzbpmsmxzads/Build/Intermediates.noindex/ExplicitPrecompiledModules/_Builtin_stdarg-7BYK6RFH3D5XX2KAVYWASWXRN.scan

PrecompileModule /Users/Veer/Library/Developer/Xcode/DerivedData/HearifyV1-ftljoypfezvlxcgouzbpmsmxzads/Build/Intermediates.noindex/ExplicitPrecompiledModules/ptrauth-6GSTC323WPDFDU2O4R0WTVORI.scan
    cd /
    builtin-precompileModule /Users/Veer/Library/Developer/Xcode/DerivedData/HearifyV1-ftljoypfezvlxcgouzbpmsmxzads/Build/Intermediates.noindex/ExplicitPrecompiledModules/ptrauth-6GSTC323WPDFDU2O4R0WTVORI.scan

PrecompileModule /Users/Veer/Library/Developer/Xcode/DerivedData/HearifyV1-ftljoypfezvlxcgouzbpmsmxzads/Build/Intermediates.noindex/ExplicitPrecompiledModules/ptrcheck-1BWBS4SNT6Q4ETAXBROXEZY9R.scan
    cd /
    builtin-precompileModule /Users/Veer/Library/Developer/Xcode/DerivedData/HearifyV1-ftljoypfezvlxcgouzbpmsmxzads/Build/Intermediates.noindex/ExplicitPrecompiledModules/ptrcheck-1BWBS4SNT6Q4ETAXBROXEZY9R.scan

PrecompileModule /Users/Veer/Library/Developer/Xcode/DerivedData/HearifyV1-ftljoypfezvlxcgouzbpmsmxzads/Build/Intermediates.noindex/ExplicitPrecompiledModules/_DarwinFoundation1-5DRWEVLGBQE910T7Q8QKPG6EG.scan
    cd /
    builtin-precompileModule /Users/Veer/Library/Developer/Xcode/DerivedData/HearifyV1-ftljoypfezvlxcgouzbpmsmxzads/Build/Intermediates.noindex/ExplicitPrecompiledModules/_DarwinFoundation1-5DRWEVLGBQE910T7Q8QKPG6EG.scan

PrecompileModule /Users/Veer/Library/Developer/Xcode/DerivedData/HearifyV1-ftljoypfezvlxcgouzbpmsmxzads/Build/Intermediates.noindex/ExplicitPrecompiledModules/_Builtin_stdbool-94IHA6X9OU8511FUS9FIOGBFI.scan
    cd /
    builtin-precompileModule /Users/Veer/Library/Developer/Xcode/DerivedData/HearifyV1-ftljoypfezvlxcgouzbpmsmxzads/Build/Intermediates.noindex/ExplicitPrecompiledModules/_Builtin_stdbool-94IHA6X9OU8511FUS9FIOGBFI.scan

PrecompileModule /Users/Veer/Library/Developer/Xcode/DerivedData/HearifyV1-ftljoypfezvlxcgouzbpmsmxzads/Build/Intermediates.noindex/ExplicitPrecompiledModules/_Builtin_stdarg-7U07HDPJ3CQ6F5VTY8L4C8VSF.scan
    cd /
    builtin-precompileModule /Users/Veer/Library/Developer/Xcode/DerivedData/HearifyV1-ftljoypfezvlxcgouzbpmsmxzads/Build/Intermediates.noindex/ExplicitPrecompiledModules/_Builtin_stdarg-7U07HDPJ3CQ6F5VTY8L4C8VSF.scan

PrecompileModule /Users/Veer/Library/Developer/Xcode/DerivedData/HearifyV1-ftljoypfezvlxcgouzbpmsmxzads/Build/Intermediates.noindex/ExplicitPrecompiledModules/_DarwinFoundation1-7WKVUCIXY5GBNGLXQZ970GUUH.scan
    cd /
    builtin-precompileModule /Users/Veer/Library/Developer/Xcode/DerivedData/HearifyV1-ftljoypfezvlxcgouzbpmsmxzads/Build/Intermediates.noindex/ExplicitPrecompiledModules/_DarwinFoundation1-7WKVUCIXY5GBNGLXQZ970GUUH.scan

PrecompileModule /Users/Veer/Library/Developer/Xcode/DerivedData/HearifyV1-ftljoypfezvlxcgouzbpmsmxzads/Build/Intermediates.noindex/ExplicitPrecompiledModules/_Builtin_stdint-1A77EWCLCDJ3UH1EIMIH7L4OY.scan
    cd /
    builtin-precompileModule /Users/Veer/Library/Developer/Xcode/DerivedData/HearifyV1-ftljoypfezvlxcgouzbpmsmxzads/Build/Intermediates.noindex/ExplicitPrecompiledModules/_Builtin_stdint-1A77EWCLCDJ3UH1EIMIH7L4OY.scan

PrecompileModule /Users/Veer/Library/Developer/Xcode/DerivedData/HearifyV1-ftljoypfezvlxcgouzbpmsmxzads/Build/Intermediates.noindex/ExplicitPrecompiledModules/ptrauth-C66GJNMNHZUL1H48A1G2OP9QP.scan
    cd /
    builtin-precompileModule /Users/Veer/Library/Developer/Xcode/DerivedData/HearifyV1-ftljoypfezvlxcgouzbpmsmxzads/Build/Intermediates.noindex/ExplicitPrecompiledModules/ptrauth-C66GJNMNHZUL1H48A1G2OP9QP.scan

PrecompileModule /Users/Veer/Library/Developer/Xcode/DerivedData/HearifyV1-ftljoypfezvlxcgouzbpmsmxzads/Build/Intermediates.noindex/ExplicitPrecompiledModules/ptrcheck-3EAK0315IR5OVN4AKOH1GUB0Q.scan
    cd /
    builtin-precompileModule /Users/Veer/Library/Developer/Xcode/DerivedData/HearifyV1-ftljoypfezvlxcgouzbpmsmxzads/Build/Intermediates.noindex/ExplicitPrecompiledModules/ptrcheck-3EAK0315IR5OVN4AKOH1GUB0Q.scan

PrecompileModule /Users/Veer/Library/Developer/Xcode/DerivedData/HearifyV1-ftljoypfezvlxcgouzbpmsmxzads/Build/Intermediates.noindex/ExplicitPrecompiledModules/_Builtin_limits-5QDXG7SPXBGUEP98SUZD3S3GB.scan
    cd /
    builtin-precompileModule /Users/Veer/Library/Developer/Xcode/DerivedData/HearifyV1-ftljoypfezvlxcgouzbpmsmxzads/Build/Intermediates.noindex/ExplicitPrecompiledModules/_Builtin_limits-5QDXG7SPXBGUEP98SUZD3S3GB.scan

PrecompileModule /Users/Veer/Library/Developer/Xcode/DerivedData/HearifyV1-ftljoypfezvlxcgouzbpmsmxzads/Build/Intermediates.noindex/ExplicitPrecompiledModules/_DarwinFoundation2-3IFKW7OAD2VDQZDI9E849ZUZ8.scan
    cd /
    builtin-precompileModule /Users/Veer/Library/Developer/Xcode/DerivedData/HearifyV1-ftljoypfezvlxcgouzbpmsmxzads/Build/Intermediates.noindex/ExplicitPrecompiledModules/_DarwinFoundation2-3IFKW7OAD2VDQZDI9E849ZUZ8.scan

PrecompileModule /Users/Veer/Library/Developer/Xcode/DerivedData/HearifyV1-ftljoypfezvlxcgouzbpmsmxzads/Build/Intermediates.noindex/ExplicitPrecompiledModules/_DarwinFoundation3-A9104UDXEWGBPZ1YXXGAUE7C1.scan
    cd /
    builtin-precompileModule /Users/Veer/Library/Developer/Xcode/DerivedData/HearifyV1-ftljoypfezvlxcgouzbpmsmxzads/Build/Intermediates.noindex/ExplicitPrecompiledModules/_DarwinFoundation3-A9104UDXEWGBPZ1YXXGAUE7C1.scan

PrecompileModule /Users/Veer/Library/Developer/Xcode/DerivedData/HearifyV1-ftljoypfezvlxcgouzbpmsmxzads/Build/Intermediates.noindex/ExplicitPrecompiledModules/_DarwinFoundation2-DSSJU9OWZA89KPCDO4CSW62H7.scan
    cd /
    builtin-precompileModule /Users/Veer/Library/Developer/Xcode/DerivedData/HearifyV1-ftljoypfezvlxcgouzbpmsmxzads/Build/Intermediates.noindex/ExplicitPrecompiledModules/_DarwinFoundation2-DSSJU9OWZA89KPCDO4CSW62H7.scan

PrecompileModule /Users/Veer/Library/Developer/Xcode/DerivedData/HearifyV1-ftljoypfezvlxcgouzbpmsmxzads/Build/Intermediates.noindex/ExplicitPrecompiledModules/_DarwinFoundation1-2BE367ZZSLI6OB7AJI6OKA6U2.scan
    cd /
    builtin-precompileModule /Users/Veer/Library/Developer/Xcode/DerivedData/HearifyV1-ftljoypfezvlxcgouzbpmsmxzads/Build/Intermediates.noindex/ExplicitPrecompiledModules/_DarwinFoundation1-2BE367ZZSLI6OB7AJI6OKA6U2.scan

PrecompileModule /Users/Veer/Library/Developer/Xcode/DerivedData/HearifyV1-ftljoypfezvlxcgouzbpmsmxzads/Build/Intermediates.noindex/ExplicitPrecompiledModules/_Builtin_limits-E5QNYS8ME0KM42GTPDTLHDSZX.scan
    cd /
    builtin-precompileModule /Users/Veer/Library/Developer/Xcode/DerivedData/HearifyV1-ftljoypfezvlxcgouzbpmsmxzads/Build/Intermediates.noindex/ExplicitPrecompiledModules/_Builtin_limits-E5QNYS8ME0KM42GTPDTLHDSZX.scan

PrecompileModule /Users/Veer/Library/Developer/Xcode/DerivedData/HearifyV1-ftljoypfezvlxcgouzbpmsmxzads/Build/Intermediates.noindex/ExplicitPrecompiledModules/_DarwinFoundation2-3RYYUFKVMO3KX60OSQ16Y86KY.scan
    cd /
    builtin-precompileModule /Users/Veer/Library/Developer/Xcode/DerivedData/HearifyV1-ftljoypfezvlxcgouzbpmsmxzads/Build/Intermediates.noindex/ExplicitPrecompiledModules/_DarwinFoundation2-3RYYUFKVMO3KX60OSQ16Y86KY.scan

ScanDependencies /Users/Veer/Library/Developer/Xcode/DerivedData/HearifyV1-ftljoypfezvlxcgouzbpmsmxzads/Build/Intermediates.noindex/GoogleUtilities.build/Debug-iphoneos/GoogleUtilities-NSData.build/Objects-normal/arm64/GULNSData+zlib.o /Users/Veer/Library/Developer/Xcode/DerivedData/HearifyV1-ftljoypfezvlxcgouzbpmsmxzads/SourcePackages/checkouts/GoogleUtilities/GoogleUtilities/NSData+zlib/GULNSData+zlib.m normal arm64 objective-c com.apple.compilers.llvm.clang.1_0.compiler (in target 'GoogleUtilities-NSData' from project 'GoogleUtilities')
    cd /Users/Veer/Library/Mobile\ Documents/com\~apple\~CloudDocs/HearifyV1/HearifyV1.xcodeproj
    
    Using response file: /Users/Veer/Library/Developer/Xcode/DerivedData/HearifyV1-ftljoypfezvlxcgouzbpmsmxzads/Build/Intermediates.noindex/GoogleUtilities.build/Debug-iphoneos/GoogleUtilities-NSData.build/Objects-normal/arm64/e6072d4f65d7061329687fe24e3d63a7-common-args.resp
    
    builtin-ScanDependencies -o /Users/Veer/Library/Developer/Xcode/DerivedData/HearifyV1-ftljoypfezvlxcgouzbpmsmxzads/Build/Intermediates.noindex/GoogleUtilities.build/Debug-iphoneos/GoogleUtilities-NSData.build/Objects-normal/arm64/GULNSData+zlib.o.scan -- /Applications/Xcode.app/Contents/Developer/Toolchains/XcodeDefault.xctoolchain/usr/bin/clang -x objective-c -ivfsstatcache /Users/Veer/Library/Developer/Xcode/DerivedData/SDKStatCaches.noindex/iphoneos26.2-23C53-3794476bd08197c3e2abd9bb477ef7f7.sdkstatcache -fmessage-length\=0 -fdiagnostics-show-note-include-stack -fmacro-backtrace-limit\=0 -fno-color-diagnostics -fmodules-prune-interval\=86400 -fmodules-prune-after\=345600 -fbuild-session-file\=/Users/Veer/Library/Developer/Xcode/DerivedData/ModuleCache.noindex/Session.modulevalidation -fmodules-validate-once-per-build-session -Wnon-modular-include-in-framework-module -Werror\=non-modular-include-in-framework-module -Wno-trigraphs -Wno-missing-field-initializers -Wno-missing-prototypes -Wno-return-type -Wno-implicit-atomic-properties -Wno-objc-interface-ivars -Wno-arc-repeated-use-of-weak -Wno-missing-braces -Wparentheses -Wswitch -Wno-unused-function -Wno-unused-label -Wno-unused-parameter -Wno-unused-variable -Wunused-value -Wno-empty-body -Wno-uninitialized -Wno-unknown-pragmas -w -Wno-shadow -Wno-four-char-constants -Wno-conversion -Wno-constant-conversion -Wno-int-conversion -Wno-bool-conversion -Wno-enum-conversion -Wno-float-conversion -Wno-non-literal-null-conversion -Wno-objc-literal-conversion -Wshorten-64-to-32 -Wpointer-sign -Wno-newline-eof -Wno-selector -Wno-strict-selector-match -Wno-undeclared-selector -Wno-deprecated-implementations -Wno-implicit-fallthrough -fstrict-aliasing -Wprotocol -Wdeprecated-declarations -Wno-sign-conversion -Wno-infinite-recursion -Wno-comma -Wno-block-capture-autoreleasing -Wno-strict-prototypes -Wno-semicolon-before-method-body -index-store-path /Users/Veer/Library/Developer/Xcode/DerivedData/HearifyV1-ftljoypfezvlxcgouzbpmsmxzads/Index.noindex/DataStore @/Users/Veer/Library/Developer/Xcode/DerivedData/HearifyV1-ftljoypfezvlxcgouzbpmsmxzads/Build/Intermediates.noindex/GoogleUtilities.build/Debug-iphoneos/GoogleUtilities-NSData.build/Objects-normal/arm64/e6072d4f65d7061329687fe24e3d63a7-common-args.resp -include /Users/Veer/Library/Developer/Xcode/DerivedData/HearifyV1-ftljoypfezvlxcgouzbpmsmxzads/Build/Intermediates.noindex/GoogleUtilities.build/Debug-iphoneos/GoogleUtilities-NSData.build/DerivedSources/resource_bundle_accessor.h -MMD -MT dependencies -MF /Users/Veer/Library/Developer/Xcode/DerivedData/HearifyV1-ftljoypfezvlxcgouzbpmsmxzads/Build/Intermediates.noindex/GoogleUtilities.build/Debug-iphoneos/GoogleUtilities-NSData.build/Objects-normal/arm64/GULNSData+zlib.d --serialize-diagnostics /Users/Veer/Library/Developer/Xcode/DerivedData/HearifyV1-ftljoypfezvlxcgouzbpmsmxzads/Build/Intermediates.noindex/GoogleUtilities.build/Debug-iphoneos/GoogleUtilities-NSData.build/Objects-normal/arm64/GULNSData+zlib.dia -c /Users/Veer/Library/Developer/Xcode/DerivedData/HearifyV1-ftljoypfezvlxcgouzbpmsmxzads/SourcePackages/checkouts/GoogleUtilities/GoogleUtilities/NSData+zlib/GULNSData+zlib.m -o /Users/Veer/Library/Developer/Xcode/DerivedData/HearifyV1-ftljoypfezvlxcgouzbpmsmxzads/Build/Intermediates.noindex/GoogleUtilities.build/Debug-iphoneos/GoogleUtilities-NSData.build/Objects-normal/arm64/GULNSData+zlib.o -index-unit-output-path /GoogleUtilities.build/Debug-iphoneos/GoogleUtilities-NSData.build/Objects-normal/arm64/GULNSData+zlib.o

ScanDependencies /Users/Veer/Library/Developer/Xcode/DerivedData/HearifyV1-ftljoypfezvlxcgouzbpmsmxzads/Build/Intermediates.noindex/GoogleUtilities.build/Debug-iphoneos/GoogleUtilities-Logger.build/Objects-normal/arm64/resource_bundle_accessor.o /Users/Veer/Library/Developer/Xcode/DerivedData/HearifyV1-ftljoypfezvlxcgouzbpmsmxzads/Build/Intermediates.noindex/GoogleUtilities.build/Debug-iphoneos/GoogleUtilities-Logger.build/DerivedSources/resource_bundle_accessor.m normal arm64 objective-c com.apple.compilers.llvm.clang.1_0.compiler (in target 'GoogleUtilities-Logger' from project 'GoogleUtilities')
    cd /Users/Veer/Library/Mobile\ Documents/com\~apple\~CloudDocs/HearifyV1/HearifyV1.xcodeproj
    
    Using response file: /Users/Veer/Library/Developer/Xcode/DerivedData/HearifyV1-ftljoypfezvlxcgouzbpmsmxzads/Build/Intermediates.noindex/GoogleUtilities.build/Debug-iphoneos/GoogleUtilities-Logger.build/Objects-normal/arm64/e6072d4f65d7061329687fe24e3d63a7-common-args.resp
    
    builtin-ScanDependencies -o /Users/Veer/Library/Developer/Xcode/DerivedData/HearifyV1-ftljoypfezvlxcgouzbpmsmxzads/Build/Intermediates.noindex/GoogleUtilities.build/Debug-iphoneos/GoogleUtilities-Logger.build/Objects-normal/arm64/resource_bundle_accessor.o.scan -- /Applications/Xcode.app/Contents/Developer/Toolchains/XcodeDefault.xctoolchain/usr/bin/clang -x objective-c -ivfsstatcache /Users/Veer/Library/Developer/Xcode/DerivedData/SDKStatCaches.noindex/iphoneos26.2-23C53-3794476bd08197c3e2abd9bb477ef7f7.sdkstatcache -fmessage-length\=0 -fdiagnostics-show-note-include-stack -fmacro-backtrace-limit\=0 -fno-color-diagnostics -fmodules-prune-interval\=86400 -fmodules-prune-after\=345600 -fbuild-session-file\=/Users/Veer/Library/Developer/Xcode/DerivedData/ModuleCache.noindex/Session.modulevalidation -fmodules-validate-once-per-build-session -Wnon-modular-include-in-framework-module -Werror\=non-modular-include-in-framework-module -Wno-trigraphs -Wno-missing-field-initializers -Wno-missing-prototypes -Wno-return-type -Wno-implicit-atomic-properties -Wno-objc-interface-ivars -Wno-arc-repeated-use-of-weak -Wno-missing-braces -Wparentheses -Wswitch -Wno-unused-function -Wno-unused-label -Wno-unused-parameter -Wno-unused-variable -Wunused-value -Wno-empty-body -Wno-uninitialized -Wno-unknown-pragmas -w -Wno-shadow -Wno-four-char-constants -Wno-conversion -Wno-constant-conversion -Wno-int-conversion -Wno-bool-conversion -Wno-enum-conversion -Wno-float-conversion -Wno-non-literal-null-conversion -Wno-objc-literal-conversion -Wshorten-64-to-32 -Wpointer-sign -Wno-newline-eof -Wno-selector -Wno-strict-selector-match -Wno-undeclared-selector -Wno-deprecated-implementations -Wno-implicit-fallthrough -fstrict-aliasing -Wprotocol -Wdeprecated-declarations -Wno-sign-conversion -Wno-infinite-recursion -Wno-comma -Wno-block-capture-autoreleasing -Wno-strict-prototypes -Wno-semicolon-before-method-body -index-store-path /Users/Veer/Library/Developer/Xcode/DerivedData/HearifyV1-ftljoypfezvlxcgouzbpmsmxzads/Index.noindex/DataStore @/Users/Veer/Library/Developer/Xcode/DerivedData/HearifyV1-ftljoypfezvlxcgouzbpmsmxzads/Build/Intermediates.noindex/GoogleUtilities.build/Debug-iphoneos/GoogleUtilities-Logger.build/Objects-normal/arm64/e6072d4f65d7061329687fe24e3d63a7-common-args.resp -include /Users/Veer/Library/Developer/Xcode/DerivedData/HearifyV1-ftljoypfezvlxcgouzbpmsmxzads/Build/Intermediates.noindex/GoogleUtilities.build/Debug-iphoneos/GoogleUtilities-Logger.build/DerivedSources/resource_bundle_accessor.h -MMD -MT dependencies -MF /Users/Veer/Library/Developer/Xcode/DerivedData/HearifyV1-ftljoypfezvlxcgouzbpmsmxzads/Build/Intermediates.noindex/GoogleUtilities.build/Debug-iphoneos/GoogleUtilities-Logger.build/Objects-normal/arm64/resource_bundle_accessor.d --serialize-diagnostics /Users/Veer/Library/Developer/Xcode/DerivedData/HearifyV1-ftljoypfezvlxcgouzbpmsmxzads/Build/Intermediates.noindex/GoogleUtilities.build/Debug-iphoneos/GoogleUtilities-Logger.build/Objects-normal/arm64/resource_bundle_accessor.dia -c /Users/Veer/Library/Developer/Xcode/DerivedData/HearifyV1-ftljoypfezvlxcgouzbpmsmxzads/Build/Intermediates.noindex/GoogleUtilities.build/Debug-iphoneos/GoogleUtilities-Logger.build/DerivedSources/resource_bundle_accessor.m -o /Users/Veer/Library/Developer/Xcode/DerivedData/HearifyV1-ftljoypfezvlxcgouzbpmsmxzads/Build/Intermediates.noindex/GoogleUtilities.build/Debug-iphoneos/GoogleUtilities-Logger.build/Objects-normal/arm64/resource_bundle_accessor.o -index-unit-output-path /GoogleUtilities.build/Debug-iphoneos/GoogleUtilities-Logger.build/Objects-normal/arm64/resource_bundle_accessor.o

PrecompileModule /Users/Veer/Library/Developer/Xcode/DerivedData/HearifyV1-ftljoypfezvlxcgouzbpmsmxzads/Build/Intermediates.noindex/ExplicitPrecompiledModules/_Builtin_stdint-8AS9TA77QKKO3L0EBPOHZ9GFJ.scan
    cd /
    builtin-precompileModule /Users/Veer/Library/Developer/Xcode/DerivedData/HearifyV1-ftljoypfezvlxcgouzbpmsmxzads/Build/Intermediates.noindex/ExplicitPrecompiledModules/_Builtin_stdint-8AS9TA77QKKO3L0EBPOHZ9GFJ.scan

PrecompileModule /Users/Veer/Library/Developer/Xcode/DerivedData/HearifyV1-ftljoypfezvlxcgouzbpmsmxzads/Build/Intermediates.noindex/ExplicitPrecompiledModules/_Builtin_inttypes-79PK1SGGUK67IUTPKM101OKTG.scan
    cd /
    builtin-precompileModule /Users/Veer/Library/Developer/Xcode/DerivedData/HearifyV1-ftljoypfezvlxcgouzbpmsmxzads/Build/Intermediates.noindex/ExplicitPrecompiledModules/_Builtin_inttypes-79PK1SGGUK67IUTPKM101OKTG.scan

PrecompileModule /Users/Veer/Library/Developer/Xcode/DerivedData/HearifyV1-ftljoypfezvlxcgouzbpmsmxzads/Build/Intermediates.noindex/ExplicitPrecompiledModules/zlib-3N7W3FCJS7V8708AI5O2QMINX.scan
    cd /
    builtin-precompileModule /Users/Veer/Library/Developer/Xcode/DerivedData/HearifyV1-ftljoypfezvlxcgouzbpmsmxzads/Build/Intermediates.noindex/ExplicitPrecompiledModules/zlib-3N7W3FCJS7V8708AI5O2QMINX.scan

PrecompileModule /Users/Veer/Library/Developer/Xcode/DerivedData/HearifyV1-ftljoypfezvlxcgouzbpmsmxzads/Build/Intermediates.noindex/ExplicitPrecompiledModules/_Builtin_stdint-9MABK1QV6YOVF1OVF10K2FT1W.scan
    cd /
    builtin-precompileModule /Users/Veer/Library/Developer/Xcode/DerivedData/HearifyV1-ftljoypfezvlxcgouzbpmsmxzads/Build/Intermediates.noindex/ExplicitPrecompiledModules/_Builtin_stdint-9MABK1QV6YOVF1OVF10K2FT1W.scan

PrecompileModule /Users/Veer/Library/Developer/Xcode/DerivedData/HearifyV1-ftljoypfezvlxcgouzbpmsmxzads/Build/Intermediates.noindex/ExplicitPrecompiledModules/_DarwinFoundation3-6APAGUS7TRR3PCUR7NQ8AEPRB.scan
    cd /
    builtin-precompileModule /Users/Veer/Library/Developer/Xcode/DerivedData/HearifyV1-ftljoypfezvlxcgouzbpmsmxzads/Build/Intermediates.noindex/ExplicitPrecompiledModules/_DarwinFoundation3-6APAGUS7TRR3PCUR7NQ8AEPRB.scan

PrecompileModule /Users/Veer/Library/Developer/Xcode/DerivedData/HearifyV1-ftljoypfezvlxcgouzbpmsmxzads/Build/Intermediates.noindex/ExplicitPrecompiledModules/Darwin-1Z6DSAD1D5AM4LT63WNOLN7OM.scan
    cd /
    builtin-precompileModule /Users/Veer/Library/Developer/Xcode/DerivedData/HearifyV1-ftljoypfezvlxcgouzbpmsmxzads/Build/Intermediates.noindex/ExplicitPrecompiledModules/Darwin-1Z6DSAD1D5AM4LT63WNOLN7OM.scan

ScanDependencies /Users/Veer/Library/Developer/Xcode/DerivedData/HearifyV1-ftljoypfezvlxcgouzbpmsmxzads/Build/Intermediates.noindex/GoogleUtilities.build/Debug-iphoneos/GoogleUtilities-Logger.build/Objects-normal/arm64/GULLogger.o /Users/Veer/Library/Developer/Xcode/DerivedData/HearifyV1-ftljoypfezvlxcgouzbpmsmxzads/SourcePackages/checkouts/GoogleUtilities/GoogleUtilities/Logger/GULLogger.m normal arm64 objective-c com.apple.compilers.llvm.clang.1_0.compiler (in target 'GoogleUtilities-Logger' from project 'GoogleUtilities')
    cd /Users/Veer/Library/Mobile\ Documents/com\~apple\~CloudDocs/HearifyV1/HearifyV1.xcodeproj
    
    Using response file: /Users/Veer/Library/Developer/Xcode/DerivedData/HearifyV1-ftljoypfezvlxcgouzbpmsmxzads/Build/Intermediates.noindex/GoogleUtilities.build/Debug-iphoneos/GoogleUtilities-Logger.build/Objects-normal/arm64/e6072d4f65d7061329687fe24e3d63a7-common-args.resp
    
    builtin-ScanDependencies -o /Users/Veer/Library/Developer/Xcode/DerivedData/HearifyV1-ftljoypfezvlxcgouzbpmsmxzads/Build/Intermediates.noindex/GoogleUtilities.build/Debug-iphoneos/GoogleUtilities-Logger.build/Objects-normal/arm64/GULLogger.o.scan -- /Applications/Xcode.app/Contents/Developer/Toolchains/XcodeDefault.xctoolchain/usr/bin/clang -x objective-c -ivfsstatcache /Users/Veer/Library/Developer/Xcode/DerivedData/SDKStatCaches.noindex/iphoneos26.2-23C53-3794476bd08197c3e2abd9bb477ef7f7.sdkstatcache -fmessage-length\=0 -fdiagnostics-show-note-include-stack -fmacro-backtrace-limit\=0 -fno-color-diagnostics -fmodules-prune-interval\=86400 -fmodules-prune-after\=345600 -fbuild-session-file\=/Users/Veer/Library/Developer/Xcode/DerivedData/ModuleCache.noindex/Session.modulevalidation -fmodules-validate-once-per-build-session -Wnon-modular-include-in-framework-module -Werror\=non-modular-include-in-framework-module -Wno-trigraphs -Wno-missing-field-initializers -Wno-missing-prototypes -Wno-return-type -Wno-implicit-atomic-properties -Wno-objc-interface-ivars -Wno-arc-repeated-use-of-weak -Wno-missing-braces -Wparentheses -Wswitch -Wno-unused-function -Wno-unused-label -Wno-unused-parameter -Wno-unused-variable -Wunused-value -Wno-empty-body -Wno-uninitialized -Wno-unknown-pragmas -w -Wno-shadow -Wno-four-char-constants -Wno-conversion -Wno-constant-conversion -Wno-int-conversion -Wno-bool-conversion -Wno-enum-conversion -Wno-float-conversion -Wno-non-literal-null-conversion -Wno-objc-literal-conversion -Wshorten-64-to-32 -Wpointer-sign -Wno-newline-eof -Wno-selector -Wno-strict-selector-match -Wno-undeclared-selector -Wno-deprecated-implementations -Wno-implicit-fallthrough -fstrict-aliasing -Wprotocol -Wdeprecated-declarations -Wno-sign-conversion -Wno-infinite-recursion -Wno-comma -Wno-block-capture-autoreleasing -Wno-strict-prototypes -Wno-semicolon-before-method-body -index-store-path /Users/Veer/Library/Developer/Xcode/DerivedData/HearifyV1-ftljoypfezvlxcgouzbpmsmxzads/Index.noindex/DataStore @/Users/Veer/Library/Developer/Xcode/DerivedData/HearifyV1-ftljoypfezvlxcgouzbpmsmxzads/Build/Intermediates.noindex/GoogleUtilities.build/Debug-iphoneos/GoogleUtilities-Logger.build/Objects-normal/arm64/e6072d4f65d7061329687fe24e3d63a7-common-args.resp -include /Users/Veer/Library/Developer/Xcode/DerivedData/HearifyV1-ftljoypfezvlxcgouzbpmsmxzads/Build/Intermediates.noindex/GoogleUtilities.build/Debug-iphoneos/GoogleUtilities-Logger.build/DerivedSources/resource_bundle_accessor.h -MMD -MT dependencies -MF /Users/Veer/Library/Developer/Xcode/DerivedData/HearifyV1-ftljoypfezvlxcgouzbpmsmxzads/Build/Intermediates.noindex/GoogleUtilities.build/Debug-iphoneos/GoogleUtilities-Logger.build/Objects-normal/arm64/GULLogger.d --serialize-diagnostics /Users/Veer/Library/Developer/Xcode/DerivedData/HearifyV1-ftljoypfezvlxcgouzbpmsmxzads/Build/Intermediates.noindex/GoogleUtilities.build/Debug-iphoneos/GoogleUtilities-Logger.build/Objects-normal/arm64/GULLogger.dia -c /Users/Veer/Library/Developer/Xcode/DerivedData/HearifyV1-ftljoypfezvlxcgouzbpmsmxzads/SourcePackages/checkouts/GoogleUtilities/GoogleUtilities/Logger/GULLogger.m -o /Users/Veer/Library/Developer/Xcode/DerivedData/HearifyV1-ftljoypfezvlxcgouzbpmsmxzads/Build/Intermediates.noindex/GoogleUtilities.build/Debug-iphoneos/GoogleUtilities-Logger.build/Objects-normal/arm64/GULLogger.o -index-unit-output-path /GoogleUtilities.build/Debug-iphoneos/GoogleUtilities-Logger.build/Objects-normal/arm64/GULLogger.o

PrecompileModule /Users/Veer/Library/Developer/Xcode/DerivedData/HearifyV1-ftljoypfezvlxcgouzbpmsmxzads/Build/Intermediates.noindex/ExplicitPrecompiledModules/_DarwinFoundation3-2WDW6KYEV1U3DZ81O9PHLLCYE.scan
    cd /
    builtin-precompileModule /Users/Veer/Library/Developer/Xcode/DerivedData/HearifyV1-ftljoypfezvlxcgouzbpmsmxzads/Build/Intermediates.noindex/ExplicitPrecompiledModules/_DarwinFoundation3-2WDW6KYEV1U3DZ81O9PHLLCYE.scan

PrecompileModule /Users/Veer/Library/Developer/Xcode/DerivedData/HearifyV1-ftljoypfezvlxcgouzbpmsmxzads/Build/Intermediates.noindex/ExplicitPrecompiledModules/_Builtin_stdint-B8X5C3QIS59GMYK79X0TKKKF5.scan
    cd /
    builtin-precompileModule /Users/Veer/Library/Developer/Xcode/DerivedData/HearifyV1-ftljoypfezvlxcgouzbpmsmxzads/Build/Intermediates.noindex/ExplicitPrecompiledModules/_Builtin_stdint-B8X5C3QIS59GMYK79X0TKKKF5.scan

PrecompileModule /Users/Veer/Library/Developer/Xcode/DerivedData/HearifyV1-ftljoypfezvlxcgouzbpmsmxzads/Build/Intermediates.noindex/ExplicitPrecompiledModules/_Builtin_inttypes-103Z6UEF9GRFYNQLOUDL24KZV.scan
    cd /
    builtin-precompileModule /Users/Veer/Library/Developer/Xcode/DerivedData/HearifyV1-ftljoypfezvlxcgouzbpmsmxzads/Build/Intermediates.noindex/ExplicitPrecompiledModules/_Builtin_inttypes-103Z6UEF9GRFYNQLOUDL24KZV.scan

PrecompileModule /Users/Veer/Library/Developer/Xcode/DerivedData/HearifyV1-ftljoypfezvlxcgouzbpmsmxzads/Build/Intermediates.noindex/ExplicitPrecompiledModules/_Builtin_inttypes-8Q979RHQPD440IC08VPFYRXDS.scan
    cd /
    builtin-precompileModule /Users/Veer/Library/Developer/Xcode/DerivedData/HearifyV1-ftljoypfezvlxcgouzbpmsmxzads/Build/Intermediates.noindex/ExplicitPrecompiledModules/_Builtin_inttypes-8Q979RHQPD440IC08VPFYRXDS.scan

PrecompileModule /Users/Veer/Library/Developer/Xcode/DerivedData/HearifyV1-ftljoypfezvlxcgouzbpmsmxzads/Build/Intermediates.noindex/ExplicitPrecompiledModules/_DarwinFoundation3-DBAOYSXDQ1OSD6OGK4VPF0E0E.scan
    cd /
    builtin-precompileModule /Users/Veer/Library/Developer/Xcode/DerivedData/HearifyV1-ftljoypfezvlxcgouzbpmsmxzads/Build/Intermediates.noindex/ExplicitPrecompiledModules/_DarwinFoundation3-DBAOYSXDQ1OSD6OGK4VPF0E0E.scan

PrecompileModule /Users/Veer/Library/Developer/Xcode/DerivedData/HearifyV1-ftljoypfezvlxcgouzbpmsmxzads/Build/Intermediates.noindex/ExplicitPrecompiledModules/Darwin-20P4AZZAJRIV07U6W6PXZG7CM.scan
    cd /
    builtin-precompileModule /Users/Veer/Library/Developer/Xcode/DerivedData/HearifyV1-ftljoypfezvlxcgouzbpmsmxzads/Build/Intermediates.noindex/ExplicitPrecompiledModules/Darwin-20P4AZZAJRIV07U6W6PXZG7CM.scan

PrecompileModule /Users/Veer/Library/Developer/Xcode/DerivedData/HearifyV1-ftljoypfezvlxcgouzbpmsmxzads/Build/Intermediates.noindex/ExplicitPrecompiledModules/Darwin-5YRLUWB61T58OL6JKI9YUFGEV.scan
    cd /
    builtin-precompileModule /Users/Veer/Library/Developer/Xcode/DerivedData/HearifyV1-ftljoypfezvlxcgouzbpmsmxzads/Build/Intermediates.noindex/ExplicitPrecompiledModules/Darwin-5YRLUWB61T58OL6JKI9YUFGEV.scan

ScanDependencies /Users/Veer/Library/Developer/Xcode/DerivedData/HearifyV1-ftljoypfezvlxcgouzbpmsmxzads/Build/Intermediates.noindex/GoogleUtilities.build/Debug-iphoneos/GoogleUtilities-Environment.build/Objects-normal/arm64/resource_bundle_accessor.o /Users/Veer/Library/Developer/Xcode/DerivedData/HearifyV1-ftljoypfezvlxcgouzbpmsmxzads/Build/Intermediates.noindex/GoogleUtilities.build/Debug-iphoneos/GoogleUtilities-Environment.build/DerivedSources/resource_bundle_accessor.m normal arm64 objective-c com.apple.compilers.llvm.clang.1_0.compiler (in target 'GoogleUtilities-Environment' from project 'GoogleUtilities')
    cd /Users/Veer/Library/Mobile\ Documents/com\~apple\~CloudDocs/HearifyV1/HearifyV1.xcodeproj
    
    Using response file: /Users/Veer/Library/Developer/Xcode/DerivedData/HearifyV1-ftljoypfezvlxcgouzbpmsmxzads/Build/Intermediates.noindex/GoogleUtilities.build/Debug-iphoneos/GoogleUtilities-Environment.build/Objects-normal/arm64/e6072d4f65d7061329687fe24e3d63a7-common-args.resp
    
    builtin-ScanDependencies -o /Users/Veer/Library/Developer/Xcode/DerivedData/HearifyV1-ftljoypfezvlxcgouzbpmsmxzads/Build/Intermediates.noindex/GoogleUtilities.build/Debug-iphoneos/GoogleUtilities-Environment.build/Objects-normal/arm64/resource_bundle_accessor.o.scan -- /Applications/Xcode.app/Contents/Developer/Toolchains/XcodeDefault.xctoolchain/usr/bin/clang -x objective-c -ivfsstatcache /Users/Veer/Library/Developer/Xcode/DerivedData/SDKStatCaches.noindex/iphoneos26.2-23C53-3794476bd08197c3e2abd9bb477ef7f7.sdkstatcache -fmessage-length\=0 -fdiagnostics-show-note-include-stack -fmacro-backtrace-limit\=0 -fno-color-diagnostics -fmodules-prune-interval\=86400 -fmodules-prune-after\=345600 -fbuild-session-file\=/Users/Veer/Library/Developer/Xcode/DerivedData/ModuleCache.noindex/Session.modulevalidation -fmodules-validate-once-per-build-session -Wnon-modular-include-in-framework-module -Werror\=non-modular-include-in-framework-module -Wno-trigraphs -Wno-missing-field-initializers -Wno-missing-prototypes -Wno-return-type -Wno-implicit-atomic-properties -Wno-objc-interface-ivars -Wno-arc-repeated-use-of-weak -Wno-missing-braces -Wparentheses -Wswitch -Wno-unused-function -Wno-unused-label -Wno-unused-parameter -Wno-unused-variable -Wunused-value -Wno-empty-body -Wno-uninitialized -Wno-unknown-pragmas -w -Wno-shadow -Wno-four-char-constants -Wno-conversion -Wno-constant-conversion -Wno-int-conversion -Wno-bool-conversion -Wno-enum-conversion -Wno-float-conversion -Wno-non-literal-null-conversion -Wno-objc-literal-conversion -Wshorten-64-to-32 -Wpointer-sign -Wno-newline-eof -Wno-selector -Wno-strict-selector-match -Wno-undeclared-selector -Wno-deprecated-implementations -Wno-implicit-fallthrough -fstrict-aliasing -Wprotocol -Wdeprecated-declarations -Wno-sign-conversion -Wno-infinite-recursion -Wno-comma -Wno-block-capture-autoreleasing -Wno-strict-prototypes -Wno-semicolon-before-method-body -index-store-path /Users/Veer/Library/Developer/Xcode/DerivedData/HearifyV1-ftljoypfezvlxcgouzbpmsmxzads/Index.noindex/DataStore @/Users/Veer/Library/Developer/Xcode/DerivedData/HearifyV1-ftljoypfezvlxcgouzbpmsmxzads/Build/Intermediates.noindex/GoogleUtilities.build/Debug-iphoneos/GoogleUtilities-Environment.build/Objects-normal/arm64/e6072d4f65d7061329687fe24e3d63a7-common-args.resp -include /Users/Veer/Library/Developer/Xcode/DerivedData/HearifyV1-ftljoypfezvlxcgouzbpmsmxzads/Build/Intermediates.noindex/GoogleUtilities.build/Debug-iphoneos/GoogleUtilities-Environment.build/DerivedSources/resource_bundle_accessor.h -MMD -MT dependencies -MF /Users/Veer/Library/Developer/Xcode/DerivedData/HearifyV1-ftljoypfezvlxcgouzbpmsmxzads/Build/Intermediates.noindex/GoogleUtilities.build/Debug-iphoneos/GoogleUtilities-Environment.build/Objects-normal/arm64/resource_bundle_accessor.d --serialize-diagnostics /Users/Veer/Library/Developer/Xcode/DerivedData/HearifyV1-ftljoypfezvlxcgouzbpmsmxzads/Build/Intermediates.noindex/GoogleUtilities.build/Debug-iphoneos/GoogleUtilities-Environment.build/Objects-normal/arm64/resource_bundle_accessor.dia -c /Users/Veer/Library/Developer/Xcode/DerivedData/HearifyV1-ftljoypfezvlxcgouzbpmsmxzads/Build/Intermediates.noindex/GoogleUtilities.build/Debug-iphoneos/GoogleUtilities-Environment.build/DerivedSources/resource_bundle_accessor.m -o /Users/Veer/Library/Developer/Xcode/DerivedData/HearifyV1-ftljoypfezvlxcgouzbpmsmxzads/Build/Intermediates.noindex/GoogleUtilities.build/Debug-iphoneos/GoogleUtilities-Environment.build/Objects-normal/arm64/resource_bundle_accessor.o -index-unit-output-path /GoogleUtilities.build/Debug-iphoneos/GoogleUtilities-Environment.build/Objects-normal/arm64/resource_bundle_accessor.o

CompileC /Users/Veer/Library/Developer/Xcode/DerivedData/HearifyV1-ftljoypfezvlxcgouzbpmsmxzads/Build/Intermediates.noindex/nanopb.build/Debug-iphoneos/nanopb.build/Objects-normal/arm64/pb_encode.o /Users/Veer/Library/Developer/Xcode/DerivedData/HearifyV1-ftljoypfezvlxcgouzbpmsmxzads/SourcePackages/checkouts/nanopb/pb_encode.c normal arm64 c com.apple.compilers.llvm.clang.1_0.compiler (in target 'nanopb' from project 'nanopb')
    cd /Users/Veer/Library/Mobile\ Documents/com\~apple\~CloudDocs/HearifyV1/HearifyV1.xcodeproj
    
    Using response file: /Users/Veer/Library/Developer/Xcode/DerivedData/HearifyV1-ftljoypfezvlxcgouzbpmsmxzads/Build/Intermediates.noindex/nanopb.build/Debug-iphoneos/nanopb.build/Objects-normal/arm64/7187679823f38a2a940e0043cdf9d637-common-args.resp
    
    /Applications/Xcode.app/Contents/Developer/Toolchains/XcodeDefault.xctoolchain/usr/bin/clang -x c -ivfsstatcache /Users/Veer/Library/Developer/Xcode/DerivedData/SDKStatCaches.noindex/iphoneos26.2-23C53-3794476bd08197c3e2abd9bb477ef7f7.sdkstatcache -fmessage-length\=0 -fdiagnostics-show-note-include-stack -fmacro-backtrace-limit\=0 -fno-color-diagnostics -fmodules-prune-interval\=86400 -fmodules-prune-after\=345600 -fbuild-session-file\=/Users/Veer/Library/Developer/Xcode/DerivedData/ModuleCache.noindex/Session.modulevalidation -fmodules-validate-once-per-build-session -Wnon-modular-include-in-framework-module -Werror\=non-modular-include-in-framework-module -Wno-trigraphs -Wno-missing-field-initializers -Wno-missing-prototypes -Wno-return-type -Wno-missing-braces -Wparentheses -Wswitch -Wno-unused-function -Wno-unused-label -Wno-unused-parameter -Wno-unused-variable -Wunused-value -Wno-empty-body -Wno-uninitialized -Wno-unknown-pragmas -w -Wno-shadow -Wno-four-char-constants -Wno-conversion -Wno-constant-conversion -Wno-int-conversion -Wno-bool-conversion -Wno-enum-conversion -Wno-float-conversion -Wno-non-literal-null-conversion -Wno-objc-literal-conversion -Wshorten-64-to-32 -Wpointer-sign -Wno-newline-eof -Wno-implicit-fallthrough -fstrict-aliasing -Wdeprecated-declarations -Wno-sign-conversion -Wno-infinite-recursion -Wno-comma -Wno-block-capture-autoreleasing -Wno-strict-prototypes -Wno-semicolon-before-method-body -index-store-path /Users/Veer/Library/Developer/Xcode/DerivedData/HearifyV1-ftljoypfezvlxcgouzbpmsmxzads/Index.noindex/DataStore @/Users/Veer/Library/Developer/Xcode/DerivedData/HearifyV1-ftljoypfezvlxcgouzbpmsmxzads/Build/Intermediates.noindex/nanopb.build/Debug-iphoneos/nanopb.build/Objects-normal/arm64/7187679823f38a2a940e0043cdf9d637-common-args.resp -MMD -MT dependencies -MF /Users/Veer/Library/Developer/Xcode/DerivedData/HearifyV1-ftljoypfezvlxcgouzbpmsmxzads/Build/Intermediates.noindex/nanopb.build/Debug-iphoneos/nanopb.build/Objects-normal/arm64/pb_encode.d --serialize-diagnostics /Users/Veer/Library/Developer/Xcode/DerivedData/HearifyV1-ftljoypfezvlxcgouzbpmsmxzads/Build/Intermediates.noindex/nanopb.build/Debug-iphoneos/nanopb.build/Objects-normal/arm64/pb_encode.dia -c /Users/Veer/Library/Developer/Xcode/DerivedData/HearifyV1-ftljoypfezvlxcgouzbpmsmxzads/SourcePackages/checkouts/nanopb/pb_encode.c -o /Users/Veer/Library/Developer/Xcode/DerivedData/HearifyV1-ftljoypfezvlxcgouzbpmsmxzads/Build/Intermediates.noindex/nanopb.build/Debug-iphoneos/nanopb.build/Objects-normal/arm64/pb_encode.o -index-unit-output-path /nanopb.build/Debug-iphoneos/nanopb.build/Objects-normal/arm64/pb_encode.o

CompileC /Users/Veer/Library/Developer/Xcode/DerivedData/HearifyV1-ftljoypfezvlxcgouzbpmsmxzads/Build/Intermediates.noindex/nanopb.build/Debug-iphoneos/nanopb.build/Objects-normal/arm64/pb_decode.o /Users/Veer/Library/Developer/Xcode/DerivedData/HearifyV1-ftljoypfezvlxcgouzbpmsmxzads/SourcePackages/checkouts/nanopb/pb_decode.c normal arm64 c com.apple.compilers.llvm.clang.1_0.compiler (in target 'nanopb' from project 'nanopb')
    cd /Users/Veer/Library/Mobile\ Documents/com\~apple\~CloudDocs/HearifyV1/HearifyV1.xcodeproj
    
    Using response file: /Users/Veer/Library/Developer/Xcode/DerivedData/HearifyV1-ftljoypfezvlxcgouzbpmsmxzads/Build/Intermediates.noindex/nanopb.build/Debug-iphoneos/nanopb.build/Objects-normal/arm64/7187679823f38a2a940e0043cdf9d637-common-args.resp
    
    /Applications/Xcode.app/Contents/Developer/Toolchains/XcodeDefault.xctoolchain/usr/bin/clang -x c -ivfsstatcache /Users/Veer/Library/Developer/Xcode/DerivedData/SDKStatCaches.noindex/iphoneos26.2-23C53-3794476bd08197c3e2abd9bb477ef7f7.sdkstatcache -fmessage-length\=0 -fdiagnostics-show-note-include-stack -fmacro-backtrace-limit\=0 -fno-color-diagnostics -fmodules-prune-interval\=86400 -fmodules-prune-after\=345600 -fbuild-session-file\=/Users/Veer/Library/Developer/Xcode/DerivedData/ModuleCache.noindex/Session.modulevalidation -fmodules-validate-once-per-build-session -Wnon-modular-include-in-framework-module -Werror\=non-modular-include-in-framework-module -Wno-trigraphs -Wno-missing-field-initializers -Wno-missing-prototypes -Wno-return-type -Wno-missing-braces -Wparentheses -Wswitch -Wno-unused-function -Wno-unused-label -Wno-unused-parameter -Wno-unused-variable -Wunused-value -Wno-empty-body -Wno-uninitialized -Wno-unknown-pragmas -w -Wno-shadow -Wno-four-char-constants -Wno-conversion -Wno-constant-conversion -Wno-int-conversion -Wno-bool-conversion -Wno-enum-conversion -Wno-float-conversion -Wno-non-literal-null-conversion -Wno-objc-literal-conversion -Wshorten-64-to-32 -Wpointer-sign -Wno-newline-eof -Wno-implicit-fallthrough -fstrict-aliasing -Wdeprecated-declarations -Wno-sign-conversion -Wno-infinite-recursion -Wno-comma -Wno-block-capture-autoreleasing -Wno-strict-prototypes -Wno-semicolon-before-method-body -index-store-path /Users/Veer/Library/Developer/Xcode/DerivedData/HearifyV1-ftljoypfezvlxcgouzbpmsmxzads/Index.noindex/DataStore @/Users/Veer/Library/Developer/Xcode/DerivedData/HearifyV1-ftljoypfezvlxcgouzbpmsmxzads/Build/Intermediates.noindex/nanopb.build/Debug-iphoneos/nanopb.build/Objects-normal/arm64/7187679823f38a2a940e0043cdf9d637-common-args.resp -MMD -MT dependencies -MF /Users/Veer/Library/Developer/Xcode/DerivedData/HearifyV1-ftljoypfezvlxcgouzbpmsmxzads/Build/Intermediates.noindex/nanopb.build/Debug-iphoneos/nanopb.build/Objects-normal/arm64/pb_decode.d --serialize-diagnostics /Users/Veer/Library/Developer/Xcode/DerivedData/HearifyV1-ftljoypfezvlxcgouzbpmsmxzads/Build/Intermediates.noindex/nanopb.build/Debug-iphoneos/nanopb.build/Objects-normal/arm64/pb_decode.dia -c /Users/Veer/Library/Developer/Xcode/DerivedData/HearifyV1-ftljoypfezvlxcgouzbpmsmxzads/SourcePackages/checkouts/nanopb/pb_decode.c -o /Users/Veer/Library/Developer/Xcode/DerivedData/HearifyV1-ftljoypfezvlxcgouzbpmsmxzads/Build/Intermediates.noindex/nanopb.build/Debug-iphoneos/nanopb.build/Objects-normal/arm64/pb_decode.o -index-unit-output-path /nanopb.build/Debug-iphoneos/nanopb.build/Objects-normal/arm64/pb_decode.o

CompileC /Users/Veer/Library/Developer/Xcode/DerivedData/HearifyV1-ftljoypfezvlxcgouzbpmsmxzads/Build/Intermediates.noindex/nanopb.build/Debug-iphoneos/nanopb.build/Objects-normal/arm64/pb_common.o /Users/Veer/Library/Developer/Xcode/DerivedData/HearifyV1-ftljoypfezvlxcgouzbpmsmxzads/SourcePackages/checkouts/nanopb/pb_common.c normal arm64 c com.apple.compilers.llvm.clang.1_0.compiler (in target 'nanopb' from project 'nanopb')
    cd /Users/Veer/Library/Mobile\ Documents/com\~apple\~CloudDocs/HearifyV1/HearifyV1.xcodeproj
    
    Using response file: /Users/Veer/Library/Developer/Xcode/DerivedData/HearifyV1-ftljoypfezvlxcgouzbpmsmxzads/Build/Intermediates.noindex/nanopb.build/Debug-iphoneos/nanopb.build/Objects-normal/arm64/7187679823f38a2a940e0043cdf9d637-common-args.resp
    
    /Applications/Xcode.app/Contents/Developer/Toolchains/XcodeDefault.xctoolchain/usr/bin/clang -x c -ivfsstatcache /Users/Veer/Library/Developer/Xcode/DerivedData/SDKStatCaches.noindex/iphoneos26.2-23C53-3794476bd08197c3e2abd9bb477ef7f7.sdkstatcache -fmessage-length\=0 -fdiagnostics-show-note-include-stack -fmacro-backtrace-limit\=0 -fno-color-diagnostics -fmodules-prune-interval\=86400 -fmodules-prune-after\=345600 -fbuild-session-file\=/Users/Veer/Library/Developer/Xcode/DerivedData/ModuleCache.noindex/Session.modulevalidation -fmodules-validate-once-per-build-session -Wnon-modular-include-in-framework-module -Werror\=non-modular-include-in-framework-module -Wno-trigraphs -Wno-missing-field-initializers -Wno-missing-prototypes -Wno-return-type -Wno-missing-braces -Wparentheses -Wswitch -Wno-unused-function -Wno-unused-label -Wno-unused-parameter -Wno-unused-variable -Wunused-value -Wno-empty-body -Wno-uninitialized -Wno-unknown-pragmas -w -Wno-shadow -Wno-four-char-constants -Wno-conversion -Wno-constant-conversion -Wno-int-conversion -Wno-bool-conversion -Wno-enum-conversion -Wno-float-conversion -Wno-non-literal-null-conversion -Wno-objc-literal-conversion -Wshorten-64-to-32 -Wpointer-sign -Wno-newline-eof -Wno-implicit-fallthrough -fstrict-aliasing -Wdeprecated-declarations -Wno-sign-conversion -Wno-infinite-recursion -Wno-comma -Wno-block-capture-autoreleasing -Wno-strict-prototypes -Wno-semicolon-before-method-body -index-store-path /Users/Veer/Library/Developer/Xcode/DerivedData/HearifyV1-ftljoypfezvlxcgouzbpmsmxzads/Index.noindex/DataStore @/Users/Veer/Library/Developer/Xcode/DerivedData/HearifyV1-ftljoypfezvlxcgouzbpmsmxzads/Build/Intermediates.noindex/nanopb.build/Debug-iphoneos/nanopb.build/Objects-normal/arm64/7187679823f38a2a940e0043cdf9d637-common-args.resp -MMD -MT dependencies -MF /Users/Veer/Library/Developer/Xcode/DerivedData/HearifyV1-ftljoypfezvlxcgouzbpmsmxzads/Build/Intermediates.noindex/nanopb.build/Debug-iphoneos/nanopb.build/Objects-normal/arm64/pb_common.d --serialize-diagnostics /Users/Veer/Library/Developer/Xcode/DerivedData/HearifyV1-ftljoypfezvlxcgouzbpmsmxzads/Build/Intermediates.noindex/nanopb.build/Debug-iphoneos/nanopb.build/Objects-normal/arm64/pb_common.dia -c /Users/Veer/Library/Developer/Xcode/DerivedData/HearifyV1-ftljoypfezvlxcgouzbpmsmxzads/SourcePackages/checkouts/nanopb/pb_common.c -o /Users/Veer/Library/Developer/Xcode/DerivedData/HearifyV1-ftljoypfezvlxcgouzbpmsmxzads/Build/Intermediates.noindex/nanopb.build/Debug-iphoneos/nanopb.build/Objects-normal/arm64/pb_common.o -index-unit-output-path /nanopb.build/Debug-iphoneos/nanopb.build/Objects-normal/arm64/pb_common.o

PrecompileModule /Users/Veer/Library/Developer/Xcode/DerivedData/HearifyV1-ftljoypfezvlxcgouzbpmsmxzads/Build/Intermediates.noindex/ExplicitPrecompiledModules/_Builtin_stdatomic-CBJURFU4MUVCUTRS52UGWGYG0.scan
    cd /
    builtin-precompileModule /Users/Veer/Library/Developer/Xcode/DerivedData/HearifyV1-ftljoypfezvlxcgouzbpmsmxzads/Build/Intermediates.noindex/ExplicitPrecompiledModules/_Builtin_stdatomic-CBJURFU4MUVCUTRS52UGWGYG0.scan

ScanDependencies /Users/Veer/Library/Developer/Xcode/DerivedData/HearifyV1-ftljoypfezvlxcgouzbpmsmxzads/Build/Intermediates.noindex/GoogleUtilities.build/Debug-iphoneos/GoogleUtilities-Environment.build/Objects-normal/arm64/GULNetworkInfo.o /Users/Veer/Library/Developer/Xcode/DerivedData/HearifyV1-ftljoypfezvlxcgouzbpmsmxzads/SourcePackages/checkouts/GoogleUtilities/GoogleUtilities/Environment/NetworkInfo/GULNetworkInfo.m normal arm64 objective-c com.apple.compilers.llvm.clang.1_0.compiler (in target 'GoogleUtilities-Environment' from project 'GoogleUtilities')
    cd /Users/Veer/Library/Mobile\ Documents/com\~apple\~CloudDocs/HearifyV1/HearifyV1.xcodeproj
    
    Using response file: /Users/Veer/Library/Developer/Xcode/DerivedData/HearifyV1-ftljoypfezvlxcgouzbpmsmxzads/Build/Intermediates.noindex/GoogleUtilities.build/Debug-iphoneos/GoogleUtilities-Environment.build/Objects-normal/arm64/e6072d4f65d7061329687fe24e3d63a7-common-args.resp
    
    builtin-ScanDependencies -o /Users/Veer/Library/Developer/Xcode/DerivedData/HearifyV1-ftljoypfezvlxcgouzbpmsmxzads/Build/Intermediates.noindex/GoogleUtilities.build/Debug-iphoneos/GoogleUtilities-Environment.build/Objects-normal/arm64/GULNetworkInfo.o.scan -- /Applications/Xcode.app/Contents/Developer/Toolchains/XcodeDefault.xctoolchain/usr/bin/clang -x objective-c -ivfsstatcache /Users/Veer/Library/Developer/Xcode/DerivedData/SDKStatCaches.noindex/iphoneos26.2-23C53-3794476bd08197c3e2abd9bb477ef7f7.sdkstatcache -fmessage-length\=0 -fdiagnostics-show-note-include-stack -fmacro-backtrace-limit\=0 -fno-color-diagnostics -fmodules-prune-interval\=86400 -fmodules-prune-after\=345600 -fbuild-session-file\=/Users/Veer/Library/Developer/Xcode/DerivedData/ModuleCache.noindex/Session.modulevalidation -fmodules-validate-once-per-build-session -Wnon-modular-include-in-framework-module -Werror\=non-modular-include-in-framework-module -Wno-trigraphs -Wno-missing-field-initializers -Wno-missing-prototypes -Wno-return-type -Wno-implicit-atomic-properties -Wno-objc-interface-ivars -Wno-arc-repeated-use-of-weak -Wno-missing-braces -Wparentheses -Wswitch -Wno-unused-function -Wno-unused-label -Wno-unused-parameter -Wno-unused-variable -Wunused-value -Wno-empty-body -Wno-uninitialized -Wno-unknown-pragmas -w -Wno-shadow -Wno-four-char-constants -Wno-conversion -Wno-constant-conversion -Wno-int-conversion -Wno-bool-conversion -Wno-enum-conversion -Wno-float-conversion -Wno-non-literal-null-conversion -Wno-objc-literal-conversion -Wshorten-64-to-32 -Wpointer-sign -Wno-newline-eof -Wno-selector -Wno-strict-selector-match -Wno-undeclared-selector -Wno-deprecated-implementations -Wno-implicit-fallthrough -fstrict-aliasing -Wprotocol -Wdeprecated-declarations -Wno-sign-conversion -Wno-infinite-recursion -Wno-comma -Wno-block-capture-autoreleasing -Wno-strict-prototypes -Wno-semicolon-before-method-body -index-store-path /Users/Veer/Library/Developer/Xcode/DerivedData/HearifyV1-ftljoypfezvlxcgouzbpmsmxzads/Index.noindex/DataStore @/Users/Veer/Library/Developer/Xcode/DerivedData/HearifyV1-ftljoypfezvlxcgouzbpmsmxzads/Build/Intermediates.noindex/GoogleUtilities.build/Debug-iphoneos/GoogleUtilities-Environment.build/Objects-normal/arm64/e6072d4f65d7061329687fe24e3d63a7-common-args.resp -include /Users/Veer/Library/Developer/Xcode/DerivedData/HearifyV1-ftljoypfezvlxcgouzbpmsmxzads/Build/Intermediates.noindex/GoogleUtilities.build/Debug-iphoneos/GoogleUtilities-Environment.build/DerivedSources/resource_bundle_accessor.h -MMD -MT dependencies -MF /Users/Veer/Library/Developer/Xcode/DerivedData/HearifyV1-ftljoypfezvlxcgouzbpmsmxzads/Build/Intermediates.noindex/GoogleUtilities.build/Debug-iphoneos/GoogleUtilities-Environment.build/Objects-normal/arm64/GULNetworkInfo.d --serialize-diagnostics /Users/Veer/Library/Developer/Xcode/DerivedData/HearifyV1-ftljoypfezvlxcgouzbpmsmxzads/Build/Intermediates.noindex/GoogleUtilities.build/Debug-iphoneos/GoogleUtilities-Environment.build/Objects-normal/arm64/GULNetworkInfo.dia -c /Users/Veer/Library/Developer/Xcode/DerivedData/HearifyV1-ftljoypfezvlxcgouzbpmsmxzads/SourcePackages/checkouts/GoogleUtilities/GoogleUtilities/Environment/NetworkInfo/GULNetworkInfo.m -o /Users/Veer/Library/Developer/Xcode/DerivedData/HearifyV1-ftljoypfezvlxcgouzbpmsmxzads/Build/Intermediates.noindex/GoogleUtilities.build/Debug-iphoneos/GoogleUtilities-Environment.build/Objects-normal/arm64/GULNetworkInfo.o -index-unit-output-path /GoogleUtilities.build/Debug-iphoneos/GoogleUtilities-Environment.build/Objects-normal/arm64/GULNetworkInfo.o

ScanDependencies /Users/Veer/Library/Developer/Xcode/DerivedData/HearifyV1-ftljoypfezvlxcgouzbpmsmxzads/Build/Intermediates.noindex/GoogleUtilities.build/Debug-iphoneos/GoogleUtilities-Environment.build/Objects-normal/arm64/GULKeychainUtils.o /Users/Veer/Library/Developer/Xcode/DerivedData/HearifyV1-ftljoypfezvlxcgouzbpmsmxzads/SourcePackages/checkouts/GoogleUtilities/GoogleUtilities/Environment/SecureStorage/GULKeychainUtils.m normal arm64 objective-c com.apple.compilers.llvm.clang.1_0.compiler (in target 'GoogleUtilities-Environment' from project 'GoogleUtilities')
    cd /Users/Veer/Library/Mobile\ Documents/com\~apple\~CloudDocs/HearifyV1/HearifyV1.xcodeproj
    
    Using response file: /Users/Veer/Library/Developer/Xcode/DerivedData/HearifyV1-ftljoypfezvlxcgouzbpmsmxzads/Build/Intermediates.noindex/GoogleUtilities.build/Debug-iphoneos/GoogleUtilities-Environment.build/Objects-normal/arm64/e6072d4f65d7061329687fe24e3d63a7-common-args.resp
    
    builtin-ScanDependencies -o /Users/Veer/Library/Developer/Xcode/DerivedData/HearifyV1-ftljoypfezvlxcgouzbpmsmxzads/Build/Intermediates.noindex/GoogleUtilities.build/Debug-iphoneos/GoogleUtilities-Environment.build/Objects-normal/arm64/GULKeychainUtils.o.scan -- /Applications/Xcode.app/Contents/Developer/Toolchains/XcodeDefault.xctoolchain/usr/bin/clang -x objective-c -ivfsstatcache /Users/Veer/Library/Developer/Xcode/DerivedData/SDKStatCaches.noindex/iphoneos26.2-23C53-3794476bd08197c3e2abd9bb477ef7f7.sdkstatcache -fmessage-length\=0 -fdiagnostics-show-note-include-stack -fmacro-backtrace-limit\=0 -fno-color-diagnostics -fmodules-prune-interval\=86400 -fmodules-prune-after\=345600 -fbuild-session-file\=/Users/Veer/Library/Developer/Xcode/DerivedData/ModuleCache.noindex/Session.modulevalidation -fmodules-validate-once-per-build-session -Wnon-modular-include-in-framework-module -Werror\=non-modular-include-in-framework-module -Wno-trigraphs -Wno-missing-field-initializers -Wno-missing-prototypes -Wno-return-type -Wno-implicit-atomic-properties -Wno-objc-interface-ivars -Wno-arc-repeated-use-of-weak -Wno-missing-braces -Wparentheses -Wswitch -Wno-unused-function -Wno-unused-label -Wno-unused-parameter -Wno-unused-variable -Wunused-value -Wno-empty-body -Wno-uninitialized -Wno-unknown-pragmas -w -Wno-shadow -Wno-four-char-constants -Wno-conversion -Wno-constant-conversion -Wno-int-conversion -Wno-bool-conversion -Wno-enum-conversion -Wno-float-conversion -Wno-non-literal-null-conversion -Wno-objc-literal-conversion -Wshorten-64-to-32 -Wpointer-sign -Wno-newline-eof -Wno-selector -Wno-strict-selector-match -Wno-undeclared-selector -Wno-deprecated-implementations -Wno-implicit-fallthrough -fstrict-aliasing -Wprotocol -Wdeprecated-declarations -Wno-sign-conversion -Wno-infinite-recursion -Wno-comma -Wno-block-capture-autoreleasing -Wno-strict-prototypes -Wno-semicolon-before-method-body -index-store-path /Users/Veer/Library/Developer/Xcode/DerivedData/HearifyV1-ftljoypfezvlxcgouzbpmsmxzads/Index.noindex/DataStore @/Users/Veer/Library/Developer/Xcode/DerivedData/HearifyV1-ftljoypfezvlxcgouzbpmsmxzads/Build/Intermediates.noindex/GoogleUtilities.build/Debug-iphoneos/GoogleUtilities-Environment.build/Objects-normal/arm64/e6072d4f65d7061329687fe24e3d63a7-common-args.resp -include /Users/Veer/Library/Developer/Xcode/DerivedData/HearifyV1-ftljoypfezvlxcgouzbpmsmxzads/Build/Intermediates.noindex/GoogleUtilities.build/Debug-iphoneos/GoogleUtilities-Environment.build/DerivedSources/resource_bundle_accessor.h -MMD -MT dependencies -MF /Users/Veer/Library/Developer/Xcode/DerivedData/HearifyV1-ftljoypfezvlxcgouzbpmsmxzads/Build/Intermediates.noindex/GoogleUtilities.build/Debug-iphoneos/GoogleUtilities-Environment.build/Objects-normal/arm64/GULKeychainUtils.d --serialize-diagnostics /Users/Veer/Library/Developer/Xcode/DerivedData/HearifyV1-ftljoypfezvlxcgouzbpmsmxzads/Build/Intermediates.noindex/GoogleUtilities.build/Debug-iphoneos/GoogleUtilities-Environment.build/Objects-normal/arm64/GULKeychainUtils.dia -c /Users/Veer/Library/Developer/Xcode/DerivedData/HearifyV1-ftljoypfezvlxcgouzbpmsmxzads/SourcePackages/checkouts/GoogleUtilities/GoogleUtilities/Environment/SecureStorage/GULKeychainUtils.m -o /Users/Veer/Library/Developer/Xcode/DerivedData/HearifyV1-ftljoypfezvlxcgouzbpmsmxzads/Build/Intermediates.noindex/GoogleUtilities.build/Debug-iphoneos/GoogleUtilities-Environment.build/Objects-normal/arm64/GULKeychainUtils.o -index-unit-output-path /GoogleUtilities.build/Debug-iphoneos/GoogleUtilities-Environment.build/Objects-normal/arm64/GULKeychainUtils.o

ScanDependencies /Users/Veer/Library/Developer/Xcode/DerivedData/HearifyV1-ftljoypfezvlxcgouzbpmsmxzads/Build/Intermediates.noindex/GoogleUtilities.build/Debug-iphoneos/GoogleUtilities-Environment.build/Objects-normal/arm64/GULKeychainStorage.o /Users/Veer/Library/Developer/Xcode/DerivedData/HearifyV1-ftljoypfezvlxcgouzbpmsmxzads/SourcePackages/checkouts/GoogleUtilities/GoogleUtilities/Environment/SecureStorage/GULKeychainStorage.m normal arm64 objective-c com.apple.compilers.llvm.clang.1_0.compiler (in target 'GoogleUtilities-Environment' from project 'GoogleUtilities')
    cd /Users/Veer/Library/Mobile\ Documents/com\~apple\~CloudDocs/HearifyV1/HearifyV1.xcodeproj
    
    Using response file: /Users/Veer/Library/Developer/Xcode/DerivedData/HearifyV1-ftljoypfezvlxcgouzbpmsmxzads/Build/Intermediates.noindex/GoogleUtilities.build/Debug-iphoneos/GoogleUtilities-Environment.build/Objects-normal/arm64/e6072d4f65d7061329687fe24e3d63a7-common-args.resp
    
    builtin-ScanDependencies -o /Users/Veer/Library/Developer/Xcode/DerivedData/HearifyV1-ftljoypfezvlxcgouzbpmsmxzads/Build/Intermediates.noindex/GoogleUtilities.build/Debug-iphoneos/GoogleUtilities-Environment.build/Objects-normal/arm64/GULKeychainStorage.o.scan -- /Applications/Xcode.app/Contents/Developer/Toolchains/XcodeDefault.xctoolchain/usr/bin/clang -x objective-c -ivfsstatcache /Users/Veer/Library/Developer/Xcode/DerivedData/SDKStatCaches.noindex/iphoneos26.2-23C53-3794476bd08197c3e2abd9bb477ef7f7.sdkstatcache -fmessage-length\=0 -fdiagnostics-show-note-include-stack -fmacro-backtrace-limit\=0 -fno-color-diagnostics -fmodules-prune-interval\=86400 -fmodules-prune-after\=345600 -fbuild-session-file\=/Users/Veer/Library/Developer/Xcode/DerivedData/ModuleCache.noindex/Session.modulevalidation -fmodules-validate-once-per-build-session -Wnon-modular-include-in-framework-module -Werror\=non-modular-include-in-framework-module -Wno-trigraphs -Wno-missing-field-initializers -Wno-missing-prototypes -Wno-return-type -Wno-implicit-atomic-properties -Wno-objc-interface-ivars -Wno-arc-repeated-use-of-weak -Wno-missing-braces -Wparentheses -Wswitch -Wno-unused-function -Wno-unused-label -Wno-unused-parameter -Wno-unused-variable -Wunused-value -Wno-empty-body -Wno-uninitialized -Wno-unknown-pragmas -w -Wno-shadow -Wno-four-char-constants -Wno-conversion -Wno-constant-conversion -Wno-int-conversion -Wno-bool-conversion -Wno-enum-conversion -Wno-float-conversion -Wno-non-literal-null-conversion -Wno-objc-literal-conversion -Wshorten-64-to-32 -Wpointer-sign -Wno-newline-eof -Wno-selector -Wno-strict-selector-match -Wno-undeclared-selector -Wno-deprecated-implementations -Wno-implicit-fallthrough -fstrict-aliasing -Wprotocol -Wdeprecated-declarations -Wno-sign-conversion -Wno-infinite-recursion -Wno-comma -Wno-block-capture-autoreleasing -Wno-strict-prototypes -Wno-semicolon-before-method-body -index-store-path /Users/Veer/Library/Developer/Xcode/DerivedData/HearifyV1-ftljoypfezvlxcgouzbpmsmxzads/Index.noindex/DataStore @/Users/Veer/Library/Developer/Xcode/DerivedData/HearifyV1-ftljoypfezvlxcgouzbpmsmxzads/Build/Intermediates.noindex/GoogleUtilities.build/Debug-iphoneos/GoogleUtilities-Environment.build/Objects-normal/arm64/e6072d4f65d7061329687fe24e3d63a7-common-args.resp -include /Users/Veer/Library/Developer/Xcode/DerivedData/HearifyV1-ftljoypfezvlxcgouzbpmsmxzads/Build/Intermediates.noindex/GoogleUtilities.build/Debug-iphoneos/GoogleUtilities-Environment.build/DerivedSources/resource_bundle_accessor.h -MMD -MT dependencies -MF /Users/Veer/Library/Developer/Xcode/DerivedData/HearifyV1-ftljoypfezvlxcgouzbpmsmxzads/Build/Intermediates.noindex/GoogleUtilities.build/Debug-iphoneos/GoogleUtilities-Environment.build/Objects-normal/arm64/GULKeychainStorage.d --serialize-diagnostics /Users/Veer/Library/Developer/Xcode/DerivedData/HearifyV1-ftljoypfezvlxcgouzbpmsmxzads/Build/Intermediates.noindex/GoogleUtilities.build/Debug-iphoneos/GoogleUtilities-Environment.build/Objects-normal/arm64/GULKeychainStorage.dia -c /Users/Veer/Library/Developer/Xcode/DerivedData/HearifyV1-ftljoypfezvlxcgouzbpmsmxzads/SourcePackages/checkouts/GoogleUtilities/GoogleUtilities/Environment/SecureStorage/GULKeychainStorage.m -o /Users/Veer/Library/Developer/Xcode/DerivedData/HearifyV1-ftljoypfezvlxcgouzbpmsmxzads/Build/Intermediates.noindex/GoogleUtilities.build/Debug-iphoneos/GoogleUtilities-Environment.build/Objects-normal/arm64/GULKeychainStorage.o -index-unit-output-path /GoogleUtilities.build/Debug-iphoneos/GoogleUtilities-Environment.build/Objects-normal/arm64/GULKeychainStorage.o

ScanDependencies /Users/Veer/Library/Developer/Xcode/DerivedData/HearifyV1-ftljoypfezvlxcgouzbpmsmxzads/Build/Intermediates.noindex/GoogleUtilities.build/Debug-iphoneos/GoogleUtilities-Environment.build/Objects-normal/arm64/GULAppEnvironmentUtil.o /Users/Veer/Library/Developer/Xcode/DerivedData/HearifyV1-ftljoypfezvlxcgouzbpmsmxzads/SourcePackages/checkouts/GoogleUtilities/GoogleUtilities/Environment/GULAppEnvironmentUtil.m normal arm64 objective-c com.apple.compilers.llvm.clang.1_0.compiler (in target 'GoogleUtilities-Environment' from project 'GoogleUtilities')
    cd /Users/Veer/Library/Mobile\ Documents/com\~apple\~CloudDocs/HearifyV1/HearifyV1.xcodeproj
    
    Using response file: /Users/Veer/Library/Developer/Xcode/DerivedData/HearifyV1-ftljoypfezvlxcgouzbpmsmxzads/Build/Intermediates.noindex/GoogleUtilities.build/Debug-iphoneos/GoogleUtilities-Environment.build/Objects-normal/arm64/e6072d4f65d7061329687fe24e3d63a7-common-args.resp
    
    builtin-ScanDependencies -o /Users/Veer/Library/Developer/Xcode/DerivedData/HearifyV1-ftljoypfezvlxcgouzbpmsmxzads/Build/Intermediates.noindex/GoogleUtilities.build/Debug-iphoneos/GoogleUtilities-Environment.build/Objects-normal/arm64/GULAppEnvironmentUtil.o.scan -- /Applications/Xcode.app/Contents/Developer/Toolchains/XcodeDefault.xctoolchain/usr/bin/clang -x objective-c -ivfsstatcache /Users/Veer/Library/Developer/Xcode/DerivedData/SDKStatCaches.noindex/iphoneos26.2-23C53-3794476bd08197c3e2abd9bb477ef7f7.sdkstatcache -fmessage-length\=0 -fdiagnostics-show-note-include-stack -fmacro-backtrace-limit\=0 -fno-color-diagnostics -fmodules-prune-interval\=86400 -fmodules-prune-after\=345600 -fbuild-session-file\=/Users/Veer/Library/Developer/Xcode/DerivedData/ModuleCache.noindex/Session.modulevalidation -fmodules-validate-once-per-build-session -Wnon-modular-include-in-framework-module -Werror\=non-modular-include-in-framework-module -Wno-trigraphs -Wno-missing-field-initializers -Wno-missing-prototypes -Wno-return-type -Wno-implicit-atomic-properties -Wno-objc-interface-ivars -Wno-arc-repeated-use-of-weak -Wno-missing-braces -Wparentheses -Wswitch -Wno-unused-function -Wno-unused-label -Wno-unused-parameter -Wno-unused-variable -Wunused-value -Wno-empty-body -Wno-uninitialized -Wno-unknown-pragmas -w -Wno-shadow -Wno-four-char-constants -Wno-conversion -Wno-constant-conversion -Wno-int-conversion -Wno-bool-conversion -Wno-enum-conversion -Wno-float-conversion -Wno-non-literal-null-conversion -Wno-objc-literal-conversion -Wshorten-64-to-32 -Wpointer-sign -Wno-newline-eof -Wno-selector -Wno-strict-selector-match -Wno-undeclared-selector -Wno-deprecated-implementations -Wno-implicit-fallthrough -fstrict-aliasing -Wprotocol -Wdeprecated-declarations -Wno-sign-conversion -Wno-infinite-recursion -Wno-comma -Wno-block-capture-autoreleasing -Wno-strict-prototypes -Wno-semicolon-before-method-body -index-store-path /Users/Veer/Library/Developer/Xcode/DerivedData/HearifyV1-ftljoypfezvlxcgouzbpmsmxzads/Index.noindex/DataStore @/Users/Veer/Library/Developer/Xcode/DerivedData/HearifyV1-ftljoypfezvlxcgouzbpmsmxzads/Build/Intermediates.noindex/GoogleUtilities.build/Debug-iphoneos/GoogleUtilities-Environment.build/Objects-normal/arm64/e6072d4f65d7061329687fe24e3d63a7-common-args.resp -include /Users/Veer/Library/Developer/Xcode/DerivedData/HearifyV1-ftljoypfezvlxcgouzbpmsmxzads/Build/Intermediates.noindex/GoogleUtilities.build/Debug-iphoneos/GoogleUtilities-Environment.build/DerivedSources/resource_bundle_accessor.h -MMD -MT dependencies -MF /Users/Veer/Library/Developer/Xcode/DerivedData/HearifyV1-ftljoypfezvlxcgouzbpmsmxzads/Build/Intermediates.noindex/GoogleUtilities.build/Debug-iphoneos/GoogleUtilities-Environment.build/Objects-normal/arm64/GULAppEnvironmentUtil.d --serialize-diagnostics /Users/Veer/Library/Developer/Xcode/DerivedData/HearifyV1-ftljoypfezvlxcgouzbpmsmxzads/Build/Intermediates.noindex/GoogleUtilities.build/Debug-iphoneos/GoogleUtilities-Environment.build/Objects-normal/arm64/GULAppEnvironmentUtil.dia -c /Users/Veer/Library/Developer/Xcode/DerivedData/HearifyV1-ftljoypfezvlxcgouzbpmsmxzads/SourcePackages/checkouts/GoogleUtilities/GoogleUtilities/Environment/GULAppEnvironmentUtil.m -o /Users/Veer/Library/Developer/Xcode/DerivedData/HearifyV1-ftljoypfezvlxcgouzbpmsmxzads/Build/Intermediates.noindex/GoogleUtilities.build/Debug-iphoneos/GoogleUtilities-Environment.build/Objects-normal/arm64/GULAppEnvironmentUtil.o -index-unit-output-path /GoogleUtilities.build/Debug-iphoneos/GoogleUtilities-Environment.build/Objects-normal/arm64/GULAppEnvironmentUtil.o

ScanDependencies /Users/Veer/Library/Developer/Xcode/DerivedData/HearifyV1-ftljoypfezvlxcgouzbpmsmxzads/Build/Intermediates.noindex/GTMSessionFetcher.build/Debug-iphoneos/GTMSessionFetcherCore.build/Objects-normal/arm64/resource_bundle_accessor.o /Users/Veer/Library/Developer/Xcode/DerivedData/HearifyV1-ftljoypfezvlxcgouzbpmsmxzads/Build/Intermediates.noindex/GTMSessionFetcher.build/Debug-iphoneos/GTMSessionFetcherCore.build/DerivedSources/resource_bundle_accessor.m normal arm64 objective-c com.apple.compilers.llvm.clang.1_0.compiler (in target 'GTMSessionFetcherCore' from project 'GTMSessionFetcher')
    cd /Users/Veer/Library/Mobile\ Documents/com\~apple\~CloudDocs/HearifyV1/HearifyV1.xcodeproj
    
    Using response file: /Users/Veer/Library/Developer/Xcode/DerivedData/HearifyV1-ftljoypfezvlxcgouzbpmsmxzads/Build/Intermediates.noindex/GTMSessionFetcher.build/Debug-iphoneos/GTMSessionFetcherCore.build/Objects-normal/arm64/e6072d4f65d7061329687fe24e3d63a7-common-args.resp
    
    builtin-ScanDependencies -o /Users/Veer/Library/Developer/Xcode/DerivedData/HearifyV1-ftljoypfezvlxcgouzbpmsmxzads/Build/Intermediates.noindex/GTMSessionFetcher.build/Debug-iphoneos/GTMSessionFetcherCore.build/Objects-normal/arm64/resource_bundle_accessor.o.scan -- /Applications/Xcode.app/Contents/Developer/Toolchains/XcodeDefault.xctoolchain/usr/bin/clang -x objective-c -ivfsstatcache /Users/Veer/Library/Developer/Xcode/DerivedData/SDKStatCaches.noindex/iphoneos26.2-23C53-3794476bd08197c3e2abd9bb477ef7f7.sdkstatcache -fmessage-length\=0 -fdiagnostics-show-note-include-stack -fmacro-backtrace-limit\=0 -fno-color-diagnostics -fmodules-prune-interval\=86400 -fmodules-prune-after\=345600 -fbuild-session-file\=/Users/Veer/Library/Developer/Xcode/DerivedData/ModuleCache.noindex/Session.modulevalidation -fmodules-validate-once-per-build-session -Wnon-modular-include-in-framework-module -Werror\=non-modular-include-in-framework-module -Wno-trigraphs -Wno-missing-field-initializers -Wno-missing-prototypes -Wno-return-type -Wno-implicit-atomic-properties -Wno-objc-interface-ivars -Wno-arc-repeated-use-of-weak -Wno-missing-braces -Wparentheses -Wswitch -Wno-unused-function -Wno-unused-label -Wno-unused-parameter -Wno-unused-variable -Wunused-value -Wno-empty-body -Wno-uninitialized -Wno-unknown-pragmas -w -Wno-shadow -Wno-four-char-constants -Wno-conversion -Wno-constant-conversion -Wno-int-conversion -Wno-bool-conversion -Wno-enum-conversion -Wno-float-conversion -Wno-non-literal-null-conversion -Wno-objc-literal-conversion -Wshorten-64-to-32 -Wpointer-sign -Wno-newline-eof -Wno-selector -Wno-strict-selector-match -Wno-undeclared-selector -Wno-deprecated-implementations -Wno-implicit-fallthrough -fstrict-aliasing -Wprotocol -Wdeprecated-declarations -Wno-sign-conversion -Wno-infinite-recursion -Wno-comma -Wno-block-capture-autoreleasing -Wno-strict-prototypes -Wno-semicolon-before-method-body -index-store-path /Users/Veer/Library/Developer/Xcode/DerivedData/HearifyV1-ftljoypfezvlxcgouzbpmsmxzads/Index.noindex/DataStore @/Users/Veer/Library/Developer/Xcode/DerivedData/HearifyV1-ftljoypfezvlxcgouzbpmsmxzads/Build/Intermediates.noindex/GTMSessionFetcher.build/Debug-iphoneos/GTMSessionFetcherCore.build/Objects-normal/arm64/e6072d4f65d7061329687fe24e3d63a7-common-args.resp -include /Users/Veer/Library/Developer/Xcode/DerivedData/HearifyV1-ftljoypfezvlxcgouzbpmsmxzads/Build/Intermediates.noindex/GTMSessionFetcher.build/Debug-iphoneos/GTMSessionFetcherCore.build/DerivedSources/resource_bundle_accessor.h -MMD -MT dependencies -MF /Users/Veer/Library/Developer/Xcode/DerivedData/HearifyV1-ftljoypfezvlxcgouzbpmsmxzads/Build/Intermediates.noindex/GTMSessionFetcher.build/Debug-iphoneos/GTMSessionFetcherCore.build/Objects-normal/arm64/resource_bundle_accessor.d --serialize-diagnostics /Users/Veer/Library/Developer/Xcode/DerivedData/HearifyV1-ftljoypfezvlxcgouzbpmsmxzads/Build/Intermediates.noindex/GTMSessionFetcher.build/Debug-iphoneos/GTMSessionFetcherCore.build/Objects-normal/arm64/resource_bundle_accessor.dia -c /Users/Veer/Library/Developer/Xcode/DerivedData/HearifyV1-ftljoypfezvlxcgouzbpmsmxzads/Build/Intermediates.noindex/GTMSessionFetcher.build/Debug-iphoneos/GTMSessionFetcherCore.build/DerivedSources/resource_bundle_accessor.m -o /Users/Veer/Library/Developer/Xcode/DerivedData/HearifyV1-ftljoypfezvlxcgouzbpmsmxzads/Build/Intermediates.noindex/GTMSessionFetcher.build/Debug-iphoneos/GTMSessionFetcherCore.build/Objects-normal/arm64/resource_bundle_accessor.o -index-unit-output-path /GTMSessionFetcher.build/Debug-iphoneos/GTMSessionFetcherCore.build/Objects-normal/arm64/resource_bundle_accessor.o

PrecompileModule /Users/Veer/Library/Developer/Xcode/DerivedData/HearifyV1-ftljoypfezvlxcgouzbpmsmxzads/Build/Intermediates.noindex/ExplicitPrecompiledModules/MachO-DQLHL0PVZJGNQIK6F7KRQWDCK.scan
    cd /
    builtin-precompileModule /Users/Veer/Library/Developer/Xcode/DerivedData/HearifyV1-ftljoypfezvlxcgouzbpmsmxzads/Build/Intermediates.noindex/ExplicitPrecompiledModules/MachO-DQLHL0PVZJGNQIK6F7KRQWDCK.scan

PrecompileModule /Users/Veer/Library/Developer/Xcode/DerivedData/HearifyV1-ftljoypfezvlxcgouzbpmsmxzads/Build/Intermediates.noindex/ExplicitPrecompiledModules/ObjectiveC-4YIKBC2PWH49CV8DUVVMKA7T0.scan
    cd /
    builtin-precompileModule /Users/Veer/Library/Developer/Xcode/DerivedData/HearifyV1-ftljoypfezvlxcgouzbpmsmxzads/Build/Intermediates.noindex/ExplicitPrecompiledModules/ObjectiveC-4YIKBC2PWH49CV8DUVVMKA7T0.scan

ScanDependencies /Users/Veer/Library/Developer/Xcode/DerivedData/HearifyV1-ftljoypfezvlxcgouzbpmsmxzads/Build/Intermediates.noindex/GTMSessionFetcher.build/Debug-iphoneos/GTMSessionFetcherCore.build/Objects-normal/arm64/GTMSessionUploadFetcher.o /Users/Veer/Library/Developer/Xcode/DerivedData/HearifyV1-ftljoypfezvlxcgouzbpmsmxzads/SourcePackages/checkouts/gtm-session-fetcher/Sources/Core/GTMSessionUploadFetcher.m normal arm64 objective-c com.apple.compilers.llvm.clang.1_0.compiler (in target 'GTMSessionFetcherCore' from project 'GTMSessionFetcher')
    cd /Users/Veer/Library/Mobile\ Documents/com\~apple\~CloudDocs/HearifyV1/HearifyV1.xcodeproj
    
    Using response file: /Users/Veer/Library/Developer/Xcode/DerivedData/HearifyV1-ftljoypfezvlxcgouzbpmsmxzads/Build/Intermediates.noindex/GTMSessionFetcher.build/Debug-iphoneos/GTMSessionFetcherCore.build/Objects-normal/arm64/e6072d4f65d7061329687fe24e3d63a7-common-args.resp
    
    builtin-ScanDependencies -o /Users/Veer/Library/Developer/Xcode/DerivedData/HearifyV1-ftljoypfezvlxcgouzbpmsmxzads/Build/Intermediates.noindex/GTMSessionFetcher.build/Debug-iphoneos/GTMSessionFetcherCore.build/Objects-normal/arm64/GTMSessionUploadFetcher.o.scan -- /Applications/Xcode.app/Contents/Developer/Toolchains/XcodeDefault.xctoolchain/usr/bin/clang -x objective-c -ivfsstatcache /Users/Veer/Library/Developer/Xcode/DerivedData/SDKStatCaches.noindex/iphoneos26.2-23C53-3794476bd08197c3e2abd9bb477ef7f7.sdkstatcache -fmessage-length\=0 -fdiagnostics-show-note-include-stack -fmacro-backtrace-limit\=0 -fno-color-diagnostics -fmodules-prune-interval\=86400 -fmodules-prune-after\=345600 -fbuild-session-file\=/Users/Veer/Library/Developer/Xcode/DerivedData/ModuleCache.noindex/Session.modulevalidation -fmodules-validate-once-per-build-session -Wnon-modular-include-in-framework-module -Werror\=non-modular-include-in-framework-module -Wno-trigraphs -Wno-missing-field-initializers -Wno-missing-prototypes -Wno-return-type -Wno-implicit-atomic-properties -Wno-objc-interface-ivars -Wno-arc-repeated-use-of-weak -Wno-missing-braces -Wparentheses -Wswitch -Wno-unused-function -Wno-unused-label -Wno-unused-parameter -Wno-unused-variable -Wunused-value -Wno-empty-body -Wno-uninitialized -Wno-unknown-pragmas -w -Wno-shadow -Wno-four-char-constants -Wno-conversion -Wno-constant-conversion -Wno-int-conversion -Wno-bool-conversion -Wno-enum-conversion -Wno-float-conversion -Wno-non-literal-null-conversion -Wno-objc-literal-conversion -Wshorten-64-to-32 -Wpointer-sign -Wno-newline-eof -Wno-selector -Wno-strict-selector-match -Wno-undeclared-selector -Wno-deprecated-implementations -Wno-implicit-fallthrough -fstrict-aliasing -Wprotocol -Wdeprecated-declarations -Wno-sign-conversion -Wno-infinite-recursion -Wno-comma -Wno-block-capture-autoreleasing -Wno-strict-prototypes -Wno-semicolon-before-method-body -index-store-path /Users/Veer/Library/Developer/Xcode/DerivedData/HearifyV1-ftljoypfezvlxcgouzbpmsmxzads/Index.noindex/DataStore @/Users/Veer/Library/Developer/Xcode/DerivedData/HearifyV1-ftljoypfezvlxcgouzbpmsmxzads/Build/Intermediates.noindex/GTMSessionFetcher.build/Debug-iphoneos/GTMSessionFetcherCore.build/Objects-normal/arm64/e6072d4f65d7061329687fe24e3d63a7-common-args.resp -include /Users/Veer/Library/Developer/Xcode/DerivedData/HearifyV1-ftljoypfezvlxcgouzbpmsmxzads/Build/Intermediates.noindex/GTMSessionFetcher.build/Debug-iphoneos/GTMSessionFetcherCore.build/DerivedSources/resource_bundle_accessor.h -MMD -MT dependencies -MF /Users/Veer/Library/Developer/Xcode/DerivedData/HearifyV1-ftljoypfezvlxcgouzbpmsmxzads/Build/Intermediates.noindex/GTMSessionFetcher.build/Debug-iphoneos/GTMSessionFetcherCore.build/Objects-normal/arm64/GTMSessionUploadFetcher.d --serialize-diagnostics /Users/Veer/Library/Developer/Xcode/DerivedData/HearifyV1-ftljoypfezvlxcgouzbpmsmxzads/Build/Intermediates.noindex/GTMSessionFetcher.build/Debug-iphoneos/GTMSessionFetcherCore.build/Objects-normal/arm64/GTMSessionUploadFetcher.dia -c /Users/Veer/Library/Developer/Xcode/DerivedData/HearifyV1-ftljoypfezvlxcgouzbpmsmxzads/SourcePackages/checkouts/gtm-session-fetcher/Sources/Core/GTMSessionUploadFetcher.m -o /Users/Veer/Library/Developer/Xcode/DerivedData/HearifyV1-ftljoypfezvlxcgouzbpmsmxzads/Build/Intermediates.noindex/GTMSessionFetcher.build/Debug-iphoneos/GTMSessionFetcherCore.build/Objects-normal/arm64/GTMSessionUploadFetcher.o -index-unit-output-path /GTMSessionFetcher.build/Debug-iphoneos/GTMSessionFetcherCore.build/Objects-normal/arm64/GTMSessionUploadFetcher.o

ScanDependencies /Users/Veer/Library/Developer/Xcode/DerivedData/HearifyV1-ftljoypfezvlxcgouzbpmsmxzads/Build/Intermediates.noindex/GTMSessionFetcher.build/Debug-iphoneos/GTMSessionFetcherCore.build/Objects-normal/arm64/GTMSessionFetcherService.o /Users/Veer/Library/Developer/Xcode/DerivedData/HearifyV1-ftljoypfezvlxcgouzbpmsmxzads/SourcePackages/checkouts/gtm-session-fetcher/Sources/Core/GTMSessionFetcherService.m normal arm64 objective-c com.apple.compilers.llvm.clang.1_0.compiler (in target 'GTMSessionFetcherCore' from project 'GTMSessionFetcher')
    cd /Users/Veer/Library/Mobile\ Documents/com\~apple\~CloudDocs/HearifyV1/HearifyV1.xcodeproj
    
    Using response file: /Users/Veer/Library/Developer/Xcode/DerivedData/HearifyV1-ftljoypfezvlxcgouzbpmsmxzads/Build/Intermediates.noindex/GTMSessionFetcher.build/Debug-iphoneos/GTMSessionFetcherCore.build/Objects-normal/arm64/e6072d4f65d7061329687fe24e3d63a7-common-args.resp
    
    builtin-ScanDependencies -o /Users/Veer/Library/Developer/Xcode/DerivedData/HearifyV1-ftljoypfezvlxcgouzbpmsmxzads/Build/Intermediates.noindex/GTMSessionFetcher.build/Debug-iphoneos/GTMSessionFetcherCore.build/Objects-normal/arm64/GTMSessionFetcherService.o.scan -- /Applications/Xcode.app/Contents/Developer/Toolchains/XcodeDefault.xctoolchain/usr/bin/clang -x objective-c -ivfsstatcache /Users/Veer/Library/Developer/Xcode/DerivedData/SDKStatCaches.noindex/iphoneos26.2-23C53-3794476bd08197c3e2abd9bb477ef7f7.sdkstatcache -fmessage-length\=0 -fdiagnostics-show-note-include-stack -fmacro-backtrace-limit\=0 -fno-color-diagnostics -fmodules-prune-interval\=86400 -fmodules-prune-after\=345600 -fbuild-session-file\=/Users/Veer/Library/Developer/Xcode/DerivedData/ModuleCache.noindex/Session.modulevalidation -fmodules-validate-once-per-build-session -Wnon-modular-include-in-framework-module -Werror\=non-modular-include-in-framework-module -Wno-trigraphs -Wno-missing-field-initializers -Wno-missing-prototypes -Wno-return-type -Wno-implicit-atomic-properties -Wno-objc-interface-ivars -Wno-arc-repeated-use-of-weak -Wno-missing-braces -Wparentheses -Wswitch -Wno-unused-function -Wno-unused-label -Wno-unused-parameter -Wno-unused-variable -Wunused-value -Wno-empty-body -Wno-uninitialized -Wno-unknown-pragmas -w -Wno-shadow -Wno-four-char-constants -Wno-conversion -Wno-constant-conversion -Wno-int-conversion -Wno-bool-conversion -Wno-enum-conversion -Wno-float-conversion -Wno-non-literal-null-conversion -Wno-objc-literal-conversion -Wshorten-64-to-32 -Wpointer-sign -Wno-newline-eof -Wno-selector -Wno-strict-selector-match -Wno-undeclared-selector -Wno-deprecated-implementations -Wno-implicit-fallthrough -fstrict-aliasing -Wprotocol -Wdeprecated-declarations -Wno-sign-conversion -Wno-infinite-recursion -Wno-comma -Wno-block-capture-autoreleasing -Wno-strict-prototypes -Wno-semicolon-before-method-body -index-store-path /Users/Veer/Library/Developer/Xcode/DerivedData/HearifyV1-ftljoypfezvlxcgouzbpmsmxzads/Index.noindex/DataStore @/Users/Veer/Library/Developer/Xcode/DerivedData/HearifyV1-ftljoypfezvlxcgouzbpmsmxzads/Build/Intermediates.noindex/GTMSessionFetcher.build/Debug-iphoneos/GTMSessionFetcherCore.build/Objects-normal/arm64/e6072d4f65d7061329687fe24e3d63a7-common-args.resp -include /Users/Veer/Library/Developer/Xcode/DerivedData/HearifyV1-ftljoypfezvlxcgouzbpmsmxzads/Build/Intermediates.noindex/GTMSessionFetcher.build/Debug-iphoneos/GTMSessionFetcherCore.build/DerivedSources/resource_bundle_accessor.h -MMD -MT dependencies -MF /Users/Veer/Library/Developer/Xcode/DerivedData/HearifyV1-ftljoypfezvlxcgouzbpmsmxzads/Build/Intermediates.noindex/GTMSessionFetcher.build/Debug-iphoneos/GTMSessionFetcherCore.build/Objects-normal/arm64/GTMSessionFetcherService.d --serialize-diagnostics /Users/Veer/Library/Developer/Xcode/DerivedData/HearifyV1-ftljoypfezvlxcgouzbpmsmxzads/Build/Intermediates.noindex/GTMSessionFetcher.build/Debug-iphoneos/GTMSessionFetcherCore.build/Objects-normal/arm64/GTMSessionFetcherService.dia -c /Users/Veer/Library/Developer/Xcode/DerivedData/HearifyV1-ftljoypfezvlxcgouzbpmsmxzads/SourcePackages/checkouts/gtm-session-fetcher/Sources/Core/GTMSessionFetcherService.m -o /Users/Veer/Library/Developer/Xcode/DerivedData/HearifyV1-ftljoypfezvlxcgouzbpmsmxzads/Build/Intermediates.noindex/GTMSessionFetcher.build/Debug-iphoneos/GTMSessionFetcherCore.build/Objects-normal/arm64/GTMSessionFetcherService.o -index-unit-output-path /GTMSessionFetcher.build/Debug-iphoneos/GTMSessionFetcherCore.build/Objects-normal/arm64/GTMSessionFetcherService.o

ScanDependencies /Users/Veer/Library/Developer/Xcode/DerivedData/HearifyV1-ftljoypfezvlxcgouzbpmsmxzads/Build/Intermediates.noindex/GTMSessionFetcher.build/Debug-iphoneos/GTMSessionFetcherCore.build/Objects-normal/arm64/GTMSessionFetcherLogging.o /Users/Veer/Library/Developer/Xcode/DerivedData/HearifyV1-ftljoypfezvlxcgouzbpmsmxzads/SourcePackages/checkouts/gtm-session-fetcher/Sources/Core/GTMSessionFetcherLogging.m normal arm64 objective-c com.apple.compilers.llvm.clang.1_0.compiler (in target 'GTMSessionFetcherCore' from project 'GTMSessionFetcher')
    cd /Users/Veer/Library/Mobile\ Documents/com\~apple\~CloudDocs/HearifyV1/HearifyV1.xcodeproj
    
    Using response file: /Users/Veer/Library/Developer/Xcode/DerivedData/HearifyV1-ftljoypfezvlxcgouzbpmsmxzads/Build/Intermediates.noindex/GTMSessionFetcher.build/Debug-iphoneos/GTMSessionFetcherCore.build/Objects-normal/arm64/e6072d4f65d7061329687fe24e3d63a7-common-args.resp
    
    builtin-ScanDependencies -o /Users/Veer/Library/Developer/Xcode/DerivedData/HearifyV1-ftljoypfezvlxcgouzbpmsmxzads/Build/Intermediates.noindex/GTMSessionFetcher.build/Debug-iphoneos/GTMSessionFetcherCore.build/Objects-normal/arm64/GTMSessionFetcherLogging.o.scan -- /Applications/Xcode.app/Contents/Developer/Toolchains/XcodeDefault.xctoolchain/usr/bin/clang -x objective-c -ivfsstatcache /Users/Veer/Library/Developer/Xcode/DerivedData/SDKStatCaches.noindex/iphoneos26.2-23C53-3794476bd08197c3e2abd9bb477ef7f7.sdkstatcache -fmessage-length\=0 -fdiagnostics-show-note-include-stack -fmacro-backtrace-limit\=0 -fno-color-diagnostics -fmodules-prune-interval\=86400 -fmodules-prune-after\=345600 -fbuild-session-file\=/Users/Veer/Library/Developer/Xcode/DerivedData/ModuleCache.noindex/Session.modulevalidation -fmodules-validate-once-per-build-session -Wnon-modular-include-in-framework-module -Werror\=non-modular-include-in-framework-module -Wno-trigraphs -Wno-missing-field-initializers -Wno-missing-prototypes -Wno-return-type -Wno-implicit-atomic-properties -Wno-objc-interface-ivars -Wno-arc-repeated-use-of-weak -Wno-missing-braces -Wparentheses -Wswitch -Wno-unused-function -Wno-unused-label -Wno-unused-parameter -Wno-unused-variable -Wunused-value -Wno-empty-body -Wno-uninitialized -Wno-unknown-pragmas -w -Wno-shadow -Wno-four-char-constants -Wno-conversion -Wno-constant-conversion -Wno-int-conversion -Wno-bool-conversion -Wno-enum-conversion -Wno-float-conversion -Wno-non-literal-null-conversion -Wno-objc-literal-conversion -Wshorten-64-to-32 -Wpointer-sign -Wno-newline-eof -Wno-selector -Wno-strict-selector-match -Wno-undeclared-selector -Wno-deprecated-implementations -Wno-implicit-fallthrough -fstrict-aliasing -Wprotocol -Wdeprecated-declarations -Wno-sign-conversion -Wno-infinite-recursion -Wno-comma -Wno-block-capture-autoreleasing -Wno-strict-prototypes -Wno-semicolon-before-method-body -index-store-path /Users/Veer/Library/Developer/Xcode/DerivedData/HearifyV1-ftljoypfezvlxcgouzbpmsmxzads/Index.noindex/DataStore @/Users/Veer/Library/Developer/Xcode/DerivedData/HearifyV1-ftljoypfezvlxcgouzbpmsmxzads/Build/Intermediates.noindex/GTMSessionFetcher.build/Debug-iphoneos/GTMSessionFetcherCore.build/Objects-normal/arm64/e6072d4f65d7061329687fe24e3d63a7-common-args.resp -include /Users/Veer/Library/Developer/Xcode/DerivedData/HearifyV1-ftljoypfezvlxcgouzbpmsmxzads/Build/Intermediates.noindex/GTMSessionFetcher.build/Debug-iphoneos/GTMSessionFetcherCore.build/DerivedSources/resource_bundle_accessor.h -MMD -MT dependencies -MF /Users/Veer/Library/Developer/Xcode/DerivedData/HearifyV1-ftljoypfezvlxcgouzbpmsmxzads/Build/Intermediates.noindex/GTMSessionFetcher.build/Debug-iphoneos/GTMSessionFetcherCore.build/Objects-normal/arm64/GTMSessionFetcherLogging.d --serialize-diagnostics /Users/Veer/Library/Developer/Xcode/DerivedData/HearifyV1-ftljoypfezvlxcgouzbpmsmxzads/Build/Intermediates.noindex/GTMSessionFetcher.build/Debug-iphoneos/GTMSessionFetcherCore.build/Objects-normal/arm64/GTMSessionFetcherLogging.dia -c /Users/Veer/Library/Developer/Xcode/DerivedData/HearifyV1-ftljoypfezvlxcgouzbpmsmxzads/SourcePackages/checkouts/gtm-session-fetcher/Sources/Core/GTMSessionFetcherLogging.m -o /Users/Veer/Library/Developer/Xcode/DerivedData/HearifyV1-ftljoypfezvlxcgouzbpmsmxzads/Build/Intermediates.noindex/GTMSessionFetcher.build/Debug-iphoneos/GTMSessionFetcherCore.build/Objects-normal/arm64/GTMSessionFetcherLogging.o -index-unit-output-path /GTMSessionFetcher.build/Debug-iphoneos/GTMSessionFetcherCore.build/Objects-normal/arm64/GTMSessionFetcherLogging.o

PrecompileModule /Users/Veer/Library/Developer/Xcode/DerivedData/HearifyV1-ftljoypfezvlxcgouzbpmsmxzads/Build/Intermediates.noindex/ExplicitPrecompiledModules/os_object-6PFNDWA95SSID2M1AZFYK2NYJ.scan
    cd /
    builtin-precompileModule /Users/Veer/Library/Developer/Xcode/DerivedData/HearifyV1-ftljoypfezvlxcgouzbpmsmxzads/Build/Intermediates.noindex/ExplicitPrecompiledModules/os_object-6PFNDWA95SSID2M1AZFYK2NYJ.scan

CompileC /Users/Veer/Library/Developer/Xcode/DerivedData/HearifyV1-ftljoypfezvlxcgouzbpmsmxzads/Build/Intermediates.noindex/GoogleUtilities.build/Debug-iphoneos/third-party-IsAppEncrypted.build/Objects-normal/arm64/IsAppEncrypted.o /Users/Veer/Library/Developer/Xcode/DerivedData/HearifyV1-ftljoypfezvlxcgouzbpmsmxzads/SourcePackages/checkouts/GoogleUtilities/third_party/IsAppEncrypted/IsAppEncrypted.m normal arm64 objective-c com.apple.compilers.llvm.clang.1_0.compiler (in target 'third-party-IsAppEncrypted' from project 'GoogleUtilities')
    cd /Users/Veer/Library/Mobile\ Documents/com\~apple\~CloudDocs/HearifyV1/HearifyV1.xcodeproj
    
    Using response file: /Users/Veer/Library/Developer/Xcode/DerivedData/HearifyV1-ftljoypfezvlxcgouzbpmsmxzads/Build/Intermediates.noindex/GoogleUtilities.build/Debug-iphoneos/third-party-IsAppEncrypted.build/Objects-normal/arm64/e6072d4f65d7061329687fe24e3d63a7-common-args.resp
    
    /Applications/Xcode.app/Contents/Developer/Toolchains/XcodeDefault.xctoolchain/usr/bin/clang -x objective-c -ivfsstatcache /Users/Veer/Library/Developer/Xcode/DerivedData/SDKStatCaches.noindex/iphoneos26.2-23C53-3794476bd08197c3e2abd9bb477ef7f7.sdkstatcache -fmessage-length\=0 -fdiagnostics-show-note-include-stack -fmacro-backtrace-limit\=0 -fno-color-diagnostics -fmodules-prune-interval\=86400 -fmodules-prune-after\=345600 -fbuild-session-file\=/Users/Veer/Library/Developer/Xcode/DerivedData/ModuleCache.noindex/Session.modulevalidation -fmodules-validate-once-per-build-session -Wnon-modular-include-in-framework-module -Werror\=non-modular-include-in-framework-module -Wno-trigraphs -Wno-missing-field-initializers -Wno-missing-prototypes -Wno-return-type -Wno-implicit-atomic-properties -Wno-objc-interface-ivars -Wno-arc-repeated-use-of-weak -Wno-missing-braces -Wparentheses -Wswitch -Wno-unused-function -Wno-unused-label -Wno-unused-parameter -Wno-unused-variable -Wunused-value -Wno-empty-body -Wno-uninitialized -Wno-unknown-pragmas -w -Wno-shadow -Wno-four-char-constants -Wno-conversion -Wno-constant-conversion -Wno-int-conversion -Wno-bool-conversion -Wno-enum-conversion -Wno-float-conversion -Wno-non-literal-null-conversion -Wno-objc-literal-conversion -Wshorten-64-to-32 -Wpointer-sign -Wno-newline-eof -Wno-selector -Wno-strict-selector-match -Wno-undeclared-selector -Wno-deprecated-implementations -Wno-implicit-fallthrough -fstrict-aliasing -Wprotocol -Wdeprecated-declarations -Wno-sign-conversion -Wno-infinite-recursion -Wno-comma -Wno-block-capture-autoreleasing -Wno-strict-prototypes -Wno-semicolon-before-method-body -index-store-path /Users/Veer/Library/Developer/Xcode/DerivedData/HearifyV1-ftljoypfezvlxcgouzbpmsmxzads/Index.noindex/DataStore @/Users/Veer/Library/Developer/Xcode/DerivedData/HearifyV1-ftljoypfezvlxcgouzbpmsmxzads/Build/Intermediates.noindex/GoogleUtilities.build/Debug-iphoneos/third-party-IsAppEncrypted.build/Objects-normal/arm64/e6072d4f65d7061329687fe24e3d63a7-common-args.resp -MMD -MT dependencies -MF /Users/Veer/Library/Developer/Xcode/DerivedData/HearifyV1-ftljoypfezvlxcgouzbpmsmxzads/Build/Intermediates.noindex/GoogleUtilities.build/Debug-iphoneos/third-party-IsAppEncrypted.build/Objects-normal/arm64/IsAppEncrypted.d --serialize-diagnostics /Users/Veer/Library/Developer/Xcode/DerivedData/HearifyV1-ftljoypfezvlxcgouzbpmsmxzads/Build/Intermediates.noindex/GoogleUtilities.build/Debug-iphoneos/third-party-IsAppEncrypted.build/Objects-normal/arm64/IsAppEncrypted.dia -c /Users/Veer/Library/Developer/Xcode/DerivedData/HearifyV1-ftljoypfezvlxcgouzbpmsmxzads/SourcePackages/checkouts/GoogleUtilities/third_party/IsAppEncrypted/IsAppEncrypted.m -o /Users/Veer/Library/Developer/Xcode/DerivedData/HearifyV1-ftljoypfezvlxcgouzbpmsmxzads/Build/Intermediates.noindex/GoogleUtilities.build/Debug-iphoneos/third-party-IsAppEncrypted.build/Objects-normal/arm64/IsAppEncrypted.o -index-unit-output-path /GoogleUtilities.build/Debug-iphoneos/third-party-IsAppEncrypted.build/Objects-normal/arm64/IsAppEncrypted.o

PrecompileModule /Users/Veer/Library/Developer/Xcode/DerivedData/HearifyV1-ftljoypfezvlxcgouzbpmsmxzads/Build/Intermediates.noindex/ExplicitPrecompiledModules/ObjectiveC-5DNNQFJM5KPK38VMX5I8BL0IP.scan
    cd /
    builtin-precompileModule /Users/Veer/Library/Developer/Xcode/DerivedData/HearifyV1-ftljoypfezvlxcgouzbpmsmxzads/Build/Intermediates.noindex/ExplicitPrecompiledModules/ObjectiveC-5DNNQFJM5KPK38VMX5I8BL0IP.scan

PrecompileModule /Users/Veer/Library/Developer/Xcode/DerivedData/HearifyV1-ftljoypfezvlxcgouzbpmsmxzads/Build/Intermediates.noindex/ExplicitPrecompiledModules/os_workgroup-2YNODZC51NQ1KESQWYVN9CPPM.scan
    cd /
    builtin-precompileModule /Users/Veer/Library/Developer/Xcode/DerivedData/HearifyV1-ftljoypfezvlxcgouzbpmsmxzads/Build/Intermediates.noindex/ExplicitPrecompiledModules/os_workgroup-2YNODZC51NQ1KESQWYVN9CPPM.scan

Ld /Users/Veer/Library/Developer/Xcode/DerivedData/HearifyV1-ftljoypfezvlxcgouzbpmsmxzads/Build/Products/Debug-iphoneos/third-party-IsAppEncrypted.o normal (in target 'third-party-IsAppEncrypted' from project 'GoogleUtilities')
    cd /Users/Veer/Library/Developer/Xcode/DerivedData/HearifyV1-ftljoypfezvlxcgouzbpmsmxzads/SourcePackages/checkouts/GoogleUtilities
    /Applications/Xcode.app/Contents/Developer/Toolchains/XcodeDefault.xctoolchain/usr/bin/clang -Xlinker -reproducible -target arm64-apple-ios12.0 -r -isysroot /Applications/Xcode.app/Contents/Developer/Platforms/iPhoneOS.platform/Developer/SDKs/iPhoneOS26.2.sdk -O0 -w -L/Users/Veer/Library/Developer/Xcode/DerivedData/HearifyV1-ftljoypfezvlxcgouzbpmsmxzads/Build/Intermediates.noindex/EagerLinkingTBDs/Debug-iphoneos -L/Users/Veer/Library/Developer/Xcode/DerivedData/HearifyV1-ftljoypfezvlxcgouzbpmsmxzads/Build/Products/Debug-iphoneos -L/Applications/Xcode.app/Contents/Developer/Platforms/iPhoneOS.platform/Developer/usr/lib -F/Users/Veer/Library/Developer/Xcode/DerivedData/HearifyV1-ftljoypfezvlxcgouzbpmsmxzads/Build/Intermediates.noindex/EagerLinkingTBDs/Debug-iphoneos -F/Users/Veer/Library/Developer/Xcode/DerivedData/HearifyV1-ftljoypfezvlxcgouzbpmsmxzads/Build/Products/Debug-iphoneos -iframework /Applications/Xcode.app/Contents/Developer/Platforms/iPhoneOS.platform/Developer/Library/Frameworks -iframework /Applications/Xcode.app/Contents/Developer/Platforms/iPhoneOS.platform/Developer/SDKs/iPhoneOS26.2.sdk/Developer/Library/Frameworks -filelist /Users/Veer/Library/Developer/Xcode/DerivedData/HearifyV1-ftljoypfezvlxcgouzbpmsmxzads/Build/Intermediates.noindex/GoogleUtilities.build/Debug-iphoneos/third-party-IsAppEncrypted.build/Objects-normal/arm64/third-party-IsAppEncrypted.LinkFileList -nostdlib -Xlinker -object_path_lto -Xlinker /Users/Veer/Library/Developer/Xcode/DerivedData/HearifyV1-ftljoypfezvlxcgouzbpmsmxzads/Build/Intermediates.noindex/GoogleUtilities.build/Debug-iphoneos/third-party-IsAppEncrypted.build/Objects-normal/arm64/third-party-IsAppEncrypted_lto.o -rdynamic -Xlinker -no_deduplicate -Xlinker -debug_variant -Xlinker -dependency_info -Xlinker /Users/Veer/Library/Developer/Xcode/DerivedData/HearifyV1-ftljoypfezvlxcgouzbpmsmxzads/Build/Intermediates.noindex/GoogleUtilities.build/Debug-iphoneos/third-party-IsAppEncrypted.build/Objects-normal/arm64/third-party-IsAppEncrypted_dependency_info.dat -fobjc-arc -fobjc-link-runtime -o /Users/Veer/Library/Developer/Xcode/DerivedData/HearifyV1-ftljoypfezvlxcgouzbpmsmxzads/Build/Products/Debug-iphoneos/third-party-IsAppEncrypted.o

PrecompileModule /Users/Veer/Library/Developer/Xcode/DerivedData/HearifyV1-ftljoypfezvlxcgouzbpmsmxzads/Build/Intermediates.noindex/ExplicitPrecompiledModules/ObjectiveC-6JPOJHWR9AOH1JYUA2EN6JS4Z.scan
    cd /
    builtin-precompileModule /Users/Veer/Library/Developer/Xcode/DerivedData/HearifyV1-ftljoypfezvlxcgouzbpmsmxzads/Build/Intermediates.noindex/ExplicitPrecompiledModules/ObjectiveC-6JPOJHWR9AOH1JYUA2EN6JS4Z.scan

ScanDependencies /Users/Veer/Library/Developer/Xcode/DerivedData/HearifyV1-ftljoypfezvlxcgouzbpmsmxzads/Build/Intermediates.noindex/GTMSessionFetcher.build/Debug-iphoneos/GTMSessionFetcherCore.build/Objects-normal/arm64/GTMSessionFetcher.o /Users/Veer/Library/Developer/Xcode/DerivedData/HearifyV1-ftljoypfezvlxcgouzbpmsmxzads/SourcePackages/checkouts/gtm-session-fetcher/Sources/Core/GTMSessionFetcher.m normal arm64 objective-c com.apple.compilers.llvm.clang.1_0.compiler (in target 'GTMSessionFetcherCore' from project 'GTMSessionFetcher')
    cd /Users/Veer/Library/Mobile\ Documents/com\~apple\~CloudDocs/HearifyV1/HearifyV1.xcodeproj
    
    Using response file: /Users/Veer/Library/Developer/Xcode/DerivedData/HearifyV1-ftljoypfezvlxcgouzbpmsmxzads/Build/Intermediates.noindex/GTMSessionFetcher.build/Debug-iphoneos/GTMSessionFetcherCore.build/Objects-normal/arm64/e6072d4f65d7061329687fe24e3d63a7-common-args.resp
    
    builtin-ScanDependencies -o /Users/Veer/Library/Developer/Xcode/DerivedData/HearifyV1-ftljoypfezvlxcgouzbpmsmxzads/Build/Intermediates.noindex/GTMSessionFetcher.build/Debug-iphoneos/GTMSessionFetcherCore.build/Objects-normal/arm64/GTMSessionFetcher.o.scan -- /Applications/Xcode.app/Contents/Developer/Toolchains/XcodeDefault.xctoolchain/usr/bin/clang -x objective-c -ivfsstatcache /Users/Veer/Library/Developer/Xcode/DerivedData/SDKStatCaches.noindex/iphoneos26.2-23C53-3794476bd08197c3e2abd9bb477ef7f7.sdkstatcache -fmessage-length\=0 -fdiagnostics-show-note-include-stack -fmacro-backtrace-limit\=0 -fno-color-diagnostics -fmodules-prune-interval\=86400 -fmodules-prune-after\=345600 -fbuild-session-file\=/Users/Veer/Library/Developer/Xcode/DerivedData/ModuleCache.noindex/Session.modulevalidation -fmodules-validate-once-per-build-session -Wnon-modular-include-in-framework-module -Werror\=non-modular-include-in-framework-module -Wno-trigraphs -Wno-missing-field-initializers -Wno-missing-prototypes -Wno-return-type -Wno-implicit-atomic-properties -Wno-objc-interface-ivars -Wno-arc-repeated-use-of-weak -Wno-missing-braces -Wparentheses -Wswitch -Wno-unused-function -Wno-unused-label -Wno-unused-parameter -Wno-unused-variable -Wunused-value -Wno-empty-body -Wno-uninitialized -Wno-unknown-pragmas -w -Wno-shadow -Wno-four-char-constants -Wno-conversion -Wno-constant-conversion -Wno-int-conversion -Wno-bool-conversion -Wno-enum-conversion -Wno-float-conversion -Wno-non-literal-null-conversion -Wno-objc-literal-conversion -Wshorten-64-to-32 -Wpointer-sign -Wno-newline-eof -Wno-selector -Wno-strict-selector-match -Wno-undeclared-selector -Wno-deprecated-implementations -Wno-implicit-fallthrough -fstrict-aliasing -Wprotocol -Wdeprecated-declarations -Wno-sign-conversion -Wno-infinite-recursion -Wno-comma -Wno-block-capture-autoreleasing -Wno-strict-prototypes -Wno-semicolon-before-method-body -index-store-path /Users/Veer/Library/Developer/Xcode/DerivedData/HearifyV1-ftljoypfezvlxcgouzbpmsmxzads/Index.noindex/DataStore @/Users/Veer/Library/Developer/Xcode/DerivedData/HearifyV1-ftljoypfezvlxcgouzbpmsmxzads/Build/Intermediates.noindex/GTMSessionFetcher.build/Debug-iphoneos/GTMSessionFetcherCore.build/Objects-normal/arm64/e6072d4f65d7061329687fe24e3d63a7-common-args.resp -include /Users/Veer/Library/Developer/Xcode/DerivedData/HearifyV1-ftljoypfezvlxcgouzbpmsmxzads/Build/Intermediates.noindex/GTMSessionFetcher.build/Debug-iphoneos/GTMSessionFetcherCore.build/DerivedSources/resource_bundle_accessor.h -MMD -MT dependencies -MF /Users/Veer/Library/Developer/Xcode/DerivedData/HearifyV1-ftljoypfezvlxcgouzbpmsmxzads/Build/Intermediates.noindex/GTMSessionFetcher.build/Debug-iphoneos/GTMSessionFetcherCore.build/Objects-normal/arm64/GTMSessionFetcher.d --serialize-diagnostics /Users/Veer/Library/Developer/Xcode/DerivedData/HearifyV1-ftljoypfezvlxcgouzbpmsmxzads/Build/Intermediates.noindex/GTMSessionFetcher.build/Debug-iphoneos/GTMSessionFetcherCore.build/Objects-normal/arm64/GTMSessionFetcher.dia -c /Users/Veer/Library/Developer/Xcode/DerivedData/HearifyV1-ftljoypfezvlxcgouzbpmsmxzads/SourcePackages/checkouts/gtm-session-fetcher/Sources/Core/GTMSessionFetcher.m -o /Users/Veer/Library/Developer/Xcode/DerivedData/HearifyV1-ftljoypfezvlxcgouzbpmsmxzads/Build/Intermediates.noindex/GTMSessionFetcher.build/Debug-iphoneos/GTMSessionFetcherCore.build/Objects-normal/arm64/GTMSessionFetcher.o -index-unit-output-path /GTMSessionFetcher.build/Debug-iphoneos/GTMSessionFetcherCore.build/Objects-normal/arm64/GTMSessionFetcher.o

PrecompileModule /Users/Veer/Library/Developer/Xcode/DerivedData/HearifyV1-ftljoypfezvlxcgouzbpmsmxzads/Build/Intermediates.noindex/ExplicitPrecompiledModules/Dispatch-BXP302KTNU1AVBXKEBUFN7NXR.scan
    cd /
    builtin-precompileModule /Users/Veer/Library/Developer/Xcode/DerivedData/HearifyV1-ftljoypfezvlxcgouzbpmsmxzads/Build/Intermediates.noindex/ExplicitPrecompiledModules/Dispatch-BXP302KTNU1AVBXKEBUFN7NXR.scan

ScanDependencies /Users/Veer/Library/Developer/Xcode/DerivedData/HearifyV1-ftljoypfezvlxcgouzbpmsmxzads/Build/Intermediates.noindex/Firebase.build/Debug-iphoneos/FirebaseCoreExtension.build/Objects-normal/arm64/resource_bundle_accessor.o /Users/Veer/Library/Developer/Xcode/DerivedData/HearifyV1-ftljoypfezvlxcgouzbpmsmxzads/Build/Intermediates.noindex/Firebase.build/Debug-iphoneos/FirebaseCoreExtension.build/DerivedSources/resource_bundle_accessor.m normal arm64 objective-c com.apple.compilers.llvm.clang.1_0.compiler (in target 'FirebaseCoreExtension' from project 'Firebase')
    cd /Users/Veer/Library/Mobile\ Documents/com\~apple\~CloudDocs/HearifyV1/HearifyV1.xcodeproj
    
    Using response file: /Users/Veer/Library/Developer/Xcode/DerivedData/HearifyV1-ftljoypfezvlxcgouzbpmsmxzads/Build/Intermediates.noindex/Firebase.build/Debug-iphoneos/FirebaseCoreExtension.build/Objects-normal/arm64/e6072d4f65d7061329687fe24e3d63a7-common-args.resp
    
    builtin-ScanDependencies -o /Users/Veer/Library/Developer/Xcode/DerivedData/HearifyV1-ftljoypfezvlxcgouzbpmsmxzads/Build/Intermediates.noindex/Firebase.build/Debug-iphoneos/FirebaseCoreExtension.build/Objects-normal/arm64/resource_bundle_accessor.o.scan -- /Applications/Xcode.app/Contents/Developer/Toolchains/XcodeDefault.xctoolchain/usr/bin/clang -x objective-c -ivfsstatcache /Users/Veer/Library/Developer/Xcode/DerivedData/SDKStatCaches.noindex/iphoneos26.2-23C53-3794476bd08197c3e2abd9bb477ef7f7.sdkstatcache -fmessage-length\=0 -fdiagnostics-show-note-include-stack -fmacro-backtrace-limit\=0 -fno-color-diagnostics -fmodules-prune-interval\=86400 -fmodules-prune-after\=345600 -fbuild-session-file\=/Users/Veer/Library/Developer/Xcode/DerivedData/ModuleCache.noindex/Session.modulevalidation -fmodules-validate-once-per-build-session -Wnon-modular-include-in-framework-module -Werror\=non-modular-include-in-framework-module -Wno-trigraphs -Wno-missing-field-initializers -Wno-missing-prototypes -Wno-return-type -Wno-implicit-atomic-properties -Wno-objc-interface-ivars -Wno-arc-repeated-use-of-weak -Wno-missing-braces -Wparentheses -Wswitch -Wno-unused-function -Wno-unused-label -Wno-unused-parameter -Wno-unused-variable -Wunused-value -Wno-empty-body -Wno-uninitialized -Wno-unknown-pragmas -w -Wno-shadow -Wno-four-char-constants -Wno-conversion -Wno-constant-conversion -Wno-int-conversion -Wno-bool-conversion -Wno-enum-conversion -Wno-float-conversion -Wno-non-literal-null-conversion -Wno-objc-literal-conversion -Wshorten-64-to-32 -Wpointer-sign -Wno-newline-eof -Wno-selector -Wno-strict-selector-match -Wno-undeclared-selector -Wno-deprecated-implementations -Wno-implicit-fallthrough -fstrict-aliasing -Wprotocol -Wdeprecated-declarations -Wno-sign-conversion -Wno-infinite-recursion -Wno-comma -Wno-block-capture-autoreleasing -Wno-strict-prototypes -Wno-semicolon-before-method-body -index-store-path /Users/Veer/Library/Developer/Xcode/DerivedData/HearifyV1-ftljoypfezvlxcgouzbpmsmxzads/Index.noindex/DataStore @/Users/Veer/Library/Developer/Xcode/DerivedData/HearifyV1-ftljoypfezvlxcgouzbpmsmxzads/Build/Intermediates.noindex/Firebase.build/Debug-iphoneos/FirebaseCoreExtension.build/Objects-normal/arm64/e6072d4f65d7061329687fe24e3d63a7-common-args.resp -include /Users/Veer/Library/Developer/Xcode/DerivedData/HearifyV1-ftljoypfezvlxcgouzbpmsmxzads/Build/Intermediates.noindex/Firebase.build/Debug-iphoneos/FirebaseCoreExtension.build/DerivedSources/resource_bundle_accessor.h -MMD -MT dependencies -MF /Users/Veer/Library/Developer/Xcode/DerivedData/HearifyV1-ftljoypfezvlxcgouzbpmsmxzads/Build/Intermediates.noindex/Firebase.build/Debug-iphoneos/FirebaseCoreExtension.build/Objects-normal/arm64/resource_bundle_accessor.d --serialize-diagnostics /Users/Veer/Library/Developer/Xcode/DerivedData/HearifyV1-ftljoypfezvlxcgouzbpmsmxzads/Build/Intermediates.noindex/Firebase.build/Debug-iphoneos/FirebaseCoreExtension.build/Objects-normal/arm64/resource_bundle_accessor.dia -c /Users/Veer/Library/Developer/Xcode/DerivedData/HearifyV1-ftljoypfezvlxcgouzbpmsmxzads/Build/Intermediates.noindex/Firebase.build/Debug-iphoneos/FirebaseCoreExtension.build/DerivedSources/resource_bundle_accessor.m -o /Users/Veer/Library/Developer/Xcode/DerivedData/HearifyV1-ftljoypfezvlxcgouzbpmsmxzads/Build/Intermediates.noindex/Firebase.build/Debug-iphoneos/FirebaseCoreExtension.build/Objects-normal/arm64/resource_bundle_accessor.o -index-unit-output-path /Firebase.build/Debug-iphoneos/FirebaseCoreExtension.build/Objects-normal/arm64/resource_bundle_accessor.o

PrecompileModule /Users/Veer/Library/Developer/Xcode/DerivedData/HearifyV1-ftljoypfezvlxcgouzbpmsmxzads/Build/Intermediates.noindex/ExplicitPrecompiledModules/os_object-2D0XCIHBFJVYK1NTFMEOXT0KZ.scan
    cd /
    builtin-precompileModule /Users/Veer/Library/Developer/Xcode/DerivedData/HearifyV1-ftljoypfezvlxcgouzbpmsmxzads/Build/Intermediates.noindex/ExplicitPrecompiledModules/os_object-2D0XCIHBFJVYK1NTFMEOXT0KZ.scan

SwiftEmitModule normal arm64 Emitting\ module\ for\ FirebaseSharedSwift (in target 'FirebaseSharedSwift' from project 'Firebase')
EmitSwiftModule normal arm64 (in target 'FirebaseSharedSwift' from project 'Firebase')
    cd /Users/Veer/Library/Mobile\ Documents/com\~apple\~CloudDocs/HearifyV1/HearifyV1.xcodeproj
    

PrecompileModule /Users/Veer/Library/Developer/Xcode/DerivedData/HearifyV1-ftljoypfezvlxcgouzbpmsmxzads/Build/Intermediates.noindex/ExplicitPrecompiledModules/ptrauth-1UP6THMT6JX84WYE8WTSXJOU4.scan
    cd /
    builtin-precompileModule /Users/Veer/Library/Developer/Xcode/DerivedData/HearifyV1-ftljoypfezvlxcgouzbpmsmxzads/Build/Intermediates.noindex/ExplicitPrecompiledModules/ptrauth-1UP6THMT6JX84WYE8WTSXJOU4.scan

PrecompileModule /Users/Veer/Library/Developer/Xcode/DerivedData/HearifyV1-ftljoypfezvlxcgouzbpmsmxzads/Build/Intermediates.noindex/ExplicitPrecompiledModules/ptrcheck-48J9O5AKP16MSQNLVOQXABZI3.scan
    cd /
    builtin-precompileModule /Users/Veer/Library/Developer/Xcode/DerivedData/HearifyV1-ftljoypfezvlxcgouzbpmsmxzads/Build/Intermediates.noindex/ExplicitPrecompiledModules/ptrcheck-48J9O5AKP16MSQNLVOQXABZI3.scan

PrecompileModule /Users/Veer/Library/Developer/Xcode/DerivedData/HearifyV1-ftljoypfezvlxcgouzbpmsmxzads/Build/Intermediates.noindex/ExplicitPrecompiledModules/_Builtin_stdbool-94KQ8NV0VC3UIWTY7R68GYBZF.scan
    cd /
    builtin-precompileModule /Users/Veer/Library/Developer/Xcode/DerivedData/HearifyV1-ftljoypfezvlxcgouzbpmsmxzads/Build/Intermediates.noindex/ExplicitPrecompiledModules/_Builtin_stdbool-94KQ8NV0VC3UIWTY7R68GYBZF.scan

PrecompileModule /Users/Veer/Library/Developer/Xcode/DerivedData/HearifyV1-ftljoypfezvlxcgouzbpmsmxzads/Build/Intermediates.noindex/ExplicitPrecompiledModules/_AvailabilityInternal-KQ4743BOYCN0AA7EZLJRE56K.scan
    cd /
    builtin-precompileModule /Users/Veer/Library/Developer/Xcode/DerivedData/HearifyV1-ftljoypfezvlxcgouzbpmsmxzads/Build/Intermediates.noindex/ExplicitPrecompiledModules/_AvailabilityInternal-KQ4743BOYCN0AA7EZLJRE56K.scan

PrecompileModule /Users/Veer/Library/Developer/Xcode/DerivedData/HearifyV1-ftljoypfezvlxcgouzbpmsmxzads/Build/Intermediates.noindex/ExplicitPrecompiledModules/_Builtin_stddef-E8SR9UENVBMFAG5L0SM3CGNBX.scan
    cd /
    builtin-precompileModule /Users/Veer/Library/Developer/Xcode/DerivedData/HearifyV1-ftljoypfezvlxcgouzbpmsmxzads/Build/Intermediates.noindex/ExplicitPrecompiledModules/_Builtin_stddef-E8SR9UENVBMFAG5L0SM3CGNBX.scan

PrecompileModule /Users/Veer/Library/Developer/Xcode/DerivedData/HearifyV1-ftljoypfezvlxcgouzbpmsmxzads/Build/Intermediates.noindex/ExplicitPrecompiledModules/CoreFoundation-6P57EPNW9PD1CWE3YOGIJ6AM7.scan
    cd /
    builtin-precompileModule /Users/Veer/Library/Developer/Xcode/DerivedData/HearifyV1-ftljoypfezvlxcgouzbpmsmxzads/Build/Intermediates.noindex/ExplicitPrecompiledModules/CoreFoundation-6P57EPNW9PD1CWE3YOGIJ6AM7.scan

PrecompileModule /Users/Veer/Library/Developer/Xcode/DerivedData/HearifyV1-ftljoypfezvlxcgouzbpmsmxzads/Build/Intermediates.noindex/ExplicitPrecompiledModules/XPC-787JW9Q2PAZVC9YGINMFHA9FY.scan
    cd /
    builtin-precompileModule /Users/Veer/Library/Developer/Xcode/DerivedData/HearifyV1-ftljoypfezvlxcgouzbpmsmxzads/Build/Intermediates.noindex/ExplicitPrecompiledModules/XPC-787JW9Q2PAZVC9YGINMFHA9FY.scan

PrecompileModule /Users/Veer/Library/Developer/Xcode/DerivedData/HearifyV1-ftljoypfezvlxcgouzbpmsmxzads/Build/Intermediates.noindex/ExplicitPrecompiledModules/_Builtin_stdarg-AT9SK1W16JME1A9PO2LIR92NE.scan
    cd /
    builtin-precompileModule /Users/Veer/Library/Developer/Xcode/DerivedData/HearifyV1-ftljoypfezvlxcgouzbpmsmxzads/Build/Intermediates.noindex/ExplicitPrecompiledModules/_Builtin_stdarg-AT9SK1W16JME1A9PO2LIR92NE.scan

PrecompileModule /Users/Veer/Library/Developer/Xcode/DerivedData/HearifyV1-ftljoypfezvlxcgouzbpmsmxzads/Build/Intermediates.noindex/ExplicitPrecompiledModules/os_object-5W7PMR2P9EJCIYJX2QVJD9AN7.scan
    cd /
    builtin-precompileModule /Users/Veer/Library/Developer/Xcode/DerivedData/HearifyV1-ftljoypfezvlxcgouzbpmsmxzads/Build/Intermediates.noindex/ExplicitPrecompiledModules/os_object-5W7PMR2P9EJCIYJX2QVJD9AN7.scan

PrecompileModule /Users/Veer/Library/Developer/Xcode/DerivedData/HearifyV1-ftljoypfezvlxcgouzbpmsmxzads/Build/Intermediates.noindex/ExplicitPrecompiledModules/_Builtin_float-73ID7U51I28MQI3R8070F6TD4.scan
    cd /
    builtin-precompileModule /Users/Veer/Library/Developer/Xcode/DerivedData/HearifyV1-ftljoypfezvlxcgouzbpmsmxzads/Build/Intermediates.noindex/ExplicitPrecompiledModules/_Builtin_float-73ID7U51I28MQI3R8070F6TD4.scan

PrecompileModule /Users/Veer/Library/Developer/Xcode/DerivedData/HearifyV1-ftljoypfezvlxcgouzbpmsmxzads/Build/Intermediates.noindex/ExplicitPrecompiledModules/os-3V7VASBXP0TGSE8X6P0MSBEEV.scan
    cd /
    builtin-precompileModule /Users/Veer/Library/Developer/Xcode/DerivedData/HearifyV1-ftljoypfezvlxcgouzbpmsmxzads/Build/Intermediates.noindex/ExplicitPrecompiledModules/os-3V7VASBXP0TGSE8X6P0MSBEEV.scan

PrecompileModule /Users/Veer/Library/Developer/Xcode/DerivedData/HearifyV1-ftljoypfezvlxcgouzbpmsmxzads/Build/Intermediates.noindex/ExplicitPrecompiledModules/os_workgroup-2BEIBFFXSRU6J2F72DZ51DF81.scan
    cd /
    builtin-precompileModule /Users/Veer/Library/Developer/Xcode/DerivedData/HearifyV1-ftljoypfezvlxcgouzbpmsmxzads/Build/Intermediates.noindex/ExplicitPrecompiledModules/os_workgroup-2BEIBFFXSRU6J2F72DZ51DF81.scan

PrecompileModule /Users/Veer/Library/Developer/Xcode/DerivedData/HearifyV1-ftljoypfezvlxcgouzbpmsmxzads/Build/Intermediates.noindex/ExplicitPrecompiledModules/os_workgroup-7AMWFMNJQT6Z2WJ3BO118A4NE.scan
    cd /
    builtin-precompileModule /Users/Veer/Library/Developer/Xcode/DerivedData/HearifyV1-ftljoypfezvlxcgouzbpmsmxzads/Build/Intermediates.noindex/ExplicitPrecompiledModules/os_workgroup-7AMWFMNJQT6Z2WJ3BO118A4NE.scan

PrecompileModule /Users/Veer/Library/Developer/Xcode/DerivedData/HearifyV1-ftljoypfezvlxcgouzbpmsmxzads/Build/Intermediates.noindex/ExplicitPrecompiledModules/_DarwinFoundation1-57S6PIIHOVZIP986I91FI3JLC.scan
    cd /
    builtin-precompileModule /Users/Veer/Library/Developer/Xcode/DerivedData/HearifyV1-ftljoypfezvlxcgouzbpmsmxzads/Build/Intermediates.noindex/ExplicitPrecompiledModules/_DarwinFoundation1-57S6PIIHOVZIP986I91FI3JLC.scan

PrecompileModule /Users/Veer/Library/Developer/Xcode/DerivedData/HearifyV1-ftljoypfezvlxcgouzbpmsmxzads/Build/Intermediates.noindex/ExplicitPrecompiledModules/Dispatch-DV505VX3RQ9O7RKP5O9WIFXF2.scan
    cd /
    builtin-precompileModule /Users/Veer/Library/Developer/Xcode/DerivedData/HearifyV1-ftljoypfezvlxcgouzbpmsmxzads/Build/Intermediates.noindex/ExplicitPrecompiledModules/Dispatch-DV505VX3RQ9O7RKP5O9WIFXF2.scan

PrecompileModule /Users/Veer/Library/Developer/Xcode/DerivedData/HearifyV1-ftljoypfezvlxcgouzbpmsmxzads/Build/Intermediates.noindex/ExplicitPrecompiledModules/Security-8A47CQ7S5DIEGWZCOCV9R76MJ.scan
    cd /
    builtin-precompileModule /Users/Veer/Library/Developer/Xcode/DerivedData/HearifyV1-ftljoypfezvlxcgouzbpmsmxzads/Build/Intermediates.noindex/ExplicitPrecompiledModules/Security-8A47CQ7S5DIEGWZCOCV9R76MJ.scan

PrecompileModule /Users/Veer/Library/Developer/Xcode/DerivedData/HearifyV1-ftljoypfezvlxcgouzbpmsmxzads/Build/Intermediates.noindex/ExplicitPrecompiledModules/CoreGraphics-5XJMBNNKXWRJR9MOKYP72Y4AK.scan
    cd /
    builtin-precompileModule /Users/Veer/Library/Developer/Xcode/DerivedData/HearifyV1-ftljoypfezvlxcgouzbpmsmxzads/Build/Intermediates.noindex/ExplicitPrecompiledModules/CoreGraphics-5XJMBNNKXWRJR9MOKYP72Y4AK.scan

PrecompileModule /Users/Veer/Library/Developer/Xcode/DerivedData/HearifyV1-ftljoypfezvlxcgouzbpmsmxzads/Build/Intermediates.noindex/ExplicitPrecompiledModules/SystemConfiguration-AP961RDMQNRVZHA80Q1S0KD38.scan
    cd /
    builtin-precompileModule /Users/Veer/Library/Developer/Xcode/DerivedData/HearifyV1-ftljoypfezvlxcgouzbpmsmxzads/Build/Intermediates.noindex/ExplicitPrecompiledModules/SystemConfiguration-AP961RDMQNRVZHA80Q1S0KD38.scan

PrecompileModule /Users/Veer/Library/Developer/Xcode/DerivedData/HearifyV1-ftljoypfezvlxcgouzbpmsmxzads/Build/Intermediates.noindex/ExplicitPrecompiledModules/CFNetwork-C32D7Z62BQ0TIX2V6VDD8YBZU.scan
    cd /
    builtin-precompileModule /Users/Veer/Library/Developer/Xcode/DerivedData/HearifyV1-ftljoypfezvlxcgouzbpmsmxzads/Build/Intermediates.noindex/ExplicitPrecompiledModules/CFNetwork-C32D7Z62BQ0TIX2V6VDD8YBZU.scan

PrecompileModule /Users/Veer/Library/Developer/Xcode/DerivedData/HearifyV1-ftljoypfezvlxcgouzbpmsmxzads/Build/Intermediates.noindex/ExplicitPrecompiledModules/third_party_IsAppEncrypted-30AVS4F8TF6YH6CI616Z66YA7.scan
    cd /
    builtin-precompileModule /Users/Veer/Library/Developer/Xcode/DerivedData/HearifyV1-ftljoypfezvlxcgouzbpmsmxzads/Build/Intermediates.noindex/ExplicitPrecompiledModules/third_party_IsAppEncrypted-30AVS4F8TF6YH6CI616Z66YA7.scan

SwiftCompile normal arm64 Compiling\ FirebaseDataEncoder.swift /Users/Veer/Library/Developer/Xcode/DerivedData/HearifyV1-ftljoypfezvlxcgouzbpmsmxzads/SourcePackages/checkouts/firebase-ios-sdk/FirebaseSharedSwift/Sources/third_party/FirebaseDataEncoder/FirebaseDataEncoder.swift (in target 'FirebaseSharedSwift' from project 'Firebase')
SwiftCompile normal arm64 /Users/Veer/Library/Developer/Xcode/DerivedData/HearifyV1-ftljoypfezvlxcgouzbpmsmxzads/SourcePackages/checkouts/firebase-ios-sdk/FirebaseSharedSwift/Sources/third_party/FirebaseDataEncoder/FirebaseDataEncoder.swift (in target 'FirebaseSharedSwift' from project 'Firebase')
    cd /Users/Veer/Library/Mobile\ Documents/com\~apple\~CloudDocs/HearifyV1/HearifyV1.xcodeproj
    

SwiftCompile normal arm64 Compiling\ FirebaseRemoteConfigValueDecoding.swift /Users/Veer/Library/Developer/Xcode/DerivedData/HearifyV1-ftljoypfezvlxcgouzbpmsmxzads/SourcePackages/checkouts/firebase-ios-sdk/FirebaseSharedSwift/Sources/FirebaseRemoteConfigValueDecoding.swift (in target 'FirebaseSharedSwift' from project 'Firebase')

SwiftCompile normal arm64 /Users/Veer/Library/Developer/Xcode/DerivedData/HearifyV1-ftljoypfezvlxcgouzbpmsmxzads/SourcePackages/checkouts/firebase-ios-sdk/FirebaseSharedSwift/Sources/FirebaseRemoteConfigValueDecoding.swift (in target 'FirebaseSharedSwift' from project 'Firebase')
    cd /Users/Veer/Library/Mobile\ Documents/com\~apple\~CloudDocs/HearifyV1/HearifyV1.xcodeproj
    

PrecompileModule /Users/Veer/Library/Developer/Xcode/DerivedData/HearifyV1-ftljoypfezvlxcgouzbpmsmxzads/Build/Intermediates.noindex/ExplicitPrecompiledModules/Dispatch-D6MYDPSA70FWULCNMPAP00YHA.scan
    cd /
    builtin-precompileModule /Users/Veer/Library/Developer/Xcode/DerivedData/HearifyV1-ftljoypfezvlxcgouzbpmsmxzads/Build/Intermediates.noindex/ExplicitPrecompiledModules/Dispatch-D6MYDPSA70FWULCNMPAP00YHA.scan

ScanDependencies /Users/Veer/Library/Developer/Xcode/DerivedData/HearifyV1-ftljoypfezvlxcgouzbpmsmxzads/Build/Intermediates.noindex/Firebase.build/Debug-iphoneos/FirebaseCoreExtension.build/Objects-normal/arm64/dummy.o /Users/Veer/Library/Developer/Xcode/DerivedData/HearifyV1-ftljoypfezvlxcgouzbpmsmxzads/SourcePackages/checkouts/firebase-ios-sdk/FirebaseCore/Extension/dummy.m normal arm64 objective-c com.apple.compilers.llvm.clang.1_0.compiler (in target 'FirebaseCoreExtension' from project 'Firebase')
    cd /Users/Veer/Library/Mobile\ Documents/com\~apple\~CloudDocs/HearifyV1/HearifyV1.xcodeproj
    
    Using response file: /Users/Veer/Library/Developer/Xcode/DerivedData/HearifyV1-ftljoypfezvlxcgouzbpmsmxzads/Build/Intermediates.noindex/Firebase.build/Debug-iphoneos/FirebaseCoreExtension.build/Objects-normal/arm64/e6072d4f65d7061329687fe24e3d63a7-common-args.resp
    
    builtin-ScanDependencies -o /Users/Veer/Library/Developer/Xcode/DerivedData/HearifyV1-ftljoypfezvlxcgouzbpmsmxzads/Build/Intermediates.noindex/Firebase.build/Debug-iphoneos/FirebaseCoreExtension.build/Objects-normal/arm64/dummy.o.scan -- /Applications/Xcode.app/Contents/Developer/Toolchains/XcodeDefault.xctoolchain/usr/bin/clang -x objective-c -ivfsstatcache /Users/Veer/Library/Developer/Xcode/DerivedData/SDKStatCaches.noindex/iphoneos26.2-23C53-3794476bd08197c3e2abd9bb477ef7f7.sdkstatcache -fmessage-length\=0 -fdiagnostics-show-note-include-stack -fmacro-backtrace-limit\=0 -fno-color-diagnostics -fmodules-prune-interval\=86400 -fmodules-prune-after\=345600 -fbuild-session-file\=/Users/Veer/Library/Developer/Xcode/DerivedData/ModuleCache.noindex/Session.modulevalidation -fmodules-validate-once-per-build-session -Wnon-modular-include-in-framework-module -Werror\=non-modular-include-in-framework-module -Wno-trigraphs -Wno-missing-field-initializers -Wno-missing-prototypes -Wno-return-type -Wno-implicit-atomic-properties -Wno-objc-interface-ivars -Wno-arc-repeated-use-of-weak -Wno-missing-braces -Wparentheses -Wswitch -Wno-unused-function -Wno-unused-label -Wno-unused-parameter -Wno-unused-variable -Wunused-value -Wno-empty-body -Wno-uninitialized -Wno-unknown-pragmas -w -Wno-shadow -Wno-four-char-constants -Wno-conversion -Wno-constant-conversion -Wno-int-conversion -Wno-bool-conversion -Wno-enum-conversion -Wno-float-conversion -Wno-non-literal-null-conversion -Wno-objc-literal-conversion -Wshorten-64-to-32 -Wpointer-sign -Wno-newline-eof -Wno-selector -Wno-strict-selector-match -Wno-undeclared-selector -Wno-deprecated-implementations -Wno-implicit-fallthrough -fstrict-aliasing -Wprotocol -Wdeprecated-declarations -Wno-sign-conversion -Wno-infinite-recursion -Wno-comma -Wno-block-capture-autoreleasing -Wno-strict-prototypes -Wno-semicolon-before-method-body -index-store-path /Users/Veer/Library/Developer/Xcode/DerivedData/HearifyV1-ftljoypfezvlxcgouzbpmsmxzads/Index.noindex/DataStore @/Users/Veer/Library/Developer/Xcode/DerivedData/HearifyV1-ftljoypfezvlxcgouzbpmsmxzads/Build/Intermediates.noindex/Firebase.build/Debug-iphoneos/FirebaseCoreExtension.build/Objects-normal/arm64/e6072d4f65d7061329687fe24e3d63a7-common-args.resp -include /Users/Veer/Library/Developer/Xcode/DerivedData/HearifyV1-ftljoypfezvlxcgouzbpmsmxzads/Build/Intermediates.noindex/Firebase.build/Debug-iphoneos/FirebaseCoreExtension.build/DerivedSources/resource_bundle_accessor.h -MMD -MT dependencies -MF /Users/Veer/Library/Developer/Xcode/DerivedData/HearifyV1-ftljoypfezvlxcgouzbpmsmxzads/Build/Intermediates.noindex/Firebase.build/Debug-iphoneos/FirebaseCoreExtension.build/Objects-normal/arm64/dummy.d --serialize-diagnostics /Users/Veer/Library/Developer/Xcode/DerivedData/HearifyV1-ftljoypfezvlxcgouzbpmsmxzads/Build/Intermediates.noindex/Firebase.build/Debug-iphoneos/FirebaseCoreExtension.build/Objects-normal/arm64/dummy.dia -c /Users/Veer/Library/Developer/Xcode/DerivedData/HearifyV1-ftljoypfezvlxcgouzbpmsmxzads/SourcePackages/checkouts/firebase-ios-sdk/FirebaseCore/Extension/dummy.m -o /Users/Veer/Library/Developer/Xcode/DerivedData/HearifyV1-ftljoypfezvlxcgouzbpmsmxzads/Build/Intermediates.noindex/Firebase.build/Debug-iphoneos/FirebaseCoreExtension.build/Objects-normal/arm64/dummy.o -index-unit-output-path /Firebase.build/Debug-iphoneos/FirebaseCoreExtension.build/Objects-normal/arm64/dummy.o

PrecompileModule /Users/Veer/Library/Developer/Xcode/DerivedData/HearifyV1-ftljoypfezvlxcgouzbpmsmxzads/Build/Intermediates.noindex/ExplicitPrecompiledModules/_DarwinFoundation2-EWRFJ46RPQYA7PJMKXNTCR5Z2.scan
    cd /
    builtin-precompileModule /Users/Veer/Library/Developer/Xcode/DerivedData/HearifyV1-ftljoypfezvlxcgouzbpmsmxzads/Build/Intermediates.noindex/ExplicitPrecompiledModules/_DarwinFoundation2-EWRFJ46RPQYA7PJMKXNTCR5Z2.scan

PrecompileModule /Users/Veer/Library/Developer/Xcode/DerivedData/HearifyV1-ftljoypfezvlxcgouzbpmsmxzads/Build/Intermediates.noindex/ExplicitPrecompiledModules/XPC-D04280N9SPJ5A18GW7DT7YBRZ.scan
    cd /
    builtin-precompileModule /Users/Veer/Library/Developer/Xcode/DerivedData/HearifyV1-ftljoypfezvlxcgouzbpmsmxzads/Build/Intermediates.noindex/ExplicitPrecompiledModules/XPC-D04280N9SPJ5A18GW7DT7YBRZ.scan

PrecompileModule /Users/Veer/Library/Developer/Xcode/DerivedData/HearifyV1-ftljoypfezvlxcgouzbpmsmxzads/Build/Intermediates.noindex/ExplicitPrecompiledModules/CoreFoundation-ANL3DUL1JTI24K8DAZRCNQX9W.scan
    cd /
    builtin-precompileModule /Users/Veer/Library/Developer/Xcode/DerivedData/HearifyV1-ftljoypfezvlxcgouzbpmsmxzads/Build/Intermediates.noindex/ExplicitPrecompiledModules/CoreFoundation-ANL3DUL1JTI24K8DAZRCNQX9W.scan

PrecompileModule /Users/Veer/Library/Developer/Xcode/DerivedData/HearifyV1-ftljoypfezvlxcgouzbpmsmxzads/Build/Intermediates.noindex/ExplicitPrecompiledModules/_Builtin_limits-632TY33UXDQ6P4R9UFQSJH5C6.scan
    cd /
    builtin-precompileModule /Users/Veer/Library/Developer/Xcode/DerivedData/HearifyV1-ftljoypfezvlxcgouzbpmsmxzads/Build/Intermediates.noindex/ExplicitPrecompiledModules/_Builtin_limits-632TY33UXDQ6P4R9UFQSJH5C6.scan

PrecompileModule /Users/Veer/Library/Developer/Xcode/DerivedData/HearifyV1-ftljoypfezvlxcgouzbpmsmxzads/Build/Intermediates.noindex/ExplicitPrecompiledModules/Foundation-DFYXL7ITSWNEKH2M9JFJEVCP8.scan
    cd /
    builtin-precompileModule /Users/Veer/Library/Developer/Xcode/DerivedData/HearifyV1-ftljoypfezvlxcgouzbpmsmxzads/Build/Intermediates.noindex/ExplicitPrecompiledModules/Foundation-DFYXL7ITSWNEKH2M9JFJEVCP8.scan

ScanDependencies /Users/Veer/Library/Developer/Xcode/DerivedData/HearifyV1-ftljoypfezvlxcgouzbpmsmxzads/Build/Intermediates.noindex/Firebase.build/Debug-iphoneos/FirebaseAuthInterop.build/Objects-normal/arm64/dummy.o /Users/Veer/Library/Developer/Xcode/DerivedData/HearifyV1-ftljoypfezvlxcgouzbpmsmxzads/SourcePackages/checkouts/firebase-ios-sdk/FirebaseAuth/Interop/dummy.m normal arm64 objective-c com.apple.compilers.llvm.clang.1_0.compiler (in target 'FirebaseAuthInterop' from project 'Firebase')
    cd /Users/Veer/Library/Mobile\ Documents/com\~apple\~CloudDocs/HearifyV1/HearifyV1.xcodeproj
    
    Using response file: /Users/Veer/Library/Developer/Xcode/DerivedData/HearifyV1-ftljoypfezvlxcgouzbpmsmxzads/Build/Intermediates.noindex/Firebase.build/Debug-iphoneos/FirebaseAuthInterop.build/Objects-normal/arm64/e6072d4f65d7061329687fe24e3d63a7-common-args.resp
    
    builtin-ScanDependencies -o /Users/Veer/Library/Developer/Xcode/DerivedData/HearifyV1-ftljoypfezvlxcgouzbpmsmxzads/Build/Intermediates.noindex/Firebase.build/Debug-iphoneos/FirebaseAuthInterop.build/Objects-normal/arm64/dummy.o.scan -- /Applications/Xcode.app/Contents/Developer/Toolchains/XcodeDefault.xctoolchain/usr/bin/clang -x objective-c -ivfsstatcache /Users/Veer/Library/Developer/Xcode/DerivedData/SDKStatCaches.noindex/iphoneos26.2-23C53-3794476bd08197c3e2abd9bb477ef7f7.sdkstatcache -fmessage-length\=0 -fdiagnostics-show-note-include-stack -fmacro-backtrace-limit\=0 -fno-color-diagnostics -fmodules-prune-interval\=86400 -fmodules-prune-after\=345600 -fbuild-session-file\=/Users/Veer/Library/Developer/Xcode/DerivedData/ModuleCache.noindex/Session.modulevalidation -fmodules-validate-once-per-build-session -Wnon-modular-include-in-framework-module -Werror\=non-modular-include-in-framework-module -Wno-trigraphs -Wno-missing-field-initializers -Wno-missing-prototypes -Wno-return-type -Wno-implicit-atomic-properties -Wno-objc-interface-ivars -Wno-arc-repeated-use-of-weak -Wno-missing-braces -Wparentheses -Wswitch -Wno-unused-function -Wno-unused-label -Wno-unused-parameter -Wno-unused-variable -Wunused-value -Wno-empty-body -Wno-uninitialized -Wno-unknown-pragmas -w -Wno-shadow -Wno-four-char-constants -Wno-conversion -Wno-constant-conversion -Wno-int-conversion -Wno-bool-conversion -Wno-enum-conversion -Wno-float-conversion -Wno-non-literal-null-conversion -Wno-objc-literal-conversion -Wshorten-64-to-32 -Wpointer-sign -Wno-newline-eof -Wno-selector -Wno-strict-selector-match -Wno-undeclared-selector -Wno-deprecated-implementations -Wno-implicit-fallthrough -fstrict-aliasing -Wprotocol -Wdeprecated-declarations -Wno-sign-conversion -Wno-infinite-recursion -Wno-comma -Wno-block-capture-autoreleasing -Wno-strict-prototypes -Wno-semicolon-before-method-body -index-store-path /Users/Veer/Library/Developer/Xcode/DerivedData/HearifyV1-ftljoypfezvlxcgouzbpmsmxzads/Index.noindex/DataStore @/Users/Veer/Library/Developer/Xcode/DerivedData/HearifyV1-ftljoypfezvlxcgouzbpmsmxzads/Build/Intermediates.noindex/Firebase.build/Debug-iphoneos/FirebaseAuthInterop.build/Objects-normal/arm64/e6072d4f65d7061329687fe24e3d63a7-common-args.resp -MMD -MT dependencies -MF /Users/Veer/Library/Developer/Xcode/DerivedData/HearifyV1-ftljoypfezvlxcgouzbpmsmxzads/Build/Intermediates.noindex/Firebase.build/Debug-iphoneos/FirebaseAuthInterop.build/Objects-normal/arm64/dummy.d --serialize-diagnostics /Users/Veer/Library/Developer/Xcode/DerivedData/HearifyV1-ftljoypfezvlxcgouzbpmsmxzads/Build/Intermediates.noindex/Firebase.build/Debug-iphoneos/FirebaseAuthInterop.build/Objects-normal/arm64/dummy.dia -c /Users/Veer/Library/Developer/Xcode/DerivedData/HearifyV1-ftljoypfezvlxcgouzbpmsmxzads/SourcePackages/checkouts/firebase-ios-sdk/FirebaseAuth/Interop/dummy.m -o /Users/Veer/Library/Developer/Xcode/DerivedData/HearifyV1-ftljoypfezvlxcgouzbpmsmxzads/Build/Intermediates.noindex/Firebase.build/Debug-iphoneos/FirebaseAuthInterop.build/Objects-normal/arm64/dummy.o -index-unit-output-path /Firebase.build/Debug-iphoneos/FirebaseAuthInterop.build/Objects-normal/arm64/dummy.o

ScanDependencies /Users/Veer/Library/Developer/Xcode/DerivedData/HearifyV1-ftljoypfezvlxcgouzbpmsmxzads/Build/Intermediates.noindex/Firebase.build/Debug-iphoneos/FirebaseAppCheckInterop.build/Objects-normal/arm64/dummy.o /Users/Veer/Library/Developer/Xcode/DerivedData/HearifyV1-ftljoypfezvlxcgouzbpmsmxzads/SourcePackages/checkouts/firebase-ios-sdk/FirebaseAppCheck/Interop/dummy.m normal arm64 objective-c com.apple.compilers.llvm.clang.1_0.compiler (in target 'FirebaseAppCheckInterop' from project 'Firebase')
    cd /Users/Veer/Library/Mobile\ Documents/com\~apple\~CloudDocs/HearifyV1/HearifyV1.xcodeproj
    
    Using response file: /Users/Veer/Library/Developer/Xcode/DerivedData/HearifyV1-ftljoypfezvlxcgouzbpmsmxzads/Build/Intermediates.noindex/Firebase.build/Debug-iphoneos/FirebaseAppCheckInterop.build/Objects-normal/arm64/e6072d4f65d7061329687fe24e3d63a7-common-args.resp
    
    builtin-ScanDependencies -o /Users/Veer/Library/Developer/Xcode/DerivedData/HearifyV1-ftljoypfezvlxcgouzbpmsmxzads/Build/Intermediates.noindex/Firebase.build/Debug-iphoneos/FirebaseAppCheckInterop.build/Objects-normal/arm64/dummy.o.scan -- /Applications/Xcode.app/Contents/Developer/Toolchains/XcodeDefault.xctoolchain/usr/bin/clang -x objective-c -ivfsstatcache /Users/Veer/Library/Developer/Xcode/DerivedData/SDKStatCaches.noindex/iphoneos26.2-23C53-3794476bd08197c3e2abd9bb477ef7f7.sdkstatcache -fmessage-length\=0 -fdiagnostics-show-note-include-stack -fmacro-backtrace-limit\=0 -fno-color-diagnostics -fmodules-prune-interval\=86400 -fmodules-prune-after\=345600 -fbuild-session-file\=/Users/Veer/Library/Developer/Xcode/DerivedData/ModuleCache.noindex/Session.modulevalidation -fmodules-validate-once-per-build-session -Wnon-modular-include-in-framework-module -Werror\=non-modular-include-in-framework-module -Wno-trigraphs -Wno-missing-field-initializers -Wno-missing-prototypes -Wno-return-type -Wno-implicit-atomic-properties -Wno-objc-interface-ivars -Wno-arc-repeated-use-of-weak -Wno-missing-braces -Wparentheses -Wswitch -Wno-unused-function -Wno-unused-label -Wno-unused-parameter -Wno-unused-variable -Wunused-value -Wno-empty-body -Wno-uninitialized -Wno-unknown-pragmas -w -Wno-shadow -Wno-four-char-constants -Wno-conversion -Wno-constant-conversion -Wno-int-conversion -Wno-bool-conversion -Wno-enum-conversion -Wno-float-conversion -Wno-non-literal-null-conversion -Wno-objc-literal-conversion -Wshorten-64-to-32 -Wpointer-sign -Wno-newline-eof -Wno-selector -Wno-strict-selector-match -Wno-undeclared-selector -Wno-deprecated-implementations -Wno-implicit-fallthrough -fstrict-aliasing -Wprotocol -Wdeprecated-declarations -Wno-sign-conversion -Wno-infinite-recursion -Wno-comma -Wno-block-capture-autoreleasing -Wno-strict-prototypes -Wno-semicolon-before-method-body -index-store-path /Users/Veer/Library/Developer/Xcode/DerivedData/HearifyV1-ftljoypfezvlxcgouzbpmsmxzads/Index.noindex/DataStore @/Users/Veer/Library/Developer/Xcode/DerivedData/HearifyV1-ftljoypfezvlxcgouzbpmsmxzads/Build/Intermediates.noindex/Firebase.build/Debug-iphoneos/FirebaseAppCheckInterop.build/Objects-normal/arm64/e6072d4f65d7061329687fe24e3d63a7-common-args.resp -MMD -MT dependencies -MF /Users/Veer/Library/Developer/Xcode/DerivedData/HearifyV1-ftljoypfezvlxcgouzbpmsmxzads/Build/Intermediates.noindex/Firebase.build/Debug-iphoneos/FirebaseAppCheckInterop.build/Objects-normal/arm64/dummy.d --serialize-diagnostics /Users/Veer/Library/Developer/Xcode/DerivedData/HearifyV1-ftljoypfezvlxcgouzbpmsmxzads/Build/Intermediates.noindex/Firebase.build/Debug-iphoneos/FirebaseAppCheckInterop.build/Objects-normal/arm64/dummy.dia -c /Users/Veer/Library/Developer/Xcode/DerivedData/HearifyV1-ftljoypfezvlxcgouzbpmsmxzads/SourcePackages/checkouts/firebase-ios-sdk/FirebaseAppCheck/Interop/dummy.m -o /Users/Veer/Library/Developer/Xcode/DerivedData/HearifyV1-ftljoypfezvlxcgouzbpmsmxzads/Build/Intermediates.noindex/Firebase.build/Debug-iphoneos/FirebaseAppCheckInterop.build/Objects-normal/arm64/dummy.o -index-unit-output-path /Firebase.build/Debug-iphoneos/FirebaseAppCheckInterop.build/Objects-normal/arm64/dummy.o

PrecompileModule /Users/Veer/Library/Developer/Xcode/DerivedData/HearifyV1-ftljoypfezvlxcgouzbpmsmxzads/Build/Intermediates.noindex/ExplicitPrecompiledModules/CoreFoundation-B8QM7KMQGXQJWDME2ZXFDVDU4.scan
    cd /
    builtin-precompileModule /Users/Veer/Library/Developer/Xcode/DerivedData/HearifyV1-ftljoypfezvlxcgouzbpmsmxzads/Build/Intermediates.noindex/ExplicitPrecompiledModules/CoreFoundation-B8QM7KMQGXQJWDME2ZXFDVDU4.scan

PrecompileModule /Users/Veer/Library/Developer/Xcode/DerivedData/HearifyV1-ftljoypfezvlxcgouzbpmsmxzads/Build/Intermediates.noindex/ExplicitPrecompiledModules/ImageIO-AVTZ8QQE5O7MRXT7Y90FGF9ZD.scan
    cd /
    builtin-precompileModule /Users/Veer/Library/Developer/Xcode/DerivedData/HearifyV1-ftljoypfezvlxcgouzbpmsmxzads/Build/Intermediates.noindex/ExplicitPrecompiledModules/ImageIO-AVTZ8QQE5O7MRXT7Y90FGF9ZD.scan

PrecompileModule /Users/Veer/Library/Developer/Xcode/DerivedData/HearifyV1-ftljoypfezvlxcgouzbpmsmxzads/Build/Intermediates.noindex/ExplicitPrecompiledModules/_Builtin_stdint-88PGVSJ0Z2TJ7PB4UKWUFTPKV.scan
    cd /
    builtin-precompileModule /Users/Veer/Library/Developer/Xcode/DerivedData/HearifyV1-ftljoypfezvlxcgouzbpmsmxzads/Build/Intermediates.noindex/ExplicitPrecompiledModules/_Builtin_stdint-88PGVSJ0Z2TJ7PB4UKWUFTPKV.scan

CompileC /Users/Veer/Library/Developer/Xcode/DerivedData/HearifyV1-ftljoypfezvlxcgouzbpmsmxzads/Build/Intermediates.noindex/Firebase.build/Debug-iphoneos/FirebaseAppCheckInterop.build/Objects-normal/arm64/dummy.o /Users/Veer/Library/Developer/Xcode/DerivedData/HearifyV1-ftljoypfezvlxcgouzbpmsmxzads/SourcePackages/checkouts/firebase-ios-sdk/FirebaseAppCheck/Interop/dummy.m normal arm64 objective-c com.apple.compilers.llvm.clang.1_0.compiler (in target 'FirebaseAppCheckInterop' from project 'Firebase')
    cd /Users/Veer/Library/Mobile\ Documents/com\~apple\~CloudDocs/HearifyV1/HearifyV1.xcodeproj
    
    Using response file: /Users/Veer/Library/Developer/Xcode/DerivedData/HearifyV1-ftljoypfezvlxcgouzbpmsmxzads/Build/Intermediates.noindex/Firebase.build/Debug-iphoneos/FirebaseAppCheckInterop.build/Objects-normal/arm64/e6072d4f65d7061329687fe24e3d63a7-common-args.resp
    
    /Applications/Xcode.app/Contents/Developer/Toolchains/XcodeDefault.xctoolchain/usr/bin/clang -x objective-c -ivfsstatcache /Users/Veer/Library/Developer/Xcode/DerivedData/SDKStatCaches.noindex/iphoneos26.2-23C53-3794476bd08197c3e2abd9bb477ef7f7.sdkstatcache -fmessage-length\=0 -fdiagnostics-show-note-include-stack -fmacro-backtrace-limit\=0 -fno-color-diagnostics -fmodules-prune-interval\=86400 -fmodules-prune-after\=345600 -fbuild-session-file\=/Users/Veer/Library/Developer/Xcode/DerivedData/ModuleCache.noindex/Session.modulevalidation -fmodules-validate-once-per-build-session -Wnon-modular-include-in-framework-module -Werror\=non-modular-include-in-framework-module -Wno-trigraphs -Wno-missing-field-initializers -Wno-missing-prototypes -Wno-return-type -Wno-implicit-atomic-properties -Wno-objc-interface-ivars -Wno-arc-repeated-use-of-weak -Wno-missing-braces -Wparentheses -Wswitch -Wno-unused-function -Wno-unused-label -Wno-unused-parameter -Wno-unused-variable -Wunused-value -Wno-empty-body -Wno-uninitialized -Wno-unknown-pragmas -w -Wno-shadow -Wno-four-char-constants -Wno-conversion -Wno-constant-conversion -Wno-int-conversion -Wno-bool-conversion -Wno-enum-conversion -Wno-float-conversion -Wno-non-literal-null-conversion -Wno-objc-literal-conversion -Wshorten-64-to-32 -Wpointer-sign -Wno-newline-eof -Wno-selector -Wno-strict-selector-match -Wno-undeclared-selector -Wno-deprecated-implementations -Wno-implicit-fallthrough -fstrict-aliasing -Wprotocol -Wdeprecated-declarations -Wno-sign-conversion -Wno-infinite-recursion -Wno-comma -Wno-block-capture-autoreleasing -Wno-strict-prototypes -Wno-semicolon-before-method-body -index-store-path /Users/Veer/Library/Developer/Xcode/DerivedData/HearifyV1-ftljoypfezvlxcgouzbpmsmxzads/Index.noindex/DataStore @/Users/Veer/Library/Developer/Xcode/DerivedData/HearifyV1-ftljoypfezvlxcgouzbpmsmxzads/Build/Intermediates.noindex/Firebase.build/Debug-iphoneos/FirebaseAppCheckInterop.build/Objects-normal/arm64/e6072d4f65d7061329687fe24e3d63a7-common-args.resp -MMD -MT dependencies -MF /Users/Veer/Library/Developer/Xcode/DerivedData/HearifyV1-ftljoypfezvlxcgouzbpmsmxzads/Build/Intermediates.noindex/Firebase.build/Debug-iphoneos/FirebaseAppCheckInterop.build/Objects-normal/arm64/dummy.d --serialize-diagnostics /Users/Veer/Library/Developer/Xcode/DerivedData/HearifyV1-ftljoypfezvlxcgouzbpmsmxzads/Build/Intermediates.noindex/Firebase.build/Debug-iphoneos/FirebaseAppCheckInterop.build/Objects-normal/arm64/dummy.dia -c /Users/Veer/Library/Developer/Xcode/DerivedData/HearifyV1-ftljoypfezvlxcgouzbpmsmxzads/SourcePackages/checkouts/firebase-ios-sdk/FirebaseAppCheck/Interop/dummy.m -o /Users/Veer/Library/Developer/Xcode/DerivedData/HearifyV1-ftljoypfezvlxcgouzbpmsmxzads/Build/Intermediates.noindex/Firebase.build/Debug-iphoneos/FirebaseAppCheckInterop.build/Objects-normal/arm64/dummy.o -index-unit-output-path /Firebase.build/Debug-iphoneos/FirebaseAppCheckInterop.build/Objects-normal/arm64/dummy.o

CompileC /Users/Veer/Library/Developer/Xcode/DerivedData/HearifyV1-ftljoypfezvlxcgouzbpmsmxzads/Build/Intermediates.noindex/Firebase.build/Debug-iphoneos/FirebaseAuthInterop.build/Objects-normal/arm64/dummy.o /Users/Veer/Library/Developer/Xcode/DerivedData/HearifyV1-ftljoypfezvlxcgouzbpmsmxzads/SourcePackages/checkouts/firebase-ios-sdk/FirebaseAuth/Interop/dummy.m normal arm64 objective-c com.apple.compilers.llvm.clang.1_0.compiler (in target 'FirebaseAuthInterop' from project 'Firebase')
    cd /Users/Veer/Library/Mobile\ Documents/com\~apple\~CloudDocs/HearifyV1/HearifyV1.xcodeproj
    
    Using response file: /Users/Veer/Library/Developer/Xcode/DerivedData/HearifyV1-ftljoypfezvlxcgouzbpmsmxzads/Build/Intermediates.noindex/Firebase.build/Debug-iphoneos/FirebaseAuthInterop.build/Objects-normal/arm64/e6072d4f65d7061329687fe24e3d63a7-common-args.resp
    
    /Applications/Xcode.app/Contents/Developer/Toolchains/XcodeDefault.xctoolchain/usr/bin/clang -x objective-c -ivfsstatcache /Users/Veer/Library/Developer/Xcode/DerivedData/SDKStatCaches.noindex/iphoneos26.2-23C53-3794476bd08197c3e2abd9bb477ef7f7.sdkstatcache -fmessage-length\=0 -fdiagnostics-show-note-include-stack -fmacro-backtrace-limit\=0 -fno-color-diagnostics -fmodules-prune-interval\=86400 -fmodules-prune-after\=345600 -fbuild-session-file\=/Users/Veer/Library/Developer/Xcode/DerivedData/ModuleCache.noindex/Session.modulevalidation -fmodules-validate-once-per-build-session -Wnon-modular-include-in-framework-module -Werror\=non-modular-include-in-framework-module -Wno-trigraphs -Wno-missing-field-initializers -Wno-missing-prototypes -Wno-return-type -Wno-implicit-atomic-properties -Wno-objc-interface-ivars -Wno-arc-repeated-use-of-weak -Wno-missing-braces -Wparentheses -Wswitch -Wno-unused-function -Wno-unused-label -Wno-unused-parameter -Wno-unused-variable -Wunused-value -Wno-empty-body -Wno-uninitialized -Wno-unknown-pragmas -w -Wno-shadow -Wno-four-char-constants -Wno-conversion -Wno-constant-conversion -Wno-int-conversion -Wno-bool-conversion -Wno-enum-conversion -Wno-float-conversion -Wno-non-literal-null-conversion -Wno-objc-literal-conversion -Wshorten-64-to-32 -Wpointer-sign -Wno-newline-eof -Wno-selector -Wno-strict-selector-match -Wno-undeclared-selector -Wno-deprecated-implementations -Wno-implicit-fallthrough -fstrict-aliasing -Wprotocol -Wdeprecated-declarations -Wno-sign-conversion -Wno-infinite-recursion -Wno-comma -Wno-block-capture-autoreleasing -Wno-strict-prototypes -Wno-semicolon-before-method-body -index-store-path /Users/Veer/Library/Developer/Xcode/DerivedData/HearifyV1-ftljoypfezvlxcgouzbpmsmxzads/Index.noindex/DataStore @/Users/Veer/Library/Developer/Xcode/DerivedData/HearifyV1-ftljoypfezvlxcgouzbpmsmxzads/Build/Intermediates.noindex/Firebase.build/Debug-iphoneos/FirebaseAuthInterop.build/Objects-normal/arm64/e6072d4f65d7061329687fe24e3d63a7-common-args.resp -MMD -MT dependencies -MF /Users/Veer/Library/Developer/Xcode/DerivedData/HearifyV1-ftljoypfezvlxcgouzbpmsmxzads/Build/Intermediates.noindex/Firebase.build/Debug-iphoneos/FirebaseAuthInterop.build/Objects-normal/arm64/dummy.d --serialize-diagnostics /Users/Veer/Library/Developer/Xcode/DerivedData/HearifyV1-ftljoypfezvlxcgouzbpmsmxzads/Build/Intermediates.noindex/Firebase.build/Debug-iphoneos/FirebaseAuthInterop.build/Objects-normal/arm64/dummy.dia -c /Users/Veer/Library/Developer/Xcode/DerivedData/HearifyV1-ftljoypfezvlxcgouzbpmsmxzads/SourcePackages/checkouts/firebase-ios-sdk/FirebaseAuth/Interop/dummy.m -o /Users/Veer/Library/Developer/Xcode/DerivedData/HearifyV1-ftljoypfezvlxcgouzbpmsmxzads/Build/Intermediates.noindex/Firebase.build/Debug-iphoneos/FirebaseAuthInterop.build/Objects-normal/arm64/dummy.o -index-unit-output-path /Firebase.build/Debug-iphoneos/FirebaseAuthInterop.build/Objects-normal/arm64/dummy.o

PrecompileModule /Users/Veer/Library/Developer/Xcode/DerivedData/HearifyV1-ftljoypfezvlxcgouzbpmsmxzads/Build/Intermediates.noindex/ExplicitPrecompiledModules/CoreText-2X1OJ9RD0UTHAGKCA5SIB6TC9.scan
    cd /
    builtin-precompileModule /Users/Veer/Library/Developer/Xcode/DerivedData/HearifyV1-ftljoypfezvlxcgouzbpmsmxzads/Build/Intermediates.noindex/ExplicitPrecompiledModules/CoreText-2X1OJ9RD0UTHAGKCA5SIB6TC9.scan

Ld /Users/Veer/Library/Developer/Xcode/DerivedData/HearifyV1-ftljoypfezvlxcgouzbpmsmxzads/Build/Products/Debug-iphoneos/FirebaseAppCheckInterop.o normal (in target 'FirebaseAppCheckInterop' from project 'Firebase')
    cd /Users/Veer/Library/Developer/Xcode/DerivedData/HearifyV1-ftljoypfezvlxcgouzbpmsmxzads/SourcePackages/checkouts/firebase-ios-sdk
    /Applications/Xcode.app/Contents/Developer/Toolchains/XcodeDefault.xctoolchain/usr/bin/clang -Xlinker -reproducible -target arm64-apple-ios15.0 -r -isysroot /Applications/Xcode.app/Contents/Developer/Platforms/iPhoneOS.platform/Developer/SDKs/iPhoneOS26.2.sdk -O0 -w -L/Users/Veer/Library/Developer/Xcode/DerivedData/HearifyV1-ftljoypfezvlxcgouzbpmsmxzads/Build/Intermediates.noindex/EagerLinkingTBDs/Debug-iphoneos -L/Users/Veer/Library/Developer/Xcode/DerivedData/HearifyV1-ftljoypfezvlxcgouzbpmsmxzads/Build/Products/Debug-iphoneos -L/Applications/Xcode.app/Contents/Developer/Platforms/iPhoneOS.platform/Developer/usr/lib -F/Users/Veer/Library/Developer/Xcode/DerivedData/HearifyV1-ftljoypfezvlxcgouzbpmsmxzads/Build/Intermediates.noindex/EagerLinkingTBDs/Debug-iphoneos -F/Users/Veer/Library/Developer/Xcode/DerivedData/HearifyV1-ftljoypfezvlxcgouzbpmsmxzads/Build/Products/Debug-iphoneos -iframework /Applications/Xcode.app/Contents/Developer/Platforms/iPhoneOS.platform/Developer/Library/Frameworks -iframework /Applications/Xcode.app/Contents/Developer/Platforms/iPhoneOS.platform/Developer/SDKs/iPhoneOS26.2.sdk/Developer/Library/Frameworks -filelist /Users/Veer/Library/Developer/Xcode/DerivedData/HearifyV1-ftljoypfezvlxcgouzbpmsmxzads/Build/Intermediates.noindex/Firebase.build/Debug-iphoneos/FirebaseAppCheckInterop.build/Objects-normal/arm64/FirebaseAppCheckInterop.LinkFileList -nostdlib -Xlinker -object_path_lto -Xlinker /Users/Veer/Library/Developer/Xcode/DerivedData/HearifyV1-ftljoypfezvlxcgouzbpmsmxzads/Build/Intermediates.noindex/Firebase.build/Debug-iphoneos/FirebaseAppCheckInterop.build/Objects-normal/arm64/FirebaseAppCheckInterop_lto.o -rdynamic -Xlinker -no_deduplicate -Xlinker -debug_variant -Xlinker -dependency_info -Xlinker /Users/Veer/Library/Developer/Xcode/DerivedData/HearifyV1-ftljoypfezvlxcgouzbpmsmxzads/Build/Intermediates.noindex/Firebase.build/Debug-iphoneos/FirebaseAppCheckInterop.build/Objects-normal/arm64/FirebaseAppCheckInterop_dependency_info.dat -fobjc-arc -fobjc-link-runtime -o /Users/Veer/Library/Developer/Xcode/DerivedData/HearifyV1-ftljoypfezvlxcgouzbpmsmxzads/Build/Products/Debug-iphoneos/FirebaseAppCheckInterop.o

PrecompileModule /Users/Veer/Library/Developer/Xcode/DerivedData/HearifyV1-ftljoypfezvlxcgouzbpmsmxzads/Build/Intermediates.noindex/ExplicitPrecompiledModules/_DarwinFoundation3-6RQSZV6W1U8WW5NJEB4QY222H.scan
    cd /
    builtin-precompileModule /Users/Veer/Library/Developer/Xcode/DerivedData/HearifyV1-ftljoypfezvlxcgouzbpmsmxzads/Build/Intermediates.noindex/ExplicitPrecompiledModules/_DarwinFoundation3-6RQSZV6W1U8WW5NJEB4QY222H.scan

Ld /Users/Veer/Library/Developer/Xcode/DerivedData/HearifyV1-ftljoypfezvlxcgouzbpmsmxzads/Build/Products/Debug-iphoneos/FirebaseAuthInterop.o normal (in target 'FirebaseAuthInterop' from project 'Firebase')
    cd /Users/Veer/Library/Developer/Xcode/DerivedData/HearifyV1-ftljoypfezvlxcgouzbpmsmxzads/SourcePackages/checkouts/firebase-ios-sdk
    /Applications/Xcode.app/Contents/Developer/Toolchains/XcodeDefault.xctoolchain/usr/bin/clang -Xlinker -reproducible -target arm64-apple-ios15.0 -r -isysroot /Applications/Xcode.app/Contents/Developer/Platforms/iPhoneOS.platform/Developer/SDKs/iPhoneOS26.2.sdk -O0 -w -L/Users/Veer/Library/Developer/Xcode/DerivedData/HearifyV1-ftljoypfezvlxcgouzbpmsmxzads/Build/Intermediates.noindex/EagerLinkingTBDs/Debug-iphoneos -L/Users/Veer/Library/Developer/Xcode/DerivedData/HearifyV1-ftljoypfezvlxcgouzbpmsmxzads/Build/Products/Debug-iphoneos -L/Applications/Xcode.app/Contents/Developer/Platforms/iPhoneOS.platform/Developer/usr/lib -F/Users/Veer/Library/Developer/Xcode/DerivedData/HearifyV1-ftljoypfezvlxcgouzbpmsmxzads/Build/Intermediates.noindex/EagerLinkingTBDs/Debug-iphoneos -F/Users/Veer/Library/Developer/Xcode/DerivedData/HearifyV1-ftljoypfezvlxcgouzbpmsmxzads/Build/Products/Debug-iphoneos -iframework /Applications/Xcode.app/Contents/Developer/Platforms/iPhoneOS.platform/Developer/Library/Frameworks -iframework /Applications/Xcode.app/Contents/Developer/Platforms/iPhoneOS.platform/Developer/SDKs/iPhoneOS26.2.sdk/Developer/Library/Frameworks -filelist /Users/Veer/Library/Developer/Xcode/DerivedData/HearifyV1-ftljoypfezvlxcgouzbpmsmxzads/Build/Intermediates.noindex/Firebase.build/Debug-iphoneos/FirebaseAuthInterop.build/Objects-normal/arm64/FirebaseAuthInterop.LinkFileList -nostdlib -Xlinker -object_path_lto -Xlinker /Users/Veer/Library/Developer/Xcode/DerivedData/HearifyV1-ftljoypfezvlxcgouzbpmsmxzads/Build/Intermediates.noindex/Firebase.build/Debug-iphoneos/FirebaseAuthInterop.build/Objects-normal/arm64/FirebaseAuthInterop_lto.o -rdynamic -Xlinker -no_deduplicate -Xlinker -debug_variant -Xlinker -dependency_info -Xlinker /Users/Veer/Library/Developer/Xcode/DerivedData/HearifyV1-ftljoypfezvlxcgouzbpmsmxzads/Build/Intermediates.noindex/Firebase.build/Debug-iphoneos/FirebaseAuthInterop.build/Objects-normal/arm64/FirebaseAuthInterop_dependency_info.dat -fobjc-arc -fobjc-link-runtime -o /Users/Veer/Library/Developer/Xcode/DerivedData/HearifyV1-ftljoypfezvlxcgouzbpmsmxzads/Build/Products/Debug-iphoneos/FirebaseAuthInterop.o

PrecompileModule /Users/Veer/Library/Developer/Xcode/DerivedData/HearifyV1-ftljoypfezvlxcgouzbpmsmxzads/Build/Intermediates.noindex/ExplicitPrecompiledModules/XPC-12KSO4YHM35XKRP2KM5VMJ2PU.scan
    cd /
    builtin-precompileModule /Users/Veer/Library/Developer/Xcode/DerivedData/HearifyV1-ftljoypfezvlxcgouzbpmsmxzads/Build/Intermediates.noindex/ExplicitPrecompiledModules/XPC-12KSO4YHM35XKRP2KM5VMJ2PU.scan

ScanDependencies /Users/Veer/Library/Developer/Xcode/DerivedData/HearifyV1-ftljoypfezvlxcgouzbpmsmxzads/Build/Intermediates.noindex/Firebase.build/Debug-iphoneos/Firebase.build/Objects-normal/arm64/dummy.o /Users/Veer/Library/Developer/Xcode/DerivedData/HearifyV1-ftljoypfezvlxcgouzbpmsmxzads/SourcePackages/checkouts/firebase-ios-sdk/CoreOnly/Sources/dummy.m normal arm64 objective-c com.apple.compilers.llvm.clang.1_0.compiler (in target 'Firebase' from project 'Firebase')
    cd /Users/Veer/Library/Mobile\ Documents/com\~apple\~CloudDocs/HearifyV1/HearifyV1.xcodeproj
    
    Using response file: /Users/Veer/Library/Developer/Xcode/DerivedData/HearifyV1-ftljoypfezvlxcgouzbpmsmxzads/Build/Intermediates.noindex/Firebase.build/Debug-iphoneos/Firebase.build/Objects-normal/arm64/e6072d4f65d7061329687fe24e3d63a7-common-args.resp
    
    builtin-ScanDependencies -o /Users/Veer/Library/Developer/Xcode/DerivedData/HearifyV1-ftljoypfezvlxcgouzbpmsmxzads/Build/Intermediates.noindex/Firebase.build/Debug-iphoneos/Firebase.build/Objects-normal/arm64/dummy.o.scan -- /Applications/Xcode.app/Contents/Developer/Toolchains/XcodeDefault.xctoolchain/usr/bin/clang -x objective-c -ivfsstatcache /Users/Veer/Library/Developer/Xcode/DerivedData/SDKStatCaches.noindex/iphoneos26.2-23C53-3794476bd08197c3e2abd9bb477ef7f7.sdkstatcache -fmessage-length\=0 -fdiagnostics-show-note-include-stack -fmacro-backtrace-limit\=0 -fno-color-diagnostics -fmodules-prune-interval\=86400 -fmodules-prune-after\=345600 -fbuild-session-file\=/Users/Veer/Library/Developer/Xcode/DerivedData/ModuleCache.noindex/Session.modulevalidation -fmodules-validate-once-per-build-session -Wnon-modular-include-in-framework-module -Werror\=non-modular-include-in-framework-module -Wno-trigraphs -Wno-missing-field-initializers -Wno-missing-prototypes -Wno-return-type -Wno-implicit-atomic-properties -Wno-objc-interface-ivars -Wno-arc-repeated-use-of-weak -Wno-missing-braces -Wparentheses -Wswitch -Wno-unused-function -Wno-unused-label -Wno-unused-parameter -Wno-unused-variable -Wunused-value -Wno-empty-body -Wno-uninitialized -Wno-unknown-pragmas -w -Wno-shadow -Wno-four-char-constants -Wno-conversion -Wno-constant-conversion -Wno-int-conversion -Wno-bool-conversion -Wno-enum-conversion -Wno-float-conversion -Wno-non-literal-null-conversion -Wno-objc-literal-conversion -Wshorten-64-to-32 -Wpointer-sign -Wno-newline-eof -Wno-selector -Wno-strict-selector-match -Wno-undeclared-selector -Wno-deprecated-implementations -Wno-implicit-fallthrough -fstrict-aliasing -Wprotocol -Wdeprecated-declarations -Wno-sign-conversion -Wno-infinite-recursion -Wno-comma -Wno-block-capture-autoreleasing -Wno-strict-prototypes -Wno-semicolon-before-method-body -index-store-path /Users/Veer/Library/Developer/Xcode/DerivedData/HearifyV1-ftljoypfezvlxcgouzbpmsmxzads/Index.noindex/DataStore @/Users/Veer/Library/Developer/Xcode/DerivedData/HearifyV1-ftljoypfezvlxcgouzbpmsmxzads/Build/Intermediates.noindex/Firebase.build/Debug-iphoneos/Firebase.build/Objects-normal/arm64/e6072d4f65d7061329687fe24e3d63a7-common-args.resp -MMD -MT dependencies -MF /Users/Veer/Library/Developer/Xcode/DerivedData/HearifyV1-ftljoypfezvlxcgouzbpmsmxzads/Build/Intermediates.noindex/Firebase.build/Debug-iphoneos/Firebase.build/Objects-normal/arm64/dummy.d --serialize-diagnostics /Users/Veer/Library/Developer/Xcode/DerivedData/HearifyV1-ftljoypfezvlxcgouzbpmsmxzads/Build/Intermediates.noindex/Firebase.build/Debug-iphoneos/Firebase.build/Objects-normal/arm64/dummy.dia -c /Users/Veer/Library/Developer/Xcode/DerivedData/HearifyV1-ftljoypfezvlxcgouzbpmsmxzads/SourcePackages/checkouts/firebase-ios-sdk/CoreOnly/Sources/dummy.m -o /Users/Veer/Library/Developer/Xcode/DerivedData/HearifyV1-ftljoypfezvlxcgouzbpmsmxzads/Build/Intermediates.noindex/Firebase.build/Debug-iphoneos/Firebase.build/Objects-normal/arm64/dummy.o -index-unit-output-path /Firebase.build/Debug-iphoneos/Firebase.build/Objects-normal/arm64/dummy.o

ProcessXCFramework /Users/Veer/Library/Developer/Xcode/DerivedData/HearifyV1-ftljoypfezvlxcgouzbpmsmxzads/SourcePackages/artifacts/grpc-binary/openssl_grpc/openssl_grpc.xcframework /Users/Veer/Library/Developer/Xcode/DerivedData/HearifyV1-ftljoypfezvlxcgouzbpmsmxzads/Build/Products/Debug-iphoneos/openssl_grpc.framework ios
    cd /Users/Veer/Library/Mobile\ Documents/com\~apple\~CloudDocs/HearifyV1/HearifyV1.xcodeproj
    builtin-process-xcframework --xcframework /Users/Veer/Library/Developer/Xcode/DerivedData/HearifyV1-ftljoypfezvlxcgouzbpmsmxzads/SourcePackages/artifacts/grpc-binary/openssl_grpc/openssl_grpc.xcframework --platform ios --target-path /Users/Veer/Library/Developer/Xcode/DerivedData/HearifyV1-ftljoypfezvlxcgouzbpmsmxzads/Build/Products/Debug-iphoneos
/Users/Veer/Library/Developer/Xcode/DerivedData/HearifyV1-ftljoypfezvlxcgouzbpmsmxzads/SourcePackages/artifacts/grpc-binary/openssl_grpc/openssl_grpc.xcframework:1:1: note: The identity of “openssl_grpc.xcframework” is not recorded in your project.

CompileC /Users/Veer/Library/Developer/Xcode/DerivedData/HearifyV1-ftljoypfezvlxcgouzbpmsmxzads/Build/Intermediates.noindex/Firebase.build/Debug-iphoneos/Firebase.build/Objects-normal/arm64/dummy.o /Users/Veer/Library/Developer/Xcode/DerivedData/HearifyV1-ftljoypfezvlxcgouzbpmsmxzads/SourcePackages/checkouts/firebase-ios-sdk/CoreOnly/Sources/dummy.m normal arm64 objective-c com.apple.compilers.llvm.clang.1_0.compiler (in target 'Firebase' from project 'Firebase')
    cd /Users/Veer/Library/Mobile\ Documents/com\~apple\~CloudDocs/HearifyV1/HearifyV1.xcodeproj
    
    Using response file: /Users/Veer/Library/Developer/Xcode/DerivedData/HearifyV1-ftljoypfezvlxcgouzbpmsmxzads/Build/Intermediates.noindex/Firebase.build/Debug-iphoneos/Firebase.build/Objects-normal/arm64/e6072d4f65d7061329687fe24e3d63a7-common-args.resp
    
    /Applications/Xcode.app/Contents/Developer/Toolchains/XcodeDefault.xctoolchain/usr/bin/clang -x objective-c -ivfsstatcache /Users/Veer/Library/Developer/Xcode/DerivedData/SDKStatCaches.noindex/iphoneos26.2-23C53-3794476bd08197c3e2abd9bb477ef7f7.sdkstatcache -fmessage-length\=0 -fdiagnostics-show-note-include-stack -fmacro-backtrace-limit\=0 -fno-color-diagnostics -fmodules-prune-interval\=86400 -fmodules-prune-after\=345600 -fbuild-session-file\=/Users/Veer/Library/Developer/Xcode/DerivedData/ModuleCache.noindex/Session.modulevalidation -fmodules-validate-once-per-build-session -Wnon-modular-include-in-framework-module -Werror\=non-modular-include-in-framework-module -Wno-trigraphs -Wno-missing-field-initializers -Wno-missing-prototypes -Wno-return-type -Wno-implicit-atomic-properties -Wno-objc-interface-ivars -Wno-arc-repeated-use-of-weak -Wno-missing-braces -Wparentheses -Wswitch -Wno-unused-function -Wno-unused-label -Wno-unused-parameter -Wno-unused-variable -Wunused-value -Wno-empty-body -Wno-uninitialized -Wno-unknown-pragmas -w -Wno-shadow -Wno-four-char-constants -Wno-conversion -Wno-constant-conversion -Wno-int-conversion -Wno-bool-conversion -Wno-enum-conversion -Wno-float-conversion -Wno-non-literal-null-conversion -Wno-objc-literal-conversion -Wshorten-64-to-32 -Wpointer-sign -Wno-newline-eof -Wno-selector -Wno-strict-selector-match -Wno-undeclared-selector -Wno-deprecated-implementations -Wno-implicit-fallthrough -fstrict-aliasing -Wprotocol -Wdeprecated-declarations -Wno-sign-conversion -Wno-infinite-recursion -Wno-comma -Wno-block-capture-autoreleasing -Wno-strict-prototypes -Wno-semicolon-before-method-body -index-store-path /Users/Veer/Library/Developer/Xcode/DerivedData/HearifyV1-ftljoypfezvlxcgouzbpmsmxzads/Index.noindex/DataStore @/Users/Veer/Library/Developer/Xcode/DerivedData/HearifyV1-ftljoypfezvlxcgouzbpmsmxzads/Build/Intermediates.noindex/Firebase.build/Debug-iphoneos/Firebase.build/Objects-normal/arm64/e6072d4f65d7061329687fe24e3d63a7-common-args.resp -MMD -MT dependencies -MF /Users/Veer/Library/Developer/Xcode/DerivedData/HearifyV1-ftljoypfezvlxcgouzbpmsmxzads/Build/Intermediates.noindex/Firebase.build/Debug-iphoneos/Firebase.build/Objects-normal/arm64/dummy.d --serialize-diagnostics /Users/Veer/Library/Developer/Xcode/DerivedData/HearifyV1-ftljoypfezvlxcgouzbpmsmxzads/Build/Intermediates.noindex/Firebase.build/Debug-iphoneos/Firebase.build/Objects-normal/arm64/dummy.dia -c /Users/Veer/Library/Developer/Xcode/DerivedData/HearifyV1-ftljoypfezvlxcgouzbpmsmxzads/SourcePackages/checkouts/firebase-ios-sdk/CoreOnly/Sources/dummy.m -o /Users/Veer/Library/Developer/Xcode/DerivedData/HearifyV1-ftljoypfezvlxcgouzbpmsmxzads/Build/Intermediates.noindex/Firebase.build/Debug-iphoneos/Firebase.build/Objects-normal/arm64/dummy.o -index-unit-output-path /Firebase.build/Debug-iphoneos/Firebase.build/Objects-normal/arm64/dummy.o

PrecompileModule /Users/Veer/Library/Developer/Xcode/DerivedData/HearifyV1-ftljoypfezvlxcgouzbpmsmxzads/Build/Intermediates.noindex/ExplicitPrecompiledModules/_Builtin_inttypes-5ZI3N0SE79NXZNE435AEG6I34.scan
    cd /
    builtin-precompileModule /Users/Veer/Library/Developer/Xcode/DerivedData/HearifyV1-ftljoypfezvlxcgouzbpmsmxzads/Build/Intermediates.noindex/ExplicitPrecompiledModules/_Builtin_inttypes-5ZI3N0SE79NXZNE435AEG6I34.scan

PrecompileModule /Users/Veer/Library/Developer/Xcode/DerivedData/HearifyV1-ftljoypfezvlxcgouzbpmsmxzads/Build/Intermediates.noindex/ExplicitPrecompiledModules/CFNetwork-7QZT94M4R1B0QZ716FIH36FOE.scan
    cd /
    builtin-precompileModule /Users/Veer/Library/Developer/Xcode/DerivedData/HearifyV1-ftljoypfezvlxcgouzbpmsmxzads/Build/Intermediates.noindex/ExplicitPrecompiledModules/CFNetwork-7QZT94M4R1B0QZ716FIH36FOE.scan

PrecompileModule /Users/Veer/Library/Developer/Xcode/DerivedData/HearifyV1-ftljoypfezvlxcgouzbpmsmxzads/Build/Intermediates.noindex/ExplicitPrecompiledModules/Security-5BPQBOBMM25KBFMZNV6CBMSWX.scan
    cd /
    builtin-precompileModule /Users/Veer/Library/Developer/Xcode/DerivedData/HearifyV1-ftljoypfezvlxcgouzbpmsmxzads/Build/Intermediates.noindex/ExplicitPrecompiledModules/Security-5BPQBOBMM25KBFMZNV6CBMSWX.scan

Ld /Users/Veer/Library/Developer/Xcode/DerivedData/HearifyV1-ftljoypfezvlxcgouzbpmsmxzads/Build/Products/Debug-iphoneos/Firebase.o normal (in target 'Firebase' from project 'Firebase')
    cd /Users/Veer/Library/Developer/Xcode/DerivedData/HearifyV1-ftljoypfezvlxcgouzbpmsmxzads/SourcePackages/checkouts/firebase-ios-sdk
    /Applications/Xcode.app/Contents/Developer/Toolchains/XcodeDefault.xctoolchain/usr/bin/clang -Xlinker -reproducible -target arm64-apple-ios15.0 -r -isysroot /Applications/Xcode.app/Contents/Developer/Platforms/iPhoneOS.platform/Developer/SDKs/iPhoneOS26.2.sdk -O0 -w -L/Users/Veer/Library/Developer/Xcode/DerivedData/HearifyV1-ftljoypfezvlxcgouzbpmsmxzads/Build/Intermediates.noindex/EagerLinkingTBDs/Debug-iphoneos -L/Users/Veer/Library/Developer/Xcode/DerivedData/HearifyV1-ftljoypfezvlxcgouzbpmsmxzads/Build/Products/Debug-iphoneos -L/Applications/Xcode.app/Contents/Developer/Platforms/iPhoneOS.platform/Developer/usr/lib -F/Users/Veer/Library/Developer/Xcode/DerivedData/HearifyV1-ftljoypfezvlxcgouzbpmsmxzads/Build/Intermediates.noindex/EagerLinkingTBDs/Debug-iphoneos -F/Users/Veer/Library/Developer/Xcode/DerivedData/HearifyV1-ftljoypfezvlxcgouzbpmsmxzads/Build/Products/Debug-iphoneos -iframework /Applications/Xcode.app/Contents/Developer/Platforms/iPhoneOS.platform/Developer/Library/Frameworks -iframework /Applications/Xcode.app/Contents/Developer/Platforms/iPhoneOS.platform/Developer/SDKs/iPhoneOS26.2.sdk/Developer/Library/Frameworks -filelist /Users/Veer/Library/Developer/Xcode/DerivedData/HearifyV1-ftljoypfezvlxcgouzbpmsmxzads/Build/Intermediates.noindex/Firebase.build/Debug-iphoneos/Firebase.build/Objects-normal/arm64/Firebase.LinkFileList -nostdlib -Xlinker -object_path_lto -Xlinker /Users/Veer/Library/Developer/Xcode/DerivedData/HearifyV1-ftljoypfezvlxcgouzbpmsmxzads/Build/Intermediates.noindex/Firebase.build/Debug-iphoneos/Firebase.build/Objects-normal/arm64/Firebase_lto.o -rdynamic -Xlinker -no_deduplicate -Xlinker -debug_variant -Xlinker -dependency_info -Xlinker /Users/Veer/Library/Developer/Xcode/DerivedData/HearifyV1-ftljoypfezvlxcgouzbpmsmxzads/Build/Intermediates.noindex/Firebase.build/Debug-iphoneos/Firebase.build/Objects-normal/arm64/Firebase_dependency_info.dat -fobjc-arc -fobjc-link-runtime -o /Users/Veer/Library/Developer/Xcode/DerivedData/HearifyV1-ftljoypfezvlxcgouzbpmsmxzads/Build/Products/Debug-iphoneos/Firebase.o

PrecompileModule /Users/Veer/Library/Developer/Xcode/DerivedData/HearifyV1-ftljoypfezvlxcgouzbpmsmxzads/Build/Intermediates.noindex/ExplicitPrecompiledModules/Darwin-6YBD1XHHP221OJJIF02GZSREZ.scan
    cd /
    builtin-precompileModule /Users/Veer/Library/Developer/Xcode/DerivedData/HearifyV1-ftljoypfezvlxcgouzbpmsmxzads/Build/Intermediates.noindex/ExplicitPrecompiledModules/Darwin-6YBD1XHHP221OJJIF02GZSREZ.scan

PrecompileModule /Users/Veer/Library/Developer/Xcode/DerivedData/HearifyV1-ftljoypfezvlxcgouzbpmsmxzads/Build/Intermediates.noindex/ExplicitPrecompiledModules/CFNetwork-CW5PIW1MOBVB29NCLZPLUW3ET.scan
    cd /
    builtin-precompileModule /Users/Veer/Library/Developer/Xcode/DerivedData/HearifyV1-ftljoypfezvlxcgouzbpmsmxzads/Build/Intermediates.noindex/ExplicitPrecompiledModules/CFNetwork-CW5PIW1MOBVB29NCLZPLUW3ET.scan

ProcessXCFramework /Users/Veer/Library/Developer/Xcode/DerivedData/HearifyV1-ftljoypfezvlxcgouzbpmsmxzads/SourcePackages/artifacts/grpc-binary/grpcpp/grpcpp.xcframework /Users/Veer/Library/Developer/Xcode/DerivedData/HearifyV1-ftljoypfezvlxcgouzbpmsmxzads/Build/Products/Debug-iphoneos/grpcpp.framework ios
    cd /Users/Veer/Library/Mobile\ Documents/com\~apple\~CloudDocs/HearifyV1/HearifyV1.xcodeproj
    builtin-process-xcframework --xcframework /Users/Veer/Library/Developer/Xcode/DerivedData/HearifyV1-ftljoypfezvlxcgouzbpmsmxzads/SourcePackages/artifacts/grpc-binary/grpcpp/grpcpp.xcframework --platform ios --target-path /Users/Veer/Library/Developer/Xcode/DerivedData/HearifyV1-ftljoypfezvlxcgouzbpmsmxzads/Build/Products/Debug-iphoneos
/Users/Veer/Library/Developer/Xcode/DerivedData/HearifyV1-ftljoypfezvlxcgouzbpmsmxzads/SourcePackages/artifacts/grpc-binary/grpcpp/grpcpp.xcframework:1:1: note: The identity of “grpcpp.xcframework” is not recorded in your project.

PrecompileModule /Users/Veer/Library/Developer/Xcode/DerivedData/HearifyV1-ftljoypfezvlxcgouzbpmsmxzads/Build/Intermediates.noindex/ExplicitPrecompiledModules/Security-6Z0EB0EJA54BHPV9SBD8QL8JM.scan
    cd /
    builtin-precompileModule /Users/Veer/Library/Developer/Xcode/DerivedData/HearifyV1-ftljoypfezvlxcgouzbpmsmxzads/Build/Intermediates.noindex/ExplicitPrecompiledModules/Security-6Z0EB0EJA54BHPV9SBD8QL8JM.scan

SwiftDriverJobDiscovery normal arm64 Emitting module for FirebaseSharedSwift (in target 'FirebaseSharedSwift' from project 'Firebase')

SwiftDriver\ Compilation\ Requirements FirebaseSharedSwift normal arm64 com.apple.xcode.tools.swift.compiler (in target 'FirebaseSharedSwift' from project 'Firebase')
    cd /Users/Veer/Library/Mobile\ Documents/com\~apple\~CloudDocs/HearifyV1/HearifyV1.xcodeproj
    builtin-Swift-Compilation-Requirements -- /Applications/Xcode.app/Contents/Developer/Toolchains/XcodeDefault.xctoolchain/usr/bin/swiftc -module-name FirebaseSharedSwift -Onone -enforce-exclusivity\=checked @/Users/Veer/Library/Developer/Xcode/DerivedData/HearifyV1-ftljoypfezvlxcgouzbpmsmxzads/Build/Intermediates.noindex/Firebase.build/Debug-iphoneos/FirebaseSharedSwift.build/Objects-normal/arm64/FirebaseSharedSwift.SwiftFileList -DSWIFT_PACKAGE -DDEBUG -DSWIFT_MODULE_RESOURCE_BUNDLE_UNAVAILABLE -DXcode -plugin-path /Applications/Xcode.app/Contents/Developer/Toolchains/XcodeDefault.xctoolchain/usr/lib/swift/host/plugins/testing -enable-experimental-feature DebugDescriptionMacro -sdk /Applications/Xcode.app/Contents/Developer/Platforms/iPhoneOS.platform/Developer/SDKs/iPhoneOS26.2.sdk -target arm64-apple-ios15.0 -g -module-cache-path /Users/Veer/Library/Developer/Xcode/DerivedData/ModuleCache.noindex -Xfrontend -serialize-debugging-options -profile-coverage-mapping -profile-generate -enable-testing -suppress-warnings -index-store-path /Users/Veer/Library/Developer/Xcode/DerivedData/HearifyV1-ftljoypfezvlxcgouzbpmsmxzads/Index.noindex/DataStore -Xcc -D_LIBCPP_HARDENING_MODE\=_LIBCPP_HARDENING_MODE_DEBUG -swift-version 5 -I /Users/Veer/Library/Developer/Xcode/DerivedData/HearifyV1-ftljoypfezvlxcgouzbpmsmxzads/Build/Products/Debug-iphoneos -Isystem /Applications/Xcode.app/Contents/Developer/Platforms/iPhoneOS.platform/Developer/usr/lib -F /Users/Veer/Library/Developer/Xcode/DerivedData/HearifyV1-ftljoypfezvlxcgouzbpmsmxzads/Build/Products/Debug-iphoneos -F /Applications/Xcode.app/Contents/Developer/Platforms/iPhoneOS.platform/Developer/Library/Frameworks -F /Applications/Xcode.app/Contents/Developer/Platforms/iPhoneOS.platform/Developer/SDKs/iPhoneOS26.2.sdk/Developer/Library/Frameworks -c -j10 -enable-batch-mode -incremental -Xcc -ivfsstatcache -Xcc /Users/Veer/Library/Developer/Xcode/DerivedData/SDKStatCaches.noindex/iphoneos26.2-23C53-3794476bd08197c3e2abd9bb477ef7f7.sdkstatcache -output-file-map /Users/Veer/Library/Developer/Xcode/DerivedData/HearifyV1-ftljoypfezvlxcgouzbpmsmxzads/Build/Intermediates.noindex/Firebase.build/Debug-iphoneos/FirebaseSharedSwift.build/Objects-normal/arm64/FirebaseSharedSwift-OutputFileMap.json -use-frontend-parseable-output -save-temps -no-color-diagnostics -explicit-module-build -module-cache-path /Users/Veer/Library/Developer/Xcode/DerivedData/HearifyV1-ftljoypfezvlxcgouzbpmsmxzads/Build/Intermediates.noindex/SwiftExplicitPrecompiledModules -clang-scanner-module-cache-path /Users/Veer/Library/Developer/Xcode/DerivedData/ModuleCache.noindex -sdk-module-cache-path /Users/Veer/Library/Developer/Xcode/DerivedData/ModuleCache.noindex -serialize-diagnostics -emit-dependencies -emit-module -emit-module-path /Users/Veer/Library/Developer/Xcode/DerivedData/HearifyV1-ftljoypfezvlxcgouzbpmsmxzads/Build/Intermediates.noindex/Firebase.build/Debug-iphoneos/FirebaseSharedSwift.build/Objects-normal/arm64/FirebaseSharedSwift.swiftmodule -user-module-version 12.8.0 -validate-clang-modules-once -clang-build-session-file /Users/Veer/Library/Developer/Xcode/DerivedData/ModuleCache.noindex/Session.modulevalidation -package-name firebase_ios_sdk -Xcc -I/Users/Veer/Library/Developer/Xcode/DerivedData/HearifyV1-ftljoypfezvlxcgouzbpmsmxzads/Build/Intermediates.noindex/Firebase.build/Debug-iphoneos/FirebaseSharedSwift.build/swift-overrides.hmap -emit-const-values -Xfrontend -const-gather-protocols-file -Xfrontend /Users/Veer/Library/Developer/Xcode/DerivedData/HearifyV1-ftljoypfezvlxcgouzbpmsmxzads/Build/Intermediates.noindex/Firebase.build/Debug-iphoneos/FirebaseSharedSwift.build/Objects-normal/arm64/FirebaseSharedSwift_const_extract_protocols.json -Xcc -I/Users/Veer/Library/Developer/Xcode/DerivedData/HearifyV1-ftljoypfezvlxcgouzbpmsmxzads/Build/Products/Debug-iphoneos/include -Xcc -I/Users/Veer/Library/Developer/Xcode/DerivedData/HearifyV1-ftljoypfezvlxcgouzbpmsmxzads/Build/Intermediates.noindex/Firebase.build/Debug-iphoneos/FirebaseSharedSwift.build/DerivedSources-normal/arm64 -Xcc -I/Users/Veer/Library/Developer/Xcode/DerivedData/HearifyV1-ftljoypfezvlxcgouzbpmsmxzads/Build/Intermediates.noindex/Firebase.build/Debug-iphoneos/FirebaseSharedSwift.build/DerivedSources/arm64 -Xcc -I/Users/Veer/Library/Developer/Xcode/DerivedData/HearifyV1-ftljoypfezvlxcgouzbpmsmxzads/Build/Intermediates.noindex/Firebase.build/Debug-iphoneos/FirebaseSharedSwift.build/DerivedSources -Xcc -DSWIFT_PACKAGE -Xcc -DDEBUG\=1 -emit-objc-header -emit-objc-header-path /Users/Veer/Library/Developer/Xcode/DerivedData/HearifyV1-ftljoypfezvlxcgouzbpmsmxzads/Build/Intermediates.noindex/Firebase.build/Debug-iphoneos/FirebaseSharedSwift.build/Objects-normal/arm64/FirebaseSharedSwift-Swift.h -working-directory /Users/Veer/Library/Mobile\ Documents/com\~apple\~CloudDocs/HearifyV1/HearifyV1.xcodeproj -experimental-emit-module-separately -disable-cmo

PrecompileModule /Users/Veer/Library/Developer/Xcode/DerivedData/HearifyV1-ftljoypfezvlxcgouzbpmsmxzads/Build/Intermediates.noindex/ExplicitPrecompiledModules/Foundation-1J5SE3YA1HGN4KD3R408VZUVL.scan
    cd /
    builtin-precompileModule /Users/Veer/Library/Developer/Xcode/DerivedData/HearifyV1-ftljoypfezvlxcgouzbpmsmxzads/Build/Intermediates.noindex/ExplicitPrecompiledModules/Foundation-1J5SE3YA1HGN4KD3R408VZUVL.scan

SwiftMergeGeneratedHeaders /Users/Veer/Library/Developer/Xcode/DerivedData/HearifyV1-ftljoypfezvlxcgouzbpmsmxzads/Build/Intermediates.noindex/GeneratedModuleMaps-iphoneos/FirebaseSharedSwift-Swift.h /Users/Veer/Library/Developer/Xcode/DerivedData/HearifyV1-ftljoypfezvlxcgouzbpmsmxzads/Build/Intermediates.noindex/Firebase.build/Debug-iphoneos/FirebaseSharedSwift.build/Objects-normal/arm64/FirebaseSharedSwift-Swift.h (in target 'FirebaseSharedSwift' from project 'Firebase')
    cd /Users/Veer/Library/Developer/Xcode/DerivedData/HearifyV1-ftljoypfezvlxcgouzbpmsmxzads/SourcePackages/checkouts/firebase-ios-sdk
    builtin-swiftHeaderTool -arch arm64 /Users/Veer/Library/Developer/Xcode/DerivedData/HearifyV1-ftljoypfezvlxcgouzbpmsmxzads/Build/Intermediates.noindex/Firebase.build/Debug-iphoneos/FirebaseSharedSwift.build/Objects-normal/arm64/FirebaseSharedSwift-Swift.h -o /Users/Veer/Library/Developer/Xcode/DerivedData/HearifyV1-ftljoypfezvlxcgouzbpmsmxzads/Build/Intermediates.noindex/GeneratedModuleMaps-iphoneos/FirebaseSharedSwift-Swift.h

Copy /Users/Veer/Library/Developer/Xcode/DerivedData/HearifyV1-ftljoypfezvlxcgouzbpmsmxzads/Build/Products/Debug-iphoneos/FirebaseSharedSwift.swiftmodule/arm64-apple-ios.swiftmodule /Users/Veer/Library/Developer/Xcode/DerivedData/HearifyV1-ftljoypfezvlxcgouzbpmsmxzads/Build/Intermediates.noindex/Firebase.build/Debug-iphoneos/FirebaseSharedSwift.build/Objects-normal/arm64/FirebaseSharedSwift.swiftmodule (in target 'FirebaseSharedSwift' from project 'Firebase')
    cd /Users/Veer/Library/Developer/Xcode/DerivedData/HearifyV1-ftljoypfezvlxcgouzbpmsmxzads/SourcePackages/checkouts/firebase-ios-sdk
    builtin-copy -exclude .DS_Store -exclude CVS -exclude .svn -exclude .git -exclude .hg -resolve-src-symlinks -rename /Users/Veer/Library/Developer/Xcode/DerivedData/HearifyV1-ftljoypfezvlxcgouzbpmsmxzads/Build/Intermediates.noindex/Firebase.build/Debug-iphoneos/FirebaseSharedSwift.build/Objects-normal/arm64/FirebaseSharedSwift.swiftmodule /Users/Veer/Library/Developer/Xcode/DerivedData/HearifyV1-ftljoypfezvlxcgouzbpmsmxzads/Build/Products/Debug-iphoneos/FirebaseSharedSwift.swiftmodule/arm64-apple-ios.swiftmodule

Copy /Users/Veer/Library/Developer/Xcode/DerivedData/HearifyV1-ftljoypfezvlxcgouzbpmsmxzads/Build/Products/Debug-iphoneos/FirebaseSharedSwift.swiftmodule/arm64-apple-ios.swiftdoc /Users/Veer/Library/Developer/Xcode/DerivedData/HearifyV1-ftljoypfezvlxcgouzbpmsmxzads/Build/Intermediates.noindex/Firebase.build/Debug-iphoneos/FirebaseSharedSwift.build/Objects-normal/arm64/FirebaseSharedSwift.swiftdoc (in target 'FirebaseSharedSwift' from project 'Firebase')
    cd /Users/Veer/Library/Developer/Xcode/DerivedData/HearifyV1-ftljoypfezvlxcgouzbpmsmxzads/SourcePackages/checkouts/firebase-ios-sdk
    builtin-copy -exclude .DS_Store -exclude CVS -exclude .svn -exclude .git -exclude .hg -resolve-src-symlinks -rename /Users/Veer/Library/Developer/Xcode/DerivedData/HearifyV1-ftljoypfezvlxcgouzbpmsmxzads/Build/Intermediates.noindex/Firebase.build/Debug-iphoneos/FirebaseSharedSwift.build/Objects-normal/arm64/FirebaseSharedSwift.swiftdoc /Users/Veer/Library/Developer/Xcode/DerivedData/HearifyV1-ftljoypfezvlxcgouzbpmsmxzads/Build/Products/Debug-iphoneos/FirebaseSharedSwift.swiftmodule/arm64-apple-ios.swiftdoc

Copy /Users/Veer/Library/Developer/Xcode/DerivedData/HearifyV1-ftljoypfezvlxcgouzbpmsmxzads/Build/Products/Debug-iphoneos/FirebaseSharedSwift.swiftmodule/arm64-apple-ios.abi.json /Users/Veer/Library/Developer/Xcode/DerivedData/HearifyV1-ftljoypfezvlxcgouzbpmsmxzads/Build/Intermediates.noindex/Firebase.build/Debug-iphoneos/FirebaseSharedSwift.build/Objects-normal/arm64/FirebaseSharedSwift.abi.json (in target 'FirebaseSharedSwift' from project 'Firebase')
    cd /Users/Veer/Library/Developer/Xcode/DerivedData/HearifyV1-ftljoypfezvlxcgouzbpmsmxzads/SourcePackages/checkouts/firebase-ios-sdk
    builtin-copy -exclude .DS_Store -exclude CVS -exclude .svn -exclude .git -exclude .hg -resolve-src-symlinks -rename /Users/Veer/Library/Developer/Xcode/DerivedData/HearifyV1-ftljoypfezvlxcgouzbpmsmxzads/Build/Intermediates.noindex/Firebase.build/Debug-iphoneos/FirebaseSharedSwift.build/Objects-normal/arm64/FirebaseSharedSwift.abi.json /Users/Veer/Library/Developer/Xcode/DerivedData/HearifyV1-ftljoypfezvlxcgouzbpmsmxzads/Build/Products/Debug-iphoneos/FirebaseSharedSwift.swiftmodule/arm64-apple-ios.abi.json

Copy /Users/Veer/Library/Developer/Xcode/DerivedData/HearifyV1-ftljoypfezvlxcgouzbpmsmxzads/Build/Products/Debug-iphoneos/FirebaseSharedSwift.swiftmodule/Project/arm64-apple-ios.swiftsourceinfo /Users/Veer/Library/Developer/Xcode/DerivedData/HearifyV1-ftljoypfezvlxcgouzbpmsmxzads/Build/Intermediates.noindex/Firebase.build/Debug-iphoneos/FirebaseSharedSwift.build/Objects-normal/arm64/FirebaseSharedSwift.swiftsourceinfo (in target 'FirebaseSharedSwift' from project 'Firebase')
    cd /Users/Veer/Library/Developer/Xcode/DerivedData/HearifyV1-ftljoypfezvlxcgouzbpmsmxzads/SourcePackages/checkouts/firebase-ios-sdk
    builtin-copy -exclude .DS_Store -exclude CVS -exclude .svn -exclude .git -exclude .hg -resolve-src-symlinks -rename /Users/Veer/Library/Developer/Xcode/DerivedData/HearifyV1-ftljoypfezvlxcgouzbpmsmxzads/Build/Intermediates.noindex/Firebase.build/Debug-iphoneos/FirebaseSharedSwift.build/Objects-normal/arm64/FirebaseSharedSwift.swiftsourceinfo /Users/Veer/Library/Developer/Xcode/DerivedData/HearifyV1-ftljoypfezvlxcgouzbpmsmxzads/Build/Products/Debug-iphoneos/FirebaseSharedSwift.swiftmodule/Project/arm64-apple-ios.swiftsourceinfo

ProcessXCFramework /Users/Veer/Library/Developer/Xcode/DerivedData/HearifyV1-ftljoypfezvlxcgouzbpmsmxzads/SourcePackages/artifacts/grpc-binary/grpc/grpc.xcframework /Users/Veer/Library/Developer/Xcode/DerivedData/HearifyV1-ftljoypfezvlxcgouzbpmsmxzads/Build/Products/Debug-iphoneos/grpc.framework ios
    cd /Users/Veer/Library/Mobile\ Documents/com\~apple\~CloudDocs/HearifyV1/HearifyV1.xcodeproj
    builtin-process-xcframework --xcframework /Users/Veer/Library/Developer/Xcode/DerivedData/HearifyV1-ftljoypfezvlxcgouzbpmsmxzads/SourcePackages/artifacts/grpc-binary/grpc/grpc.xcframework --platform ios --target-path /Users/Veer/Library/Developer/Xcode/DerivedData/HearifyV1-ftljoypfezvlxcgouzbpmsmxzads/Build/Products/Debug-iphoneos
/Users/Veer/Library/Developer/Xcode/DerivedData/HearifyV1-ftljoypfezvlxcgouzbpmsmxzads/SourcePackages/artifacts/grpc-binary/grpc/grpc.xcframework:1:1: note: The identity of “grpc.xcframework” is not recorded in your project.

ProcessXCFramework /Users/Veer/Library/Developer/Xcode/DerivedData/HearifyV1-ftljoypfezvlxcgouzbpmsmxzads/SourcePackages/artifacts/firebase-ios-sdk/FirebaseFirestoreInternal/FirebaseFirestoreInternal.xcframework /Users/Veer/Library/Developer/Xcode/DerivedData/HearifyV1-ftljoypfezvlxcgouzbpmsmxzads/Build/Products/Debug-iphoneos/FirebaseFirestoreInternal.framework ios
    cd /Users/Veer/Library/Mobile\ Documents/com\~apple\~CloudDocs/HearifyV1/HearifyV1.xcodeproj
    builtin-process-xcframework --xcframework /Users/Veer/Library/Developer/Xcode/DerivedData/HearifyV1-ftljoypfezvlxcgouzbpmsmxzads/SourcePackages/artifacts/firebase-ios-sdk/FirebaseFirestoreInternal/FirebaseFirestoreInternal.xcframework --platform ios --target-path /Users/Veer/Library/Developer/Xcode/DerivedData/HearifyV1-ftljoypfezvlxcgouzbpmsmxzads/Build/Products/Debug-iphoneos
/Users/Veer/Library/Developer/Xcode/DerivedData/HearifyV1-ftljoypfezvlxcgouzbpmsmxzads/SourcePackages/artifacts/firebase-ios-sdk/FirebaseFirestoreInternal/FirebaseFirestoreInternal.xcframework:1:1: note: The identity of “FirebaseFirestoreInternal.xcframework” is not recorded in your project.

ProcessXCFramework /Users/Veer/Library/Developer/Xcode/DerivedData/HearifyV1-ftljoypfezvlxcgouzbpmsmxzads/SourcePackages/artifacts/abseil-cpp-binary/absl/absl.xcframework /Users/Veer/Library/Developer/Xcode/DerivedData/HearifyV1-ftljoypfezvlxcgouzbpmsmxzads/Build/Products/Debug-iphoneos/absl.framework ios
    cd /Users/Veer/Library/Mobile\ Documents/com\~apple\~CloudDocs/HearifyV1/HearifyV1.xcodeproj
    builtin-process-xcframework --xcframework /Users/Veer/Library/Developer/Xcode/DerivedData/HearifyV1-ftljoypfezvlxcgouzbpmsmxzads/SourcePackages/artifacts/abseil-cpp-binary/absl/absl.xcframework --platform ios --target-path /Users/Veer/Library/Developer/Xcode/DerivedData/HearifyV1-ftljoypfezvlxcgouzbpmsmxzads/Build/Products/Debug-iphoneos
/Users/Veer/Library/Developer/Xcode/DerivedData/HearifyV1-ftljoypfezvlxcgouzbpmsmxzads/SourcePackages/artifacts/abseil-cpp-binary/absl/absl.xcframework:1:1: note: The identity of “absl.xcframework” is not recorded in your project.

PrecompileModule /Users/Veer/Library/Developer/Xcode/DerivedData/HearifyV1-ftljoypfezvlxcgouzbpmsmxzads/Build/Intermediates.noindex/ExplicitPrecompiledModules/Foundation-9JIL6804HT44CM9ECWH1KU9HX.scan
    cd /
    builtin-precompileModule /Users/Veer/Library/Developer/Xcode/DerivedData/HearifyV1-ftljoypfezvlxcgouzbpmsmxzads/Build/Intermediates.noindex/ExplicitPrecompiledModules/Foundation-9JIL6804HT44CM9ECWH1KU9HX.scan

CompileC /Users/Veer/Library/Developer/Xcode/DerivedData/HearifyV1-ftljoypfezvlxcgouzbpmsmxzads/Build/Intermediates.noindex/GoogleUtilities.build/Debug-iphoneos/GoogleUtilities-NSData.build/Objects-normal/arm64/resource_bundle_accessor.o /Users/Veer/Library/Developer/Xcode/DerivedData/HearifyV1-ftljoypfezvlxcgouzbpmsmxzads/Build/Intermediates.noindex/GoogleUtilities.build/Debug-iphoneos/GoogleUtilities-NSData.build/DerivedSources/resource_bundle_accessor.m normal arm64 objective-c com.apple.compilers.llvm.clang.1_0.compiler (in target 'GoogleUtilities-NSData' from project 'GoogleUtilities')
    cd /Users/Veer/Library/Mobile\ Documents/com\~apple\~CloudDocs/HearifyV1/HearifyV1.xcodeproj
    
    Using response file: /Users/Veer/Library/Developer/Xcode/DerivedData/HearifyV1-ftljoypfezvlxcgouzbpmsmxzads/Build/Intermediates.noindex/GoogleUtilities.build/Debug-iphoneos/GoogleUtilities-NSData.build/Objects-normal/arm64/e6072d4f65d7061329687fe24e3d63a7-common-args.resp
    
    /Applications/Xcode.app/Contents/Developer/Toolchains/XcodeDefault.xctoolchain/usr/bin/clang -x objective-c -ivfsstatcache /Users/Veer/Library/Developer/Xcode/DerivedData/SDKStatCaches.noindex/iphoneos26.2-23C53-3794476bd08197c3e2abd9bb477ef7f7.sdkstatcache -fmessage-length\=0 -fdiagnostics-show-note-include-stack -fmacro-backtrace-limit\=0 -fno-color-diagnostics -fmodules-prune-interval\=86400 -fmodules-prune-after\=345600 -fbuild-session-file\=/Users/Veer/Library/Developer/Xcode/DerivedData/ModuleCache.noindex/Session.modulevalidation -fmodules-validate-once-per-build-session -Wnon-modular-include-in-framework-module -Werror\=non-modular-include-in-framework-module -Wno-trigraphs -Wno-missing-field-initializers -Wno-missing-prototypes -Wno-return-type -Wno-implicit-atomic-properties -Wno-objc-interface-ivars -Wno-arc-repeated-use-of-weak -Wno-missing-braces -Wparentheses -Wswitch -Wno-unused-function -Wno-unused-label -Wno-unused-parameter -Wno-unused-variable -Wunused-value -Wno-empty-body -Wno-uninitialized -Wno-unknown-pragmas -w -Wno-shadow -Wno-four-char-constants -Wno-conversion -Wno-constant-conversion -Wno-int-conversion -Wno-bool-conversion -Wno-enum-conversion -Wno-float-conversion -Wno-non-literal-null-conversion -Wno-objc-literal-conversion -Wshorten-64-to-32 -Wpointer-sign -Wno-newline-eof -Wno-selector -Wno-strict-selector-match -Wno-undeclared-selector -Wno-deprecated-implementations -Wno-implicit-fallthrough -fstrict-aliasing -Wprotocol -Wdeprecated-declarations -Wno-sign-conversion -Wno-infinite-recursion -Wno-comma -Wno-block-capture-autoreleasing -Wno-strict-prototypes -Wno-semicolon-before-method-body -index-store-path /Users/Veer/Library/Developer/Xcode/DerivedData/HearifyV1-ftljoypfezvlxcgouzbpmsmxzads/Index.noindex/DataStore @/Users/Veer/Library/Developer/Xcode/DerivedData/HearifyV1-ftljoypfezvlxcgouzbpmsmxzads/Build/Intermediates.noindex/GoogleUtilities.build/Debug-iphoneos/GoogleUtilities-NSData.build/Objects-normal/arm64/e6072d4f65d7061329687fe24e3d63a7-common-args.resp -include /Users/Veer/Library/Developer/Xcode/DerivedData/HearifyV1-ftljoypfezvlxcgouzbpmsmxzads/Build/Intermediates.noindex/GoogleUtilities.build/Debug-iphoneos/GoogleUtilities-NSData.build/DerivedSources/resource_bundle_accessor.h -MMD -MT dependencies -MF /Users/Veer/Library/Developer/Xcode/DerivedData/HearifyV1-ftljoypfezvlxcgouzbpmsmxzads/Build/Intermediates.noindex/GoogleUtilities.build/Debug-iphoneos/GoogleUtilities-NSData.build/Objects-normal/arm64/resource_bundle_accessor.d --serialize-diagnostics /Users/Veer/Library/Developer/Xcode/DerivedData/HearifyV1-ftljoypfezvlxcgouzbpmsmxzads/Build/Intermediates.noindex/GoogleUtilities.build/Debug-iphoneos/GoogleUtilities-NSData.build/Objects-normal/arm64/resource_bundle_accessor.dia -c /Users/Veer/Library/Developer/Xcode/DerivedData/HearifyV1-ftljoypfezvlxcgouzbpmsmxzads/Build/Intermediates.noindex/GoogleUtilities.build/Debug-iphoneos/GoogleUtilities-NSData.build/DerivedSources/resource_bundle_accessor.m -o /Users/Veer/Library/Developer/Xcode/DerivedData/HearifyV1-ftljoypfezvlxcgouzbpmsmxzads/Build/Intermediates.noindex/GoogleUtilities.build/Debug-iphoneos/GoogleUtilities-NSData.build/Objects-normal/arm64/resource_bundle_accessor.o -index-unit-output-path /GoogleUtilities.build/Debug-iphoneos/GoogleUtilities-NSData.build/Objects-normal/arm64/resource_bundle_accessor.o

WriteAuxiliaryFile /Users/Veer/Library/Developer/Xcode/DerivedData/HearifyV1-ftljoypfezvlxcgouzbpmsmxzads/Build/Intermediates.noindex/Firebase.build/Debug-iphoneos/FirebaseFirestoreTarget.build/Objects-normal/arm64/e6072d4f65d7061329687fe24e3d63a7-common-args.resp (in target 'FirebaseFirestoreTarget' from project 'Firebase')
    cd /Users/Veer/Library/Developer/Xcode/DerivedData/HearifyV1-ftljoypfezvlxcgouzbpmsmxzads/SourcePackages/checkouts/firebase-ios-sdk
    write-file /Users/Veer/Library/Developer/Xcode/DerivedData/HearifyV1-ftljoypfezvlxcgouzbpmsmxzads/Build/Intermediates.noindex/Firebase.build/Debug-iphoneos/FirebaseFirestoreTarget.build/Objects-normal/arm64/e6072d4f65d7061329687fe24e3d63a7-common-args.resp
-target arm64-apple-ios15.0 -fobjc-arc -fmodules -gmodules '-fmodules-cache-path=/Users/Veer/Library/Developer/Xcode/DerivedData/ModuleCache.noindex' '-fmodule-name=FirebaseFirestoreTarget' -fpascal-strings -O0 -DSWIFT_PACKAGE '-DDEBUG=1' '-DFIREBASE_BINARY_FIRESTORE=1' '-DOBJC_OLD_DISPATCH_PROTOTYPES=1' -isysroot /Applications/Xcode.app/Contents/Developer/Platforms/iPhoneOS.platform/Developer/SDKs/iPhoneOS26.2.sdk -g -fprofile-instr-generate -fcoverage-mapping -I/Users/Veer/Library/Developer/Xcode/DerivedData/HearifyV1-ftljoypfezvlxcgouzbpmsmxzads/SourcePackages/checkouts/GoogleUtilities/GoogleUtilities/NSData+zlib/Public -I/Users/Veer/Library/Developer/Xcode/DerivedData/HearifyV1-ftljoypfezvlxcgouzbpmsmxzads/SourcePackages/checkouts/GoogleUtilities/GoogleUtilities/Environment/Public -I/Users/Veer/Library/Developer/Xcode/DerivedData/HearifyV1-ftljoypfezvlxcgouzbpmsmxzads/SourcePackages/checkouts/GoogleUtilities/third_party/IsAppEncrypted/Public -I/Users/Veer/Library/Developer/Xcode/DerivedData/HearifyV1-ftljoypfezvlxcgouzbpmsmxzads/SourcePackages/checkouts/GoogleUtilities/GoogleUtilities/Logger/Public -I/Users/Veer/Library/Developer/Xcode/DerivedData/HearifyV1-ftljoypfezvlxcgouzbpmsmxzads/SourcePackages/checkouts/abseil-cpp-binary/absl-Wrapper/include -I/Users/Veer/Library/Developer/Xcode/DerivedData/HearifyV1-ftljoypfezvlxcgouzbpmsmxzads/SourcePackages/checkouts/grpc-binary/openssl-grpc-Wrapper/include -I/Users/Veer/Library/Developer/Xcode/DerivedData/HearifyV1-ftljoypfezvlxcgouzbpmsmxzads/SourcePackages/checkouts/grpc-binary/grpc-Wrapper/include -I/Users/Veer/Library/Developer/Xcode/DerivedData/HearifyV1-ftljoypfezvlxcgouzbpmsmxzads/SourcePackages/checkouts/grpc-binary/grpcpp-Wrapper/include -I/Users/Veer/Library/Developer/Xcode/DerivedData/HearifyV1-ftljoypfezvlxcgouzbpmsmxzads/SourcePackages/checkouts/nanopb/spm_headers -I/Users/Veer/Library/Developer/Xcode/DerivedData/HearifyV1-ftljoypfezvlxcgouzbpmsmxzads/SourcePackages/checkouts/leveldb/include -I/Users/Veer/Library/Developer/Xcode/DerivedData/HearifyV1-ftljoypfezvlxcgouzbpmsmxzads/SourcePackages/checkouts/firebase-ios-sdk/FirebaseCore/Extension -I/Users/Veer/Library/Developer/Xcode/DerivedData/HearifyV1-ftljoypfezvlxcgouzbpmsmxzads/SourcePackages/checkouts/firebase-ios-sdk/FirebaseCore/Sources/Public -I/Users/Veer/Library/Developer/Xcode/DerivedData/HearifyV1-ftljoypfezvlxcgouzbpmsmxzads/SourcePackages/checkouts/firebase-ios-sdk/CoreOnly/Sources -I/Users/Veer/Library/Developer/Xcode/DerivedData/HearifyV1-ftljoypfezvlxcgouzbpmsmxzads/SourcePackages/checkouts/firebase-ios-sdk/FirebaseAppCheck/Interop/Public -I/Users/Veer/Library/Developer/Xcode/DerivedData/HearifyV1-ftljoypfezvlxcgouzbpmsmxzads/SourcePackages/checkouts/firebase-ios-sdk/FirebaseFirestoreInternal -I/Users/Veer/Library/Developer/Xcode/DerivedData/HearifyV1-ftljoypfezvlxcgouzbpmsmxzads/Build/Products/Debug-iphoneos/include -I/Users/Veer/Library/Developer/Xcode/DerivedData/HearifyV1-ftljoypfezvlxcgouzbpmsmxzads/SourcePackages/checkouts/firebase-ios-sdk/SwiftPM-PlatformExclude/FirebaseFirestoreWrap/include -I/Users/Veer/Library/Developer/Xcode/DerivedData/HearifyV1-ftljoypfezvlxcgouzbpmsmxzads/Build/Intermediates.noindex/Firebase.build/Debug-iphoneos/FirebaseFirestoreTarget.build/DerivedSources-normal/arm64 -I/Users/Veer/Library/Developer/Xcode/DerivedData/HearifyV1-ftljoypfezvlxcgouzbpmsmxzads/Build/Intermediates.noindex/Firebase.build/Debug-iphoneos/FirebaseFirestoreTarget.build/DerivedSources/arm64 -I/Users/Veer/Library/Developer/Xcode/DerivedData/HearifyV1-ftljoypfezvlxcgouzbpmsmxzads/Build/Intermediates.noindex/Firebase.build/Debug-iphoneos/FirebaseFirestoreTarget.build/DerivedSources -F/Users/Veer/Library/Developer/Xcode/DerivedData/HearifyV1-ftljoypfezvlxcgouzbpmsmxzads/Build/Products/Debug-iphoneos/PackageFrameworks -F/Users/Veer/Library/Developer/Xcode/DerivedData/HearifyV1-ftljoypfezvlxcgouzbpmsmxzads/Build/Products/Debug-iphoneos/PackageFrameworks -F/Users/Veer/Library/Developer/Xcode/DerivedData/HearifyV1-ftljoypfezvlxcgouzbpmsmxzads/Build/Products/Debug-iphoneos/PackageFrameworks -F/Users/Veer/Library/Developer/Xcode/DerivedData/HearifyV1-ftljoypfezvlxcgouzbpmsmxzads/Build/Products/Debug-iphoneos/PackageFrameworks -F/Users/Veer/Library/Developer/Xcode/DerivedData/HearifyV1-ftljoypfezvlxcgouzbpmsmxzads/Build/Products/Debug-iphoneos/PackageFrameworks -F/Users/Veer/Library/Developer/Xcode/DerivedData/HearifyV1-ftljoypfezvlxcgouzbpmsmxzads/Build/Products/Debug-iphoneos/PackageFrameworks -F/Users/Veer/Library/Developer/Xcode/DerivedData/HearifyV1-ftljoypfezvlxcgouzbpmsmxzads/Build/Products/Debug-iphoneos/PackageFrameworks -F/Users/Veer/Library/Developer/Xcode/DerivedData/HearifyV1-ftljoypfezvlxcgouzbpmsmxzads/Build/Products/Debug-iphoneos/PackageFrameworks -F/Users/Veer/Library/Developer/Xcode/DerivedData/HearifyV1-ftljoypfezvlxcgouzbpmsmxzads/Build/Products/Debug-iphoneos/PackageFrameworks -F/Users/Veer/Library/Developer/Xcode/DerivedData/HearifyV1-ftljoypfezvlxcgouzbpmsmxzads/Build/Products/Debug-iphoneos/PackageFrameworks -F/Users/Veer/Library/Developer/Xcode/DerivedData/HearifyV1-ftljoypfezvlxcgouzbpmsmxzads/Build/Products/Debug-iphoneos/PackageFrameworks -F/Users/Veer/Library/Developer/Xcode/DerivedData/HearifyV1-ftljoypfezvlxcgouzbpmsmxzads/Build/Products/Debug-iphoneos/PackageFrameworks -F/Users/Veer/Library/Developer/Xcode/DerivedData/HearifyV1-ftljoypfezvlxcgouzbpmsmxzads/Build/Products/Debug-iphoneos/PackageFrameworks -F/Users/Veer/Library/Developer/Xcode/DerivedData/HearifyV1-ftljoypfezvlxcgouzbpmsmxzads/Build/Products/Debug-iphoneos/PackageFrameworks -F/Users/Veer/Library/Developer/Xcode/DerivedData/HearifyV1-ftljoypfezvlxcgouzbpmsmxzads/Build/Products/Debug-iphoneos/PackageFrameworks -F/Users/Veer/Library/Developer/Xcode/DerivedData/HearifyV1-ftljoypfezvlxcgouzbpmsmxzads/Build/Products/Debug-iphoneos/PackageFrameworks -F/Users/Veer/Library/Developer/Xcode/DerivedData/HearifyV1-ftljoypfezvlxcgouzbpmsmxzads/Build/Products/Debug-iphoneos/PackageFrameworks -F/Users/Veer/Library/Developer/Xcode/DerivedData/HearifyV1-ftljoypfezvlxcgouzbpmsmxzads/Build/Products/Debug-iphoneos/PackageFrameworks -F/Users/Veer/Library/Developer/Xcode/DerivedData/HearifyV1-ftljoypfezvlxcgouzbpmsmxzads/Build/Products/Debug-iphoneos -iframework /Applications/Xcode.app/Contents/Developer/Platforms/iPhoneOS.platform/Developer/Library/Frameworks -iframework /Applications/Xcode.app/Contents/Developer/Platforms/iPhoneOS.platform/Developer/SDKs/iPhoneOS26.2.sdk/Developer/Library/Frameworks '-fmodule-map-file=/Users/Veer/Library/Developer/Xcode/DerivedData/HearifyV1-ftljoypfezvlxcgouzbpmsmxzads/Build/Intermediates.noindex/GeneratedModuleMaps-iphoneos/GoogleUtilities-NSData.modulemap' '-fmodule-map-file=/Users/Veer/Library/Developer/Xcode/DerivedData/HearifyV1-ftljoypfezvlxcgouzbpmsmxzads/Build/Intermediates.noindex/GeneratedModuleMaps-iphoneos/GoogleUtilities-Environment.modulemap' '-fmodule-map-file=/Users/Veer/Library/Developer/Xcode/DerivedData/HearifyV1-ftljoypfezvlxcgouzbpmsmxzads/Build/Intermediates.noindex/GeneratedModuleMaps-iphoneos/third-party-IsAppEncrypted.modulemap' '-fmodule-map-file=/Users/Veer/Library/Developer/Xcode/DerivedData/HearifyV1-ftljoypfezvlxcgouzbpmsmxzads/Build/Intermediates.noindex/GeneratedModuleMaps-iphoneos/GoogleUtilities-Logger.modulemap' '-fmodule-map-file=/Users/Veer/Library/Developer/Xcode/DerivedData/HearifyV1-ftljoypfezvlxcgouzbpmsmxzads/Build/Intermediates.noindex/GeneratedModuleMaps-iphoneos/abslWrapper.modulemap' '-fmodule-map-file=/Users/Veer/Library/Developer/Xcode/DerivedData/HearifyV1-ftljoypfezvlxcgouzbpmsmxzads/Build/Intermediates.noindex/GeneratedModuleMaps-iphoneos/opensslWrapper.modulemap' '-fmodule-map-file=/Users/Veer/Library/Developer/Xcode/DerivedData/HearifyV1-ftljoypfezvlxcgouzbpmsmxzads/Build/Intermediates.noindex/GeneratedModuleMaps-iphoneos/grpcWrapper.modulemap' '-fmodule-map-file=/Users/Veer/Library/Developer/Xcode/DerivedData/HearifyV1-ftljoypfezvlxcgouzbpmsmxzads/Build/Intermediates.noindex/GeneratedModuleMaps-iphoneos/grpcppWrapper.modulemap' '-fmodule-map-file=/Users/Veer/Library/Developer/Xcode/DerivedData/HearifyV1-ftljoypfezvlxcgouzbpmsmxzads/Build/Intermediates.noindex/GeneratedModuleMaps-iphoneos/nanopb.modulemap' '-fmodule-map-file=/Users/Veer/Library/Developer/Xcode/DerivedData/HearifyV1-ftljoypfezvlxcgouzbpmsmxzads/Build/Intermediates.noindex/GeneratedModuleMaps-iphoneos/leveldb.modulemap' '-fmodule-map-file=/Users/Veer/Library/Developer/Xcode/DerivedData/HearifyV1-ftljoypfezvlxcgouzbpmsmxzads/Build/Intermediates.noindex/GeneratedModuleMaps-iphoneos/FirebaseFirestore.modulemap' '-fmodule-map-file=/Users/Veer/Library/Developer/Xcode/DerivedData/HearifyV1-ftljoypfezvlxcgouzbpmsmxzads/Build/Intermediates.noindex/GeneratedModuleMaps-iphoneos/FirebaseSharedSwift.modulemap' '-fmodule-map-file=/Users/Veer/Library/Developer/Xcode/DerivedData/HearifyV1-ftljoypfezvlxcgouzbpmsmxzads/Build/Intermediates.noindex/GeneratedModuleMaps-iphoneos/FirebaseCoreExtension.modulemap' '-fmodule-map-file=/Users/Veer/Library/Developer/Xcode/DerivedData/HearifyV1-ftljoypfezvlxcgouzbpmsmxzads/Build/Intermediates.noindex/GeneratedModuleMaps-iphoneos/FirebaseCore.modulemap' '-fmodule-map-file=/Users/Veer/Library/Developer/Xcode/DerivedData/HearifyV1-ftljoypfezvlxcgouzbpmsmxzads/Build/Intermediates.noindex/GeneratedModuleMaps-iphoneos/FirebaseCoreInternal.modulemap' '-fmodule-map-file=/Users/Veer/Library/Developer/Xcode/DerivedData/HearifyV1-ftljoypfezvlxcgouzbpmsmxzads/Build/Intermediates.noindex/GeneratedModuleMaps-iphoneos/FirebaseAppCheckInterop.modulemap' '-fmodule-map-file=/Users/Veer/Library/Developer/Xcode/DerivedData/HearifyV1-ftljoypfezvlxcgouzbpmsmxzads/Build/Intermediates.noindex/GeneratedModuleMaps-iphoneos/FirebaseFirestoreInternalWrapper.modulemap' -DXcode

WriteAuxiliaryFile /Users/Veer/Library/Developer/Xcode/DerivedData/HearifyV1-ftljoypfezvlxcgouzbpmsmxzads/Build/Intermediates.noindex/Firebase.build/Debug-iphoneos/FirebaseFirestoreTarget.build/Objects-normal/arm64/FirebaseFirestoreTarget.LinkFileList (in target 'FirebaseFirestoreTarget' from project 'Firebase')
    cd /Users/Veer/Library/Developer/Xcode/DerivedData/HearifyV1-ftljoypfezvlxcgouzbpmsmxzads/SourcePackages/checkouts/firebase-ios-sdk
    write-file /Users/Veer/Library/Developer/Xcode/DerivedData/HearifyV1-ftljoypfezvlxcgouzbpmsmxzads/Build/Intermediates.noindex/Firebase.build/Debug-iphoneos/FirebaseFirestoreTarget.build/Objects-normal/arm64/FirebaseFirestoreTarget.LinkFileList

WriteAuxiliaryFile /Users/Veer/Library/Developer/Xcode/DerivedData/HearifyV1-ftljoypfezvlxcgouzbpmsmxzads/Build/Intermediates.noindex/Firebase.build/Debug-iphoneos/FirebaseFirestoreTarget.build/FirebaseFirestoreTarget.modulemap (in target 'FirebaseFirestoreTarget' from project 'Firebase')
    cd /Users/Veer/Library/Developer/Xcode/DerivedData/HearifyV1-ftljoypfezvlxcgouzbpmsmxzads/SourcePackages/checkouts/firebase-ios-sdk
    write-file /Users/Veer/Library/Developer/Xcode/DerivedData/HearifyV1-ftljoypfezvlxcgouzbpmsmxzads/Build/Intermediates.noindex/Firebase.build/Debug-iphoneos/FirebaseFirestoreTarget.build/FirebaseFirestoreTarget.modulemap

WriteAuxiliaryFile /Users/Veer/Library/Developer/Xcode/DerivedData/HearifyV1-ftljoypfezvlxcgouzbpmsmxzads/Build/Intermediates.noindex/Firebase.build/Debug-iphoneos/FirebaseFirestoreTarget.build/FirebaseFirestoreTarget.DependencyStaticMetadataFileList (in target 'FirebaseFirestoreTarget' from project 'Firebase')
    cd /Users/Veer/Library/Developer/Xcode/DerivedData/HearifyV1-ftljoypfezvlxcgouzbpmsmxzads/SourcePackages/checkouts/firebase-ios-sdk
    write-file /Users/Veer/Library/Developer/Xcode/DerivedData/HearifyV1-ftljoypfezvlxcgouzbpmsmxzads/Build/Intermediates.noindex/Firebase.build/Debug-iphoneos/FirebaseFirestoreTarget.build/FirebaseFirestoreTarget.DependencyStaticMetadataFileList

WriteAuxiliaryFile /Users/Veer/Library/Developer/Xcode/DerivedData/HearifyV1-ftljoypfezvlxcgouzbpmsmxzads/Build/Intermediates.noindex/Firebase.build/Debug-iphoneos/FirebaseFirestoreTarget.build/FirebaseFirestoreTarget.DependencyMetadataFileList (in target 'FirebaseFirestoreTarget' from project 'Firebase')
    cd /Users/Veer/Library/Developer/Xcode/DerivedData/HearifyV1-ftljoypfezvlxcgouzbpmsmxzads/SourcePackages/checkouts/firebase-ios-sdk
    write-file /Users/Veer/Library/Developer/Xcode/DerivedData/HearifyV1-ftljoypfezvlxcgouzbpmsmxzads/Build/Intermediates.noindex/Firebase.build/Debug-iphoneos/FirebaseFirestoreTarget.build/FirebaseFirestoreTarget.DependencyMetadataFileList

Copy /Users/Veer/Library/Developer/Xcode/DerivedData/HearifyV1-ftljoypfezvlxcgouzbpmsmxzads/Build/Intermediates.noindex/GeneratedModuleMaps-iphoneos/FirebaseFirestoreTarget.modulemap /Users/Veer/Library/Developer/Xcode/DerivedData/HearifyV1-ftljoypfezvlxcgouzbpmsmxzads/Build/Intermediates.noindex/Firebase.build/Debug-iphoneos/FirebaseFirestoreTarget.build/FirebaseFirestoreTarget.modulemap (in target 'FirebaseFirestoreTarget' from project 'Firebase')
    cd /Users/Veer/Library/Developer/Xcode/DerivedData/HearifyV1-ftljoypfezvlxcgouzbpmsmxzads/SourcePackages/checkouts/firebase-ios-sdk
    builtin-copy -exclude .DS_Store -exclude CVS -exclude .svn -exclude .git -exclude .hg -resolve-src-symlinks /Users/Veer/Library/Developer/Xcode/DerivedData/HearifyV1-ftljoypfezvlxcgouzbpmsmxzads/Build/Intermediates.noindex/Firebase.build/Debug-iphoneos/FirebaseFirestoreTarget.build/FirebaseFirestoreTarget.modulemap /Users/Veer/Library/Developer/Xcode/DerivedData/HearifyV1-ftljoypfezvlxcgouzbpmsmxzads/Build/Intermediates.noindex/GeneratedModuleMaps-iphoneos

WriteAuxiliaryFile /Users/Veer/Library/Developer/Xcode/DerivedData/HearifyV1-ftljoypfezvlxcgouzbpmsmxzads/Build/Intermediates.noindex/Firebase.build/Debug-iphoneos/FirebaseFirestoreInternalWrapper.build/Objects-normal/arm64/e6072d4f65d7061329687fe24e3d63a7-common-args.resp (in target 'FirebaseFirestoreInternalWrapper' from project 'Firebase')
    cd /Users/Veer/Library/Developer/Xcode/DerivedData/HearifyV1-ftljoypfezvlxcgouzbpmsmxzads/SourcePackages/checkouts/firebase-ios-sdk
    write-file /Users/Veer/Library/Developer/Xcode/DerivedData/HearifyV1-ftljoypfezvlxcgouzbpmsmxzads/Build/Intermediates.noindex/Firebase.build/Debug-iphoneos/FirebaseFirestoreInternalWrapper.build/Objects-normal/arm64/e6072d4f65d7061329687fe24e3d63a7-common-args.resp
-target arm64-apple-ios15.0 -fobjc-arc -fmodules -gmodules '-fmodules-cache-path=/Users/Veer/Library/Developer/Xcode/DerivedData/ModuleCache.noindex' '-fmodule-name=FirebaseFirestoreInternalWrapper' -fpascal-strings -O0 -DSWIFT_PACKAGE '-DDEBUG=1' '-DOBJC_OLD_DISPATCH_PROTOTYPES=1' -isysroot /Applications/Xcode.app/Contents/Developer/Platforms/iPhoneOS.platform/Developer/SDKs/iPhoneOS26.2.sdk -g -fprofile-instr-generate -fcoverage-mapping -I/Users/Veer/Library/Developer/Xcode/DerivedData/HearifyV1-ftljoypfezvlxcgouzbpmsmxzads/Build/Products/Debug-iphoneos/include -I/Users/Veer/Library/Developer/Xcode/DerivedData/HearifyV1-ftljoypfezvlxcgouzbpmsmxzads/SourcePackages/checkouts/firebase-ios-sdk/FirebaseFirestoreInternal -I/Users/Veer/Library/Developer/Xcode/DerivedData/HearifyV1-ftljoypfezvlxcgouzbpmsmxzads/Build/Intermediates.noindex/Firebase.build/Debug-iphoneos/FirebaseFirestoreInternalWrapper.build/DerivedSources-normal/arm64 -I/Users/Veer/Library/Developer/Xcode/DerivedData/HearifyV1-ftljoypfezvlxcgouzbpmsmxzads/Build/Intermediates.noindex/Firebase.build/Debug-iphoneos/FirebaseFirestoreInternalWrapper.build/DerivedSources/arm64 -I/Users/Veer/Library/Developer/Xcode/DerivedData/HearifyV1-ftljoypfezvlxcgouzbpmsmxzads/Build/Intermediates.noindex/Firebase.build/Debug-iphoneos/FirebaseFirestoreInternalWrapper.build/DerivedSources -F/Users/Veer/Library/Developer/Xcode/DerivedData/HearifyV1-ftljoypfezvlxcgouzbpmsmxzads/Build/Products/Debug-iphoneos -iframework /Applications/Xcode.app/Contents/Developer/Platforms/iPhoneOS.platform/Developer/Library/Frameworks -iframework /Applications/Xcode.app/Contents/Developer/Platforms/iPhoneOS.platform/Developer/SDKs/iPhoneOS26.2.sdk/Developer/Library/Frameworks -DXcode

WriteAuxiliaryFile /Users/Veer/Library/Developer/Xcode/DerivedData/HearifyV1-ftljoypfezvlxcgouzbpmsmxzads/Build/Intermediates.noindex/Firebase.build/Debug-iphoneos/FirebaseFirestoreInternalWrapper.build/Objects-normal/arm64/FirebaseFirestoreInternalWrapper.LinkFileList (in target 'FirebaseFirestoreInternalWrapper' from project 'Firebase')
    cd /Users/Veer/Library/Developer/Xcode/DerivedData/HearifyV1-ftljoypfezvlxcgouzbpmsmxzads/SourcePackages/checkouts/firebase-ios-sdk
    write-file /Users/Veer/Library/Developer/Xcode/DerivedData/HearifyV1-ftljoypfezvlxcgouzbpmsmxzads/Build/Intermediates.noindex/Firebase.build/Debug-iphoneos/FirebaseFirestoreInternalWrapper.build/Objects-normal/arm64/FirebaseFirestoreInternalWrapper.LinkFileList

WriteAuxiliaryFile /Users/Veer/Library/Developer/Xcode/DerivedData/HearifyV1-ftljoypfezvlxcgouzbpmsmxzads/Build/Intermediates.noindex/Firebase.build/Debug-iphoneos/FirebaseFirestoreInternalWrapper.build/FirebaseFirestoreInternalWrapper.modulemap (in target 'FirebaseFirestoreInternalWrapper' from project 'Firebase')
    cd /Users/Veer/Library/Developer/Xcode/DerivedData/HearifyV1-ftljoypfezvlxcgouzbpmsmxzads/SourcePackages/checkouts/firebase-ios-sdk
    write-file /Users/Veer/Library/Developer/Xcode/DerivedData/HearifyV1-ftljoypfezvlxcgouzbpmsmxzads/Build/Intermediates.noindex/Firebase.build/Debug-iphoneos/FirebaseFirestoreInternalWrapper.build/FirebaseFirestoreInternalWrapper.modulemap

WriteAuxiliaryFile /Users/Veer/Library/Developer/Xcode/DerivedData/HearifyV1-ftljoypfezvlxcgouzbpmsmxzads/Build/Intermediates.noindex/Firebase.build/Debug-iphoneos/FirebaseFirestoreInternalWrapper.build/FirebaseFirestoreInternalWrapper.DependencyStaticMetadataFileList (in target 'FirebaseFirestoreInternalWrapper' from project 'Firebase')
    cd /Users/Veer/Library/Developer/Xcode/DerivedData/HearifyV1-ftljoypfezvlxcgouzbpmsmxzads/SourcePackages/checkouts/firebase-ios-sdk
    write-file /Users/Veer/Library/Developer/Xcode/DerivedData/HearifyV1-ftljoypfezvlxcgouzbpmsmxzads/Build/Intermediates.noindex/Firebase.build/Debug-iphoneos/FirebaseFirestoreInternalWrapper.build/FirebaseFirestoreInternalWrapper.DependencyStaticMetadataFileList

WriteAuxiliaryFile /Users/Veer/Library/Developer/Xcode/DerivedData/HearifyV1-ftljoypfezvlxcgouzbpmsmxzads/Build/Intermediates.noindex/Firebase.build/Debug-iphoneos/FirebaseFirestoreInternalWrapper.build/FirebaseFirestoreInternalWrapper.DependencyMetadataFileList (in target 'FirebaseFirestoreInternalWrapper' from project 'Firebase')
    cd /Users/Veer/Library/Developer/Xcode/DerivedData/HearifyV1-ftljoypfezvlxcgouzbpmsmxzads/SourcePackages/checkouts/firebase-ios-sdk
    write-file /Users/Veer/Library/Developer/Xcode/DerivedData/HearifyV1-ftljoypfezvlxcgouzbpmsmxzads/Build/Intermediates.noindex/Firebase.build/Debug-iphoneos/FirebaseFirestoreInternalWrapper.build/FirebaseFirestoreInternalWrapper.DependencyMetadataFileList

Copy /Users/Veer/Library/Developer/Xcode/DerivedData/HearifyV1-ftljoypfezvlxcgouzbpmsmxzads/Build/Intermediates.noindex/GeneratedModuleMaps-iphoneos/FirebaseFirestoreInternalWrapper.modulemap /Users/Veer/Library/Developer/Xcode/DerivedData/HearifyV1-ftljoypfezvlxcgouzbpmsmxzads/Build/Intermediates.noindex/Firebase.build/Debug-iphoneos/FirebaseFirestoreInternalWrapper.build/FirebaseFirestoreInternalWrapper.modulemap (in target 'FirebaseFirestoreInternalWrapper' from project 'Firebase')
    cd /Users/Veer/Library/Developer/Xcode/DerivedData/HearifyV1-ftljoypfezvlxcgouzbpmsmxzads/SourcePackages/checkouts/firebase-ios-sdk
    builtin-copy -exclude .DS_Store -exclude CVS -exclude .svn -exclude .git -exclude .hg -resolve-src-symlinks /Users/Veer/Library/Developer/Xcode/DerivedData/HearifyV1-ftljoypfezvlxcgouzbpmsmxzads/Build/Intermediates.noindex/Firebase.build/Debug-iphoneos/FirebaseFirestoreInternalWrapper.build/FirebaseFirestoreInternalWrapper.modulemap /Users/Veer/Library/Developer/Xcode/DerivedData/HearifyV1-ftljoypfezvlxcgouzbpmsmxzads/Build/Intermediates.noindex/GeneratedModuleMaps-iphoneos

CompileC /Users/Veer/Library/Developer/Xcode/DerivedData/HearifyV1-ftljoypfezvlxcgouzbpmsmxzads/Build/Intermediates.noindex/GoogleUtilities.build/Debug-iphoneos/GoogleUtilities-NSData.build/Objects-normal/arm64/GULNSData+zlib.o /Users/Veer/Library/Developer/Xcode/DerivedData/HearifyV1-ftljoypfezvlxcgouzbpmsmxzads/SourcePackages/checkouts/GoogleUtilities/GoogleUtilities/NSData+zlib/GULNSData+zlib.m normal arm64 objective-c com.apple.compilers.llvm.clang.1_0.compiler (in target 'GoogleUtilities-NSData' from project 'GoogleUtilities')
    cd /Users/Veer/Library/Mobile\ Documents/com\~apple\~CloudDocs/HearifyV1/HearifyV1.xcodeproj
    
    Using response file: /Users/Veer/Library/Developer/Xcode/DerivedData/HearifyV1-ftljoypfezvlxcgouzbpmsmxzads/Build/Intermediates.noindex/GoogleUtilities.build/Debug-iphoneos/GoogleUtilities-NSData.build/Objects-normal/arm64/e6072d4f65d7061329687fe24e3d63a7-common-args.resp
    
    /Applications/Xcode.app/Contents/Developer/Toolchains/XcodeDefault.xctoolchain/usr/bin/clang -x objective-c -ivfsstatcache /Users/Veer/Library/Developer/Xcode/DerivedData/SDKStatCaches.noindex/iphoneos26.2-23C53-3794476bd08197c3e2abd9bb477ef7f7.sdkstatcache -fmessage-length\=0 -fdiagnostics-show-note-include-stack -fmacro-backtrace-limit\=0 -fno-color-diagnostics -fmodules-prune-interval\=86400 -fmodules-prune-after\=345600 -fbuild-session-file\=/Users/Veer/Library/Developer/Xcode/DerivedData/ModuleCache.noindex/Session.modulevalidation -fmodules-validate-once-per-build-session -Wnon-modular-include-in-framework-module -Werror\=non-modular-include-in-framework-module -Wno-trigraphs -Wno-missing-field-initializers -Wno-missing-prototypes -Wno-return-type -Wno-implicit-atomic-properties -Wno-objc-interface-ivars -Wno-arc-repeated-use-of-weak -Wno-missing-braces -Wparentheses -Wswitch -Wno-unused-function -Wno-unused-label -Wno-unused-parameter -Wno-unused-variable -Wunused-value -Wno-empty-body -Wno-uninitialized -Wno-unknown-pragmas -w -Wno-shadow -Wno-four-char-constants -Wno-conversion -Wno-constant-conversion -Wno-int-conversion -Wno-bool-conversion -Wno-enum-conversion -Wno-float-conversion -Wno-non-literal-null-conversion -Wno-objc-literal-conversion -Wshorten-64-to-32 -Wpointer-sign -Wno-newline-eof -Wno-selector -Wno-strict-selector-match -Wno-undeclared-selector -Wno-deprecated-implementations -Wno-implicit-fallthrough -fstrict-aliasing -Wprotocol -Wdeprecated-declarations -Wno-sign-conversion -Wno-infinite-recursion -Wno-comma -Wno-block-capture-autoreleasing -Wno-strict-prototypes -Wno-semicolon-before-method-body -index-store-path /Users/Veer/Library/Developer/Xcode/DerivedData/HearifyV1-ftljoypfezvlxcgouzbpmsmxzads/Index.noindex/DataStore @/Users/Veer/Library/Developer/Xcode/DerivedData/HearifyV1-ftljoypfezvlxcgouzbpmsmxzads/Build/Intermediates.noindex/GoogleUtilities.build/Debug-iphoneos/GoogleUtilities-NSData.build/Objects-normal/arm64/e6072d4f65d7061329687fe24e3d63a7-common-args.resp -include /Users/Veer/Library/Developer/Xcode/DerivedData/HearifyV1-ftljoypfezvlxcgouzbpmsmxzads/Build/Intermediates.noindex/GoogleUtilities.build/Debug-iphoneos/GoogleUtilities-NSData.build/DerivedSources/resource_bundle_accessor.h -MMD -MT dependencies -MF /Users/Veer/Library/Developer/Xcode/DerivedData/HearifyV1-ftljoypfezvlxcgouzbpmsmxzads/Build/Intermediates.noindex/GoogleUtilities.build/Debug-iphoneos/GoogleUtilities-NSData.build/Objects-normal/arm64/GULNSData+zlib.d --serialize-diagnostics /Users/Veer/Library/Developer/Xcode/DerivedData/HearifyV1-ftljoypfezvlxcgouzbpmsmxzads/Build/Intermediates.noindex/GoogleUtilities.build/Debug-iphoneos/GoogleUtilities-NSData.build/Objects-normal/arm64/GULNSData+zlib.dia -c /Users/Veer/Library/Developer/Xcode/DerivedData/HearifyV1-ftljoypfezvlxcgouzbpmsmxzads/SourcePackages/checkouts/GoogleUtilities/GoogleUtilities/NSData+zlib/GULNSData+zlib.m -o /Users/Veer/Library/Developer/Xcode/DerivedData/HearifyV1-ftljoypfezvlxcgouzbpmsmxzads/Build/Intermediates.noindex/GoogleUtilities.build/Debug-iphoneos/GoogleUtilities-NSData.build/Objects-normal/arm64/GULNSData+zlib.o -index-unit-output-path /GoogleUtilities.build/Debug-iphoneos/GoogleUtilities-NSData.build/Objects-normal/arm64/GULNSData+zlib.o

CompileC /Users/Veer/Library/Developer/Xcode/DerivedData/HearifyV1-ftljoypfezvlxcgouzbpmsmxzads/Build/Intermediates.noindex/GoogleUtilities.build/Debug-iphoneos/GoogleUtilities-Logger.build/Objects-normal/arm64/resource_bundle_accessor.o /Users/Veer/Library/Developer/Xcode/DerivedData/HearifyV1-ftljoypfezvlxcgouzbpmsmxzads/Build/Intermediates.noindex/GoogleUtilities.build/Debug-iphoneos/GoogleUtilities-Logger.build/DerivedSources/resource_bundle_accessor.m normal arm64 objective-c com.apple.compilers.llvm.clang.1_0.compiler (in target 'GoogleUtilities-Logger' from project 'GoogleUtilities')
    cd /Users/Veer/Library/Mobile\ Documents/com\~apple\~CloudDocs/HearifyV1/HearifyV1.xcodeproj
    
    Using response file: /Users/Veer/Library/Developer/Xcode/DerivedData/HearifyV1-ftljoypfezvlxcgouzbpmsmxzads/Build/Intermediates.noindex/GoogleUtilities.build/Debug-iphoneos/GoogleUtilities-Logger.build/Objects-normal/arm64/e6072d4f65d7061329687fe24e3d63a7-common-args.resp
    
    /Applications/Xcode.app/Contents/Developer/Toolchains/XcodeDefault.xctoolchain/usr/bin/clang -x objective-c -ivfsstatcache /Users/Veer/Library/Developer/Xcode/DerivedData/SDKStatCaches.noindex/iphoneos26.2-23C53-3794476bd08197c3e2abd9bb477ef7f7.sdkstatcache -fmessage-length\=0 -fdiagnostics-show-note-include-stack -fmacro-backtrace-limit\=0 -fno-color-diagnostics -fmodules-prune-interval\=86400 -fmodules-prune-after\=345600 -fbuild-session-file\=/Users/Veer/Library/Developer/Xcode/DerivedData/ModuleCache.noindex/Session.modulevalidation -fmodules-validate-once-per-build-session -Wnon-modular-include-in-framework-module -Werror\=non-modular-include-in-framework-module -Wno-trigraphs -Wno-missing-field-initializers -Wno-missing-prototypes -Wno-return-type -Wno-implicit-atomic-properties -Wno-objc-interface-ivars -Wno-arc-repeated-use-of-weak -Wno-missing-braces -Wparentheses -Wswitch -Wno-unused-function -Wno-unused-label -Wno-unused-parameter -Wno-unused-variable -Wunused-value -Wno-empty-body -Wno-uninitialized -Wno-unknown-pragmas -w -Wno-shadow -Wno-four-char-constants -Wno-conversion -Wno-constant-conversion -Wno-int-conversion -Wno-bool-conversion -Wno-enum-conversion -Wno-float-conversion -Wno-non-literal-null-conversion -Wno-objc-literal-conversion -Wshorten-64-to-32 -Wpointer-sign -Wno-newline-eof -Wno-selector -Wno-strict-selector-match -Wno-undeclared-selector -Wno-deprecated-implementations -Wno-implicit-fallthrough -fstrict-aliasing -Wprotocol -Wdeprecated-declarations -Wno-sign-conversion -Wno-infinite-recursion -Wno-comma -Wno-block-capture-autoreleasing -Wno-strict-prototypes -Wno-semicolon-before-method-body -index-store-path /Users/Veer/Library/Developer/Xcode/DerivedData/HearifyV1-ftljoypfezvlxcgouzbpmsmxzads/Index.noindex/DataStore @/Users/Veer/Library/Developer/Xcode/DerivedData/HearifyV1-ftljoypfezvlxcgouzbpmsmxzads/Build/Intermediates.noindex/GoogleUtilities.build/Debug-iphoneos/GoogleUtilities-Logger.build/Objects-normal/arm64/e6072d4f65d7061329687fe24e3d63a7-common-args.resp -include /Users/Veer/Library/Developer/Xcode/DerivedData/HearifyV1-ftljoypfezvlxcgouzbpmsmxzads/Build/Intermediates.noindex/GoogleUtilities.build/Debug-iphoneos/GoogleUtilities-Logger.build/DerivedSources/resource_bundle_accessor.h -MMD -MT dependencies -MF /Users/Veer/Library/Developer/Xcode/DerivedData/HearifyV1-ftljoypfezvlxcgouzbpmsmxzads/Build/Intermediates.noindex/GoogleUtilities.build/Debug-iphoneos/GoogleUtilities-Logger.build/Objects-normal/arm64/resource_bundle_accessor.d --serialize-diagnostics /Users/Veer/Library/Developer/Xcode/DerivedData/HearifyV1-ftljoypfezvlxcgouzbpmsmxzads/Build/Intermediates.noindex/GoogleUtilities.build/Debug-iphoneos/GoogleUtilities-Logger.build/Objects-normal/arm64/resource_bundle_accessor.dia -c /Users/Veer/Library/Developer/Xcode/DerivedData/HearifyV1-ftljoypfezvlxcgouzbpmsmxzads/Build/Intermediates.noindex/GoogleUtilities.build/Debug-iphoneos/GoogleUtilities-Logger.build/DerivedSources/resource_bundle_accessor.m -o /Users/Veer/Library/Developer/Xcode/DerivedData/HearifyV1-ftljoypfezvlxcgouzbpmsmxzads/Build/Intermediates.noindex/GoogleUtilities.build/Debug-iphoneos/GoogleUtilities-Logger.build/Objects-normal/arm64/resource_bundle_accessor.o -index-unit-output-path /GoogleUtilities.build/Debug-iphoneos/GoogleUtilities-Logger.build/Objects-normal/arm64/resource_bundle_accessor.o

CompileC /Users/Veer/Library/Developer/Xcode/DerivedData/HearifyV1-ftljoypfezvlxcgouzbpmsmxzads/Build/Intermediates.noindex/GoogleUtilities.build/Debug-iphoneos/GoogleUtilities-Environment.build/Objects-normal/arm64/resource_bundle_accessor.o /Users/Veer/Library/Developer/Xcode/DerivedData/HearifyV1-ftljoypfezvlxcgouzbpmsmxzads/Build/Intermediates.noindex/GoogleUtilities.build/Debug-iphoneos/GoogleUtilities-Environment.build/DerivedSources/resource_bundle_accessor.m normal arm64 objective-c com.apple.compilers.llvm.clang.1_0.compiler (in target 'GoogleUtilities-Environment' from project 'GoogleUtilities')
    cd /Users/Veer/Library/Mobile\ Documents/com\~apple\~CloudDocs/HearifyV1/HearifyV1.xcodeproj
    
    Using response file: /Users/Veer/Library/Developer/Xcode/DerivedData/HearifyV1-ftljoypfezvlxcgouzbpmsmxzads/Build/Intermediates.noindex/GoogleUtilities.build/Debug-iphoneos/GoogleUtilities-Environment.build/Objects-normal/arm64/e6072d4f65d7061329687fe24e3d63a7-common-args.resp
    
    /Applications/Xcode.app/Contents/Developer/Toolchains/XcodeDefault.xctoolchain/usr/bin/clang -x objective-c -ivfsstatcache /Users/Veer/Library/Developer/Xcode/DerivedData/SDKStatCaches.noindex/iphoneos26.2-23C53-3794476bd08197c3e2abd9bb477ef7f7.sdkstatcache -fmessage-length\=0 -fdiagnostics-show-note-include-stack -fmacro-backtrace-limit\=0 -fno-color-diagnostics -fmodules-prune-interval\=86400 -fmodules-prune-after\=345600 -fbuild-session-file\=/Users/Veer/Library/Developer/Xcode/DerivedData/ModuleCache.noindex/Session.modulevalidation -fmodules-validate-once-per-build-session -Wnon-modular-include-in-framework-module -Werror\=non-modular-include-in-framework-module -Wno-trigraphs -Wno-missing-field-initializers -Wno-missing-prototypes -Wno-return-type -Wno-implicit-atomic-properties -Wno-objc-interface-ivars -Wno-arc-repeated-use-of-weak -Wno-missing-braces -Wparentheses -Wswitch -Wno-unused-function -Wno-unused-label -Wno-unused-parameter -Wno-unused-variable -Wunused-value -Wno-empty-body -Wno-uninitialized -Wno-unknown-pragmas -w -Wno-shadow -Wno-four-char-constants -Wno-conversion -Wno-constant-conversion -Wno-int-conversion -Wno-bool-conversion -Wno-enum-conversion -Wno-float-conversion -Wno-non-literal-null-conversion -Wno-objc-literal-conversion -Wshorten-64-to-32 -Wpointer-sign -Wno-newline-eof -Wno-selector -Wno-strict-selector-match -Wno-undeclared-selector -Wno-deprecated-implementations -Wno-implicit-fallthrough -fstrict-aliasing -Wprotocol -Wdeprecated-declarations -Wno-sign-conversion -Wno-infinite-recursion -Wno-comma -Wno-block-capture-autoreleasing -Wno-strict-prototypes -Wno-semicolon-before-method-body -index-store-path /Users/Veer/Library/Developer/Xcode/DerivedData/HearifyV1-ftljoypfezvlxcgouzbpmsmxzads/Index.noindex/DataStore @/Users/Veer/Library/Developer/Xcode/DerivedData/HearifyV1-ftljoypfezvlxcgouzbpmsmxzads/Build/Intermediates.noindex/GoogleUtilities.build/Debug-iphoneos/GoogleUtilities-Environment.build/Objects-normal/arm64/e6072d4f65d7061329687fe24e3d63a7-common-args.resp -include /Users/Veer/Library/Developer/Xcode/DerivedData/HearifyV1-ftljoypfezvlxcgouzbpmsmxzads/Build/Intermediates.noindex/GoogleUtilities.build/Debug-iphoneos/GoogleUtilities-Environment.build/DerivedSources/resource_bundle_accessor.h -MMD -MT dependencies -MF /Users/Veer/Library/Developer/Xcode/DerivedData/HearifyV1-ftljoypfezvlxcgouzbpmsmxzads/Build/Intermediates.noindex/GoogleUtilities.build/Debug-iphoneos/GoogleUtilities-Environment.build/Objects-normal/arm64/resource_bundle_accessor.d --serialize-diagnostics /Users/Veer/Library/Developer/Xcode/DerivedData/HearifyV1-ftljoypfezvlxcgouzbpmsmxzads/Build/Intermediates.noindex/GoogleUtilities.build/Debug-iphoneos/GoogleUtilities-Environment.build/Objects-normal/arm64/resource_bundle_accessor.dia -c /Users/Veer/Library/Developer/Xcode/DerivedData/HearifyV1-ftljoypfezvlxcgouzbpmsmxzads/Build/Intermediates.noindex/GoogleUtilities.build/Debug-iphoneos/GoogleUtilities-Environment.build/DerivedSources/resource_bundle_accessor.m -o /Users/Veer/Library/Developer/Xcode/DerivedData/HearifyV1-ftljoypfezvlxcgouzbpmsmxzads/Build/Intermediates.noindex/GoogleUtilities.build/Debug-iphoneos/GoogleUtilities-Environment.build/Objects-normal/arm64/resource_bundle_accessor.o -index-unit-output-path /GoogleUtilities.build/Debug-iphoneos/GoogleUtilities-Environment.build/Objects-normal/arm64/resource_bundle_accessor.o

CompileC /Users/Veer/Library/Developer/Xcode/DerivedData/HearifyV1-ftljoypfezvlxcgouzbpmsmxzads/Build/Intermediates.noindex/GoogleUtilities.build/Debug-iphoneos/GoogleUtilities-Environment.build/Objects-normal/arm64/GULKeychainUtils.o /Users/Veer/Library/Developer/Xcode/DerivedData/HearifyV1-ftljoypfezvlxcgouzbpmsmxzads/SourcePackages/checkouts/GoogleUtilities/GoogleUtilities/Environment/SecureStorage/GULKeychainUtils.m normal arm64 objective-c com.apple.compilers.llvm.clang.1_0.compiler (in target 'GoogleUtilities-Environment' from project 'GoogleUtilities')
    cd /Users/Veer/Library/Mobile\ Documents/com\~apple\~CloudDocs/HearifyV1/HearifyV1.xcodeproj
    
    Using response file: /Users/Veer/Library/Developer/Xcode/DerivedData/HearifyV1-ftljoypfezvlxcgouzbpmsmxzads/Build/Intermediates.noindex/GoogleUtilities.build/Debug-iphoneos/GoogleUtilities-Environment.build/Objects-normal/arm64/e6072d4f65d7061329687fe24e3d63a7-common-args.resp
    
    /Applications/Xcode.app/Contents/Developer/Toolchains/XcodeDefault.xctoolchain/usr/bin/clang -x objective-c -ivfsstatcache /Users/Veer/Library/Developer/Xcode/DerivedData/SDKStatCaches.noindex/iphoneos26.2-23C53-3794476bd08197c3e2abd9bb477ef7f7.sdkstatcache -fmessage-length\=0 -fdiagnostics-show-note-include-stack -fmacro-backtrace-limit\=0 -fno-color-diagnostics -fmodules-prune-interval\=86400 -fmodules-prune-after\=345600 -fbuild-session-file\=/Users/Veer/Library/Developer/Xcode/DerivedData/ModuleCache.noindex/Session.modulevalidation -fmodules-validate-once-per-build-session -Wnon-modular-include-in-framework-module -Werror\=non-modular-include-in-framework-module -Wno-trigraphs -Wno-missing-field-initializers -Wno-missing-prototypes -Wno-return-type -Wno-implicit-atomic-properties -Wno-objc-interface-ivars -Wno-arc-repeated-use-of-weak -Wno-missing-braces -Wparentheses -Wswitch -Wno-unused-function -Wno-unused-label -Wno-unused-parameter -Wno-unused-variable -Wunused-value -Wno-empty-body -Wno-uninitialized -Wno-unknown-pragmas -w -Wno-shadow -Wno-four-char-constants -Wno-conversion -Wno-constant-conversion -Wno-int-conversion -Wno-bool-conversion -Wno-enum-conversion -Wno-float-conversion -Wno-non-literal-null-conversion -Wno-objc-literal-conversion -Wshorten-64-to-32 -Wpointer-sign -Wno-newline-eof -Wno-selector -Wno-strict-selector-match -Wno-undeclared-selector -Wno-deprecated-implementations -Wno-implicit-fallthrough -fstrict-aliasing -Wprotocol -Wdeprecated-declarations -Wno-sign-conversion -Wno-infinite-recursion -Wno-comma -Wno-block-capture-autoreleasing -Wno-strict-prototypes -Wno-semicolon-before-method-body -index-store-path /Users/Veer/Library/Developer/Xcode/DerivedData/HearifyV1-ftljoypfezvlxcgouzbpmsmxzads/Index.noindex/DataStore @/Users/Veer/Library/Developer/Xcode/DerivedData/HearifyV1-ftljoypfezvlxcgouzbpmsmxzads/Build/Intermediates.noindex/GoogleUtilities.build/Debug-iphoneos/GoogleUtilities-Environment.build/Objects-normal/arm64/e6072d4f65d7061329687fe24e3d63a7-common-args.resp -include /Users/Veer/Library/Developer/Xcode/DerivedData/HearifyV1-ftljoypfezvlxcgouzbpmsmxzads/Build/Intermediates.noindex/GoogleUtilities.build/Debug-iphoneos/GoogleUtilities-Environment.build/DerivedSources/resource_bundle_accessor.h -MMD -MT dependencies -MF /Users/Veer/Library/Developer/Xcode/DerivedData/HearifyV1-ftljoypfezvlxcgouzbpmsmxzads/Build/Intermediates.noindex/GoogleUtilities.build/Debug-iphoneos/GoogleUtilities-Environment.build/Objects-normal/arm64/GULKeychainUtils.d --serialize-diagnostics /Users/Veer/Library/Developer/Xcode/DerivedData/HearifyV1-ftljoypfezvlxcgouzbpmsmxzads/Build/Intermediates.noindex/GoogleUtilities.build/Debug-iphoneos/GoogleUtilities-Environment.build/Objects-normal/arm64/GULKeychainUtils.dia -c /Users/Veer/Library/Developer/Xcode/DerivedData/HearifyV1-ftljoypfezvlxcgouzbpmsmxzads/SourcePackages/checkouts/GoogleUtilities/GoogleUtilities/Environment/SecureStorage/GULKeychainUtils.m -o /Users/Veer/Library/Developer/Xcode/DerivedData/HearifyV1-ftljoypfezvlxcgouzbpmsmxzads/Build/Intermediates.noindex/GoogleUtilities.build/Debug-iphoneos/GoogleUtilities-Environment.build/Objects-normal/arm64/GULKeychainUtils.o -index-unit-output-path /GoogleUtilities.build/Debug-iphoneos/GoogleUtilities-Environment.build/Objects-normal/arm64/GULKeychainUtils.o

CompileC /Users/Veer/Library/Developer/Xcode/DerivedData/HearifyV1-ftljoypfezvlxcgouzbpmsmxzads/Build/Intermediates.noindex/GoogleUtilities.build/Debug-iphoneos/GoogleUtilities-Environment.build/Objects-normal/arm64/GULKeychainStorage.o /Users/Veer/Library/Developer/Xcode/DerivedData/HearifyV1-ftljoypfezvlxcgouzbpmsmxzads/SourcePackages/checkouts/GoogleUtilities/GoogleUtilities/Environment/SecureStorage/GULKeychainStorage.m normal arm64 objective-c com.apple.compilers.llvm.clang.1_0.compiler (in target 'GoogleUtilities-Environment' from project 'GoogleUtilities')
    cd /Users/Veer/Library/Mobile\ Documents/com\~apple\~CloudDocs/HearifyV1/HearifyV1.xcodeproj
    
    Using response file: /Users/Veer/Library/Developer/Xcode/DerivedData/HearifyV1-ftljoypfezvlxcgouzbpmsmxzads/Build/Intermediates.noindex/GoogleUtilities.build/Debug-iphoneos/GoogleUtilities-Environment.build/Objects-normal/arm64/e6072d4f65d7061329687fe24e3d63a7-common-args.resp
    
    /Applications/Xcode.app/Contents/Developer/Toolchains/XcodeDefault.xctoolchain/usr/bin/clang -x objective-c -ivfsstatcache /Users/Veer/Library/Developer/Xcode/DerivedData/SDKStatCaches.noindex/iphoneos26.2-23C53-3794476bd08197c3e2abd9bb477ef7f7.sdkstatcache -fmessage-length\=0 -fdiagnostics-show-note-include-stack -fmacro-backtrace-limit\=0 -fno-color-diagnostics -fmodules-prune-interval\=86400 -fmodules-prune-after\=345600 -fbuild-session-file\=/Users/Veer/Library/Developer/Xcode/DerivedData/ModuleCache.noindex/Session.modulevalidation -fmodules-validate-once-per-build-session -Wnon-modular-include-in-framework-module -Werror\=non-modular-include-in-framework-module -Wno-trigraphs -Wno-missing-field-initializers -Wno-missing-prototypes -Wno-return-type -Wno-implicit-atomic-properties -Wno-objc-interface-ivars -Wno-arc-repeated-use-of-weak -Wno-missing-braces -Wparentheses -Wswitch -Wno-unused-function -Wno-unused-label -Wno-unused-parameter -Wno-unused-variable -Wunused-value -Wno-empty-body -Wno-uninitialized -Wno-unknown-pragmas -w -Wno-shadow -Wno-four-char-constants -Wno-conversion -Wno-constant-conversion -Wno-int-conversion -Wno-bool-conversion -Wno-enum-conversion -Wno-float-conversion -Wno-non-literal-null-conversion -Wno-objc-literal-conversion -Wshorten-64-to-32 -Wpointer-sign -Wno-newline-eof -Wno-selector -Wno-strict-selector-match -Wno-undeclared-selector -Wno-deprecated-implementations -Wno-implicit-fallthrough -fstrict-aliasing -Wprotocol -Wdeprecated-declarations -Wno-sign-conversion -Wno-infinite-recursion -Wno-comma -Wno-block-capture-autoreleasing -Wno-strict-prototypes -Wno-semicolon-before-method-body -index-store-path /Users/Veer/Library/Developer/Xcode/DerivedData/HearifyV1-ftljoypfezvlxcgouzbpmsmxzads/Index.noindex/DataStore @/Users/Veer/Library/Developer/Xcode/DerivedData/HearifyV1-ftljoypfezvlxcgouzbpmsmxzads/Build/Intermediates.noindex/GoogleUtilities.build/Debug-iphoneos/GoogleUtilities-Environment.build/Objects-normal/arm64/e6072d4f65d7061329687fe24e3d63a7-common-args.resp -include /Users/Veer/Library/Developer/Xcode/DerivedData/HearifyV1-ftljoypfezvlxcgouzbpmsmxzads/Build/Intermediates.noindex/GoogleUtilities.build/Debug-iphoneos/GoogleUtilities-Environment.build/DerivedSources/resource_bundle_accessor.h -MMD -MT dependencies -MF /Users/Veer/Library/Developer/Xcode/DerivedData/HearifyV1-ftljoypfezvlxcgouzbpmsmxzads/Build/Intermediates.noindex/GoogleUtilities.build/Debug-iphoneos/GoogleUtilities-Environment.build/Objects-normal/arm64/GULKeychainStorage.d --serialize-diagnostics /Users/Veer/Library/Developer/Xcode/DerivedData/HearifyV1-ftljoypfezvlxcgouzbpmsmxzads/Build/Intermediates.noindex/GoogleUtilities.build/Debug-iphoneos/GoogleUtilities-Environment.build/Objects-normal/arm64/GULKeychainStorage.dia -c /Users/Veer/Library/Developer/Xcode/DerivedData/HearifyV1-ftljoypfezvlxcgouzbpmsmxzads/SourcePackages/checkouts/GoogleUtilities/GoogleUtilities/Environment/SecureStorage/GULKeychainStorage.m -o /Users/Veer/Library/Developer/Xcode/DerivedData/HearifyV1-ftljoypfezvlxcgouzbpmsmxzads/Build/Intermediates.noindex/GoogleUtilities.build/Debug-iphoneos/GoogleUtilities-Environment.build/Objects-normal/arm64/GULKeychainStorage.o -index-unit-output-path /GoogleUtilities.build/Debug-iphoneos/GoogleUtilities-Environment.build/Objects-normal/arm64/GULKeychainStorage.o

PrecompileModule /Users/Veer/Library/Developer/Xcode/DerivedData/HearifyV1-ftljoypfezvlxcgouzbpmsmxzads/Build/Intermediates.noindex/ExplicitPrecompiledModules/Symbols-4AEPGIGY62D1XOWTROT9N6C4T.scan
    cd /
    builtin-precompileModule /Users/Veer/Library/Developer/Xcode/DerivedData/HearifyV1-ftljoypfezvlxcgouzbpmsmxzads/Build/Intermediates.noindex/ExplicitPrecompiledModules/Symbols-4AEPGIGY62D1XOWTROT9N6C4T.scan

PrecompileModule /Users/Veer/Library/Developer/Xcode/DerivedData/HearifyV1-ftljoypfezvlxcgouzbpmsmxzads/Build/Intermediates.noindex/ExplicitPrecompiledModules/CoreTelephony-DUWJ0QMCJPADQ9CVR306A8ECS.scan
    cd /
    builtin-precompileModule /Users/Veer/Library/Developer/Xcode/DerivedData/HearifyV1-ftljoypfezvlxcgouzbpmsmxzads/Build/Intermediates.noindex/ExplicitPrecompiledModules/CoreTelephony-DUWJ0QMCJPADQ9CVR306A8ECS.scan

PrecompileModule /Users/Veer/Library/Developer/Xcode/DerivedData/HearifyV1-ftljoypfezvlxcgouzbpmsmxzads/Build/Intermediates.noindex/ExplicitPrecompiledModules/UserNotifications-4YLNVBSTYKBEK48P7FQZANR95.scan
    cd /
    builtin-precompileModule /Users/Veer/Library/Developer/Xcode/DerivedData/HearifyV1-ftljoypfezvlxcgouzbpmsmxzads/Build/Intermediates.noindex/ExplicitPrecompiledModules/UserNotifications-4YLNVBSTYKBEK48P7FQZANR95.scan

PrecompileModule /Users/Veer/Library/Developer/Xcode/DerivedData/HearifyV1-ftljoypfezvlxcgouzbpmsmxzads/Build/Intermediates.noindex/ExplicitPrecompiledModules/UIUtilities-87EVJR1RM9LHK8N8AK5XBK4Z0.scan
    cd /
    builtin-precompileModule /Users/Veer/Library/Developer/Xcode/DerivedData/HearifyV1-ftljoypfezvlxcgouzbpmsmxzads/Build/Intermediates.noindex/ExplicitPrecompiledModules/UIUtilities-87EVJR1RM9LHK8N8AK5XBK4Z0.scan

CompileC /Users/Veer/Library/Developer/Xcode/DerivedData/HearifyV1-ftljoypfezvlxcgouzbpmsmxzads/Build/Intermediates.noindex/GoogleUtilities.build/Debug-iphoneos/GoogleUtilities-Environment.build/Objects-normal/arm64/GULNetworkInfo.o /Users/Veer/Library/Developer/Xcode/DerivedData/HearifyV1-ftljoypfezvlxcgouzbpmsmxzads/SourcePackages/checkouts/GoogleUtilities/GoogleUtilities/Environment/NetworkInfo/GULNetworkInfo.m normal arm64 objective-c com.apple.compilers.llvm.clang.1_0.compiler (in target 'GoogleUtilities-Environment' from project 'GoogleUtilities')
    cd /Users/Veer/Library/Mobile\ Documents/com\~apple\~CloudDocs/HearifyV1/HearifyV1.xcodeproj
    
    Using response file: /Users/Veer/Library/Developer/Xcode/DerivedData/HearifyV1-ftljoypfezvlxcgouzbpmsmxzads/Build/Intermediates.noindex/GoogleUtilities.build/Debug-iphoneos/GoogleUtilities-Environment.build/Objects-normal/arm64/e6072d4f65d7061329687fe24e3d63a7-common-args.resp
    
    /Applications/Xcode.app/Contents/Developer/Toolchains/XcodeDefault.xctoolchain/usr/bin/clang -x objective-c -ivfsstatcache /Users/Veer/Library/Developer/Xcode/DerivedData/SDKStatCaches.noindex/iphoneos26.2-23C53-3794476bd08197c3e2abd9bb477ef7f7.sdkstatcache -fmessage-length\=0 -fdiagnostics-show-note-include-stack -fmacro-backtrace-limit\=0 -fno-color-diagnostics -fmodules-prune-interval\=86400 -fmodules-prune-after\=345600 -fbuild-session-file\=/Users/Veer/Library/Developer/Xcode/DerivedData/ModuleCache.noindex/Session.modulevalidation -fmodules-validate-once-per-build-session -Wnon-modular-include-in-framework-module -Werror\=non-modular-include-in-framework-module -Wno-trigraphs -Wno-missing-field-initializers -Wno-missing-prototypes -Wno-return-type -Wno-implicit-atomic-properties -Wno-objc-interface-ivars -Wno-arc-repeated-use-of-weak -Wno-missing-braces -Wparentheses -Wswitch -Wno-unused-function -Wno-unused-label -Wno-unused-parameter -Wno-unused-variable -Wunused-value -Wno-empty-body -Wno-uninitialized -Wno-unknown-pragmas -w -Wno-shadow -Wno-four-char-constants -Wno-conversion -Wno-constant-conversion -Wno-int-conversion -Wno-bool-conversion -Wno-enum-conversion -Wno-float-conversion -Wno-non-literal-null-conversion -Wno-objc-literal-conversion -Wshorten-64-to-32 -Wpointer-sign -Wno-newline-eof -Wno-selector -Wno-strict-selector-match -Wno-undeclared-selector -Wno-deprecated-implementations -Wno-implicit-fallthrough -fstrict-aliasing -Wprotocol -Wdeprecated-declarations -Wno-sign-conversion -Wno-infinite-recursion -Wno-comma -Wno-block-capture-autoreleasing -Wno-strict-prototypes -Wno-semicolon-before-method-body -index-store-path /Users/Veer/Library/Developer/Xcode/DerivedData/HearifyV1-ftljoypfezvlxcgouzbpmsmxzads/Index.noindex/DataStore @/Users/Veer/Library/Developer/Xcode/DerivedData/HearifyV1-ftljoypfezvlxcgouzbpmsmxzads/Build/Intermediates.noindex/GoogleUtilities.build/Debug-iphoneos/GoogleUtilities-Environment.build/Objects-normal/arm64/e6072d4f65d7061329687fe24e3d63a7-common-args.resp -include /Users/Veer/Library/Developer/Xcode/DerivedData/HearifyV1-ftljoypfezvlxcgouzbpmsmxzads/Build/Intermediates.noindex/GoogleUtilities.build/Debug-iphoneos/GoogleUtilities-Environment.build/DerivedSources/resource_bundle_accessor.h -MMD -MT dependencies -MF /Users/Veer/Library/Developer/Xcode/DerivedData/HearifyV1-ftljoypfezvlxcgouzbpmsmxzads/Build/Intermediates.noindex/GoogleUtilities.build/Debug-iphoneos/GoogleUtilities-Environment.build/Objects-normal/arm64/GULNetworkInfo.d --serialize-diagnostics /Users/Veer/Library/Developer/Xcode/DerivedData/HearifyV1-ftljoypfezvlxcgouzbpmsmxzads/Build/Intermediates.noindex/GoogleUtilities.build/Debug-iphoneos/GoogleUtilities-Environment.build/Objects-normal/arm64/GULNetworkInfo.dia -c /Users/Veer/Library/Developer/Xcode/DerivedData/HearifyV1-ftljoypfezvlxcgouzbpmsmxzads/SourcePackages/checkouts/GoogleUtilities/GoogleUtilities/Environment/NetworkInfo/GULNetworkInfo.m -o /Users/Veer/Library/Developer/Xcode/DerivedData/HearifyV1-ftljoypfezvlxcgouzbpmsmxzads/Build/Intermediates.noindex/GoogleUtilities.build/Debug-iphoneos/GoogleUtilities-Environment.build/Objects-normal/arm64/GULNetworkInfo.o -index-unit-output-path /GoogleUtilities.build/Debug-iphoneos/GoogleUtilities-Environment.build/Objects-normal/arm64/GULNetworkInfo.o

CompileC /Users/Veer/Library/Developer/Xcode/DerivedData/HearifyV1-ftljoypfezvlxcgouzbpmsmxzads/Build/Intermediates.noindex/leveldb.build/Debug-iphoneos/leveldb.build/Objects-normal/arm64/resource_bundle_accessor.o /Users/Veer/Library/Developer/Xcode/DerivedData/HearifyV1-ftljoypfezvlxcgouzbpmsmxzads/Build/Intermediates.noindex/leveldb.build/Debug-iphoneos/leveldb.build/DerivedSources/resource_bundle_accessor.m normal arm64 objective-c com.apple.compilers.llvm.clang.1_0.compiler (in target 'leveldb' from project 'leveldb')
    cd /Users/Veer/Library/Mobile\ Documents/com\~apple\~CloudDocs/HearifyV1/HearifyV1.xcodeproj
    
    Using response file: /Users/Veer/Library/Developer/Xcode/DerivedData/HearifyV1-ftljoypfezvlxcgouzbpmsmxzads/Build/Intermediates.noindex/leveldb.build/Debug-iphoneos/leveldb.build/Objects-normal/arm64/e6072d4f65d7061329687fe24e3d63a7-common-args.resp
    
    /Applications/Xcode.app/Contents/Developer/Toolchains/XcodeDefault.xctoolchain/usr/bin/clang -x objective-c -ivfsstatcache /Users/Veer/Library/Developer/Xcode/DerivedData/SDKStatCaches.noindex/iphoneos26.2-23C53-3794476bd08197c3e2abd9bb477ef7f7.sdkstatcache -fmessage-length\=0 -fdiagnostics-show-note-include-stack -fmacro-backtrace-limit\=0 -fno-color-diagnostics -fmodules-prune-interval\=86400 -fmodules-prune-after\=345600 -fbuild-session-file\=/Users/Veer/Library/Developer/Xcode/DerivedData/ModuleCache.noindex/Session.modulevalidation -fmodules-validate-once-per-build-session -Wnon-modular-include-in-framework-module -Werror\=non-modular-include-in-framework-module -Wno-trigraphs -Wno-missing-field-initializers -Wno-missing-prototypes -Wno-return-type -Wno-implicit-atomic-properties -Wno-objc-interface-ivars -Wno-arc-repeated-use-of-weak -Wno-missing-braces -Wparentheses -Wswitch -Wno-unused-function -Wno-unused-label -Wno-unused-parameter -Wno-unused-variable -Wunused-value -Wno-empty-body -Wno-uninitialized -Wno-unknown-pragmas -w -Wno-shadow -Wno-four-char-constants -Wno-conversion -Wno-constant-conversion -Wno-int-conversion -Wno-bool-conversion -Wno-enum-conversion -Wno-float-conversion -Wno-non-literal-null-conversion -Wno-objc-literal-conversion -Wshorten-64-to-32 -Wpointer-sign -Wno-newline-eof -Wno-selector -Wno-strict-selector-match -Wno-undeclared-selector -Wno-deprecated-implementations -Wno-implicit-fallthrough -fstrict-aliasing -Wprotocol -Wdeprecated-declarations -Wno-sign-conversion -Wno-infinite-recursion -Wno-comma -Wno-block-capture-autoreleasing -Wno-strict-prototypes -Wno-semicolon-before-method-body -index-store-path /Users/Veer/Library/Developer/Xcode/DerivedData/HearifyV1-ftljoypfezvlxcgouzbpmsmxzads/Index.noindex/DataStore @/Users/Veer/Library/Developer/Xcode/DerivedData/HearifyV1-ftljoypfezvlxcgouzbpmsmxzads/Build/Intermediates.noindex/leveldb.build/Debug-iphoneos/leveldb.build/Objects-normal/arm64/e6072d4f65d7061329687fe24e3d63a7-common-args.resp -include /Users/Veer/Library/Developer/Xcode/DerivedData/HearifyV1-ftljoypfezvlxcgouzbpmsmxzads/Build/Intermediates.noindex/leveldb.build/Debug-iphoneos/leveldb.build/DerivedSources/resource_bundle_accessor.h -MMD -MT dependencies -MF /Users/Veer/Library/Developer/Xcode/DerivedData/HearifyV1-ftljoypfezvlxcgouzbpmsmxzads/Build/Intermediates.noindex/leveldb.build/Debug-iphoneos/leveldb.build/Objects-normal/arm64/resource_bundle_accessor.d --serialize-diagnostics /Users/Veer/Library/Developer/Xcode/DerivedData/HearifyV1-ftljoypfezvlxcgouzbpmsmxzads/Build/Intermediates.noindex/leveldb.build/Debug-iphoneos/leveldb.build/Objects-normal/arm64/resource_bundle_accessor.dia -c /Users/Veer/Library/Developer/Xcode/DerivedData/HearifyV1-ftljoypfezvlxcgouzbpmsmxzads/Build/Intermediates.noindex/leveldb.build/Debug-iphoneos/leveldb.build/DerivedSources/resource_bundle_accessor.m -o /Users/Veer/Library/Developer/Xcode/DerivedData/HearifyV1-ftljoypfezvlxcgouzbpmsmxzads/Build/Intermediates.noindex/leveldb.build/Debug-iphoneos/leveldb.build/Objects-normal/arm64/resource_bundle_accessor.o -index-unit-output-path /leveldb.build/Debug-iphoneos/leveldb.build/Objects-normal/arm64/resource_bundle_accessor.o

PrecompileModule /Users/Veer/Library/Developer/Xcode/DerivedData/HearifyV1-ftljoypfezvlxcgouzbpmsmxzads/Build/Intermediates.noindex/ExplicitPrecompiledModules/IOSurface-BGOSYOD9MCQC1VKTD79YPEWU6.scan
    cd /
    builtin-precompileModule /Users/Veer/Library/Developer/Xcode/DerivedData/HearifyV1-ftljoypfezvlxcgouzbpmsmxzads/Build/Intermediates.noindex/ExplicitPrecompiledModules/IOSurface-BGOSYOD9MCQC1VKTD79YPEWU6.scan

PrecompileModule /Users/Veer/Library/Developer/Xcode/DerivedData/HearifyV1-ftljoypfezvlxcgouzbpmsmxzads/Build/Intermediates.noindex/ExplicitPrecompiledModules/FileProvider-72XM1LH976WIEDENBHFZ6M7FY.scan
    cd /
    builtin-precompileModule /Users/Veer/Library/Developer/Xcode/DerivedData/HearifyV1-ftljoypfezvlxcgouzbpmsmxzads/Build/Intermediates.noindex/ExplicitPrecompiledModules/FileProvider-72XM1LH976WIEDENBHFZ6M7FY.scan

PrecompileModule /Users/Veer/Library/Developer/Xcode/DerivedData/HearifyV1-ftljoypfezvlxcgouzbpmsmxzads/Build/Intermediates.noindex/ExplicitPrecompiledModules/GoogleUtilities_Environment-J1V4REOXTQTXFHUU7FN25C2.scan
    cd /
    builtin-precompileModule /Users/Veer/Library/Developer/Xcode/DerivedData/HearifyV1-ftljoypfezvlxcgouzbpmsmxzads/Build/Intermediates.noindex/ExplicitPrecompiledModules/GoogleUtilities_Environment-J1V4REOXTQTXFHUU7FN25C2.scan

PrecompileModule /Users/Veer/Library/Developer/Xcode/DerivedData/HearifyV1-ftljoypfezvlxcgouzbpmsmxzads/Build/Intermediates.noindex/ExplicitPrecompiledModules/ObjectiveC-B1Y5GK8LA6CYBM2DAYIMGRBOS.scan
    cd /
    builtin-precompileModule /Users/Veer/Library/Developer/Xcode/DerivedData/HearifyV1-ftljoypfezvlxcgouzbpmsmxzads/Build/Intermediates.noindex/ExplicitPrecompiledModules/ObjectiveC-B1Y5GK8LA6CYBM2DAYIMGRBOS.scan

PrecompileModule /Users/Veer/Library/Developer/Xcode/DerivedData/HearifyV1-ftljoypfezvlxcgouzbpmsmxzads/Build/Intermediates.noindex/ExplicitPrecompiledModules/OpenGLES-BYREHJ678O32W491R18IZ9YHL.scan
    cd /
    builtin-precompileModule /Users/Veer/Library/Developer/Xcode/DerivedData/HearifyV1-ftljoypfezvlxcgouzbpmsmxzads/Build/Intermediates.noindex/ExplicitPrecompiledModules/OpenGLES-BYREHJ678O32W491R18IZ9YHL.scan

WriteAuxiliaryFile /Users/Veer/Library/Developer/Xcode/DerivedData/HearifyV1-ftljoypfezvlxcgouzbpmsmxzads/Build/Intermediates.noindex/gRPC.build/Debug-iphoneos/opensslWrapper.build/opensslWrapper.modulemap (in target 'opensslWrapper' from project 'gRPC')
    cd /Users/Veer/Library/Developer/Xcode/DerivedData/HearifyV1-ftljoypfezvlxcgouzbpmsmxzads/SourcePackages/checkouts/grpc-binary
    write-file /Users/Veer/Library/Developer/Xcode/DerivedData/HearifyV1-ftljoypfezvlxcgouzbpmsmxzads/Build/Intermediates.noindex/gRPC.build/Debug-iphoneos/opensslWrapper.build/opensslWrapper.modulemap

WriteAuxiliaryFile /Users/Veer/Library/Developer/Xcode/DerivedData/HearifyV1-ftljoypfezvlxcgouzbpmsmxzads/Build/Intermediates.noindex/gRPC.build/Debug-iphoneos/opensslWrapper.build/opensslWrapper.DependencyStaticMetadataFileList (in target 'opensslWrapper' from project 'gRPC')
    cd /Users/Veer/Library/Developer/Xcode/DerivedData/HearifyV1-ftljoypfezvlxcgouzbpmsmxzads/SourcePackages/checkouts/grpc-binary
    write-file /Users/Veer/Library/Developer/Xcode/DerivedData/HearifyV1-ftljoypfezvlxcgouzbpmsmxzads/Build/Intermediates.noindex/gRPC.build/Debug-iphoneos/opensslWrapper.build/opensslWrapper.DependencyStaticMetadataFileList

WriteAuxiliaryFile /Users/Veer/Library/Developer/Xcode/DerivedData/HearifyV1-ftljoypfezvlxcgouzbpmsmxzads/Build/Intermediates.noindex/gRPC.build/Debug-iphoneos/opensslWrapper.build/opensslWrapper.DependencyMetadataFileList (in target 'opensslWrapper' from project 'gRPC')
    cd /Users/Veer/Library/Developer/Xcode/DerivedData/HearifyV1-ftljoypfezvlxcgouzbpmsmxzads/SourcePackages/checkouts/grpc-binary
    write-file /Users/Veer/Library/Developer/Xcode/DerivedData/HearifyV1-ftljoypfezvlxcgouzbpmsmxzads/Build/Intermediates.noindex/gRPC.build/Debug-iphoneos/opensslWrapper.build/opensslWrapper.DependencyMetadataFileList

WriteAuxiliaryFile /Users/Veer/Library/Developer/Xcode/DerivedData/HearifyV1-ftljoypfezvlxcgouzbpmsmxzads/Build/Intermediates.noindex/gRPC.build/Debug-iphoneos/opensslWrapper.build/Objects-normal/arm64/opensslWrapper.LinkFileList (in target 'opensslWrapper' from project 'gRPC')
    cd /Users/Veer/Library/Developer/Xcode/DerivedData/HearifyV1-ftljoypfezvlxcgouzbpmsmxzads/SourcePackages/checkouts/grpc-binary
    write-file /Users/Veer/Library/Developer/Xcode/DerivedData/HearifyV1-ftljoypfezvlxcgouzbpmsmxzads/Build/Intermediates.noindex/gRPC.build/Debug-iphoneos/opensslWrapper.build/Objects-normal/arm64/opensslWrapper.LinkFileList

WriteAuxiliaryFile /Users/Veer/Library/Developer/Xcode/DerivedData/HearifyV1-ftljoypfezvlxcgouzbpmsmxzads/Build/Intermediates.noindex/gRPC.build/Debug-iphoneos/opensslWrapper.build/Objects-normal/arm64/e6072d4f65d7061329687fe24e3d63a7-common-args.resp (in target 'opensslWrapper' from project 'gRPC')
    cd /Users/Veer/Library/Developer/Xcode/DerivedData/HearifyV1-ftljoypfezvlxcgouzbpmsmxzads/SourcePackages/checkouts/grpc-binary
    write-file /Users/Veer/Library/Developer/Xcode/DerivedData/HearifyV1-ftljoypfezvlxcgouzbpmsmxzads/Build/Intermediates.noindex/gRPC.build/Debug-iphoneos/opensslWrapper.build/Objects-normal/arm64/e6072d4f65d7061329687fe24e3d63a7-common-args.resp
-target arm64-apple-ios12.0 -fobjc-arc -fmodules -gmodules '-fmodules-cache-path=/Users/Veer/Library/Developer/Xcode/DerivedData/ModuleCache.noindex' '-fmodule-name=opensslWrapper' -fpascal-strings -O0 -DSWIFT_PACKAGE '-DDEBUG=1' '-DOBJC_OLD_DISPATCH_PROTOTYPES=1' -isysroot /Applications/Xcode.app/Contents/Developer/Platforms/iPhoneOS.platform/Developer/SDKs/iPhoneOS26.2.sdk -g -fprofile-instr-generate -fcoverage-mapping -I/Users/Veer/Library/Developer/Xcode/DerivedData/HearifyV1-ftljoypfezvlxcgouzbpmsmxzads/Build/Products/Debug-iphoneos/include -I/Users/Veer/Library/Developer/Xcode/DerivedData/HearifyV1-ftljoypfezvlxcgouzbpmsmxzads/SourcePackages/checkouts/grpc-binary/openssl-grpc-Wrapper/include -I/Users/Veer/Library/Developer/Xcode/DerivedData/HearifyV1-ftljoypfezvlxcgouzbpmsmxzads/Build/Intermediates.noindex/gRPC.build/Debug-iphoneos/opensslWrapper.build/DerivedSources-normal/arm64 -I/Users/Veer/Library/Developer/Xcode/DerivedData/HearifyV1-ftljoypfezvlxcgouzbpmsmxzads/Build/Intermediates.noindex/gRPC.build/Debug-iphoneos/opensslWrapper.build/DerivedSources/arm64 -I/Users/Veer/Library/Developer/Xcode/DerivedData/HearifyV1-ftljoypfezvlxcgouzbpmsmxzads/Build/Intermediates.noindex/gRPC.build/Debug-iphoneos/opensslWrapper.build/DerivedSources -F/Users/Veer/Library/Developer/Xcode/DerivedData/HearifyV1-ftljoypfezvlxcgouzbpmsmxzads/Build/Products/Debug-iphoneos -iframework /Applications/Xcode.app/Contents/Developer/Platforms/iPhoneOS.platform/Developer/Library/Frameworks -iframework /Applications/Xcode.app/Contents/Developer/Platforms/iPhoneOS.platform/Developer/SDKs/iPhoneOS26.2.sdk/Developer/Library/Frameworks -DXcode

WriteAuxiliaryFile /Users/Veer/Library/Developer/Xcode/DerivedData/HearifyV1-ftljoypfezvlxcgouzbpmsmxzads/Build/Intermediates.noindex/gRPC.build/Debug-iphoneos/opensslWrapper.build/DerivedSources/resource_bundle_accessor.m (in target 'opensslWrapper' from project 'gRPC')
    cd /Users/Veer/Library/Developer/Xcode/DerivedData/HearifyV1-ftljoypfezvlxcgouzbpmsmxzads/SourcePackages/checkouts/grpc-binary
    write-file /Users/Veer/Library/Developer/Xcode/DerivedData/HearifyV1-ftljoypfezvlxcgouzbpmsmxzads/Build/Intermediates.noindex/gRPC.build/Debug-iphoneos/opensslWrapper.build/DerivedSources/resource_bundle_accessor.m

WriteAuxiliaryFile /Users/Veer/Library/Developer/Xcode/DerivedData/HearifyV1-ftljoypfezvlxcgouzbpmsmxzads/Build/Intermediates.noindex/gRPC.build/Debug-iphoneos/opensslWrapper.build/DerivedSources/resource_bundle_accessor.h (in target 'opensslWrapper' from project 'gRPC')
    cd /Users/Veer/Library/Developer/Xcode/DerivedData/HearifyV1-ftljoypfezvlxcgouzbpmsmxzads/SourcePackages/checkouts/grpc-binary
    write-file /Users/Veer/Library/Developer/Xcode/DerivedData/HearifyV1-ftljoypfezvlxcgouzbpmsmxzads/Build/Intermediates.noindex/gRPC.build/Debug-iphoneos/opensslWrapper.build/DerivedSources/resource_bundle_accessor.h

Copy /Users/Veer/Library/Developer/Xcode/DerivedData/HearifyV1-ftljoypfezvlxcgouzbpmsmxzads/Build/Intermediates.noindex/GeneratedModuleMaps-iphoneos/opensslWrapper.modulemap /Users/Veer/Library/Developer/Xcode/DerivedData/HearifyV1-ftljoypfezvlxcgouzbpmsmxzads/Build/Intermediates.noindex/gRPC.build/Debug-iphoneos/opensslWrapper.build/opensslWrapper.modulemap (in target 'opensslWrapper' from project 'gRPC')
    cd /Users/Veer/Library/Developer/Xcode/DerivedData/HearifyV1-ftljoypfezvlxcgouzbpmsmxzads/SourcePackages/checkouts/grpc-binary
    builtin-copy -exclude .DS_Store -exclude CVS -exclude .svn -exclude .git -exclude .hg -resolve-src-symlinks /Users/Veer/Library/Developer/Xcode/DerivedData/HearifyV1-ftljoypfezvlxcgouzbpmsmxzads/Build/Intermediates.noindex/gRPC.build/Debug-iphoneos/opensslWrapper.build/opensslWrapper.modulemap /Users/Veer/Library/Developer/Xcode/DerivedData/HearifyV1-ftljoypfezvlxcgouzbpmsmxzads/Build/Intermediates.noindex/GeneratedModuleMaps-iphoneos

CompileC /Users/Veer/Library/Developer/Xcode/DerivedData/HearifyV1-ftljoypfezvlxcgouzbpmsmxzads/Build/Intermediates.noindex/GoogleUtilities.build/Debug-iphoneos/GoogleUtilities-Logger.build/Objects-normal/arm64/GULLogger.o /Users/Veer/Library/Developer/Xcode/DerivedData/HearifyV1-ftljoypfezvlxcgouzbpmsmxzads/SourcePackages/checkouts/GoogleUtilities/GoogleUtilities/Logger/GULLogger.m normal arm64 objective-c com.apple.compilers.llvm.clang.1_0.compiler (in target 'GoogleUtilities-Logger' from project 'GoogleUtilities')
    cd /Users/Veer/Library/Mobile\ Documents/com\~apple\~CloudDocs/HearifyV1/HearifyV1.xcodeproj
    
    Using response file: /Users/Veer/Library/Developer/Xcode/DerivedData/HearifyV1-ftljoypfezvlxcgouzbpmsmxzads/Build/Intermediates.noindex/GoogleUtilities.build/Debug-iphoneos/GoogleUtilities-Logger.build/Objects-normal/arm64/e6072d4f65d7061329687fe24e3d63a7-common-args.resp
    
    /Applications/Xcode.app/Contents/Developer/Toolchains/XcodeDefault.xctoolchain/usr/bin/clang -x objective-c -ivfsstatcache /Users/Veer/Library/Developer/Xcode/DerivedData/SDKStatCaches.noindex/iphoneos26.2-23C53-3794476bd08197c3e2abd9bb477ef7f7.sdkstatcache -fmessage-length\=0 -fdiagnostics-show-note-include-stack -fmacro-backtrace-limit\=0 -fno-color-diagnostics -fmodules-prune-interval\=86400 -fmodules-prune-after\=345600 -fbuild-session-file\=/Users/Veer/Library/Developer/Xcode/DerivedData/ModuleCache.noindex/Session.modulevalidation -fmodules-validate-once-per-build-session -Wnon-modular-include-in-framework-module -Werror\=non-modular-include-in-framework-module -Wno-trigraphs -Wno-missing-field-initializers -Wno-missing-prototypes -Wno-return-type -Wno-implicit-atomic-properties -Wno-objc-interface-ivars -Wno-arc-repeated-use-of-weak -Wno-missing-braces -Wparentheses -Wswitch -Wno-unused-function -Wno-unused-label -Wno-unused-parameter -Wno-unused-variable -Wunused-value -Wno-empty-body -Wno-uninitialized -Wno-unknown-pragmas -w -Wno-shadow -Wno-four-char-constants -Wno-conversion -Wno-constant-conversion -Wno-int-conversion -Wno-bool-conversion -Wno-enum-conversion -Wno-float-conversion -Wno-non-literal-null-conversion -Wno-objc-literal-conversion -Wshorten-64-to-32 -Wpointer-sign -Wno-newline-eof -Wno-selector -Wno-strict-selector-match -Wno-undeclared-selector -Wno-deprecated-implementations -Wno-implicit-fallthrough -fstrict-aliasing -Wprotocol -Wdeprecated-declarations -Wno-sign-conversion -Wno-infinite-recursion -Wno-comma -Wno-block-capture-autoreleasing -Wno-strict-prototypes -Wno-semicolon-before-method-body -index-store-path /Users/Veer/Library/Developer/Xcode/DerivedData/HearifyV1-ftljoypfezvlxcgouzbpmsmxzads/Index.noindex/DataStore @/Users/Veer/Library/Developer/Xcode/DerivedData/HearifyV1-ftljoypfezvlxcgouzbpmsmxzads/Build/Intermediates.noindex/GoogleUtilities.build/Debug-iphoneos/GoogleUtilities-Logger.build/Objects-normal/arm64/e6072d4f65d7061329687fe24e3d63a7-common-args.resp -include /Users/Veer/Library/Developer/Xcode/DerivedData/HearifyV1-ftljoypfezvlxcgouzbpmsmxzads/Build/Intermediates.noindex/GoogleUtilities.build/Debug-iphoneos/GoogleUtilities-Logger.build/DerivedSources/resource_bundle_accessor.h -MMD -MT dependencies -MF /Users/Veer/Library/Developer/Xcode/DerivedData/HearifyV1-ftljoypfezvlxcgouzbpmsmxzads/Build/Intermediates.noindex/GoogleUtilities.build/Debug-iphoneos/GoogleUtilities-Logger.build/Objects-normal/arm64/GULLogger.d --serialize-diagnostics /Users/Veer/Library/Developer/Xcode/DerivedData/HearifyV1-ftljoypfezvlxcgouzbpmsmxzads/Build/Intermediates.noindex/GoogleUtilities.build/Debug-iphoneos/GoogleUtilities-Logger.build/Objects-normal/arm64/GULLogger.dia -c /Users/Veer/Library/Developer/Xcode/DerivedData/HearifyV1-ftljoypfezvlxcgouzbpmsmxzads/SourcePackages/checkouts/GoogleUtilities/GoogleUtilities/Logger/GULLogger.m -o /Users/Veer/Library/Developer/Xcode/DerivedData/HearifyV1-ftljoypfezvlxcgouzbpmsmxzads/Build/Intermediates.noindex/GoogleUtilities.build/Debug-iphoneos/GoogleUtilities-Logger.build/Objects-normal/arm64/GULLogger.o -index-unit-output-path /GoogleUtilities.build/Debug-iphoneos/GoogleUtilities-Logger.build/Objects-normal/arm64/GULLogger.o

PrecompileModule /Users/Veer/Library/Developer/Xcode/DerivedData/HearifyV1-ftljoypfezvlxcgouzbpmsmxzads/Build/Intermediates.noindex/ExplicitPrecompiledModules/Metal-3A6F6C1MPPSX8RJH0NEY7CI2H.scan
    cd /
    builtin-precompileModule /Users/Veer/Library/Developer/Xcode/DerivedData/HearifyV1-ftljoypfezvlxcgouzbpmsmxzads/Build/Intermediates.noindex/ExplicitPrecompiledModules/Metal-3A6F6C1MPPSX8RJH0NEY7CI2H.scan

PrecompileModule /Users/Veer/Library/Developer/Xcode/DerivedData/HearifyV1-ftljoypfezvlxcgouzbpmsmxzads/Build/Intermediates.noindex/ExplicitPrecompiledModules/os_object-AZ4HUSHJ4V6W40MAL7V3VHQB3.scan
    cd /
    builtin-precompileModule /Users/Veer/Library/Developer/Xcode/DerivedData/HearifyV1-ftljoypfezvlxcgouzbpmsmxzads/Build/Intermediates.noindex/ExplicitPrecompiledModules/os_object-AZ4HUSHJ4V6W40MAL7V3VHQB3.scan

PrecompileModule /Users/Veer/Library/Developer/Xcode/DerivedData/HearifyV1-ftljoypfezvlxcgouzbpmsmxzads/Build/Intermediates.noindex/ExplicitPrecompiledModules/os_workgroup-932677CKAAZ1N1PXCFPN4DL1O.scan
    cd /
    builtin-precompileModule /Users/Veer/Library/Developer/Xcode/DerivedData/HearifyV1-ftljoypfezvlxcgouzbpmsmxzads/Build/Intermediates.noindex/ExplicitPrecompiledModules/os_workgroup-932677CKAAZ1N1PXCFPN4DL1O.scan

WriteAuxiliaryFile /Users/Veer/Library/Developer/Xcode/DerivedData/HearifyV1-ftljoypfezvlxcgouzbpmsmxzads/Build/Intermediates.noindex/Firebase.build/Debug-iphoneos/FirebaseFirestore.build/Objects-normal/arm64/FirebaseFirestore_const_extract_protocols.json (in target 'FirebaseFirestore' from project 'Firebase')
    cd /Users/Veer/Library/Developer/Xcode/DerivedData/HearifyV1-ftljoypfezvlxcgouzbpmsmxzads/SourcePackages/checkouts/firebase-ios-sdk
    write-file /Users/Veer/Library/Developer/Xcode/DerivedData/HearifyV1-ftljoypfezvlxcgouzbpmsmxzads/Build/Intermediates.noindex/Firebase.build/Debug-iphoneos/FirebaseFirestore.build/Objects-normal/arm64/FirebaseFirestore_const_extract_protocols.json

WriteAuxiliaryFile /Users/Veer/Library/Developer/Xcode/DerivedData/HearifyV1-ftljoypfezvlxcgouzbpmsmxzads/Build/Intermediates.noindex/Firebase.build/Debug-iphoneos/FirebaseFirestore.build/Objects-normal/arm64/FirebaseFirestore.SwiftFileList (in target 'FirebaseFirestore' from project 'Firebase')
    cd /Users/Veer/Library/Developer/Xcode/DerivedData/HearifyV1-ftljoypfezvlxcgouzbpmsmxzads/SourcePackages/checkouts/firebase-ios-sdk
    write-file /Users/Veer/Library/Developer/Xcode/DerivedData/HearifyV1-ftljoypfezvlxcgouzbpmsmxzads/Build/Intermediates.noindex/Firebase.build/Debug-iphoneos/FirebaseFirestore.build/Objects-normal/arm64/FirebaseFirestore.SwiftFileList

WriteAuxiliaryFile /Users/Veer/Library/Developer/Xcode/DerivedData/HearifyV1-ftljoypfezvlxcgouzbpmsmxzads/Build/Intermediates.noindex/Firebase.build/Debug-iphoneos/FirebaseFirestore.build/Objects-normal/arm64/FirebaseFirestore.SwiftConstValuesFileList (in target 'FirebaseFirestore' from project 'Firebase')
    cd /Users/Veer/Library/Developer/Xcode/DerivedData/HearifyV1-ftljoypfezvlxcgouzbpmsmxzads/SourcePackages/checkouts/firebase-ios-sdk
    write-file /Users/Veer/Library/Developer/Xcode/DerivedData/HearifyV1-ftljoypfezvlxcgouzbpmsmxzads/Build/Intermediates.noindex/Firebase.build/Debug-iphoneos/FirebaseFirestore.build/Objects-normal/arm64/FirebaseFirestore.SwiftConstValuesFileList

WriteAuxiliaryFile /Users/Veer/Library/Developer/Xcode/DerivedData/HearifyV1-ftljoypfezvlxcgouzbpmsmxzads/Build/Intermediates.noindex/Firebase.build/Debug-iphoneos/FirebaseFirestore.build/Objects-normal/arm64/FirebaseFirestore.LinkFileList (in target 'FirebaseFirestore' from project 'Firebase')
    cd /Users/Veer/Library/Developer/Xcode/DerivedData/HearifyV1-ftljoypfezvlxcgouzbpmsmxzads/SourcePackages/checkouts/firebase-ios-sdk
    write-file /Users/Veer/Library/Developer/Xcode/DerivedData/HearifyV1-ftljoypfezvlxcgouzbpmsmxzads/Build/Intermediates.noindex/Firebase.build/Debug-iphoneos/FirebaseFirestore.build/Objects-normal/arm64/FirebaseFirestore.LinkFileList

WriteAuxiliaryFile /Users/Veer/Library/Developer/Xcode/DerivedData/HearifyV1-ftljoypfezvlxcgouzbpmsmxzads/Build/Intermediates.noindex/Firebase.build/Debug-iphoneos/FirebaseFirestore.build/Objects-normal/arm64/FirebaseFirestore-OutputFileMap.json (in target 'FirebaseFirestore' from project 'Firebase')
    cd /Users/Veer/Library/Developer/Xcode/DerivedData/HearifyV1-ftljoypfezvlxcgouzbpmsmxzads/SourcePackages/checkouts/firebase-ios-sdk
    write-file /Users/Veer/Library/Developer/Xcode/DerivedData/HearifyV1-ftljoypfezvlxcgouzbpmsmxzads/Build/Intermediates.noindex/Firebase.build/Debug-iphoneos/FirebaseFirestore.build/Objects-normal/arm64/FirebaseFirestore-OutputFileMap.json

WriteAuxiliaryFile /Users/Veer/Library/Developer/Xcode/DerivedData/HearifyV1-ftljoypfezvlxcgouzbpmsmxzads/Build/Intermediates.noindex/Firebase.build/Debug-iphoneos/FirebaseFirestore.build/FirebaseFirestore.modulemap (in target 'FirebaseFirestore' from project 'Firebase')
    cd /Users/Veer/Library/Developer/Xcode/DerivedData/HearifyV1-ftljoypfezvlxcgouzbpmsmxzads/SourcePackages/checkouts/firebase-ios-sdk
    write-file /Users/Veer/Library/Developer/Xcode/DerivedData/HearifyV1-ftljoypfezvlxcgouzbpmsmxzads/Build/Intermediates.noindex/Firebase.build/Debug-iphoneos/FirebaseFirestore.build/FirebaseFirestore.modulemap

WriteAuxiliaryFile /Users/Veer/Library/Developer/Xcode/DerivedData/HearifyV1-ftljoypfezvlxcgouzbpmsmxzads/Build/Intermediates.noindex/Firebase.build/Debug-iphoneos/FirebaseFirestore.build/FirebaseFirestore.DependencyStaticMetadataFileList (in target 'FirebaseFirestore' from project 'Firebase')
    cd /Users/Veer/Library/Developer/Xcode/DerivedData/HearifyV1-ftljoypfezvlxcgouzbpmsmxzads/SourcePackages/checkouts/firebase-ios-sdk
    write-file /Users/Veer/Library/Developer/Xcode/DerivedData/HearifyV1-ftljoypfezvlxcgouzbpmsmxzads/Build/Intermediates.noindex/Firebase.build/Debug-iphoneos/FirebaseFirestore.build/FirebaseFirestore.DependencyStaticMetadataFileList

WriteAuxiliaryFile /Users/Veer/Library/Developer/Xcode/DerivedData/HearifyV1-ftljoypfezvlxcgouzbpmsmxzads/Build/Intermediates.noindex/Firebase.build/Debug-iphoneos/FirebaseFirestore.build/FirebaseFirestore.DependencyMetadataFileList (in target 'FirebaseFirestore' from project 'Firebase')
    cd /Users/Veer/Library/Developer/Xcode/DerivedData/HearifyV1-ftljoypfezvlxcgouzbpmsmxzads/SourcePackages/checkouts/firebase-ios-sdk
    write-file /Users/Veer/Library/Developer/Xcode/DerivedData/HearifyV1-ftljoypfezvlxcgouzbpmsmxzads/Build/Intermediates.noindex/Firebase.build/Debug-iphoneos/FirebaseFirestore.build/FirebaseFirestore.DependencyMetadataFileList

Copy /Users/Veer/Library/Developer/Xcode/DerivedData/HearifyV1-ftljoypfezvlxcgouzbpmsmxzads/Build/Intermediates.noindex/GeneratedModuleMaps-iphoneos/FirebaseFirestore.modulemap /Users/Veer/Library/Developer/Xcode/DerivedData/HearifyV1-ftljoypfezvlxcgouzbpmsmxzads/Build/Intermediates.noindex/Firebase.build/Debug-iphoneos/FirebaseFirestore.build/FirebaseFirestore.modulemap (in target 'FirebaseFirestore' from project 'Firebase')
    cd /Users/Veer/Library/Developer/Xcode/DerivedData/HearifyV1-ftljoypfezvlxcgouzbpmsmxzads/SourcePackages/checkouts/firebase-ios-sdk
    builtin-copy -exclude .DS_Store -exclude CVS -exclude .svn -exclude .git -exclude .hg -resolve-src-symlinks /Users/Veer/Library/Developer/Xcode/DerivedData/HearifyV1-ftljoypfezvlxcgouzbpmsmxzads/Build/Intermediates.noindex/Firebase.build/Debug-iphoneos/FirebaseFirestore.build/FirebaseFirestore.modulemap /Users/Veer/Library/Developer/Xcode/DerivedData/HearifyV1-ftljoypfezvlxcgouzbpmsmxzads/Build/Intermediates.noindex/GeneratedModuleMaps-iphoneos

WriteAuxiliaryFile /Users/Veer/Library/Developer/Xcode/DerivedData/HearifyV1-ftljoypfezvlxcgouzbpmsmxzads/Build/Intermediates.noindex/Firebase.build/Debug-iphoneos/FirebaseFirestore.build/DerivedSources/resource_bundle_accessor.swift (in target 'FirebaseFirestore' from project 'Firebase')
    cd /Users/Veer/Library/Developer/Xcode/DerivedData/HearifyV1-ftljoypfezvlxcgouzbpmsmxzads/SourcePackages/checkouts/firebase-ios-sdk
    write-file /Users/Veer/Library/Developer/Xcode/DerivedData/HearifyV1-ftljoypfezvlxcgouzbpmsmxzads/Build/Intermediates.noindex/Firebase.build/Debug-iphoneos/FirebaseFirestore.build/DerivedSources/resource_bundle_accessor.swift

ScanDependencies /Users/Veer/Library/Developer/Xcode/DerivedData/HearifyV1-ftljoypfezvlxcgouzbpmsmxzads/Build/Intermediates.noindex/gRPC.build/Debug-iphoneos/opensslWrapper.build/Objects-normal/arm64/resource_bundle_accessor.o /Users/Veer/Library/Developer/Xcode/DerivedData/HearifyV1-ftljoypfezvlxcgouzbpmsmxzads/Build/Intermediates.noindex/gRPC.build/Debug-iphoneos/opensslWrapper.build/DerivedSources/resource_bundle_accessor.m normal arm64 objective-c com.apple.compilers.llvm.clang.1_0.compiler (in target 'opensslWrapper' from project 'gRPC')
    cd /Users/Veer/Library/Mobile\ Documents/com\~apple\~CloudDocs/HearifyV1/HearifyV1.xcodeproj
    
    Using response file: /Users/Veer/Library/Developer/Xcode/DerivedData/HearifyV1-ftljoypfezvlxcgouzbpmsmxzads/Build/Intermediates.noindex/gRPC.build/Debug-iphoneos/opensslWrapper.build/Objects-normal/arm64/e6072d4f65d7061329687fe24e3d63a7-common-args.resp
    
    builtin-ScanDependencies -o /Users/Veer/Library/Developer/Xcode/DerivedData/HearifyV1-ftljoypfezvlxcgouzbpmsmxzads/Build/Intermediates.noindex/gRPC.build/Debug-iphoneos/opensslWrapper.build/Objects-normal/arm64/resource_bundle_accessor.o.scan -- /Applications/Xcode.app/Contents/Developer/Toolchains/XcodeDefault.xctoolchain/usr/bin/clang -x objective-c -ivfsstatcache /Users/Veer/Library/Developer/Xcode/DerivedData/SDKStatCaches.noindex/iphoneos26.2-23C53-3794476bd08197c3e2abd9bb477ef7f7.sdkstatcache -fmessage-length\=0 -fdiagnostics-show-note-include-stack -fmacro-backtrace-limit\=0 -fno-color-diagnostics -fmodules-prune-interval\=86400 -fmodules-prune-after\=345600 -fbuild-session-file\=/Users/Veer/Library/Developer/Xcode/DerivedData/ModuleCache.noindex/Session.modulevalidation -fmodules-validate-once-per-build-session -Wnon-modular-include-in-framework-module -Werror\=non-modular-include-in-framework-module -Wno-trigraphs -Wno-missing-field-initializers -Wno-missing-prototypes -Wno-return-type -Wno-implicit-atomic-properties -Wno-objc-interface-ivars -Wno-arc-repeated-use-of-weak -Wno-missing-braces -Wparentheses -Wswitch -Wno-unused-function -Wno-unused-label -Wno-unused-parameter -Wno-unused-variable -Wunused-value -Wno-empty-body -Wno-uninitialized -Wno-unknown-pragmas -w -Wno-shadow -Wno-four-char-constants -Wno-conversion -Wno-constant-conversion -Wno-int-conversion -Wno-bool-conversion -Wno-enum-conversion -Wno-float-conversion -Wno-non-literal-null-conversion -Wno-objc-literal-conversion -Wshorten-64-to-32 -Wpointer-sign -Wno-newline-eof -Wno-selector -Wno-strict-selector-match -Wno-undeclared-selector -Wno-deprecated-implementations -Wno-implicit-fallthrough -fstrict-aliasing -Wprotocol -Wdeprecated-declarations -Wno-sign-conversion -Wno-infinite-recursion -Wno-comma -Wno-block-capture-autoreleasing -Wno-strict-prototypes -Wno-semicolon-before-method-body -index-store-path /Users/Veer/Library/Developer/Xcode/DerivedData/HearifyV1-ftljoypfezvlxcgouzbpmsmxzads/Index.noindex/DataStore @/Users/Veer/Library/Developer/Xcode/DerivedData/HearifyV1-ftljoypfezvlxcgouzbpmsmxzads/Build/Intermediates.noindex/gRPC.build/Debug-iphoneos/opensslWrapper.build/Objects-normal/arm64/e6072d4f65d7061329687fe24e3d63a7-common-args.resp -include /Users/Veer/Library/Developer/Xcode/DerivedData/HearifyV1-ftljoypfezvlxcgouzbpmsmxzads/Build/Intermediates.noindex/gRPC.build/Debug-iphoneos/opensslWrapper.build/DerivedSources/resource_bundle_accessor.h -MMD -MT dependencies -MF /Users/Veer/Library/Developer/Xcode/DerivedData/HearifyV1-ftljoypfezvlxcgouzbpmsmxzads/Build/Intermediates.noindex/gRPC.build/Debug-iphoneos/opensslWrapper.build/Objects-normal/arm64/resource_bundle_accessor.d --serialize-diagnostics /Users/Veer/Library/Developer/Xcode/DerivedData/HearifyV1-ftljoypfezvlxcgouzbpmsmxzads/Build/Intermediates.noindex/gRPC.build/Debug-iphoneos/opensslWrapper.build/Objects-normal/arm64/resource_bundle_accessor.dia -c /Users/Veer/Library/Developer/Xcode/DerivedData/HearifyV1-ftljoypfezvlxcgouzbpmsmxzads/Build/Intermediates.noindex/gRPC.build/Debug-iphoneos/opensslWrapper.build/DerivedSources/resource_bundle_accessor.m -o /Users/Veer/Library/Developer/Xcode/DerivedData/HearifyV1-ftljoypfezvlxcgouzbpmsmxzads/Build/Intermediates.noindex/gRPC.build/Debug-iphoneos/opensslWrapper.build/Objects-normal/arm64/resource_bundle_accessor.o -index-unit-output-path /gRPC.build/Debug-iphoneos/opensslWrapper.build/Objects-normal/arm64/resource_bundle_accessor.o

ScanDependencies /Users/Veer/Library/Developer/Xcode/DerivedData/HearifyV1-ftljoypfezvlxcgouzbpmsmxzads/Build/Intermediates.noindex/gRPC.build/Debug-iphoneos/opensslWrapper.build/Objects-normal/arm64/empty.o /Users/Veer/Library/Developer/Xcode/DerivedData/HearifyV1-ftljoypfezvlxcgouzbpmsmxzads/SourcePackages/checkouts/grpc-binary/openssl-grpc-Wrapper/empty.m normal arm64 objective-c com.apple.compilers.llvm.clang.1_0.compiler (in target 'opensslWrapper' from project 'gRPC')
    cd /Users/Veer/Library/Mobile\ Documents/com\~apple\~CloudDocs/HearifyV1/HearifyV1.xcodeproj
    
    Using response file: /Users/Veer/Library/Developer/Xcode/DerivedData/HearifyV1-ftljoypfezvlxcgouzbpmsmxzads/Build/Intermediates.noindex/gRPC.build/Debug-iphoneos/opensslWrapper.build/Objects-normal/arm64/e6072d4f65d7061329687fe24e3d63a7-common-args.resp
    
    builtin-ScanDependencies -o /Users/Veer/Library/Developer/Xcode/DerivedData/HearifyV1-ftljoypfezvlxcgouzbpmsmxzads/Build/Intermediates.noindex/gRPC.build/Debug-iphoneos/opensslWrapper.build/Objects-normal/arm64/empty.o.scan -- /Applications/Xcode.app/Contents/Developer/Toolchains/XcodeDefault.xctoolchain/usr/bin/clang -x objective-c -ivfsstatcache /Users/Veer/Library/Developer/Xcode/DerivedData/SDKStatCaches.noindex/iphoneos26.2-23C53-3794476bd08197c3e2abd9bb477ef7f7.sdkstatcache -fmessage-length\=0 -fdiagnostics-show-note-include-stack -fmacro-backtrace-limit\=0 -fno-color-diagnostics -fmodules-prune-interval\=86400 -fmodules-prune-after\=345600 -fbuild-session-file\=/Users/Veer/Library/Developer/Xcode/DerivedData/ModuleCache.noindex/Session.modulevalidation -fmodules-validate-once-per-build-session -Wnon-modular-include-in-framework-module -Werror\=non-modular-include-in-framework-module -Wno-trigraphs -Wno-missing-field-initializers -Wno-missing-prototypes -Wno-return-type -Wno-implicit-atomic-properties -Wno-objc-interface-ivars -Wno-arc-repeated-use-of-weak -Wno-missing-braces -Wparentheses -Wswitch -Wno-unused-function -Wno-unused-label -Wno-unused-parameter -Wno-unused-variable -Wunused-value -Wno-empty-body -Wno-uninitialized -Wno-unknown-pragmas -w -Wno-shadow -Wno-four-char-constants -Wno-conversion -Wno-constant-conversion -Wno-int-conversion -Wno-bool-conversion -Wno-enum-conversion -Wno-float-conversion -Wno-non-literal-null-conversion -Wno-objc-literal-conversion -Wshorten-64-to-32 -Wpointer-sign -Wno-newline-eof -Wno-selector -Wno-strict-selector-match -Wno-undeclared-selector -Wno-deprecated-implementations -Wno-implicit-fallthrough -fstrict-aliasing -Wprotocol -Wdeprecated-declarations -Wno-sign-conversion -Wno-infinite-recursion -Wno-comma -Wno-block-capture-autoreleasing -Wno-strict-prototypes -Wno-semicolon-before-method-body -index-store-path /Users/Veer/Library/Developer/Xcode/DerivedData/HearifyV1-ftljoypfezvlxcgouzbpmsmxzads/Index.noindex/DataStore @/Users/Veer/Library/Developer/Xcode/DerivedData/HearifyV1-ftljoypfezvlxcgouzbpmsmxzads/Build/Intermediates.noindex/gRPC.build/Debug-iphoneos/opensslWrapper.build/Objects-normal/arm64/e6072d4f65d7061329687fe24e3d63a7-common-args.resp -include /Users/Veer/Library/Developer/Xcode/DerivedData/HearifyV1-ftljoypfezvlxcgouzbpmsmxzads/Build/Intermediates.noindex/gRPC.build/Debug-iphoneos/opensslWrapper.build/DerivedSources/resource_bundle_accessor.h -MMD -MT dependencies -MF /Users/Veer/Library/Developer/Xcode/DerivedData/HearifyV1-ftljoypfezvlxcgouzbpmsmxzads/Build/Intermediates.noindex/gRPC.build/Debug-iphoneos/opensslWrapper.build/Objects-normal/arm64/empty.d --serialize-diagnostics /Users/Veer/Library/Developer/Xcode/DerivedData/HearifyV1-ftljoypfezvlxcgouzbpmsmxzads/Build/Intermediates.noindex/gRPC.build/Debug-iphoneos/opensslWrapper.build/Objects-normal/arm64/empty.dia -c /Users/Veer/Library/Developer/Xcode/DerivedData/HearifyV1-ftljoypfezvlxcgouzbpmsmxzads/SourcePackages/checkouts/grpc-binary/openssl-grpc-Wrapper/empty.m -o /Users/Veer/Library/Developer/Xcode/DerivedData/HearifyV1-ftljoypfezvlxcgouzbpmsmxzads/Build/Intermediates.noindex/gRPC.build/Debug-iphoneos/opensslWrapper.build/Objects-normal/arm64/empty.o -index-unit-output-path /gRPC.build/Debug-iphoneos/opensslWrapper.build/Objects-normal/arm64/empty.o

PrecompileModule /Users/Veer/Library/Developer/Xcode/DerivedData/HearifyV1-ftljoypfezvlxcgouzbpmsmxzads/Build/Intermediates.noindex/ExplicitPrecompiledModules/Dispatch-5CM791GMXH9PJUFMZPHZ2J0XM.scan
    cd /
    builtin-precompileModule /Users/Veer/Library/Developer/Xcode/DerivedData/HearifyV1-ftljoypfezvlxcgouzbpmsmxzads/Build/Intermediates.noindex/ExplicitPrecompiledModules/Dispatch-5CM791GMXH9PJUFMZPHZ2J0XM.scan

PrecompileModule /Users/Veer/Library/Developer/Xcode/DerivedData/HearifyV1-ftljoypfezvlxcgouzbpmsmxzads/Build/Intermediates.noindex/ExplicitPrecompiledModules/XPC-1OHTGGE3U3O1H7G2H2UHOK8JR.scan
    cd /
    builtin-precompileModule /Users/Veer/Library/Developer/Xcode/DerivedData/HearifyV1-ftljoypfezvlxcgouzbpmsmxzads/Build/Intermediates.noindex/ExplicitPrecompiledModules/XPC-1OHTGGE3U3O1H7G2H2UHOK8JR.scan

PrecompileModule /Users/Veer/Library/Developer/Xcode/DerivedData/HearifyV1-ftljoypfezvlxcgouzbpmsmxzads/Build/Intermediates.noindex/ExplicitPrecompiledModules/CoreFoundation-3Q3WM1QZR4Q5Z1MRGN3PTO9OK.scan
    cd /
    builtin-precompileModule /Users/Veer/Library/Developer/Xcode/DerivedData/HearifyV1-ftljoypfezvlxcgouzbpmsmxzads/Build/Intermediates.noindex/ExplicitPrecompiledModules/CoreFoundation-3Q3WM1QZR4Q5Z1MRGN3PTO9OK.scan

CompileC /Users/Veer/Library/Developer/Xcode/DerivedData/HearifyV1-ftljoypfezvlxcgouzbpmsmxzads/Build/Intermediates.noindex/nanopb.build/Debug-iphoneos/nanopb.build/Objects-normal/arm64/resource_bundle_accessor.o /Users/Veer/Library/Developer/Xcode/DerivedData/HearifyV1-ftljoypfezvlxcgouzbpmsmxzads/Build/Intermediates.noindex/nanopb.build/Debug-iphoneos/nanopb.build/DerivedSources/resource_bundle_accessor.m normal arm64 objective-c com.apple.compilers.llvm.clang.1_0.compiler (in target 'nanopb' from project 'nanopb')
    cd /Users/Veer/Library/Mobile\ Documents/com\~apple\~CloudDocs/HearifyV1/HearifyV1.xcodeproj
    
    Using response file: /Users/Veer/Library/Developer/Xcode/DerivedData/HearifyV1-ftljoypfezvlxcgouzbpmsmxzads/Build/Intermediates.noindex/nanopb.build/Debug-iphoneos/nanopb.build/Objects-normal/arm64/e6072d4f65d7061329687fe24e3d63a7-common-args.resp
    
    /Applications/Xcode.app/Contents/Developer/Toolchains/XcodeDefault.xctoolchain/usr/bin/clang -x objective-c -ivfsstatcache /Users/Veer/Library/Developer/Xcode/DerivedData/SDKStatCaches.noindex/iphoneos26.2-23C53-3794476bd08197c3e2abd9bb477ef7f7.sdkstatcache -fmessage-length\=0 -fdiagnostics-show-note-include-stack -fmacro-backtrace-limit\=0 -fno-color-diagnostics -fmodules-prune-interval\=86400 -fmodules-prune-after\=345600 -fbuild-session-file\=/Users/Veer/Library/Developer/Xcode/DerivedData/ModuleCache.noindex/Session.modulevalidation -fmodules-validate-once-per-build-session -Wnon-modular-include-in-framework-module -Werror\=non-modular-include-in-framework-module -Wno-trigraphs -Wno-missing-field-initializers -Wno-missing-prototypes -Wno-return-type -Wno-implicit-atomic-properties -Wno-objc-interface-ivars -Wno-arc-repeated-use-of-weak -Wno-missing-braces -Wparentheses -Wswitch -Wno-unused-function -Wno-unused-label -Wno-unused-parameter -Wno-unused-variable -Wunused-value -Wno-empty-body -Wno-uninitialized -Wno-unknown-pragmas -w -Wno-shadow -Wno-four-char-constants -Wno-conversion -Wno-constant-conversion -Wno-int-conversion -Wno-bool-conversion -Wno-enum-conversion -Wno-float-conversion -Wno-non-literal-null-conversion -Wno-objc-literal-conversion -Wshorten-64-to-32 -Wpointer-sign -Wno-newline-eof -Wno-selector -Wno-strict-selector-match -Wno-undeclared-selector -Wno-deprecated-implementations -Wno-implicit-fallthrough -fstrict-aliasing -Wprotocol -Wdeprecated-declarations -Wno-sign-conversion -Wno-infinite-recursion -Wno-comma -Wno-block-capture-autoreleasing -Wno-strict-prototypes -Wno-semicolon-before-method-body -index-store-path /Users/Veer/Library/Developer/Xcode/DerivedData/HearifyV1-ftljoypfezvlxcgouzbpmsmxzads/Index.noindex/DataStore @/Users/Veer/Library/Developer/Xcode/DerivedData/HearifyV1-ftljoypfezvlxcgouzbpmsmxzads/Build/Intermediates.noindex/nanopb.build/Debug-iphoneos/nanopb.build/Objects-normal/arm64/e6072d4f65d7061329687fe24e3d63a7-common-args.resp -include /Users/Veer/Library/Developer/Xcode/DerivedData/HearifyV1-ftljoypfezvlxcgouzbpmsmxzads/Build/Intermediates.noindex/nanopb.build/Debug-iphoneos/nanopb.build/DerivedSources/resource_bundle_accessor.h -MMD -MT dependencies -MF /Users/Veer/Library/Developer/Xcode/DerivedData/HearifyV1-ftljoypfezvlxcgouzbpmsmxzads/Build/Intermediates.noindex/nanopb.build/Debug-iphoneos/nanopb.build/Objects-normal/arm64/resource_bundle_accessor.d --serialize-diagnostics /Users/Veer/Library/Developer/Xcode/DerivedData/HearifyV1-ftljoypfezvlxcgouzbpmsmxzads/Build/Intermediates.noindex/nanopb.build/Debug-iphoneos/nanopb.build/Objects-normal/arm64/resource_bundle_accessor.dia -c /Users/Veer/Library/Developer/Xcode/DerivedData/HearifyV1-ftljoypfezvlxcgouzbpmsmxzads/Build/Intermediates.noindex/nanopb.build/Debug-iphoneos/nanopb.build/DerivedSources/resource_bundle_accessor.m -o /Users/Veer/Library/Developer/Xcode/DerivedData/HearifyV1-ftljoypfezvlxcgouzbpmsmxzads/Build/Intermediates.noindex/nanopb.build/Debug-iphoneos/nanopb.build/Objects-normal/arm64/resource_bundle_accessor.o -index-unit-output-path /nanopb.build/Debug-iphoneos/nanopb.build/Objects-normal/arm64/resource_bundle_accessor.o

WriteAuxiliaryFile /Users/Veer/Library/Developer/Xcode/DerivedData/HearifyV1-ftljoypfezvlxcgouzbpmsmxzads/Build/Intermediates.noindex/abseil.build/Debug-iphoneos/abslWrapper.build/abslWrapper.modulemap (in target 'abslWrapper' from project 'abseil')
    cd /Users/Veer/Library/Developer/Xcode/DerivedData/HearifyV1-ftljoypfezvlxcgouzbpmsmxzads/SourcePackages/checkouts/abseil-cpp-binary
    write-file /Users/Veer/Library/Developer/Xcode/DerivedData/HearifyV1-ftljoypfezvlxcgouzbpmsmxzads/Build/Intermediates.noindex/abseil.build/Debug-iphoneos/abslWrapper.build/abslWrapper.modulemap

WriteAuxiliaryFile /Users/Veer/Library/Developer/Xcode/DerivedData/HearifyV1-ftljoypfezvlxcgouzbpmsmxzads/Build/Intermediates.noindex/abseil.build/Debug-iphoneos/abslWrapper.build/abslWrapper.DependencyStaticMetadataFileList (in target 'abslWrapper' from project 'abseil')
    cd /Users/Veer/Library/Developer/Xcode/DerivedData/HearifyV1-ftljoypfezvlxcgouzbpmsmxzads/SourcePackages/checkouts/abseil-cpp-binary
    write-file /Users/Veer/Library/Developer/Xcode/DerivedData/HearifyV1-ftljoypfezvlxcgouzbpmsmxzads/Build/Intermediates.noindex/abseil.build/Debug-iphoneos/abslWrapper.build/abslWrapper.DependencyStaticMetadataFileList

WriteAuxiliaryFile /Users/Veer/Library/Developer/Xcode/DerivedData/HearifyV1-ftljoypfezvlxcgouzbpmsmxzads/Build/Intermediates.noindex/abseil.build/Debug-iphoneos/abslWrapper.build/abslWrapper.DependencyMetadataFileList (in target 'abslWrapper' from project 'abseil')
    cd /Users/Veer/Library/Developer/Xcode/DerivedData/HearifyV1-ftljoypfezvlxcgouzbpmsmxzads/SourcePackages/checkouts/abseil-cpp-binary
    write-file /Users/Veer/Library/Developer/Xcode/DerivedData/HearifyV1-ftljoypfezvlxcgouzbpmsmxzads/Build/Intermediates.noindex/abseil.build/Debug-iphoneos/abslWrapper.build/abslWrapper.DependencyMetadataFileList

WriteAuxiliaryFile /Users/Veer/Library/Developer/Xcode/DerivedData/HearifyV1-ftljoypfezvlxcgouzbpmsmxzads/Build/Intermediates.noindex/abseil.build/Debug-iphoneos/abslWrapper.build/Objects-normal/arm64/e6072d4f65d7061329687fe24e3d63a7-common-args.resp (in target 'abslWrapper' from project 'abseil')
    cd /Users/Veer/Library/Developer/Xcode/DerivedData/HearifyV1-ftljoypfezvlxcgouzbpmsmxzads/SourcePackages/checkouts/abseil-cpp-binary
    write-file /Users/Veer/Library/Developer/Xcode/DerivedData/HearifyV1-ftljoypfezvlxcgouzbpmsmxzads/Build/Intermediates.noindex/abseil.build/Debug-iphoneos/abslWrapper.build/Objects-normal/arm64/e6072d4f65d7061329687fe24e3d63a7-common-args.resp
-target arm64-apple-ios12.0 -fobjc-arc -fmodules -gmodules '-fmodules-cache-path=/Users/Veer/Library/Developer/Xcode/DerivedData/ModuleCache.noindex' '-fmodule-name=abslWrapper' -fpascal-strings -O0 -DSWIFT_PACKAGE '-DDEBUG=1' '-DOBJC_OLD_DISPATCH_PROTOTYPES=1' -isysroot /Applications/Xcode.app/Contents/Developer/Platforms/iPhoneOS.platform/Developer/SDKs/iPhoneOS26.2.sdk -g -fprofile-instr-generate -fcoverage-mapping -I/Users/Veer/Library/Developer/Xcode/DerivedData/HearifyV1-ftljoypfezvlxcgouzbpmsmxzads/Build/Products/Debug-iphoneos/include -I/Users/Veer/Library/Developer/Xcode/DerivedData/HearifyV1-ftljoypfezvlxcgouzbpmsmxzads/SourcePackages/checkouts/abseil-cpp-binary/absl-Wrapper/include -I/Users/Veer/Library/Developer/Xcode/DerivedData/HearifyV1-ftljoypfezvlxcgouzbpmsmxzads/Build/Intermediates.noindex/abseil.build/Debug-iphoneos/abslWrapper.build/DerivedSources-normal/arm64 -I/Users/Veer/Library/Developer/Xcode/DerivedData/HearifyV1-ftljoypfezvlxcgouzbpmsmxzads/Build/Intermediates.noindex/abseil.build/Debug-iphoneos/abslWrapper.build/DerivedSources/arm64 -I/Users/Veer/Library/Developer/Xcode/DerivedData/HearifyV1-ftljoypfezvlxcgouzbpmsmxzads/Build/Intermediates.noindex/abseil.build/Debug-iphoneos/abslWrapper.build/DerivedSources -F/Users/Veer/Library/Developer/Xcode/DerivedData/HearifyV1-ftljoypfezvlxcgouzbpmsmxzads/Build/Products/Debug-iphoneos -iframework /Applications/Xcode.app/Contents/Developer/Platforms/iPhoneOS.platform/Developer/Library/Frameworks -iframework /Applications/Xcode.app/Contents/Developer/Platforms/iPhoneOS.platform/Developer/SDKs/iPhoneOS26.2.sdk/Developer/Library/Frameworks -DXcode

WriteAuxiliaryFile /Users/Veer/Library/Developer/Xcode/DerivedData/HearifyV1-ftljoypfezvlxcgouzbpmsmxzads/Build/Intermediates.noindex/abseil.build/Debug-iphoneos/abslWrapper.build/Objects-normal/arm64/abslWrapper.LinkFileList (in target 'abslWrapper' from project 'abseil')
    cd /Users/Veer/Library/Developer/Xcode/DerivedData/HearifyV1-ftljoypfezvlxcgouzbpmsmxzads/SourcePackages/checkouts/abseil-cpp-binary
    write-file /Users/Veer/Library/Developer/Xcode/DerivedData/HearifyV1-ftljoypfezvlxcgouzbpmsmxzads/Build/Intermediates.noindex/abseil.build/Debug-iphoneos/abslWrapper.build/Objects-normal/arm64/abslWrapper.LinkFileList

WriteAuxiliaryFile /Users/Veer/Library/Developer/Xcode/DerivedData/HearifyV1-ftljoypfezvlxcgouzbpmsmxzads/Build/Intermediates.noindex/abseil.build/Debug-iphoneos/abslWrapper.build/DerivedSources/resource_bundle_accessor.m (in target 'abslWrapper' from project 'abseil')
    cd /Users/Veer/Library/Developer/Xcode/DerivedData/HearifyV1-ftljoypfezvlxcgouzbpmsmxzads/SourcePackages/checkouts/abseil-cpp-binary
    write-file /Users/Veer/Library/Developer/Xcode/DerivedData/HearifyV1-ftljoypfezvlxcgouzbpmsmxzads/Build/Intermediates.noindex/abseil.build/Debug-iphoneos/abslWrapper.build/DerivedSources/resource_bundle_accessor.m

WriteAuxiliaryFile /Users/Veer/Library/Developer/Xcode/DerivedData/HearifyV1-ftljoypfezvlxcgouzbpmsmxzads/Build/Intermediates.noindex/abseil.build/Debug-iphoneos/abslWrapper.build/DerivedSources/resource_bundle_accessor.h (in target 'abslWrapper' from project 'abseil')
    cd /Users/Veer/Library/Developer/Xcode/DerivedData/HearifyV1-ftljoypfezvlxcgouzbpmsmxzads/SourcePackages/checkouts/abseil-cpp-binary
    write-file /Users/Veer/Library/Developer/Xcode/DerivedData/HearifyV1-ftljoypfezvlxcgouzbpmsmxzads/Build/Intermediates.noindex/abseil.build/Debug-iphoneos/abslWrapper.build/DerivedSources/resource_bundle_accessor.h

Copy /Users/Veer/Library/Developer/Xcode/DerivedData/HearifyV1-ftljoypfezvlxcgouzbpmsmxzads/Build/Intermediates.noindex/GeneratedModuleMaps-iphoneos/abslWrapper.modulemap /Users/Veer/Library/Developer/Xcode/DerivedData/HearifyV1-ftljoypfezvlxcgouzbpmsmxzads/Build/Intermediates.noindex/abseil.build/Debug-iphoneos/abslWrapper.build/abslWrapper.modulemap (in target 'abslWrapper' from project 'abseil')
    cd /Users/Veer/Library/Developer/Xcode/DerivedData/HearifyV1-ftljoypfezvlxcgouzbpmsmxzads/SourcePackages/checkouts/abseil-cpp-binary
    builtin-copy -exclude .DS_Store -exclude CVS -exclude .svn -exclude .git -exclude .hg -resolve-src-symlinks /Users/Veer/Library/Developer/Xcode/DerivedData/HearifyV1-ftljoypfezvlxcgouzbpmsmxzads/Build/Intermediates.noindex/abseil.build/Debug-iphoneos/abslWrapper.build/abslWrapper.modulemap /Users/Veer/Library/Developer/Xcode/DerivedData/HearifyV1-ftljoypfezvlxcgouzbpmsmxzads/Build/Intermediates.noindex/GeneratedModuleMaps-iphoneos

RegisterExecutionPolicyException /Users/Veer/Library/Developer/Xcode/DerivedData/HearifyV1-ftljoypfezvlxcgouzbpmsmxzads/Build/Products/Debug-iphoneos/third-party-IsAppEncrypted.o (in target 'third-party-IsAppEncrypted' from project 'GoogleUtilities')
    cd /Users/Veer/Library/Developer/Xcode/DerivedData/HearifyV1-ftljoypfezvlxcgouzbpmsmxzads/SourcePackages/checkouts/GoogleUtilities
    builtin-RegisterExecutionPolicyException /Users/Veer/Library/Developer/Xcode/DerivedData/HearifyV1-ftljoypfezvlxcgouzbpmsmxzads/Build/Products/Debug-iphoneos/third-party-IsAppEncrypted.o

RegisterExecutionPolicyException /Users/Veer/Library/Developer/Xcode/DerivedData/HearifyV1-ftljoypfezvlxcgouzbpmsmxzads/Build/Products/Debug-iphoneos/nanopb_nanopb.bundle (in target 'nanopb_nanopb' from project 'nanopb')
    cd /Users/Veer/Library/Developer/Xcode/DerivedData/HearifyV1-ftljoypfezvlxcgouzbpmsmxzads/SourcePackages/checkouts/nanopb
    builtin-RegisterExecutionPolicyException /Users/Veer/Library/Developer/Xcode/DerivedData/HearifyV1-ftljoypfezvlxcgouzbpmsmxzads/Build/Products/Debug-iphoneos/nanopb_nanopb.bundle

RegisterExecutionPolicyException /Users/Veer/Library/Developer/Xcode/DerivedData/HearifyV1-ftljoypfezvlxcgouzbpmsmxzads/Build/Products/Debug-iphoneos/leveldb_leveldb.bundle (in target 'leveldb_leveldb' from project 'leveldb')
    cd /Users/Veer/Library/Developer/Xcode/DerivedData/HearifyV1-ftljoypfezvlxcgouzbpmsmxzads/SourcePackages/checkouts/leveldb
    builtin-RegisterExecutionPolicyException /Users/Veer/Library/Developer/Xcode/DerivedData/HearifyV1-ftljoypfezvlxcgouzbpmsmxzads/Build/Products/Debug-iphoneos/leveldb_leveldb.bundle

Touch /Users/Veer/Library/Developer/Xcode/DerivedData/HearifyV1-ftljoypfezvlxcgouzbpmsmxzads/Build/Products/Debug-iphoneos/nanopb_nanopb.bundle (in target 'nanopb_nanopb' from project 'nanopb')
    cd /Users/Veer/Library/Developer/Xcode/DerivedData/HearifyV1-ftljoypfezvlxcgouzbpmsmxzads/SourcePackages/checkouts/nanopb
    /usr/bin/touch -c /Users/Veer/Library/Developer/Xcode/DerivedData/HearifyV1-ftljoypfezvlxcgouzbpmsmxzads/Build/Products/Debug-iphoneos/nanopb_nanopb.bundle

PrecompileModule /Users/Veer/Library/Developer/Xcode/DerivedData/HearifyV1-ftljoypfezvlxcgouzbpmsmxzads/Build/Intermediates.noindex/ExplicitPrecompiledModules/CFNetwork-NYKQW9EU47TOQA8TDEQHMNHS.scan
    cd /
    builtin-precompileModule /Users/Veer/Library/Developer/Xcode/DerivedData/HearifyV1-ftljoypfezvlxcgouzbpmsmxzads/Build/Intermediates.noindex/ExplicitPrecompiledModules/CFNetwork-NYKQW9EU47TOQA8TDEQHMNHS.scan

PrecompileModule /Users/Veer/Library/Developer/Xcode/DerivedData/HearifyV1-ftljoypfezvlxcgouzbpmsmxzads/Build/Intermediates.noindex/ExplicitPrecompiledModules/Security-18N0SOT2E8FOWF8POQDJU67N6.scan
    cd /
    builtin-precompileModule /Users/Veer/Library/Developer/Xcode/DerivedData/HearifyV1-ftljoypfezvlxcgouzbpmsmxzads/Build/Intermediates.noindex/ExplicitPrecompiledModules/Security-18N0SOT2E8FOWF8POQDJU67N6.scan

PrecompileModule /Users/Veer/Library/Developer/Xcode/DerivedData/HearifyV1-ftljoypfezvlxcgouzbpmsmxzads/Build/Intermediates.noindex/ExplicitPrecompiledModules/CoreVideo-E1C9QX5X1T6EH2BPA9SJVFWDV.scan
    cd /
    builtin-precompileModule /Users/Veer/Library/Developer/Xcode/DerivedData/HearifyV1-ftljoypfezvlxcgouzbpmsmxzads/Build/Intermediates.noindex/ExplicitPrecompiledModules/CoreVideo-E1C9QX5X1T6EH2BPA9SJVFWDV.scan

PrecompileModule /Users/Veer/Library/Developer/Xcode/DerivedData/HearifyV1-ftljoypfezvlxcgouzbpmsmxzads/Build/Intermediates.noindex/ExplicitPrecompiledModules/CoreGraphics-A12PNJG3YP7UQQCW0XV2A55A0.scan
    cd /
    builtin-precompileModule /Users/Veer/Library/Developer/Xcode/DerivedData/HearifyV1-ftljoypfezvlxcgouzbpmsmxzads/Build/Intermediates.noindex/ExplicitPrecompiledModules/CoreGraphics-A12PNJG3YP7UQQCW0XV2A55A0.scan

Ld /Users/Veer/Library/Developer/Xcode/DerivedData/HearifyV1-ftljoypfezvlxcgouzbpmsmxzads/Build/Products/Debug-iphoneos/nanopb.o normal (in target 'nanopb' from project 'nanopb')
    cd /Users/Veer/Library/Developer/Xcode/DerivedData/HearifyV1-ftljoypfezvlxcgouzbpmsmxzads/SourcePackages/checkouts/nanopb
    /Applications/Xcode.app/Contents/Developer/Toolchains/XcodeDefault.xctoolchain/usr/bin/clang -Xlinker -reproducible -target arm64-apple-ios12.0 -r -isysroot /Applications/Xcode.app/Contents/Developer/Platforms/iPhoneOS.platform/Developer/SDKs/iPhoneOS26.2.sdk -O0 -w -L/Users/Veer/Library/Developer/Xcode/DerivedData/HearifyV1-ftljoypfezvlxcgouzbpmsmxzads/Build/Intermediates.noindex/EagerLinkingTBDs/Debug-iphoneos -L/Users/Veer/Library/Developer/Xcode/DerivedData/HearifyV1-ftljoypfezvlxcgouzbpmsmxzads/Build/Products/Debug-iphoneos -L/Applications/Xcode.app/Contents/Developer/Platforms/iPhoneOS.platform/Developer/usr/lib -F/Users/Veer/Library/Developer/Xcode/DerivedData/HearifyV1-ftljoypfezvlxcgouzbpmsmxzads/Build/Intermediates.noindex/EagerLinkingTBDs/Debug-iphoneos -F/Users/Veer/Library/Developer/Xcode/DerivedData/HearifyV1-ftljoypfezvlxcgouzbpmsmxzads/Build/Products/Debug-iphoneos -iframework /Applications/Xcode.app/Contents/Developer/Platforms/iPhoneOS.platform/Developer/Library/Frameworks -iframework /Applications/Xcode.app/Contents/Developer/Platforms/iPhoneOS.platform/Developer/SDKs/iPhoneOS26.2.sdk/Developer/Library/Frameworks -filelist /Users/Veer/Library/Developer/Xcode/DerivedData/HearifyV1-ftljoypfezvlxcgouzbpmsmxzads/Build/Intermediates.noindex/nanopb.build/Debug-iphoneos/nanopb.build/Objects-normal/arm64/nanopb.LinkFileList -nostdlib -Xlinker -object_path_lto -Xlinker /Users/Veer/Library/Developer/Xcode/DerivedData/HearifyV1-ftljoypfezvlxcgouzbpmsmxzads/Build/Intermediates.noindex/nanopb.build/Debug-iphoneos/nanopb.build/Objects-normal/arm64/nanopb_lto.o -rdynamic -Xlinker -no_deduplicate -Xlinker -debug_variant -Xlinker -dependency_info -Xlinker /Users/Veer/Library/Developer/Xcode/DerivedData/HearifyV1-ftljoypfezvlxcgouzbpmsmxzads/Build/Intermediates.noindex/nanopb.build/Debug-iphoneos/nanopb.build/Objects-normal/arm64/nanopb_dependency_info.dat -fobjc-arc -fobjc-link-runtime -o /Users/Veer/Library/Developer/Xcode/DerivedData/HearifyV1-ftljoypfezvlxcgouzbpmsmxzads/Build/Products/Debug-iphoneos/nanopb.o

Touch /Users/Veer/Library/Developer/Xcode/DerivedData/HearifyV1-ftljoypfezvlxcgouzbpmsmxzads/Build/Products/Debug-iphoneos/leveldb_leveldb.bundle (in target 'leveldb_leveldb' from project 'leveldb')
    cd /Users/Veer/Library/Developer/Xcode/DerivedData/HearifyV1-ftljoypfezvlxcgouzbpmsmxzads/SourcePackages/checkouts/leveldb
    /usr/bin/touch -c /Users/Veer/Library/Developer/Xcode/DerivedData/HearifyV1-ftljoypfezvlxcgouzbpmsmxzads/Build/Products/Debug-iphoneos/leveldb_leveldb.bundle

PrecompileModule /Users/Veer/Library/Developer/Xcode/DerivedData/HearifyV1-ftljoypfezvlxcgouzbpmsmxzads/Build/Intermediates.noindex/ExplicitPrecompiledModules/ptrcheck-49ILTHV6SNHO0VJIVN9GG3ODE.scan
    cd /
    builtin-precompileModule /Users/Veer/Library/Developer/Xcode/DerivedData/HearifyV1-ftljoypfezvlxcgouzbpmsmxzads/Build/Intermediates.noindex/ExplicitPrecompiledModules/ptrcheck-49ILTHV6SNHO0VJIVN9GG3ODE.scan

PrecompileModule /Users/Veer/Library/Developer/Xcode/DerivedData/HearifyV1-ftljoypfezvlxcgouzbpmsmxzads/Build/Intermediates.noindex/ExplicitPrecompiledModules/_Builtin_float-3A11D4BHX60QE741O22DIZ024.scan
    cd /
    builtin-precompileModule /Users/Veer/Library/Developer/Xcode/DerivedData/HearifyV1-ftljoypfezvlxcgouzbpmsmxzads/Build/Intermediates.noindex/ExplicitPrecompiledModules/_Builtin_float-3A11D4BHX60QE741O22DIZ024.scan

PrecompileModule /Users/Veer/Library/Developer/Xcode/DerivedData/HearifyV1-ftljoypfezvlxcgouzbpmsmxzads/Build/Intermediates.noindex/ExplicitPrecompiledModules/_AvailabilityInternal-AQRYP798U83C96AY5Q6EAPJ7A.scan
    cd /
    builtin-precompileModule /Users/Veer/Library/Developer/Xcode/DerivedData/HearifyV1-ftljoypfezvlxcgouzbpmsmxzads/Build/Intermediates.noindex/ExplicitPrecompiledModules/_AvailabilityInternal-AQRYP798U83C96AY5Q6EAPJ7A.scan

PrecompileModule /Users/Veer/Library/Developer/Xcode/DerivedData/HearifyV1-ftljoypfezvlxcgouzbpmsmxzads/Build/Intermediates.noindex/ExplicitPrecompiledModules/_Builtin_stddef-53EJCPZENZFTVUUISMRW7JEJI.scan
    cd /
    builtin-precompileModule /Users/Veer/Library/Developer/Xcode/DerivedData/HearifyV1-ftljoypfezvlxcgouzbpmsmxzads/Build/Intermediates.noindex/ExplicitPrecompiledModules/_Builtin_stddef-53EJCPZENZFTVUUISMRW7JEJI.scan

PrecompileModule /Users/Veer/Library/Developer/Xcode/DerivedData/HearifyV1-ftljoypfezvlxcgouzbpmsmxzads/Build/Intermediates.noindex/ExplicitPrecompiledModules/_Builtin_stdarg-B2K18KVQ8GLREU3HHXRUIU1BH.scan
    cd /
    builtin-precompileModule /Users/Veer/Library/Developer/Xcode/DerivedData/HearifyV1-ftljoypfezvlxcgouzbpmsmxzads/Build/Intermediates.noindex/ExplicitPrecompiledModules/_Builtin_stdarg-B2K18KVQ8GLREU3HHXRUIU1BH.scan

PrecompileModule /Users/Veer/Library/Developer/Xcode/DerivedData/HearifyV1-ftljoypfezvlxcgouzbpmsmxzads/Build/Intermediates.noindex/ExplicitPrecompiledModules/ptrauth-69RSI3QG0B3KTXW50QZG50501.scan
    cd /
    builtin-precompileModule /Users/Veer/Library/Developer/Xcode/DerivedData/HearifyV1-ftljoypfezvlxcgouzbpmsmxzads/Build/Intermediates.noindex/ExplicitPrecompiledModules/ptrauth-69RSI3QG0B3KTXW50QZG50501.scan

PrecompileModule /Users/Veer/Library/Developer/Xcode/DerivedData/HearifyV1-ftljoypfezvlxcgouzbpmsmxzads/Build/Intermediates.noindex/ExplicitPrecompiledModules/CoreImage-2TT5SH3VKY5XISUXZOWRW04C0.scan
    cd /
    builtin-precompileModule /Users/Veer/Library/Developer/Xcode/DerivedData/HearifyV1-ftljoypfezvlxcgouzbpmsmxzads/Build/Intermediates.noindex/ExplicitPrecompiledModules/CoreImage-2TT5SH3VKY5XISUXZOWRW04C0.scan

PrecompileModule /Users/Veer/Library/Developer/Xcode/DerivedData/HearifyV1-ftljoypfezvlxcgouzbpmsmxzads/Build/Intermediates.noindex/ExplicitPrecompiledModules/QuartzCore-7N5Z54RQVI6ZIJJVTBGFRNLMH.scan
    cd /
    builtin-precompileModule /Users/Veer/Library/Developer/Xcode/DerivedData/HearifyV1-ftljoypfezvlxcgouzbpmsmxzads/Build/Intermediates.noindex/ExplicitPrecompiledModules/QuartzCore-7N5Z54RQVI6ZIJJVTBGFRNLMH.scan

PrecompileModule /Users/Veer/Library/Developer/Xcode/DerivedData/HearifyV1-ftljoypfezvlxcgouzbpmsmxzads/Build/Intermediates.noindex/ExplicitPrecompiledModules/Foundation-D5PXF117WLBLI81HO1VDQ3NIP.scan
    cd /
    builtin-precompileModule /Users/Veer/Library/Developer/Xcode/DerivedData/HearifyV1-ftljoypfezvlxcgouzbpmsmxzads/Build/Intermediates.noindex/ExplicitPrecompiledModules/Foundation-D5PXF117WLBLI81HO1VDQ3NIP.scan

PrecompileModule /Users/Veer/Library/Developer/Xcode/DerivedData/HearifyV1-ftljoypfezvlxcgouzbpmsmxzads/Build/Intermediates.noindex/ExplicitPrecompiledModules/_DarwinFoundation1-7X3YTL2C3RGPQ9GQNR2G3Z48X.scan
    cd /
    builtin-precompileModule /Users/Veer/Library/Developer/Xcode/DerivedData/HearifyV1-ftljoypfezvlxcgouzbpmsmxzads/Build/Intermediates.noindex/ExplicitPrecompiledModules/_DarwinFoundation1-7X3YTL2C3RGPQ9GQNR2G3Z48X.scan

PrecompileModule /Users/Veer/Library/Developer/Xcode/DerivedData/HearifyV1-ftljoypfezvlxcgouzbpmsmxzads/Build/Intermediates.noindex/ExplicitPrecompiledModules/_Builtin_stdbool-AC67ACO4F26ROLBSGXULXX2WM.scan
    cd /
    builtin-precompileModule /Users/Veer/Library/Developer/Xcode/DerivedData/HearifyV1-ftljoypfezvlxcgouzbpmsmxzads/Build/Intermediates.noindex/ExplicitPrecompiledModules/_Builtin_stdbool-AC67ACO4F26ROLBSGXULXX2WM.scan

ScanDependencies /Users/Veer/Library/Developer/Xcode/DerivedData/HearifyV1-ftljoypfezvlxcgouzbpmsmxzads/Build/Intermediates.noindex/GoogleUtilities.build/Debug-iphoneos/GoogleUtilities-Reachability.build/Objects-normal/arm64/resource_bundle_accessor.o /Users/Veer/Library/Developer/Xcode/DerivedData/HearifyV1-ftljoypfezvlxcgouzbpmsmxzads/Build/Intermediates.noindex/GoogleUtilities.build/Debug-iphoneos/GoogleUtilities-Reachability.build/DerivedSources/resource_bundle_accessor.m normal arm64 objective-c com.apple.compilers.llvm.clang.1_0.compiler (in target 'GoogleUtilities-Reachability' from project 'GoogleUtilities')
    cd /Users/Veer/Library/Mobile\ Documents/com\~apple\~CloudDocs/HearifyV1/HearifyV1.xcodeproj
    
    Using response file: /Users/Veer/Library/Developer/Xcode/DerivedData/HearifyV1-ftljoypfezvlxcgouzbpmsmxzads/Build/Intermediates.noindex/GoogleUtilities.build/Debug-iphoneos/GoogleUtilities-Reachability.build/Objects-normal/arm64/e6072d4f65d7061329687fe24e3d63a7-common-args.resp
    
    builtin-ScanDependencies -o /Users/Veer/Library/Developer/Xcode/DerivedData/HearifyV1-ftljoypfezvlxcgouzbpmsmxzads/Build/Intermediates.noindex/GoogleUtilities.build/Debug-iphoneos/GoogleUtilities-Reachability.build/Objects-normal/arm64/resource_bundle_accessor.o.scan -- /Applications/Xcode.app/Contents/Developer/Toolchains/XcodeDefault.xctoolchain/usr/bin/clang -x objective-c -ivfsstatcache /Users/Veer/Library/Developer/Xcode/DerivedData/SDKStatCaches.noindex/iphoneos26.2-23C53-3794476bd08197c3e2abd9bb477ef7f7.sdkstatcache -fmessage-length\=0 -fdiagnostics-show-note-include-stack -fmacro-backtrace-limit\=0 -fno-color-diagnostics -fmodules-prune-interval\=86400 -fmodules-prune-after\=345600 -fbuild-session-file\=/Users/Veer/Library/Developer/Xcode/DerivedData/ModuleCache.noindex/Session.modulevalidation -fmodules-validate-once-per-build-session -Wnon-modular-include-in-framework-module -Werror\=non-modular-include-in-framework-module -Wno-trigraphs -Wno-missing-field-initializers -Wno-missing-prototypes -Wno-return-type -Wno-implicit-atomic-properties -Wno-objc-interface-ivars -Wno-arc-repeated-use-of-weak -Wno-missing-braces -Wparentheses -Wswitch -Wno-unused-function -Wno-unused-label -Wno-unused-parameter -Wno-unused-variable -Wunused-value -Wno-empty-body -Wno-uninitialized -Wno-unknown-pragmas -w -Wno-shadow -Wno-four-char-constants -Wno-conversion -Wno-constant-conversion -Wno-int-conversion -Wno-bool-conversion -Wno-enum-conversion -Wno-float-conversion -Wno-non-literal-null-conversion -Wno-objc-literal-conversion -Wshorten-64-to-32 -Wpointer-sign -Wno-newline-eof -Wno-selector -Wno-strict-selector-match -Wno-undeclared-selector -Wno-deprecated-implementations -Wno-implicit-fallthrough -fstrict-aliasing -Wprotocol -Wdeprecated-declarations -Wno-sign-conversion -Wno-infinite-recursion -Wno-comma -Wno-block-capture-autoreleasing -Wno-strict-prototypes -Wno-semicolon-before-method-body -index-store-path /Users/Veer/Library/Developer/Xcode/DerivedData/HearifyV1-ftljoypfezvlxcgouzbpmsmxzads/Index.noindex/DataStore @/Users/Veer/Library/Developer/Xcode/DerivedData/HearifyV1-ftljoypfezvlxcgouzbpmsmxzads/Build/Intermediates.noindex/GoogleUtilities.build/Debug-iphoneos/GoogleUtilities-Reachability.build/Objects-normal/arm64/e6072d4f65d7061329687fe24e3d63a7-common-args.resp -include /Users/Veer/Library/Developer/Xcode/DerivedData/HearifyV1-ftljoypfezvlxcgouzbpmsmxzads/Build/Intermediates.noindex/GoogleUtilities.build/Debug-iphoneos/GoogleUtilities-Reachability.build/DerivedSources/resource_bundle_accessor.h -MMD -MT dependencies -MF /Users/Veer/Library/Developer/Xcode/DerivedData/HearifyV1-ftljoypfezvlxcgouzbpmsmxzads/Build/Intermediates.noindex/GoogleUtilities.build/Debug-iphoneos/GoogleUtilities-Reachability.build/Objects-normal/arm64/resource_bundle_accessor.d --serialize-diagnostics /Users/Veer/Library/Developer/Xcode/DerivedData/HearifyV1-ftljoypfezvlxcgouzbpmsmxzads/Build/Intermediates.noindex/GoogleUtilities.build/Debug-iphoneos/GoogleUtilities-Reachability.build/Objects-normal/arm64/resource_bundle_accessor.dia -c /Users/Veer/Library/Developer/Xcode/DerivedData/HearifyV1-ftljoypfezvlxcgouzbpmsmxzads/Build/Intermediates.noindex/GoogleUtilities.build/Debug-iphoneos/GoogleUtilities-Reachability.build/DerivedSources/resource_bundle_accessor.m -o /Users/Veer/Library/Developer/Xcode/DerivedData/HearifyV1-ftljoypfezvlxcgouzbpmsmxzads/Build/Intermediates.noindex/GoogleUtilities.build/Debug-iphoneos/GoogleUtilities-Reachability.build/Objects-normal/arm64/resource_bundle_accessor.o -index-unit-output-path /GoogleUtilities.build/Debug-iphoneos/GoogleUtilities-Reachability.build/Objects-normal/arm64/resource_bundle_accessor.o

PrecompileModule /Users/Veer/Library/Developer/Xcode/DerivedData/HearifyV1-ftljoypfezvlxcgouzbpmsmxzads/Build/Intermediates.noindex/ExplicitPrecompiledModules/CoreText-EEZREWGHIYNMH89LHBHVVBGME.scan
    cd /
    builtin-precompileModule /Users/Veer/Library/Developer/Xcode/DerivedData/HearifyV1-ftljoypfezvlxcgouzbpmsmxzads/Build/Intermediates.noindex/ExplicitPrecompiledModules/CoreText-EEZREWGHIYNMH89LHBHVVBGME.scan

PrecompileModule /Users/Veer/Library/Developer/Xcode/DerivedData/HearifyV1-ftljoypfezvlxcgouzbpmsmxzads/Build/Intermediates.noindex/ExplicitPrecompiledModules/ImageIO-3NZ8A51P5YV2ZZUFPAI5YPWS6.scan
    cd /
    builtin-precompileModule /Users/Veer/Library/Developer/Xcode/DerivedData/HearifyV1-ftljoypfezvlxcgouzbpmsmxzads/Build/Intermediates.noindex/ExplicitPrecompiledModules/ImageIO-3NZ8A51P5YV2ZZUFPAI5YPWS6.scan

PrecompileModule /Users/Veer/Library/Developer/Xcode/DerivedData/HearifyV1-ftljoypfezvlxcgouzbpmsmxzads/Build/Intermediates.noindex/ExplicitPrecompiledModules/_DarwinFoundation2-6IEM8R43NZO607L69USLG0LIY.scan
    cd /
    builtin-precompileModule /Users/Veer/Library/Developer/Xcode/DerivedData/HearifyV1-ftljoypfezvlxcgouzbpmsmxzads/Build/Intermediates.noindex/ExplicitPrecompiledModules/_DarwinFoundation2-6IEM8R43NZO607L69USLG0LIY.scan

PrecompileModule /Users/Veer/Library/Developer/Xcode/DerivedData/HearifyV1-ftljoypfezvlxcgouzbpmsmxzads/Build/Intermediates.noindex/ExplicitPrecompiledModules/_Builtin_limits-3DFN6SX9HRNPDVMI3242RDSYE.scan
    cd /
    builtin-precompileModule /Users/Veer/Library/Developer/Xcode/DerivedData/HearifyV1-ftljoypfezvlxcgouzbpmsmxzads/Build/Intermediates.noindex/ExplicitPrecompiledModules/_Builtin_limits-3DFN6SX9HRNPDVMI3242RDSYE.scan

PrecompileModule /Users/Veer/Library/Developer/Xcode/DerivedData/HearifyV1-ftljoypfezvlxcgouzbpmsmxzads/Build/Intermediates.noindex/ExplicitPrecompiledModules/UIKit-EN8ILKR9702WVAAS3ARYO6MAA.scan
    cd /
    builtin-precompileModule /Users/Veer/Library/Developer/Xcode/DerivedData/HearifyV1-ftljoypfezvlxcgouzbpmsmxzads/Build/Intermediates.noindex/ExplicitPrecompiledModules/UIKit-EN8ILKR9702WVAAS3ARYO6MAA.scan

ScanDependencies /Users/Veer/Library/Developer/Xcode/DerivedData/HearifyV1-ftljoypfezvlxcgouzbpmsmxzads/Build/Intermediates.noindex/GoogleUtilities.build/Debug-iphoneos/GoogleUtilities-Reachability.build/Objects-normal/arm64/GULReachabilityChecker.o /Users/Veer/Library/Developer/Xcode/DerivedData/HearifyV1-ftljoypfezvlxcgouzbpmsmxzads/SourcePackages/checkouts/GoogleUtilities/GoogleUtilities/Reachability/GULReachabilityChecker.m normal arm64 objective-c com.apple.compilers.llvm.clang.1_0.compiler (in target 'GoogleUtilities-Reachability' from project 'GoogleUtilities')
    cd /Users/Veer/Library/Mobile\ Documents/com\~apple\~CloudDocs/HearifyV1/HearifyV1.xcodeproj
    
    Using response file: /Users/Veer/Library/Developer/Xcode/DerivedData/HearifyV1-ftljoypfezvlxcgouzbpmsmxzads/Build/Intermediates.noindex/GoogleUtilities.build/Debug-iphoneos/GoogleUtilities-Reachability.build/Objects-normal/arm64/e6072d4f65d7061329687fe24e3d63a7-common-args.resp
    
    builtin-ScanDependencies -o /Users/Veer/Library/Developer/Xcode/DerivedData/HearifyV1-ftljoypfezvlxcgouzbpmsmxzads/Build/Intermediates.noindex/GoogleUtilities.build/Debug-iphoneos/GoogleUtilities-Reachability.build/Objects-normal/arm64/GULReachabilityChecker.o.scan -- /Applications/Xcode.app/Contents/Developer/Toolchains/XcodeDefault.xctoolchain/usr/bin/clang -x objective-c -ivfsstatcache /Users/Veer/Library/Developer/Xcode/DerivedData/SDKStatCaches.noindex/iphoneos26.2-23C53-3794476bd08197c3e2abd9bb477ef7f7.sdkstatcache -fmessage-length\=0 -fdiagnostics-show-note-include-stack -fmacro-backtrace-limit\=0 -fno-color-diagnostics -fmodules-prune-interval\=86400 -fmodules-prune-after\=345600 -fbuild-session-file\=/Users/Veer/Library/Developer/Xcode/DerivedData/ModuleCache.noindex/Session.modulevalidation -fmodules-validate-once-per-build-session -Wnon-modular-include-in-framework-module -Werror\=non-modular-include-in-framework-module -Wno-trigraphs -Wno-missing-field-initializers -Wno-missing-prototypes -Wno-return-type -Wno-implicit-atomic-properties -Wno-objc-interface-ivars -Wno-arc-repeated-use-of-weak -Wno-missing-braces -Wparentheses -Wswitch -Wno-unused-function -Wno-unused-label -Wno-unused-parameter -Wno-unused-variable -Wunused-value -Wno-empty-body -Wno-uninitialized -Wno-unknown-pragmas -w -Wno-shadow -Wno-four-char-constants -Wno-conversion -Wno-constant-conversion -Wno-int-conversion -Wno-bool-conversion -Wno-enum-conversion -Wno-float-conversion -Wno-non-literal-null-conversion -Wno-objc-literal-conversion -Wshorten-64-to-32 -Wpointer-sign -Wno-newline-eof -Wno-selector -Wno-strict-selector-match -Wno-undeclared-selector -Wno-deprecated-implementations -Wno-implicit-fallthrough -fstrict-aliasing -Wprotocol -Wdeprecated-declarations -Wno-sign-conversion -Wno-infinite-recursion -Wno-comma -Wno-block-capture-autoreleasing -Wno-strict-prototypes -Wno-semicolon-before-method-body -index-store-path /Users/Veer/Library/Developer/Xcode/DerivedData/HearifyV1-ftljoypfezvlxcgouzbpmsmxzads/Index.noindex/DataStore @/Users/Veer/Library/Developer/Xcode/DerivedData/HearifyV1-ftljoypfezvlxcgouzbpmsmxzads/Build/Intermediates.noindex/GoogleUtilities.build/Debug-iphoneos/GoogleUtilities-Reachability.build/Objects-normal/arm64/e6072d4f65d7061329687fe24e3d63a7-common-args.resp -include /Users/Veer/Library/Developer/Xcode/DerivedData/HearifyV1-ftljoypfezvlxcgouzbpmsmxzads/Build/Intermediates.noindex/GoogleUtilities.build/Debug-iphoneos/GoogleUtilities-Reachability.build/DerivedSources/resource_bundle_accessor.h -MMD -MT dependencies -MF /Users/Veer/Library/Developer/Xcode/DerivedData/HearifyV1-ftljoypfezvlxcgouzbpmsmxzads/Build/Intermediates.noindex/GoogleUtilities.build/Debug-iphoneos/GoogleUtilities-Reachability.build/Objects-normal/arm64/GULReachabilityChecker.d --serialize-diagnostics /Users/Veer/Library/Developer/Xcode/DerivedData/HearifyV1-ftljoypfezvlxcgouzbpmsmxzads/Build/Intermediates.noindex/GoogleUtilities.build/Debug-iphoneos/GoogleUtilities-Reachability.build/Objects-normal/arm64/GULReachabilityChecker.dia -c /Users/Veer/Library/Developer/Xcode/DerivedData/HearifyV1-ftljoypfezvlxcgouzbpmsmxzads/SourcePackages/checkouts/GoogleUtilities/GoogleUtilities/Reachability/GULReachabilityChecker.m -o /Users/Veer/Library/Developer/Xcode/DerivedData/HearifyV1-ftljoypfezvlxcgouzbpmsmxzads/Build/Intermediates.noindex/GoogleUtilities.build/Debug-iphoneos/GoogleUtilities-Reachability.build/Objects-normal/arm64/GULReachabilityChecker.o -index-unit-output-path /GoogleUtilities.build/Debug-iphoneos/GoogleUtilities-Reachability.build/Objects-normal/arm64/GULReachabilityChecker.o

Ld /Users/Veer/Library/Developer/Xcode/DerivedData/HearifyV1-ftljoypfezvlxcgouzbpmsmxzads/Build/Products/Debug-iphoneos/leveldb.o normal (in target 'leveldb' from project 'leveldb')
    cd /Users/Veer/Library/Developer/Xcode/DerivedData/HearifyV1-ftljoypfezvlxcgouzbpmsmxzads/SourcePackages/checkouts/leveldb
    /Applications/Xcode.app/Contents/Developer/Toolchains/XcodeDefault.xctoolchain/usr/bin/clang++ -Xlinker -reproducible -target arm64-apple-ios12.0 -r -isysroot /Applications/Xcode.app/Contents/Developer/Platforms/iPhoneOS.platform/Developer/SDKs/iPhoneOS26.2.sdk -O0 -w -L/Users/Veer/Library/Developer/Xcode/DerivedData/HearifyV1-ftljoypfezvlxcgouzbpmsmxzads/Build/Intermediates.noindex/EagerLinkingTBDs/Debug-iphoneos -L/Users/Veer/Library/Developer/Xcode/DerivedData/HearifyV1-ftljoypfezvlxcgouzbpmsmxzads/Build/Products/Debug-iphoneos -L/Applications/Xcode.app/Contents/Developer/Platforms/iPhoneOS.platform/Developer/usr/lib -F/Users/Veer/Library/Developer/Xcode/DerivedData/HearifyV1-ftljoypfezvlxcgouzbpmsmxzads/Build/Intermediates.noindex/EagerLinkingTBDs/Debug-iphoneos -F/Users/Veer/Library/Developer/Xcode/DerivedData/HearifyV1-ftljoypfezvlxcgouzbpmsmxzads/Build/Products/Debug-iphoneos -iframework /Applications/Xcode.app/Contents/Developer/Platforms/iPhoneOS.platform/Developer/Library/Frameworks -iframework /Applications/Xcode.app/Contents/Developer/Platforms/iPhoneOS.platform/Developer/SDKs/iPhoneOS26.2.sdk/Developer/Library/Frameworks -filelist /Users/Veer/Library/Developer/Xcode/DerivedData/HearifyV1-ftljoypfezvlxcgouzbpmsmxzads/Build/Intermediates.noindex/leveldb.build/Debug-iphoneos/leveldb.build/Objects-normal/arm64/leveldb.LinkFileList -nostdlib -Xlinker -object_path_lto -Xlinker /Users/Veer/Library/Developer/Xcode/DerivedData/HearifyV1-ftljoypfezvlxcgouzbpmsmxzads/Build/Intermediates.noindex/leveldb.build/Debug-iphoneos/leveldb.build/Objects-normal/arm64/leveldb_lto.o -rdynamic -Xlinker -no_deduplicate -Xlinker -debug_variant -Xlinker -dependency_info -Xlinker /Users/Veer/Library/Developer/Xcode/DerivedData/HearifyV1-ftljoypfezvlxcgouzbpmsmxzads/Build/Intermediates.noindex/leveldb.build/Debug-iphoneos/leveldb.build/Objects-normal/arm64/leveldb_dependency_info.dat -fobjc-arc -fobjc-link-runtime -o /Users/Veer/Library/Developer/Xcode/DerivedData/HearifyV1-ftljoypfezvlxcgouzbpmsmxzads/Build/Products/Debug-iphoneos/leveldb.o

PrecompileModule /Users/Veer/Library/Developer/Xcode/DerivedData/HearifyV1-ftljoypfezvlxcgouzbpmsmxzads/Build/Intermediates.noindex/ExplicitPrecompiledModules/_Builtin_stdint-2L7K9FWJ77CDTMTV09RPBOJNB.scan
    cd /
    builtin-precompileModule /Users/Veer/Library/Developer/Xcode/DerivedData/HearifyV1-ftljoypfezvlxcgouzbpmsmxzads/Build/Intermediates.noindex/ExplicitPrecompiledModules/_Builtin_stdint-2L7K9FWJ77CDTMTV09RPBOJNB.scan

RegisterExecutionPolicyException /Users/Veer/Library/Developer/Xcode/DerivedData/HearifyV1-ftljoypfezvlxcgouzbpmsmxzads/Build/Products/Debug-iphoneos/nanopb.o (in target 'nanopb' from project 'nanopb')
    cd /Users/Veer/Library/Developer/Xcode/DerivedData/HearifyV1-ftljoypfezvlxcgouzbpmsmxzads/SourcePackages/checkouts/nanopb
    builtin-RegisterExecutionPolicyException /Users/Veer/Library/Developer/Xcode/DerivedData/HearifyV1-ftljoypfezvlxcgouzbpmsmxzads/Build/Products/Debug-iphoneos/nanopb.o

PrecompileModule /Users/Veer/Library/Developer/Xcode/DerivedData/HearifyV1-ftljoypfezvlxcgouzbpmsmxzads/Build/Intermediates.noindex/ExplicitPrecompiledModules/_DarwinFoundation3-A989JZJ8QPYPPEYEMAZQJVYER.scan
    cd /
    builtin-precompileModule /Users/Veer/Library/Developer/Xcode/DerivedData/HearifyV1-ftljoypfezvlxcgouzbpmsmxzads/Build/Intermediates.noindex/ExplicitPrecompiledModules/_DarwinFoundation3-A989JZJ8QPYPPEYEMAZQJVYER.scan

RegisterExecutionPolicyException /Users/Veer/Library/Developer/Xcode/DerivedData/HearifyV1-ftljoypfezvlxcgouzbpmsmxzads/Build/Products/Debug-iphoneos/gRPC_opensslWrapper.bundle (in target 'gRPC_opensslWrapper' from project 'gRPC')
    cd /Users/Veer/Library/Developer/Xcode/DerivedData/HearifyV1-ftljoypfezvlxcgouzbpmsmxzads/SourcePackages/checkouts/grpc-binary
    builtin-RegisterExecutionPolicyException /Users/Veer/Library/Developer/Xcode/DerivedData/HearifyV1-ftljoypfezvlxcgouzbpmsmxzads/Build/Products/Debug-iphoneos/gRPC_opensslWrapper.bundle

Touch /Users/Veer/Library/Developer/Xcode/DerivedData/HearifyV1-ftljoypfezvlxcgouzbpmsmxzads/Build/Products/Debug-iphoneos/gRPC_opensslWrapper.bundle (in target 'gRPC_opensslWrapper' from project 'gRPC')
    cd /Users/Veer/Library/Developer/Xcode/DerivedData/HearifyV1-ftljoypfezvlxcgouzbpmsmxzads/SourcePackages/checkouts/grpc-binary
    /usr/bin/touch -c /Users/Veer/Library/Developer/Xcode/DerivedData/HearifyV1-ftljoypfezvlxcgouzbpmsmxzads/Build/Products/Debug-iphoneos/gRPC_opensslWrapper.bundle

RegisterExecutionPolicyException /Users/Veer/Library/Developer/Xcode/DerivedData/HearifyV1-ftljoypfezvlxcgouzbpmsmxzads/Build/Products/Debug-iphoneos/leveldb.o (in target 'leveldb' from project 'leveldb')
    cd /Users/Veer/Library/Developer/Xcode/DerivedData/HearifyV1-ftljoypfezvlxcgouzbpmsmxzads/SourcePackages/checkouts/leveldb
    builtin-RegisterExecutionPolicyException /Users/Veer/Library/Developer/Xcode/DerivedData/HearifyV1-ftljoypfezvlxcgouzbpmsmxzads/Build/Products/Debug-iphoneos/leveldb.o

CompileC /Users/Veer/Library/Developer/Xcode/DerivedData/HearifyV1-ftljoypfezvlxcgouzbpmsmxzads/Build/Intermediates.noindex/GoogleUtilities.build/Debug-iphoneos/GoogleUtilities-Reachability.build/Objects-normal/arm64/resource_bundle_accessor.o /Users/Veer/Library/Developer/Xcode/DerivedData/HearifyV1-ftljoypfezvlxcgouzbpmsmxzads/Build/Intermediates.noindex/GoogleUtilities.build/Debug-iphoneos/GoogleUtilities-Reachability.build/DerivedSources/resource_bundle_accessor.m normal arm64 objective-c com.apple.compilers.llvm.clang.1_0.compiler (in target 'GoogleUtilities-Reachability' from project 'GoogleUtilities')
    cd /Users/Veer/Library/Mobile\ Documents/com\~apple\~CloudDocs/HearifyV1/HearifyV1.xcodeproj
    
    Using response file: /Users/Veer/Library/Developer/Xcode/DerivedData/HearifyV1-ftljoypfezvlxcgouzbpmsmxzads/Build/Intermediates.noindex/GoogleUtilities.build/Debug-iphoneos/GoogleUtilities-Reachability.build/Objects-normal/arm64/e6072d4f65d7061329687fe24e3d63a7-common-args.resp
    
    /Applications/Xcode.app/Contents/Developer/Toolchains/XcodeDefault.xctoolchain/usr/bin/clang -x objective-c -ivfsstatcache /Users/Veer/Library/Developer/Xcode/DerivedData/SDKStatCaches.noindex/iphoneos26.2-23C53-3794476bd08197c3e2abd9bb477ef7f7.sdkstatcache -fmessage-length\=0 -fdiagnostics-show-note-include-stack -fmacro-backtrace-limit\=0 -fno-color-diagnostics -fmodules-prune-interval\=86400 -fmodules-prune-after\=345600 -fbuild-session-file\=/Users/Veer/Library/Developer/Xcode/DerivedData/ModuleCache.noindex/Session.modulevalidation -fmodules-validate-once-per-build-session -Wnon-modular-include-in-framework-module -Werror\=non-modular-include-in-framework-module -Wno-trigraphs -Wno-missing-field-initializers -Wno-missing-prototypes -Wno-return-type -Wno-implicit-atomic-properties -Wno-objc-interface-ivars -Wno-arc-repeated-use-of-weak -Wno-missing-braces -Wparentheses -Wswitch -Wno-unused-function -Wno-unused-label -Wno-unused-parameter -Wno-unused-variable -Wunused-value -Wno-empty-body -Wno-uninitialized -Wno-unknown-pragmas -w -Wno-shadow -Wno-four-char-constants -Wno-conversion -Wno-constant-conversion -Wno-int-conversion -Wno-bool-conversion -Wno-enum-conversion -Wno-float-conversion -Wno-non-literal-null-conversion -Wno-objc-literal-conversion -Wshorten-64-to-32 -Wpointer-sign -Wno-newline-eof -Wno-selector -Wno-strict-selector-match -Wno-undeclared-selector -Wno-deprecated-implementations -Wno-implicit-fallthrough -fstrict-aliasing -Wprotocol -Wdeprecated-declarations -Wno-sign-conversion -Wno-infinite-recursion -Wno-comma -Wno-block-capture-autoreleasing -Wno-strict-prototypes -Wno-semicolon-before-method-body -index-store-path /Users/Veer/Library/Developer/Xcode/DerivedData/HearifyV1-ftljoypfezvlxcgouzbpmsmxzads/Index.noindex/DataStore @/Users/Veer/Library/Developer/Xcode/DerivedData/HearifyV1-ftljoypfezvlxcgouzbpmsmxzads/Build/Intermediates.noindex/GoogleUtilities.build/Debug-iphoneos/GoogleUtilities-Reachability.build/Objects-normal/arm64/e6072d4f65d7061329687fe24e3d63a7-common-args.resp -include /Users/Veer/Library/Developer/Xcode/DerivedData/HearifyV1-ftljoypfezvlxcgouzbpmsmxzads/Build/Intermediates.noindex/GoogleUtilities.build/Debug-iphoneos/GoogleUtilities-Reachability.build/DerivedSources/resource_bundle_accessor.h -MMD -MT dependencies -MF /Users/Veer/Library/Developer/Xcode/DerivedData/HearifyV1-ftljoypfezvlxcgouzbpmsmxzads/Build/Intermediates.noindex/GoogleUtilities.build/Debug-iphoneos/GoogleUtilities-Reachability.build/Objects-normal/arm64/resource_bundle_accessor.d --serialize-diagnostics /Users/Veer/Library/Developer/Xcode/DerivedData/HearifyV1-ftljoypfezvlxcgouzbpmsmxzads/Build/Intermediates.noindex/GoogleUtilities.build/Debug-iphoneos/GoogleUtilities-Reachability.build/Objects-normal/arm64/resource_bundle_accessor.dia -c /Users/Veer/Library/Developer/Xcode/DerivedData/HearifyV1-ftljoypfezvlxcgouzbpmsmxzads/Build/Intermediates.noindex/GoogleUtilities.build/Debug-iphoneos/GoogleUtilities-Reachability.build/DerivedSources/resource_bundle_accessor.m -o /Users/Veer/Library/Developer/Xcode/DerivedData/HearifyV1-ftljoypfezvlxcgouzbpmsmxzads/Build/Intermediates.noindex/GoogleUtilities.build/Debug-iphoneos/GoogleUtilities-Reachability.build/Objects-normal/arm64/resource_bundle_accessor.o -index-unit-output-path /GoogleUtilities.build/Debug-iphoneos/GoogleUtilities-Reachability.build/Objects-normal/arm64/resource_bundle_accessor.o

RegisterExecutionPolicyException /Users/Veer/Library/Developer/Xcode/DerivedData/HearifyV1-ftljoypfezvlxcgouzbpmsmxzads/Build/Products/Debug-iphoneos/gRPC_grpcppWrapper.bundle (in target 'gRPC_grpcppWrapper' from project 'gRPC')
    cd /Users/Veer/Library/Developer/Xcode/DerivedData/HearifyV1-ftljoypfezvlxcgouzbpmsmxzads/SourcePackages/checkouts/grpc-binary
    builtin-RegisterExecutionPolicyException /Users/Veer/Library/Developer/Xcode/DerivedData/HearifyV1-ftljoypfezvlxcgouzbpmsmxzads/Build/Products/Debug-iphoneos/gRPC_grpcppWrapper.bundle

PrecompileModule /Users/Veer/Library/Developer/Xcode/DerivedData/HearifyV1-ftljoypfezvlxcgouzbpmsmxzads/Build/Intermediates.noindex/ExplicitPrecompiledModules/GoogleUtilities_Logger-3TQYXPRKA2V691D5H9YT3LD9R.scan
    cd /
    builtin-precompileModule /Users/Veer/Library/Developer/Xcode/DerivedData/HearifyV1-ftljoypfezvlxcgouzbpmsmxzads/Build/Intermediates.noindex/ExplicitPrecompiledModules/GoogleUtilities_Logger-3TQYXPRKA2V691D5H9YT3LD9R.scan

Touch /Users/Veer/Library/Developer/Xcode/DerivedData/HearifyV1-ftljoypfezvlxcgouzbpmsmxzads/Build/Products/Debug-iphoneos/gRPC_grpcppWrapper.bundle (in target 'gRPC_grpcppWrapper' from project 'gRPC')
    cd /Users/Veer/Library/Developer/Xcode/DerivedData/HearifyV1-ftljoypfezvlxcgouzbpmsmxzads/SourcePackages/checkouts/grpc-binary
    /usr/bin/touch -c /Users/Veer/Library/Developer/Xcode/DerivedData/HearifyV1-ftljoypfezvlxcgouzbpmsmxzads/Build/Products/Debug-iphoneos/gRPC_grpcppWrapper.bundle

RegisterExecutionPolicyException /Users/Veer/Library/Developer/Xcode/DerivedData/HearifyV1-ftljoypfezvlxcgouzbpmsmxzads/Build/Products/Debug-iphoneos/gRPC_grpcWrapper.bundle (in target 'gRPC_grpcWrapper' from project 'gRPC')
    cd /Users/Veer/Library/Developer/Xcode/DerivedData/HearifyV1-ftljoypfezvlxcgouzbpmsmxzads/SourcePackages/checkouts/grpc-binary
    builtin-RegisterExecutionPolicyException /Users/Veer/Library/Developer/Xcode/DerivedData/HearifyV1-ftljoypfezvlxcgouzbpmsmxzads/Build/Products/Debug-iphoneos/gRPC_grpcWrapper.bundle

Touch /Users/Veer/Library/Developer/Xcode/DerivedData/HearifyV1-ftljoypfezvlxcgouzbpmsmxzads/Build/Products/Debug-iphoneos/gRPC_grpcWrapper.bundle (in target 'gRPC_grpcWrapper' from project 'gRPC')
    cd /Users/Veer/Library/Developer/Xcode/DerivedData/HearifyV1-ftljoypfezvlxcgouzbpmsmxzads/SourcePackages/checkouts/grpc-binary
    /usr/bin/touch -c /Users/Veer/Library/Developer/Xcode/DerivedData/HearifyV1-ftljoypfezvlxcgouzbpmsmxzads/Build/Products/Debug-iphoneos/gRPC_grpcWrapper.bundle

ScanDependencies /Users/Veer/Library/Developer/Xcode/DerivedData/HearifyV1-ftljoypfezvlxcgouzbpmsmxzads/Build/Intermediates.noindex/abseil.build/Debug-iphoneos/abslWrapper.build/Objects-normal/arm64/resource_bundle_accessor.o /Users/Veer/Library/Developer/Xcode/DerivedData/HearifyV1-ftljoypfezvlxcgouzbpmsmxzads/Build/Intermediates.noindex/abseil.build/Debug-iphoneos/abslWrapper.build/DerivedSources/resource_bundle_accessor.m normal arm64 objective-c com.apple.compilers.llvm.clang.1_0.compiler (in target 'abslWrapper' from project 'abseil')
    cd /Users/Veer/Library/Mobile\ Documents/com\~apple\~CloudDocs/HearifyV1/HearifyV1.xcodeproj
    
    Using response file: /Users/Veer/Library/Developer/Xcode/DerivedData/HearifyV1-ftljoypfezvlxcgouzbpmsmxzads/Build/Intermediates.noindex/abseil.build/Debug-iphoneos/abslWrapper.build/Objects-normal/arm64/e6072d4f65d7061329687fe24e3d63a7-common-args.resp
    
    builtin-ScanDependencies -o /Users/Veer/Library/Developer/Xcode/DerivedData/HearifyV1-ftljoypfezvlxcgouzbpmsmxzads/Build/Intermediates.noindex/abseil.build/Debug-iphoneos/abslWrapper.build/Objects-normal/arm64/resource_bundle_accessor.o.scan -- /Applications/Xcode.app/Contents/Developer/Toolchains/XcodeDefault.xctoolchain/usr/bin/clang -x objective-c -ivfsstatcache /Users/Veer/Library/Developer/Xcode/DerivedData/SDKStatCaches.noindex/iphoneos26.2-23C53-3794476bd08197c3e2abd9bb477ef7f7.sdkstatcache -fmessage-length\=0 -fdiagnostics-show-note-include-stack -fmacro-backtrace-limit\=0 -fno-color-diagnostics -fmodules-prune-interval\=86400 -fmodules-prune-after\=345600 -fbuild-session-file\=/Users/Veer/Library/Developer/Xcode/DerivedData/ModuleCache.noindex/Session.modulevalidation -fmodules-validate-once-per-build-session -Wnon-modular-include-in-framework-module -Werror\=non-modular-include-in-framework-module -Wno-trigraphs -Wno-missing-field-initializers -Wno-missing-prototypes -Wno-return-type -Wno-implicit-atomic-properties -Wno-objc-interface-ivars -Wno-arc-repeated-use-of-weak -Wno-missing-braces -Wparentheses -Wswitch -Wno-unused-function -Wno-unused-label -Wno-unused-parameter -Wno-unused-variable -Wunused-value -Wno-empty-body -Wno-uninitialized -Wno-unknown-pragmas -w -Wno-shadow -Wno-four-char-constants -Wno-conversion -Wno-constant-conversion -Wno-int-conversion -Wno-bool-conversion -Wno-enum-conversion -Wno-float-conversion -Wno-non-literal-null-conversion -Wno-objc-literal-conversion -Wshorten-64-to-32 -Wpointer-sign -Wno-newline-eof -Wno-selector -Wno-strict-selector-match -Wno-undeclared-selector -Wno-deprecated-implementations -Wno-implicit-fallthrough -fstrict-aliasing -Wprotocol -Wdeprecated-declarations -Wno-sign-conversion -Wno-infinite-recursion -Wno-comma -Wno-block-capture-autoreleasing -Wno-strict-prototypes -Wno-semicolon-before-method-body -index-store-path /Users/Veer/Library/Developer/Xcode/DerivedData/HearifyV1-ftljoypfezvlxcgouzbpmsmxzads/Index.noindex/DataStore @/Users/Veer/Library/Developer/Xcode/DerivedData/HearifyV1-ftljoypfezvlxcgouzbpmsmxzads/Build/Intermediates.noindex/abseil.build/Debug-iphoneos/abslWrapper.build/Objects-normal/arm64/e6072d4f65d7061329687fe24e3d63a7-common-args.resp -include /Users/Veer/Library/Developer/Xcode/DerivedData/HearifyV1-ftljoypfezvlxcgouzbpmsmxzads/Build/Intermediates.noindex/abseil.build/Debug-iphoneos/abslWrapper.build/DerivedSources/resource_bundle_accessor.h -MMD -MT dependencies -MF /Users/Veer/Library/Developer/Xcode/DerivedData/HearifyV1-ftljoypfezvlxcgouzbpmsmxzads/Build/Intermediates.noindex/abseil.build/Debug-iphoneos/abslWrapper.build/Objects-normal/arm64/resource_bundle_accessor.d --serialize-diagnostics /Users/Veer/Library/Developer/Xcode/DerivedData/HearifyV1-ftljoypfezvlxcgouzbpmsmxzads/Build/Intermediates.noindex/abseil.build/Debug-iphoneos/abslWrapper.build/Objects-normal/arm64/resource_bundle_accessor.dia -c /Users/Veer/Library/Developer/Xcode/DerivedData/HearifyV1-ftljoypfezvlxcgouzbpmsmxzads/Build/Intermediates.noindex/abseil.build/Debug-iphoneos/abslWrapper.build/DerivedSources/resource_bundle_accessor.m -o /Users/Veer/Library/Developer/Xcode/DerivedData/HearifyV1-ftljoypfezvlxcgouzbpmsmxzads/Build/Intermediates.noindex/abseil.build/Debug-iphoneos/abslWrapper.build/Objects-normal/arm64/resource_bundle_accessor.o -index-unit-output-path /abseil.build/Debug-iphoneos/abslWrapper.build/Objects-normal/arm64/resource_bundle_accessor.o

ScanDependencies /Users/Veer/Library/Developer/Xcode/DerivedData/HearifyV1-ftljoypfezvlxcgouzbpmsmxzads/Build/Intermediates.noindex/abseil.build/Debug-iphoneos/abslWrapper.build/Objects-normal/arm64/empty.o /Users/Veer/Library/Developer/Xcode/DerivedData/HearifyV1-ftljoypfezvlxcgouzbpmsmxzads/SourcePackages/checkouts/abseil-cpp-binary/absl-Wrapper/empty.m normal arm64 objective-c com.apple.compilers.llvm.clang.1_0.compiler (in target 'abslWrapper' from project 'abseil')
    cd /Users/Veer/Library/Mobile\ Documents/com\~apple\~CloudDocs/HearifyV1/HearifyV1.xcodeproj
    
    Using response file: /Users/Veer/Library/Developer/Xcode/DerivedData/HearifyV1-ftljoypfezvlxcgouzbpmsmxzads/Build/Intermediates.noindex/abseil.build/Debug-iphoneos/abslWrapper.build/Objects-normal/arm64/e6072d4f65d7061329687fe24e3d63a7-common-args.resp
    
    builtin-ScanDependencies -o /Users/Veer/Library/Developer/Xcode/DerivedData/HearifyV1-ftljoypfezvlxcgouzbpmsmxzads/Build/Intermediates.noindex/abseil.build/Debug-iphoneos/abslWrapper.build/Objects-normal/arm64/empty.o.scan -- /Applications/Xcode.app/Contents/Developer/Toolchains/XcodeDefault.xctoolchain/usr/bin/clang -x objective-c -ivfsstatcache /Users/Veer/Library/Developer/Xcode/DerivedData/SDKStatCaches.noindex/iphoneos26.2-23C53-3794476bd08197c3e2abd9bb477ef7f7.sdkstatcache -fmessage-length\=0 -fdiagnostics-show-note-include-stack -fmacro-backtrace-limit\=0 -fno-color-diagnostics -fmodules-prune-interval\=86400 -fmodules-prune-after\=345600 -fbuild-session-file\=/Users/Veer/Library/Developer/Xcode/DerivedData/ModuleCache.noindex/Session.modulevalidation -fmodules-validate-once-per-build-session -Wnon-modular-include-in-framework-module -Werror\=non-modular-include-in-framework-module -Wno-trigraphs -Wno-missing-field-initializers -Wno-missing-prototypes -Wno-return-type -Wno-implicit-atomic-properties -Wno-objc-interface-ivars -Wno-arc-repeated-use-of-weak -Wno-missing-braces -Wparentheses -Wswitch -Wno-unused-function -Wno-unused-label -Wno-unused-parameter -Wno-unused-variable -Wunused-value -Wno-empty-body -Wno-uninitialized -Wno-unknown-pragmas -w -Wno-shadow -Wno-four-char-constants -Wno-conversion -Wno-constant-conversion -Wno-int-conversion -Wno-bool-conversion -Wno-enum-conversion -Wno-float-conversion -Wno-non-literal-null-conversion -Wno-objc-literal-conversion -Wshorten-64-to-32 -Wpointer-sign -Wno-newline-eof -Wno-selector -Wno-strict-selector-match -Wno-undeclared-selector -Wno-deprecated-implementations -Wno-implicit-fallthrough -fstrict-aliasing -Wprotocol -Wdeprecated-declarations -Wno-sign-conversion -Wno-infinite-recursion -Wno-comma -Wno-block-capture-autoreleasing -Wno-strict-prototypes -Wno-semicolon-before-method-body -index-store-path /Users/Veer/Library/Developer/Xcode/DerivedData/HearifyV1-ftljoypfezvlxcgouzbpmsmxzads/Index.noindex/DataStore @/Users/Veer/Library/Developer/Xcode/DerivedData/HearifyV1-ftljoypfezvlxcgouzbpmsmxzads/Build/Intermediates.noindex/abseil.build/Debug-iphoneos/abslWrapper.build/Objects-normal/arm64/e6072d4f65d7061329687fe24e3d63a7-common-args.resp -include /Users/Veer/Library/Developer/Xcode/DerivedData/HearifyV1-ftljoypfezvlxcgouzbpmsmxzads/Build/Intermediates.noindex/abseil.build/Debug-iphoneos/abslWrapper.build/DerivedSources/resource_bundle_accessor.h -MMD -MT dependencies -MF /Users/Veer/Library/Developer/Xcode/DerivedData/HearifyV1-ftljoypfezvlxcgouzbpmsmxzads/Build/Intermediates.noindex/abseil.build/Debug-iphoneos/abslWrapper.build/Objects-normal/arm64/empty.d --serialize-diagnostics /Users/Veer/Library/Developer/Xcode/DerivedData/HearifyV1-ftljoypfezvlxcgouzbpmsmxzads/Build/Intermediates.noindex/abseil.build/Debug-iphoneos/abslWrapper.build/Objects-normal/arm64/empty.dia -c /Users/Veer/Library/Developer/Xcode/DerivedData/HearifyV1-ftljoypfezvlxcgouzbpmsmxzads/SourcePackages/checkouts/abseil-cpp-binary/absl-Wrapper/empty.m -o /Users/Veer/Library/Developer/Xcode/DerivedData/HearifyV1-ftljoypfezvlxcgouzbpmsmxzads/Build/Intermediates.noindex/abseil.build/Debug-iphoneos/abslWrapper.build/Objects-normal/arm64/empty.o -index-unit-output-path /abseil.build/Debug-iphoneos/abslWrapper.build/Objects-normal/arm64/empty.o

CompileC /Users/Veer/Library/Developer/Xcode/DerivedData/HearifyV1-ftljoypfezvlxcgouzbpmsmxzads/Build/Intermediates.noindex/GoogleUtilities.build/Debug-iphoneos/GoogleUtilities-Reachability.build/Objects-normal/arm64/GULReachabilityChecker.o /Users/Veer/Library/Developer/Xcode/DerivedData/HearifyV1-ftljoypfezvlxcgouzbpmsmxzads/SourcePackages/checkouts/GoogleUtilities/GoogleUtilities/Reachability/GULReachabilityChecker.m normal arm64 objective-c com.apple.compilers.llvm.clang.1_0.compiler (in target 'GoogleUtilities-Reachability' from project 'GoogleUtilities')
    cd /Users/Veer/Library/Mobile\ Documents/com\~apple\~CloudDocs/HearifyV1/HearifyV1.xcodeproj
    
    Using response file: /Users/Veer/Library/Developer/Xcode/DerivedData/HearifyV1-ftljoypfezvlxcgouzbpmsmxzads/Build/Intermediates.noindex/GoogleUtilities.build/Debug-iphoneos/GoogleUtilities-Reachability.build/Objects-normal/arm64/e6072d4f65d7061329687fe24e3d63a7-common-args.resp
    
    /Applications/Xcode.app/Contents/Developer/Toolchains/XcodeDefault.xctoolchain/usr/bin/clang -x objective-c -ivfsstatcache /Users/Veer/Library/Developer/Xcode/DerivedData/SDKStatCaches.noindex/iphoneos26.2-23C53-3794476bd08197c3e2abd9bb477ef7f7.sdkstatcache -fmessage-length\=0 -fdiagnostics-show-note-include-stack -fmacro-backtrace-limit\=0 -fno-color-diagnostics -fmodules-prune-interval\=86400 -fmodules-prune-after\=345600 -fbuild-session-file\=/Users/Veer/Library/Developer/Xcode/DerivedData/ModuleCache.noindex/Session.modulevalidation -fmodules-validate-once-per-build-session -Wnon-modular-include-in-framework-module -Werror\=non-modular-include-in-framework-module -Wno-trigraphs -Wno-missing-field-initializers -Wno-missing-prototypes -Wno-return-type -Wno-implicit-atomic-properties -Wno-objc-interface-ivars -Wno-arc-repeated-use-of-weak -Wno-missing-braces -Wparentheses -Wswitch -Wno-unused-function -Wno-unused-label -Wno-unused-parameter -Wno-unused-variable -Wunused-value -Wno-empty-body -Wno-uninitialized -Wno-unknown-pragmas -w -Wno-shadow -Wno-four-char-constants -Wno-conversion -Wno-constant-conversion -Wno-int-conversion -Wno-bool-conversion -Wno-enum-conversion -Wno-float-conversion -Wno-non-literal-null-conversion -Wno-objc-literal-conversion -Wshorten-64-to-32 -Wpointer-sign -Wno-newline-eof -Wno-selector -Wno-strict-selector-match -Wno-undeclared-selector -Wno-deprecated-implementations -Wno-implicit-fallthrough -fstrict-aliasing -Wprotocol -Wdeprecated-declarations -Wno-sign-conversion -Wno-infinite-recursion -Wno-comma -Wno-block-capture-autoreleasing -Wno-strict-prototypes -Wno-semicolon-before-method-body -index-store-path /Users/Veer/Library/Developer/Xcode/DerivedData/HearifyV1-ftljoypfezvlxcgouzbpmsmxzads/Index.noindex/DataStore @/Users/Veer/Library/Developer/Xcode/DerivedData/HearifyV1-ftljoypfezvlxcgouzbpmsmxzads/Build/Intermediates.noindex/GoogleUtilities.build/Debug-iphoneos/GoogleUtilities-Reachability.build/Objects-normal/arm64/e6072d4f65d7061329687fe24e3d63a7-common-args.resp -include /Users/Veer/Library/Developer/Xcode/DerivedData/HearifyV1-ftljoypfezvlxcgouzbpmsmxzads/Build/Intermediates.noindex/GoogleUtilities.build/Debug-iphoneos/GoogleUtilities-Reachability.build/DerivedSources/resource_bundle_accessor.h -MMD -MT dependencies -MF /Users/Veer/Library/Developer/Xcode/DerivedData/HearifyV1-ftljoypfezvlxcgouzbpmsmxzads/Build/Intermediates.noindex/GoogleUtilities.build/Debug-iphoneos/GoogleUtilities-Reachability.build/Objects-normal/arm64/GULReachabilityChecker.d --serialize-diagnostics /Users/Veer/Library/Developer/Xcode/DerivedData/HearifyV1-ftljoypfezvlxcgouzbpmsmxzads/Build/Intermediates.noindex/GoogleUtilities.build/Debug-iphoneos/GoogleUtilities-Reachability.build/Objects-normal/arm64/GULReachabilityChecker.dia -c /Users/Veer/Library/Developer/Xcode/DerivedData/HearifyV1-ftljoypfezvlxcgouzbpmsmxzads/SourcePackages/checkouts/GoogleUtilities/GoogleUtilities/Reachability/GULReachabilityChecker.m -o /Users/Veer/Library/Developer/Xcode/DerivedData/HearifyV1-ftljoypfezvlxcgouzbpmsmxzads/Build/Intermediates.noindex/GoogleUtilities.build/Debug-iphoneos/GoogleUtilities-Reachability.build/Objects-normal/arm64/GULReachabilityChecker.o -index-unit-output-path /GoogleUtilities.build/Debug-iphoneos/GoogleUtilities-Reachability.build/Objects-normal/arm64/GULReachabilityChecker.o

PrecompileModule /Users/Veer/Library/Developer/Xcode/DerivedData/HearifyV1-ftljoypfezvlxcgouzbpmsmxzads/Build/Intermediates.noindex/ExplicitPrecompiledModules/_Builtin_inttypes-6GJ8ZO5WPSO6DN9EMZ720PID4.scan
    cd /
    builtin-precompileModule /Users/Veer/Library/Developer/Xcode/DerivedData/HearifyV1-ftljoypfezvlxcgouzbpmsmxzads/Build/Intermediates.noindex/ExplicitPrecompiledModules/_Builtin_inttypes-6GJ8ZO5WPSO6DN9EMZ720PID4.scan

PrecompileModule /Users/Veer/Library/Developer/Xcode/DerivedData/HearifyV1-ftljoypfezvlxcgouzbpmsmxzads/Build/Intermediates.noindex/ExplicitPrecompiledModules/Darwin-B1WNL1V0INMSQXW9YKAZ2SZJZ.scan
    cd /
    builtin-precompileModule /Users/Veer/Library/Developer/Xcode/DerivedData/HearifyV1-ftljoypfezvlxcgouzbpmsmxzads/Build/Intermediates.noindex/ExplicitPrecompiledModules/Darwin-B1WNL1V0INMSQXW9YKAZ2SZJZ.scan

RegisterExecutionPolicyException /Users/Veer/Library/Developer/Xcode/DerivedData/HearifyV1-ftljoypfezvlxcgouzbpmsmxzads/Build/Products/Debug-iphoneos/abseil_abslWrapper.bundle (in target 'abseil_abslWrapper' from project 'abseil')
    cd /Users/Veer/Library/Developer/Xcode/DerivedData/HearifyV1-ftljoypfezvlxcgouzbpmsmxzads/SourcePackages/checkouts/abseil-cpp-binary
    builtin-RegisterExecutionPolicyException /Users/Veer/Library/Developer/Xcode/DerivedData/HearifyV1-ftljoypfezvlxcgouzbpmsmxzads/Build/Products/Debug-iphoneos/abseil_abslWrapper.bundle

Touch /Users/Veer/Library/Developer/Xcode/DerivedData/HearifyV1-ftljoypfezvlxcgouzbpmsmxzads/Build/Products/Debug-iphoneos/abseil_abslWrapper.bundle (in target 'abseil_abslWrapper' from project 'abseil')
    cd /Users/Veer/Library/Developer/Xcode/DerivedData/HearifyV1-ftljoypfezvlxcgouzbpmsmxzads/SourcePackages/checkouts/abseil-cpp-binary
    /usr/bin/touch -c /Users/Veer/Library/Developer/Xcode/DerivedData/HearifyV1-ftljoypfezvlxcgouzbpmsmxzads/Build/Products/Debug-iphoneos/abseil_abslWrapper.bundle

RegisterExecutionPolicyException /Users/Veer/Library/Developer/Xcode/DerivedData/HearifyV1-ftljoypfezvlxcgouzbpmsmxzads/Build/Products/Debug-iphoneos/GoogleUtilities_GoogleUtilities-Reachability.bundle (in target 'GoogleUtilities_GoogleUtilities-Reachability' from project 'GoogleUtilities')
    cd /Users/Veer/Library/Developer/Xcode/DerivedData/HearifyV1-ftljoypfezvlxcgouzbpmsmxzads/SourcePackages/checkouts/GoogleUtilities
    builtin-RegisterExecutionPolicyException /Users/Veer/Library/Developer/Xcode/DerivedData/HearifyV1-ftljoypfezvlxcgouzbpmsmxzads/Build/Products/Debug-iphoneos/GoogleUtilities_GoogleUtilities-Reachability.bundle

RegisterExecutionPolicyException /Users/Veer/Library/Developer/Xcode/DerivedData/HearifyV1-ftljoypfezvlxcgouzbpmsmxzads/Build/Products/Debug-iphoneos/RecaptchaInterop.o (in target 'RecaptchaInterop' from project 'InteropForGoogle')
    cd /Users/Veer/Library/Developer/Xcode/DerivedData/HearifyV1-ftljoypfezvlxcgouzbpmsmxzads/SourcePackages/checkouts/interop-ios-for-google-sdks
    builtin-RegisterExecutionPolicyException /Users/Veer/Library/Developer/Xcode/DerivedData/HearifyV1-ftljoypfezvlxcgouzbpmsmxzads/Build/Products/Debug-iphoneos/RecaptchaInterop.o

Touch /Users/Veer/Library/Developer/Xcode/DerivedData/HearifyV1-ftljoypfezvlxcgouzbpmsmxzads/Build/Products/Debug-iphoneos/GoogleUtilities_GoogleUtilities-Reachability.bundle (in target 'GoogleUtilities_GoogleUtilities-Reachability' from project 'GoogleUtilities')
    cd /Users/Veer/Library/Developer/Xcode/DerivedData/HearifyV1-ftljoypfezvlxcgouzbpmsmxzads/SourcePackages/checkouts/GoogleUtilities
    /usr/bin/touch -c /Users/Veer/Library/Developer/Xcode/DerivedData/HearifyV1-ftljoypfezvlxcgouzbpmsmxzads/Build/Products/Debug-iphoneos/GoogleUtilities_GoogleUtilities-Reachability.bundle

RegisterExecutionPolicyException /Users/Veer/Library/Developer/Xcode/DerivedData/HearifyV1-ftljoypfezvlxcgouzbpmsmxzads/Build/Products/Debug-iphoneos/GoogleUtilities_GoogleUtilities-Network.bundle (in target 'GoogleUtilities_GoogleUtilities-Network' from project 'GoogleUtilities')
    cd /Users/Veer/Library/Developer/Xcode/DerivedData/HearifyV1-ftljoypfezvlxcgouzbpmsmxzads/SourcePackages/checkouts/GoogleUtilities
    builtin-RegisterExecutionPolicyException /Users/Veer/Library/Developer/Xcode/DerivedData/HearifyV1-ftljoypfezvlxcgouzbpmsmxzads/Build/Products/Debug-iphoneos/GoogleUtilities_GoogleUtilities-Network.bundle

RegisterExecutionPolicyException /Users/Veer/Library/Developer/Xcode/DerivedData/HearifyV1-ftljoypfezvlxcgouzbpmsmxzads/Build/Products/Debug-iphoneos/GoogleUtilities_GoogleUtilities-NSData.bundle (in target 'GoogleUtilities_GoogleUtilities-NSData' from project 'GoogleUtilities')
    cd /Users/Veer/Library/Developer/Xcode/DerivedData/HearifyV1-ftljoypfezvlxcgouzbpmsmxzads/SourcePackages/checkouts/GoogleUtilities
    builtin-RegisterExecutionPolicyException /Users/Veer/Library/Developer/Xcode/DerivedData/HearifyV1-ftljoypfezvlxcgouzbpmsmxzads/Build/Products/Debug-iphoneos/GoogleUtilities_GoogleUtilities-NSData.bundle

Touch /Users/Veer/Library/Developer/Xcode/DerivedData/HearifyV1-ftljoypfezvlxcgouzbpmsmxzads/Build/Products/Debug-iphoneos/GoogleUtilities_GoogleUtilities-Network.bundle (in target 'GoogleUtilities_GoogleUtilities-Network' from project 'GoogleUtilities')
    cd /Users/Veer/Library/Developer/Xcode/DerivedData/HearifyV1-ftljoypfezvlxcgouzbpmsmxzads/SourcePackages/checkouts/GoogleUtilities
    /usr/bin/touch -c /Users/Veer/Library/Developer/Xcode/DerivedData/HearifyV1-ftljoypfezvlxcgouzbpmsmxzads/Build/Products/Debug-iphoneos/GoogleUtilities_GoogleUtilities-Network.bundle

Touch /Users/Veer/Library/Developer/Xcode/DerivedData/HearifyV1-ftljoypfezvlxcgouzbpmsmxzads/Build/Products/Debug-iphoneos/GoogleUtilities_GoogleUtilities-NSData.bundle (in target 'GoogleUtilities_GoogleUtilities-NSData' from project 'GoogleUtilities')
    cd /Users/Veer/Library/Developer/Xcode/DerivedData/HearifyV1-ftljoypfezvlxcgouzbpmsmxzads/SourcePackages/checkouts/GoogleUtilities
    /usr/bin/touch -c /Users/Veer/Library/Developer/Xcode/DerivedData/HearifyV1-ftljoypfezvlxcgouzbpmsmxzads/Build/Products/Debug-iphoneos/GoogleUtilities_GoogleUtilities-NSData.bundle

Ld /Users/Veer/Library/Developer/Xcode/DerivedData/HearifyV1-ftljoypfezvlxcgouzbpmsmxzads/Build/Products/Debug-iphoneos/GoogleUtilities-NSData.o normal (in target 'GoogleUtilities-NSData' from project 'GoogleUtilities')
    cd /Users/Veer/Library/Developer/Xcode/DerivedData/HearifyV1-ftljoypfezvlxcgouzbpmsmxzads/SourcePackages/checkouts/GoogleUtilities
    /Applications/Xcode.app/Contents/Developer/Toolchains/XcodeDefault.xctoolchain/usr/bin/clang -Xlinker -reproducible -target arm64-apple-ios12.0 -r -isysroot /Applications/Xcode.app/Contents/Developer/Platforms/iPhoneOS.platform/Developer/SDKs/iPhoneOS26.2.sdk -O0 -w -L/Users/Veer/Library/Developer/Xcode/DerivedData/HearifyV1-ftljoypfezvlxcgouzbpmsmxzads/Build/Intermediates.noindex/EagerLinkingTBDs/Debug-iphoneos -L/Users/Veer/Library/Developer/Xcode/DerivedData/HearifyV1-ftljoypfezvlxcgouzbpmsmxzads/Build/Products/Debug-iphoneos -L/Applications/Xcode.app/Contents/Developer/Platforms/iPhoneOS.platform/Developer/usr/lib -F/Users/Veer/Library/Developer/Xcode/DerivedData/HearifyV1-ftljoypfezvlxcgouzbpmsmxzads/Build/Intermediates.noindex/EagerLinkingTBDs/Debug-iphoneos -F/Users/Veer/Library/Developer/Xcode/DerivedData/HearifyV1-ftljoypfezvlxcgouzbpmsmxzads/Build/Products/Debug-iphoneos -iframework /Applications/Xcode.app/Contents/Developer/Platforms/iPhoneOS.platform/Developer/Library/Frameworks -iframework /Applications/Xcode.app/Contents/Developer/Platforms/iPhoneOS.platform/Developer/SDKs/iPhoneOS26.2.sdk/Developer/Library/Frameworks -filelist /Users/Veer/Library/Developer/Xcode/DerivedData/HearifyV1-ftljoypfezvlxcgouzbpmsmxzads/Build/Intermediates.noindex/GoogleUtilities.build/Debug-iphoneos/GoogleUtilities-NSData.build/Objects-normal/arm64/GoogleUtilities-NSData.LinkFileList -nostdlib -Xlinker -object_path_lto -Xlinker /Users/Veer/Library/Developer/Xcode/DerivedData/HearifyV1-ftljoypfezvlxcgouzbpmsmxzads/Build/Intermediates.noindex/GoogleUtilities.build/Debug-iphoneos/GoogleUtilities-NSData.build/Objects-normal/arm64/GoogleUtilities-NSData_lto.o -rdynamic -Xlinker -no_deduplicate -Xlinker -debug_variant -Xlinker -dependency_info -Xlinker /Users/Veer/Library/Developer/Xcode/DerivedData/HearifyV1-ftljoypfezvlxcgouzbpmsmxzads/Build/Intermediates.noindex/GoogleUtilities.build/Debug-iphoneos/GoogleUtilities-NSData.build/Objects-normal/arm64/GoogleUtilities-NSData_dependency_info.dat -fobjc-arc -fobjc-link-runtime -o /Users/Veer/Library/Developer/Xcode/DerivedData/HearifyV1-ftljoypfezvlxcgouzbpmsmxzads/Build/Products/Debug-iphoneos/GoogleUtilities-NSData.o

RegisterExecutionPolicyException /Users/Veer/Library/Developer/Xcode/DerivedData/HearifyV1-ftljoypfezvlxcgouzbpmsmxzads/Build/Products/Debug-iphoneos/GoogleUtilities_GoogleUtilities-Logger.bundle (in target 'GoogleUtilities_GoogleUtilities-Logger' from project 'GoogleUtilities')
    cd /Users/Veer/Library/Developer/Xcode/DerivedData/HearifyV1-ftljoypfezvlxcgouzbpmsmxzads/SourcePackages/checkouts/GoogleUtilities
    builtin-RegisterExecutionPolicyException /Users/Veer/Library/Developer/Xcode/DerivedData/HearifyV1-ftljoypfezvlxcgouzbpmsmxzads/Build/Products/Debug-iphoneos/GoogleUtilities_GoogleUtilities-Logger.bundle

RegisterExecutionPolicyException /Users/Veer/Library/Developer/Xcode/DerivedData/HearifyV1-ftljoypfezvlxcgouzbpmsmxzads/Build/Products/Debug-iphoneos/GoogleUtilities_GoogleUtilities-Environment.bundle (in target 'GoogleUtilities_GoogleUtilities-Environment' from project 'GoogleUtilities')
    cd /Users/Veer/Library/Developer/Xcode/DerivedData/HearifyV1-ftljoypfezvlxcgouzbpmsmxzads/SourcePackages/checkouts/GoogleUtilities
    builtin-RegisterExecutionPolicyException /Users/Veer/Library/Developer/Xcode/DerivedData/HearifyV1-ftljoypfezvlxcgouzbpmsmxzads/Build/Products/Debug-iphoneos/GoogleUtilities_GoogleUtilities-Environment.bundle

Touch /Users/Veer/Library/Developer/Xcode/DerivedData/HearifyV1-ftljoypfezvlxcgouzbpmsmxzads/Build/Products/Debug-iphoneos/GoogleUtilities_GoogleUtilities-Logger.bundle (in target 'GoogleUtilities_GoogleUtilities-Logger' from project 'GoogleUtilities')
    cd /Users/Veer/Library/Developer/Xcode/DerivedData/HearifyV1-ftljoypfezvlxcgouzbpmsmxzads/SourcePackages/checkouts/GoogleUtilities
    /usr/bin/touch -c /Users/Veer/Library/Developer/Xcode/DerivedData/HearifyV1-ftljoypfezvlxcgouzbpmsmxzads/Build/Products/Debug-iphoneos/GoogleUtilities_GoogleUtilities-Logger.bundle

Touch /Users/Veer/Library/Developer/Xcode/DerivedData/HearifyV1-ftljoypfezvlxcgouzbpmsmxzads/Build/Products/Debug-iphoneos/GoogleUtilities_GoogleUtilities-Environment.bundle (in target 'GoogleUtilities_GoogleUtilities-Environment' from project 'GoogleUtilities')
    cd /Users/Veer/Library/Developer/Xcode/DerivedData/HearifyV1-ftljoypfezvlxcgouzbpmsmxzads/SourcePackages/checkouts/GoogleUtilities
    /usr/bin/touch -c /Users/Veer/Library/Developer/Xcode/DerivedData/HearifyV1-ftljoypfezvlxcgouzbpmsmxzads/Build/Products/Debug-iphoneos/GoogleUtilities_GoogleUtilities-Environment.bundle

RegisterExecutionPolicyException /Users/Veer/Library/Developer/Xcode/DerivedData/HearifyV1-ftljoypfezvlxcgouzbpmsmxzads/Build/Products/Debug-iphoneos/GoogleUtilities_GoogleUtilities-AppDelegateSwizzler.bundle (in target 'GoogleUtilities_GoogleUtilities-AppDelegateSwizzler' from project 'GoogleUtilities')
    cd /Users/Veer/Library/Developer/Xcode/DerivedData/HearifyV1-ftljoypfezvlxcgouzbpmsmxzads/SourcePackages/checkouts/GoogleUtilities
    builtin-RegisterExecutionPolicyException /Users/Veer/Library/Developer/Xcode/DerivedData/HearifyV1-ftljoypfezvlxcgouzbpmsmxzads/Build/Products/Debug-iphoneos/GoogleUtilities_GoogleUtilities-AppDelegateSwizzler.bundle

CompileC /Users/Veer/Library/Developer/Xcode/DerivedData/HearifyV1-ftljoypfezvlxcgouzbpmsmxzads/Build/Intermediates.noindex/GTMSessionFetcher.build/Debug-iphoneos/GTMSessionFetcherCore.build/Objects-normal/arm64/resource_bundle_accessor.o /Users/Veer/Library/Developer/Xcode/DerivedData/HearifyV1-ftljoypfezvlxcgouzbpmsmxzads/Build/Intermediates.noindex/GTMSessionFetcher.build/Debug-iphoneos/GTMSessionFetcherCore.build/DerivedSources/resource_bundle_accessor.m normal arm64 objective-c com.apple.compilers.llvm.clang.1_0.compiler (in target 'GTMSessionFetcherCore' from project 'GTMSessionFetcher')
    cd /Users/Veer/Library/Mobile\ Documents/com\~apple\~CloudDocs/HearifyV1/HearifyV1.xcodeproj
    
    Using response file: /Users/Veer/Library/Developer/Xcode/DerivedData/HearifyV1-ftljoypfezvlxcgouzbpmsmxzads/Build/Intermediates.noindex/GTMSessionFetcher.build/Debug-iphoneos/GTMSessionFetcherCore.build/Objects-normal/arm64/e6072d4f65d7061329687fe24e3d63a7-common-args.resp
    
    /Applications/Xcode.app/Contents/Developer/Toolchains/XcodeDefault.xctoolchain/usr/bin/clang -x objective-c -ivfsstatcache /Users/Veer/Library/Developer/Xcode/DerivedData/SDKStatCaches.noindex/iphoneos26.2-23C53-3794476bd08197c3e2abd9bb477ef7f7.sdkstatcache -fmessage-length\=0 -fdiagnostics-show-note-include-stack -fmacro-backtrace-limit\=0 -fno-color-diagnostics -fmodules-prune-interval\=86400 -fmodules-prune-after\=345600 -fbuild-session-file\=/Users/Veer/Library/Developer/Xcode/DerivedData/ModuleCache.noindex/Session.modulevalidation -fmodules-validate-once-per-build-session -Wnon-modular-include-in-framework-module -Werror\=non-modular-include-in-framework-module -Wno-trigraphs -Wno-missing-field-initializers -Wno-missing-prototypes -Wno-return-type -Wno-implicit-atomic-properties -Wno-objc-interface-ivars -Wno-arc-repeated-use-of-weak -Wno-missing-braces -Wparentheses -Wswitch -Wno-unused-function -Wno-unused-label -Wno-unused-parameter -Wno-unused-variable -Wunused-value -Wno-empty-body -Wno-uninitialized -Wno-unknown-pragmas -w -Wno-shadow -Wno-four-char-constants -Wno-conversion -Wno-constant-conversion -Wno-int-conversion -Wno-bool-conversion -Wno-enum-conversion -Wno-float-conversion -Wno-non-literal-null-conversion -Wno-objc-literal-conversion -Wshorten-64-to-32 -Wpointer-sign -Wno-newline-eof -Wno-selector -Wno-strict-selector-match -Wno-undeclared-selector -Wno-deprecated-implementations -Wno-implicit-fallthrough -fstrict-aliasing -Wprotocol -Wdeprecated-declarations -Wno-sign-conversion -Wno-infinite-recursion -Wno-comma -Wno-block-capture-autoreleasing -Wno-strict-prototypes -Wno-semicolon-before-method-body -index-store-path /Users/Veer/Library/Developer/Xcode/DerivedData/HearifyV1-ftljoypfezvlxcgouzbpmsmxzads/Index.noindex/DataStore @/Users/Veer/Library/Developer/Xcode/DerivedData/HearifyV1-ftljoypfezvlxcgouzbpmsmxzads/Build/Intermediates.noindex/GTMSessionFetcher.build/Debug-iphoneos/GTMSessionFetcherCore.build/Objects-normal/arm64/e6072d4f65d7061329687fe24e3d63a7-common-args.resp -include /Users/Veer/Library/Developer/Xcode/DerivedData/HearifyV1-ftljoypfezvlxcgouzbpmsmxzads/Build/Intermediates.noindex/GTMSessionFetcher.build/Debug-iphoneos/GTMSessionFetcherCore.build/DerivedSources/resource_bundle_accessor.h -MMD -MT dependencies -MF /Users/Veer/Library/Developer/Xcode/DerivedData/HearifyV1-ftljoypfezvlxcgouzbpmsmxzads/Build/Intermediates.noindex/GTMSessionFetcher.build/Debug-iphoneos/GTMSessionFetcherCore.build/Objects-normal/arm64/resource_bundle_accessor.d --serialize-diagnostics /Users/Veer/Library/Developer/Xcode/DerivedData/HearifyV1-ftljoypfezvlxcgouzbpmsmxzads/Build/Intermediates.noindex/GTMSessionFetcher.build/Debug-iphoneos/GTMSessionFetcherCore.build/Objects-normal/arm64/resource_bundle_accessor.dia -c /Users/Veer/Library/Developer/Xcode/DerivedData/HearifyV1-ftljoypfezvlxcgouzbpmsmxzads/Build/Intermediates.noindex/GTMSessionFetcher.build/Debug-iphoneos/GTMSessionFetcherCore.build/DerivedSources/resource_bundle_accessor.m -o /Users/Veer/Library/Developer/Xcode/DerivedData/HearifyV1-ftljoypfezvlxcgouzbpmsmxzads/Build/Intermediates.noindex/GTMSessionFetcher.build/Debug-iphoneos/GTMSessionFetcherCore.build/Objects-normal/arm64/resource_bundle_accessor.o -index-unit-output-path /GTMSessionFetcher.build/Debug-iphoneos/GTMSessionFetcherCore.build/Objects-normal/arm64/resource_bundle_accessor.o

CompileC /Users/Veer/Library/Developer/Xcode/DerivedData/HearifyV1-ftljoypfezvlxcgouzbpmsmxzads/Build/Intermediates.noindex/Firebase.build/Debug-iphoneos/FirebaseCoreExtension.build/Objects-normal/arm64/resource_bundle_accessor.o /Users/Veer/Library/Developer/Xcode/DerivedData/HearifyV1-ftljoypfezvlxcgouzbpmsmxzads/Build/Intermediates.noindex/Firebase.build/Debug-iphoneos/FirebaseCoreExtension.build/DerivedSources/resource_bundle_accessor.m normal arm64 objective-c com.apple.compilers.llvm.clang.1_0.compiler (in target 'FirebaseCoreExtension' from project 'Firebase')
    cd /Users/Veer/Library/Mobile\ Documents/com\~apple\~CloudDocs/HearifyV1/HearifyV1.xcodeproj
    
    Using response file: /Users/Veer/Library/Developer/Xcode/DerivedData/HearifyV1-ftljoypfezvlxcgouzbpmsmxzads/Build/Intermediates.noindex/Firebase.build/Debug-iphoneos/FirebaseCoreExtension.build/Objects-normal/arm64/e6072d4f65d7061329687fe24e3d63a7-common-args.resp
    
    /Applications/Xcode.app/Contents/Developer/Toolchains/XcodeDefault.xctoolchain/usr/bin/clang -x objective-c -ivfsstatcache /Users/Veer/Library/Developer/Xcode/DerivedData/SDKStatCaches.noindex/iphoneos26.2-23C53-3794476bd08197c3e2abd9bb477ef7f7.sdkstatcache -fmessage-length\=0 -fdiagnostics-show-note-include-stack -fmacro-backtrace-limit\=0 -fno-color-diagnostics -fmodules-prune-interval\=86400 -fmodules-prune-after\=345600 -fbuild-session-file\=/Users/Veer/Library/Developer/Xcode/DerivedData/ModuleCache.noindex/Session.modulevalidation -fmodules-validate-once-per-build-session -Wnon-modular-include-in-framework-module -Werror\=non-modular-include-in-framework-module -Wno-trigraphs -Wno-missing-field-initializers -Wno-missing-prototypes -Wno-return-type -Wno-implicit-atomic-properties -Wno-objc-interface-ivars -Wno-arc-repeated-use-of-weak -Wno-missing-braces -Wparentheses -Wswitch -Wno-unused-function -Wno-unused-label -Wno-unused-parameter -Wno-unused-variable -Wunused-value -Wno-empty-body -Wno-uninitialized -Wno-unknown-pragmas -w -Wno-shadow -Wno-four-char-constants -Wno-conversion -Wno-constant-conversion -Wno-int-conversion -Wno-bool-conversion -Wno-enum-conversion -Wno-float-conversion -Wno-non-literal-null-conversion -Wno-objc-literal-conversion -Wshorten-64-to-32 -Wpointer-sign -Wno-newline-eof -Wno-selector -Wno-strict-selector-match -Wno-undeclared-selector -Wno-deprecated-implementations -Wno-implicit-fallthrough -fstrict-aliasing -Wprotocol -Wdeprecated-declarations -Wno-sign-conversion -Wno-infinite-recursion -Wno-comma -Wno-block-capture-autoreleasing -Wno-strict-prototypes -Wno-semicolon-before-method-body -index-store-path /Users/Veer/Library/Developer/Xcode/DerivedData/HearifyV1-ftljoypfezvlxcgouzbpmsmxzads/Index.noindex/DataStore @/Users/Veer/Library/Developer/Xcode/DerivedData/HearifyV1-ftljoypfezvlxcgouzbpmsmxzads/Build/Intermediates.noindex/Firebase.build/Debug-iphoneos/FirebaseCoreExtension.build/Objects-normal/arm64/e6072d4f65d7061329687fe24e3d63a7-common-args.resp -include /Users/Veer/Library/Developer/Xcode/DerivedData/HearifyV1-ftljoypfezvlxcgouzbpmsmxzads/Build/Intermediates.noindex/Firebase.build/Debug-iphoneos/FirebaseCoreExtension.build/DerivedSources/resource_bundle_accessor.h -MMD -MT dependencies -MF /Users/Veer/Library/Developer/Xcode/DerivedData/HearifyV1-ftljoypfezvlxcgouzbpmsmxzads/Build/Intermediates.noindex/Firebase.build/Debug-iphoneos/FirebaseCoreExtension.build/Objects-normal/arm64/resource_bundle_accessor.d --serialize-diagnostics /Users/Veer/Library/Developer/Xcode/DerivedData/HearifyV1-ftljoypfezvlxcgouzbpmsmxzads/Build/Intermediates.noindex/Firebase.build/Debug-iphoneos/FirebaseCoreExtension.build/Objects-normal/arm64/resource_bundle_accessor.dia -c /Users/Veer/Library/Developer/Xcode/DerivedData/HearifyV1-ftljoypfezvlxcgouzbpmsmxzads/Build/Intermediates.noindex/Firebase.build/Debug-iphoneos/FirebaseCoreExtension.build/DerivedSources/resource_bundle_accessor.m -o /Users/Veer/Library/Developer/Xcode/DerivedData/HearifyV1-ftljoypfezvlxcgouzbpmsmxzads/Build/Intermediates.noindex/Firebase.build/Debug-iphoneos/FirebaseCoreExtension.build/Objects-normal/arm64/resource_bundle_accessor.o -index-unit-output-path /Firebase.build/Debug-iphoneos/FirebaseCoreExtension.build/Objects-normal/arm64/resource_bundle_accessor.o

CompileC /Users/Veer/Library/Developer/Xcode/DerivedData/HearifyV1-ftljoypfezvlxcgouzbpmsmxzads/Build/Intermediates.noindex/Firebase.build/Debug-iphoneos/FirebaseCoreExtension.build/Objects-normal/arm64/dummy.o /Users/Veer/Library/Developer/Xcode/DerivedData/HearifyV1-ftljoypfezvlxcgouzbpmsmxzads/SourcePackages/checkouts/firebase-ios-sdk/FirebaseCore/Extension/dummy.m normal arm64 objective-c com.apple.compilers.llvm.clang.1_0.compiler (in target 'FirebaseCoreExtension' from project 'Firebase')
    cd /Users/Veer/Library/Mobile\ Documents/com\~apple\~CloudDocs/HearifyV1/HearifyV1.xcodeproj
    
    Using response file: /Users/Veer/Library/Developer/Xcode/DerivedData/HearifyV1-ftljoypfezvlxcgouzbpmsmxzads/Build/Intermediates.noindex/Firebase.build/Debug-iphoneos/FirebaseCoreExtension.build/Objects-normal/arm64/e6072d4f65d7061329687fe24e3d63a7-common-args.resp
    
    /Applications/Xcode.app/Contents/Developer/Toolchains/XcodeDefault.xctoolchain/usr/bin/clang -x objective-c -ivfsstatcache /Users/Veer/Library/Developer/Xcode/DerivedData/SDKStatCaches.noindex/iphoneos26.2-23C53-3794476bd08197c3e2abd9bb477ef7f7.sdkstatcache -fmessage-length\=0 -fdiagnostics-show-note-include-stack -fmacro-backtrace-limit\=0 -fno-color-diagnostics -fmodules-prune-interval\=86400 -fmodules-prune-after\=345600 -fbuild-session-file\=/Users/Veer/Library/Developer/Xcode/DerivedData/ModuleCache.noindex/Session.modulevalidation -fmodules-validate-once-per-build-session -Wnon-modular-include-in-framework-module -Werror\=non-modular-include-in-framework-module -Wno-trigraphs -Wno-missing-field-initializers -Wno-missing-prototypes -Wno-return-type -Wno-implicit-atomic-properties -Wno-objc-interface-ivars -Wno-arc-repeated-use-of-weak -Wno-missing-braces -Wparentheses -Wswitch -Wno-unused-function -Wno-unused-label -Wno-unused-parameter -Wno-unused-variable -Wunused-value -Wno-empty-body -Wno-uninitialized -Wno-unknown-pragmas -w -Wno-shadow -Wno-four-char-constants -Wno-conversion -Wno-constant-conversion -Wno-int-conversion -Wno-bool-conversion -Wno-enum-conversion -Wno-float-conversion -Wno-non-literal-null-conversion -Wno-objc-literal-conversion -Wshorten-64-to-32 -Wpointer-sign -Wno-newline-eof -Wno-selector -Wno-strict-selector-match -Wno-undeclared-selector -Wno-deprecated-implementations -Wno-implicit-fallthrough -fstrict-aliasing -Wprotocol -Wdeprecated-declarations -Wno-sign-conversion -Wno-infinite-recursion -Wno-comma -Wno-block-capture-autoreleasing -Wno-strict-prototypes -Wno-semicolon-before-method-body -index-store-path /Users/Veer/Library/Developer/Xcode/DerivedData/HearifyV1-ftljoypfezvlxcgouzbpmsmxzads/Index.noindex/DataStore @/Users/Veer/Library/Developer/Xcode/DerivedData/HearifyV1-ftljoypfezvlxcgouzbpmsmxzads/Build/Intermediates.noindex/Firebase.build/Debug-iphoneos/FirebaseCoreExtension.build/Objects-normal/arm64/e6072d4f65d7061329687fe24e3d63a7-common-args.resp -include /Users/Veer/Library/Developer/Xcode/DerivedData/HearifyV1-ftljoypfezvlxcgouzbpmsmxzads/Build/Intermediates.noindex/Firebase.build/Debug-iphoneos/FirebaseCoreExtension.build/DerivedSources/resource_bundle_accessor.h -MMD -MT dependencies -MF /Users/Veer/Library/Developer/Xcode/DerivedData/HearifyV1-ftljoypfezvlxcgouzbpmsmxzads/Build/Intermediates.noindex/Firebase.build/Debug-iphoneos/FirebaseCoreExtension.build/Objects-normal/arm64/dummy.d --serialize-diagnostics /Users/Veer/Library/Developer/Xcode/DerivedData/HearifyV1-ftljoypfezvlxcgouzbpmsmxzads/Build/Intermediates.noindex/Firebase.build/Debug-iphoneos/FirebaseCoreExtension.build/Objects-normal/arm64/dummy.dia -c /Users/Veer/Library/Developer/Xcode/DerivedData/HearifyV1-ftljoypfezvlxcgouzbpmsmxzads/SourcePackages/checkouts/firebase-ios-sdk/FirebaseCore/Extension/dummy.m -o /Users/Veer/Library/Developer/Xcode/DerivedData/HearifyV1-ftljoypfezvlxcgouzbpmsmxzads/Build/Intermediates.noindex/Firebase.build/Debug-iphoneos/FirebaseCoreExtension.build/Objects-normal/arm64/dummy.o -index-unit-output-path /Firebase.build/Debug-iphoneos/FirebaseCoreExtension.build/Objects-normal/arm64/dummy.o

PrecompileModule /Users/Veer/Library/Developer/Xcode/DerivedData/HearifyV1-ftljoypfezvlxcgouzbpmsmxzads/Build/Intermediates.noindex/ExplicitPrecompiledModules/Symbols-46JPHLIITF93X9MDEQ56EWEMJ.scan
    cd /
    builtin-precompileModule /Users/Veer/Library/Developer/Xcode/DerivedData/HearifyV1-ftljoypfezvlxcgouzbpmsmxzads/Build/Intermediates.noindex/ExplicitPrecompiledModules/Symbols-46JPHLIITF93X9MDEQ56EWEMJ.scan

PrecompileModule /Users/Veer/Library/Developer/Xcode/DerivedData/HearifyV1-ftljoypfezvlxcgouzbpmsmxzads/Build/Intermediates.noindex/ExplicitPrecompiledModules/FileProvider-6G2EU7RO4TDQ5UF8Q761V7ZD0.scan
    cd /
    builtin-precompileModule /Users/Veer/Library/Developer/Xcode/DerivedData/HearifyV1-ftljoypfezvlxcgouzbpmsmxzads/Build/Intermediates.noindex/ExplicitPrecompiledModules/FileProvider-6G2EU7RO4TDQ5UF8Q761V7ZD0.scan

PrecompileModule /Users/Veer/Library/Developer/Xcode/DerivedData/HearifyV1-ftljoypfezvlxcgouzbpmsmxzads/Build/Intermediates.noindex/ExplicitPrecompiledModules/UserNotifications-67V0A8G4L6IF88OPUOXJDCEAT.scan
    cd /
    builtin-precompileModule /Users/Veer/Library/Developer/Xcode/DerivedData/HearifyV1-ftljoypfezvlxcgouzbpmsmxzads/Build/Intermediates.noindex/ExplicitPrecompiledModules/UserNotifications-67V0A8G4L6IF88OPUOXJDCEAT.scan

PrecompileModule /Users/Veer/Library/Developer/Xcode/DerivedData/HearifyV1-ftljoypfezvlxcgouzbpmsmxzads/Build/Intermediates.noindex/ExplicitPrecompiledModules/IOSurface-DKJFXSYB39NDTS148DZQQPERI.scan
    cd /
    builtin-precompileModule /Users/Veer/Library/Developer/Xcode/DerivedData/HearifyV1-ftljoypfezvlxcgouzbpmsmxzads/Build/Intermediates.noindex/ExplicitPrecompiledModules/IOSurface-DKJFXSYB39NDTS148DZQQPERI.scan

PrecompileModule /Users/Veer/Library/Developer/Xcode/DerivedData/HearifyV1-ftljoypfezvlxcgouzbpmsmxzads/Build/Intermediates.noindex/ExplicitPrecompiledModules/UIUtilities-6GYKAM2IJRZKEJW5N3VXFFF5I.scan
    cd /
    builtin-precompileModule /Users/Veer/Library/Developer/Xcode/DerivedData/HearifyV1-ftljoypfezvlxcgouzbpmsmxzads/Build/Intermediates.noindex/ExplicitPrecompiledModules/UIUtilities-6GYKAM2IJRZKEJW5N3VXFFF5I.scan

ScanDependencies /Users/Veer/Library/Developer/Xcode/DerivedData/HearifyV1-ftljoypfezvlxcgouzbpmsmxzads/Build/Intermediates.noindex/GoogleUtilities.build/Debug-iphoneos/GoogleUtilities-Network.build/Objects-normal/arm64/resource_bundle_accessor.o /Users/Veer/Library/Developer/Xcode/DerivedData/HearifyV1-ftljoypfezvlxcgouzbpmsmxzads/Build/Intermediates.noindex/GoogleUtilities.build/Debug-iphoneos/GoogleUtilities-Network.build/DerivedSources/resource_bundle_accessor.m normal arm64 objective-c com.apple.compilers.llvm.clang.1_0.compiler (in target 'GoogleUtilities-Network' from project 'GoogleUtilities')
    cd /Users/Veer/Library/Mobile\ Documents/com\~apple\~CloudDocs/HearifyV1/HearifyV1.xcodeproj
    
    Using response file: /Users/Veer/Library/Developer/Xcode/DerivedData/HearifyV1-ftljoypfezvlxcgouzbpmsmxzads/Build/Intermediates.noindex/GoogleUtilities.build/Debug-iphoneos/GoogleUtilities-Network.build/Objects-normal/arm64/e6072d4f65d7061329687fe24e3d63a7-common-args.resp
    
    builtin-ScanDependencies -o /Users/Veer/Library/Developer/Xcode/DerivedData/HearifyV1-ftljoypfezvlxcgouzbpmsmxzads/Build/Intermediates.noindex/GoogleUtilities.build/Debug-iphoneos/GoogleUtilities-Network.build/Objects-normal/arm64/resource_bundle_accessor.o.scan -- /Applications/Xcode.app/Contents/Developer/Toolchains/XcodeDefault.xctoolchain/usr/bin/clang -x objective-c -ivfsstatcache /Users/Veer/Library/Developer/Xcode/DerivedData/SDKStatCaches.noindex/iphoneos26.2-23C53-3794476bd08197c3e2abd9bb477ef7f7.sdkstatcache -fmessage-length\=0 -fdiagnostics-show-note-include-stack -fmacro-backtrace-limit\=0 -fno-color-diagnostics -fmodules-prune-interval\=86400 -fmodules-prune-after\=345600 -fbuild-session-file\=/Users/Veer/Library/Developer/Xcode/DerivedData/ModuleCache.noindex/Session.modulevalidation -fmodules-validate-once-per-build-session -Wnon-modular-include-in-framework-module -Werror\=non-modular-include-in-framework-module -Wno-trigraphs -Wno-missing-field-initializers -Wno-missing-prototypes -Wno-return-type -Wno-implicit-atomic-properties -Wno-objc-interface-ivars -Wno-arc-repeated-use-of-weak -Wno-missing-braces -Wparentheses -Wswitch -Wno-unused-function -Wno-unused-label -Wno-unused-parameter -Wno-unused-variable -Wunused-value -Wno-empty-body -Wno-uninitialized -Wno-unknown-pragmas -w -Wno-shadow -Wno-four-char-constants -Wno-conversion -Wno-constant-conversion -Wno-int-conversion -Wno-bool-conversion -Wno-enum-conversion -Wno-float-conversion -Wno-non-literal-null-conversion -Wno-objc-literal-conversion -Wshorten-64-to-32 -Wpointer-sign -Wno-newline-eof -Wno-selector -Wno-strict-selector-match -Wno-undeclared-selector -Wno-deprecated-implementations -Wno-implicit-fallthrough -fstrict-aliasing -Wprotocol -Wdeprecated-declarations -Wno-sign-conversion -Wno-infinite-recursion -Wno-comma -Wno-block-capture-autoreleasing -Wno-strict-prototypes -Wno-semicolon-before-method-body -index-store-path /Users/Veer/Library/Developer/Xcode/DerivedData/HearifyV1-ftljoypfezvlxcgouzbpmsmxzads/Index.noindex/DataStore @/Users/Veer/Library/Developer/Xcode/DerivedData/HearifyV1-ftljoypfezvlxcgouzbpmsmxzads/Build/Intermediates.noindex/GoogleUtilities.build/Debug-iphoneos/GoogleUtilities-Network.build/Objects-normal/arm64/e6072d4f65d7061329687fe24e3d63a7-common-args.resp -include /Users/Veer/Library/Developer/Xcode/DerivedData/HearifyV1-ftljoypfezvlxcgouzbpmsmxzads/Build/Intermediates.noindex/GoogleUtilities.build/Debug-iphoneos/GoogleUtilities-Network.build/DerivedSources/resource_bundle_accessor.h -MMD -MT dependencies -MF /Users/Veer/Library/Developer/Xcode/DerivedData/HearifyV1-ftljoypfezvlxcgouzbpmsmxzads/Build/Intermediates.noindex/GoogleUtilities.build/Debug-iphoneos/GoogleUtilities-Network.build/Objects-normal/arm64/resource_bundle_accessor.d --serialize-diagnostics /Users/Veer/Library/Developer/Xcode/DerivedData/HearifyV1-ftljoypfezvlxcgouzbpmsmxzads/Build/Intermediates.noindex/GoogleUtilities.build/Debug-iphoneos/GoogleUtilities-Network.build/Objects-normal/arm64/resource_bundle_accessor.dia -c /Users/Veer/Library/Developer/Xcode/DerivedData/HearifyV1-ftljoypfezvlxcgouzbpmsmxzads/Build/Intermediates.noindex/GoogleUtilities.build/Debug-iphoneos/GoogleUtilities-Network.build/DerivedSources/resource_bundle_accessor.m -o /Users/Veer/Library/Developer/Xcode/DerivedData/HearifyV1-ftljoypfezvlxcgouzbpmsmxzads/Build/Intermediates.noindex/GoogleUtilities.build/Debug-iphoneos/GoogleUtilities-Network.build/Objects-normal/arm64/resource_bundle_accessor.o -index-unit-output-path /GoogleUtilities.build/Debug-iphoneos/GoogleUtilities-Network.build/Objects-normal/arm64/resource_bundle_accessor.o

ScanDependencies /Users/Veer/Library/Developer/Xcode/DerivedData/HearifyV1-ftljoypfezvlxcgouzbpmsmxzads/Build/Intermediates.noindex/GoogleUtilities.build/Debug-iphoneos/GoogleUtilities-Network.build/Objects-normal/arm64/GULNetworkURLSession.o /Users/Veer/Library/Developer/Xcode/DerivedData/HearifyV1-ftljoypfezvlxcgouzbpmsmxzads/SourcePackages/checkouts/GoogleUtilities/GoogleUtilities/Network/GULNetworkURLSession.m normal arm64 objective-c com.apple.compilers.llvm.clang.1_0.compiler (in target 'GoogleUtilities-Network' from project 'GoogleUtilities')
    cd /Users/Veer/Library/Mobile\ Documents/com\~apple\~CloudDocs/HearifyV1/HearifyV1.xcodeproj
    
    Using response file: /Users/Veer/Library/Developer/Xcode/DerivedData/HearifyV1-ftljoypfezvlxcgouzbpmsmxzads/Build/Intermediates.noindex/GoogleUtilities.build/Debug-iphoneos/GoogleUtilities-Network.build/Objects-normal/arm64/e6072d4f65d7061329687fe24e3d63a7-common-args.resp
    
    builtin-ScanDependencies -o /Users/Veer/Library/Developer/Xcode/DerivedData/HearifyV1-ftljoypfezvlxcgouzbpmsmxzads/Build/Intermediates.noindex/GoogleUtilities.build/Debug-iphoneos/GoogleUtilities-Network.build/Objects-normal/arm64/GULNetworkURLSession.o.scan -- /Applications/Xcode.app/Contents/Developer/Toolchains/XcodeDefault.xctoolchain/usr/bin/clang -x objective-c -ivfsstatcache /Users/Veer/Library/Developer/Xcode/DerivedData/SDKStatCaches.noindex/iphoneos26.2-23C53-3794476bd08197c3e2abd9bb477ef7f7.sdkstatcache -fmessage-length\=0 -fdiagnostics-show-note-include-stack -fmacro-backtrace-limit\=0 -fno-color-diagnostics -fmodules-prune-interval\=86400 -fmodules-prune-after\=345600 -fbuild-session-file\=/Users/Veer/Library/Developer/Xcode/DerivedData/ModuleCache.noindex/Session.modulevalidation -fmodules-validate-once-per-build-session -Wnon-modular-include-in-framework-module -Werror\=non-modular-include-in-framework-module -Wno-trigraphs -Wno-missing-field-initializers -Wno-missing-prototypes -Wno-return-type -Wno-implicit-atomic-properties -Wno-objc-interface-ivars -Wno-arc-repeated-use-of-weak -Wno-missing-braces -Wparentheses -Wswitch -Wno-unused-function -Wno-unused-label -Wno-unused-parameter -Wno-unused-variable -Wunused-value -Wno-empty-body -Wno-uninitialized -Wno-unknown-pragmas -w -Wno-shadow -Wno-four-char-constants -Wno-conversion -Wno-constant-conversion -Wno-int-conversion -Wno-bool-conversion -Wno-enum-conversion -Wno-float-conversion -Wno-non-literal-null-conversion -Wno-objc-literal-conversion -Wshorten-64-to-32 -Wpointer-sign -Wno-newline-eof -Wno-selector -Wno-strict-selector-match -Wno-undeclared-selector -Wno-deprecated-implementations -Wno-implicit-fallthrough -fstrict-aliasing -Wprotocol -Wdeprecated-declarations -Wno-sign-conversion -Wno-infinite-recursion -Wno-comma -Wno-block-capture-autoreleasing -Wno-strict-prototypes -Wno-semicolon-before-method-body -index-store-path /Users/Veer/Library/Developer/Xcode/DerivedData/HearifyV1-ftljoypfezvlxcgouzbpmsmxzads/Index.noindex/DataStore @/Users/Veer/Library/Developer/Xcode/DerivedData/HearifyV1-ftljoypfezvlxcgouzbpmsmxzads/Build/Intermediates.noindex/GoogleUtilities.build/Debug-iphoneos/GoogleUtilities-Network.build/Objects-normal/arm64/e6072d4f65d7061329687fe24e3d63a7-common-args.resp -include /Users/Veer/Library/Developer/Xcode/DerivedData/HearifyV1-ftljoypfezvlxcgouzbpmsmxzads/Build/Intermediates.noindex/GoogleUtilities.build/Debug-iphoneos/GoogleUtilities-Network.build/DerivedSources/resource_bundle_accessor.h -MMD -MT dependencies -MF /Users/Veer/Library/Developer/Xcode/DerivedData/HearifyV1-ftljoypfezvlxcgouzbpmsmxzads/Build/Intermediates.noindex/GoogleUtilities.build/Debug-iphoneos/GoogleUtilities-Network.build/Objects-normal/arm64/GULNetworkURLSession.d --serialize-diagnostics /Users/Veer/Library/Developer/Xcode/DerivedData/HearifyV1-ftljoypfezvlxcgouzbpmsmxzads/Build/Intermediates.noindex/GoogleUtilities.build/Debug-iphoneos/GoogleUtilities-Network.build/Objects-normal/arm64/GULNetworkURLSession.dia -c /Users/Veer/Library/Developer/Xcode/DerivedData/HearifyV1-ftljoypfezvlxcgouzbpmsmxzads/SourcePackages/checkouts/GoogleUtilities/GoogleUtilities/Network/GULNetworkURLSession.m -o /Users/Veer/Library/Developer/Xcode/DerivedData/HearifyV1-ftljoypfezvlxcgouzbpmsmxzads/Build/Intermediates.noindex/GoogleUtilities.build/Debug-iphoneos/GoogleUtilities-Network.build/Objects-normal/arm64/GULNetworkURLSession.o -index-unit-output-path /GoogleUtilities.build/Debug-iphoneos/GoogleUtilities-Network.build/Objects-normal/arm64/GULNetworkURLSession.o

ScanDependencies /Users/Veer/Library/Developer/Xcode/DerivedData/HearifyV1-ftljoypfezvlxcgouzbpmsmxzads/Build/Intermediates.noindex/GoogleUtilities.build/Debug-iphoneos/GoogleUtilities-Network.build/Objects-normal/arm64/GULNetworkConstants.o /Users/Veer/Library/Developer/Xcode/DerivedData/HearifyV1-ftljoypfezvlxcgouzbpmsmxzads/SourcePackages/checkouts/GoogleUtilities/GoogleUtilities/Network/GULNetworkConstants.m normal arm64 objective-c com.apple.compilers.llvm.clang.1_0.compiler (in target 'GoogleUtilities-Network' from project 'GoogleUtilities')
    cd /Users/Veer/Library/Mobile\ Documents/com\~apple\~CloudDocs/HearifyV1/HearifyV1.xcodeproj
    
    Using response file: /Users/Veer/Library/Developer/Xcode/DerivedData/HearifyV1-ftljoypfezvlxcgouzbpmsmxzads/Build/Intermediates.noindex/GoogleUtilities.build/Debug-iphoneos/GoogleUtilities-Network.build/Objects-normal/arm64/e6072d4f65d7061329687fe24e3d63a7-common-args.resp
    
    builtin-ScanDependencies -o /Users/Veer/Library/Developer/Xcode/DerivedData/HearifyV1-ftljoypfezvlxcgouzbpmsmxzads/Build/Intermediates.noindex/GoogleUtilities.build/Debug-iphoneos/GoogleUtilities-Network.build/Objects-normal/arm64/GULNetworkConstants.o.scan -- /Applications/Xcode.app/Contents/Developer/Toolchains/XcodeDefault.xctoolchain/usr/bin/clang -x objective-c -ivfsstatcache /Users/Veer/Library/Developer/Xcode/DerivedData/SDKStatCaches.noindex/iphoneos26.2-23C53-3794476bd08197c3e2abd9bb477ef7f7.sdkstatcache -fmessage-length\=0 -fdiagnostics-show-note-include-stack -fmacro-backtrace-limit\=0 -fno-color-diagnostics -fmodules-prune-interval\=86400 -fmodules-prune-after\=345600 -fbuild-session-file\=/Users/Veer/Library/Developer/Xcode/DerivedData/ModuleCache.noindex/Session.modulevalidation -fmodules-validate-once-per-build-session -Wnon-modular-include-in-framework-module -Werror\=non-modular-include-in-framework-module -Wno-trigraphs -Wno-missing-field-initializers -Wno-missing-prototypes -Wno-return-type -Wno-implicit-atomic-properties -Wno-objc-interface-ivars -Wno-arc-repeated-use-of-weak -Wno-missing-braces -Wparentheses -Wswitch -Wno-unused-function -Wno-unused-label -Wno-unused-parameter -Wno-unused-variable -Wunused-value -Wno-empty-body -Wno-uninitialized -Wno-unknown-pragmas -w -Wno-shadow -Wno-four-char-constants -Wno-conversion -Wno-constant-conversion -Wno-int-conversion -Wno-bool-conversion -Wno-enum-conversion -Wno-float-conversion -Wno-non-literal-null-conversion -Wno-objc-literal-conversion -Wshorten-64-to-32 -Wpointer-sign -Wno-newline-eof -Wno-selector -Wno-strict-selector-match -Wno-undeclared-selector -Wno-deprecated-implementations -Wno-implicit-fallthrough -fstrict-aliasing -Wprotocol -Wdeprecated-declarations -Wno-sign-conversion -Wno-infinite-recursion -Wno-comma -Wno-block-capture-autoreleasing -Wno-strict-prototypes -Wno-semicolon-before-method-body -index-store-path /Users/Veer/Library/Developer/Xcode/DerivedData/HearifyV1-ftljoypfezvlxcgouzbpmsmxzads/Index.noindex/DataStore @/Users/Veer/Library/Developer/Xcode/DerivedData/HearifyV1-ftljoypfezvlxcgouzbpmsmxzads/Build/Intermediates.noindex/GoogleUtilities.build/Debug-iphoneos/GoogleUtilities-Network.build/Objects-normal/arm64/e6072d4f65d7061329687fe24e3d63a7-common-args.resp -include /Users/Veer/Library/Developer/Xcode/DerivedData/HearifyV1-ftljoypfezvlxcgouzbpmsmxzads/Build/Intermediates.noindex/GoogleUtilities.build/Debug-iphoneos/GoogleUtilities-Network.build/DerivedSources/resource_bundle_accessor.h -MMD -MT dependencies -MF /Users/Veer/Library/Developer/Xcode/DerivedData/HearifyV1-ftljoypfezvlxcgouzbpmsmxzads/Build/Intermediates.noindex/GoogleUtilities.build/Debug-iphoneos/GoogleUtilities-Network.build/Objects-normal/arm64/GULNetworkConstants.d --serialize-diagnostics /Users/Veer/Library/Developer/Xcode/DerivedData/HearifyV1-ftljoypfezvlxcgouzbpmsmxzads/Build/Intermediates.noindex/GoogleUtilities.build/Debug-iphoneos/GoogleUtilities-Network.build/Objects-normal/arm64/GULNetworkConstants.dia -c /Users/Veer/Library/Developer/Xcode/DerivedData/HearifyV1-ftljoypfezvlxcgouzbpmsmxzads/SourcePackages/checkouts/GoogleUtilities/GoogleUtilities/Network/GULNetworkConstants.m -o /Users/Veer/Library/Developer/Xcode/DerivedData/HearifyV1-ftljoypfezvlxcgouzbpmsmxzads/Build/Intermediates.noindex/GoogleUtilities.build/Debug-iphoneos/GoogleUtilities-Network.build/Objects-normal/arm64/GULNetworkConstants.o -index-unit-output-path /GoogleUtilities.build/Debug-iphoneos/GoogleUtilities-Network.build/Objects-normal/arm64/GULNetworkConstants.o

ScanDependencies /Users/Veer/Library/Developer/Xcode/DerivedData/HearifyV1-ftljoypfezvlxcgouzbpmsmxzads/Build/Intermediates.noindex/GoogleUtilities.build/Debug-iphoneos/GoogleUtilities-Network.build/Objects-normal/arm64/GULNetwork.o /Users/Veer/Library/Developer/Xcode/DerivedData/HearifyV1-ftljoypfezvlxcgouzbpmsmxzads/SourcePackages/checkouts/GoogleUtilities/GoogleUtilities/Network/GULNetwork.m normal arm64 objective-c com.apple.compilers.llvm.clang.1_0.compiler (in target 'GoogleUtilities-Network' from project 'GoogleUtilities')
    cd /Users/Veer/Library/Mobile\ Documents/com\~apple\~CloudDocs/HearifyV1/HearifyV1.xcodeproj
    
    Using response file: /Users/Veer/Library/Developer/Xcode/DerivedData/HearifyV1-ftljoypfezvlxcgouzbpmsmxzads/Build/Intermediates.noindex/GoogleUtilities.build/Debug-iphoneos/GoogleUtilities-Network.build/Objects-normal/arm64/e6072d4f65d7061329687fe24e3d63a7-common-args.resp
    
    builtin-ScanDependencies -o /Users/Veer/Library/Developer/Xcode/DerivedData/HearifyV1-ftljoypfezvlxcgouzbpmsmxzads/Build/Intermediates.noindex/GoogleUtilities.build/Debug-iphoneos/GoogleUtilities-Network.build/Objects-normal/arm64/GULNetwork.o.scan -- /Applications/Xcode.app/Contents/Developer/Toolchains/XcodeDefault.xctoolchain/usr/bin/clang -x objective-c -ivfsstatcache /Users/Veer/Library/Developer/Xcode/DerivedData/SDKStatCaches.noindex/iphoneos26.2-23C53-3794476bd08197c3e2abd9bb477ef7f7.sdkstatcache -fmessage-length\=0 -fdiagnostics-show-note-include-stack -fmacro-backtrace-limit\=0 -fno-color-diagnostics -fmodules-prune-interval\=86400 -fmodules-prune-after\=345600 -fbuild-session-file\=/Users/Veer/Library/Developer/Xcode/DerivedData/ModuleCache.noindex/Session.modulevalidation -fmodules-validate-once-per-build-session -Wnon-modular-include-in-framework-module -Werror\=non-modular-include-in-framework-module -Wno-trigraphs -Wno-missing-field-initializers -Wno-missing-prototypes -Wno-return-type -Wno-implicit-atomic-properties -Wno-objc-interface-ivars -Wno-arc-repeated-use-of-weak -Wno-missing-braces -Wparentheses -Wswitch -Wno-unused-function -Wno-unused-label -Wno-unused-parameter -Wno-unused-variable -Wunused-value -Wno-empty-body -Wno-uninitialized -Wno-unknown-pragmas -w -Wno-shadow -Wno-four-char-constants -Wno-conversion -Wno-constant-conversion -Wno-int-conversion -Wno-bool-conversion -Wno-enum-conversion -Wno-float-conversion -Wno-non-literal-null-conversion -Wno-objc-literal-conversion -Wshorten-64-to-32 -Wpointer-sign -Wno-newline-eof -Wno-selector -Wno-strict-selector-match -Wno-undeclared-selector -Wno-deprecated-implementations -Wno-implicit-fallthrough -fstrict-aliasing -Wprotocol -Wdeprecated-declarations -Wno-sign-conversion -Wno-infinite-recursion -Wno-comma -Wno-block-capture-autoreleasing -Wno-strict-prototypes -Wno-semicolon-before-method-body -index-store-path /Users/Veer/Library/Developer/Xcode/DerivedData/HearifyV1-ftljoypfezvlxcgouzbpmsmxzads/Index.noindex/DataStore @/Users/Veer/Library/Developer/Xcode/DerivedData/HearifyV1-ftljoypfezvlxcgouzbpmsmxzads/Build/Intermediates.noindex/GoogleUtilities.build/Debug-iphoneos/GoogleUtilities-Network.build/Objects-normal/arm64/e6072d4f65d7061329687fe24e3d63a7-common-args.resp -include /Users/Veer/Library/Developer/Xcode/DerivedData/HearifyV1-ftljoypfezvlxcgouzbpmsmxzads/Build/Intermediates.noindex/GoogleUtilities.build/Debug-iphoneos/GoogleUtilities-Network.build/DerivedSources/resource_bundle_accessor.h -MMD -MT dependencies -MF /Users/Veer/Library/Developer/Xcode/DerivedData/HearifyV1-ftljoypfezvlxcgouzbpmsmxzads/Build/Intermediates.noindex/GoogleUtilities.build/Debug-iphoneos/GoogleUtilities-Network.build/Objects-normal/arm64/GULNetwork.d --serialize-diagnostics /Users/Veer/Library/Developer/Xcode/DerivedData/HearifyV1-ftljoypfezvlxcgouzbpmsmxzads/Build/Intermediates.noindex/GoogleUtilities.build/Debug-iphoneos/GoogleUtilities-Network.build/Objects-normal/arm64/GULNetwork.dia -c /Users/Veer/Library/Developer/Xcode/DerivedData/HearifyV1-ftljoypfezvlxcgouzbpmsmxzads/SourcePackages/checkouts/GoogleUtilities/GoogleUtilities/Network/GULNetwork.m -o /Users/Veer/Library/Developer/Xcode/DerivedData/HearifyV1-ftljoypfezvlxcgouzbpmsmxzads/Build/Intermediates.noindex/GoogleUtilities.build/Debug-iphoneos/GoogleUtilities-Network.build/Objects-normal/arm64/GULNetwork.o -index-unit-output-path /GoogleUtilities.build/Debug-iphoneos/GoogleUtilities-Network.build/Objects-normal/arm64/GULNetwork.o

PrecompileModule /Users/Veer/Library/Developer/Xcode/DerivedData/HearifyV1-ftljoypfezvlxcgouzbpmsmxzads/Build/Intermediates.noindex/ExplicitPrecompiledModules/Metal-1XUHWI6MTJ8FU4V1I2IVBG6XK.scan
    cd /
    builtin-precompileModule /Users/Veer/Library/Developer/Xcode/DerivedData/HearifyV1-ftljoypfezvlxcgouzbpmsmxzads/Build/Intermediates.noindex/ExplicitPrecompiledModules/Metal-1XUHWI6MTJ8FU4V1I2IVBG6XK.scan

PrecompileModule /Users/Veer/Library/Developer/Xcode/DerivedData/HearifyV1-ftljoypfezvlxcgouzbpmsmxzads/Build/Intermediates.noindex/ExplicitPrecompiledModules/ObjectiveC-BPHDFZJE6O97ZIY8A6ALRBLK7.scan
    cd /
    builtin-precompileModule /Users/Veer/Library/Developer/Xcode/DerivedData/HearifyV1-ftljoypfezvlxcgouzbpmsmxzads/Build/Intermediates.noindex/ExplicitPrecompiledModules/ObjectiveC-BPHDFZJE6O97ZIY8A6ALRBLK7.scan

CompileC /Users/Veer/Library/Developer/Xcode/DerivedData/HearifyV1-ftljoypfezvlxcgouzbpmsmxzads/Build/Intermediates.noindex/GoogleUtilities.build/Debug-iphoneos/GoogleUtilities-Network.build/Objects-normal/arm64/resource_bundle_accessor.o /Users/Veer/Library/Developer/Xcode/DerivedData/HearifyV1-ftljoypfezvlxcgouzbpmsmxzads/Build/Intermediates.noindex/GoogleUtilities.build/Debug-iphoneos/GoogleUtilities-Network.build/DerivedSources/resource_bundle_accessor.m normal arm64 objective-c com.apple.compilers.llvm.clang.1_0.compiler (in target 'GoogleUtilities-Network' from project 'GoogleUtilities')
    cd /Users/Veer/Library/Mobile\ Documents/com\~apple\~CloudDocs/HearifyV1/HearifyV1.xcodeproj
    
    Using response file: /Users/Veer/Library/Developer/Xcode/DerivedData/HearifyV1-ftljoypfezvlxcgouzbpmsmxzads/Build/Intermediates.noindex/GoogleUtilities.build/Debug-iphoneos/GoogleUtilities-Network.build/Objects-normal/arm64/e6072d4f65d7061329687fe24e3d63a7-common-args.resp
    
    /Applications/Xcode.app/Contents/Developer/Toolchains/XcodeDefault.xctoolchain/usr/bin/clang -x objective-c -ivfsstatcache /Users/Veer/Library/Developer/Xcode/DerivedData/SDKStatCaches.noindex/iphoneos26.2-23C53-3794476bd08197c3e2abd9bb477ef7f7.sdkstatcache -fmessage-length\=0 -fdiagnostics-show-note-include-stack -fmacro-backtrace-limit\=0 -fno-color-diagnostics -fmodules-prune-interval\=86400 -fmodules-prune-after\=345600 -fbuild-session-file\=/Users/Veer/Library/Developer/Xcode/DerivedData/ModuleCache.noindex/Session.modulevalidation -fmodules-validate-once-per-build-session -Wnon-modular-include-in-framework-module -Werror\=non-modular-include-in-framework-module -Wno-trigraphs -Wno-missing-field-initializers -Wno-missing-prototypes -Wno-return-type -Wno-implicit-atomic-properties -Wno-objc-interface-ivars -Wno-arc-repeated-use-of-weak -Wno-missing-braces -Wparentheses -Wswitch -Wno-unused-function -Wno-unused-label -Wno-unused-parameter -Wno-unused-variable -Wunused-value -Wno-empty-body -Wno-uninitialized -Wno-unknown-pragmas -w -Wno-shadow -Wno-four-char-constants -Wno-conversion -Wno-constant-conversion -Wno-int-conversion -Wno-bool-conversion -Wno-enum-conversion -Wno-float-conversion -Wno-non-literal-null-conversion -Wno-objc-literal-conversion -Wshorten-64-to-32 -Wpointer-sign -Wno-newline-eof -Wno-selector -Wno-strict-selector-match -Wno-undeclared-selector -Wno-deprecated-implementations -Wno-implicit-fallthrough -fstrict-aliasing -Wprotocol -Wdeprecated-declarations -Wno-sign-conversion -Wno-infinite-recursion -Wno-comma -Wno-block-capture-autoreleasing -Wno-strict-prototypes -Wno-semicolon-before-method-body -index-store-path /Users/Veer/Library/Developer/Xcode/DerivedData/HearifyV1-ftljoypfezvlxcgouzbpmsmxzads/Index.noindex/DataStore @/Users/Veer/Library/Developer/Xcode/DerivedData/HearifyV1-ftljoypfezvlxcgouzbpmsmxzads/Build/Intermediates.noindex/GoogleUtilities.build/Debug-iphoneos/GoogleUtilities-Network.build/Objects-normal/arm64/e6072d4f65d7061329687fe24e3d63a7-common-args.resp -include /Users/Veer/Library/Developer/Xcode/DerivedData/HearifyV1-ftljoypfezvlxcgouzbpmsmxzads/Build/Intermediates.noindex/GoogleUtilities.build/Debug-iphoneos/GoogleUtilities-Network.build/DerivedSources/resource_bundle_accessor.h -MMD -MT dependencies -MF /Users/Veer/Library/Developer/Xcode/DerivedData/HearifyV1-ftljoypfezvlxcgouzbpmsmxzads/Build/Intermediates.noindex/GoogleUtilities.build/Debug-iphoneos/GoogleUtilities-Network.build/Objects-normal/arm64/resource_bundle_accessor.d --serialize-diagnostics /Users/Veer/Library/Developer/Xcode/DerivedData/HearifyV1-ftljoypfezvlxcgouzbpmsmxzads/Build/Intermediates.noindex/GoogleUtilities.build/Debug-iphoneos/GoogleUtilities-Network.build/Objects-normal/arm64/resource_bundle_accessor.dia -c /Users/Veer/Library/Developer/Xcode/DerivedData/HearifyV1-ftljoypfezvlxcgouzbpmsmxzads/Build/Intermediates.noindex/GoogleUtilities.build/Debug-iphoneos/GoogleUtilities-Network.build/DerivedSources/resource_bundle_accessor.m -o /Users/Veer/Library/Developer/Xcode/DerivedData/HearifyV1-ftljoypfezvlxcgouzbpmsmxzads/Build/Intermediates.noindex/GoogleUtilities.build/Debug-iphoneos/GoogleUtilities-Network.build/Objects-normal/arm64/resource_bundle_accessor.o -index-unit-output-path /GoogleUtilities.build/Debug-iphoneos/GoogleUtilities-Network.build/Objects-normal/arm64/resource_bundle_accessor.o

CompileC /Users/Veer/Library/Developer/Xcode/DerivedData/HearifyV1-ftljoypfezvlxcgouzbpmsmxzads/Build/Intermediates.noindex/GoogleUtilities.build/Debug-iphoneos/GoogleUtilities-Network.build/Objects-normal/arm64/GULNetworkConstants.o /Users/Veer/Library/Developer/Xcode/DerivedData/HearifyV1-ftljoypfezvlxcgouzbpmsmxzads/SourcePackages/checkouts/GoogleUtilities/GoogleUtilities/Network/GULNetworkConstants.m normal arm64 objective-c com.apple.compilers.llvm.clang.1_0.compiler (in target 'GoogleUtilities-Network' from project 'GoogleUtilities')
    cd /Users/Veer/Library/Mobile\ Documents/com\~apple\~CloudDocs/HearifyV1/HearifyV1.xcodeproj
    
    Using response file: /Users/Veer/Library/Developer/Xcode/DerivedData/HearifyV1-ftljoypfezvlxcgouzbpmsmxzads/Build/Intermediates.noindex/GoogleUtilities.build/Debug-iphoneos/GoogleUtilities-Network.build/Objects-normal/arm64/e6072d4f65d7061329687fe24e3d63a7-common-args.resp
    
    /Applications/Xcode.app/Contents/Developer/Toolchains/XcodeDefault.xctoolchain/usr/bin/clang -x objective-c -ivfsstatcache /Users/Veer/Library/Developer/Xcode/DerivedData/SDKStatCaches.noindex/iphoneos26.2-23C53-3794476bd08197c3e2abd9bb477ef7f7.sdkstatcache -fmessage-length\=0 -fdiagnostics-show-note-include-stack -fmacro-backtrace-limit\=0 -fno-color-diagnostics -fmodules-prune-interval\=86400 -fmodules-prune-after\=345600 -fbuild-session-file\=/Users/Veer/Library/Developer/Xcode/DerivedData/ModuleCache.noindex/Session.modulevalidation -fmodules-validate-once-per-build-session -Wnon-modular-include-in-framework-module -Werror\=non-modular-include-in-framework-module -Wno-trigraphs -Wno-missing-field-initializers -Wno-missing-prototypes -Wno-return-type -Wno-implicit-atomic-properties -Wno-objc-interface-ivars -Wno-arc-repeated-use-of-weak -Wno-missing-braces -Wparentheses -Wswitch -Wno-unused-function -Wno-unused-label -Wno-unused-parameter -Wno-unused-variable -Wunused-value -Wno-empty-body -Wno-uninitialized -Wno-unknown-pragmas -w -Wno-shadow -Wno-four-char-constants -Wno-conversion -Wno-constant-conversion -Wno-int-conversion -Wno-bool-conversion -Wno-enum-conversion -Wno-float-conversion -Wno-non-literal-null-conversion -Wno-objc-literal-conversion -Wshorten-64-to-32 -Wpointer-sign -Wno-newline-eof -Wno-selector -Wno-strict-selector-match -Wno-undeclared-selector -Wno-deprecated-implementations -Wno-implicit-fallthrough -fstrict-aliasing -Wprotocol -Wdeprecated-declarations -Wno-sign-conversion -Wno-infinite-recursion -Wno-comma -Wno-block-capture-autoreleasing -Wno-strict-prototypes -Wno-semicolon-before-method-body -index-store-path /Users/Veer/Library/Developer/Xcode/DerivedData/HearifyV1-ftljoypfezvlxcgouzbpmsmxzads/Index.noindex/DataStore @/Users/Veer/Library/Developer/Xcode/DerivedData/HearifyV1-ftljoypfezvlxcgouzbpmsmxzads/Build/Intermediates.noindex/GoogleUtilities.build/Debug-iphoneos/GoogleUtilities-Network.build/Objects-normal/arm64/e6072d4f65d7061329687fe24e3d63a7-common-args.resp -include /Users/Veer/Library/Developer/Xcode/DerivedData/HearifyV1-ftljoypfezvlxcgouzbpmsmxzads/Build/Intermediates.noindex/GoogleUtilities.build/Debug-iphoneos/GoogleUtilities-Network.build/DerivedSources/resource_bundle_accessor.h -MMD -MT dependencies -MF /Users/Veer/Library/Developer/Xcode/DerivedData/HearifyV1-ftljoypfezvlxcgouzbpmsmxzads/Build/Intermediates.noindex/GoogleUtilities.build/Debug-iphoneos/GoogleUtilities-Network.build/Objects-normal/arm64/GULNetworkConstants.d --serialize-diagnostics /Users/Veer/Library/Developer/Xcode/DerivedData/HearifyV1-ftljoypfezvlxcgouzbpmsmxzads/Build/Intermediates.noindex/GoogleUtilities.build/Debug-iphoneos/GoogleUtilities-Network.build/Objects-normal/arm64/GULNetworkConstants.dia -c /Users/Veer/Library/Developer/Xcode/DerivedData/HearifyV1-ftljoypfezvlxcgouzbpmsmxzads/SourcePackages/checkouts/GoogleUtilities/GoogleUtilities/Network/GULNetworkConstants.m -o /Users/Veer/Library/Developer/Xcode/DerivedData/HearifyV1-ftljoypfezvlxcgouzbpmsmxzads/Build/Intermediates.noindex/GoogleUtilities.build/Debug-iphoneos/GoogleUtilities-Network.build/Objects-normal/arm64/GULNetworkConstants.o -index-unit-output-path /GoogleUtilities.build/Debug-iphoneos/GoogleUtilities-Network.build/Objects-normal/arm64/GULNetworkConstants.o

PrecompileModule /Users/Veer/Library/Developer/Xcode/DerivedData/HearifyV1-ftljoypfezvlxcgouzbpmsmxzads/Build/Intermediates.noindex/ExplicitPrecompiledModules/OpenGLES-6XZAGM94PCGNZKJ93D5DA1MYW.scan
    cd /
    builtin-precompileModule /Users/Veer/Library/Developer/Xcode/DerivedData/HearifyV1-ftljoypfezvlxcgouzbpmsmxzads/Build/Intermediates.noindex/ExplicitPrecompiledModules/OpenGLES-6XZAGM94PCGNZKJ93D5DA1MYW.scan

CompileC /Users/Veer/Library/Developer/Xcode/DerivedData/HearifyV1-ftljoypfezvlxcgouzbpmsmxzads/Build/Intermediates.noindex/GoogleUtilities.build/Debug-iphoneos/GoogleUtilities-Network.build/Objects-normal/arm64/GULNetworkURLSession.o /Users/Veer/Library/Developer/Xcode/DerivedData/HearifyV1-ftljoypfezvlxcgouzbpmsmxzads/SourcePackages/checkouts/GoogleUtilities/GoogleUtilities/Network/GULNetworkURLSession.m normal arm64 objective-c com.apple.compilers.llvm.clang.1_0.compiler (in target 'GoogleUtilities-Network' from project 'GoogleUtilities')
    cd /Users/Veer/Library/Mobile\ Documents/com\~apple\~CloudDocs/HearifyV1/HearifyV1.xcodeproj
    
    Using response file: /Users/Veer/Library/Developer/Xcode/DerivedData/HearifyV1-ftljoypfezvlxcgouzbpmsmxzads/Build/Intermediates.noindex/GoogleUtilities.build/Debug-iphoneos/GoogleUtilities-Network.build/Objects-normal/arm64/e6072d4f65d7061329687fe24e3d63a7-common-args.resp
    
    /Applications/Xcode.app/Contents/Developer/Toolchains/XcodeDefault.xctoolchain/usr/bin/clang -x objective-c -ivfsstatcache /Users/Veer/Library/Developer/Xcode/DerivedData/SDKStatCaches.noindex/iphoneos26.2-23C53-3794476bd08197c3e2abd9bb477ef7f7.sdkstatcache -fmessage-length\=0 -fdiagnostics-show-note-include-stack -fmacro-backtrace-limit\=0 -fno-color-diagnostics -fmodules-prune-interval\=86400 -fmodules-prune-after\=345600 -fbuild-session-file\=/Users/Veer/Library/Developer/Xcode/DerivedData/ModuleCache.noindex/Session.modulevalidation -fmodules-validate-once-per-build-session -Wnon-modular-include-in-framework-module -Werror\=non-modular-include-in-framework-module -Wno-trigraphs -Wno-missing-field-initializers -Wno-missing-prototypes -Wno-return-type -Wno-implicit-atomic-properties -Wno-objc-interface-ivars -Wno-arc-repeated-use-of-weak -Wno-missing-braces -Wparentheses -Wswitch -Wno-unused-function -Wno-unused-label -Wno-unused-parameter -Wno-unused-variable -Wunused-value -Wno-empty-body -Wno-uninitialized -Wno-unknown-pragmas -w -Wno-shadow -Wno-four-char-constants -Wno-conversion -Wno-constant-conversion -Wno-int-conversion -Wno-bool-conversion -Wno-enum-conversion -Wno-float-conversion -Wno-non-literal-null-conversion -Wno-objc-literal-conversion -Wshorten-64-to-32 -Wpointer-sign -Wno-newline-eof -Wno-selector -Wno-strict-selector-match -Wno-undeclared-selector -Wno-deprecated-implementations -Wno-implicit-fallthrough -fstrict-aliasing -Wprotocol -Wdeprecated-declarations -Wno-sign-conversion -Wno-infinite-recursion -Wno-comma -Wno-block-capture-autoreleasing -Wno-strict-prototypes -Wno-semicolon-before-method-body -index-store-path /Users/Veer/Library/Developer/Xcode/DerivedData/HearifyV1-ftljoypfezvlxcgouzbpmsmxzads/Index.noindex/DataStore @/Users/Veer/Library/Developer/Xcode/DerivedData/HearifyV1-ftljoypfezvlxcgouzbpmsmxzads/Build/Intermediates.noindex/GoogleUtilities.build/Debug-iphoneos/GoogleUtilities-Network.build/Objects-normal/arm64/e6072d4f65d7061329687fe24e3d63a7-common-args.resp -include /Users/Veer/Library/Developer/Xcode/DerivedData/HearifyV1-ftljoypfezvlxcgouzbpmsmxzads/Build/Intermediates.noindex/GoogleUtilities.build/Debug-iphoneos/GoogleUtilities-Network.build/DerivedSources/resource_bundle_accessor.h -MMD -MT dependencies -MF /Users/Veer/Library/Developer/Xcode/DerivedData/HearifyV1-ftljoypfezvlxcgouzbpmsmxzads/Build/Intermediates.noindex/GoogleUtilities.build/Debug-iphoneos/GoogleUtilities-Network.build/Objects-normal/arm64/GULNetworkURLSession.d --serialize-diagnostics /Users/Veer/Library/Developer/Xcode/DerivedData/HearifyV1-ftljoypfezvlxcgouzbpmsmxzads/Build/Intermediates.noindex/GoogleUtilities.build/Debug-iphoneos/GoogleUtilities-Network.build/Objects-normal/arm64/GULNetworkURLSession.dia -c /Users/Veer/Library/Developer/Xcode/DerivedData/HearifyV1-ftljoypfezvlxcgouzbpmsmxzads/SourcePackages/checkouts/GoogleUtilities/GoogleUtilities/Network/GULNetworkURLSession.m -o /Users/Veer/Library/Developer/Xcode/DerivedData/HearifyV1-ftljoypfezvlxcgouzbpmsmxzads/Build/Intermediates.noindex/GoogleUtilities.build/Debug-iphoneos/GoogleUtilities-Network.build/Objects-normal/arm64/GULNetworkURLSession.o -index-unit-output-path /GoogleUtilities.build/Debug-iphoneos/GoogleUtilities-Network.build/Objects-normal/arm64/GULNetworkURLSession.o

PrecompileModule /Users/Veer/Library/Developer/Xcode/DerivedData/HearifyV1-ftljoypfezvlxcgouzbpmsmxzads/Build/Intermediates.noindex/ExplicitPrecompiledModules/GoogleUtilities_NSData-4TV6JTDO9DHY4JD1I0B2DJ1SL.scan
    cd /
    builtin-precompileModule /Users/Veer/Library/Developer/Xcode/DerivedData/HearifyV1-ftljoypfezvlxcgouzbpmsmxzads/Build/Intermediates.noindex/ExplicitPrecompiledModules/GoogleUtilities_NSData-4TV6JTDO9DHY4JD1I0B2DJ1SL.scan

PrecompileModule /Users/Veer/Library/Developer/Xcode/DerivedData/HearifyV1-ftljoypfezvlxcgouzbpmsmxzads/Build/Intermediates.noindex/ExplicitPrecompiledModules/GoogleUtilities_Reachability-4CTH6OLLVY6XIHA9YFSCYSTT5.scan
    cd /
    builtin-precompileModule /Users/Veer/Library/Developer/Xcode/DerivedData/HearifyV1-ftljoypfezvlxcgouzbpmsmxzads/Build/Intermediates.noindex/ExplicitPrecompiledModules/GoogleUtilities_Reachability-4CTH6OLLVY6XIHA9YFSCYSTT5.scan

PrecompileModule /Users/Veer/Library/Developer/Xcode/DerivedData/HearifyV1-ftljoypfezvlxcgouzbpmsmxzads/Build/Intermediates.noindex/ExplicitPrecompiledModules/os_object-1QIB3MC2U80DXGRPSAVZFMKUU.scan
    cd /
    builtin-precompileModule /Users/Veer/Library/Developer/Xcode/DerivedData/HearifyV1-ftljoypfezvlxcgouzbpmsmxzads/Build/Intermediates.noindex/ExplicitPrecompiledModules/os_object-1QIB3MC2U80DXGRPSAVZFMKUU.scan

ScanDependencies /Users/Veer/Library/Developer/Xcode/DerivedData/HearifyV1-ftljoypfezvlxcgouzbpmsmxzads/Build/Intermediates.noindex/GoogleUtilities.build/Debug-iphoneos/GoogleUtilities-Network.build/Objects-normal/arm64/GULMutableDictionary.o /Users/Veer/Library/Developer/Xcode/DerivedData/HearifyV1-ftljoypfezvlxcgouzbpmsmxzads/SourcePackages/checkouts/GoogleUtilities/GoogleUtilities/Network/GULMutableDictionary.m normal arm64 objective-c com.apple.compilers.llvm.clang.1_0.compiler (in target 'GoogleUtilities-Network' from project 'GoogleUtilities')
    cd /Users/Veer/Library/Mobile\ Documents/com\~apple\~CloudDocs/HearifyV1/HearifyV1.xcodeproj
    
    Using response file: /Users/Veer/Library/Developer/Xcode/DerivedData/HearifyV1-ftljoypfezvlxcgouzbpmsmxzads/Build/Intermediates.noindex/GoogleUtilities.build/Debug-iphoneos/GoogleUtilities-Network.build/Objects-normal/arm64/e6072d4f65d7061329687fe24e3d63a7-common-args.resp
    
    builtin-ScanDependencies -o /Users/Veer/Library/Developer/Xcode/DerivedData/HearifyV1-ftljoypfezvlxcgouzbpmsmxzads/Build/Intermediates.noindex/GoogleUtilities.build/Debug-iphoneos/GoogleUtilities-Network.build/Objects-normal/arm64/GULMutableDictionary.o.scan -- /Applications/Xcode.app/Contents/Developer/Toolchains/XcodeDefault.xctoolchain/usr/bin/clang -x objective-c -ivfsstatcache /Users/Veer/Library/Developer/Xcode/DerivedData/SDKStatCaches.noindex/iphoneos26.2-23C53-3794476bd08197c3e2abd9bb477ef7f7.sdkstatcache -fmessage-length\=0 -fdiagnostics-show-note-include-stack -fmacro-backtrace-limit\=0 -fno-color-diagnostics -fmodules-prune-interval\=86400 -fmodules-prune-after\=345600 -fbuild-session-file\=/Users/Veer/Library/Developer/Xcode/DerivedData/ModuleCache.noindex/Session.modulevalidation -fmodules-validate-once-per-build-session -Wnon-modular-include-in-framework-module -Werror\=non-modular-include-in-framework-module -Wno-trigraphs -Wno-missing-field-initializers -Wno-missing-prototypes -Wno-return-type -Wno-implicit-atomic-properties -Wno-objc-interface-ivars -Wno-arc-repeated-use-of-weak -Wno-missing-braces -Wparentheses -Wswitch -Wno-unused-function -Wno-unused-label -Wno-unused-parameter -Wno-unused-variable -Wunused-value -Wno-empty-body -Wno-uninitialized -Wno-unknown-pragmas -w -Wno-shadow -Wno-four-char-constants -Wno-conversion -Wno-constant-conversion -Wno-int-conversion -Wno-bool-conversion -Wno-enum-conversion -Wno-float-conversion -Wno-non-literal-null-conversion -Wno-objc-literal-conversion -Wshorten-64-to-32 -Wpointer-sign -Wno-newline-eof -Wno-selector -Wno-strict-selector-match -Wno-undeclared-selector -Wno-deprecated-implementations -Wno-implicit-fallthrough -fstrict-aliasing -Wprotocol -Wdeprecated-declarations -Wno-sign-conversion -Wno-infinite-recursion -Wno-comma -Wno-block-capture-autoreleasing -Wno-strict-prototypes -Wno-semicolon-before-method-body -index-store-path /Users/Veer/Library/Developer/Xcode/DerivedData/HearifyV1-ftljoypfezvlxcgouzbpmsmxzads/Index.noindex/DataStore @/Users/Veer/Library/Developer/Xcode/DerivedData/HearifyV1-ftljoypfezvlxcgouzbpmsmxzads/Build/Intermediates.noindex/GoogleUtilities.build/Debug-iphoneos/GoogleUtilities-Network.build/Objects-normal/arm64/e6072d4f65d7061329687fe24e3d63a7-common-args.resp -include /Users/Veer/Library/Developer/Xcode/DerivedData/HearifyV1-ftljoypfezvlxcgouzbpmsmxzads/Build/Intermediates.noindex/GoogleUtilities.build/Debug-iphoneos/GoogleUtilities-Network.build/DerivedSources/resource_bundle_accessor.h -MMD -MT dependencies -MF /Users/Veer/Library/Developer/Xcode/DerivedData/HearifyV1-ftljoypfezvlxcgouzbpmsmxzads/Build/Intermediates.noindex/GoogleUtilities.build/Debug-iphoneos/GoogleUtilities-Network.build/Objects-normal/arm64/GULMutableDictionary.d --serialize-diagnostics /Users/Veer/Library/Developer/Xcode/DerivedData/HearifyV1-ftljoypfezvlxcgouzbpmsmxzads/Build/Intermediates.noindex/GoogleUtilities.build/Debug-iphoneos/GoogleUtilities-Network.build/Objects-normal/arm64/GULMutableDictionary.dia -c /Users/Veer/Library/Developer/Xcode/DerivedData/HearifyV1-ftljoypfezvlxcgouzbpmsmxzads/SourcePackages/checkouts/GoogleUtilities/GoogleUtilities/Network/GULMutableDictionary.m -o /Users/Veer/Library/Developer/Xcode/DerivedData/HearifyV1-ftljoypfezvlxcgouzbpmsmxzads/Build/Intermediates.noindex/GoogleUtilities.build/Debug-iphoneos/GoogleUtilities-Network.build/Objects-normal/arm64/GULMutableDictionary.o -index-unit-output-path /GoogleUtilities.build/Debug-iphoneos/GoogleUtilities-Network.build/Objects-normal/arm64/GULMutableDictionary.o

CompileC /Users/Veer/Library/Developer/Xcode/DerivedData/HearifyV1-ftljoypfezvlxcgouzbpmsmxzads/Build/Intermediates.noindex/GoogleUtilities.build/Debug-iphoneos/GoogleUtilities-Network.build/Objects-normal/arm64/GULNetwork.o /Users/Veer/Library/Developer/Xcode/DerivedData/HearifyV1-ftljoypfezvlxcgouzbpmsmxzads/SourcePackages/checkouts/GoogleUtilities/GoogleUtilities/Network/GULNetwork.m normal arm64 objective-c com.apple.compilers.llvm.clang.1_0.compiler (in target 'GoogleUtilities-Network' from project 'GoogleUtilities')
    cd /Users/Veer/Library/Mobile\ Documents/com\~apple\~CloudDocs/HearifyV1/HearifyV1.xcodeproj
    
    Using response file: /Users/Veer/Library/Developer/Xcode/DerivedData/HearifyV1-ftljoypfezvlxcgouzbpmsmxzads/Build/Intermediates.noindex/GoogleUtilities.build/Debug-iphoneos/GoogleUtilities-Network.build/Objects-normal/arm64/e6072d4f65d7061329687fe24e3d63a7-common-args.resp
    
    /Applications/Xcode.app/Contents/Developer/Toolchains/XcodeDefault.xctoolchain/usr/bin/clang -x objective-c -ivfsstatcache /Users/Veer/Library/Developer/Xcode/DerivedData/SDKStatCaches.noindex/iphoneos26.2-23C53-3794476bd08197c3e2abd9bb477ef7f7.sdkstatcache -fmessage-length\=0 -fdiagnostics-show-note-include-stack -fmacro-backtrace-limit\=0 -fno-color-diagnostics -fmodules-prune-interval\=86400 -fmodules-prune-after\=345600 -fbuild-session-file\=/Users/Veer/Library/Developer/Xcode/DerivedData/ModuleCache.noindex/Session.modulevalidation -fmodules-validate-once-per-build-session -Wnon-modular-include-in-framework-module -Werror\=non-modular-include-in-framework-module -Wno-trigraphs -Wno-missing-field-initializers -Wno-missing-prototypes -Wno-return-type -Wno-implicit-atomic-properties -Wno-objc-interface-ivars -Wno-arc-repeated-use-of-weak -Wno-missing-braces -Wparentheses -Wswitch -Wno-unused-function -Wno-unused-label -Wno-unused-parameter -Wno-unused-variable -Wunused-value -Wno-empty-body -Wno-uninitialized -Wno-unknown-pragmas -w -Wno-shadow -Wno-four-char-constants -Wno-conversion -Wno-constant-conversion -Wno-int-conversion -Wno-bool-conversion -Wno-enum-conversion -Wno-float-conversion -Wno-non-literal-null-conversion -Wno-objc-literal-conversion -Wshorten-64-to-32 -Wpointer-sign -Wno-newline-eof -Wno-selector -Wno-strict-selector-match -Wno-undeclared-selector -Wno-deprecated-implementations -Wno-implicit-fallthrough -fstrict-aliasing -Wprotocol -Wdeprecated-declarations -Wno-sign-conversion -Wno-infinite-recursion -Wno-comma -Wno-block-capture-autoreleasing -Wno-strict-prototypes -Wno-semicolon-before-method-body -index-store-path /Users/Veer/Library/Developer/Xcode/DerivedData/HearifyV1-ftljoypfezvlxcgouzbpmsmxzads/Index.noindex/DataStore @/Users/Veer/Library/Developer/Xcode/DerivedData/HearifyV1-ftljoypfezvlxcgouzbpmsmxzads/Build/Intermediates.noindex/GoogleUtilities.build/Debug-iphoneos/GoogleUtilities-Network.build/Objects-normal/arm64/e6072d4f65d7061329687fe24e3d63a7-common-args.resp -include /Users/Veer/Library/Developer/Xcode/DerivedData/HearifyV1-ftljoypfezvlxcgouzbpmsmxzads/Build/Intermediates.noindex/GoogleUtilities.build/Debug-iphoneos/GoogleUtilities-Network.build/DerivedSources/resource_bundle_accessor.h -MMD -MT dependencies -MF /Users/Veer/Library/Developer/Xcode/DerivedData/HearifyV1-ftljoypfezvlxcgouzbpmsmxzads/Build/Intermediates.noindex/GoogleUtilities.build/Debug-iphoneos/GoogleUtilities-Network.build/Objects-normal/arm64/GULNetwork.d --serialize-diagnostics /Users/Veer/Library/Developer/Xcode/DerivedData/HearifyV1-ftljoypfezvlxcgouzbpmsmxzads/Build/Intermediates.noindex/GoogleUtilities.build/Debug-iphoneos/GoogleUtilities-Network.build/Objects-normal/arm64/GULNetwork.dia -c /Users/Veer/Library/Developer/Xcode/DerivedData/HearifyV1-ftljoypfezvlxcgouzbpmsmxzads/SourcePackages/checkouts/GoogleUtilities/GoogleUtilities/Network/GULNetwork.m -o /Users/Veer/Library/Developer/Xcode/DerivedData/HearifyV1-ftljoypfezvlxcgouzbpmsmxzads/Build/Intermediates.noindex/GoogleUtilities.build/Debug-iphoneos/GoogleUtilities-Network.build/Objects-normal/arm64/GULNetwork.o -index-unit-output-path /GoogleUtilities.build/Debug-iphoneos/GoogleUtilities-Network.build/Objects-normal/arm64/GULNetwork.o

PrecompileModule /Users/Veer/Library/Developer/Xcode/DerivedData/HearifyV1-ftljoypfezvlxcgouzbpmsmxzads/Build/Intermediates.noindex/ExplicitPrecompiledModules/os_workgroup-8AA6CUP32CRZU4NDTI3AKPUTT.scan
    cd /
    builtin-precompileModule /Users/Veer/Library/Developer/Xcode/DerivedData/HearifyV1-ftljoypfezvlxcgouzbpmsmxzads/Build/Intermediates.noindex/ExplicitPrecompiledModules/os_workgroup-8AA6CUP32CRZU4NDTI3AKPUTT.scan

CompileC /Users/Veer/Library/Developer/Xcode/DerivedData/HearifyV1-ftljoypfezvlxcgouzbpmsmxzads/Build/Intermediates.noindex/GoogleUtilities.build/Debug-iphoneos/GoogleUtilities-Network.build/Objects-normal/arm64/GULMutableDictionary.o /Users/Veer/Library/Developer/Xcode/DerivedData/HearifyV1-ftljoypfezvlxcgouzbpmsmxzads/SourcePackages/checkouts/GoogleUtilities/GoogleUtilities/Network/GULMutableDictionary.m normal arm64 objective-c com.apple.compilers.llvm.clang.1_0.compiler (in target 'GoogleUtilities-Network' from project 'GoogleUtilities')
    cd /Users/Veer/Library/Mobile\ Documents/com\~apple\~CloudDocs/HearifyV1/HearifyV1.xcodeproj
    
    Using response file: /Users/Veer/Library/Developer/Xcode/DerivedData/HearifyV1-ftljoypfezvlxcgouzbpmsmxzads/Build/Intermediates.noindex/GoogleUtilities.build/Debug-iphoneos/GoogleUtilities-Network.build/Objects-normal/arm64/e6072d4f65d7061329687fe24e3d63a7-common-args.resp
    
    /Applications/Xcode.app/Contents/Developer/Toolchains/XcodeDefault.xctoolchain/usr/bin/clang -x objective-c -ivfsstatcache /Users/Veer/Library/Developer/Xcode/DerivedData/SDKStatCaches.noindex/iphoneos26.2-23C53-3794476bd08197c3e2abd9bb477ef7f7.sdkstatcache -fmessage-length\=0 -fdiagnostics-show-note-include-stack -fmacro-backtrace-limit\=0 -fno-color-diagnostics -fmodules-prune-interval\=86400 -fmodules-prune-after\=345600 -fbuild-session-file\=/Users/Veer/Library/Developer/Xcode/DerivedData/ModuleCache.noindex/Session.modulevalidation -fmodules-validate-once-per-build-session -Wnon-modular-include-in-framework-module -Werror\=non-modular-include-in-framework-module -Wno-trigraphs -Wno-missing-field-initializers -Wno-missing-prototypes -Wno-return-type -Wno-implicit-atomic-properties -Wno-objc-interface-ivars -Wno-arc-repeated-use-of-weak -Wno-missing-braces -Wparentheses -Wswitch -Wno-unused-function -Wno-unused-label -Wno-unused-parameter -Wno-unused-variable -Wunused-value -Wno-empty-body -Wno-uninitialized -Wno-unknown-pragmas -w -Wno-shadow -Wno-four-char-constants -Wno-conversion -Wno-constant-conversion -Wno-int-conversion -Wno-bool-conversion -Wno-enum-conversion -Wno-float-conversion -Wno-non-literal-null-conversion -Wno-objc-literal-conversion -Wshorten-64-to-32 -Wpointer-sign -Wno-newline-eof -Wno-selector -Wno-strict-selector-match -Wno-undeclared-selector -Wno-deprecated-implementations -Wno-implicit-fallthrough -fstrict-aliasing -Wprotocol -Wdeprecated-declarations -Wno-sign-conversion -Wno-infinite-recursion -Wno-comma -Wno-block-capture-autoreleasing -Wno-strict-prototypes -Wno-semicolon-before-method-body -index-store-path /Users/Veer/Library/Developer/Xcode/DerivedData/HearifyV1-ftljoypfezvlxcgouzbpmsmxzads/Index.noindex/DataStore @/Users/Veer/Library/Developer/Xcode/DerivedData/HearifyV1-ftljoypfezvlxcgouzbpmsmxzads/Build/Intermediates.noindex/GoogleUtilities.build/Debug-iphoneos/GoogleUtilities-Network.build/Objects-normal/arm64/e6072d4f65d7061329687fe24e3d63a7-common-args.resp -include /Users/Veer/Library/Developer/Xcode/DerivedData/HearifyV1-ftljoypfezvlxcgouzbpmsmxzads/Build/Intermediates.noindex/GoogleUtilities.build/Debug-iphoneos/GoogleUtilities-Network.build/DerivedSources/resource_bundle_accessor.h -MMD -MT dependencies -MF /Users/Veer/Library/Developer/Xcode/DerivedData/HearifyV1-ftljoypfezvlxcgouzbpmsmxzads/Build/Intermediates.noindex/GoogleUtilities.build/Debug-iphoneos/GoogleUtilities-Network.build/Objects-normal/arm64/GULMutableDictionary.d --serialize-diagnostics /Users/Veer/Library/Developer/Xcode/DerivedData/HearifyV1-ftljoypfezvlxcgouzbpmsmxzads/Build/Intermediates.noindex/GoogleUtilities.build/Debug-iphoneos/GoogleUtilities-Network.build/Objects-normal/arm64/GULMutableDictionary.dia -c /Users/Veer/Library/Developer/Xcode/DerivedData/HearifyV1-ftljoypfezvlxcgouzbpmsmxzads/SourcePackages/checkouts/GoogleUtilities/GoogleUtilities/Network/GULMutableDictionary.m -o /Users/Veer/Library/Developer/Xcode/DerivedData/HearifyV1-ftljoypfezvlxcgouzbpmsmxzads/Build/Intermediates.noindex/GoogleUtilities.build/Debug-iphoneos/GoogleUtilities-Network.build/Objects-normal/arm64/GULMutableDictionary.o -index-unit-output-path /GoogleUtilities.build/Debug-iphoneos/GoogleUtilities-Network.build/Objects-normal/arm64/GULMutableDictionary.o

PrecompileModule /Users/Veer/Library/Developer/Xcode/DerivedData/HearifyV1-ftljoypfezvlxcgouzbpmsmxzads/Build/Intermediates.noindex/ExplicitPrecompiledModules/Dispatch-76WDGKEBYD08T8E10GLXIQNXN.scan
    cd /
    builtin-precompileModule /Users/Veer/Library/Developer/Xcode/DerivedData/HearifyV1-ftljoypfezvlxcgouzbpmsmxzads/Build/Intermediates.noindex/ExplicitPrecompiledModules/Dispatch-76WDGKEBYD08T8E10GLXIQNXN.scan

Touch /Users/Veer/Library/Developer/Xcode/DerivedData/HearifyV1-ftljoypfezvlxcgouzbpmsmxzads/Build/Products/Debug-iphoneos/GoogleUtilities_GoogleUtilities-AppDelegateSwizzler.bundle (in target 'GoogleUtilities_GoogleUtilities-AppDelegateSwizzler' from project 'GoogleUtilities')
    cd /Users/Veer/Library/Developer/Xcode/DerivedData/HearifyV1-ftljoypfezvlxcgouzbpmsmxzads/SourcePackages/checkouts/GoogleUtilities
    /usr/bin/touch -c /Users/Veer/Library/Developer/Xcode/DerivedData/HearifyV1-ftljoypfezvlxcgouzbpmsmxzads/Build/Products/Debug-iphoneos/GoogleUtilities_GoogleUtilities-AppDelegateSwizzler.bundle

PrecompileModule /Users/Veer/Library/Developer/Xcode/DerivedData/HearifyV1-ftljoypfezvlxcgouzbpmsmxzads/Build/Intermediates.noindex/ExplicitPrecompiledModules/CoreVideo-9O634T4JBUI8VRDED22394273.scan
    cd /
    builtin-precompileModule /Users/Veer/Library/Developer/Xcode/DerivedData/HearifyV1-ftljoypfezvlxcgouzbpmsmxzads/Build/Intermediates.noindex/ExplicitPrecompiledModules/CoreVideo-9O634T4JBUI8VRDED22394273.scan

ScanDependencies /Users/Veer/Library/Developer/Xcode/DerivedData/HearifyV1-ftljoypfezvlxcgouzbpmsmxzads/Build/Intermediates.noindex/GoogleUtilities.build/Debug-iphoneos/GoogleUtilities-AppDelegateSwizzler.build/Objects-normal/arm64/resource_bundle_accessor.o /Users/Veer/Library/Developer/Xcode/DerivedData/HearifyV1-ftljoypfezvlxcgouzbpmsmxzads/Build/Intermediates.noindex/GoogleUtilities.build/Debug-iphoneos/GoogleUtilities-AppDelegateSwizzler.build/DerivedSources/resource_bundle_accessor.m normal arm64 objective-c com.apple.compilers.llvm.clang.1_0.compiler (in target 'GoogleUtilities-AppDelegateSwizzler' from project 'GoogleUtilities')
    cd /Users/Veer/Library/Mobile\ Documents/com\~apple\~CloudDocs/HearifyV1/HearifyV1.xcodeproj
    
    Using response file: /Users/Veer/Library/Developer/Xcode/DerivedData/HearifyV1-ftljoypfezvlxcgouzbpmsmxzads/Build/Intermediates.noindex/GoogleUtilities.build/Debug-iphoneos/GoogleUtilities-AppDelegateSwizzler.build/Objects-normal/arm64/e6072d4f65d7061329687fe24e3d63a7-common-args.resp
    
    builtin-ScanDependencies -o /Users/Veer/Library/Developer/Xcode/DerivedData/HearifyV1-ftljoypfezvlxcgouzbpmsmxzads/Build/Intermediates.noindex/GoogleUtilities.build/Debug-iphoneos/GoogleUtilities-AppDelegateSwizzler.build/Objects-normal/arm64/resource_bundle_accessor.o.scan -- /Applications/Xcode.app/Contents/Developer/Toolchains/XcodeDefault.xctoolchain/usr/bin/clang -x objective-c -ivfsstatcache /Users/Veer/Library/Developer/Xcode/DerivedData/SDKStatCaches.noindex/iphoneos26.2-23C53-3794476bd08197c3e2abd9bb477ef7f7.sdkstatcache -fmessage-length\=0 -fdiagnostics-show-note-include-stack -fmacro-backtrace-limit\=0 -fno-color-diagnostics -fmodules-prune-interval\=86400 -fmodules-prune-after\=345600 -fbuild-session-file\=/Users/Veer/Library/Developer/Xcode/DerivedData/ModuleCache.noindex/Session.modulevalidation -fmodules-validate-once-per-build-session -Wnon-modular-include-in-framework-module -Werror\=non-modular-include-in-framework-module -Wno-trigraphs -Wno-missing-field-initializers -Wno-missing-prototypes -Wno-return-type -Wno-implicit-atomic-properties -Wno-objc-interface-ivars -Wno-arc-repeated-use-of-weak -Wno-missing-braces -Wparentheses -Wswitch -Wno-unused-function -Wno-unused-label -Wno-unused-parameter -Wno-unused-variable -Wunused-value -Wno-empty-body -Wno-uninitialized -Wno-unknown-pragmas -w -Wno-shadow -Wno-four-char-constants -Wno-conversion -Wno-constant-conversion -Wno-int-conversion -Wno-bool-conversion -Wno-enum-conversion -Wno-float-conversion -Wno-non-literal-null-conversion -Wno-objc-literal-conversion -Wshorten-64-to-32 -Wpointer-sign -Wno-newline-eof -Wno-selector -Wno-strict-selector-match -Wno-undeclared-selector -Wno-deprecated-implementations -Wno-implicit-fallthrough -fstrict-aliasing -Wprotocol -Wdeprecated-declarations -Wno-sign-conversion -Wno-infinite-recursion -Wno-comma -Wno-block-capture-autoreleasing -Wno-strict-prototypes -Wno-semicolon-before-method-body -index-store-path /Users/Veer/Library/Developer/Xcode/DerivedData/HearifyV1-ftljoypfezvlxcgouzbpmsmxzads/Index.noindex/DataStore @/Users/Veer/Library/Developer/Xcode/DerivedData/HearifyV1-ftljoypfezvlxcgouzbpmsmxzads/Build/Intermediates.noindex/GoogleUtilities.build/Debug-iphoneos/GoogleUtilities-AppDelegateSwizzler.build/Objects-normal/arm64/e6072d4f65d7061329687fe24e3d63a7-common-args.resp -include /Users/Veer/Library/Developer/Xcode/DerivedData/HearifyV1-ftljoypfezvlxcgouzbpmsmxzads/Build/Intermediates.noindex/GoogleUtilities.build/Debug-iphoneos/GoogleUtilities-AppDelegateSwizzler.build/DerivedSources/resource_bundle_accessor.h -MMD -MT dependencies -MF /Users/Veer/Library/Developer/Xcode/DerivedData/HearifyV1-ftljoypfezvlxcgouzbpmsmxzads/Build/Intermediates.noindex/GoogleUtilities.build/Debug-iphoneos/GoogleUtilities-AppDelegateSwizzler.build/Objects-normal/arm64/resource_bundle_accessor.d --serialize-diagnostics /Users/Veer/Library/Developer/Xcode/DerivedData/HearifyV1-ftljoypfezvlxcgouzbpmsmxzads/Build/Intermediates.noindex/GoogleUtilities.build/Debug-iphoneos/GoogleUtilities-AppDelegateSwizzler.build/Objects-normal/arm64/resource_bundle_accessor.dia -c /Users/Veer/Library/Developer/Xcode/DerivedData/HearifyV1-ftljoypfezvlxcgouzbpmsmxzads/Build/Intermediates.noindex/GoogleUtilities.build/Debug-iphoneos/GoogleUtilities-AppDelegateSwizzler.build/DerivedSources/resource_bundle_accessor.m -o /Users/Veer/Library/Developer/Xcode/DerivedData/HearifyV1-ftljoypfezvlxcgouzbpmsmxzads/Build/Intermediates.noindex/GoogleUtilities.build/Debug-iphoneos/GoogleUtilities-AppDelegateSwizzler.build/Objects-normal/arm64/resource_bundle_accessor.o -index-unit-output-path /GoogleUtilities.build/Debug-iphoneos/GoogleUtilities-AppDelegateSwizzler.build/Objects-normal/arm64/resource_bundle_accessor.o

ScanDependencies /Users/Veer/Library/Developer/Xcode/DerivedData/HearifyV1-ftljoypfezvlxcgouzbpmsmxzads/Build/Intermediates.noindex/GoogleUtilities.build/Debug-iphoneos/GoogleUtilities-AppDelegateSwizzler.build/Objects-normal/arm64/GULSceneDelegateSwizzler.o /Users/Veer/Library/Developer/Xcode/DerivedData/HearifyV1-ftljoypfezvlxcgouzbpmsmxzads/SourcePackages/checkouts/GoogleUtilities/GoogleUtilities/AppDelegateSwizzler/GULSceneDelegateSwizzler.m normal arm64 objective-c com.apple.compilers.llvm.clang.1_0.compiler (in target 'GoogleUtilities-AppDelegateSwizzler' from project 'GoogleUtilities')
    cd /Users/Veer/Library/Mobile\ Documents/com\~apple\~CloudDocs/HearifyV1/HearifyV1.xcodeproj
    
    Using response file: /Users/Veer/Library/Developer/Xcode/DerivedData/HearifyV1-ftljoypfezvlxcgouzbpmsmxzads/Build/Intermediates.noindex/GoogleUtilities.build/Debug-iphoneos/GoogleUtilities-AppDelegateSwizzler.build/Objects-normal/arm64/e6072d4f65d7061329687fe24e3d63a7-common-args.resp
    
    builtin-ScanDependencies -o /Users/Veer/Library/Developer/Xcode/DerivedData/HearifyV1-ftljoypfezvlxcgouzbpmsmxzads/Build/Intermediates.noindex/GoogleUtilities.build/Debug-iphoneos/GoogleUtilities-AppDelegateSwizzler.build/Objects-normal/arm64/GULSceneDelegateSwizzler.o.scan -- /Applications/Xcode.app/Contents/Developer/Toolchains/XcodeDefault.xctoolchain/usr/bin/clang -x objective-c -ivfsstatcache /Users/Veer/Library/Developer/Xcode/DerivedData/SDKStatCaches.noindex/iphoneos26.2-23C53-3794476bd08197c3e2abd9bb477ef7f7.sdkstatcache -fmessage-length\=0 -fdiagnostics-show-note-include-stack -fmacro-backtrace-limit\=0 -fno-color-diagnostics -fmodules-prune-interval\=86400 -fmodules-prune-after\=345600 -fbuild-session-file\=/Users/Veer/Library/Developer/Xcode/DerivedData/ModuleCache.noindex/Session.modulevalidation -fmodules-validate-once-per-build-session -Wnon-modular-include-in-framework-module -Werror\=non-modular-include-in-framework-module -Wno-trigraphs -Wno-missing-field-initializers -Wno-missing-prototypes -Wno-return-type -Wno-implicit-atomic-properties -Wno-objc-interface-ivars -Wno-arc-repeated-use-of-weak -Wno-missing-braces -Wparentheses -Wswitch -Wno-unused-function -Wno-unused-label -Wno-unused-parameter -Wno-unused-variable -Wunused-value -Wno-empty-body -Wno-uninitialized -Wno-unknown-pragmas -w -Wno-shadow -Wno-four-char-constants -Wno-conversion -Wno-constant-conversion -Wno-int-conversion -Wno-bool-conversion -Wno-enum-conversion -Wno-float-conversion -Wno-non-literal-null-conversion -Wno-objc-literal-conversion -Wshorten-64-to-32 -Wpointer-sign -Wno-newline-eof -Wno-selector -Wno-strict-selector-match -Wno-undeclared-selector -Wno-deprecated-implementations -Wno-implicit-fallthrough -fstrict-aliasing -Wprotocol -Wdeprecated-declarations -Wno-sign-conversion -Wno-infinite-recursion -Wno-comma -Wno-block-capture-autoreleasing -Wno-strict-prototypes -Wno-semicolon-before-method-body -index-store-path /Users/Veer/Library/Developer/Xcode/DerivedData/HearifyV1-ftljoypfezvlxcgouzbpmsmxzads/Index.noindex/DataStore @/Users/Veer/Library/Developer/Xcode/DerivedData/HearifyV1-ftljoypfezvlxcgouzbpmsmxzads/Build/Intermediates.noindex/GoogleUtilities.build/Debug-iphoneos/GoogleUtilities-AppDelegateSwizzler.build/Objects-normal/arm64/e6072d4f65d7061329687fe24e3d63a7-common-args.resp -include /Users/Veer/Library/Developer/Xcode/DerivedData/HearifyV1-ftljoypfezvlxcgouzbpmsmxzads/Build/Intermediates.noindex/GoogleUtilities.build/Debug-iphoneos/GoogleUtilities-AppDelegateSwizzler.build/DerivedSources/resource_bundle_accessor.h -MMD -MT dependencies -MF /Users/Veer/Library/Developer/Xcode/DerivedData/HearifyV1-ftljoypfezvlxcgouzbpmsmxzads/Build/Intermediates.noindex/GoogleUtilities.build/Debug-iphoneos/GoogleUtilities-AppDelegateSwizzler.build/Objects-normal/arm64/GULSceneDelegateSwizzler.d --serialize-diagnostics /Users/Veer/Library/Developer/Xcode/DerivedData/HearifyV1-ftljoypfezvlxcgouzbpmsmxzads/Build/Intermediates.noindex/GoogleUtilities.build/Debug-iphoneos/GoogleUtilities-AppDelegateSwizzler.build/Objects-normal/arm64/GULSceneDelegateSwizzler.dia -c /Users/Veer/Library/Developer/Xcode/DerivedData/HearifyV1-ftljoypfezvlxcgouzbpmsmxzads/SourcePackages/checkouts/GoogleUtilities/GoogleUtilities/AppDelegateSwizzler/GULSceneDelegateSwizzler.m -o /Users/Veer/Library/Developer/Xcode/DerivedData/HearifyV1-ftljoypfezvlxcgouzbpmsmxzads/Build/Intermediates.noindex/GoogleUtilities.build/Debug-iphoneos/GoogleUtilities-AppDelegateSwizzler.build/Objects-normal/arm64/GULSceneDelegateSwizzler.o -index-unit-output-path /GoogleUtilities.build/Debug-iphoneos/GoogleUtilities-AppDelegateSwizzler.build/Objects-normal/arm64/GULSceneDelegateSwizzler.o

ScanDependencies /Users/Veer/Library/Developer/Xcode/DerivedData/HearifyV1-ftljoypfezvlxcgouzbpmsmxzads/Build/Intermediates.noindex/GoogleUtilities.build/Debug-iphoneos/GoogleUtilities-AppDelegateSwizzler.build/Objects-normal/arm64/GULAppDelegateSwizzler.o /Users/Veer/Library/Developer/Xcode/DerivedData/HearifyV1-ftljoypfezvlxcgouzbpmsmxzads/SourcePackages/checkouts/GoogleUtilities/GoogleUtilities/AppDelegateSwizzler/GULAppDelegateSwizzler.m normal arm64 objective-c com.apple.compilers.llvm.clang.1_0.compiler (in target 'GoogleUtilities-AppDelegateSwizzler' from project 'GoogleUtilities')
    cd /Users/Veer/Library/Mobile\ Documents/com\~apple\~CloudDocs/HearifyV1/HearifyV1.xcodeproj
    
    Using response file: /Users/Veer/Library/Developer/Xcode/DerivedData/HearifyV1-ftljoypfezvlxcgouzbpmsmxzads/Build/Intermediates.noindex/GoogleUtilities.build/Debug-iphoneos/GoogleUtilities-AppDelegateSwizzler.build/Objects-normal/arm64/e6072d4f65d7061329687fe24e3d63a7-common-args.resp
    
    builtin-ScanDependencies -o /Users/Veer/Library/Developer/Xcode/DerivedData/HearifyV1-ftljoypfezvlxcgouzbpmsmxzads/Build/Intermediates.noindex/GoogleUtilities.build/Debug-iphoneos/GoogleUtilities-AppDelegateSwizzler.build/Objects-normal/arm64/GULAppDelegateSwizzler.o.scan -- /Applications/Xcode.app/Contents/Developer/Toolchains/XcodeDefault.xctoolchain/usr/bin/clang -x objective-c -ivfsstatcache /Users/Veer/Library/Developer/Xcode/DerivedData/SDKStatCaches.noindex/iphoneos26.2-23C53-3794476bd08197c3e2abd9bb477ef7f7.sdkstatcache -fmessage-length\=0 -fdiagnostics-show-note-include-stack -fmacro-backtrace-limit\=0 -fno-color-diagnostics -fmodules-prune-interval\=86400 -fmodules-prune-after\=345600 -fbuild-session-file\=/Users/Veer/Library/Developer/Xcode/DerivedData/ModuleCache.noindex/Session.modulevalidation -fmodules-validate-once-per-build-session -Wnon-modular-include-in-framework-module -Werror\=non-modular-include-in-framework-module -Wno-trigraphs -Wno-missing-field-initializers -Wno-missing-prototypes -Wno-return-type -Wno-implicit-atomic-properties -Wno-objc-interface-ivars -Wno-arc-repeated-use-of-weak -Wno-missing-braces -Wparentheses -Wswitch -Wno-unused-function -Wno-unused-label -Wno-unused-parameter -Wno-unused-variable -Wunused-value -Wno-empty-body -Wno-uninitialized -Wno-unknown-pragmas -w -Wno-shadow -Wno-four-char-constants -Wno-conversion -Wno-constant-conversion -Wno-int-conversion -Wno-bool-conversion -Wno-enum-conversion -Wno-float-conversion -Wno-non-literal-null-conversion -Wno-objc-literal-conversion -Wshorten-64-to-32 -Wpointer-sign -Wno-newline-eof -Wno-selector -Wno-strict-selector-match -Wno-undeclared-selector -Wno-deprecated-implementations -Wno-implicit-fallthrough -fstrict-aliasing -Wprotocol -Wdeprecated-declarations -Wno-sign-conversion -Wno-infinite-recursion -Wno-comma -Wno-block-capture-autoreleasing -Wno-strict-prototypes -Wno-semicolon-before-method-body -index-store-path /Users/Veer/Library/Developer/Xcode/DerivedData/HearifyV1-ftljoypfezvlxcgouzbpmsmxzads/Index.noindex/DataStore @/Users/Veer/Library/Developer/Xcode/DerivedData/HearifyV1-ftljoypfezvlxcgouzbpmsmxzads/Build/Intermediates.noindex/GoogleUtilities.build/Debug-iphoneos/GoogleUtilities-AppDelegateSwizzler.build/Objects-normal/arm64/e6072d4f65d7061329687fe24e3d63a7-common-args.resp -include /Users/Veer/Library/Developer/Xcode/DerivedData/HearifyV1-ftljoypfezvlxcgouzbpmsmxzads/Build/Intermediates.noindex/GoogleUtilities.build/Debug-iphoneos/GoogleUtilities-AppDelegateSwizzler.build/DerivedSources/resource_bundle_accessor.h -MMD -MT dependencies -MF /Users/Veer/Library/Developer/Xcode/DerivedData/HearifyV1-ftljoypfezvlxcgouzbpmsmxzads/Build/Intermediates.noindex/GoogleUtilities.build/Debug-iphoneos/GoogleUtilities-AppDelegateSwizzler.build/Objects-normal/arm64/GULAppDelegateSwizzler.d --serialize-diagnostics /Users/Veer/Library/Developer/Xcode/DerivedData/HearifyV1-ftljoypfezvlxcgouzbpmsmxzads/Build/Intermediates.noindex/GoogleUtilities.build/Debug-iphoneos/GoogleUtilities-AppDelegateSwizzler.build/Objects-normal/arm64/GULAppDelegateSwizzler.dia -c /Users/Veer/Library/Developer/Xcode/DerivedData/HearifyV1-ftljoypfezvlxcgouzbpmsmxzads/SourcePackages/checkouts/GoogleUtilities/GoogleUtilities/AppDelegateSwizzler/GULAppDelegateSwizzler.m -o /Users/Veer/Library/Developer/Xcode/DerivedData/HearifyV1-ftljoypfezvlxcgouzbpmsmxzads/Build/Intermediates.noindex/GoogleUtilities.build/Debug-iphoneos/GoogleUtilities-AppDelegateSwizzler.build/Objects-normal/arm64/GULAppDelegateSwizzler.o -index-unit-output-path /GoogleUtilities.build/Debug-iphoneos/GoogleUtilities-AppDelegateSwizzler.build/Objects-normal/arm64/GULAppDelegateSwizzler.o

PrecompileModule /Users/Veer/Library/Developer/Xcode/DerivedData/HearifyV1-ftljoypfezvlxcgouzbpmsmxzads/Build/Intermediates.noindex/ExplicitPrecompiledModules/CoreFoundation-6UGJN5FFS3P8EAQCFM3US54BR.scan
    cd /
    builtin-precompileModule /Users/Veer/Library/Developer/Xcode/DerivedData/HearifyV1-ftljoypfezvlxcgouzbpmsmxzads/Build/Intermediates.noindex/ExplicitPrecompiledModules/CoreFoundation-6UGJN5FFS3P8EAQCFM3US54BR.scan

PrecompileModule /Users/Veer/Library/Developer/Xcode/DerivedData/HearifyV1-ftljoypfezvlxcgouzbpmsmxzads/Build/Intermediates.noindex/ExplicitPrecompiledModules/XPC-C3MT6E31C3UNPQ8CG1CF2JNNC.scan
    cd /
    builtin-precompileModule /Users/Veer/Library/Developer/Xcode/DerivedData/HearifyV1-ftljoypfezvlxcgouzbpmsmxzads/Build/Intermediates.noindex/ExplicitPrecompiledModules/XPC-C3MT6E31C3UNPQ8CG1CF2JNNC.scan

PrecompileModule /Users/Veer/Library/Developer/Xcode/DerivedData/HearifyV1-ftljoypfezvlxcgouzbpmsmxzads/Build/Intermediates.noindex/ExplicitPrecompiledModules/QuartzCore-B7L1JN7D1MVOFXQAXA6D4XIOF.scan
    cd /
    builtin-precompileModule /Users/Veer/Library/Developer/Xcode/DerivedData/HearifyV1-ftljoypfezvlxcgouzbpmsmxzads/Build/Intermediates.noindex/ExplicitPrecompiledModules/QuartzCore-B7L1JN7D1MVOFXQAXA6D4XIOF.scan

PrecompileModule /Users/Veer/Library/Developer/Xcode/DerivedData/HearifyV1-ftljoypfezvlxcgouzbpmsmxzads/Build/Intermediates.noindex/ExplicitPrecompiledModules/CoreImage-7T2H43XBUEHYKO41591SJABMP.scan
    cd /
    builtin-precompileModule /Users/Veer/Library/Developer/Xcode/DerivedData/HearifyV1-ftljoypfezvlxcgouzbpmsmxzads/Build/Intermediates.noindex/ExplicitPrecompiledModules/CoreImage-7T2H43XBUEHYKO41591SJABMP.scan

PrecompileModule /Users/Veer/Library/Developer/Xcode/DerivedData/HearifyV1-ftljoypfezvlxcgouzbpmsmxzads/Build/Intermediates.noindex/ExplicitPrecompiledModules/CFNetwork-445NGJ650H94EN2AA2M1IW475.scan
    cd /
    builtin-precompileModule /Users/Veer/Library/Developer/Xcode/DerivedData/HearifyV1-ftljoypfezvlxcgouzbpmsmxzads/Build/Intermediates.noindex/ExplicitPrecompiledModules/CFNetwork-445NGJ650H94EN2AA2M1IW475.scan

CompileC /Users/Veer/Library/Developer/Xcode/DerivedData/HearifyV1-ftljoypfezvlxcgouzbpmsmxzads/Build/Intermediates.noindex/GoogleUtilities.build/Debug-iphoneos/GoogleUtilities-Environment.build/Objects-normal/arm64/GULAppEnvironmentUtil.o /Users/Veer/Library/Developer/Xcode/DerivedData/HearifyV1-ftljoypfezvlxcgouzbpmsmxzads/SourcePackages/checkouts/GoogleUtilities/GoogleUtilities/Environment/GULAppEnvironmentUtil.m normal arm64 objective-c com.apple.compilers.llvm.clang.1_0.compiler (in target 'GoogleUtilities-Environment' from project 'GoogleUtilities')
    cd /Users/Veer/Library/Mobile\ Documents/com\~apple\~CloudDocs/HearifyV1/HearifyV1.xcodeproj
    
    Using response file: /Users/Veer/Library/Developer/Xcode/DerivedData/HearifyV1-ftljoypfezvlxcgouzbpmsmxzads/Build/Intermediates.noindex/GoogleUtilities.build/Debug-iphoneos/GoogleUtilities-Environment.build/Objects-normal/arm64/e6072d4f65d7061329687fe24e3d63a7-common-args.resp
    
    /Applications/Xcode.app/Contents/Developer/Toolchains/XcodeDefault.xctoolchain/usr/bin/clang -x objective-c -ivfsstatcache /Users/Veer/Library/Developer/Xcode/DerivedData/SDKStatCaches.noindex/iphoneos26.2-23C53-3794476bd08197c3e2abd9bb477ef7f7.sdkstatcache -fmessage-length\=0 -fdiagnostics-show-note-include-stack -fmacro-backtrace-limit\=0 -fno-color-diagnostics -fmodules-prune-interval\=86400 -fmodules-prune-after\=345600 -fbuild-session-file\=/Users/Veer/Library/Developer/Xcode/DerivedData/ModuleCache.noindex/Session.modulevalidation -fmodules-validate-once-per-build-session -Wnon-modular-include-in-framework-module -Werror\=non-modular-include-in-framework-module -Wno-trigraphs -Wno-missing-field-initializers -Wno-missing-prototypes -Wno-return-type -Wno-implicit-atomic-properties -Wno-objc-interface-ivars -Wno-arc-repeated-use-of-weak -Wno-missing-braces -Wparentheses -Wswitch -Wno-unused-function -Wno-unused-label -Wno-unused-parameter -Wno-unused-variable -Wunused-value -Wno-empty-body -Wno-uninitialized -Wno-unknown-pragmas -w -Wno-shadow -Wno-four-char-constants -Wno-conversion -Wno-constant-conversion -Wno-int-conversion -Wno-bool-conversion -Wno-enum-conversion -Wno-float-conversion -Wno-non-literal-null-conversion -Wno-objc-literal-conversion -Wshorten-64-to-32 -Wpointer-sign -Wno-newline-eof -Wno-selector -Wno-strict-selector-match -Wno-undeclared-selector -Wno-deprecated-implementations -Wno-implicit-fallthrough -fstrict-aliasing -Wprotocol -Wdeprecated-declarations -Wno-sign-conversion -Wno-infinite-recursion -Wno-comma -Wno-block-capture-autoreleasing -Wno-strict-prototypes -Wno-semicolon-before-method-body -index-store-path /Users/Veer/Library/Developer/Xcode/DerivedData/HearifyV1-ftljoypfezvlxcgouzbpmsmxzads/Index.noindex/DataStore @/Users/Veer/Library/Developer/Xcode/DerivedData/HearifyV1-ftljoypfezvlxcgouzbpmsmxzads/Build/Intermediates.noindex/GoogleUtilities.build/Debug-iphoneos/GoogleUtilities-Environment.build/Objects-normal/arm64/e6072d4f65d7061329687fe24e3d63a7-common-args.resp -include /Users/Veer/Library/Developer/Xcode/DerivedData/HearifyV1-ftljoypfezvlxcgouzbpmsmxzads/Build/Intermediates.noindex/GoogleUtilities.build/Debug-iphoneos/GoogleUtilities-Environment.build/DerivedSources/resource_bundle_accessor.h -MMD -MT dependencies -MF /Users/Veer/Library/Developer/Xcode/DerivedData/HearifyV1-ftljoypfezvlxcgouzbpmsmxzads/Build/Intermediates.noindex/GoogleUtilities.build/Debug-iphoneos/GoogleUtilities-Environment.build/Objects-normal/arm64/GULAppEnvironmentUtil.d --serialize-diagnostics /Users/Veer/Library/Developer/Xcode/DerivedData/HearifyV1-ftljoypfezvlxcgouzbpmsmxzads/Build/Intermediates.noindex/GoogleUtilities.build/Debug-iphoneos/GoogleUtilities-Environment.build/Objects-normal/arm64/GULAppEnvironmentUtil.dia -c /Users/Veer/Library/Developer/Xcode/DerivedData/HearifyV1-ftljoypfezvlxcgouzbpmsmxzads/SourcePackages/checkouts/GoogleUtilities/GoogleUtilities/Environment/GULAppEnvironmentUtil.m -o /Users/Veer/Library/Developer/Xcode/DerivedData/HearifyV1-ftljoypfezvlxcgouzbpmsmxzads/Build/Intermediates.noindex/GoogleUtilities.build/Debug-iphoneos/GoogleUtilities-Environment.build/Objects-normal/arm64/GULAppEnvironmentUtil.o -index-unit-output-path /GoogleUtilities.build/Debug-iphoneos/GoogleUtilities-Environment.build/Objects-normal/arm64/GULAppEnvironmentUtil.o

PrecompileModule /Users/Veer/Library/Developer/Xcode/DerivedData/HearifyV1-ftljoypfezvlxcgouzbpmsmxzads/Build/Intermediates.noindex/ExplicitPrecompiledModules/Security-62AZ4I9K5ZCQQ30W9O7WKGDKO.scan
    cd /
    builtin-precompileModule /Users/Veer/Library/Developer/Xcode/DerivedData/HearifyV1-ftljoypfezvlxcgouzbpmsmxzads/Build/Intermediates.noindex/ExplicitPrecompiledModules/Security-62AZ4I9K5ZCQQ30W9O7WKGDKO.scan

CompileC /Users/Veer/Library/Developer/Xcode/DerivedData/HearifyV1-ftljoypfezvlxcgouzbpmsmxzads/Build/Intermediates.noindex/GoogleUtilities.build/Debug-iphoneos/GoogleUtilities-AppDelegateSwizzler.build/Objects-normal/arm64/resource_bundle_accessor.o /Users/Veer/Library/Developer/Xcode/DerivedData/HearifyV1-ftljoypfezvlxcgouzbpmsmxzads/Build/Intermediates.noindex/GoogleUtilities.build/Debug-iphoneos/GoogleUtilities-AppDelegateSwizzler.build/DerivedSources/resource_bundle_accessor.m normal arm64 objective-c com.apple.compilers.llvm.clang.1_0.compiler (in target 'GoogleUtilities-AppDelegateSwizzler' from project 'GoogleUtilities')
    cd /Users/Veer/Library/Mobile\ Documents/com\~apple\~CloudDocs/HearifyV1/HearifyV1.xcodeproj
    
    Using response file: /Users/Veer/Library/Developer/Xcode/DerivedData/HearifyV1-ftljoypfezvlxcgouzbpmsmxzads/Build/Intermediates.noindex/GoogleUtilities.build/Debug-iphoneos/GoogleUtilities-AppDelegateSwizzler.build/Objects-normal/arm64/e6072d4f65d7061329687fe24e3d63a7-common-args.resp
    
    /Applications/Xcode.app/Contents/Developer/Toolchains/XcodeDefault.xctoolchain/usr/bin/clang -x objective-c -ivfsstatcache /Users/Veer/Library/Developer/Xcode/DerivedData/SDKStatCaches.noindex/iphoneos26.2-23C53-3794476bd08197c3e2abd9bb477ef7f7.sdkstatcache -fmessage-length\=0 -fdiagnostics-show-note-include-stack -fmacro-backtrace-limit\=0 -fno-color-diagnostics -fmodules-prune-interval\=86400 -fmodules-prune-after\=345600 -fbuild-session-file\=/Users/Veer/Library/Developer/Xcode/DerivedData/ModuleCache.noindex/Session.modulevalidation -fmodules-validate-once-per-build-session -Wnon-modular-include-in-framework-module -Werror\=non-modular-include-in-framework-module -Wno-trigraphs -Wno-missing-field-initializers -Wno-missing-prototypes -Wno-return-type -Wno-implicit-atomic-properties -Wno-objc-interface-ivars -Wno-arc-repeated-use-of-weak -Wno-missing-braces -Wparentheses -Wswitch -Wno-unused-function -Wno-unused-label -Wno-unused-parameter -Wno-unused-variable -Wunused-value -Wno-empty-body -Wno-uninitialized -Wno-unknown-pragmas -w -Wno-shadow -Wno-four-char-constants -Wno-conversion -Wno-constant-conversion -Wno-int-conversion -Wno-bool-conversion -Wno-enum-conversion -Wno-float-conversion -Wno-non-literal-null-conversion -Wno-objc-literal-conversion -Wshorten-64-to-32 -Wpointer-sign -Wno-newline-eof -Wno-selector -Wno-strict-selector-match -Wno-undeclared-selector -Wno-deprecated-implementations -Wno-implicit-fallthrough -fstrict-aliasing -Wprotocol -Wdeprecated-declarations -Wno-sign-conversion -Wno-infinite-recursion -Wno-comma -Wno-block-capture-autoreleasing -Wno-strict-prototypes -Wno-semicolon-before-method-body -index-store-path /Users/Veer/Library/Developer/Xcode/DerivedData/HearifyV1-ftljoypfezvlxcgouzbpmsmxzads/Index.noindex/DataStore @/Users/Veer/Library/Developer/Xcode/DerivedData/HearifyV1-ftljoypfezvlxcgouzbpmsmxzads/Build/Intermediates.noindex/GoogleUtilities.build/Debug-iphoneos/GoogleUtilities-AppDelegateSwizzler.build/Objects-normal/arm64/e6072d4f65d7061329687fe24e3d63a7-common-args.resp -include /Users/Veer/Library/Developer/Xcode/DerivedData/HearifyV1-ftljoypfezvlxcgouzbpmsmxzads/Build/Intermediates.noindex/GoogleUtilities.build/Debug-iphoneos/GoogleUtilities-AppDelegateSwizzler.build/DerivedSources/resource_bundle_accessor.h -MMD -MT dependencies -MF /Users/Veer/Library/Developer/Xcode/DerivedData/HearifyV1-ftljoypfezvlxcgouzbpmsmxzads/Build/Intermediates.noindex/GoogleUtilities.build/Debug-iphoneos/GoogleUtilities-AppDelegateSwizzler.build/Objects-normal/arm64/resource_bundle_accessor.d --serialize-diagnostics /Users/Veer/Library/Developer/Xcode/DerivedData/HearifyV1-ftljoypfezvlxcgouzbpmsmxzads/Build/Intermediates.noindex/GoogleUtilities.build/Debug-iphoneos/GoogleUtilities-AppDelegateSwizzler.build/Objects-normal/arm64/resource_bundle_accessor.dia -c /Users/Veer/Library/Developer/Xcode/DerivedData/HearifyV1-ftljoypfezvlxcgouzbpmsmxzads/Build/Intermediates.noindex/GoogleUtilities.build/Debug-iphoneos/GoogleUtilities-AppDelegateSwizzler.build/DerivedSources/resource_bundle_accessor.m -o /Users/Veer/Library/Developer/Xcode/DerivedData/HearifyV1-ftljoypfezvlxcgouzbpmsmxzads/Build/Intermediates.noindex/GoogleUtilities.build/Debug-iphoneos/GoogleUtilities-AppDelegateSwizzler.build/Objects-normal/arm64/resource_bundle_accessor.o -index-unit-output-path /GoogleUtilities.build/Debug-iphoneos/GoogleUtilities-AppDelegateSwizzler.build/Objects-normal/arm64/resource_bundle_accessor.o

PrecompileModule /Users/Veer/Library/Developer/Xcode/DerivedData/HearifyV1-ftljoypfezvlxcgouzbpmsmxzads/Build/Intermediates.noindex/ExplicitPrecompiledModules/UIKit-51V16N5F45HWT7YDA4QZHHY56.scan
    cd /
    builtin-precompileModule /Users/Veer/Library/Developer/Xcode/DerivedData/HearifyV1-ftljoypfezvlxcgouzbpmsmxzads/Build/Intermediates.noindex/ExplicitPrecompiledModules/UIKit-51V16N5F45HWT7YDA4QZHHY56.scan

RegisterExecutionPolicyException /Users/Veer/Library/Developer/Xcode/DerivedData/HearifyV1-ftljoypfezvlxcgouzbpmsmxzads/Build/Products/Debug-iphoneos/GoogleUtilities-NSData.o (in target 'GoogleUtilities-NSData' from project 'GoogleUtilities')
    cd /Users/Veer/Library/Developer/Xcode/DerivedData/HearifyV1-ftljoypfezvlxcgouzbpmsmxzads/SourcePackages/checkouts/GoogleUtilities
    builtin-RegisterExecutionPolicyException /Users/Veer/Library/Developer/Xcode/DerivedData/HearifyV1-ftljoypfezvlxcgouzbpmsmxzads/Build/Products/Debug-iphoneos/GoogleUtilities-NSData.o

Ld /Users/Veer/Library/Developer/Xcode/DerivedData/HearifyV1-ftljoypfezvlxcgouzbpmsmxzads/Build/Products/Debug-iphoneos/GoogleUtilities-Environment.o normal (in target 'GoogleUtilities-Environment' from project 'GoogleUtilities')
    cd /Users/Veer/Library/Developer/Xcode/DerivedData/HearifyV1-ftljoypfezvlxcgouzbpmsmxzads/SourcePackages/checkouts/GoogleUtilities
    /Applications/Xcode.app/Contents/Developer/Toolchains/XcodeDefault.xctoolchain/usr/bin/clang -Xlinker -reproducible -target arm64-apple-ios12.0 -r -isysroot /Applications/Xcode.app/Contents/Developer/Platforms/iPhoneOS.platform/Developer/SDKs/iPhoneOS26.2.sdk -O0 -w -L/Users/Veer/Library/Developer/Xcode/DerivedData/HearifyV1-ftljoypfezvlxcgouzbpmsmxzads/Build/Intermediates.noindex/EagerLinkingTBDs/Debug-iphoneos -L/Users/Veer/Library/Developer/Xcode/DerivedData/HearifyV1-ftljoypfezvlxcgouzbpmsmxzads/Build/Products/Debug-iphoneos -L/Applications/Xcode.app/Contents/Developer/Platforms/iPhoneOS.platform/Developer/usr/lib -F/Users/Veer/Library/Developer/Xcode/DerivedData/HearifyV1-ftljoypfezvlxcgouzbpmsmxzads/Build/Intermediates.noindex/EagerLinkingTBDs/Debug-iphoneos -F/Users/Veer/Library/Developer/Xcode/DerivedData/HearifyV1-ftljoypfezvlxcgouzbpmsmxzads/Build/Products/Debug-iphoneos/PackageFrameworks -F/Users/Veer/Library/Developer/Xcode/DerivedData/HearifyV1-ftljoypfezvlxcgouzbpmsmxzads/Build/Products/Debug-iphoneos -iframework /Applications/Xcode.app/Contents/Developer/Platforms/iPhoneOS.platform/Developer/Library/Frameworks -iframework /Applications/Xcode.app/Contents/Developer/Platforms/iPhoneOS.platform/Developer/SDKs/iPhoneOS26.2.sdk/Developer/Library/Frameworks -filelist /Users/Veer/Library/Developer/Xcode/DerivedData/HearifyV1-ftljoypfezvlxcgouzbpmsmxzads/Build/Intermediates.noindex/GoogleUtilities.build/Debug-iphoneos/GoogleUtilities-Environment.build/Objects-normal/arm64/GoogleUtilities-Environment.LinkFileList -nostdlib -Xlinker -object_path_lto -Xlinker /Users/Veer/Library/Developer/Xcode/DerivedData/HearifyV1-ftljoypfezvlxcgouzbpmsmxzads/Build/Intermediates.noindex/GoogleUtilities.build/Debug-iphoneos/GoogleUtilities-Environment.build/Objects-normal/arm64/GoogleUtilities-Environment_lto.o -rdynamic -Xlinker -no_deduplicate -Xlinker -debug_variant -Xlinker -dependency_info -Xlinker /Users/Veer/Library/Developer/Xcode/DerivedData/HearifyV1-ftljoypfezvlxcgouzbpmsmxzads/Build/Intermediates.noindex/GoogleUtilities.build/Debug-iphoneos/GoogleUtilities-Environment.build/Objects-normal/arm64/GoogleUtilities-Environment_dependency_info.dat -fobjc-arc -fobjc-link-runtime -o /Users/Veer/Library/Developer/Xcode/DerivedData/HearifyV1-ftljoypfezvlxcgouzbpmsmxzads/Build/Products/Debug-iphoneos/GoogleUtilities-Environment.o

RegisterExecutionPolicyException /Users/Veer/Library/Developer/Xcode/DerivedData/HearifyV1-ftljoypfezvlxcgouzbpmsmxzads/Build/Products/Debug-iphoneos/Firebase_FirebaseFirestore.bundle (in target 'Firebase_FirebaseFirestore' from project 'Firebase')
    cd /Users/Veer/Library/Developer/Xcode/DerivedData/HearifyV1-ftljoypfezvlxcgouzbpmsmxzads/SourcePackages/checkouts/firebase-ios-sdk
    builtin-RegisterExecutionPolicyException /Users/Veer/Library/Developer/Xcode/DerivedData/HearifyV1-ftljoypfezvlxcgouzbpmsmxzads/Build/Products/Debug-iphoneos/Firebase_FirebaseFirestore.bundle

RegisterExecutionPolicyException /Users/Veer/Library/Developer/Xcode/DerivedData/HearifyV1-ftljoypfezvlxcgouzbpmsmxzads/Build/Products/Debug-iphoneos/GTMSessionFetcher_GTMSessionFetcherCore.bundle (in target 'GTMSessionFetcher_GTMSessionFetcherCore' from project 'GTMSessionFetcher')
    cd /Users/Veer/Library/Developer/Xcode/DerivedData/HearifyV1-ftljoypfezvlxcgouzbpmsmxzads/SourcePackages/checkouts/gtm-session-fetcher
    builtin-RegisterExecutionPolicyException /Users/Veer/Library/Developer/Xcode/DerivedData/HearifyV1-ftljoypfezvlxcgouzbpmsmxzads/Build/Products/Debug-iphoneos/GTMSessionFetcher_GTMSessionFetcherCore.bundle

Touch /Users/Veer/Library/Developer/Xcode/DerivedData/HearifyV1-ftljoypfezvlxcgouzbpmsmxzads/Build/Products/Debug-iphoneos/Firebase_FirebaseFirestore.bundle (in target 'Firebase_FirebaseFirestore' from project 'Firebase')
    cd /Users/Veer/Library/Developer/Xcode/DerivedData/HearifyV1-ftljoypfezvlxcgouzbpmsmxzads/SourcePackages/checkouts/firebase-ios-sdk
    /usr/bin/touch -c /Users/Veer/Library/Developer/Xcode/DerivedData/HearifyV1-ftljoypfezvlxcgouzbpmsmxzads/Build/Products/Debug-iphoneos/Firebase_FirebaseFirestore.bundle

Touch /Users/Veer/Library/Developer/Xcode/DerivedData/HearifyV1-ftljoypfezvlxcgouzbpmsmxzads/Build/Products/Debug-iphoneos/GTMSessionFetcher_GTMSessionFetcherCore.bundle (in target 'GTMSessionFetcher_GTMSessionFetcherCore' from project 'GTMSessionFetcher')
    cd /Users/Veer/Library/Developer/Xcode/DerivedData/HearifyV1-ftljoypfezvlxcgouzbpmsmxzads/SourcePackages/checkouts/gtm-session-fetcher
    /usr/bin/touch -c /Users/Veer/Library/Developer/Xcode/DerivedData/HearifyV1-ftljoypfezvlxcgouzbpmsmxzads/Build/Products/Debug-iphoneos/GTMSessionFetcher_GTMSessionFetcherCore.bundle

PrecompileModule /Users/Veer/Library/Developer/Xcode/DerivedData/HearifyV1-ftljoypfezvlxcgouzbpmsmxzads/Build/Intermediates.noindex/ExplicitPrecompiledModules/Foundation-2J91BC98YF570259TSKDZFY5R.scan
    cd /
    builtin-precompileModule /Users/Veer/Library/Developer/Xcode/DerivedData/HearifyV1-ftljoypfezvlxcgouzbpmsmxzads/Build/Intermediates.noindex/ExplicitPrecompiledModules/Foundation-2J91BC98YF570259TSKDZFY5R.scan

RegisterExecutionPolicyException /Users/Veer/Library/Developer/Xcode/DerivedData/HearifyV1-ftljoypfezvlxcgouzbpmsmxzads/Build/Products/Debug-iphoneos/Firebase_FirebaseCoreInternal.bundle (in target 'Firebase_FirebaseCoreInternal' from project 'Firebase')
    cd /Users/Veer/Library/Developer/Xcode/DerivedData/HearifyV1-ftljoypfezvlxcgouzbpmsmxzads/SourcePackages/checkouts/firebase-ios-sdk
    builtin-RegisterExecutionPolicyException /Users/Veer/Library/Developer/Xcode/DerivedData/HearifyV1-ftljoypfezvlxcgouzbpmsmxzads/Build/Products/Debug-iphoneos/Firebase_FirebaseCoreInternal.bundle

Touch /Users/Veer/Library/Developer/Xcode/DerivedData/HearifyV1-ftljoypfezvlxcgouzbpmsmxzads/Build/Products/Debug-iphoneos/Firebase_FirebaseCoreInternal.bundle (in target 'Firebase_FirebaseCoreInternal' from project 'Firebase')
    cd /Users/Veer/Library/Developer/Xcode/DerivedData/HearifyV1-ftljoypfezvlxcgouzbpmsmxzads/SourcePackages/checkouts/firebase-ios-sdk
    /usr/bin/touch -c /Users/Veer/Library/Developer/Xcode/DerivedData/HearifyV1-ftljoypfezvlxcgouzbpmsmxzads/Build/Products/Debug-iphoneos/Firebase_FirebaseCoreInternal.bundle

SwiftDriver FirebaseCoreInternal normal arm64 com.apple.xcode.tools.swift.compiler (in target 'FirebaseCoreInternal' from project 'Firebase')
    cd /Users/Veer/Library/Mobile\ Documents/com\~apple\~CloudDocs/HearifyV1/HearifyV1.xcodeproj
    builtin-SwiftDriver -- /Applications/Xcode.app/Contents/Developer/Toolchains/XcodeDefault.xctoolchain/usr/bin/swiftc -module-name FirebaseCoreInternal -Onone -enforce-exclusivity\=checked @/Users/Veer/Library/Developer/Xcode/DerivedData/HearifyV1-ftljoypfezvlxcgouzbpmsmxzads/Build/Intermediates.noindex/Firebase.build/Debug-iphoneos/FirebaseCoreInternal.build/Objects-normal/arm64/FirebaseCoreInternal.SwiftFileList -DSWIFT_PACKAGE -DDEBUG -DSWIFT_MODULE_RESOURCE_BUNDLE_AVAILABLE -Xcc -fmodule-map-file\=/Users/Veer/Library/Developer/Xcode/DerivedData/HearifyV1-ftljoypfezvlxcgouzbpmsmxzads/Build/Intermediates.noindex/GeneratedModuleMaps-iphoneos/GoogleUtilities-NSData.modulemap -DXcode -plugin-path /Applications/Xcode.app/Contents/Developer/Toolchains/XcodeDefault.xctoolchain/usr/lib/swift/host/plugins/testing -enable-experimental-feature DebugDescriptionMacro -sdk /Applications/Xcode.app/Contents/Developer/Platforms/iPhoneOS.platform/Developer/SDKs/iPhoneOS26.2.sdk -target arm64-apple-ios15.0 -g -module-cache-path /Users/Veer/Library/Developer/Xcode/DerivedData/ModuleCache.noindex -Xfrontend -serialize-debugging-options -profile-coverage-mapping -profile-generate -enable-testing -suppress-warnings -index-store-path /Users/Veer/Library/Developer/Xcode/DerivedData/HearifyV1-ftljoypfezvlxcgouzbpmsmxzads/Index.noindex/DataStore -Xcc -D_LIBCPP_HARDENING_MODE\=_LIBCPP_HARDENING_MODE_DEBUG -swift-version 6 -I /Users/Veer/Library/Developer/Xcode/DerivedData/HearifyV1-ftljoypfezvlxcgouzbpmsmxzads/Build/Products/Debug-iphoneos -Isystem /Applications/Xcode.app/Contents/Developer/Platforms/iPhoneOS.platform/Developer/usr/lib -F /Users/Veer/Library/Developer/Xcode/DerivedData/HearifyV1-ftljoypfezvlxcgouzbpmsmxzads/Build/Products/Debug-iphoneos/PackageFrameworks -F /Users/Veer/Library/Developer/Xcode/DerivedData/HearifyV1-ftljoypfezvlxcgouzbpmsmxzads/Build/Products/Debug-iphoneos -F /Applications/Xcode.app/Contents/Developer/Platforms/iPhoneOS.platform/Developer/Library/Frameworks -F /Applications/Xcode.app/Contents/Developer/Platforms/iPhoneOS.platform/Developer/SDKs/iPhoneOS26.2.sdk/Developer/Library/Frameworks -c -j10 -enable-batch-mode -incremental -Xcc -ivfsstatcache -Xcc /Users/Veer/Library/Developer/Xcode/DerivedData/SDKStatCaches.noindex/iphoneos26.2-23C53-3794476bd08197c3e2abd9bb477ef7f7.sdkstatcache -output-file-map /Users/Veer/Library/Developer/Xcode/DerivedData/HearifyV1-ftljoypfezvlxcgouzbpmsmxzads/Build/Intermediates.noindex/Firebase.build/Debug-iphoneos/FirebaseCoreInternal.build/Objects-normal/arm64/FirebaseCoreInternal-OutputFileMap.json -use-frontend-parseable-output -save-temps -no-color-diagnostics -explicit-module-build -module-cache-path /Users/Veer/Library/Developer/Xcode/DerivedData/HearifyV1-ftljoypfezvlxcgouzbpmsmxzads/Build/Intermediates.noindex/SwiftExplicitPrecompiledModules -clang-scanner-module-cache-path /Users/Veer/Library/Developer/Xcode/DerivedData/ModuleCache.noindex -sdk-module-cache-path /Users/Veer/Library/Developer/Xcode/DerivedData/ModuleCache.noindex -serialize-diagnostics -emit-dependencies -emit-module -emit-module-path /Users/Veer/Library/Developer/Xcode/DerivedData/HearifyV1-ftljoypfezvlxcgouzbpmsmxzads/Build/Intermediates.noindex/Firebase.build/Debug-iphoneos/FirebaseCoreInternal.build/Objects-normal/arm64/FirebaseCoreInternal.swiftmodule -user-module-version 12.8.0 -validate-clang-modules-once -clang-build-session-file /Users/Veer/Library/Developer/Xcode/DerivedData/ModuleCache.noindex/Session.modulevalidation -package-name firebase_ios_sdk -Xcc -I/Users/Veer/Library/Developer/Xcode/DerivedData/HearifyV1-ftljoypfezvlxcgouzbpmsmxzads/Build/Intermediates.noindex/Firebase.build/Debug-iphoneos/FirebaseCoreInternal.build/swift-overrides.hmap -emit-const-values -Xfrontend -const-gather-protocols-file -Xfrontend /Users/Veer/Library/Developer/Xcode/DerivedData/HearifyV1-ftljoypfezvlxcgouzbpmsmxzads/Build/Intermediates.noindex/Firebase.build/Debug-iphoneos/FirebaseCoreInternal.build/Objects-normal/arm64/FirebaseCoreInternal_const_extract_protocols.json -Xcc -I/Users/Veer/Library/Developer/Xcode/DerivedData/HearifyV1-ftljoypfezvlxcgouzbpmsmxzads/SourcePackages/checkouts/GoogleUtilities/GoogleUtilities/NSData+zlib/Public -Xcc -I/Users/Veer/Library/Developer/Xcode/DerivedData/HearifyV1-ftljoypfezvlxcgouzbpmsmxzads/Build/Products/Debug-iphoneos/include -Xcc -I/Users/Veer/Library/Developer/Xcode/DerivedData/HearifyV1-ftljoypfezvlxcgouzbpmsmxzads/Build/Intermediates.noindex/Firebase.build/Debug-iphoneos/FirebaseCoreInternal.build/DerivedSources-normal/arm64 -Xcc -I/Users/Veer/Library/Developer/Xcode/DerivedData/HearifyV1-ftljoypfezvlxcgouzbpmsmxzads/Build/Intermediates.noindex/Firebase.build/Debug-iphoneos/FirebaseCoreInternal.build/DerivedSources/arm64 -Xcc -I/Users/Veer/Library/Developer/Xcode/DerivedData/HearifyV1-ftljoypfezvlxcgouzbpmsmxzads/Build/Intermediates.noindex/Firebase.build/Debug-iphoneos/FirebaseCoreInternal.build/DerivedSources -Xcc -DSWIFT_PACKAGE -Xcc -DDEBUG\=1 -emit-objc-header -emit-objc-header-path /Users/Veer/Library/Developer/Xcode/DerivedData/HearifyV1-ftljoypfezvlxcgouzbpmsmxzads/Build/Intermediates.noindex/Firebase.build/Debug-iphoneos/FirebaseCoreInternal.build/Objects-normal/arm64/FirebaseCoreInternal-Swift.h -working-directory /Users/Veer/Library/Mobile\ Documents/com\~apple\~CloudDocs/HearifyV1/HearifyV1.xcodeproj -experimental-emit-module-separately -disable-cmo

RegisterExecutionPolicyException /Users/Veer/Library/Developer/Xcode/DerivedData/HearifyV1-ftljoypfezvlxcgouzbpmsmxzads/Build/Products/Debug-iphoneos/Firebase_FirebaseCoreExtension.bundle (in target 'Firebase_FirebaseCoreExtension' from project 'Firebase')
    cd /Users/Veer/Library/Developer/Xcode/DerivedData/HearifyV1-ftljoypfezvlxcgouzbpmsmxzads/SourcePackages/checkouts/firebase-ios-sdk
    builtin-RegisterExecutionPolicyException /Users/Veer/Library/Developer/Xcode/DerivedData/HearifyV1-ftljoypfezvlxcgouzbpmsmxzads/Build/Products/Debug-iphoneos/Firebase_FirebaseCoreExtension.bundle

Touch /Users/Veer/Library/Developer/Xcode/DerivedData/HearifyV1-ftljoypfezvlxcgouzbpmsmxzads/Build/Products/Debug-iphoneos/Firebase_FirebaseCoreExtension.bundle (in target 'Firebase_FirebaseCoreExtension' from project 'Firebase')
    cd /Users/Veer/Library/Developer/Xcode/DerivedData/HearifyV1-ftljoypfezvlxcgouzbpmsmxzads/SourcePackages/checkouts/firebase-ios-sdk
    /usr/bin/touch -c /Users/Veer/Library/Developer/Xcode/DerivedData/HearifyV1-ftljoypfezvlxcgouzbpmsmxzads/Build/Products/Debug-iphoneos/Firebase_FirebaseCoreExtension.bundle

RegisterExecutionPolicyException /Users/Veer/Library/Developer/Xcode/DerivedData/HearifyV1-ftljoypfezvlxcgouzbpmsmxzads/Build/Products/Debug-iphoneos/GoogleUtilities-Environment.o (in target 'GoogleUtilities-Environment' from project 'GoogleUtilities')
    cd /Users/Veer/Library/Developer/Xcode/DerivedData/HearifyV1-ftljoypfezvlxcgouzbpmsmxzads/SourcePackages/checkouts/GoogleUtilities
    builtin-RegisterExecutionPolicyException /Users/Veer/Library/Developer/Xcode/DerivedData/HearifyV1-ftljoypfezvlxcgouzbpmsmxzads/Build/Products/Debug-iphoneos/GoogleUtilities-Environment.o

Ld /Users/Veer/Library/Developer/Xcode/DerivedData/HearifyV1-ftljoypfezvlxcgouzbpmsmxzads/Build/Products/Debug-iphoneos/FirebaseCoreExtension.o normal (in target 'FirebaseCoreExtension' from project 'Firebase')
    cd /Users/Veer/Library/Developer/Xcode/DerivedData/HearifyV1-ftljoypfezvlxcgouzbpmsmxzads/SourcePackages/checkouts/firebase-ios-sdk
    /Applications/Xcode.app/Contents/Developer/Toolchains/XcodeDefault.xctoolchain/usr/bin/clang -Xlinker -reproducible -target arm64-apple-ios15.0 -r -isysroot /Applications/Xcode.app/Contents/Developer/Platforms/iPhoneOS.platform/Developer/SDKs/iPhoneOS26.2.sdk -O0 -w -L/Users/Veer/Library/Developer/Xcode/DerivedData/HearifyV1-ftljoypfezvlxcgouzbpmsmxzads/Build/Intermediates.noindex/EagerLinkingTBDs/Debug-iphoneos -L/Users/Veer/Library/Developer/Xcode/DerivedData/HearifyV1-ftljoypfezvlxcgouzbpmsmxzads/Build/Products/Debug-iphoneos -L/Applications/Xcode.app/Contents/Developer/Platforms/iPhoneOS.platform/Developer/usr/lib -F/Users/Veer/Library/Developer/Xcode/DerivedData/HearifyV1-ftljoypfezvlxcgouzbpmsmxzads/Build/Intermediates.noindex/EagerLinkingTBDs/Debug-iphoneos -F/Users/Veer/Library/Developer/Xcode/DerivedData/HearifyV1-ftljoypfezvlxcgouzbpmsmxzads/Build/Products/Debug-iphoneos -iframework /Applications/Xcode.app/Contents/Developer/Platforms/iPhoneOS.platform/Developer/Library/Frameworks -iframework /Applications/Xcode.app/Contents/Developer/Platforms/iPhoneOS.platform/Developer/SDKs/iPhoneOS26.2.sdk/Developer/Library/Frameworks -filelist /Users/Veer/Library/Developer/Xcode/DerivedData/HearifyV1-ftljoypfezvlxcgouzbpmsmxzads/Build/Intermediates.noindex/Firebase.build/Debug-iphoneos/FirebaseCoreExtension.build/Objects-normal/arm64/FirebaseCoreExtension.LinkFileList -nostdlib -Xlinker -object_path_lto -Xlinker /Users/Veer/Library/Developer/Xcode/DerivedData/HearifyV1-ftljoypfezvlxcgouzbpmsmxzads/Build/Intermediates.noindex/Firebase.build/Debug-iphoneos/FirebaseCoreExtension.build/Objects-normal/arm64/FirebaseCoreExtension_lto.o -rdynamic -Xlinker -no_deduplicate -Xlinker -debug_variant -Xlinker -dependency_info -Xlinker /Users/Veer/Library/Developer/Xcode/DerivedData/HearifyV1-ftljoypfezvlxcgouzbpmsmxzads/Build/Intermediates.noindex/Firebase.build/Debug-iphoneos/FirebaseCoreExtension.build/Objects-normal/arm64/FirebaseCoreExtension_dependency_info.dat -fobjc-arc -fobjc-link-runtime -o /Users/Veer/Library/Developer/Xcode/DerivedData/HearifyV1-ftljoypfezvlxcgouzbpmsmxzads/Build/Products/Debug-iphoneos/FirebaseCoreExtension.o

Ld /Users/Veer/Library/Developer/Xcode/DerivedData/HearifyV1-ftljoypfezvlxcgouzbpmsmxzads/Build/Products/Debug-iphoneos/GoogleUtilities-Logger.o normal (in target 'GoogleUtilities-Logger' from project 'GoogleUtilities')
    cd /Users/Veer/Library/Developer/Xcode/DerivedData/HearifyV1-ftljoypfezvlxcgouzbpmsmxzads/SourcePackages/checkouts/GoogleUtilities
    /Applications/Xcode.app/Contents/Developer/Toolchains/XcodeDefault.xctoolchain/usr/bin/clang -Xlinker -reproducible -target arm64-apple-ios12.0 -r -isysroot /Applications/Xcode.app/Contents/Developer/Platforms/iPhoneOS.platform/Developer/SDKs/iPhoneOS26.2.sdk -O0 -w -L/Users/Veer/Library/Developer/Xcode/DerivedData/HearifyV1-ftljoypfezvlxcgouzbpmsmxzads/Build/Intermediates.noindex/EagerLinkingTBDs/Debug-iphoneos -L/Users/Veer/Library/Developer/Xcode/DerivedData/HearifyV1-ftljoypfezvlxcgouzbpmsmxzads/Build/Products/Debug-iphoneos -L/Applications/Xcode.app/Contents/Developer/Platforms/iPhoneOS.platform/Developer/usr/lib -F/Users/Veer/Library/Developer/Xcode/DerivedData/HearifyV1-ftljoypfezvlxcgouzbpmsmxzads/Build/Intermediates.noindex/EagerLinkingTBDs/Debug-iphoneos -F/Users/Veer/Library/Developer/Xcode/DerivedData/HearifyV1-ftljoypfezvlxcgouzbpmsmxzads/Build/Products/Debug-iphoneos/PackageFrameworks -F/Users/Veer/Library/Developer/Xcode/DerivedData/HearifyV1-ftljoypfezvlxcgouzbpmsmxzads/Build/Products/Debug-iphoneos/PackageFrameworks -F/Users/Veer/Library/Developer/Xcode/DerivedData/HearifyV1-ftljoypfezvlxcgouzbpmsmxzads/Build/Products/Debug-iphoneos -iframework /Applications/Xcode.app/Contents/Developer/Platforms/iPhoneOS.platform/Developer/Library/Frameworks -iframework /Applications/Xcode.app/Contents/Developer/Platforms/iPhoneOS.platform/Developer/SDKs/iPhoneOS26.2.sdk/Developer/Library/Frameworks -filelist /Users/Veer/Library/Developer/Xcode/DerivedData/HearifyV1-ftljoypfezvlxcgouzbpmsmxzads/Build/Intermediates.noindex/GoogleUtilities.build/Debug-iphoneos/GoogleUtilities-Logger.build/Objects-normal/arm64/GoogleUtilities-Logger.LinkFileList -nostdlib -Xlinker -object_path_lto -Xlinker /Users/Veer/Library/Developer/Xcode/DerivedData/HearifyV1-ftljoypfezvlxcgouzbpmsmxzads/Build/Intermediates.noindex/GoogleUtilities.build/Debug-iphoneos/GoogleUtilities-Logger.build/Objects-normal/arm64/GoogleUtilities-Logger_lto.o -rdynamic -Xlinker -no_deduplicate -Xlinker -debug_variant -Xlinker -dependency_info -Xlinker /Users/Veer/Library/Developer/Xcode/DerivedData/HearifyV1-ftljoypfezvlxcgouzbpmsmxzads/Build/Intermediates.noindex/GoogleUtilities.build/Debug-iphoneos/GoogleUtilities-Logger.build/Objects-normal/arm64/GoogleUtilities-Logger_dependency_info.dat -fobjc-arc -fobjc-link-runtime -o /Users/Veer/Library/Developer/Xcode/DerivedData/HearifyV1-ftljoypfezvlxcgouzbpmsmxzads/Build/Products/Debug-iphoneos/GoogleUtilities-Logger.o

PrecompileModule /Users/Veer/Library/Developer/Xcode/DerivedData/HearifyV1-ftljoypfezvlxcgouzbpmsmxzads/Build/Intermediates.noindex/ExplicitPrecompiledModules/GoogleUtilities_Network-1E7M33QHEOJG5PPA9NU5BCSB8.scan
    cd /
    builtin-precompileModule /Users/Veer/Library/Developer/Xcode/DerivedData/HearifyV1-ftljoypfezvlxcgouzbpmsmxzads/Build/Intermediates.noindex/ExplicitPrecompiledModules/GoogleUtilities_Network-1E7M33QHEOJG5PPA9NU5BCSB8.scan

CompileC /Users/Veer/Library/Developer/Xcode/DerivedData/HearifyV1-ftljoypfezvlxcgouzbpmsmxzads/Build/Intermediates.noindex/GoogleUtilities.build/Debug-iphoneos/GoogleUtilities-AppDelegateSwizzler.build/Objects-normal/arm64/GULSceneDelegateSwizzler.o /Users/Veer/Library/Developer/Xcode/DerivedData/HearifyV1-ftljoypfezvlxcgouzbpmsmxzads/SourcePackages/checkouts/GoogleUtilities/GoogleUtilities/AppDelegateSwizzler/GULSceneDelegateSwizzler.m normal arm64 objective-c com.apple.compilers.llvm.clang.1_0.compiler (in target 'GoogleUtilities-AppDelegateSwizzler' from project 'GoogleUtilities')
    cd /Users/Veer/Library/Mobile\ Documents/com\~apple\~CloudDocs/HearifyV1/HearifyV1.xcodeproj
    
    Using response file: /Users/Veer/Library/Developer/Xcode/DerivedData/HearifyV1-ftljoypfezvlxcgouzbpmsmxzads/Build/Intermediates.noindex/GoogleUtilities.build/Debug-iphoneos/GoogleUtilities-AppDelegateSwizzler.build/Objects-normal/arm64/e6072d4f65d7061329687fe24e3d63a7-common-args.resp
    
    /Applications/Xcode.app/Contents/Developer/Toolchains/XcodeDefault.xctoolchain/usr/bin/clang -x objective-c -ivfsstatcache /Users/Veer/Library/Developer/Xcode/DerivedData/SDKStatCaches.noindex/iphoneos26.2-23C53-3794476bd08197c3e2abd9bb477ef7f7.sdkstatcache -fmessage-length\=0 -fdiagnostics-show-note-include-stack -fmacro-backtrace-limit\=0 -fno-color-diagnostics -fmodules-prune-interval\=86400 -fmodules-prune-after\=345600 -fbuild-session-file\=/Users/Veer/Library/Developer/Xcode/DerivedData/ModuleCache.noindex/Session.modulevalidation -fmodules-validate-once-per-build-session -Wnon-modular-include-in-framework-module -Werror\=non-modular-include-in-framework-module -Wno-trigraphs -Wno-missing-field-initializers -Wno-missing-prototypes -Wno-return-type -Wno-implicit-atomic-properties -Wno-objc-interface-ivars -Wno-arc-repeated-use-of-weak -Wno-missing-braces -Wparentheses -Wswitch -Wno-unused-function -Wno-unused-label -Wno-unused-parameter -Wno-unused-variable -Wunused-value -Wno-empty-body -Wno-uninitialized -Wno-unknown-pragmas -w -Wno-shadow -Wno-four-char-constants -Wno-conversion -Wno-constant-conversion -Wno-int-conversion -Wno-bool-conversion -Wno-enum-conversion -Wno-float-conversion -Wno-non-literal-null-conversion -Wno-objc-literal-conversion -Wshorten-64-to-32 -Wpointer-sign -Wno-newline-eof -Wno-selector -Wno-strict-selector-match -Wno-undeclared-selector -Wno-deprecated-implementations -Wno-implicit-fallthrough -fstrict-aliasing -Wprotocol -Wdeprecated-declarations -Wno-sign-conversion -Wno-infinite-recursion -Wno-comma -Wno-block-capture-autoreleasing -Wno-strict-prototypes -Wno-semicolon-before-method-body -index-store-path /Users/Veer/Library/Developer/Xcode/DerivedData/HearifyV1-ftljoypfezvlxcgouzbpmsmxzads/Index.noindex/DataStore @/Users/Veer/Library/Developer/Xcode/DerivedData/HearifyV1-ftljoypfezvlxcgouzbpmsmxzads/Build/Intermediates.noindex/GoogleUtilities.build/Debug-iphoneos/GoogleUtilities-AppDelegateSwizzler.build/Objects-normal/arm64/e6072d4f65d7061329687fe24e3d63a7-common-args.resp -include /Users/Veer/Library/Developer/Xcode/DerivedData/HearifyV1-ftljoypfezvlxcgouzbpmsmxzads/Build/Intermediates.noindex/GoogleUtilities.build/Debug-iphoneos/GoogleUtilities-AppDelegateSwizzler.build/DerivedSources/resource_bundle_accessor.h -MMD -MT dependencies -MF /Users/Veer/Library/Developer/Xcode/DerivedData/HearifyV1-ftljoypfezvlxcgouzbpmsmxzads/Build/Intermediates.noindex/GoogleUtilities.build/Debug-iphoneos/GoogleUtilities-AppDelegateSwizzler.build/Objects-normal/arm64/GULSceneDelegateSwizzler.d --serialize-diagnostics /Users/Veer/Library/Developer/Xcode/DerivedData/HearifyV1-ftljoypfezvlxcgouzbpmsmxzads/Build/Intermediates.noindex/GoogleUtilities.build/Debug-iphoneos/GoogleUtilities-AppDelegateSwizzler.build/Objects-normal/arm64/GULSceneDelegateSwizzler.dia -c /Users/Veer/Library/Developer/Xcode/DerivedData/HearifyV1-ftljoypfezvlxcgouzbpmsmxzads/SourcePackages/checkouts/GoogleUtilities/GoogleUtilities/AppDelegateSwizzler/GULSceneDelegateSwizzler.m -o /Users/Veer/Library/Developer/Xcode/DerivedData/HearifyV1-ftljoypfezvlxcgouzbpmsmxzads/Build/Intermediates.noindex/GoogleUtilities.build/Debug-iphoneos/GoogleUtilities-AppDelegateSwizzler.build/Objects-normal/arm64/GULSceneDelegateSwizzler.o -index-unit-output-path /GoogleUtilities.build/Debug-iphoneos/GoogleUtilities-AppDelegateSwizzler.build/Objects-normal/arm64/GULSceneDelegateSwizzler.o

CompileC /Users/Veer/Library/Developer/Xcode/DerivedData/HearifyV1-ftljoypfezvlxcgouzbpmsmxzads/Build/Intermediates.noindex/GoogleUtilities.build/Debug-iphoneos/GoogleUtilities-AppDelegateSwizzler.build/Objects-normal/arm64/GULAppDelegateSwizzler.o /Users/Veer/Library/Developer/Xcode/DerivedData/HearifyV1-ftljoypfezvlxcgouzbpmsmxzads/SourcePackages/checkouts/GoogleUtilities/GoogleUtilities/AppDelegateSwizzler/GULAppDelegateSwizzler.m normal arm64 objective-c com.apple.compilers.llvm.clang.1_0.compiler (in target 'GoogleUtilities-AppDelegateSwizzler' from project 'GoogleUtilities')
    cd /Users/Veer/Library/Mobile\ Documents/com\~apple\~CloudDocs/HearifyV1/HearifyV1.xcodeproj
    
    Using response file: /Users/Veer/Library/Developer/Xcode/DerivedData/HearifyV1-ftljoypfezvlxcgouzbpmsmxzads/Build/Intermediates.noindex/GoogleUtilities.build/Debug-iphoneos/GoogleUtilities-AppDelegateSwizzler.build/Objects-normal/arm64/e6072d4f65d7061329687fe24e3d63a7-common-args.resp
    
    /Applications/Xcode.app/Contents/Developer/Toolchains/XcodeDefault.xctoolchain/usr/bin/clang -x objective-c -ivfsstatcache /Users/Veer/Library/Developer/Xcode/DerivedData/SDKStatCaches.noindex/iphoneos26.2-23C53-3794476bd08197c3e2abd9bb477ef7f7.sdkstatcache -fmessage-length\=0 -fdiagnostics-show-note-include-stack -fmacro-backtrace-limit\=0 -fno-color-diagnostics -fmodules-prune-interval\=86400 -fmodules-prune-after\=345600 -fbuild-session-file\=/Users/Veer/Library/Developer/Xcode/DerivedData/ModuleCache.noindex/Session.modulevalidation -fmodules-validate-once-per-build-session -Wnon-modular-include-in-framework-module -Werror\=non-modular-include-in-framework-module -Wno-trigraphs -Wno-missing-field-initializers -Wno-missing-prototypes -Wno-return-type -Wno-implicit-atomic-properties -Wno-objc-interface-ivars -Wno-arc-repeated-use-of-weak -Wno-missing-braces -Wparentheses -Wswitch -Wno-unused-function -Wno-unused-label -Wno-unused-parameter -Wno-unused-variable -Wunused-value -Wno-empty-body -Wno-uninitialized -Wno-unknown-pragmas -w -Wno-shadow -Wno-four-char-constants -Wno-conversion -Wno-constant-conversion -Wno-int-conversion -Wno-bool-conversion -Wno-enum-conversion -Wno-float-conversion -Wno-non-literal-null-conversion -Wno-objc-literal-conversion -Wshorten-64-to-32 -Wpointer-sign -Wno-newline-eof -Wno-selector -Wno-strict-selector-match -Wno-undeclared-selector -Wno-deprecated-implementations -Wno-implicit-fallthrough -fstrict-aliasing -Wprotocol -Wdeprecated-declarations -Wno-sign-conversion -Wno-infinite-recursion -Wno-comma -Wno-block-capture-autoreleasing -Wno-strict-prototypes -Wno-semicolon-before-method-body -index-store-path /Users/Veer/Library/Developer/Xcode/DerivedData/HearifyV1-ftljoypfezvlxcgouzbpmsmxzads/Index.noindex/DataStore @/Users/Veer/Library/Developer/Xcode/DerivedData/HearifyV1-ftljoypfezvlxcgouzbpmsmxzads/Build/Intermediates.noindex/GoogleUtilities.build/Debug-iphoneos/GoogleUtilities-AppDelegateSwizzler.build/Objects-normal/arm64/e6072d4f65d7061329687fe24e3d63a7-common-args.resp -include /Users/Veer/Library/Developer/Xcode/DerivedData/HearifyV1-ftljoypfezvlxcgouzbpmsmxzads/Build/Intermediates.noindex/GoogleUtilities.build/Debug-iphoneos/GoogleUtilities-AppDelegateSwizzler.build/DerivedSources/resource_bundle_accessor.h -MMD -MT dependencies -MF /Users/Veer/Library/Developer/Xcode/DerivedData/HearifyV1-ftljoypfezvlxcgouzbpmsmxzads/Build/Intermediates.noindex/GoogleUtilities.build/Debug-iphoneos/GoogleUtilities-AppDelegateSwizzler.build/Objects-normal/arm64/GULAppDelegateSwizzler.d --serialize-diagnostics /Users/Veer/Library/Developer/Xcode/DerivedData/HearifyV1-ftljoypfezvlxcgouzbpmsmxzads/Build/Intermediates.noindex/GoogleUtilities.build/Debug-iphoneos/GoogleUtilities-AppDelegateSwizzler.build/Objects-normal/arm64/GULAppDelegateSwizzler.dia -c /Users/Veer/Library/Developer/Xcode/DerivedData/HearifyV1-ftljoypfezvlxcgouzbpmsmxzads/SourcePackages/checkouts/GoogleUtilities/GoogleUtilities/AppDelegateSwizzler/GULAppDelegateSwizzler.m -o /Users/Veer/Library/Developer/Xcode/DerivedData/HearifyV1-ftljoypfezvlxcgouzbpmsmxzads/Build/Intermediates.noindex/GoogleUtilities.build/Debug-iphoneos/GoogleUtilities-AppDelegateSwizzler.build/Objects-normal/arm64/GULAppDelegateSwizzler.o -index-unit-output-path /GoogleUtilities.build/Debug-iphoneos/GoogleUtilities-AppDelegateSwizzler.build/Objects-normal/arm64/GULAppDelegateSwizzler.o

RegisterExecutionPolicyException /Users/Veer/Library/Developer/Xcode/DerivedData/HearifyV1-ftljoypfezvlxcgouzbpmsmxzads/Build/Products/Debug-iphoneos/Firebase_FirebaseCore.bundle (in target 'Firebase_FirebaseCore' from project 'Firebase')
    cd /Users/Veer/Library/Developer/Xcode/DerivedData/HearifyV1-ftljoypfezvlxcgouzbpmsmxzads/SourcePackages/checkouts/firebase-ios-sdk
    builtin-RegisterExecutionPolicyException /Users/Veer/Library/Developer/Xcode/DerivedData/HearifyV1-ftljoypfezvlxcgouzbpmsmxzads/Build/Products/Debug-iphoneos/Firebase_FirebaseCore.bundle

RegisterExecutionPolicyException /Users/Veer/Library/Developer/Xcode/DerivedData/HearifyV1-ftljoypfezvlxcgouzbpmsmxzads/Build/Products/Debug-iphoneos/Firebase_FirebaseAuth.bundle (in target 'Firebase_FirebaseAuth' from project 'Firebase')
    cd /Users/Veer/Library/Developer/Xcode/DerivedData/HearifyV1-ftljoypfezvlxcgouzbpmsmxzads/SourcePackages/checkouts/firebase-ios-sdk
    builtin-RegisterExecutionPolicyException /Users/Veer/Library/Developer/Xcode/DerivedData/HearifyV1-ftljoypfezvlxcgouzbpmsmxzads/Build/Products/Debug-iphoneos/Firebase_FirebaseAuth.bundle

ScanDependencies /Users/Veer/Library/Developer/Xcode/DerivedData/HearifyV1-ftljoypfezvlxcgouzbpmsmxzads/Build/Intermediates.noindex/Firebase.build/Debug-iphoneos/FirebaseAuthInternal.build/Objects-normal/arm64/FIRMultiFactorConstants.o /Users/Veer/Library/Developer/Xcode/DerivedData/HearifyV1-ftljoypfezvlxcgouzbpmsmxzads/SourcePackages/checkouts/firebase-ios-sdk/FirebaseAuth/Sources/ObjC/FIRMultiFactorConstants.m normal arm64 objective-c com.apple.compilers.llvm.clang.1_0.compiler (in target 'FirebaseAuthInternal' from project 'Firebase')
    cd /Users/Veer/Library/Mobile\ Documents/com\~apple\~CloudDocs/HearifyV1/HearifyV1.xcodeproj
    
    Using response file: /Users/Veer/Library/Developer/Xcode/DerivedData/HearifyV1-ftljoypfezvlxcgouzbpmsmxzads/Build/Intermediates.noindex/Firebase.build/Debug-iphoneos/FirebaseAuthInternal.build/Objects-normal/arm64/e6072d4f65d7061329687fe24e3d63a7-common-args.resp
    
    builtin-ScanDependencies -o /Users/Veer/Library/Developer/Xcode/DerivedData/HearifyV1-ftljoypfezvlxcgouzbpmsmxzads/Build/Intermediates.noindex/Firebase.build/Debug-iphoneos/FirebaseAuthInternal.build/Objects-normal/arm64/FIRMultiFactorConstants.o.scan -- /Applications/Xcode.app/Contents/Developer/Toolchains/XcodeDefault.xctoolchain/usr/bin/clang -x objective-c -ivfsstatcache /Users/Veer/Library/Developer/Xcode/DerivedData/SDKStatCaches.noindex/iphoneos26.2-23C53-3794476bd08197c3e2abd9bb477ef7f7.sdkstatcache -fmessage-length\=0 -fdiagnostics-show-note-include-stack -fmacro-backtrace-limit\=0 -fno-color-diagnostics -fmodules-prune-interval\=86400 -fmodules-prune-after\=345600 -fbuild-session-file\=/Users/Veer/Library/Developer/Xcode/DerivedData/ModuleCache.noindex/Session.modulevalidation -fmodules-validate-once-per-build-session -Wnon-modular-include-in-framework-module -Werror\=non-modular-include-in-framework-module -Wno-trigraphs -Wno-missing-field-initializers -Wno-missing-prototypes -Wno-return-type -Wno-implicit-atomic-properties -Wno-objc-interface-ivars -Wno-arc-repeated-use-of-weak -Wno-missing-braces -Wparentheses -Wswitch -Wno-unused-function -Wno-unused-label -Wno-unused-parameter -Wno-unused-variable -Wunused-value -Wno-empty-body -Wno-uninitialized -Wno-unknown-pragmas -w -Wno-shadow -Wno-four-char-constants -Wno-conversion -Wno-constant-conversion -Wno-int-conversion -Wno-bool-conversion -Wno-enum-conversion -Wno-float-conversion -Wno-non-literal-null-conversion -Wno-objc-literal-conversion -Wshorten-64-to-32 -Wpointer-sign -Wno-newline-eof -Wno-selector -Wno-strict-selector-match -Wno-undeclared-selector -Wno-deprecated-implementations -Wno-implicit-fallthrough -fstrict-aliasing -Wprotocol -Wdeprecated-declarations -Wno-sign-conversion -Wno-infinite-recursion -Wno-comma -Wno-block-capture-autoreleasing -Wno-strict-prototypes -Wno-semicolon-before-method-body -index-store-path /Users/Veer/Library/Developer/Xcode/DerivedData/HearifyV1-ftljoypfezvlxcgouzbpmsmxzads/Index.noindex/DataStore @/Users/Veer/Library/Developer/Xcode/DerivedData/HearifyV1-ftljoypfezvlxcgouzbpmsmxzads/Build/Intermediates.noindex/Firebase.build/Debug-iphoneos/FirebaseAuthInternal.build/Objects-normal/arm64/e6072d4f65d7061329687fe24e3d63a7-common-args.resp -MMD -MT dependencies -MF /Users/Veer/Library/Developer/Xcode/DerivedData/HearifyV1-ftljoypfezvlxcgouzbpmsmxzads/Build/Intermediates.noindex/Firebase.build/Debug-iphoneos/FirebaseAuthInternal.build/Objects-normal/arm64/FIRMultiFactorConstants.d --serialize-diagnostics /Users/Veer/Library/Developer/Xcode/DerivedData/HearifyV1-ftljoypfezvlxcgouzbpmsmxzads/Build/Intermediates.noindex/Firebase.build/Debug-iphoneos/FirebaseAuthInternal.build/Objects-normal/arm64/FIRMultiFactorConstants.dia -c /Users/Veer/Library/Developer/Xcode/DerivedData/HearifyV1-ftljoypfezvlxcgouzbpmsmxzads/SourcePackages/checkouts/firebase-ios-sdk/FirebaseAuth/Sources/ObjC/FIRMultiFactorConstants.m -o /Users/Veer/Library/Developer/Xcode/DerivedData/HearifyV1-ftljoypfezvlxcgouzbpmsmxzads/Build/Intermediates.noindex/Firebase.build/Debug-iphoneos/FirebaseAuthInternal.build/Objects-normal/arm64/FIRMultiFactorConstants.o -index-unit-output-path /Firebase.build/Debug-iphoneos/FirebaseAuthInternal.build/Objects-normal/arm64/FIRMultiFactorConstants.o

ScanDependencies /Users/Veer/Library/Developer/Xcode/DerivedData/HearifyV1-ftljoypfezvlxcgouzbpmsmxzads/Build/Intermediates.noindex/Firebase.build/Debug-iphoneos/FirebaseAuthInternal.build/Objects-normal/arm64/FIRAuthProvider.o /Users/Veer/Library/Developer/Xcode/DerivedData/HearifyV1-ftljoypfezvlxcgouzbpmsmxzads/SourcePackages/checkouts/firebase-ios-sdk/FirebaseAuth/Sources/ObjC/FIRAuthProvider.m normal arm64 objective-c com.apple.compilers.llvm.clang.1_0.compiler (in target 'FirebaseAuthInternal' from project 'Firebase')
    cd /Users/Veer/Library/Mobile\ Documents/com\~apple\~CloudDocs/HearifyV1/HearifyV1.xcodeproj
    
    Using response file: /Users/Veer/Library/Developer/Xcode/DerivedData/HearifyV1-ftljoypfezvlxcgouzbpmsmxzads/Build/Intermediates.noindex/Firebase.build/Debug-iphoneos/FirebaseAuthInternal.build/Objects-normal/arm64/e6072d4f65d7061329687fe24e3d63a7-common-args.resp
    
    builtin-ScanDependencies -o /Users/Veer/Library/Developer/Xcode/DerivedData/HearifyV1-ftljoypfezvlxcgouzbpmsmxzads/Build/Intermediates.noindex/Firebase.build/Debug-iphoneos/FirebaseAuthInternal.build/Objects-normal/arm64/FIRAuthProvider.o.scan -- /Applications/Xcode.app/Contents/Developer/Toolchains/XcodeDefault.xctoolchain/usr/bin/clang -x objective-c -ivfsstatcache /Users/Veer/Library/Developer/Xcode/DerivedData/SDKStatCaches.noindex/iphoneos26.2-23C53-3794476bd08197c3e2abd9bb477ef7f7.sdkstatcache -fmessage-length\=0 -fdiagnostics-show-note-include-stack -fmacro-backtrace-limit\=0 -fno-color-diagnostics -fmodules-prune-interval\=86400 -fmodules-prune-after\=345600 -fbuild-session-file\=/Users/Veer/Library/Developer/Xcode/DerivedData/ModuleCache.noindex/Session.modulevalidation -fmodules-validate-once-per-build-session -Wnon-modular-include-in-framework-module -Werror\=non-modular-include-in-framework-module -Wno-trigraphs -Wno-missing-field-initializers -Wno-missing-prototypes -Wno-return-type -Wno-implicit-atomic-properties -Wno-objc-interface-ivars -Wno-arc-repeated-use-of-weak -Wno-missing-braces -Wparentheses -Wswitch -Wno-unused-function -Wno-unused-label -Wno-unused-parameter -Wno-unused-variable -Wunused-value -Wno-empty-body -Wno-uninitialized -Wno-unknown-pragmas -w -Wno-shadow -Wno-four-char-constants -Wno-conversion -Wno-constant-conversion -Wno-int-conversion -Wno-bool-conversion -Wno-enum-conversion -Wno-float-conversion -Wno-non-literal-null-conversion -Wno-objc-literal-conversion -Wshorten-64-to-32 -Wpointer-sign -Wno-newline-eof -Wno-selector -Wno-strict-selector-match -Wno-undeclared-selector -Wno-deprecated-implementations -Wno-implicit-fallthrough -fstrict-aliasing -Wprotocol -Wdeprecated-declarations -Wno-sign-conversion -Wno-infinite-recursion -Wno-comma -Wno-block-capture-autoreleasing -Wno-strict-prototypes -Wno-semicolon-before-method-body -index-store-path /Users/Veer/Library/Developer/Xcode/DerivedData/HearifyV1-ftljoypfezvlxcgouzbpmsmxzads/Index.noindex/DataStore @/Users/Veer/Library/Developer/Xcode/DerivedData/HearifyV1-ftljoypfezvlxcgouzbpmsmxzads/Build/Intermediates.noindex/Firebase.build/Debug-iphoneos/FirebaseAuthInternal.build/Objects-normal/arm64/e6072d4f65d7061329687fe24e3d63a7-common-args.resp -MMD -MT dependencies -MF /Users/Veer/Library/Developer/Xcode/DerivedData/HearifyV1-ftljoypfezvlxcgouzbpmsmxzads/Build/Intermediates.noindex/Firebase.build/Debug-iphoneos/FirebaseAuthInternal.build/Objects-normal/arm64/FIRAuthProvider.d --serialize-diagnostics /Users/Veer/Library/Developer/Xcode/DerivedData/HearifyV1-ftljoypfezvlxcgouzbpmsmxzads/Build/Intermediates.noindex/Firebase.build/Debug-iphoneos/FirebaseAuthInternal.build/Objects-normal/arm64/FIRAuthProvider.dia -c /Users/Veer/Library/Developer/Xcode/DerivedData/HearifyV1-ftljoypfezvlxcgouzbpmsmxzads/SourcePackages/checkouts/firebase-ios-sdk/FirebaseAuth/Sources/ObjC/FIRAuthProvider.m -o /Users/Veer/Library/Developer/Xcode/DerivedData/HearifyV1-ftljoypfezvlxcgouzbpmsmxzads/Build/Intermediates.noindex/Firebase.build/Debug-iphoneos/FirebaseAuthInternal.build/Objects-normal/arm64/FIRAuthProvider.o -index-unit-output-path /Firebase.build/Debug-iphoneos/FirebaseAuthInternal.build/Objects-normal/arm64/FIRAuthProvider.o

ScanDependencies /Users/Veer/Library/Developer/Xcode/DerivedData/HearifyV1-ftljoypfezvlxcgouzbpmsmxzads/Build/Intermediates.noindex/Firebase.build/Debug-iphoneos/FirebaseAuthInternal.build/Objects-normal/arm64/FIRAuthErrorUtils.o /Users/Veer/Library/Developer/Xcode/DerivedData/HearifyV1-ftljoypfezvlxcgouzbpmsmxzads/SourcePackages/checkouts/firebase-ios-sdk/FirebaseAuth/Sources/ObjC/FIRAuthErrorUtils.m normal arm64 objective-c com.apple.compilers.llvm.clang.1_0.compiler (in target 'FirebaseAuthInternal' from project 'Firebase')
    cd /Users/Veer/Library/Mobile\ Documents/com\~apple\~CloudDocs/HearifyV1/HearifyV1.xcodeproj
    
    Using response file: /Users/Veer/Library/Developer/Xcode/DerivedData/HearifyV1-ftljoypfezvlxcgouzbpmsmxzads/Build/Intermediates.noindex/Firebase.build/Debug-iphoneos/FirebaseAuthInternal.build/Objects-normal/arm64/e6072d4f65d7061329687fe24e3d63a7-common-args.resp
    
    builtin-ScanDependencies -o /Users/Veer/Library/Developer/Xcode/DerivedData/HearifyV1-ftljoypfezvlxcgouzbpmsmxzads/Build/Intermediates.noindex/Firebase.build/Debug-iphoneos/FirebaseAuthInternal.build/Objects-normal/arm64/FIRAuthErrorUtils.o.scan -- /Applications/Xcode.app/Contents/Developer/Toolchains/XcodeDefault.xctoolchain/usr/bin/clang -x objective-c -ivfsstatcache /Users/Veer/Library/Developer/Xcode/DerivedData/SDKStatCaches.noindex/iphoneos26.2-23C53-3794476bd08197c3e2abd9bb477ef7f7.sdkstatcache -fmessage-length\=0 -fdiagnostics-show-note-include-stack -fmacro-backtrace-limit\=0 -fno-color-diagnostics -fmodules-prune-interval\=86400 -fmodules-prune-after\=345600 -fbuild-session-file\=/Users/Veer/Library/Developer/Xcode/DerivedData/ModuleCache.noindex/Session.modulevalidation -fmodules-validate-once-per-build-session -Wnon-modular-include-in-framework-module -Werror\=non-modular-include-in-framework-module -Wno-trigraphs -Wno-missing-field-initializers -Wno-missing-prototypes -Wno-return-type -Wno-implicit-atomic-properties -Wno-objc-interface-ivars -Wno-arc-repeated-use-of-weak -Wno-missing-braces -Wparentheses -Wswitch -Wno-unused-function -Wno-unused-label -Wno-unused-parameter -Wno-unused-variable -Wunused-value -Wno-empty-body -Wno-uninitialized -Wno-unknown-pragmas -w -Wno-shadow -Wno-four-char-constants -Wno-conversion -Wno-constant-conversion -Wno-int-conversion -Wno-bool-conversion -Wno-enum-conversion -Wno-float-conversion -Wno-non-literal-null-conversion -Wno-objc-literal-conversion -Wshorten-64-to-32 -Wpointer-sign -Wno-newline-eof -Wno-selector -Wno-strict-selector-match -Wno-undeclared-selector -Wno-deprecated-implementations -Wno-implicit-fallthrough -fstrict-aliasing -Wprotocol -Wdeprecated-declarations -Wno-sign-conversion -Wno-infinite-recursion -Wno-comma -Wno-block-capture-autoreleasing -Wno-strict-prototypes -Wno-semicolon-before-method-body -index-store-path /Users/Veer/Library/Developer/Xcode/DerivedData/HearifyV1-ftljoypfezvlxcgouzbpmsmxzads/Index.noindex/DataStore @/Users/Veer/Library/Developer/Xcode/DerivedData/HearifyV1-ftljoypfezvlxcgouzbpmsmxzads/Build/Intermediates.noindex/Firebase.build/Debug-iphoneos/FirebaseAuthInternal.build/Objects-normal/arm64/e6072d4f65d7061329687fe24e3d63a7-common-args.resp -MMD -MT dependencies -MF /Users/Veer/Library/Developer/Xcode/DerivedData/HearifyV1-ftljoypfezvlxcgouzbpmsmxzads/Build/Intermediates.noindex/Firebase.build/Debug-iphoneos/FirebaseAuthInternal.build/Objects-normal/arm64/FIRAuthErrorUtils.d --serialize-diagnostics /Users/Veer/Library/Developer/Xcode/DerivedData/HearifyV1-ftljoypfezvlxcgouzbpmsmxzads/Build/Intermediates.noindex/Firebase.build/Debug-iphoneos/FirebaseAuthInternal.build/Objects-normal/arm64/FIRAuthErrorUtils.dia -c /Users/Veer/Library/Developer/Xcode/DerivedData/HearifyV1-ftljoypfezvlxcgouzbpmsmxzads/SourcePackages/checkouts/firebase-ios-sdk/FirebaseAuth/Sources/ObjC/FIRAuthErrorUtils.m -o /Users/Veer/Library/Developer/Xcode/DerivedData/HearifyV1-ftljoypfezvlxcgouzbpmsmxzads/Build/Intermediates.noindex/Firebase.build/Debug-iphoneos/FirebaseAuthInternal.build/Objects-normal/arm64/FIRAuthErrorUtils.o -index-unit-output-path /Firebase.build/Debug-iphoneos/FirebaseAuthInternal.build/Objects-normal/arm64/FIRAuthErrorUtils.o

SwiftExplicitDependencyGeneratePcm arm64 /Users/Veer/Library/Developer/Xcode/DerivedData/ModuleCache.noindex/_Builtin_stddef-DGZREIUKGLQ680RLFV3HR0Y03.pcm

SwiftExplicitDependencyGeneratePcm arm64 /Users/Veer/Library/Developer/Xcode/DerivedData/ModuleCache.noindex/SwiftShims-B1ERLBX04WHEHEYCJTAB37VM1.pcm

SwiftExplicitDependencyGeneratePcm arm64 /Users/Veer/Library/Developer/Xcode/DerivedData/ModuleCache.noindex/ptrcheck-2LD809JPWRFWZPBEN2FN8SSL2.pcm

SwiftExplicitDependencyGeneratePcm arm64 /Users/Veer/Library/Developer/Xcode/DerivedData/ModuleCache.noindex/_Builtin_stdbool-OPIB1HIPG79FB09RD0YHFFDU.pcm

SwiftExplicitDependencyGeneratePcm arm64 /Users/Veer/Library/Developer/Xcode/DerivedData/ModuleCache.noindex/_AvailabilityInternal-1VM9LSGDD415DZ4UW1Z7BA6T5.pcm

SwiftExplicitDependencyGeneratePcm arm64 /Users/Veer/Library/Developer/Xcode/DerivedData/ModuleCache.noindex/ptrauth-U5952E2IEAPKOFOI7KWH40X3.pcm

SwiftExplicitDependencyGeneratePcm arm64 /Users/Veer/Library/Developer/Xcode/DerivedData/ModuleCache.noindex/_Builtin_stdarg-72JT3RJ8LEHGX4H7VU4SSZ2CN.pcm

SwiftExplicitDependencyGeneratePcm arm64 /Users/Veer/Library/Developer/Xcode/DerivedData/ModuleCache.noindex/_SwiftConcurrencyShims-2DE3A05OFGM9DW5A6LP5EBKFG.pcm

SwiftExplicitDependencyGeneratePcm arm64 /Users/Veer/Library/Developer/Xcode/DerivedData/ModuleCache.noindex/_Builtin_float-99XA4IBO19B3Y0TBIN9QE9EG3.pcm

CompileC /Users/Veer/Library/Developer/Xcode/DerivedData/HearifyV1-ftljoypfezvlxcgouzbpmsmxzads/Build/Intermediates.noindex/Firebase.build/Debug-iphoneos/FirebaseAuthInternal.build/Objects-normal/arm64/FIRMultiFactorConstants.o /Users/Veer/Library/Developer/Xcode/DerivedData/HearifyV1-ftljoypfezvlxcgouzbpmsmxzads/SourcePackages/checkouts/firebase-ios-sdk/FirebaseAuth/Sources/ObjC/FIRMultiFactorConstants.m normal arm64 objective-c com.apple.compilers.llvm.clang.1_0.compiler (in target 'FirebaseAuthInternal' from project 'Firebase')
    cd /Users/Veer/Library/Mobile\ Documents/com\~apple\~CloudDocs/HearifyV1/HearifyV1.xcodeproj
    
    Using response file: /Users/Veer/Library/Developer/Xcode/DerivedData/HearifyV1-ftljoypfezvlxcgouzbpmsmxzads/Build/Intermediates.noindex/Firebase.build/Debug-iphoneos/FirebaseAuthInternal.build/Objects-normal/arm64/e6072d4f65d7061329687fe24e3d63a7-common-args.resp
    
    /Applications/Xcode.app/Contents/Developer/Toolchains/XcodeDefault.xctoolchain/usr/bin/clang -x objective-c -ivfsstatcache /Users/Veer/Library/Developer/Xcode/DerivedData/SDKStatCaches.noindex/iphoneos26.2-23C53-3794476bd08197c3e2abd9bb477ef7f7.sdkstatcache -fmessage-length\=0 -fdiagnostics-show-note-include-stack -fmacro-backtrace-limit\=0 -fno-color-diagnostics -fmodules-prune-interval\=86400 -fmodules-prune-after\=345600 -fbuild-session-file\=/Users/Veer/Library/Developer/Xcode/DerivedData/ModuleCache.noindex/Session.modulevalidation -fmodules-validate-once-per-build-session -Wnon-modular-include-in-framework-module -Werror\=non-modular-include-in-framework-module -Wno-trigraphs -Wno-missing-field-initializers -Wno-missing-prototypes -Wno-return-type -Wno-implicit-atomic-properties -Wno-objc-interface-ivars -Wno-arc-repeated-use-of-weak -Wno-missing-braces -Wparentheses -Wswitch -Wno-unused-function -Wno-unused-label -Wno-unused-parameter -Wno-unused-variable -Wunused-value -Wno-empty-body -Wno-uninitialized -Wno-unknown-pragmas -w -Wno-shadow -Wno-four-char-constants -Wno-conversion -Wno-constant-conversion -Wno-int-conversion -Wno-bool-conversion -Wno-enum-conversion -Wno-float-conversion -Wno-non-literal-null-conversion -Wno-objc-literal-conversion -Wshorten-64-to-32 -Wpointer-sign -Wno-newline-eof -Wno-selector -Wno-strict-selector-match -Wno-undeclared-selector -Wno-deprecated-implementations -Wno-implicit-fallthrough -fstrict-aliasing -Wprotocol -Wdeprecated-declarations -Wno-sign-conversion -Wno-infinite-recursion -Wno-comma -Wno-block-capture-autoreleasing -Wno-strict-prototypes -Wno-semicolon-before-method-body -index-store-path /Users/Veer/Library/Developer/Xcode/DerivedData/HearifyV1-ftljoypfezvlxcgouzbpmsmxzads/Index.noindex/DataStore @/Users/Veer/Library/Developer/Xcode/DerivedData/HearifyV1-ftljoypfezvlxcgouzbpmsmxzads/Build/Intermediates.noindex/Firebase.build/Debug-iphoneos/FirebaseAuthInternal.build/Objects-normal/arm64/e6072d4f65d7061329687fe24e3d63a7-common-args.resp -MMD -MT dependencies -MF /Users/Veer/Library/Developer/Xcode/DerivedData/HearifyV1-ftljoypfezvlxcgouzbpmsmxzads/Build/Intermediates.noindex/Firebase.build/Debug-iphoneos/FirebaseAuthInternal.build/Objects-normal/arm64/FIRMultiFactorConstants.d --serialize-diagnostics /Users/Veer/Library/Developer/Xcode/DerivedData/HearifyV1-ftljoypfezvlxcgouzbpmsmxzads/Build/Intermediates.noindex/Firebase.build/Debug-iphoneos/FirebaseAuthInternal.build/Objects-normal/arm64/FIRMultiFactorConstants.dia -c /Users/Veer/Library/Developer/Xcode/DerivedData/HearifyV1-ftljoypfezvlxcgouzbpmsmxzads/SourcePackages/checkouts/firebase-ios-sdk/FirebaseAuth/Sources/ObjC/FIRMultiFactorConstants.m -o /Users/Veer/Library/Developer/Xcode/DerivedData/HearifyV1-ftljoypfezvlxcgouzbpmsmxzads/Build/Intermediates.noindex/Firebase.build/Debug-iphoneos/FirebaseAuthInternal.build/Objects-normal/arm64/FIRMultiFactorConstants.o -index-unit-output-path /Firebase.build/Debug-iphoneos/FirebaseAuthInternal.build/Objects-normal/arm64/FIRMultiFactorConstants.o

CompileC /Users/Veer/Library/Developer/Xcode/DerivedData/HearifyV1-ftljoypfezvlxcgouzbpmsmxzads/Build/Intermediates.noindex/Firebase.build/Debug-iphoneos/FirebaseAuthInternal.build/Objects-normal/arm64/FIRAuthProvider.o /Users/Veer/Library/Developer/Xcode/DerivedData/HearifyV1-ftljoypfezvlxcgouzbpmsmxzads/SourcePackages/checkouts/firebase-ios-sdk/FirebaseAuth/Sources/ObjC/FIRAuthProvider.m normal arm64 objective-c com.apple.compilers.llvm.clang.1_0.compiler (in target 'FirebaseAuthInternal' from project 'Firebase')
    cd /Users/Veer/Library/Mobile\ Documents/com\~apple\~CloudDocs/HearifyV1/HearifyV1.xcodeproj
    
    Using response file: /Users/Veer/Library/Developer/Xcode/DerivedData/HearifyV1-ftljoypfezvlxcgouzbpmsmxzads/Build/Intermediates.noindex/Firebase.build/Debug-iphoneos/FirebaseAuthInternal.build/Objects-normal/arm64/e6072d4f65d7061329687fe24e3d63a7-common-args.resp
    
    /Applications/Xcode.app/Contents/Developer/Toolchains/XcodeDefault.xctoolchain/usr/bin/clang -x objective-c -ivfsstatcache /Users/Veer/Library/Developer/Xcode/DerivedData/SDKStatCaches.noindex/iphoneos26.2-23C53-3794476bd08197c3e2abd9bb477ef7f7.sdkstatcache -fmessage-length\=0 -fdiagnostics-show-note-include-stack -fmacro-backtrace-limit\=0 -fno-color-diagnostics -fmodules-prune-interval\=86400 -fmodules-prune-after\=345600 -fbuild-session-file\=/Users/Veer/Library/Developer/Xcode/DerivedData/ModuleCache.noindex/Session.modulevalidation -fmodules-validate-once-per-build-session -Wnon-modular-include-in-framework-module -Werror\=non-modular-include-in-framework-module -Wno-trigraphs -Wno-missing-field-initializers -Wno-missing-prototypes -Wno-return-type -Wno-implicit-atomic-properties -Wno-objc-interface-ivars -Wno-arc-repeated-use-of-weak -Wno-missing-braces -Wparentheses -Wswitch -Wno-unused-function -Wno-unused-label -Wno-unused-parameter -Wno-unused-variable -Wunused-value -Wno-empty-body -Wno-uninitialized -Wno-unknown-pragmas -w -Wno-shadow -Wno-four-char-constants -Wno-conversion -Wno-constant-conversion -Wno-int-conversion -Wno-bool-conversion -Wno-enum-conversion -Wno-float-conversion -Wno-non-literal-null-conversion -Wno-objc-literal-conversion -Wshorten-64-to-32 -Wpointer-sign -Wno-newline-eof -Wno-selector -Wno-strict-selector-match -Wno-undeclared-selector -Wno-deprecated-implementations -Wno-implicit-fallthrough -fstrict-aliasing -Wprotocol -Wdeprecated-declarations -Wno-sign-conversion -Wno-infinite-recursion -Wno-comma -Wno-block-capture-autoreleasing -Wno-strict-prototypes -Wno-semicolon-before-method-body -index-store-path /Users/Veer/Library/Developer/Xcode/DerivedData/HearifyV1-ftljoypfezvlxcgouzbpmsmxzads/Index.noindex/DataStore @/Users/Veer/Library/Developer/Xcode/DerivedData/HearifyV1-ftljoypfezvlxcgouzbpmsmxzads/Build/Intermediates.noindex/Firebase.build/Debug-iphoneos/FirebaseAuthInternal.build/Objects-normal/arm64/e6072d4f65d7061329687fe24e3d63a7-common-args.resp -MMD -MT dependencies -MF /Users/Veer/Library/Developer/Xcode/DerivedData/HearifyV1-ftljoypfezvlxcgouzbpmsmxzads/Build/Intermediates.noindex/Firebase.build/Debug-iphoneos/FirebaseAuthInternal.build/Objects-normal/arm64/FIRAuthProvider.d --serialize-diagnostics /Users/Veer/Library/Developer/Xcode/DerivedData/HearifyV1-ftljoypfezvlxcgouzbpmsmxzads/Build/Intermediates.noindex/Firebase.build/Debug-iphoneos/FirebaseAuthInternal.build/Objects-normal/arm64/FIRAuthProvider.dia -c /Users/Veer/Library/Developer/Xcode/DerivedData/HearifyV1-ftljoypfezvlxcgouzbpmsmxzads/SourcePackages/checkouts/firebase-ios-sdk/FirebaseAuth/Sources/ObjC/FIRAuthProvider.m -o /Users/Veer/Library/Developer/Xcode/DerivedData/HearifyV1-ftljoypfezvlxcgouzbpmsmxzads/Build/Intermediates.noindex/Firebase.build/Debug-iphoneos/FirebaseAuthInternal.build/Objects-normal/arm64/FIRAuthProvider.o -index-unit-output-path /Firebase.build/Debug-iphoneos/FirebaseAuthInternal.build/Objects-normal/arm64/FIRAuthProvider.o

SwiftExplicitDependencyGeneratePcm arm64 /Users/Veer/Library/Developer/Xcode/DerivedData/ModuleCache.noindex/_DarwinFoundation1-7V7KU6HSCB1I49E4RUDOY72UT.pcm

CompileC /Users/Veer/Library/Developer/Xcode/DerivedData/HearifyV1-ftljoypfezvlxcgouzbpmsmxzads/Build/Intermediates.noindex/gRPC.build/Debug-iphoneos/opensslWrapper.build/Objects-normal/arm64/resource_bundle_accessor.o /Users/Veer/Library/Developer/Xcode/DerivedData/HearifyV1-ftljoypfezvlxcgouzbpmsmxzads/Build/Intermediates.noindex/gRPC.build/Debug-iphoneos/opensslWrapper.build/DerivedSources/resource_bundle_accessor.m normal arm64 objective-c com.apple.compilers.llvm.clang.1_0.compiler (in target 'opensslWrapper' from project 'gRPC')
    cd /Users/Veer/Library/Mobile\ Documents/com\~apple\~CloudDocs/HearifyV1/HearifyV1.xcodeproj
    
    Using response file: /Users/Veer/Library/Developer/Xcode/DerivedData/HearifyV1-ftljoypfezvlxcgouzbpmsmxzads/Build/Intermediates.noindex/gRPC.build/Debug-iphoneos/opensslWrapper.build/Objects-normal/arm64/e6072d4f65d7061329687fe24e3d63a7-common-args.resp
    
    /Applications/Xcode.app/Contents/Developer/Toolchains/XcodeDefault.xctoolchain/usr/bin/clang -x objective-c -ivfsstatcache /Users/Veer/Library/Developer/Xcode/DerivedData/SDKStatCaches.noindex/iphoneos26.2-23C53-3794476bd08197c3e2abd9bb477ef7f7.sdkstatcache -fmessage-length\=0 -fdiagnostics-show-note-include-stack -fmacro-backtrace-limit\=0 -fno-color-diagnostics -fmodules-prune-interval\=86400 -fmodules-prune-after\=345600 -fbuild-session-file\=/Users/Veer/Library/Developer/Xcode/DerivedData/ModuleCache.noindex/Session.modulevalidation -fmodules-validate-once-per-build-session -Wnon-modular-include-in-framework-module -Werror\=non-modular-include-in-framework-module -Wno-trigraphs -Wno-missing-field-initializers -Wno-missing-prototypes -Wno-return-type -Wno-implicit-atomic-properties -Wno-objc-interface-ivars -Wno-arc-repeated-use-of-weak -Wno-missing-braces -Wparentheses -Wswitch -Wno-unused-function -Wno-unused-label -Wno-unused-parameter -Wno-unused-variable -Wunused-value -Wno-empty-body -Wno-uninitialized -Wno-unknown-pragmas -w -Wno-shadow -Wno-four-char-constants -Wno-conversion -Wno-constant-conversion -Wno-int-conversion -Wno-bool-conversion -Wno-enum-conversion -Wno-float-conversion -Wno-non-literal-null-conversion -Wno-objc-literal-conversion -Wshorten-64-to-32 -Wpointer-sign -Wno-newline-eof -Wno-selector -Wno-strict-selector-match -Wno-undeclared-selector -Wno-deprecated-implementations -Wno-implicit-fallthrough -fstrict-aliasing -Wprotocol -Wdeprecated-declarations -Wno-sign-conversion -Wno-infinite-recursion -Wno-comma -Wno-block-capture-autoreleasing -Wno-strict-prototypes -Wno-semicolon-before-method-body -index-store-path /Users/Veer/Library/Developer/Xcode/DerivedData/HearifyV1-ftljoypfezvlxcgouzbpmsmxzads/Index.noindex/DataStore @/Users/Veer/Library/Developer/Xcode/DerivedData/HearifyV1-ftljoypfezvlxcgouzbpmsmxzads/Build/Intermediates.noindex/gRPC.build/Debug-iphoneos/opensslWrapper.build/Objects-normal/arm64/e6072d4f65d7061329687fe24e3d63a7-common-args.resp -include /Users/Veer/Library/Developer/Xcode/DerivedData/HearifyV1-ftljoypfezvlxcgouzbpmsmxzads/Build/Intermediates.noindex/gRPC.build/Debug-iphoneos/opensslWrapper.build/DerivedSources/resource_bundle_accessor.h -MMD -MT dependencies -MF /Users/Veer/Library/Developer/Xcode/DerivedData/HearifyV1-ftljoypfezvlxcgouzbpmsmxzads/Build/Intermediates.noindex/gRPC.build/Debug-iphoneos/opensslWrapper.build/Objects-normal/arm64/resource_bundle_accessor.d --serialize-diagnostics /Users/Veer/Library/Developer/Xcode/DerivedData/HearifyV1-ftljoypfezvlxcgouzbpmsmxzads/Build/Intermediates.noindex/gRPC.build/Debug-iphoneos/opensslWrapper.build/Objects-normal/arm64/resource_bundle_accessor.dia -c /Users/Veer/Library/Developer/Xcode/DerivedData/HearifyV1-ftljoypfezvlxcgouzbpmsmxzads/Build/Intermediates.noindex/gRPC.build/Debug-iphoneos/opensslWrapper.build/DerivedSources/resource_bundle_accessor.m -o /Users/Veer/Library/Developer/Xcode/DerivedData/HearifyV1-ftljoypfezvlxcgouzbpmsmxzads/Build/Intermediates.noindex/gRPC.build/Debug-iphoneos/opensslWrapper.build/Objects-normal/arm64/resource_bundle_accessor.o -index-unit-output-path /gRPC.build/Debug-iphoneos/opensslWrapper.build/Objects-normal/arm64/resource_bundle_accessor.o

CompileC /Users/Veer/Library/Developer/Xcode/DerivedData/HearifyV1-ftljoypfezvlxcgouzbpmsmxzads/Build/Intermediates.noindex/gRPC.build/Debug-iphoneos/opensslWrapper.build/Objects-normal/arm64/empty.o /Users/Veer/Library/Developer/Xcode/DerivedData/HearifyV1-ftljoypfezvlxcgouzbpmsmxzads/SourcePackages/checkouts/grpc-binary/openssl-grpc-Wrapper/empty.m normal arm64 objective-c com.apple.compilers.llvm.clang.1_0.compiler (in target 'opensslWrapper' from project 'gRPC')
    cd /Users/Veer/Library/Mobile\ Documents/com\~apple\~CloudDocs/HearifyV1/HearifyV1.xcodeproj
    
    Using response file: /Users/Veer/Library/Developer/Xcode/DerivedData/HearifyV1-ftljoypfezvlxcgouzbpmsmxzads/Build/Intermediates.noindex/gRPC.build/Debug-iphoneos/opensslWrapper.build/Objects-normal/arm64/e6072d4f65d7061329687fe24e3d63a7-common-args.resp
    
    /Applications/Xcode.app/Contents/Developer/Toolchains/XcodeDefault.xctoolchain/usr/bin/clang -x objective-c -ivfsstatcache /Users/Veer/Library/Developer/Xcode/DerivedData/SDKStatCaches.noindex/iphoneos26.2-23C53-3794476bd08197c3e2abd9bb477ef7f7.sdkstatcache -fmessage-length\=0 -fdiagnostics-show-note-include-stack -fmacro-backtrace-limit\=0 -fno-color-diagnostics -fmodules-prune-interval\=86400 -fmodules-prune-after\=345600 -fbuild-session-file\=/Users/Veer/Library/Developer/Xcode/DerivedData/ModuleCache.noindex/Session.modulevalidation -fmodules-validate-once-per-build-session -Wnon-modular-include-in-framework-module -Werror\=non-modular-include-in-framework-module -Wno-trigraphs -Wno-missing-field-initializers -Wno-missing-prototypes -Wno-return-type -Wno-implicit-atomic-properties -Wno-objc-interface-ivars -Wno-arc-repeated-use-of-weak -Wno-missing-braces -Wparentheses -Wswitch -Wno-unused-function -Wno-unused-label -Wno-unused-parameter -Wno-unused-variable -Wunused-value -Wno-empty-body -Wno-uninitialized -Wno-unknown-pragmas -w -Wno-shadow -Wno-four-char-constants -Wno-conversion -Wno-constant-conversion -Wno-int-conversion -Wno-bool-conversion -Wno-enum-conversion -Wno-float-conversion -Wno-non-literal-null-conversion -Wno-objc-literal-conversion -Wshorten-64-to-32 -Wpointer-sign -Wno-newline-eof -Wno-selector -Wno-strict-selector-match -Wno-undeclared-selector -Wno-deprecated-implementations -Wno-implicit-fallthrough -fstrict-aliasing -Wprotocol -Wdeprecated-declarations -Wno-sign-conversion -Wno-infinite-recursion -Wno-comma -Wno-block-capture-autoreleasing -Wno-strict-prototypes -Wno-semicolon-before-method-body -index-store-path /Users/Veer/Library/Developer/Xcode/DerivedData/HearifyV1-ftljoypfezvlxcgouzbpmsmxzads/Index.noindex/DataStore @/Users/Veer/Library/Developer/Xcode/DerivedData/HearifyV1-ftljoypfezvlxcgouzbpmsmxzads/Build/Intermediates.noindex/gRPC.build/Debug-iphoneos/opensslWrapper.build/Objects-normal/arm64/e6072d4f65d7061329687fe24e3d63a7-common-args.resp -include /Users/Veer/Library/Developer/Xcode/DerivedData/HearifyV1-ftljoypfezvlxcgouzbpmsmxzads/Build/Intermediates.noindex/gRPC.build/Debug-iphoneos/opensslWrapper.build/DerivedSources/resource_bundle_accessor.h -MMD -MT dependencies -MF /Users/Veer/Library/Developer/Xcode/DerivedData/HearifyV1-ftljoypfezvlxcgouzbpmsmxzads/Build/Intermediates.noindex/gRPC.build/Debug-iphoneos/opensslWrapper.build/Objects-normal/arm64/empty.d --serialize-diagnostics /Users/Veer/Library/Developer/Xcode/DerivedData/HearifyV1-ftljoypfezvlxcgouzbpmsmxzads/Build/Intermediates.noindex/gRPC.build/Debug-iphoneos/opensslWrapper.build/Objects-normal/arm64/empty.dia -c /Users/Veer/Library/Developer/Xcode/DerivedData/HearifyV1-ftljoypfezvlxcgouzbpmsmxzads/SourcePackages/checkouts/grpc-binary/openssl-grpc-Wrapper/empty.m -o /Users/Veer/Library/Developer/Xcode/DerivedData/HearifyV1-ftljoypfezvlxcgouzbpmsmxzads/Build/Intermediates.noindex/gRPC.build/Debug-iphoneos/opensslWrapper.build/Objects-normal/arm64/empty.o -index-unit-output-path /gRPC.build/Debug-iphoneos/opensslWrapper.build/Objects-normal/arm64/empty.o

CompileC /Users/Veer/Library/Developer/Xcode/DerivedData/HearifyV1-ftljoypfezvlxcgouzbpmsmxzads/Build/Intermediates.noindex/abseil.build/Debug-iphoneos/abslWrapper.build/Objects-normal/arm64/resource_bundle_accessor.o /Users/Veer/Library/Developer/Xcode/DerivedData/HearifyV1-ftljoypfezvlxcgouzbpmsmxzads/Build/Intermediates.noindex/abseil.build/Debug-iphoneos/abslWrapper.build/DerivedSources/resource_bundle_accessor.m normal arm64 objective-c com.apple.compilers.llvm.clang.1_0.compiler (in target 'abslWrapper' from project 'abseil')
    cd /Users/Veer/Library/Mobile\ Documents/com\~apple\~CloudDocs/HearifyV1/HearifyV1.xcodeproj
    
    Using response file: /Users/Veer/Library/Developer/Xcode/DerivedData/HearifyV1-ftljoypfezvlxcgouzbpmsmxzads/Build/Intermediates.noindex/abseil.build/Debug-iphoneos/abslWrapper.build/Objects-normal/arm64/e6072d4f65d7061329687fe24e3d63a7-common-args.resp
    
    /Applications/Xcode.app/Contents/Developer/Toolchains/XcodeDefault.xctoolchain/usr/bin/clang -x objective-c -ivfsstatcache /Users/Veer/Library/Developer/Xcode/DerivedData/SDKStatCaches.noindex/iphoneos26.2-23C53-3794476bd08197c3e2abd9bb477ef7f7.sdkstatcache -fmessage-length\=0 -fdiagnostics-show-note-include-stack -fmacro-backtrace-limit\=0 -fno-color-diagnostics -fmodules-prune-interval\=86400 -fmodules-prune-after\=345600 -fbuild-session-file\=/Users/Veer/Library/Developer/Xcode/DerivedData/ModuleCache.noindex/Session.modulevalidation -fmodules-validate-once-per-build-session -Wnon-modular-include-in-framework-module -Werror\=non-modular-include-in-framework-module -Wno-trigraphs -Wno-missing-field-initializers -Wno-missing-prototypes -Wno-return-type -Wno-implicit-atomic-properties -Wno-objc-interface-ivars -Wno-arc-repeated-use-of-weak -Wno-missing-braces -Wparentheses -Wswitch -Wno-unused-function -Wno-unused-label -Wno-unused-parameter -Wno-unused-variable -Wunused-value -Wno-empty-body -Wno-uninitialized -Wno-unknown-pragmas -w -Wno-shadow -Wno-four-char-constants -Wno-conversion -Wno-constant-conversion -Wno-int-conversion -Wno-bool-conversion -Wno-enum-conversion -Wno-float-conversion -Wno-non-literal-null-conversion -Wno-objc-literal-conversion -Wshorten-64-to-32 -Wpointer-sign -Wno-newline-eof -Wno-selector -Wno-strict-selector-match -Wno-undeclared-selector -Wno-deprecated-implementations -Wno-implicit-fallthrough -fstrict-aliasing -Wprotocol -Wdeprecated-declarations -Wno-sign-conversion -Wno-infinite-recursion -Wno-comma -Wno-block-capture-autoreleasing -Wno-strict-prototypes -Wno-semicolon-before-method-body -index-store-path /Users/Veer/Library/Developer/Xcode/DerivedData/HearifyV1-ftljoypfezvlxcgouzbpmsmxzads/Index.noindex/DataStore @/Users/Veer/Library/Developer/Xcode/DerivedData/HearifyV1-ftljoypfezvlxcgouzbpmsmxzads/Build/Intermediates.noindex/abseil.build/Debug-iphoneos/abslWrapper.build/Objects-normal/arm64/e6072d4f65d7061329687fe24e3d63a7-common-args.resp -include /Users/Veer/Library/Developer/Xcode/DerivedData/HearifyV1-ftljoypfezvlxcgouzbpmsmxzads/Build/Intermediates.noindex/abseil.build/Debug-iphoneos/abslWrapper.build/DerivedSources/resource_bundle_accessor.h -MMD -MT dependencies -MF /Users/Veer/Library/Developer/Xcode/DerivedData/HearifyV1-ftljoypfezvlxcgouzbpmsmxzads/Build/Intermediates.noindex/abseil.build/Debug-iphoneos/abslWrapper.build/Objects-normal/arm64/resource_bundle_accessor.d --serialize-diagnostics /Users/Veer/Library/Developer/Xcode/DerivedData/HearifyV1-ftljoypfezvlxcgouzbpmsmxzads/Build/Intermediates.noindex/abseil.build/Debug-iphoneos/abslWrapper.build/Objects-normal/arm64/resource_bundle_accessor.dia -c /Users/Veer/Library/Developer/Xcode/DerivedData/HearifyV1-ftljoypfezvlxcgouzbpmsmxzads/Build/Intermediates.noindex/abseil.build/Debug-iphoneos/abslWrapper.build/DerivedSources/resource_bundle_accessor.m -o /Users/Veer/Library/Developer/Xcode/DerivedData/HearifyV1-ftljoypfezvlxcgouzbpmsmxzads/Build/Intermediates.noindex/abseil.build/Debug-iphoneos/abslWrapper.build/Objects-normal/arm64/resource_bundle_accessor.o -index-unit-output-path /abseil.build/Debug-iphoneos/abslWrapper.build/Objects-normal/arm64/resource_bundle_accessor.o

CompileC /Users/Veer/Library/Developer/Xcode/DerivedData/HearifyV1-ftljoypfezvlxcgouzbpmsmxzads/Build/Intermediates.noindex/abseil.build/Debug-iphoneos/abslWrapper.build/Objects-normal/arm64/empty.o /Users/Veer/Library/Developer/Xcode/DerivedData/HearifyV1-ftljoypfezvlxcgouzbpmsmxzads/SourcePackages/checkouts/abseil-cpp-binary/absl-Wrapper/empty.m normal arm64 objective-c com.apple.compilers.llvm.clang.1_0.compiler (in target 'abslWrapper' from project 'abseil')
    cd /Users/Veer/Library/Mobile\ Documents/com\~apple\~CloudDocs/HearifyV1/HearifyV1.xcodeproj
    
    Using response file: /Users/Veer/Library/Developer/Xcode/DerivedData/HearifyV1-ftljoypfezvlxcgouzbpmsmxzads/Build/Intermediates.noindex/abseil.build/Debug-iphoneos/abslWrapper.build/Objects-normal/arm64/e6072d4f65d7061329687fe24e3d63a7-common-args.resp
    
    /Applications/Xcode.app/Contents/Developer/Toolchains/XcodeDefault.xctoolchain/usr/bin/clang -x objective-c -ivfsstatcache /Users/Veer/Library/Developer/Xcode/DerivedData/SDKStatCaches.noindex/iphoneos26.2-23C53-3794476bd08197c3e2abd9bb477ef7f7.sdkstatcache -fmessage-length\=0 -fdiagnostics-show-note-include-stack -fmacro-backtrace-limit\=0 -fno-color-diagnostics -fmodules-prune-interval\=86400 -fmodules-prune-after\=345600 -fbuild-session-file\=/Users/Veer/Library/Developer/Xcode/DerivedData/ModuleCache.noindex/Session.modulevalidation -fmodules-validate-once-per-build-session -Wnon-modular-include-in-framework-module -Werror\=non-modular-include-in-framework-module -Wno-trigraphs -Wno-missing-field-initializers -Wno-missing-prototypes -Wno-return-type -Wno-implicit-atomic-properties -Wno-objc-interface-ivars -Wno-arc-repeated-use-of-weak -Wno-missing-braces -Wparentheses -Wswitch -Wno-unused-function -Wno-unused-label -Wno-unused-parameter -Wno-unused-variable -Wunused-value -Wno-empty-body -Wno-uninitialized -Wno-unknown-pragmas -w -Wno-shadow -Wno-four-char-constants -Wno-conversion -Wno-constant-conversion -Wno-int-conversion -Wno-bool-conversion -Wno-enum-conversion -Wno-float-conversion -Wno-non-literal-null-conversion -Wno-objc-literal-conversion -Wshorten-64-to-32 -Wpointer-sign -Wno-newline-eof -Wno-selector -Wno-strict-selector-match -Wno-undeclared-selector -Wno-deprecated-implementations -Wno-implicit-fallthrough -fstrict-aliasing -Wprotocol -Wdeprecated-declarations -Wno-sign-conversion -Wno-infinite-recursion -Wno-comma -Wno-block-capture-autoreleasing -Wno-strict-prototypes -Wno-semicolon-before-method-body -index-store-path /Users/Veer/Library/Developer/Xcode/DerivedData/HearifyV1-ftljoypfezvlxcgouzbpmsmxzads/Index.noindex/DataStore @/Users/Veer/Library/Developer/Xcode/DerivedData/HearifyV1-ftljoypfezvlxcgouzbpmsmxzads/Build/Intermediates.noindex/abseil.build/Debug-iphoneos/abslWrapper.build/Objects-normal/arm64/e6072d4f65d7061329687fe24e3d63a7-common-args.resp -include /Users/Veer/Library/Developer/Xcode/DerivedData/HearifyV1-ftljoypfezvlxcgouzbpmsmxzads/Build/Intermediates.noindex/abseil.build/Debug-iphoneos/abslWrapper.build/DerivedSources/resource_bundle_accessor.h -MMD -MT dependencies -MF /Users/Veer/Library/Developer/Xcode/DerivedData/HearifyV1-ftljoypfezvlxcgouzbpmsmxzads/Build/Intermediates.noindex/abseil.build/Debug-iphoneos/abslWrapper.build/Objects-normal/arm64/empty.d --serialize-diagnostics /Users/Veer/Library/Developer/Xcode/DerivedData/HearifyV1-ftljoypfezvlxcgouzbpmsmxzads/Build/Intermediates.noindex/abseil.build/Debug-iphoneos/abslWrapper.build/Objects-normal/arm64/empty.dia -c /Users/Veer/Library/Developer/Xcode/DerivedData/HearifyV1-ftljoypfezvlxcgouzbpmsmxzads/SourcePackages/checkouts/abseil-cpp-binary/absl-Wrapper/empty.m -o /Users/Veer/Library/Developer/Xcode/DerivedData/HearifyV1-ftljoypfezvlxcgouzbpmsmxzads/Build/Intermediates.noindex/abseil.build/Debug-iphoneos/abslWrapper.build/Objects-normal/arm64/empty.o -index-unit-output-path /abseil.build/Debug-iphoneos/abslWrapper.build/Objects-normal/arm64/empty.o

CompileC /Users/Veer/Library/Developer/Xcode/DerivedData/HearifyV1-ftljoypfezvlxcgouzbpmsmxzads/Build/Intermediates.noindex/Firebase.build/Debug-iphoneos/FirebaseAuthInternal.build/Objects-normal/arm64/FIRAuthErrorUtils.o /Users/Veer/Library/Developer/Xcode/DerivedData/HearifyV1-ftljoypfezvlxcgouzbpmsmxzads/SourcePackages/checkouts/firebase-ios-sdk/FirebaseAuth/Sources/ObjC/FIRAuthErrorUtils.m normal arm64 objective-c com.apple.compilers.llvm.clang.1_0.compiler (in target 'FirebaseAuthInternal' from project 'Firebase')
    cd /Users/Veer/Library/Mobile\ Documents/com\~apple\~CloudDocs/HearifyV1/HearifyV1.xcodeproj
    
    Using response file: /Users/Veer/Library/Developer/Xcode/DerivedData/HearifyV1-ftljoypfezvlxcgouzbpmsmxzads/Build/Intermediates.noindex/Firebase.build/Debug-iphoneos/FirebaseAuthInternal.build/Objects-normal/arm64/e6072d4f65d7061329687fe24e3d63a7-common-args.resp
    
    /Applications/Xcode.app/Contents/Developer/Toolchains/XcodeDefault.xctoolchain/usr/bin/clang -x objective-c -ivfsstatcache /Users/Veer/Library/Developer/Xcode/DerivedData/SDKStatCaches.noindex/iphoneos26.2-23C53-3794476bd08197c3e2abd9bb477ef7f7.sdkstatcache -fmessage-length\=0 -fdiagnostics-show-note-include-stack -fmacro-backtrace-limit\=0 -fno-color-diagnostics -fmodules-prune-interval\=86400 -fmodules-prune-after\=345600 -fbuild-session-file\=/Users/Veer/Library/Developer/Xcode/DerivedData/ModuleCache.noindex/Session.modulevalidation -fmodules-validate-once-per-build-session -Wnon-modular-include-in-framework-module -Werror\=non-modular-include-in-framework-module -Wno-trigraphs -Wno-missing-field-initializers -Wno-missing-prototypes -Wno-return-type -Wno-implicit-atomic-properties -Wno-objc-interface-ivars -Wno-arc-repeated-use-of-weak -Wno-missing-braces -Wparentheses -Wswitch -Wno-unused-function -Wno-unused-label -Wno-unused-parameter -Wno-unused-variable -Wunused-value -Wno-empty-body -Wno-uninitialized -Wno-unknown-pragmas -w -Wno-shadow -Wno-four-char-constants -Wno-conversion -Wno-constant-conversion -Wno-int-conversion -Wno-bool-conversion -Wno-enum-conversion -Wno-float-conversion -Wno-non-literal-null-conversion -Wno-objc-literal-conversion -Wshorten-64-to-32 -Wpointer-sign -Wno-newline-eof -Wno-selector -Wno-strict-selector-match -Wno-undeclared-selector -Wno-deprecated-implementations -Wno-implicit-fallthrough -fstrict-aliasing -Wprotocol -Wdeprecated-declarations -Wno-sign-conversion -Wno-infinite-recursion -Wno-comma -Wno-block-capture-autoreleasing -Wno-strict-prototypes -Wno-semicolon-before-method-body -index-store-path /Users/Veer/Library/Developer/Xcode/DerivedData/HearifyV1-ftljoypfezvlxcgouzbpmsmxzads/Index.noindex/DataStore @/Users/Veer/Library/Developer/Xcode/DerivedData/HearifyV1-ftljoypfezvlxcgouzbpmsmxzads/Build/Intermediates.noindex/Firebase.build/Debug-iphoneos/FirebaseAuthInternal.build/Objects-normal/arm64/e6072d4f65d7061329687fe24e3d63a7-common-args.resp -MMD -MT dependencies -MF /Users/Veer/Library/Developer/Xcode/DerivedData/HearifyV1-ftljoypfezvlxcgouzbpmsmxzads/Build/Intermediates.noindex/Firebase.build/Debug-iphoneos/FirebaseAuthInternal.build/Objects-normal/arm64/FIRAuthErrorUtils.d --serialize-diagnostics /Users/Veer/Library/Developer/Xcode/DerivedData/HearifyV1-ftljoypfezvlxcgouzbpmsmxzads/Build/Intermediates.noindex/Firebase.build/Debug-iphoneos/FirebaseAuthInternal.build/Objects-normal/arm64/FIRAuthErrorUtils.dia -c /Users/Veer/Library/Developer/Xcode/DerivedData/HearifyV1-ftljoypfezvlxcgouzbpmsmxzads/SourcePackages/checkouts/firebase-ios-sdk/FirebaseAuth/Sources/ObjC/FIRAuthErrorUtils.m -o /Users/Veer/Library/Developer/Xcode/DerivedData/HearifyV1-ftljoypfezvlxcgouzbpmsmxzads/Build/Intermediates.noindex/Firebase.build/Debug-iphoneos/FirebaseAuthInternal.build/Objects-normal/arm64/FIRAuthErrorUtils.o -index-unit-output-path /Firebase.build/Debug-iphoneos/FirebaseAuthInternal.build/Objects-normal/arm64/FIRAuthErrorUtils.o

Ld /Users/Veer/Library/Developer/Xcode/DerivedData/HearifyV1-ftljoypfezvlxcgouzbpmsmxzads/Build/Products/Debug-iphoneos/opensslWrapper.o normal (in target 'opensslWrapper' from project 'gRPC')
    cd /Users/Veer/Library/Developer/Xcode/DerivedData/HearifyV1-ftljoypfezvlxcgouzbpmsmxzads/SourcePackages/checkouts/grpc-binary
    /Applications/Xcode.app/Contents/Developer/Toolchains/XcodeDefault.xctoolchain/usr/bin/clang -Xlinker -reproducible -target arm64-apple-ios12.0 -r -isysroot /Applications/Xcode.app/Contents/Developer/Platforms/iPhoneOS.platform/Developer/SDKs/iPhoneOS26.2.sdk -O0 -w -L/Users/Veer/Library/Developer/Xcode/DerivedData/HearifyV1-ftljoypfezvlxcgouzbpmsmxzads/Build/Intermediates.noindex/EagerLinkingTBDs/Debug-iphoneos -L/Users/Veer/Library/Developer/Xcode/DerivedData/HearifyV1-ftljoypfezvlxcgouzbpmsmxzads/Build/Products/Debug-iphoneos -L/Applications/Xcode.app/Contents/Developer/Platforms/iPhoneOS.platform/Developer/usr/lib -F/Users/Veer/Library/Developer/Xcode/DerivedData/HearifyV1-ftljoypfezvlxcgouzbpmsmxzads/Build/Intermediates.noindex/EagerLinkingTBDs/Debug-iphoneos -F/Users/Veer/Library/Developer/Xcode/DerivedData/HearifyV1-ftljoypfezvlxcgouzbpmsmxzads/Build/Products/Debug-iphoneos -iframework /Applications/Xcode.app/Contents/Developer/Platforms/iPhoneOS.platform/Developer/Library/Frameworks -iframework /Applications/Xcode.app/Contents/Developer/Platforms/iPhoneOS.platform/Developer/SDKs/iPhoneOS26.2.sdk/Developer/Library/Frameworks -filelist /Users/Veer/Library/Developer/Xcode/DerivedData/HearifyV1-ftljoypfezvlxcgouzbpmsmxzads/Build/Intermediates.noindex/gRPC.build/Debug-iphoneos/opensslWrapper.build/Objects-normal/arm64/opensslWrapper.LinkFileList -nostdlib -Xlinker -object_path_lto -Xlinker /Users/Veer/Library/Developer/Xcode/DerivedData/HearifyV1-ftljoypfezvlxcgouzbpmsmxzads/Build/Intermediates.noindex/gRPC.build/Debug-iphoneos/opensslWrapper.build/Objects-normal/arm64/opensslWrapper_lto.o -rdynamic -Xlinker -no_deduplicate -Xlinker -debug_variant -Xlinker -dependency_info -Xlinker /Users/Veer/Library/Developer/Xcode/DerivedData/HearifyV1-ftljoypfezvlxcgouzbpmsmxzads/Build/Intermediates.noindex/gRPC.build/Debug-iphoneos/opensslWrapper.build/Objects-normal/arm64/opensslWrapper_dependency_info.dat -fobjc-arc -fobjc-link-runtime -o /Users/Veer/Library/Developer/Xcode/DerivedData/HearifyV1-ftljoypfezvlxcgouzbpmsmxzads/Build/Products/Debug-iphoneos/opensslWrapper.o

ScanDependencies /Users/Veer/Library/Developer/Xcode/DerivedData/HearifyV1-ftljoypfezvlxcgouzbpmsmxzads/Build/Intermediates.noindex/Firebase.build/Debug-iphoneos/FirebaseAuthInternal.build/Objects-normal/arm64/FIRAuth.o /Users/Veer/Library/Developer/Xcode/DerivedData/HearifyV1-ftljoypfezvlxcgouzbpmsmxzads/SourcePackages/checkouts/firebase-ios-sdk/FirebaseAuth/Sources/ObjC/FIRAuth.m normal arm64 objective-c com.apple.compilers.llvm.clang.1_0.compiler (in target 'FirebaseAuthInternal' from project 'Firebase')
    cd /Users/Veer/Library/Mobile\ Documents/com\~apple\~CloudDocs/HearifyV1/HearifyV1.xcodeproj
    
    Using response file: /Users/Veer/Library/Developer/Xcode/DerivedData/HearifyV1-ftljoypfezvlxcgouzbpmsmxzads/Build/Intermediates.noindex/Firebase.build/Debug-iphoneos/FirebaseAuthInternal.build/Objects-normal/arm64/e6072d4f65d7061329687fe24e3d63a7-common-args.resp
    
    builtin-ScanDependencies -o /Users/Veer/Library/Developer/Xcode/DerivedData/HearifyV1-ftljoypfezvlxcgouzbpmsmxzads/Build/Intermediates.noindex/Firebase.build/Debug-iphoneos/FirebaseAuthInternal.build/Objects-normal/arm64/FIRAuth.o.scan -- /Applications/Xcode.app/Contents/Developer/Toolchains/XcodeDefault.xctoolchain/usr/bin/clang -x objective-c -ivfsstatcache /Users/Veer/Library/Developer/Xcode/DerivedData/SDKStatCaches.noindex/iphoneos26.2-23C53-3794476bd08197c3e2abd9bb477ef7f7.sdkstatcache -fmessage-length\=0 -fdiagnostics-show-note-include-stack -fmacro-backtrace-limit\=0 -fno-color-diagnostics -fmodules-prune-interval\=86400 -fmodules-prune-after\=345600 -fbuild-session-file\=/Users/Veer/Library/Developer/Xcode/DerivedData/ModuleCache.noindex/Session.modulevalidation -fmodules-validate-once-per-build-session -Wnon-modular-include-in-framework-module -Werror\=non-modular-include-in-framework-module -Wno-trigraphs -Wno-missing-field-initializers -Wno-missing-prototypes -Wno-return-type -Wno-implicit-atomic-properties -Wno-objc-interface-ivars -Wno-arc-repeated-use-of-weak -Wno-missing-braces -Wparentheses -Wswitch -Wno-unused-function -Wno-unused-label -Wno-unused-parameter -Wno-unused-variable -Wunused-value -Wno-empty-body -Wno-uninitialized -Wno-unknown-pragmas -w -Wno-shadow -Wno-four-char-constants -Wno-conversion -Wno-constant-conversion -Wno-int-conversion -Wno-bool-conversion -Wno-enum-conversion -Wno-float-conversion -Wno-non-literal-null-conversion -Wno-objc-literal-conversion -Wshorten-64-to-32 -Wpointer-sign -Wno-newline-eof -Wno-selector -Wno-strict-selector-match -Wno-undeclared-selector -Wno-deprecated-implementations -Wno-implicit-fallthrough -fstrict-aliasing -Wprotocol -Wdeprecated-declarations -Wno-sign-conversion -Wno-infinite-recursion -Wno-comma -Wno-block-capture-autoreleasing -Wno-strict-prototypes -Wno-semicolon-before-method-body -index-store-path /Users/Veer/Library/Developer/Xcode/DerivedData/HearifyV1-ftljoypfezvlxcgouzbpmsmxzads/Index.noindex/DataStore @/Users/Veer/Library/Developer/Xcode/DerivedData/HearifyV1-ftljoypfezvlxcgouzbpmsmxzads/Build/Intermediates.noindex/Firebase.build/Debug-iphoneos/FirebaseAuthInternal.build/Objects-normal/arm64/e6072d4f65d7061329687fe24e3d63a7-common-args.resp -MMD -MT dependencies -MF /Users/Veer/Library/Developer/Xcode/DerivedData/HearifyV1-ftljoypfezvlxcgouzbpmsmxzads/Build/Intermediates.noindex/Firebase.build/Debug-iphoneos/FirebaseAuthInternal.build/Objects-normal/arm64/FIRAuth.d --serialize-diagnostics /Users/Veer/Library/Developer/Xcode/DerivedData/HearifyV1-ftljoypfezvlxcgouzbpmsmxzads/Build/Intermediates.noindex/Firebase.build/Debug-iphoneos/FirebaseAuthInternal.build/Objects-normal/arm64/FIRAuth.dia -c /Users/Veer/Library/Developer/Xcode/DerivedData/HearifyV1-ftljoypfezvlxcgouzbpmsmxzads/SourcePackages/checkouts/firebase-ios-sdk/FirebaseAuth/Sources/ObjC/FIRAuth.m -o /Users/Veer/Library/Developer/Xcode/DerivedData/HearifyV1-ftljoypfezvlxcgouzbpmsmxzads/Build/Intermediates.noindex/Firebase.build/Debug-iphoneos/FirebaseAuthInternal.build/Objects-normal/arm64/FIRAuth.o -index-unit-output-path /Firebase.build/Debug-iphoneos/FirebaseAuthInternal.build/Objects-normal/arm64/FIRAuth.o

Touch /Users/Veer/Library/Developer/Xcode/DerivedData/HearifyV1-ftljoypfezvlxcgouzbpmsmxzads/Build/Products/Debug-iphoneos/Firebase_FirebaseCore.bundle (in target 'Firebase_FirebaseCore' from project 'Firebase')
    cd /Users/Veer/Library/Developer/Xcode/DerivedData/HearifyV1-ftljoypfezvlxcgouzbpmsmxzads/SourcePackages/checkouts/firebase-ios-sdk
    /usr/bin/touch -c /Users/Veer/Library/Developer/Xcode/DerivedData/HearifyV1-ftljoypfezvlxcgouzbpmsmxzads/Build/Products/Debug-iphoneos/Firebase_FirebaseCore.bundle

Ld /Users/Veer/Library/Developer/Xcode/DerivedData/HearifyV1-ftljoypfezvlxcgouzbpmsmxzads/Build/Products/Debug-iphoneos/abslWrapper.o normal (in target 'abslWrapper' from project 'abseil')
    cd /Users/Veer/Library/Developer/Xcode/DerivedData/HearifyV1-ftljoypfezvlxcgouzbpmsmxzads/SourcePackages/checkouts/abseil-cpp-binary
    /Applications/Xcode.app/Contents/Developer/Toolchains/XcodeDefault.xctoolchain/usr/bin/clang -Xlinker -reproducible -target arm64-apple-ios12.0 -r -isysroot /Applications/Xcode.app/Contents/Developer/Platforms/iPhoneOS.platform/Developer/SDKs/iPhoneOS26.2.sdk -O0 -w -L/Users/Veer/Library/Developer/Xcode/DerivedData/HearifyV1-ftljoypfezvlxcgouzbpmsmxzads/Build/Intermediates.noindex/EagerLinkingTBDs/Debug-iphoneos -L/Users/Veer/Library/Developer/Xcode/DerivedData/HearifyV1-ftljoypfezvlxcgouzbpmsmxzads/Build/Products/Debug-iphoneos -L/Applications/Xcode.app/Contents/Developer/Platforms/iPhoneOS.platform/Developer/usr/lib -F/Users/Veer/Library/Developer/Xcode/DerivedData/HearifyV1-ftljoypfezvlxcgouzbpmsmxzads/Build/Intermediates.noindex/EagerLinkingTBDs/Debug-iphoneos -F/Users/Veer/Library/Developer/Xcode/DerivedData/HearifyV1-ftljoypfezvlxcgouzbpmsmxzads/Build/Products/Debug-iphoneos -iframework /Applications/Xcode.app/Contents/Developer/Platforms/iPhoneOS.platform/Developer/Library/Frameworks -iframework /Applications/Xcode.app/Contents/Developer/Platforms/iPhoneOS.platform/Developer/SDKs/iPhoneOS26.2.sdk/Developer/Library/Frameworks -filelist /Users/Veer/Library/Developer/Xcode/DerivedData/HearifyV1-ftljoypfezvlxcgouzbpmsmxzads/Build/Intermediates.noindex/abseil.build/Debug-iphoneos/abslWrapper.build/Objects-normal/arm64/abslWrapper.LinkFileList -nostdlib -Xlinker -object_path_lto -Xlinker /Users/Veer/Library/Developer/Xcode/DerivedData/HearifyV1-ftljoypfezvlxcgouzbpmsmxzads/Build/Intermediates.noindex/abseil.build/Debug-iphoneos/abslWrapper.build/Objects-normal/arm64/abslWrapper_lto.o -rdynamic -Xlinker -no_deduplicate -Xlinker -debug_variant -Xlinker -dependency_info -Xlinker /Users/Veer/Library/Developer/Xcode/DerivedData/HearifyV1-ftljoypfezvlxcgouzbpmsmxzads/Build/Intermediates.noindex/abseil.build/Debug-iphoneos/abslWrapper.build/Objects-normal/arm64/abslWrapper_dependency_info.dat -fobjc-arc -fobjc-link-runtime -o /Users/Veer/Library/Developer/Xcode/DerivedData/HearifyV1-ftljoypfezvlxcgouzbpmsmxzads/Build/Products/Debug-iphoneos/abslWrapper.o

Touch /Users/Veer/Library/Developer/Xcode/DerivedData/HearifyV1-ftljoypfezvlxcgouzbpmsmxzads/Build/Products/Debug-iphoneos/Firebase_FirebaseAuth.bundle (in target 'Firebase_FirebaseAuth' from project 'Firebase')
    cd /Users/Veer/Library/Developer/Xcode/DerivedData/HearifyV1-ftljoypfezvlxcgouzbpmsmxzads/SourcePackages/checkouts/firebase-ios-sdk
    /usr/bin/touch -c /Users/Veer/Library/Developer/Xcode/DerivedData/HearifyV1-ftljoypfezvlxcgouzbpmsmxzads/Build/Products/Debug-iphoneos/Firebase_FirebaseAuth.bundle

ScanDependencies /Users/Veer/Library/Developer/Xcode/DerivedData/HearifyV1-ftljoypfezvlxcgouzbpmsmxzads/Build/Intermediates.noindex/Firebase.build/Debug-iphoneos/FirebaseFirestoreInternalWrapper.build/Objects-normal/arm64/dummy.o /Users/Veer/Library/Developer/Xcode/DerivedData/HearifyV1-ftljoypfezvlxcgouzbpmsmxzads/SourcePackages/checkouts/firebase-ios-sdk/FirebaseFirestoreInternal/dummy.m normal arm64 objective-c com.apple.compilers.llvm.clang.1_0.compiler (in target 'FirebaseFirestoreInternalWrapper' from project 'Firebase')
    cd /Users/Veer/Library/Mobile\ Documents/com\~apple\~CloudDocs/HearifyV1/HearifyV1.xcodeproj
    
    Using response file: /Users/Veer/Library/Developer/Xcode/DerivedData/HearifyV1-ftljoypfezvlxcgouzbpmsmxzads/Build/Intermediates.noindex/Firebase.build/Debug-iphoneos/FirebaseFirestoreInternalWrapper.build/Objects-normal/arm64/e6072d4f65d7061329687fe24e3d63a7-common-args.resp
    
    builtin-ScanDependencies -o /Users/Veer/Library/Developer/Xcode/DerivedData/HearifyV1-ftljoypfezvlxcgouzbpmsmxzads/Build/Intermediates.noindex/Firebase.build/Debug-iphoneos/FirebaseFirestoreInternalWrapper.build/Objects-normal/arm64/dummy.o.scan -- /Applications/Xcode.app/Contents/Developer/Toolchains/XcodeDefault.xctoolchain/usr/bin/clang -x objective-c -ivfsstatcache /Users/Veer/Library/Developer/Xcode/DerivedData/SDKStatCaches.noindex/iphoneos26.2-23C53-3794476bd08197c3e2abd9bb477ef7f7.sdkstatcache -fmessage-length\=0 -fdiagnostics-show-note-include-stack -fmacro-backtrace-limit\=0 -fno-color-diagnostics -fmodules-prune-interval\=86400 -fmodules-prune-after\=345600 -fbuild-session-file\=/Users/Veer/Library/Developer/Xcode/DerivedData/ModuleCache.noindex/Session.modulevalidation -fmodules-validate-once-per-build-session -Wnon-modular-include-in-framework-module -Werror\=non-modular-include-in-framework-module -Wno-trigraphs -Wno-missing-field-initializers -Wno-missing-prototypes -Wno-return-type -Wno-implicit-atomic-properties -Wno-objc-interface-ivars -Wno-arc-repeated-use-of-weak -Wno-missing-braces -Wparentheses -Wswitch -Wno-unused-function -Wno-unused-label -Wno-unused-parameter -Wno-unused-variable -Wunused-value -Wno-empty-body -Wno-uninitialized -Wno-unknown-pragmas -w -Wno-shadow -Wno-four-char-constants -Wno-conversion -Wno-constant-conversion -Wno-int-conversion -Wno-bool-conversion -Wno-enum-conversion -Wno-float-conversion -Wno-non-literal-null-conversion -Wno-objc-literal-conversion -Wshorten-64-to-32 -Wpointer-sign -Wno-newline-eof -Wno-selector -Wno-strict-selector-match -Wno-undeclared-selector -Wno-deprecated-implementations -Wno-implicit-fallthrough -fstrict-aliasing -Wprotocol -Wdeprecated-declarations -Wno-sign-conversion -Wno-infinite-recursion -Wno-comma -Wno-block-capture-autoreleasing -Wno-strict-prototypes -Wno-semicolon-before-method-body -index-store-path /Users/Veer/Library/Developer/Xcode/DerivedData/HearifyV1-ftljoypfezvlxcgouzbpmsmxzads/Index.noindex/DataStore @/Users/Veer/Library/Developer/Xcode/DerivedData/HearifyV1-ftljoypfezvlxcgouzbpmsmxzads/Build/Intermediates.noindex/Firebase.build/Debug-iphoneos/FirebaseFirestoreInternalWrapper.build/Objects-normal/arm64/e6072d4f65d7061329687fe24e3d63a7-common-args.resp -MMD -MT dependencies -MF /Users/Veer/Library/Developer/Xcode/DerivedData/HearifyV1-ftljoypfezvlxcgouzbpmsmxzads/Build/Intermediates.noindex/Firebase.build/Debug-iphoneos/FirebaseFirestoreInternalWrapper.build/Objects-normal/arm64/dummy.d --serialize-diagnostics /Users/Veer/Library/Developer/Xcode/DerivedData/HearifyV1-ftljoypfezvlxcgouzbpmsmxzads/Build/Intermediates.noindex/Firebase.build/Debug-iphoneos/FirebaseFirestoreInternalWrapper.build/Objects-normal/arm64/dummy.dia -c /Users/Veer/Library/Developer/Xcode/DerivedData/HearifyV1-ftljoypfezvlxcgouzbpmsmxzads/SourcePackages/checkouts/firebase-ios-sdk/FirebaseFirestoreInternal/dummy.m -o /Users/Veer/Library/Developer/Xcode/DerivedData/HearifyV1-ftljoypfezvlxcgouzbpmsmxzads/Build/Intermediates.noindex/Firebase.build/Debug-iphoneos/FirebaseFirestoreInternalWrapper.build/Objects-normal/arm64/dummy.o -index-unit-output-path /Firebase.build/Debug-iphoneos/FirebaseFirestoreInternalWrapper.build/Objects-normal/arm64/dummy.o

RegisterExecutionPolicyException /Users/Veer/Library/Developer/Xcode/DerivedData/HearifyV1-ftljoypfezvlxcgouzbpmsmxzads/Build/Products/Debug-iphoneos/GoogleUtilities-Logger.o (in target 'GoogleUtilities-Logger' from project 'GoogleUtilities')
    cd /Users/Veer/Library/Developer/Xcode/DerivedData/HearifyV1-ftljoypfezvlxcgouzbpmsmxzads/SourcePackages/checkouts/GoogleUtilities
    builtin-RegisterExecutionPolicyException /Users/Veer/Library/Developer/Xcode/DerivedData/HearifyV1-ftljoypfezvlxcgouzbpmsmxzads/Build/Products/Debug-iphoneos/GoogleUtilities-Logger.o

CompileC /Users/Veer/Library/Developer/Xcode/DerivedData/HearifyV1-ftljoypfezvlxcgouzbpmsmxzads/Build/Intermediates.noindex/Firebase.build/Debug-iphoneos/FirebaseFirestoreInternalWrapper.build/Objects-normal/arm64/dummy.o /Users/Veer/Library/Developer/Xcode/DerivedData/HearifyV1-ftljoypfezvlxcgouzbpmsmxzads/SourcePackages/checkouts/firebase-ios-sdk/FirebaseFirestoreInternal/dummy.m normal arm64 objective-c com.apple.compilers.llvm.clang.1_0.compiler (in target 'FirebaseFirestoreInternalWrapper' from project 'Firebase')
    cd /Users/Veer/Library/Mobile\ Documents/com\~apple\~CloudDocs/HearifyV1/HearifyV1.xcodeproj
    
    Using response file: /Users/Veer/Library/Developer/Xcode/DerivedData/HearifyV1-ftljoypfezvlxcgouzbpmsmxzads/Build/Intermediates.noindex/Firebase.build/Debug-iphoneos/FirebaseFirestoreInternalWrapper.build/Objects-normal/arm64/e6072d4f65d7061329687fe24e3d63a7-common-args.resp
    
    /Applications/Xcode.app/Contents/Developer/Toolchains/XcodeDefault.xctoolchain/usr/bin/clang -x objective-c -ivfsstatcache /Users/Veer/Library/Developer/Xcode/DerivedData/SDKStatCaches.noindex/iphoneos26.2-23C53-3794476bd08197c3e2abd9bb477ef7f7.sdkstatcache -fmessage-length\=0 -fdiagnostics-show-note-include-stack -fmacro-backtrace-limit\=0 -fno-color-diagnostics -fmodules-prune-interval\=86400 -fmodules-prune-after\=345600 -fbuild-session-file\=/Users/Veer/Library/Developer/Xcode/DerivedData/ModuleCache.noindex/Session.modulevalidation -fmodules-validate-once-per-build-session -Wnon-modular-include-in-framework-module -Werror\=non-modular-include-in-framework-module -Wno-trigraphs -Wno-missing-field-initializers -Wno-missing-prototypes -Wno-return-type -Wno-implicit-atomic-properties -Wno-objc-interface-ivars -Wno-arc-repeated-use-of-weak -Wno-missing-braces -Wparentheses -Wswitch -Wno-unused-function -Wno-unused-label -Wno-unused-parameter -Wno-unused-variable -Wunused-value -Wno-empty-body -Wno-uninitialized -Wno-unknown-pragmas -w -Wno-shadow -Wno-four-char-constants -Wno-conversion -Wno-constant-conversion -Wno-int-conversion -Wno-bool-conversion -Wno-enum-conversion -Wno-float-conversion -Wno-non-literal-null-conversion -Wno-objc-literal-conversion -Wshorten-64-to-32 -Wpointer-sign -Wno-newline-eof -Wno-selector -Wno-strict-selector-match -Wno-undeclared-selector -Wno-deprecated-implementations -Wno-implicit-fallthrough -fstrict-aliasing -Wprotocol -Wdeprecated-declarations -Wno-sign-conversion -Wno-infinite-recursion -Wno-comma -Wno-block-capture-autoreleasing -Wno-strict-prototypes -Wno-semicolon-before-method-body -index-store-path /Users/Veer/Library/Developer/Xcode/DerivedData/HearifyV1-ftljoypfezvlxcgouzbpmsmxzads/Index.noindex/DataStore @/Users/Veer/Library/Developer/Xcode/DerivedData/HearifyV1-ftljoypfezvlxcgouzbpmsmxzads/Build/Intermediates.noindex/Firebase.build/Debug-iphoneos/FirebaseFirestoreInternalWrapper.build/Objects-normal/arm64/e6072d4f65d7061329687fe24e3d63a7-common-args.resp -MMD -MT dependencies -MF /Users/Veer/Library/Developer/Xcode/DerivedData/HearifyV1-ftljoypfezvlxcgouzbpmsmxzads/Build/Intermediates.noindex/Firebase.build/Debug-iphoneos/FirebaseFirestoreInternalWrapper.build/Objects-normal/arm64/dummy.d --serialize-diagnostics /Users/Veer/Library/Developer/Xcode/DerivedData/HearifyV1-ftljoypfezvlxcgouzbpmsmxzads/Build/Intermediates.noindex/Firebase.build/Debug-iphoneos/FirebaseFirestoreInternalWrapper.build/Objects-normal/arm64/dummy.dia -c /Users/Veer/Library/Developer/Xcode/DerivedData/HearifyV1-ftljoypfezvlxcgouzbpmsmxzads/SourcePackages/checkouts/firebase-ios-sdk/FirebaseFirestoreInternal/dummy.m -o /Users/Veer/Library/Developer/Xcode/DerivedData/HearifyV1-ftljoypfezvlxcgouzbpmsmxzads/Build/Intermediates.noindex/Firebase.build/Debug-iphoneos/FirebaseFirestoreInternalWrapper.build/Objects-normal/arm64/dummy.o -index-unit-output-path /Firebase.build/Debug-iphoneos/FirebaseFirestoreInternalWrapper.build/Objects-normal/arm64/dummy.o

CompileC /Users/Veer/Library/Developer/Xcode/DerivedData/HearifyV1-ftljoypfezvlxcgouzbpmsmxzads/Build/Intermediates.noindex/Firebase.build/Debug-iphoneos/FirebaseAuthInternal.build/Objects-normal/arm64/FIRAuth.o /Users/Veer/Library/Developer/Xcode/DerivedData/HearifyV1-ftljoypfezvlxcgouzbpmsmxzads/SourcePackages/checkouts/firebase-ios-sdk/FirebaseAuth/Sources/ObjC/FIRAuth.m normal arm64 objective-c com.apple.compilers.llvm.clang.1_0.compiler (in target 'FirebaseAuthInternal' from project 'Firebase')
    cd /Users/Veer/Library/Mobile\ Documents/com\~apple\~CloudDocs/HearifyV1/HearifyV1.xcodeproj
    
    Using response file: /Users/Veer/Library/Developer/Xcode/DerivedData/HearifyV1-ftljoypfezvlxcgouzbpmsmxzads/Build/Intermediates.noindex/Firebase.build/Debug-iphoneos/FirebaseAuthInternal.build/Objects-normal/arm64/e6072d4f65d7061329687fe24e3d63a7-common-args.resp
    
    /Applications/Xcode.app/Contents/Developer/Toolchains/XcodeDefault.xctoolchain/usr/bin/clang -x objective-c -ivfsstatcache /Users/Veer/Library/Developer/Xcode/DerivedData/SDKStatCaches.noindex/iphoneos26.2-23C53-3794476bd08197c3e2abd9bb477ef7f7.sdkstatcache -fmessage-length\=0 -fdiagnostics-show-note-include-stack -fmacro-backtrace-limit\=0 -fno-color-diagnostics -fmodules-prune-interval\=86400 -fmodules-prune-after\=345600 -fbuild-session-file\=/Users/Veer/Library/Developer/Xcode/DerivedData/ModuleCache.noindex/Session.modulevalidation -fmodules-validate-once-per-build-session -Wnon-modular-include-in-framework-module -Werror\=non-modular-include-in-framework-module -Wno-trigraphs -Wno-missing-field-initializers -Wno-missing-prototypes -Wno-return-type -Wno-implicit-atomic-properties -Wno-objc-interface-ivars -Wno-arc-repeated-use-of-weak -Wno-missing-braces -Wparentheses -Wswitch -Wno-unused-function -Wno-unused-label -Wno-unused-parameter -Wno-unused-variable -Wunused-value -Wno-empty-body -Wno-uninitialized -Wno-unknown-pragmas -w -Wno-shadow -Wno-four-char-constants -Wno-conversion -Wno-constant-conversion -Wno-int-conversion -Wno-bool-conversion -Wno-enum-conversion -Wno-float-conversion -Wno-non-literal-null-conversion -Wno-objc-literal-conversion -Wshorten-64-to-32 -Wpointer-sign -Wno-newline-eof -Wno-selector -Wno-strict-selector-match -Wno-undeclared-selector -Wno-deprecated-implementations -Wno-implicit-fallthrough -fstrict-aliasing -Wprotocol -Wdeprecated-declarations -Wno-sign-conversion -Wno-infinite-recursion -Wno-comma -Wno-block-capture-autoreleasing -Wno-strict-prototypes -Wno-semicolon-before-method-body -index-store-path /Users/Veer/Library/Developer/Xcode/DerivedData/HearifyV1-ftljoypfezvlxcgouzbpmsmxzads/Index.noindex/DataStore @/Users/Veer/Library/Developer/Xcode/DerivedData/HearifyV1-ftljoypfezvlxcgouzbpmsmxzads/Build/Intermediates.noindex/Firebase.build/Debug-iphoneos/FirebaseAuthInternal.build/Objects-normal/arm64/e6072d4f65d7061329687fe24e3d63a7-common-args.resp -MMD -MT dependencies -MF /Users/Veer/Library/Developer/Xcode/DerivedData/HearifyV1-ftljoypfezvlxcgouzbpmsmxzads/Build/Intermediates.noindex/Firebase.build/Debug-iphoneos/FirebaseAuthInternal.build/Objects-normal/arm64/FIRAuth.d --serialize-diagnostics /Users/Veer/Library/Developer/Xcode/DerivedData/HearifyV1-ftljoypfezvlxcgouzbpmsmxzads/Build/Intermediates.noindex/Firebase.build/Debug-iphoneos/FirebaseAuthInternal.build/Objects-normal/arm64/FIRAuth.dia -c /Users/Veer/Library/Developer/Xcode/DerivedData/HearifyV1-ftljoypfezvlxcgouzbpmsmxzads/SourcePackages/checkouts/firebase-ios-sdk/FirebaseAuth/Sources/ObjC/FIRAuth.m -o /Users/Veer/Library/Developer/Xcode/DerivedData/HearifyV1-ftljoypfezvlxcgouzbpmsmxzads/Build/Intermediates.noindex/Firebase.build/Debug-iphoneos/FirebaseAuthInternal.build/Objects-normal/arm64/FIRAuth.o -index-unit-output-path /Firebase.build/Debug-iphoneos/FirebaseAuthInternal.build/Objects-normal/arm64/FIRAuth.o

Ld /Users/Veer/Library/Developer/Xcode/DerivedData/HearifyV1-ftljoypfezvlxcgouzbpmsmxzads/Build/Products/Debug-iphoneos/GoogleUtilities-Reachability.o normal (in target 'GoogleUtilities-Reachability' from project 'GoogleUtilities')
    cd /Users/Veer/Library/Developer/Xcode/DerivedData/HearifyV1-ftljoypfezvlxcgouzbpmsmxzads/SourcePackages/checkouts/GoogleUtilities
    /Applications/Xcode.app/Contents/Developer/Toolchains/XcodeDefault.xctoolchain/usr/bin/clang -Xlinker -reproducible -target arm64-apple-ios12.0 -r -isysroot /Applications/Xcode.app/Contents/Developer/Platforms/iPhoneOS.platform/Developer/SDKs/iPhoneOS26.2.sdk -O0 -w -L/Users/Veer/Library/Developer/Xcode/DerivedData/HearifyV1-ftljoypfezvlxcgouzbpmsmxzads/Build/Intermediates.noindex/EagerLinkingTBDs/Debug-iphoneos -L/Users/Veer/Library/Developer/Xcode/DerivedData/HearifyV1-ftljoypfezvlxcgouzbpmsmxzads/Build/Products/Debug-iphoneos -L/Applications/Xcode.app/Contents/Developer/Platforms/iPhoneOS.platform/Developer/usr/lib -F/Users/Veer/Library/Developer/Xcode/DerivedData/HearifyV1-ftljoypfezvlxcgouzbpmsmxzads/Build/Intermediates.noindex/EagerLinkingTBDs/Debug-iphoneos -F/Users/Veer/Library/Developer/Xcode/DerivedData/HearifyV1-ftljoypfezvlxcgouzbpmsmxzads/Build/Products/Debug-iphoneos/PackageFrameworks -F/Users/Veer/Library/Developer/Xcode/DerivedData/HearifyV1-ftljoypfezvlxcgouzbpmsmxzads/Build/Products/Debug-iphoneos/PackageFrameworks -F/Users/Veer/Library/Developer/Xcode/DerivedData/HearifyV1-ftljoypfezvlxcgouzbpmsmxzads/Build/Products/Debug-iphoneos/PackageFrameworks -F/Users/Veer/Library/Developer/Xcode/DerivedData/HearifyV1-ftljoypfezvlxcgouzbpmsmxzads/Build/Products/Debug-iphoneos -iframework /Applications/Xcode.app/Contents/Developer/Platforms/iPhoneOS.platform/Developer/Library/Frameworks -iframework /Applications/Xcode.app/Contents/Developer/Platforms/iPhoneOS.platform/Developer/SDKs/iPhoneOS26.2.sdk/Developer/Library/Frameworks -filelist /Users/Veer/Library/Developer/Xcode/DerivedData/HearifyV1-ftljoypfezvlxcgouzbpmsmxzads/Build/Intermediates.noindex/GoogleUtilities.build/Debug-iphoneos/GoogleUtilities-Reachability.build/Objects-normal/arm64/GoogleUtilities-Reachability.LinkFileList -nostdlib -Xlinker -object_path_lto -Xlinker /Users/Veer/Library/Developer/Xcode/DerivedData/HearifyV1-ftljoypfezvlxcgouzbpmsmxzads/Build/Intermediates.noindex/GoogleUtilities.build/Debug-iphoneos/GoogleUtilities-Reachability.build/Objects-normal/arm64/GoogleUtilities-Reachability_lto.o -rdynamic -Xlinker -no_deduplicate -Xlinker -debug_variant -Xlinker -dependency_info -Xlinker /Users/Veer/Library/Developer/Xcode/DerivedData/HearifyV1-ftljoypfezvlxcgouzbpmsmxzads/Build/Intermediates.noindex/GoogleUtilities.build/Debug-iphoneos/GoogleUtilities-Reachability.build/Objects-normal/arm64/GoogleUtilities-Reachability_dependency_info.dat -fobjc-arc -fobjc-link-runtime -o /Users/Veer/Library/Developer/Xcode/DerivedData/HearifyV1-ftljoypfezvlxcgouzbpmsmxzads/Build/Products/Debug-iphoneos/GoogleUtilities-Reachability.o

SwiftExplicitDependencyGeneratePcm arm64 /Users/Veer/Library/Developer/Xcode/DerivedData/ModuleCache.noindex/_DarwinFoundation2-77RKFU205T8T4NSUZ96IE3D6E.pcm

SwiftExplicitDependencyGeneratePcm arm64 /Users/Veer/Library/Developer/Xcode/DerivedData/ModuleCache.noindex/_Builtin_limits-5O6LIWFNKHSV7FB5J0N8GV8JZ.pcm

Ld /Users/Veer/Library/Developer/Xcode/DerivedData/HearifyV1-ftljoypfezvlxcgouzbpmsmxzads/Build/Products/Debug-iphoneos/FirebaseFirestoreInternalWrapper.o normal (in target 'FirebaseFirestoreInternalWrapper' from project 'Firebase')
    cd /Users/Veer/Library/Developer/Xcode/DerivedData/HearifyV1-ftljoypfezvlxcgouzbpmsmxzads/SourcePackages/checkouts/firebase-ios-sdk
    /Applications/Xcode.app/Contents/Developer/Toolchains/XcodeDefault.xctoolchain/usr/bin/clang -Xlinker -reproducible -target arm64-apple-ios15.0 -r -isysroot /Applications/Xcode.app/Contents/Developer/Platforms/iPhoneOS.platform/Developer/SDKs/iPhoneOS26.2.sdk -O0 -w -L/Users/Veer/Library/Developer/Xcode/DerivedData/HearifyV1-ftljoypfezvlxcgouzbpmsmxzads/Build/Intermediates.noindex/EagerLinkingTBDs/Debug-iphoneos -L/Users/Veer/Library/Developer/Xcode/DerivedData/HearifyV1-ftljoypfezvlxcgouzbpmsmxzads/Build/Products/Debug-iphoneos -L/Applications/Xcode.app/Contents/Developer/Platforms/iPhoneOS.platform/Developer/usr/lib -F/Users/Veer/Library/Developer/Xcode/DerivedData/HearifyV1-ftljoypfezvlxcgouzbpmsmxzads/Build/Intermediates.noindex/EagerLinkingTBDs/Debug-iphoneos -F/Users/Veer/Library/Developer/Xcode/DerivedData/HearifyV1-ftljoypfezvlxcgouzbpmsmxzads/Build/Products/Debug-iphoneos -iframework /Applications/Xcode.app/Contents/Developer/Platforms/iPhoneOS.platform/Developer/Library/Frameworks -iframework /Applications/Xcode.app/Contents/Developer/Platforms/iPhoneOS.platform/Developer/SDKs/iPhoneOS26.2.sdk/Developer/Library/Frameworks -filelist /Users/Veer/Library/Developer/Xcode/DerivedData/HearifyV1-ftljoypfezvlxcgouzbpmsmxzads/Build/Intermediates.noindex/Firebase.build/Debug-iphoneos/FirebaseFirestoreInternalWrapper.build/Objects-normal/arm64/FirebaseFirestoreInternalWrapper.LinkFileList -nostdlib -Xlinker -object_path_lto -Xlinker /Users/Veer/Library/Developer/Xcode/DerivedData/HearifyV1-ftljoypfezvlxcgouzbpmsmxzads/Build/Intermediates.noindex/Firebase.build/Debug-iphoneos/FirebaseFirestoreInternalWrapper.build/Objects-normal/arm64/FirebaseFirestoreInternalWrapper_lto.o -rdynamic -Xlinker -no_deduplicate -Xlinker -debug_variant -Xlinker -dependency_info -Xlinker /Users/Veer/Library/Developer/Xcode/DerivedData/HearifyV1-ftljoypfezvlxcgouzbpmsmxzads/Build/Intermediates.noindex/Firebase.build/Debug-iphoneos/FirebaseFirestoreInternalWrapper.build/Objects-normal/arm64/FirebaseFirestoreInternalWrapper_dependency_info.dat -fobjc-arc -fobjc-link-runtime -o /Users/Veer/Library/Developer/Xcode/DerivedData/HearifyV1-ftljoypfezvlxcgouzbpmsmxzads/Build/Products/Debug-iphoneos/FirebaseFirestoreInternalWrapper.o

SwiftDriverJobDiscovery normal arm64 Compiling FirebaseRemoteConfigValueDecoding.swift (in target 'FirebaseSharedSwift' from project 'Firebase')

RegisterExecutionPolicyException /Users/Veer/Library/Developer/Xcode/DerivedData/HearifyV1-ftljoypfezvlxcgouzbpmsmxzads/Build/Products/Debug-iphoneos/opensslWrapper.o (in target 'opensslWrapper' from project 'gRPC')
    cd /Users/Veer/Library/Developer/Xcode/DerivedData/HearifyV1-ftljoypfezvlxcgouzbpmsmxzads/SourcePackages/checkouts/grpc-binary
    builtin-RegisterExecutionPolicyException /Users/Veer/Library/Developer/Xcode/DerivedData/HearifyV1-ftljoypfezvlxcgouzbpmsmxzads/Build/Products/Debug-iphoneos/opensslWrapper.o

Ld /Users/Veer/Library/Developer/Xcode/DerivedData/HearifyV1-ftljoypfezvlxcgouzbpmsmxzads/Build/Products/Debug-iphoneos/FirebaseAuthInternal.o normal (in target 'FirebaseAuthInternal' from project 'Firebase')
    cd /Users/Veer/Library/Developer/Xcode/DerivedData/HearifyV1-ftljoypfezvlxcgouzbpmsmxzads/SourcePackages/checkouts/firebase-ios-sdk
    /Applications/Xcode.app/Contents/Developer/Toolchains/XcodeDefault.xctoolchain/usr/bin/clang -Xlinker -reproducible -target arm64-apple-ios15.0 -r -isysroot /Applications/Xcode.app/Contents/Developer/Platforms/iPhoneOS.platform/Developer/SDKs/iPhoneOS26.2.sdk -O0 -w -L/Users/Veer/Library/Developer/Xcode/DerivedData/HearifyV1-ftljoypfezvlxcgouzbpmsmxzads/Build/Intermediates.noindex/EagerLinkingTBDs/Debug-iphoneos -L/Users/Veer/Library/Developer/Xcode/DerivedData/HearifyV1-ftljoypfezvlxcgouzbpmsmxzads/Build/Products/Debug-iphoneos -L/Applications/Xcode.app/Contents/Developer/Platforms/iPhoneOS.platform/Developer/usr/lib -F/Users/Veer/Library/Developer/Xcode/DerivedData/HearifyV1-ftljoypfezvlxcgouzbpmsmxzads/Build/Intermediates.noindex/EagerLinkingTBDs/Debug-iphoneos -F/Users/Veer/Library/Developer/Xcode/DerivedData/HearifyV1-ftljoypfezvlxcgouzbpmsmxzads/Build/Products/Debug-iphoneos/PackageFrameworks -F/Users/Veer/Library/Developer/Xcode/DerivedData/HearifyV1-ftljoypfezvlxcgouzbpmsmxzads/Build/Products/Debug-iphoneos -iframework /Applications/Xcode.app/Contents/Developer/Platforms/iPhoneOS.platform/Developer/Library/Frameworks -iframework /Applications/Xcode.app/Contents/Developer/Platforms/iPhoneOS.platform/Developer/SDKs/iPhoneOS26.2.sdk/Developer/Library/Frameworks -filelist /Users/Veer/Library/Developer/Xcode/DerivedData/HearifyV1-ftljoypfezvlxcgouzbpmsmxzads/Build/Intermediates.noindex/Firebase.build/Debug-iphoneos/FirebaseAuthInternal.build/Objects-normal/arm64/FirebaseAuthInternal.LinkFileList -nostdlib -Xlinker -object_path_lto -Xlinker /Users/Veer/Library/Developer/Xcode/DerivedData/HearifyV1-ftljoypfezvlxcgouzbpmsmxzads/Build/Intermediates.noindex/Firebase.build/Debug-iphoneos/FirebaseAuthInternal.build/Objects-normal/arm64/FirebaseAuthInternal_lto.o -rdynamic -Xlinker -no_deduplicate -Xlinker -debug_variant -Xlinker -dependency_info -Xlinker /Users/Veer/Library/Developer/Xcode/DerivedData/HearifyV1-ftljoypfezvlxcgouzbpmsmxzads/Build/Intermediates.noindex/Firebase.build/Debug-iphoneos/FirebaseAuthInternal.build/Objects-normal/arm64/FirebaseAuthInternal_dependency_info.dat -fobjc-arc -fobjc-link-runtime -o /Users/Veer/Library/Developer/Xcode/DerivedData/HearifyV1-ftljoypfezvlxcgouzbpmsmxzads/Build/Products/Debug-iphoneos/FirebaseAuthInternal.o

RegisterExecutionPolicyException /Users/Veer/Library/Developer/Xcode/DerivedData/HearifyV1-ftljoypfezvlxcgouzbpmsmxzads/Build/Products/Debug-iphoneos/abslWrapper.o (in target 'abslWrapper' from project 'abseil')
    cd /Users/Veer/Library/Developer/Xcode/DerivedData/HearifyV1-ftljoypfezvlxcgouzbpmsmxzads/SourcePackages/checkouts/abseil-cpp-binary
    builtin-RegisterExecutionPolicyException /Users/Veer/Library/Developer/Xcode/DerivedData/HearifyV1-ftljoypfezvlxcgouzbpmsmxzads/Build/Products/Debug-iphoneos/abslWrapper.o

RegisterExecutionPolicyException /Users/Veer/Library/Developer/Xcode/DerivedData/HearifyV1-ftljoypfezvlxcgouzbpmsmxzads/Build/Products/Debug-iphoneos/FirebaseCoreExtension.o (in target 'FirebaseCoreExtension' from project 'Firebase')
    cd /Users/Veer/Library/Developer/Xcode/DerivedData/HearifyV1-ftljoypfezvlxcgouzbpmsmxzads/SourcePackages/checkouts/firebase-ios-sdk
    builtin-RegisterExecutionPolicyException /Users/Veer/Library/Developer/Xcode/DerivedData/HearifyV1-ftljoypfezvlxcgouzbpmsmxzads/Build/Products/Debug-iphoneos/FirebaseCoreExtension.o

RegisterExecutionPolicyException /Users/Veer/Library/Developer/Xcode/DerivedData/HearifyV1-ftljoypfezvlxcgouzbpmsmxzads/Build/Products/Debug-iphoneos/FirebaseAuthInterop.o (in target 'FirebaseAuthInterop' from project 'Firebase')
    cd /Users/Veer/Library/Developer/Xcode/DerivedData/HearifyV1-ftljoypfezvlxcgouzbpmsmxzads/SourcePackages/checkouts/firebase-ios-sdk
    builtin-RegisterExecutionPolicyException /Users/Veer/Library/Developer/Xcode/DerivedData/HearifyV1-ftljoypfezvlxcgouzbpmsmxzads/Build/Products/Debug-iphoneos/FirebaseAuthInterop.o

RegisterExecutionPolicyException /Users/Veer/Library/Developer/Xcode/DerivedData/HearifyV1-ftljoypfezvlxcgouzbpmsmxzads/Build/Products/Debug-iphoneos/GoogleUtilities-Reachability.o (in target 'GoogleUtilities-Reachability' from project 'GoogleUtilities')
    cd /Users/Veer/Library/Developer/Xcode/DerivedData/HearifyV1-ftljoypfezvlxcgouzbpmsmxzads/SourcePackages/checkouts/GoogleUtilities
    builtin-RegisterExecutionPolicyException /Users/Veer/Library/Developer/Xcode/DerivedData/HearifyV1-ftljoypfezvlxcgouzbpmsmxzads/Build/Products/Debug-iphoneos/GoogleUtilities-Reachability.o

RegisterExecutionPolicyException /Users/Veer/Library/Developer/Xcode/DerivedData/HearifyV1-ftljoypfezvlxcgouzbpmsmxzads/Build/Products/Debug-iphoneos/FirebaseAppCheckInterop.o (in target 'FirebaseAppCheckInterop' from project 'Firebase')
    cd /Users/Veer/Library/Developer/Xcode/DerivedData/HearifyV1-ftljoypfezvlxcgouzbpmsmxzads/SourcePackages/checkouts/firebase-ios-sdk
    builtin-RegisterExecutionPolicyException /Users/Veer/Library/Developer/Xcode/DerivedData/HearifyV1-ftljoypfezvlxcgouzbpmsmxzads/Build/Products/Debug-iphoneos/FirebaseAppCheckInterop.o

RegisterExecutionPolicyException /Users/Veer/Library/Developer/Xcode/DerivedData/HearifyV1-ftljoypfezvlxcgouzbpmsmxzads/Build/Products/Debug-iphoneos/FirebaseFirestoreInternalWrapper.o (in target 'FirebaseFirestoreInternalWrapper' from project 'Firebase')
    cd /Users/Veer/Library/Developer/Xcode/DerivedData/HearifyV1-ftljoypfezvlxcgouzbpmsmxzads/SourcePackages/checkouts/firebase-ios-sdk
    builtin-RegisterExecutionPolicyException /Users/Veer/Library/Developer/Xcode/DerivedData/HearifyV1-ftljoypfezvlxcgouzbpmsmxzads/Build/Products/Debug-iphoneos/FirebaseFirestoreInternalWrapper.o

RegisterExecutionPolicyException /Users/Veer/Library/Developer/Xcode/DerivedData/HearifyV1-ftljoypfezvlxcgouzbpmsmxzads/Build/Products/Debug-iphoneos/Firebase.o (in target 'Firebase' from project 'Firebase')
    cd /Users/Veer/Library/Developer/Xcode/DerivedData/HearifyV1-ftljoypfezvlxcgouzbpmsmxzads/SourcePackages/checkouts/firebase-ios-sdk
    builtin-RegisterExecutionPolicyException /Users/Veer/Library/Developer/Xcode/DerivedData/HearifyV1-ftljoypfezvlxcgouzbpmsmxzads/Build/Products/Debug-iphoneos/Firebase.o

RegisterExecutionPolicyException /Users/Veer/Library/Developer/Xcode/DerivedData/HearifyV1-ftljoypfezvlxcgouzbpmsmxzads/Build/Products/Debug-iphoneos/FirebaseAuthInternal.o (in target 'FirebaseAuthInternal' from project 'Firebase')
    cd /Users/Veer/Library/Developer/Xcode/DerivedData/HearifyV1-ftljoypfezvlxcgouzbpmsmxzads/SourcePackages/checkouts/firebase-ios-sdk
    builtin-RegisterExecutionPolicyException /Users/Veer/Library/Developer/Xcode/DerivedData/HearifyV1-ftljoypfezvlxcgouzbpmsmxzads/Build/Products/Debug-iphoneos/FirebaseAuthInternal.o

Ld /Users/Veer/Library/Developer/Xcode/DerivedData/HearifyV1-ftljoypfezvlxcgouzbpmsmxzads/Build/Products/Debug-iphoneos/GoogleUtilities-Network.o normal (in target 'GoogleUtilities-Network' from project 'GoogleUtilities')
    cd /Users/Veer/Library/Developer/Xcode/DerivedData/HearifyV1-ftljoypfezvlxcgouzbpmsmxzads/SourcePackages/checkouts/GoogleUtilities
    /Applications/Xcode.app/Contents/Developer/Toolchains/XcodeDefault.xctoolchain/usr/bin/clang -Xlinker -reproducible -target arm64-apple-ios12.0 -r -isysroot /Applications/Xcode.app/Contents/Developer/Platforms/iPhoneOS.platform/Developer/SDKs/iPhoneOS26.2.sdk -O0 -w -L/Users/Veer/Library/Developer/Xcode/DerivedData/HearifyV1-ftljoypfezvlxcgouzbpmsmxzads/Build/Intermediates.noindex/EagerLinkingTBDs/Debug-iphoneos -L/Users/Veer/Library/Developer/Xcode/DerivedData/HearifyV1-ftljoypfezvlxcgouzbpmsmxzads/Build/Products/Debug-iphoneos -L/Applications/Xcode.app/Contents/Developer/Platforms/iPhoneOS.platform/Developer/usr/lib -F/Users/Veer/Library/Developer/Xcode/DerivedData/HearifyV1-ftljoypfezvlxcgouzbpmsmxzads/Build/Intermediates.noindex/EagerLinkingTBDs/Debug-iphoneos -F/Users/Veer/Library/Developer/Xcode/DerivedData/HearifyV1-ftljoypfezvlxcgouzbpmsmxzads/Build/Products/Debug-iphoneos/PackageFrameworks -F/Users/Veer/Library/Developer/Xcode/DerivedData/HearifyV1-ftljoypfezvlxcgouzbpmsmxzads/Build/Products/Debug-iphoneos/PackageFrameworks -F/Users/Veer/Library/Developer/Xcode/DerivedData/HearifyV1-ftljoypfezvlxcgouzbpmsmxzads/Build/Products/Debug-iphoneos/PackageFrameworks -F/Users/Veer/Library/Developer/Xcode/DerivedData/HearifyV1-ftljoypfezvlxcgouzbpmsmxzads/Build/Products/Debug-iphoneos/PackageFrameworks -F/Users/Veer/Library/Developer/Xcode/DerivedData/HearifyV1-ftljoypfezvlxcgouzbpmsmxzads/Build/Products/Debug-iphoneos/PackageFrameworks -F/Users/Veer/Library/Developer/Xcode/DerivedData/HearifyV1-ftljoypfezvlxcgouzbpmsmxzads/Build/Products/Debug-iphoneos -iframework /Applications/Xcode.app/Contents/Developer/Platforms/iPhoneOS.platform/Developer/Library/Frameworks -iframework /Applications/Xcode.app/Contents/Developer/Platforms/iPhoneOS.platform/Developer/SDKs/iPhoneOS26.2.sdk/Developer/Library/Frameworks -filelist /Users/Veer/Library/Developer/Xcode/DerivedData/HearifyV1-ftljoypfezvlxcgouzbpmsmxzads/Build/Intermediates.noindex/GoogleUtilities.build/Debug-iphoneos/GoogleUtilities-Network.build/Objects-normal/arm64/GoogleUtilities-Network.LinkFileList -nostdlib -Xlinker -object_path_lto -Xlinker /Users/Veer/Library/Developer/Xcode/DerivedData/HearifyV1-ftljoypfezvlxcgouzbpmsmxzads/Build/Intermediates.noindex/GoogleUtilities.build/Debug-iphoneos/GoogleUtilities-Network.build/Objects-normal/arm64/GoogleUtilities-Network_lto.o -rdynamic -Xlinker -no_deduplicate -Xlinker -debug_variant -Xlinker -dependency_info -Xlinker /Users/Veer/Library/Developer/Xcode/DerivedData/HearifyV1-ftljoypfezvlxcgouzbpmsmxzads/Build/Intermediates.noindex/GoogleUtilities.build/Debug-iphoneos/GoogleUtilities-Network.build/Objects-normal/arm64/GoogleUtilities-Network_dependency_info.dat -fobjc-arc -fobjc-link-runtime -o /Users/Veer/Library/Developer/Xcode/DerivedData/HearifyV1-ftljoypfezvlxcgouzbpmsmxzads/Build/Products/Debug-iphoneos/GoogleUtilities-Network.o

SwiftExplicitDependencyGeneratePcm arm64 /Users/Veer/Library/Developer/Xcode/DerivedData/ModuleCache.noindex/sys_types-DTXUEW97XIDYOCJFZMCT4XUJB.pcm

SwiftExplicitDependencyGeneratePcm arm64 /Users/Veer/Library/Developer/Xcode/DerivedData/ModuleCache.noindex/_Builtin_stdint-51VH42FNV9ILEOH8T2XH5NUVC.pcm

RegisterExecutionPolicyException /Users/Veer/Library/Developer/Xcode/DerivedData/HearifyV1-ftljoypfezvlxcgouzbpmsmxzads/Build/Products/Debug-iphoneos/GoogleUtilities-Network.o (in target 'GoogleUtilities-Network' from project 'GoogleUtilities')
    cd /Users/Veer/Library/Developer/Xcode/DerivedData/HearifyV1-ftljoypfezvlxcgouzbpmsmxzads/SourcePackages/checkouts/GoogleUtilities
    builtin-RegisterExecutionPolicyException /Users/Veer/Library/Developer/Xcode/DerivedData/HearifyV1-ftljoypfezvlxcgouzbpmsmxzads/Build/Products/Debug-iphoneos/GoogleUtilities-Network.o

Ld /Users/Veer/Library/Developer/Xcode/DerivedData/HearifyV1-ftljoypfezvlxcgouzbpmsmxzads/Build/Products/Debug-iphoneos/GoogleUtilities-AppDelegateSwizzler.o normal (in target 'GoogleUtilities-AppDelegateSwizzler' from project 'GoogleUtilities')
    cd /Users/Veer/Library/Developer/Xcode/DerivedData/HearifyV1-ftljoypfezvlxcgouzbpmsmxzads/SourcePackages/checkouts/GoogleUtilities
    /Applications/Xcode.app/Contents/Developer/Toolchains/XcodeDefault.xctoolchain/usr/bin/clang -Xlinker -reproducible -target arm64-apple-ios12.0 -r -isysroot /Applications/Xcode.app/Contents/Developer/Platforms/iPhoneOS.platform/Developer/SDKs/iPhoneOS26.2.sdk -O0 -w -L/Users/Veer/Library/Developer/Xcode/DerivedData/HearifyV1-ftljoypfezvlxcgouzbpmsmxzads/Build/Intermediates.noindex/EagerLinkingTBDs/Debug-iphoneos -L/Users/Veer/Library/Developer/Xcode/DerivedData/HearifyV1-ftljoypfezvlxcgouzbpmsmxzads/Build/Products/Debug-iphoneos -L/Applications/Xcode.app/Contents/Developer/Platforms/iPhoneOS.platform/Developer/usr/lib -F/Users/Veer/Library/Developer/Xcode/DerivedData/HearifyV1-ftljoypfezvlxcgouzbpmsmxzads/Build/Intermediates.noindex/EagerLinkingTBDs/Debug-iphoneos -F/Users/Veer/Library/Developer/Xcode/DerivedData/HearifyV1-ftljoypfezvlxcgouzbpmsmxzads/Build/Products/Debug-iphoneos/PackageFrameworks -F/Users/Veer/Library/Developer/Xcode/DerivedData/HearifyV1-ftljoypfezvlxcgouzbpmsmxzads/Build/Products/Debug-iphoneos/PackageFrameworks -F/Users/Veer/Library/Developer/Xcode/DerivedData/HearifyV1-ftljoypfezvlxcgouzbpmsmxzads/Build/Products/Debug-iphoneos/PackageFrameworks -F/Users/Veer/Library/Developer/Xcode/DerivedData/HearifyV1-ftljoypfezvlxcgouzbpmsmxzads/Build/Products/Debug-iphoneos/PackageFrameworks -F/Users/Veer/Library/Developer/Xcode/DerivedData/HearifyV1-ftljoypfezvlxcgouzbpmsmxzads/Build/Products/Debug-iphoneos/PackageFrameworks -F/Users/Veer/Library/Developer/Xcode/DerivedData/HearifyV1-ftljoypfezvlxcgouzbpmsmxzads/Build/Products/Debug-iphoneos/PackageFrameworks -F/Users/Veer/Library/Developer/Xcode/DerivedData/HearifyV1-ftljoypfezvlxcgouzbpmsmxzads/Build/Products/Debug-iphoneos -iframework /Applications/Xcode.app/Contents/Developer/Platforms/iPhoneOS.platform/Developer/Library/Frameworks -iframework /Applications/Xcode.app/Contents/Developer/Platforms/iPhoneOS.platform/Developer/SDKs/iPhoneOS26.2.sdk/Developer/Library/Frameworks -filelist /Users/Veer/Library/Developer/Xcode/DerivedData/HearifyV1-ftljoypfezvlxcgouzbpmsmxzads/Build/Intermediates.noindex/GoogleUtilities.build/Debug-iphoneos/GoogleUtilities-AppDelegateSwizzler.build/Objects-normal/arm64/GoogleUtilities-AppDelegateSwizzler.LinkFileList -nostdlib -Xlinker -object_path_lto -Xlinker /Users/Veer/Library/Developer/Xcode/DerivedData/HearifyV1-ftljoypfezvlxcgouzbpmsmxzads/Build/Intermediates.noindex/GoogleUtilities.build/Debug-iphoneos/GoogleUtilities-AppDelegateSwizzler.build/Objects-normal/arm64/GoogleUtilities-AppDelegateSwizzler_lto.o -rdynamic -Xlinker -no_deduplicate -Xlinker -debug_variant -Xlinker -dependency_info -Xlinker /Users/Veer/Library/Developer/Xcode/DerivedData/HearifyV1-ftljoypfezvlxcgouzbpmsmxzads/Build/Intermediates.noindex/GoogleUtilities.build/Debug-iphoneos/GoogleUtilities-AppDelegateSwizzler.build/Objects-normal/arm64/GoogleUtilities-AppDelegateSwizzler_dependency_info.dat -fobjc-arc -fobjc-link-runtime -o /Users/Veer/Library/Developer/Xcode/DerivedData/HearifyV1-ftljoypfezvlxcgouzbpmsmxzads/Build/Products/Debug-iphoneos/GoogleUtilities-AppDelegateSwizzler.o

SwiftExplicitDependencyGeneratePcm arm64 /Users/Veer/Library/Developer/Xcode/DerivedData/ModuleCache.noindex/_DarwinFoundation3-47BP3T2E3CMXDEM7VQ4V3WGPF.pcm

SwiftExplicitDependencyGeneratePcm arm64 /Users/Veer/Library/Developer/Xcode/DerivedData/ModuleCache.noindex/_Builtin_stdatomic-92RK66NYYQBABWTVEXW2AUFRG.pcm

RegisterExecutionPolicyException /Users/Veer/Library/Developer/Xcode/DerivedData/HearifyV1-ftljoypfezvlxcgouzbpmsmxzads/Build/Products/Debug-iphoneos/GoogleUtilities-AppDelegateSwizzler.o (in target 'GoogleUtilities-AppDelegateSwizzler' from project 'GoogleUtilities')
    cd /Users/Veer/Library/Developer/Xcode/DerivedData/HearifyV1-ftljoypfezvlxcgouzbpmsmxzads/SourcePackages/checkouts/GoogleUtilities
    builtin-RegisterExecutionPolicyException /Users/Veer/Library/Developer/Xcode/DerivedData/HearifyV1-ftljoypfezvlxcgouzbpmsmxzads/Build/Products/Debug-iphoneos/GoogleUtilities-AppDelegateSwizzler.o

CompileC /Users/Veer/Library/Developer/Xcode/DerivedData/HearifyV1-ftljoypfezvlxcgouzbpmsmxzads/Build/Intermediates.noindex/GTMSessionFetcher.build/Debug-iphoneos/GTMSessionFetcherCore.build/Objects-normal/arm64/GTMSessionUploadFetcher.o /Users/Veer/Library/Developer/Xcode/DerivedData/HearifyV1-ftljoypfezvlxcgouzbpmsmxzads/SourcePackages/checkouts/gtm-session-fetcher/Sources/Core/GTMSessionUploadFetcher.m normal arm64 objective-c com.apple.compilers.llvm.clang.1_0.compiler (in target 'GTMSessionFetcherCore' from project 'GTMSessionFetcher')
    cd /Users/Veer/Library/Mobile\ Documents/com\~apple\~CloudDocs/HearifyV1/HearifyV1.xcodeproj
    
    Using response file: /Users/Veer/Library/Developer/Xcode/DerivedData/HearifyV1-ftljoypfezvlxcgouzbpmsmxzads/Build/Intermediates.noindex/GTMSessionFetcher.build/Debug-iphoneos/GTMSessionFetcherCore.build/Objects-normal/arm64/e6072d4f65d7061329687fe24e3d63a7-common-args.resp
    
    /Applications/Xcode.app/Contents/Developer/Toolchains/XcodeDefault.xctoolchain/usr/bin/clang -x objective-c -ivfsstatcache /Users/Veer/Library/Developer/Xcode/DerivedData/SDKStatCaches.noindex/iphoneos26.2-23C53-3794476bd08197c3e2abd9bb477ef7f7.sdkstatcache -fmessage-length\=0 -fdiagnostics-show-note-include-stack -fmacro-backtrace-limit\=0 -fno-color-diagnostics -fmodules-prune-interval\=86400 -fmodules-prune-after\=345600 -fbuild-session-file\=/Users/Veer/Library/Developer/Xcode/DerivedData/ModuleCache.noindex/Session.modulevalidation -fmodules-validate-once-per-build-session -Wnon-modular-include-in-framework-module -Werror\=non-modular-include-in-framework-module -Wno-trigraphs -Wno-missing-field-initializers -Wno-missing-prototypes -Wno-return-type -Wno-implicit-atomic-properties -Wno-objc-interface-ivars -Wno-arc-repeated-use-of-weak -Wno-missing-braces -Wparentheses -Wswitch -Wno-unused-function -Wno-unused-label -Wno-unused-parameter -Wno-unused-variable -Wunused-value -Wno-empty-body -Wno-uninitialized -Wno-unknown-pragmas -w -Wno-shadow -Wno-four-char-constants -Wno-conversion -Wno-constant-conversion -Wno-int-conversion -Wno-bool-conversion -Wno-enum-conversion -Wno-float-conversion -Wno-non-literal-null-conversion -Wno-objc-literal-conversion -Wshorten-64-to-32 -Wpointer-sign -Wno-newline-eof -Wno-selector -Wno-strict-selector-match -Wno-undeclared-selector -Wno-deprecated-implementations -Wno-implicit-fallthrough -fstrict-aliasing -Wprotocol -Wdeprecated-declarations -Wno-sign-conversion -Wno-infinite-recursion -Wno-comma -Wno-block-capture-autoreleasing -Wno-strict-prototypes -Wno-semicolon-before-method-body -index-store-path /Users/Veer/Library/Developer/Xcode/DerivedData/HearifyV1-ftljoypfezvlxcgouzbpmsmxzads/Index.noindex/DataStore @/Users/Veer/Library/Developer/Xcode/DerivedData/HearifyV1-ftljoypfezvlxcgouzbpmsmxzads/Build/Intermediates.noindex/GTMSessionFetcher.build/Debug-iphoneos/GTMSessionFetcherCore.build/Objects-normal/arm64/e6072d4f65d7061329687fe24e3d63a7-common-args.resp -include /Users/Veer/Library/Developer/Xcode/DerivedData/HearifyV1-ftljoypfezvlxcgouzbpmsmxzads/Build/Intermediates.noindex/GTMSessionFetcher.build/Debug-iphoneos/GTMSessionFetcherCore.build/DerivedSources/resource_bundle_accessor.h -MMD -MT dependencies -MF /Users/Veer/Library/Developer/Xcode/DerivedData/HearifyV1-ftljoypfezvlxcgouzbpmsmxzads/Build/Intermediates.noindex/GTMSessionFetcher.build/Debug-iphoneos/GTMSessionFetcherCore.build/Objects-normal/arm64/GTMSessionUploadFetcher.d --serialize-diagnostics /Users/Veer/Library/Developer/Xcode/DerivedData/HearifyV1-ftljoypfezvlxcgouzbpmsmxzads/Build/Intermediates.noindex/GTMSessionFetcher.build/Debug-iphoneos/GTMSessionFetcherCore.build/Objects-normal/arm64/GTMSessionUploadFetcher.dia -c /Users/Veer/Library/Developer/Xcode/DerivedData/HearifyV1-ftljoypfezvlxcgouzbpmsmxzads/SourcePackages/checkouts/gtm-session-fetcher/Sources/Core/GTMSessionUploadFetcher.m -o /Users/Veer/Library/Developer/Xcode/DerivedData/HearifyV1-ftljoypfezvlxcgouzbpmsmxzads/Build/Intermediates.noindex/GTMSessionFetcher.build/Debug-iphoneos/GTMSessionFetcherCore.build/Objects-normal/arm64/GTMSessionUploadFetcher.o -index-unit-output-path /GTMSessionFetcher.build/Debug-iphoneos/GTMSessionFetcherCore.build/Objects-normal/arm64/GTMSessionUploadFetcher.o

CompileC /Users/Veer/Library/Developer/Xcode/DerivedData/HearifyV1-ftljoypfezvlxcgouzbpmsmxzads/Build/Intermediates.noindex/GTMSessionFetcher.build/Debug-iphoneos/GTMSessionFetcherCore.build/Objects-normal/arm64/GTMSessionFetcherService.o /Users/Veer/Library/Developer/Xcode/DerivedData/HearifyV1-ftljoypfezvlxcgouzbpmsmxzads/SourcePackages/checkouts/gtm-session-fetcher/Sources/Core/GTMSessionFetcherService.m normal arm64 objective-c com.apple.compilers.llvm.clang.1_0.compiler (in target 'GTMSessionFetcherCore' from project 'GTMSessionFetcher')
    cd /Users/Veer/Library/Mobile\ Documents/com\~apple\~CloudDocs/HearifyV1/HearifyV1.xcodeproj
    
    Using response file: /Users/Veer/Library/Developer/Xcode/DerivedData/HearifyV1-ftljoypfezvlxcgouzbpmsmxzads/Build/Intermediates.noindex/GTMSessionFetcher.build/Debug-iphoneos/GTMSessionFetcherCore.build/Objects-normal/arm64/e6072d4f65d7061329687fe24e3d63a7-common-args.resp
    
    /Applications/Xcode.app/Contents/Developer/Toolchains/XcodeDefault.xctoolchain/usr/bin/clang -x objective-c -ivfsstatcache /Users/Veer/Library/Developer/Xcode/DerivedData/SDKStatCaches.noindex/iphoneos26.2-23C53-3794476bd08197c3e2abd9bb477ef7f7.sdkstatcache -fmessage-length\=0 -fdiagnostics-show-note-include-stack -fmacro-backtrace-limit\=0 -fno-color-diagnostics -fmodules-prune-interval\=86400 -fmodules-prune-after\=345600 -fbuild-session-file\=/Users/Veer/Library/Developer/Xcode/DerivedData/ModuleCache.noindex/Session.modulevalidation -fmodules-validate-once-per-build-session -Wnon-modular-include-in-framework-module -Werror\=non-modular-include-in-framework-module -Wno-trigraphs -Wno-missing-field-initializers -Wno-missing-prototypes -Wno-return-type -Wno-implicit-atomic-properties -Wno-objc-interface-ivars -Wno-arc-repeated-use-of-weak -Wno-missing-braces -Wparentheses -Wswitch -Wno-unused-function -Wno-unused-label -Wno-unused-parameter -Wno-unused-variable -Wunused-value -Wno-empty-body -Wno-uninitialized -Wno-unknown-pragmas -w -Wno-shadow -Wno-four-char-constants -Wno-conversion -Wno-constant-conversion -Wno-int-conversion -Wno-bool-conversion -Wno-enum-conversion -Wno-float-conversion -Wno-non-literal-null-conversion -Wno-objc-literal-conversion -Wshorten-64-to-32 -Wpointer-sign -Wno-newline-eof -Wno-selector -Wno-strict-selector-match -Wno-undeclared-selector -Wno-deprecated-implementations -Wno-implicit-fallthrough -fstrict-aliasing -Wprotocol -Wdeprecated-declarations -Wno-sign-conversion -Wno-infinite-recursion -Wno-comma -Wno-block-capture-autoreleasing -Wno-strict-prototypes -Wno-semicolon-before-method-body -index-store-path /Users/Veer/Library/Developer/Xcode/DerivedData/HearifyV1-ftljoypfezvlxcgouzbpmsmxzads/Index.noindex/DataStore @/Users/Veer/Library/Developer/Xcode/DerivedData/HearifyV1-ftljoypfezvlxcgouzbpmsmxzads/Build/Intermediates.noindex/GTMSessionFetcher.build/Debug-iphoneos/GTMSessionFetcherCore.build/Objects-normal/arm64/e6072d4f65d7061329687fe24e3d63a7-common-args.resp -include /Users/Veer/Library/Developer/Xcode/DerivedData/HearifyV1-ftljoypfezvlxcgouzbpmsmxzads/Build/Intermediates.noindex/GTMSessionFetcher.build/Debug-iphoneos/GTMSessionFetcherCore.build/DerivedSources/resource_bundle_accessor.h -MMD -MT dependencies -MF /Users/Veer/Library/Developer/Xcode/DerivedData/HearifyV1-ftljoypfezvlxcgouzbpmsmxzads/Build/Intermediates.noindex/GTMSessionFetcher.build/Debug-iphoneos/GTMSessionFetcherCore.build/Objects-normal/arm64/GTMSessionFetcherService.d --serialize-diagnostics /Users/Veer/Library/Developer/Xcode/DerivedData/HearifyV1-ftljoypfezvlxcgouzbpmsmxzads/Build/Intermediates.noindex/GTMSessionFetcher.build/Debug-iphoneos/GTMSessionFetcherCore.build/Objects-normal/arm64/GTMSessionFetcherService.dia -c /Users/Veer/Library/Developer/Xcode/DerivedData/HearifyV1-ftljoypfezvlxcgouzbpmsmxzads/SourcePackages/checkouts/gtm-session-fetcher/Sources/Core/GTMSessionFetcherService.m -o /Users/Veer/Library/Developer/Xcode/DerivedData/HearifyV1-ftljoypfezvlxcgouzbpmsmxzads/Build/Intermediates.noindex/GTMSessionFetcher.build/Debug-iphoneos/GTMSessionFetcherCore.build/Objects-normal/arm64/GTMSessionFetcherService.o -index-unit-output-path /GTMSessionFetcher.build/Debug-iphoneos/GTMSessionFetcherCore.build/Objects-normal/arm64/GTMSessionFetcherService.o

CompileC /Users/Veer/Library/Developer/Xcode/DerivedData/HearifyV1-ftljoypfezvlxcgouzbpmsmxzads/Build/Intermediates.noindex/GTMSessionFetcher.build/Debug-iphoneos/GTMSessionFetcherCore.build/Objects-normal/arm64/GTMSessionFetcherLogging.o /Users/Veer/Library/Developer/Xcode/DerivedData/HearifyV1-ftljoypfezvlxcgouzbpmsmxzads/SourcePackages/checkouts/gtm-session-fetcher/Sources/Core/GTMSessionFetcherLogging.m normal arm64 objective-c com.apple.compilers.llvm.clang.1_0.compiler (in target 'GTMSessionFetcherCore' from project 'GTMSessionFetcher')
    cd /Users/Veer/Library/Mobile\ Documents/com\~apple\~CloudDocs/HearifyV1/HearifyV1.xcodeproj
    
    Using response file: /Users/Veer/Library/Developer/Xcode/DerivedData/HearifyV1-ftljoypfezvlxcgouzbpmsmxzads/Build/Intermediates.noindex/GTMSessionFetcher.build/Debug-iphoneos/GTMSessionFetcherCore.build/Objects-normal/arm64/e6072d4f65d7061329687fe24e3d63a7-common-args.resp
    
    /Applications/Xcode.app/Contents/Developer/Toolchains/XcodeDefault.xctoolchain/usr/bin/clang -x objective-c -ivfsstatcache /Users/Veer/Library/Developer/Xcode/DerivedData/SDKStatCaches.noindex/iphoneos26.2-23C53-3794476bd08197c3e2abd9bb477ef7f7.sdkstatcache -fmessage-length\=0 -fdiagnostics-show-note-include-stack -fmacro-backtrace-limit\=0 -fno-color-diagnostics -fmodules-prune-interval\=86400 -fmodules-prune-after\=345600 -fbuild-session-file\=/Users/Veer/Library/Developer/Xcode/DerivedData/ModuleCache.noindex/Session.modulevalidation -fmodules-validate-once-per-build-session -Wnon-modular-include-in-framework-module -Werror\=non-modular-include-in-framework-module -Wno-trigraphs -Wno-missing-field-initializers -Wno-missing-prototypes -Wno-return-type -Wno-implicit-atomic-properties -Wno-objc-interface-ivars -Wno-arc-repeated-use-of-weak -Wno-missing-braces -Wparentheses -Wswitch -Wno-unused-function -Wno-unused-label -Wno-unused-parameter -Wno-unused-variable -Wunused-value -Wno-empty-body -Wno-uninitialized -Wno-unknown-pragmas -w -Wno-shadow -Wno-four-char-constants -Wno-conversion -Wno-constant-conversion -Wno-int-conversion -Wno-bool-conversion -Wno-enum-conversion -Wno-float-conversion -Wno-non-literal-null-conversion -Wno-objc-literal-conversion -Wshorten-64-to-32 -Wpointer-sign -Wno-newline-eof -Wno-selector -Wno-strict-selector-match -Wno-undeclared-selector -Wno-deprecated-implementations -Wno-implicit-fallthrough -fstrict-aliasing -Wprotocol -Wdeprecated-declarations -Wno-sign-conversion -Wno-infinite-recursion -Wno-comma -Wno-block-capture-autoreleasing -Wno-strict-prototypes -Wno-semicolon-before-method-body -index-store-path /Users/Veer/Library/Developer/Xcode/DerivedData/HearifyV1-ftljoypfezvlxcgouzbpmsmxzads/Index.noindex/DataStore @/Users/Veer/Library/Developer/Xcode/DerivedData/HearifyV1-ftljoypfezvlxcgouzbpmsmxzads/Build/Intermediates.noindex/GTMSessionFetcher.build/Debug-iphoneos/GTMSessionFetcherCore.build/Objects-normal/arm64/e6072d4f65d7061329687fe24e3d63a7-common-args.resp -include /Users/Veer/Library/Developer/Xcode/DerivedData/HearifyV1-ftljoypfezvlxcgouzbpmsmxzads/Build/Intermediates.noindex/GTMSessionFetcher.build/Debug-iphoneos/GTMSessionFetcherCore.build/DerivedSources/resource_bundle_accessor.h -MMD -MT dependencies -MF /Users/Veer/Library/Developer/Xcode/DerivedData/HearifyV1-ftljoypfezvlxcgouzbpmsmxzads/Build/Intermediates.noindex/GTMSessionFetcher.build/Debug-iphoneos/GTMSessionFetcherCore.build/Objects-normal/arm64/GTMSessionFetcherLogging.d --serialize-diagnostics /Users/Veer/Library/Developer/Xcode/DerivedData/HearifyV1-ftljoypfezvlxcgouzbpmsmxzads/Build/Intermediates.noindex/GTMSessionFetcher.build/Debug-iphoneos/GTMSessionFetcherCore.build/Objects-normal/arm64/GTMSessionFetcherLogging.dia -c /Users/Veer/Library/Developer/Xcode/DerivedData/HearifyV1-ftljoypfezvlxcgouzbpmsmxzads/SourcePackages/checkouts/gtm-session-fetcher/Sources/Core/GTMSessionFetcherLogging.m -o /Users/Veer/Library/Developer/Xcode/DerivedData/HearifyV1-ftljoypfezvlxcgouzbpmsmxzads/Build/Intermediates.noindex/GTMSessionFetcher.build/Debug-iphoneos/GTMSessionFetcherCore.build/Objects-normal/arm64/GTMSessionFetcherLogging.o -index-unit-output-path /GTMSessionFetcher.build/Debug-iphoneos/GTMSessionFetcherCore.build/Objects-normal/arm64/GTMSessionFetcherLogging.o

CompileC /Users/Veer/Library/Developer/Xcode/DerivedData/HearifyV1-ftljoypfezvlxcgouzbpmsmxzads/Build/Intermediates.noindex/GTMSessionFetcher.build/Debug-iphoneos/GTMSessionFetcherCore.build/Objects-normal/arm64/GTMSessionFetcher.o /Users/Veer/Library/Developer/Xcode/DerivedData/HearifyV1-ftljoypfezvlxcgouzbpmsmxzads/SourcePackages/checkouts/gtm-session-fetcher/Sources/Core/GTMSessionFetcher.m normal arm64 objective-c com.apple.compilers.llvm.clang.1_0.compiler (in target 'GTMSessionFetcherCore' from project 'GTMSessionFetcher')
    cd /Users/Veer/Library/Mobile\ Documents/com\~apple\~CloudDocs/HearifyV1/HearifyV1.xcodeproj
    
    Using response file: /Users/Veer/Library/Developer/Xcode/DerivedData/HearifyV1-ftljoypfezvlxcgouzbpmsmxzads/Build/Intermediates.noindex/GTMSessionFetcher.build/Debug-iphoneos/GTMSessionFetcherCore.build/Objects-normal/arm64/e6072d4f65d7061329687fe24e3d63a7-common-args.resp
    
    /Applications/Xcode.app/Contents/Developer/Toolchains/XcodeDefault.xctoolchain/usr/bin/clang -x objective-c -ivfsstatcache /Users/Veer/Library/Developer/Xcode/DerivedData/SDKStatCaches.noindex/iphoneos26.2-23C53-3794476bd08197c3e2abd9bb477ef7f7.sdkstatcache -fmessage-length\=0 -fdiagnostics-show-note-include-stack -fmacro-backtrace-limit\=0 -fno-color-diagnostics -fmodules-prune-interval\=86400 -fmodules-prune-after\=345600 -fbuild-session-file\=/Users/Veer/Library/Developer/Xcode/DerivedData/ModuleCache.noindex/Session.modulevalidation -fmodules-validate-once-per-build-session -Wnon-modular-include-in-framework-module -Werror\=non-modular-include-in-framework-module -Wno-trigraphs -Wno-missing-field-initializers -Wno-missing-prototypes -Wno-return-type -Wno-implicit-atomic-properties -Wno-objc-interface-ivars -Wno-arc-repeated-use-of-weak -Wno-missing-braces -Wparentheses -Wswitch -Wno-unused-function -Wno-unused-label -Wno-unused-parameter -Wno-unused-variable -Wunused-value -Wno-empty-body -Wno-uninitialized -Wno-unknown-pragmas -w -Wno-shadow -Wno-four-char-constants -Wno-conversion -Wno-constant-conversion -Wno-int-conversion -Wno-bool-conversion -Wno-enum-conversion -Wno-float-conversion -Wno-non-literal-null-conversion -Wno-objc-literal-conversion -Wshorten-64-to-32 -Wpointer-sign -Wno-newline-eof -Wno-selector -Wno-strict-selector-match -Wno-undeclared-selector -Wno-deprecated-implementations -Wno-implicit-fallthrough -fstrict-aliasing -Wprotocol -Wdeprecated-declarations -Wno-sign-conversion -Wno-infinite-recursion -Wno-comma -Wno-block-capture-autoreleasing -Wno-strict-prototypes -Wno-semicolon-before-method-body -index-store-path /Users/Veer/Library/Developer/Xcode/DerivedData/HearifyV1-ftljoypfezvlxcgouzbpmsmxzads/Index.noindex/DataStore @/Users/Veer/Library/Developer/Xcode/DerivedData/HearifyV1-ftljoypfezvlxcgouzbpmsmxzads/Build/Intermediates.noindex/GTMSessionFetcher.build/Debug-iphoneos/GTMSessionFetcherCore.build/Objects-normal/arm64/e6072d4f65d7061329687fe24e3d63a7-common-args.resp -include /Users/Veer/Library/Developer/Xcode/DerivedData/HearifyV1-ftljoypfezvlxcgouzbpmsmxzads/Build/Intermediates.noindex/GTMSessionFetcher.build/Debug-iphoneos/GTMSessionFetcherCore.build/DerivedSources/resource_bundle_accessor.h -MMD -MT dependencies -MF /Users/Veer/Library/Developer/Xcode/DerivedData/HearifyV1-ftljoypfezvlxcgouzbpmsmxzads/Build/Intermediates.noindex/GTMSessionFetcher.build/Debug-iphoneos/GTMSessionFetcherCore.build/Objects-normal/arm64/GTMSessionFetcher.d --serialize-diagnostics /Users/Veer/Library/Developer/Xcode/DerivedData/HearifyV1-ftljoypfezvlxcgouzbpmsmxzads/Build/Intermediates.noindex/GTMSessionFetcher.build/Debug-iphoneos/GTMSessionFetcherCore.build/Objects-normal/arm64/GTMSessionFetcher.dia -c /Users/Veer/Library/Developer/Xcode/DerivedData/HearifyV1-ftljoypfezvlxcgouzbpmsmxzads/SourcePackages/checkouts/gtm-session-fetcher/Sources/Core/GTMSessionFetcher.m -o /Users/Veer/Library/Developer/Xcode/DerivedData/HearifyV1-ftljoypfezvlxcgouzbpmsmxzads/Build/Intermediates.noindex/GTMSessionFetcher.build/Debug-iphoneos/GTMSessionFetcherCore.build/Objects-normal/arm64/GTMSessionFetcher.o -index-unit-output-path /GTMSessionFetcher.build/Debug-iphoneos/GTMSessionFetcherCore.build/Objects-normal/arm64/GTMSessionFetcher.o

SwiftExplicitDependencyGeneratePcm arm64 /Users/Veer/Library/Developer/Xcode/DerivedData/ModuleCache.noindex/_Builtin_inttypes-7CV0WDIAFJSN527RJHE029ENW.pcm

SwiftExplicitDependencyGeneratePcm arm64 /Users/Veer/Library/Developer/Xcode/DerivedData/ModuleCache.noindex/Darwin-EIIHYHDV66V3NAW1OROVYEP48.pcm

Ld /Users/Veer/Library/Developer/Xcode/DerivedData/HearifyV1-ftljoypfezvlxcgouzbpmsmxzads/Build/Products/Debug-iphoneos/GTMSessionFetcherCore.o normal (in target 'GTMSessionFetcherCore' from project 'GTMSessionFetcher')
    cd /Users/Veer/Library/Developer/Xcode/DerivedData/HearifyV1-ftljoypfezvlxcgouzbpmsmxzads/SourcePackages/checkouts/gtm-session-fetcher
    /Applications/Xcode.app/Contents/Developer/Toolchains/XcodeDefault.xctoolchain/usr/bin/clang -Xlinker -reproducible -target arm64-apple-ios15.0 -r -isysroot /Applications/Xcode.app/Contents/Developer/Platforms/iPhoneOS.platform/Developer/SDKs/iPhoneOS26.2.sdk -O0 -w -L/Users/Veer/Library/Developer/Xcode/DerivedData/HearifyV1-ftljoypfezvlxcgouzbpmsmxzads/Build/Intermediates.noindex/EagerLinkingTBDs/Debug-iphoneos -L/Users/Veer/Library/Developer/Xcode/DerivedData/HearifyV1-ftljoypfezvlxcgouzbpmsmxzads/Build/Products/Debug-iphoneos -L/Applications/Xcode.app/Contents/Developer/Platforms/iPhoneOS.platform/Developer/usr/lib -F/Users/Veer/Library/Developer/Xcode/DerivedData/HearifyV1-ftljoypfezvlxcgouzbpmsmxzads/Build/Intermediates.noindex/EagerLinkingTBDs/Debug-iphoneos -F/Users/Veer/Library/Developer/Xcode/DerivedData/HearifyV1-ftljoypfezvlxcgouzbpmsmxzads/Build/Products/Debug-iphoneos -iframework /Applications/Xcode.app/Contents/Developer/Platforms/iPhoneOS.platform/Developer/Library/Frameworks -iframework /Applications/Xcode.app/Contents/Developer/Platforms/iPhoneOS.platform/Developer/SDKs/iPhoneOS26.2.sdk/Developer/Library/Frameworks -filelist /Users/Veer/Library/Developer/Xcode/DerivedData/HearifyV1-ftljoypfezvlxcgouzbpmsmxzads/Build/Intermediates.noindex/GTMSessionFetcher.build/Debug-iphoneos/GTMSessionFetcherCore.build/Objects-normal/arm64/GTMSessionFetcherCore.LinkFileList -nostdlib -Xlinker -object_path_lto -Xlinker /Users/Veer/Library/Developer/Xcode/DerivedData/HearifyV1-ftljoypfezvlxcgouzbpmsmxzads/Build/Intermediates.noindex/GTMSessionFetcher.build/Debug-iphoneos/GTMSessionFetcherCore.build/Objects-normal/arm64/GTMSessionFetcherCore_lto.o -rdynamic -Xlinker -no_deduplicate -Xlinker -debug_variant -Xlinker -dependency_info -Xlinker /Users/Veer/Library/Developer/Xcode/DerivedData/HearifyV1-ftljoypfezvlxcgouzbpmsmxzads/Build/Intermediates.noindex/GTMSessionFetcher.build/Debug-iphoneos/GTMSessionFetcherCore.build/Objects-normal/arm64/GTMSessionFetcherCore_dependency_info.dat -fobjc-arc -fobjc-link-runtime -o /Users/Veer/Library/Developer/Xcode/DerivedData/HearifyV1-ftljoypfezvlxcgouzbpmsmxzads/Build/Products/Debug-iphoneos/GTMSessionFetcherCore.o

RegisterExecutionPolicyException /Users/Veer/Library/Developer/Xcode/DerivedData/HearifyV1-ftljoypfezvlxcgouzbpmsmxzads/Build/Products/Debug-iphoneos/GTMSessionFetcherCore.o (in target 'GTMSessionFetcherCore' from project 'GTMSessionFetcher')
    cd /Users/Veer/Library/Developer/Xcode/DerivedData/HearifyV1-ftljoypfezvlxcgouzbpmsmxzads/SourcePackages/checkouts/gtm-session-fetcher
    builtin-RegisterExecutionPolicyException /Users/Veer/Library/Developer/Xcode/DerivedData/HearifyV1-ftljoypfezvlxcgouzbpmsmxzads/Build/Products/Debug-iphoneos/GTMSessionFetcherCore.o

SwiftExplicitDependencyGeneratePcm arm64 /Users/Veer/Library/Developer/Xcode/DerivedData/ModuleCache.noindex/MachO-HL50F5QOKQB2ARI7HHB6DRWR.pcm

SwiftExplicitDependencyGeneratePcm arm64 /Users/Veer/Library/Developer/Xcode/DerivedData/ModuleCache.noindex/ObjectiveC-4NJD6BR5QVPY1SIG3V2AHSZQF.pcm

SwiftDriverJobDiscovery normal arm64 Compiling FirebaseDataEncoder.swift (in target 'FirebaseSharedSwift' from project 'Firebase')

SwiftDriver\ Compilation FirebaseSharedSwift normal arm64 com.apple.xcode.tools.swift.compiler (in target 'FirebaseSharedSwift' from project 'Firebase')
    cd /Users/Veer/Library/Mobile\ Documents/com\~apple\~CloudDocs/HearifyV1/HearifyV1.xcodeproj
    builtin-Swift-Compilation -- /Applications/Xcode.app/Contents/Developer/Toolchains/XcodeDefault.xctoolchain/usr/bin/swiftc -module-name FirebaseSharedSwift -Onone -enforce-exclusivity\=checked @/Users/Veer/Library/Developer/Xcode/DerivedData/HearifyV1-ftljoypfezvlxcgouzbpmsmxzads/Build/Intermediates.noindex/Firebase.build/Debug-iphoneos/FirebaseSharedSwift.build/Objects-normal/arm64/FirebaseSharedSwift.SwiftFileList -DSWIFT_PACKAGE -DDEBUG -DSWIFT_MODULE_RESOURCE_BUNDLE_UNAVAILABLE -DXcode -plugin-path /Applications/Xcode.app/Contents/Developer/Toolchains/XcodeDefault.xctoolchain/usr/lib/swift/host/plugins/testing -enable-experimental-feature DebugDescriptionMacro -sdk /Applications/Xcode.app/Contents/Developer/Platforms/iPhoneOS.platform/Developer/SDKs/iPhoneOS26.2.sdk -target arm64-apple-ios15.0 -g -module-cache-path /Users/Veer/Library/Developer/Xcode/DerivedData/ModuleCache.noindex -Xfrontend -serialize-debugging-options -profile-coverage-mapping -profile-generate -enable-testing -suppress-warnings -index-store-path /Users/Veer/Library/Developer/Xcode/DerivedData/HearifyV1-ftljoypfezvlxcgouzbpmsmxzads/Index.noindex/DataStore -Xcc -D_LIBCPP_HARDENING_MODE\=_LIBCPP_HARDENING_MODE_DEBUG -swift-version 5 -I /Users/Veer/Library/Developer/Xcode/DerivedData/HearifyV1-ftljoypfezvlxcgouzbpmsmxzads/Build/Products/Debug-iphoneos -Isystem /Applications/Xcode.app/Contents/Developer/Platforms/iPhoneOS.platform/Developer/usr/lib -F /Users/Veer/Library/Developer/Xcode/DerivedData/HearifyV1-ftljoypfezvlxcgouzbpmsmxzads/Build/Products/Debug-iphoneos -F /Applications/Xcode.app/Contents/Developer/Platforms/iPhoneOS.platform/Developer/Library/Frameworks -F /Applications/Xcode.app/Contents/Developer/Platforms/iPhoneOS.platform/Developer/SDKs/iPhoneOS26.2.sdk/Developer/Library/Frameworks -c -j10 -enable-batch-mode -incremental -Xcc -ivfsstatcache -Xcc /Users/Veer/Library/Developer/Xcode/DerivedData/SDKStatCaches.noindex/iphoneos26.2-23C53-3794476bd08197c3e2abd9bb477ef7f7.sdkstatcache -output-file-map /Users/Veer/Library/Developer/Xcode/DerivedData/HearifyV1-ftljoypfezvlxcgouzbpmsmxzads/Build/Intermediates.noindex/Firebase.build/Debug-iphoneos/FirebaseSharedSwift.build/Objects-normal/arm64/FirebaseSharedSwift-OutputFileMap.json -use-frontend-parseable-output -save-temps -no-color-diagnostics -explicit-module-build -module-cache-path /Users/Veer/Library/Developer/Xcode/DerivedData/HearifyV1-ftljoypfezvlxcgouzbpmsmxzads/Build/Intermediates.noindex/SwiftExplicitPrecompiledModules -clang-scanner-module-cache-path /Users/Veer/Library/Developer/Xcode/DerivedData/ModuleCache.noindex -sdk-module-cache-path /Users/Veer/Library/Developer/Xcode/DerivedData/ModuleCache.noindex -serialize-diagnostics -emit-dependencies -emit-module -emit-module-path /Users/Veer/Library/Developer/Xcode/DerivedData/HearifyV1-ftljoypfezvlxcgouzbpmsmxzads/Build/Intermediates.noindex/Firebase.build/Debug-iphoneos/FirebaseSharedSwift.build/Objects-normal/arm64/FirebaseSharedSwift.swiftmodule -user-module-version 12.8.0 -validate-clang-modules-once -clang-build-session-file /Users/Veer/Library/Developer/Xcode/DerivedData/ModuleCache.noindex/Session.modulevalidation -package-name firebase_ios_sdk -Xcc -I/Users/Veer/Library/Developer/Xcode/DerivedData/HearifyV1-ftljoypfezvlxcgouzbpmsmxzads/Build/Intermediates.noindex/Firebase.build/Debug-iphoneos/FirebaseSharedSwift.build/swift-overrides.hmap -emit-const-values -Xfrontend -const-gather-protocols-file -Xfrontend /Users/Veer/Library/Developer/Xcode/DerivedData/HearifyV1-ftljoypfezvlxcgouzbpmsmxzads/Build/Intermediates.noindex/Firebase.build/Debug-iphoneos/FirebaseSharedSwift.build/Objects-normal/arm64/FirebaseSharedSwift_const_extract_protocols.json -Xcc -I/Users/Veer/Library/Developer/Xcode/DerivedData/HearifyV1-ftljoypfezvlxcgouzbpmsmxzads/Build/Products/Debug-iphoneos/include -Xcc -I/Users/Veer/Library/Developer/Xcode/DerivedData/HearifyV1-ftljoypfezvlxcgouzbpmsmxzads/Build/Intermediates.noindex/Firebase.build/Debug-iphoneos/FirebaseSharedSwift.build/DerivedSources-normal/arm64 -Xcc -I/Users/Veer/Library/Developer/Xcode/DerivedData/HearifyV1-ftljoypfezvlxcgouzbpmsmxzads/Build/Intermediates.noindex/Firebase.build/Debug-iphoneos/FirebaseSharedSwift.build/DerivedSources/arm64 -Xcc -I/Users/Veer/Library/Developer/Xcode/DerivedData/HearifyV1-ftljoypfezvlxcgouzbpmsmxzads/Build/Intermediates.noindex/Firebase.build/Debug-iphoneos/FirebaseSharedSwift.build/DerivedSources -Xcc -DSWIFT_PACKAGE -Xcc -DDEBUG\=1 -emit-objc-header -emit-objc-header-path /Users/Veer/Library/Developer/Xcode/DerivedData/HearifyV1-ftljoypfezvlxcgouzbpmsmxzads/Build/Intermediates.noindex/Firebase.build/Debug-iphoneos/FirebaseSharedSwift.build/Objects-normal/arm64/FirebaseSharedSwift-Swift.h -working-directory /Users/Veer/Library/Mobile\ Documents/com\~apple\~CloudDocs/HearifyV1/HearifyV1.xcodeproj -experimental-emit-module-separately -disable-cmo

Ld /Users/Veer/Library/Developer/Xcode/DerivedData/HearifyV1-ftljoypfezvlxcgouzbpmsmxzads/Build/Products/Debug-iphoneos/FirebaseSharedSwift.o normal (in target 'FirebaseSharedSwift' from project 'Firebase')
    cd /Users/Veer/Library/Developer/Xcode/DerivedData/HearifyV1-ftljoypfezvlxcgouzbpmsmxzads/SourcePackages/checkouts/firebase-ios-sdk
    /Applications/Xcode.app/Contents/Developer/Toolchains/XcodeDefault.xctoolchain/usr/bin/clang -Xlinker -reproducible -target arm64-apple-ios15.0 -r -isysroot /Applications/Xcode.app/Contents/Developer/Platforms/iPhoneOS.platform/Developer/SDKs/iPhoneOS26.2.sdk -O0 -w -L/Users/Veer/Library/Developer/Xcode/DerivedData/HearifyV1-ftljoypfezvlxcgouzbpmsmxzads/Build/Intermediates.noindex/EagerLinkingTBDs/Debug-iphoneos -L/Users/Veer/Library/Developer/Xcode/DerivedData/HearifyV1-ftljoypfezvlxcgouzbpmsmxzads/Build/Products/Debug-iphoneos -L/Applications/Xcode.app/Contents/Developer/Platforms/iPhoneOS.platform/Developer/usr/lib -F/Users/Veer/Library/Developer/Xcode/DerivedData/HearifyV1-ftljoypfezvlxcgouzbpmsmxzads/Build/Intermediates.noindex/EagerLinkingTBDs/Debug-iphoneos -F/Users/Veer/Library/Developer/Xcode/DerivedData/HearifyV1-ftljoypfezvlxcgouzbpmsmxzads/Build/Products/Debug-iphoneos -iframework /Applications/Xcode.app/Contents/Developer/Platforms/iPhoneOS.platform/Developer/Library/Frameworks -iframework /Applications/Xcode.app/Contents/Developer/Platforms/iPhoneOS.platform/Developer/SDKs/iPhoneOS26.2.sdk/Developer/Library/Frameworks -filelist /Users/Veer/Library/Developer/Xcode/DerivedData/HearifyV1-ftljoypfezvlxcgouzbpmsmxzads/Build/Intermediates.noindex/Firebase.build/Debug-iphoneos/FirebaseSharedSwift.build/Objects-normal/arm64/FirebaseSharedSwift.LinkFileList -nostdlib -Xlinker -object_path_lto -Xlinker /Users/Veer/Library/Developer/Xcode/DerivedData/HearifyV1-ftljoypfezvlxcgouzbpmsmxzads/Build/Intermediates.noindex/Firebase.build/Debug-iphoneos/FirebaseSharedSwift.build/Objects-normal/arm64/FirebaseSharedSwift_lto.o -rdynamic -Xlinker -no_deduplicate -Xlinker -debug_variant -Xlinker -dependency_info -Xlinker /Users/Veer/Library/Developer/Xcode/DerivedData/HearifyV1-ftljoypfezvlxcgouzbpmsmxzads/Build/Intermediates.noindex/Firebase.build/Debug-iphoneos/FirebaseSharedSwift.build/Objects-normal/arm64/FirebaseSharedSwift_dependency_info.dat -fobjc-link-runtime -L/Applications/Xcode.app/Contents/Developer/Toolchains/XcodeDefault.xctoolchain/usr/lib/swift/iphoneos -L/usr/lib/swift -Xlinker -add_ast_path -Xlinker /Users/Veer/Library/Developer/Xcode/DerivedData/HearifyV1-ftljoypfezvlxcgouzbpmsmxzads/Build/Intermediates.noindex/Firebase.build/Debug-iphoneos/FirebaseSharedSwift.build/Objects-normal/arm64/FirebaseSharedSwift.swiftmodule @/Users/Veer/Library/Developer/Xcode/DerivedData/HearifyV1-ftljoypfezvlxcgouzbpmsmxzads/Build/Intermediates.noindex/Firebase.build/Debug-iphoneos/FirebaseSharedSwift.build/Objects-normal/arm64/FirebaseSharedSwift-linker-args.resp -o /Users/Veer/Library/Developer/Xcode/DerivedData/HearifyV1-ftljoypfezvlxcgouzbpmsmxzads/Build/Products/Debug-iphoneos/FirebaseSharedSwift.o

SwiftExplicitDependencyGeneratePcm arm64 /Users/Veer/Library/Developer/Xcode/DerivedData/ModuleCache.noindex/os_object-2HGJJHJ55K5LG36TNZJZ11Z22.pcm

ExtractAppIntentsMetadata (in target 'FirebaseSharedSwift' from project 'Firebase')
    cd /Users/Veer/Library/Developer/Xcode/DerivedData/HearifyV1-ftljoypfezvlxcgouzbpmsmxzads/SourcePackages/checkouts/firebase-ios-sdk
    /Applications/Xcode.app/Contents/Developer/Toolchains/XcodeDefault.xctoolchain/usr/bin/appintentsmetadataprocessor --toolchain-dir /Applications/Xcode.app/Contents/Developer/Toolchains/XcodeDefault.xctoolchain --module-name FirebaseSharedSwift --sdk-root /Applications/Xcode.app/Contents/Developer/Platforms/iPhoneOS.platform/Developer/SDKs/iPhoneOS26.2.sdk --xcode-version 17C52 --platform-family iOS --deployment-target 15.0 --bundle-identifier firebase-ios-sdk.FirebaseSharedSwift --output /Users/Veer/Library/Developer/Xcode/DerivedData/HearifyV1-ftljoypfezvlxcgouzbpmsmxzads/Build/Products/Debug-iphoneos/FirebaseSharedSwift.appintents --target-triple arm64-apple-ios15.0 --binary-file /Users/Veer/Library/Developer/Xcode/DerivedData/HearifyV1-ftljoypfezvlxcgouzbpmsmxzads/Build/Products/Debug-iphoneos/FirebaseSharedSwift.o --dependency-file /Users/Veer/Library/Developer/Xcode/DerivedData/HearifyV1-ftljoypfezvlxcgouzbpmsmxzads/Build/Intermediates.noindex/Firebase.build/Debug-iphoneos/FirebaseSharedSwift.build/Objects-normal/arm64/FirebaseSharedSwift_dependency_info.dat --stringsdata-file /Users/Veer/Library/Developer/Xcode/DerivedData/HearifyV1-ftljoypfezvlxcgouzbpmsmxzads/Build/Intermediates.noindex/Firebase.build/Debug-iphoneos/FirebaseSharedSwift.build/Objects-normal/arm64/ExtractedAppShortcutsMetadata.stringsdata --source-file-list /Users/Veer/Library/Developer/Xcode/DerivedData/HearifyV1-ftljoypfezvlxcgouzbpmsmxzads/Build/Intermediates.noindex/Firebase.build/Debug-iphoneos/FirebaseSharedSwift.build/Objects-normal/arm64/FirebaseSharedSwift.SwiftFileList --metadata-file-list /Users/Veer/Library/Developer/Xcode/DerivedData/HearifyV1-ftljoypfezvlxcgouzbpmsmxzads/Build/Intermediates.noindex/Firebase.build/Debug-iphoneos/FirebaseSharedSwift.build/FirebaseSharedSwift.DependencyMetadataFileList --static-metadata-file-list /Users/Veer/Library/Developer/Xcode/DerivedData/HearifyV1-ftljoypfezvlxcgouzbpmsmxzads/Build/Intermediates.noindex/Firebase.build/Debug-iphoneos/FirebaseSharedSwift.build/FirebaseSharedSwift.DependencyStaticMetadataFileList --swift-const-vals-list /Users/Veer/Library/Developer/Xcode/DerivedData/HearifyV1-ftljoypfezvlxcgouzbpmsmxzads/Build/Intermediates.noindex/Firebase.build/Debug-iphoneos/FirebaseSharedSwift.build/Objects-normal/arm64/FirebaseSharedSwift.SwiftConstValuesFileList --force --compile-time-extraction --deployment-aware-processing --validate-assistant-intents --no-app-shortcuts-localization
2026-02-02 01:04:11.885 appintentsmetadataprocessor[53431:9872947] Starting appintentsmetadataprocessor export
2026-02-02 01:04:12.273 appintentsmetadataprocessor[53431:9872947] Extracted no relevant App Intents symbols, skipping writing output

SwiftExplicitDependencyGeneratePcm arm64 /Users/Veer/Library/Developer/Xcode/DerivedData/ModuleCache.noindex/os_workgroup-5L7CAPTS7TWBC69OT6T9HTS0N.pcm

WriteAuxiliaryFile /Users/Veer/Library/Developer/Xcode/DerivedData/HearifyV1-ftljoypfezvlxcgouzbpmsmxzads/Build/Intermediates.noindex/gRPC.build/Debug-iphoneos/grpcppWrapper.build/grpcppWrapper.DependencyStaticMetadataFileList (in target 'grpcppWrapper' from project 'gRPC')
    cd /Users/Veer/Library/Developer/Xcode/DerivedData/HearifyV1-ftljoypfezvlxcgouzbpmsmxzads/SourcePackages/checkouts/grpc-binary
    write-file /Users/Veer/Library/Developer/Xcode/DerivedData/HearifyV1-ftljoypfezvlxcgouzbpmsmxzads/Build/Intermediates.noindex/gRPC.build/Debug-iphoneos/grpcppWrapper.build/grpcppWrapper.DependencyStaticMetadataFileList

WriteAuxiliaryFile /Users/Veer/Library/Developer/Xcode/DerivedData/HearifyV1-ftljoypfezvlxcgouzbpmsmxzads/Build/Intermediates.noindex/gRPC.build/Debug-iphoneos/grpcppWrapper.build/grpcppWrapper.DependencyMetadataFileList (in target 'grpcppWrapper' from project 'gRPC')
    cd /Users/Veer/Library/Developer/Xcode/DerivedData/HearifyV1-ftljoypfezvlxcgouzbpmsmxzads/SourcePackages/checkouts/grpc-binary
    write-file /Users/Veer/Library/Developer/Xcode/DerivedData/HearifyV1-ftljoypfezvlxcgouzbpmsmxzads/Build/Intermediates.noindex/gRPC.build/Debug-iphoneos/grpcppWrapper.build/grpcppWrapper.DependencyMetadataFileList

WriteAuxiliaryFile /Users/Veer/Library/Developer/Xcode/DerivedData/HearifyV1-ftljoypfezvlxcgouzbpmsmxzads/Build/Intermediates.noindex/gRPC.build/Debug-iphoneos/grpcppWrapper.build/DerivedSources/resource_bundle_accessor.h (in target 'grpcppWrapper' from project 'gRPC')
    cd /Users/Veer/Library/Developer/Xcode/DerivedData/HearifyV1-ftljoypfezvlxcgouzbpmsmxzads/SourcePackages/checkouts/grpc-binary
    write-file /Users/Veer/Library/Developer/Xcode/DerivedData/HearifyV1-ftljoypfezvlxcgouzbpmsmxzads/Build/Intermediates.noindex/gRPC.build/Debug-iphoneos/grpcppWrapper.build/DerivedSources/resource_bundle_accessor.h

WriteAuxiliaryFile /Users/Veer/Library/Developer/Xcode/DerivedData/HearifyV1-ftljoypfezvlxcgouzbpmsmxzads/Build/Intermediates.noindex/gRPC.build/Debug-iphoneos/grpcppWrapper.build/Objects-normal/arm64/e6072d4f65d7061329687fe24e3d63a7-common-args.resp (in target 'grpcppWrapper' from project 'gRPC')
    cd /Users/Veer/Library/Developer/Xcode/DerivedData/HearifyV1-ftljoypfezvlxcgouzbpmsmxzads/SourcePackages/checkouts/grpc-binary
    write-file /Users/Veer/Library/Developer/Xcode/DerivedData/HearifyV1-ftljoypfezvlxcgouzbpmsmxzads/Build/Intermediates.noindex/gRPC.build/Debug-iphoneos/grpcppWrapper.build/Objects-normal/arm64/e6072d4f65d7061329687fe24e3d63a7-common-args.resp
-target arm64-apple-ios12.0 -fobjc-arc -fmodules -gmodules '-fmodules-cache-path=/Users/Veer/Library/Developer/Xcode/DerivedData/ModuleCache.noindex' '-fmodule-name=grpcppWrapper' -fpascal-strings -O0 -DSWIFT_PACKAGE '-DDEBUG=1' '-DOBJC_OLD_DISPATCH_PROTOTYPES=1' -isysroot /Applications/Xcode.app/Contents/Developer/Platforms/iPhoneOS.platform/Developer/SDKs/iPhoneOS26.2.sdk -g -fprofile-instr-generate -fcoverage-mapping -I/Users/Veer/Library/Developer/Xcode/DerivedData/HearifyV1-ftljoypfezvlxcgouzbpmsmxzads/SourcePackages/checkouts/abseil-cpp-binary/absl-Wrapper/include -I/Users/Veer/Library/Developer/Xcode/DerivedData/HearifyV1-ftljoypfezvlxcgouzbpmsmxzads/SourcePackages/checkouts/grpc-binary/openssl-grpc-Wrapper/include -I/Users/Veer/Library/Developer/Xcode/DerivedData/HearifyV1-ftljoypfezvlxcgouzbpmsmxzads/SourcePackages/checkouts/grpc-binary/grpc-Wrapper/include -I/Users/Veer/Library/Developer/Xcode/DerivedData/HearifyV1-ftljoypfezvlxcgouzbpmsmxzads/Build/Products/Debug-iphoneos/include -I/Users/Veer/Library/Developer/Xcode/DerivedData/HearifyV1-ftljoypfezvlxcgouzbpmsmxzads/SourcePackages/checkouts/grpc-binary/grpcpp-Wrapper/include -I/Users/Veer/Library/Developer/Xcode/DerivedData/HearifyV1-ftljoypfezvlxcgouzbpmsmxzads/Build/Intermediates.noindex/gRPC.build/Debug-iphoneos/grpcppWrapper.build/DerivedSources-normal/arm64 -I/Users/Veer/Library/Developer/Xcode/DerivedData/HearifyV1-ftljoypfezvlxcgouzbpmsmxzads/Build/Intermediates.noindex/gRPC.build/Debug-iphoneos/grpcppWrapper.build/DerivedSources/arm64 -I/Users/Veer/Library/Developer/Xcode/DerivedData/HearifyV1-ftljoypfezvlxcgouzbpmsmxzads/Build/Intermediates.noindex/gRPC.build/Debug-iphoneos/grpcppWrapper.build/DerivedSources -F/Users/Veer/Library/Developer/Xcode/DerivedData/HearifyV1-ftljoypfezvlxcgouzbpmsmxzads/Build/Products/Debug-iphoneos/PackageFrameworks -F/Users/Veer/Library/Developer/Xcode/DerivedData/HearifyV1-ftljoypfezvlxcgouzbpmsmxzads/Build/Products/Debug-iphoneos/PackageFrameworks -F/Users/Veer/Library/Developer/Xcode/DerivedData/HearifyV1-ftljoypfezvlxcgouzbpmsmxzads/Build/Products/Debug-iphoneos/PackageFrameworks -F/Users/Veer/Library/Developer/Xcode/DerivedData/HearifyV1-ftljoypfezvlxcgouzbpmsmxzads/Build/Products/Debug-iphoneos -iframework /Applications/Xcode.app/Contents/Developer/Platforms/iPhoneOS.platform/Developer/Library/Frameworks -iframework /Applications/Xcode.app/Contents/Developer/Platforms/iPhoneOS.platform/Developer/SDKs/iPhoneOS26.2.sdk/Developer/Library/Frameworks '-fmodule-map-file=/Users/Veer/Library/Developer/Xcode/DerivedData/HearifyV1-ftljoypfezvlxcgouzbpmsmxzads/Build/Intermediates.noindex/GeneratedModuleMaps-iphoneos/abslWrapper.modulemap' '-fmodule-map-file=/Users/Veer/Library/Developer/Xcode/DerivedData/HearifyV1-ftljoypfezvlxcgouzbpmsmxzads/Build/Intermediates.noindex/GeneratedModuleMaps-iphoneos/opensslWrapper.modulemap' '-fmodule-map-file=/Users/Veer/Library/Developer/Xcode/DerivedData/HearifyV1-ftljoypfezvlxcgouzbpmsmxzads/Build/Intermediates.noindex/GeneratedModuleMaps-iphoneos/grpcWrapper.modulemap' -DXcode

WriteAuxiliaryFile /Users/Veer/Library/Developer/Xcode/DerivedData/HearifyV1-ftljoypfezvlxcgouzbpmsmxzads/Build/Intermediates.noindex/gRPC.build/Debug-iphoneos/grpcppWrapper.build/Objects-normal/arm64/grpcppWrapper.LinkFileList (in target 'grpcppWrapper' from project 'gRPC')
    cd /Users/Veer/Library/Developer/Xcode/DerivedData/HearifyV1-ftljoypfezvlxcgouzbpmsmxzads/SourcePackages/checkouts/grpc-binary
    write-file /Users/Veer/Library/Developer/Xcode/DerivedData/HearifyV1-ftljoypfezvlxcgouzbpmsmxzads/Build/Intermediates.noindex/gRPC.build/Debug-iphoneos/grpcppWrapper.build/Objects-normal/arm64/grpcppWrapper.LinkFileList

WriteAuxiliaryFile /Users/Veer/Library/Developer/Xcode/DerivedData/HearifyV1-ftljoypfezvlxcgouzbpmsmxzads/Build/Intermediates.noindex/gRPC.build/Debug-iphoneos/grpcppWrapper.build/DerivedSources/resource_bundle_accessor.m (in target 'grpcppWrapper' from project 'gRPC')
    cd /Users/Veer/Library/Developer/Xcode/DerivedData/HearifyV1-ftljoypfezvlxcgouzbpmsmxzads/SourcePackages/checkouts/grpc-binary
    write-file /Users/Veer/Library/Developer/Xcode/DerivedData/HearifyV1-ftljoypfezvlxcgouzbpmsmxzads/Build/Intermediates.noindex/gRPC.build/Debug-iphoneos/grpcppWrapper.build/DerivedSources/resource_bundle_accessor.m

WriteAuxiliaryFile /Users/Veer/Library/Developer/Xcode/DerivedData/HearifyV1-ftljoypfezvlxcgouzbpmsmxzads/Build/Intermediates.noindex/gRPC.build/Debug-iphoneos/grpcppWrapper.build/grpcppWrapper.modulemap (in target 'grpcppWrapper' from project 'gRPC')
    cd /Users/Veer/Library/Developer/Xcode/DerivedData/HearifyV1-ftljoypfezvlxcgouzbpmsmxzads/SourcePackages/checkouts/grpc-binary
    write-file /Users/Veer/Library/Developer/Xcode/DerivedData/HearifyV1-ftljoypfezvlxcgouzbpmsmxzads/Build/Intermediates.noindex/gRPC.build/Debug-iphoneos/grpcppWrapper.build/grpcppWrapper.modulemap

WriteAuxiliaryFile /Users/Veer/Library/Developer/Xcode/DerivedData/HearifyV1-ftljoypfezvlxcgouzbpmsmxzads/Build/Intermediates.noindex/gRPC.build/Debug-iphoneos/grpcWrapper.build/grpcWrapper.DependencyStaticMetadataFileList (in target 'grpcWrapper' from project 'gRPC')
    cd /Users/Veer/Library/Developer/Xcode/DerivedData/HearifyV1-ftljoypfezvlxcgouzbpmsmxzads/SourcePackages/checkouts/grpc-binary
    write-file /Users/Veer/Library/Developer/Xcode/DerivedData/HearifyV1-ftljoypfezvlxcgouzbpmsmxzads/Build/Intermediates.noindex/gRPC.build/Debug-iphoneos/grpcWrapper.build/grpcWrapper.DependencyStaticMetadataFileList

WriteAuxiliaryFile /Users/Veer/Library/Developer/Xcode/DerivedData/HearifyV1-ftljoypfezvlxcgouzbpmsmxzads/Build/Intermediates.noindex/gRPC.build/Debug-iphoneos/grpcWrapper.build/grpcWrapper.modulemap (in target 'grpcWrapper' from project 'gRPC')
    cd /Users/Veer/Library/Developer/Xcode/DerivedData/HearifyV1-ftljoypfezvlxcgouzbpmsmxzads/SourcePackages/checkouts/grpc-binary
    write-file /Users/Veer/Library/Developer/Xcode/DerivedData/HearifyV1-ftljoypfezvlxcgouzbpmsmxzads/Build/Intermediates.noindex/gRPC.build/Debug-iphoneos/grpcWrapper.build/grpcWrapper.modulemap

WriteAuxiliaryFile /Users/Veer/Library/Developer/Xcode/DerivedData/HearifyV1-ftljoypfezvlxcgouzbpmsmxzads/Build/Intermediates.noindex/gRPC.build/Debug-iphoneos/grpcWrapper.build/grpcWrapper.DependencyMetadataFileList (in target 'grpcWrapper' from project 'gRPC')
    cd /Users/Veer/Library/Developer/Xcode/DerivedData/HearifyV1-ftljoypfezvlxcgouzbpmsmxzads/SourcePackages/checkouts/grpc-binary
    write-file /Users/Veer/Library/Developer/Xcode/DerivedData/HearifyV1-ftljoypfezvlxcgouzbpmsmxzads/Build/Intermediates.noindex/gRPC.build/Debug-iphoneos/grpcWrapper.build/grpcWrapper.DependencyMetadataFileList

WriteAuxiliaryFile /Users/Veer/Library/Developer/Xcode/DerivedData/HearifyV1-ftljoypfezvlxcgouzbpmsmxzads/Build/Intermediates.noindex/gRPC.build/Debug-iphoneos/grpcWrapper.build/Objects-normal/arm64/e6072d4f65d7061329687fe24e3d63a7-common-args.resp (in target 'grpcWrapper' from project 'gRPC')
    cd /Users/Veer/Library/Developer/Xcode/DerivedData/HearifyV1-ftljoypfezvlxcgouzbpmsmxzads/SourcePackages/checkouts/grpc-binary
    write-file /Users/Veer/Library/Developer/Xcode/DerivedData/HearifyV1-ftljoypfezvlxcgouzbpmsmxzads/Build/Intermediates.noindex/gRPC.build/Debug-iphoneos/grpcWrapper.build/Objects-normal/arm64/e6072d4f65d7061329687fe24e3d63a7-common-args.resp
-target arm64-apple-ios12.0 -fobjc-arc -fmodules -gmodules '-fmodules-cache-path=/Users/Veer/Library/Developer/Xcode/DerivedData/ModuleCache.noindex' '-fmodule-name=grpcWrapper' -fpascal-strings -O0 -DSWIFT_PACKAGE '-DDEBUG=1' '-DOBJC_OLD_DISPATCH_PROTOTYPES=1' -isysroot /Applications/Xcode.app/Contents/Developer/Platforms/iPhoneOS.platform/Developer/SDKs/iPhoneOS26.2.sdk -g -fprofile-instr-generate -fcoverage-mapping -I/Users/Veer/Library/Developer/Xcode/DerivedData/HearifyV1-ftljoypfezvlxcgouzbpmsmxzads/Build/Products/Debug-iphoneos/include -I/Users/Veer/Library/Developer/Xcode/DerivedData/HearifyV1-ftljoypfezvlxcgouzbpmsmxzads/SourcePackages/checkouts/grpc-binary/grpc-Wrapper/include -I/Users/Veer/Library/Developer/Xcode/DerivedData/HearifyV1-ftljoypfezvlxcgouzbpmsmxzads/Build/Intermediates.noindex/gRPC.build/Debug-iphoneos/grpcWrapper.build/DerivedSources-normal/arm64 -I/Users/Veer/Library/Developer/Xcode/DerivedData/HearifyV1-ftljoypfezvlxcgouzbpmsmxzads/Build/Intermediates.noindex/gRPC.build/Debug-iphoneos/grpcWrapper.build/DerivedSources/arm64 -I/Users/Veer/Library/Developer/Xcode/DerivedData/HearifyV1-ftljoypfezvlxcgouzbpmsmxzads/Build/Intermediates.noindex/gRPC.build/Debug-iphoneos/grpcWrapper.build/DerivedSources -F/Users/Veer/Library/Developer/Xcode/DerivedData/HearifyV1-ftljoypfezvlxcgouzbpmsmxzads/Build/Products/Debug-iphoneos -iframework /Applications/Xcode.app/Contents/Developer/Platforms/iPhoneOS.platform/Developer/Library/Frameworks -iframework /Applications/Xcode.app/Contents/Developer/Platforms/iPhoneOS.platform/Developer/SDKs/iPhoneOS26.2.sdk/Developer/Library/Frameworks -DXcode

WriteAuxiliaryFile /Users/Veer/Library/Developer/Xcode/DerivedData/HearifyV1-ftljoypfezvlxcgouzbpmsmxzads/Build/Intermediates.noindex/gRPC.build/Debug-iphoneos/grpcWrapper.build/DerivedSources/resource_bundle_accessor.h (in target 'grpcWrapper' from project 'gRPC')
    cd /Users/Veer/Library/Developer/Xcode/DerivedData/HearifyV1-ftljoypfezvlxcgouzbpmsmxzads/SourcePackages/checkouts/grpc-binary
    write-file /Users/Veer/Library/Developer/Xcode/DerivedData/HearifyV1-ftljoypfezvlxcgouzbpmsmxzads/Build/Intermediates.noindex/gRPC.build/Debug-iphoneos/grpcWrapper.build/DerivedSources/resource_bundle_accessor.h

WriteAuxiliaryFile /Users/Veer/Library/Developer/Xcode/DerivedData/HearifyV1-ftljoypfezvlxcgouzbpmsmxzads/Build/Intermediates.noindex/gRPC.build/Debug-iphoneos/grpcWrapper.build/DerivedSources/resource_bundle_accessor.m (in target 'grpcWrapper' from project 'gRPC')
    cd /Users/Veer/Library/Developer/Xcode/DerivedData/HearifyV1-ftljoypfezvlxcgouzbpmsmxzads/SourcePackages/checkouts/grpc-binary
    write-file /Users/Veer/Library/Developer/Xcode/DerivedData/HearifyV1-ftljoypfezvlxcgouzbpmsmxzads/Build/Intermediates.noindex/gRPC.build/Debug-iphoneos/grpcWrapper.build/DerivedSources/resource_bundle_accessor.m

WriteAuxiliaryFile /Users/Veer/Library/Developer/Xcode/DerivedData/HearifyV1-ftljoypfezvlxcgouzbpmsmxzads/Build/Intermediates.noindex/gRPC.build/Debug-iphoneos/grpcWrapper.build/Objects-normal/arm64/grpcWrapper.LinkFileList (in target 'grpcWrapper' from project 'gRPC')
    cd /Users/Veer/Library/Developer/Xcode/DerivedData/HearifyV1-ftljoypfezvlxcgouzbpmsmxzads/SourcePackages/checkouts/grpc-binary
    write-file /Users/Veer/Library/Developer/Xcode/DerivedData/HearifyV1-ftljoypfezvlxcgouzbpmsmxzads/Build/Intermediates.noindex/gRPC.build/Debug-iphoneos/grpcWrapper.build/Objects-normal/arm64/grpcWrapper.LinkFileList

WriteAuxiliaryFile /Users/Veer/Library/Developer/Xcode/DerivedData/HearifyV1-ftljoypfezvlxcgouzbpmsmxzads/Build/Intermediates.noindex/HearifyV1.build/Debug-iphoneos/HearifyV1.build/Objects-normal/arm64/HearifyV1.SwiftFileList (in target 'HearifyV1' from project 'HearifyV1')
    cd /Users/Veer/Library/Mobile\ Documents/com\~apple\~CloudDocs/HearifyV1
    write-file /Users/Veer/Library/Developer/Xcode/DerivedData/HearifyV1-ftljoypfezvlxcgouzbpmsmxzads/Build/Intermediates.noindex/HearifyV1.build/Debug-iphoneos/HearifyV1.build/Objects-normal/arm64/HearifyV1.SwiftFileList

WriteAuxiliaryFile /Users/Veer/Library/Developer/Xcode/DerivedData/HearifyV1-ftljoypfezvlxcgouzbpmsmxzads/Build/Intermediates.noindex/HearifyV1.build/Debug-iphoneos/HearifyV1.build/Objects-normal/arm64/HearifyV1_const_extract_protocols.json (in target 'HearifyV1' from project 'HearifyV1')
    cd /Users/Veer/Library/Mobile\ Documents/com\~apple\~CloudDocs/HearifyV1
    write-file /Users/Veer/Library/Developer/Xcode/DerivedData/HearifyV1-ftljoypfezvlxcgouzbpmsmxzads/Build/Intermediates.noindex/HearifyV1.build/Debug-iphoneos/HearifyV1.build/Objects-normal/arm64/HearifyV1_const_extract_protocols.json

Copy /Users/Veer/Library/Developer/Xcode/DerivedData/HearifyV1-ftljoypfezvlxcgouzbpmsmxzads/Build/Intermediates.noindex/GeneratedModuleMaps-iphoneos/grpcppWrapper.modulemap /Users/Veer/Library/Developer/Xcode/DerivedData/HearifyV1-ftljoypfezvlxcgouzbpmsmxzads/Build/Intermediates.noindex/gRPC.build/Debug-iphoneos/grpcppWrapper.build/grpcppWrapper.modulemap (in target 'grpcppWrapper' from project 'gRPC')
    cd /Users/Veer/Library/Developer/Xcode/DerivedData/HearifyV1-ftljoypfezvlxcgouzbpmsmxzads/SourcePackages/checkouts/grpc-binary
    builtin-copy -exclude .DS_Store -exclude CVS -exclude .svn -exclude .git -exclude .hg -resolve-src-symlinks /Users/Veer/Library/Developer/Xcode/DerivedData/HearifyV1-ftljoypfezvlxcgouzbpmsmxzads/Build/Intermediates.noindex/gRPC.build/Debug-iphoneos/grpcppWrapper.build/grpcppWrapper.modulemap /Users/Veer/Library/Developer/Xcode/DerivedData/HearifyV1-ftljoypfezvlxcgouzbpmsmxzads/Build/Intermediates.noindex/GeneratedModuleMaps-iphoneos

WriteAuxiliaryFile /Users/Veer/Library/Developer/Xcode/DerivedData/HearifyV1-ftljoypfezvlxcgouzbpmsmxzads/Build/Intermediates.noindex/HearifyV1.build/Debug-iphoneos/HearifyV1.build/Objects-normal/arm64/HearifyV1.SwiftConstValuesFileList (in target 'HearifyV1' from project 'HearifyV1')
    cd /Users/Veer/Library/Mobile\ Documents/com\~apple\~CloudDocs/HearifyV1
    write-file /Users/Veer/Library/Developer/Xcode/DerivedData/HearifyV1-ftljoypfezvlxcgouzbpmsmxzads/Build/Intermediates.noindex/HearifyV1.build/Debug-iphoneos/HearifyV1.build/Objects-normal/arm64/HearifyV1.SwiftConstValuesFileList

Copy /Users/Veer/Library/Developer/Xcode/DerivedData/HearifyV1-ftljoypfezvlxcgouzbpmsmxzads/Build/Intermediates.noindex/GeneratedModuleMaps-iphoneos/grpcWrapper.modulemap /Users/Veer/Library/Developer/Xcode/DerivedData/HearifyV1-ftljoypfezvlxcgouzbpmsmxzads/Build/Intermediates.noindex/gRPC.build/Debug-iphoneos/grpcWrapper.build/grpcWrapper.modulemap (in target 'grpcWrapper' from project 'gRPC')
    cd /Users/Veer/Library/Developer/Xcode/DerivedData/HearifyV1-ftljoypfezvlxcgouzbpmsmxzads/SourcePackages/checkouts/grpc-binary
    builtin-copy -exclude .DS_Store -exclude CVS -exclude .svn -exclude .git -exclude .hg -resolve-src-symlinks /Users/Veer/Library/Developer/Xcode/DerivedData/HearifyV1-ftljoypfezvlxcgouzbpmsmxzads/Build/Intermediates.noindex/gRPC.build/Debug-iphoneos/grpcWrapper.build/grpcWrapper.modulemap /Users/Veer/Library/Developer/Xcode/DerivedData/HearifyV1-ftljoypfezvlxcgouzbpmsmxzads/Build/Intermediates.noindex/GeneratedModuleMaps-iphoneos

WriteAuxiliaryFile /Users/Veer/Library/Developer/Xcode/DerivedData/HearifyV1-ftljoypfezvlxcgouzbpmsmxzads/Build/Intermediates.noindex/HearifyV1.build/Debug-iphoneos/HearifyV1.build/Objects-normal/arm64/HearifyV1.LinkFileList (in target 'HearifyV1' from project 'HearifyV1')
    cd /Users/Veer/Library/Mobile\ Documents/com\~apple\~CloudDocs/HearifyV1
    write-file /Users/Veer/Library/Developer/Xcode/DerivedData/HearifyV1-ftljoypfezvlxcgouzbpmsmxzads/Build/Intermediates.noindex/HearifyV1.build/Debug-iphoneos/HearifyV1.build/Objects-normal/arm64/HearifyV1.LinkFileList

WriteAuxiliaryFile /Users/Veer/Library/Developer/Xcode/DerivedData/HearifyV1-ftljoypfezvlxcgouzbpmsmxzads/Build/Intermediates.noindex/HearifyV1.build/Debug-iphoneos/HearifyV1.build/Objects-normal/arm64/HearifyV1-OutputFileMap.json (in target 'HearifyV1' from project 'HearifyV1')
    cd /Users/Veer/Library/Mobile\ Documents/com\~apple\~CloudDocs/HearifyV1
    write-file /Users/Veer/Library/Developer/Xcode/DerivedData/HearifyV1-ftljoypfezvlxcgouzbpmsmxzads/Build/Intermediates.noindex/HearifyV1.build/Debug-iphoneos/HearifyV1.build/Objects-normal/arm64/HearifyV1-OutputFileMap.json

WriteAuxiliaryFile /Users/Veer/Library/Developer/Xcode/DerivedData/HearifyV1-ftljoypfezvlxcgouzbpmsmxzads/Build/Intermediates.noindex/HearifyV1.build/Debug-iphoneos/HearifyV1.build/HearifyV1.hmap (in target 'HearifyV1' from project 'HearifyV1')
    cd /Users/Veer/Library/Mobile\ Documents/com\~apple\~CloudDocs/HearifyV1
    write-file /Users/Veer/Library/Developer/Xcode/DerivedData/HearifyV1-ftljoypfezvlxcgouzbpmsmxzads/Build/Intermediates.noindex/HearifyV1.build/Debug-iphoneos/HearifyV1.build/HearifyV1.hmap

WriteAuxiliaryFile /Users/Veer/Library/Developer/Xcode/DerivedData/HearifyV1-ftljoypfezvlxcgouzbpmsmxzads/Build/Intermediates.noindex/HearifyV1.build/Debug-iphoneos/HearifyV1.build/HearifyV1.DependencyStaticMetadataFileList (in target 'HearifyV1' from project 'HearifyV1')
    cd /Users/Veer/Library/Mobile\ Documents/com\~apple\~CloudDocs/HearifyV1
    write-file /Users/Veer/Library/Developer/Xcode/DerivedData/HearifyV1-ftljoypfezvlxcgouzbpmsmxzads/Build/Intermediates.noindex/HearifyV1.build/Debug-iphoneos/HearifyV1.build/HearifyV1.DependencyStaticMetadataFileList

WriteAuxiliaryFile /Users/Veer/Library/Developer/Xcode/DerivedData/HearifyV1-ftljoypfezvlxcgouzbpmsmxzads/Build/Intermediates.noindex/HearifyV1.build/Debug-iphoneos/HearifyV1.build/HearifyV1.DependencyMetadataFileList (in target 'HearifyV1' from project 'HearifyV1')
    cd /Users/Veer/Library/Mobile\ Documents/com\~apple\~CloudDocs/HearifyV1
    write-file /Users/Veer/Library/Developer/Xcode/DerivedData/HearifyV1-ftljoypfezvlxcgouzbpmsmxzads/Build/Intermediates.noindex/HearifyV1.build/Debug-iphoneos/HearifyV1.build/HearifyV1.DependencyMetadataFileList

WriteAuxiliaryFile /Users/Veer/Library/Developer/Xcode/DerivedData/HearifyV1-ftljoypfezvlxcgouzbpmsmxzads/Build/Intermediates.noindex/HearifyV1.build/Debug-iphoneos/HearifyV1.build/HearifyV1-project-headers.hmap (in target 'HearifyV1' from project 'HearifyV1')
    cd /Users/Veer/Library/Mobile\ Documents/com\~apple\~CloudDocs/HearifyV1
    write-file /Users/Veer/Library/Developer/Xcode/DerivedData/HearifyV1-ftljoypfezvlxcgouzbpmsmxzads/Build/Intermediates.noindex/HearifyV1.build/Debug-iphoneos/HearifyV1.build/HearifyV1-project-headers.hmap

WriteAuxiliaryFile /Users/Veer/Library/Developer/Xcode/DerivedData/HearifyV1-ftljoypfezvlxcgouzbpmsmxzads/Build/Intermediates.noindex/HearifyV1.build/Debug-iphoneos/HearifyV1.build/HearifyV1-own-target-headers.hmap (in target 'HearifyV1' from project 'HearifyV1')
    cd /Users/Veer/Library/Mobile\ Documents/com\~apple\~CloudDocs/HearifyV1
    write-file /Users/Veer/Library/Developer/Xcode/DerivedData/HearifyV1-ftljoypfezvlxcgouzbpmsmxzads/Build/Intermediates.noindex/HearifyV1.build/Debug-iphoneos/HearifyV1.build/HearifyV1-own-target-headers.hmap

WriteAuxiliaryFile /Users/Veer/Library/Developer/Xcode/DerivedData/HearifyV1-ftljoypfezvlxcgouzbpmsmxzads/Build/Intermediates.noindex/HearifyV1.build/Debug-iphoneos/HearifyV1.build/HearifyV1-generated-files.hmap (in target 'HearifyV1' from project 'HearifyV1')
    cd /Users/Veer/Library/Mobile\ Documents/com\~apple\~CloudDocs/HearifyV1
    write-file /Users/Veer/Library/Developer/Xcode/DerivedData/HearifyV1-ftljoypfezvlxcgouzbpmsmxzads/Build/Intermediates.noindex/HearifyV1.build/Debug-iphoneos/HearifyV1.build/HearifyV1-generated-files.hmap

WriteAuxiliaryFile /Users/Veer/Library/Developer/Xcode/DerivedData/HearifyV1-ftljoypfezvlxcgouzbpmsmxzads/Build/Intermediates.noindex/HearifyV1.build/Debug-iphoneos/HearifyV1.build/HearifyV1-all-target-headers.hmap (in target 'HearifyV1' from project 'HearifyV1')
    cd /Users/Veer/Library/Mobile\ Documents/com\~apple\~CloudDocs/HearifyV1
    write-file /Users/Veer/Library/Developer/Xcode/DerivedData/HearifyV1-ftljoypfezvlxcgouzbpmsmxzads/Build/Intermediates.noindex/HearifyV1.build/Debug-iphoneos/HearifyV1.build/HearifyV1-all-target-headers.hmap

WriteAuxiliaryFile /Users/Veer/Library/Developer/Xcode/DerivedData/HearifyV1-ftljoypfezvlxcgouzbpmsmxzads/Build/Intermediates.noindex/HearifyV1.build/Debug-iphoneos/HearifyV1.build/HearifyV1-all-non-framework-target-headers.hmap (in target 'HearifyV1' from project 'HearifyV1')
    cd /Users/Veer/Library/Mobile\ Documents/com\~apple\~CloudDocs/HearifyV1
    write-file /Users/Veer/Library/Developer/Xcode/DerivedData/HearifyV1-ftljoypfezvlxcgouzbpmsmxzads/Build/Intermediates.noindex/HearifyV1.build/Debug-iphoneos/HearifyV1.build/HearifyV1-all-non-framework-target-headers.hmap

WriteAuxiliaryFile /Users/Veer/Library/Developer/Xcode/DerivedData/HearifyV1-ftljoypfezvlxcgouzbpmsmxzads/Build/Intermediates.noindex/HearifyV1.build/Debug-iphoneos/HearifyV1.build/HearifyV1-DebugDylibPath-normal-arm64.txt (in target 'HearifyV1' from project 'HearifyV1')
    cd /Users/Veer/Library/Mobile\ Documents/com\~apple\~CloudDocs/HearifyV1
    write-file /Users/Veer/Library/Developer/Xcode/DerivedData/HearifyV1-ftljoypfezvlxcgouzbpmsmxzads/Build/Intermediates.noindex/HearifyV1.build/Debug-iphoneos/HearifyV1.build/HearifyV1-DebugDylibPath-normal-arm64.txt

WriteAuxiliaryFile /Users/Veer/Library/Developer/Xcode/DerivedData/HearifyV1-ftljoypfezvlxcgouzbpmsmxzads/Build/Intermediates.noindex/HearifyV1.build/Debug-iphoneos/HearifyV1.build/HearifyV1-DebugDylibInstallName-normal-arm64.txt (in target 'HearifyV1' from project 'HearifyV1')
    cd /Users/Veer/Library/Mobile\ Documents/com\~apple\~CloudDocs/HearifyV1
    write-file /Users/Veer/Library/Developer/Xcode/DerivedData/HearifyV1-ftljoypfezvlxcgouzbpmsmxzads/Build/Intermediates.noindex/HearifyV1.build/Debug-iphoneos/HearifyV1.build/HearifyV1-DebugDylibInstallName-normal-arm64.txt

WriteAuxiliaryFile /Users/Veer/Library/Developer/Xcode/DerivedData/HearifyV1-ftljoypfezvlxcgouzbpmsmxzads/Build/Intermediates.noindex/HearifyV1.build/Debug-iphoneos/HearifyV1.build/DerivedSources/Entitlements.plist (in target 'HearifyV1' from project 'HearifyV1')
    cd /Users/Veer/Library/Mobile\ Documents/com\~apple\~CloudDocs/HearifyV1
    write-file /Users/Veer/Library/Developer/Xcode/DerivedData/HearifyV1-ftljoypfezvlxcgouzbpmsmxzads/Build/Intermediates.noindex/HearifyV1.build/Debug-iphoneos/HearifyV1.build/DerivedSources/Entitlements.plist

MkDir /Users/Veer/Library/Developer/Xcode/DerivedData/HearifyV1-ftljoypfezvlxcgouzbpmsmxzads/Build/Products/Debug-iphoneos/HearifyV1.app/Frameworks (in target 'HearifyV1' from project 'HearifyV1')
    cd /Users/Veer/Library/Mobile\ Documents/com\~apple\~CloudDocs/HearifyV1
    /bin/mkdir -p /Users/Veer/Library/Developer/Xcode/DerivedData/HearifyV1-ftljoypfezvlxcgouzbpmsmxzads/Build/Products/Debug-iphoneos/HearifyV1.app/Frameworks

MkDir /Users/Veer/Library/Developer/Xcode/DerivedData/HearifyV1-ftljoypfezvlxcgouzbpmsmxzads/Build/Products/Debug-iphoneos/HearifyV1.app (in target 'HearifyV1' from project 'HearifyV1')
    cd /Users/Veer/Library/Mobile\ Documents/com\~apple\~CloudDocs/HearifyV1
    /bin/mkdir -p /Users/Veer/Library/Developer/Xcode/DerivedData/HearifyV1-ftljoypfezvlxcgouzbpmsmxzads/Build/Products/Debug-iphoneos/HearifyV1.app

ScanDependencies /Users/Veer/Library/Developer/Xcode/DerivedData/HearifyV1-ftljoypfezvlxcgouzbpmsmxzads/Build/Intermediates.noindex/gRPC.build/Debug-iphoneos/grpcppWrapper.build/Objects-normal/arm64/resource_bundle_accessor.o /Users/Veer/Library/Developer/Xcode/DerivedData/HearifyV1-ftljoypfezvlxcgouzbpmsmxzads/Build/Intermediates.noindex/gRPC.build/Debug-iphoneos/grpcppWrapper.build/DerivedSources/resource_bundle_accessor.m normal arm64 objective-c com.apple.compilers.llvm.clang.1_0.compiler (in target 'grpcppWrapper' from project 'gRPC')
    cd /Users/Veer/Library/Mobile\ Documents/com\~apple\~CloudDocs/HearifyV1/HearifyV1.xcodeproj
    
    Using response file: /Users/Veer/Library/Developer/Xcode/DerivedData/HearifyV1-ftljoypfezvlxcgouzbpmsmxzads/Build/Intermediates.noindex/gRPC.build/Debug-iphoneos/grpcppWrapper.build/Objects-normal/arm64/e6072d4f65d7061329687fe24e3d63a7-common-args.resp
    
    builtin-ScanDependencies -o /Users/Veer/Library/Developer/Xcode/DerivedData/HearifyV1-ftljoypfezvlxcgouzbpmsmxzads/Build/Intermediates.noindex/gRPC.build/Debug-iphoneos/grpcppWrapper.build/Objects-normal/arm64/resource_bundle_accessor.o.scan -- /Applications/Xcode.app/Contents/Developer/Toolchains/XcodeDefault.xctoolchain/usr/bin/clang -x objective-c -ivfsstatcache /Users/Veer/Library/Developer/Xcode/DerivedData/SDKStatCaches.noindex/iphoneos26.2-23C53-3794476bd08197c3e2abd9bb477ef7f7.sdkstatcache -fmessage-length\=0 -fdiagnostics-show-note-include-stack -fmacro-backtrace-limit\=0 -fno-color-diagnostics -fmodules-prune-interval\=86400 -fmodules-prune-after\=345600 -fbuild-session-file\=/Users/Veer/Library/Developer/Xcode/DerivedData/ModuleCache.noindex/Session.modulevalidation -fmodules-validate-once-per-build-session -Wnon-modular-include-in-framework-module -Werror\=non-modular-include-in-framework-module -Wno-trigraphs -Wno-missing-field-initializers -Wno-missing-prototypes -Wno-return-type -Wno-implicit-atomic-properties -Wno-objc-interface-ivars -Wno-arc-repeated-use-of-weak -Wno-missing-braces -Wparentheses -Wswitch -Wno-unused-function -Wno-unused-label -Wno-unused-parameter -Wno-unused-variable -Wunused-value -Wno-empty-body -Wno-uninitialized -Wno-unknown-pragmas -w -Wno-shadow -Wno-four-char-constants -Wno-conversion -Wno-constant-conversion -Wno-int-conversion -Wno-bool-conversion -Wno-enum-conversion -Wno-float-conversion -Wno-non-literal-null-conversion -Wno-objc-literal-conversion -Wshorten-64-to-32 -Wpointer-sign -Wno-newline-eof -Wno-selector -Wno-strict-selector-match -Wno-undeclared-selector -Wno-deprecated-implementations -Wno-implicit-fallthrough -fstrict-aliasing -Wprotocol -Wdeprecated-declarations -Wno-sign-conversion -Wno-infinite-recursion -Wno-comma -Wno-block-capture-autoreleasing -Wno-strict-prototypes -Wno-semicolon-before-method-body -index-store-path /Users/Veer/Library/Developer/Xcode/DerivedData/HearifyV1-ftljoypfezvlxcgouzbpmsmxzads/Index.noindex/DataStore @/Users/Veer/Library/Developer/Xcode/DerivedData/HearifyV1-ftljoypfezvlxcgouzbpmsmxzads/Build/Intermediates.noindex/gRPC.build/Debug-iphoneos/grpcppWrapper.build/Objects-normal/arm64/e6072d4f65d7061329687fe24e3d63a7-common-args.resp -include /Users/Veer/Library/Developer/Xcode/DerivedData/HearifyV1-ftljoypfezvlxcgouzbpmsmxzads/Build/Intermediates.noindex/gRPC.build/Debug-iphoneos/grpcppWrapper.build/DerivedSources/resource_bundle_accessor.h -MMD -MT dependencies -MF /Users/Veer/Library/Developer/Xcode/DerivedData/HearifyV1-ftljoypfezvlxcgouzbpmsmxzads/Build/Intermediates.noindex/gRPC.build/Debug-iphoneos/grpcppWrapper.build/Objects-normal/arm64/resource_bundle_accessor.d --serialize-diagnostics /Users/Veer/Library/Developer/Xcode/DerivedData/HearifyV1-ftljoypfezvlxcgouzbpmsmxzads/Build/Intermediates.noindex/gRPC.build/Debug-iphoneos/grpcppWrapper.build/Objects-normal/arm64/resource_bundle_accessor.dia -c /Users/Veer/Library/Developer/Xcode/DerivedData/HearifyV1-ftljoypfezvlxcgouzbpmsmxzads/Build/Intermediates.noindex/gRPC.build/Debug-iphoneos/grpcppWrapper.build/DerivedSources/resource_bundle_accessor.m -o /Users/Veer/Library/Developer/Xcode/DerivedData/HearifyV1-ftljoypfezvlxcgouzbpmsmxzads/Build/Intermediates.noindex/gRPC.build/Debug-iphoneos/grpcppWrapper.build/Objects-normal/arm64/resource_bundle_accessor.o -index-unit-output-path /gRPC.build/Debug-iphoneos/grpcppWrapper.build/Objects-normal/arm64/resource_bundle_accessor.o

ScanDependencies /Users/Veer/Library/Developer/Xcode/DerivedData/HearifyV1-ftljoypfezvlxcgouzbpmsmxzads/Build/Intermediates.noindex/gRPC.build/Debug-iphoneos/grpcppWrapper.build/Objects-normal/arm64/empty.o /Users/Veer/Library/Developer/Xcode/DerivedData/HearifyV1-ftljoypfezvlxcgouzbpmsmxzads/SourcePackages/checkouts/grpc-binary/grpcpp-Wrapper/empty.m normal arm64 objective-c com.apple.compilers.llvm.clang.1_0.compiler (in target 'grpcppWrapper' from project 'gRPC')
    cd /Users/Veer/Library/Mobile\ Documents/com\~apple\~CloudDocs/HearifyV1/HearifyV1.xcodeproj
    
    Using response file: /Users/Veer/Library/Developer/Xcode/DerivedData/HearifyV1-ftljoypfezvlxcgouzbpmsmxzads/Build/Intermediates.noindex/gRPC.build/Debug-iphoneos/grpcppWrapper.build/Objects-normal/arm64/e6072d4f65d7061329687fe24e3d63a7-common-args.resp
    
    builtin-ScanDependencies -o /Users/Veer/Library/Developer/Xcode/DerivedData/HearifyV1-ftljoypfezvlxcgouzbpmsmxzads/Build/Intermediates.noindex/gRPC.build/Debug-iphoneos/grpcppWrapper.build/Objects-normal/arm64/empty.o.scan -- /Applications/Xcode.app/Contents/Developer/Toolchains/XcodeDefault.xctoolchain/usr/bin/clang -x objective-c -ivfsstatcache /Users/Veer/Library/Developer/Xcode/DerivedData/SDKStatCaches.noindex/iphoneos26.2-23C53-3794476bd08197c3e2abd9bb477ef7f7.sdkstatcache -fmessage-length\=0 -fdiagnostics-show-note-include-stack -fmacro-backtrace-limit\=0 -fno-color-diagnostics -fmodules-prune-interval\=86400 -fmodules-prune-after\=345600 -fbuild-session-file\=/Users/Veer/Library/Developer/Xcode/DerivedData/ModuleCache.noindex/Session.modulevalidation -fmodules-validate-once-per-build-session -Wnon-modular-include-in-framework-module -Werror\=non-modular-include-in-framework-module -Wno-trigraphs -Wno-missing-field-initializers -Wno-missing-prototypes -Wno-return-type -Wno-implicit-atomic-properties -Wno-objc-interface-ivars -Wno-arc-repeated-use-of-weak -Wno-missing-braces -Wparentheses -Wswitch -Wno-unused-function -Wno-unused-label -Wno-unused-parameter -Wno-unused-variable -Wunused-value -Wno-empty-body -Wno-uninitialized -Wno-unknown-pragmas -w -Wno-shadow -Wno-four-char-constants -Wno-conversion -Wno-constant-conversion -Wno-int-conversion -Wno-bool-conversion -Wno-enum-conversion -Wno-float-conversion -Wno-non-literal-null-conversion -Wno-objc-literal-conversion -Wshorten-64-to-32 -Wpointer-sign -Wno-newline-eof -Wno-selector -Wno-strict-selector-match -Wno-undeclared-selector -Wno-deprecated-implementations -Wno-implicit-fallthrough -fstrict-aliasing -Wprotocol -Wdeprecated-declarations -Wno-sign-conversion -Wno-infinite-recursion -Wno-comma -Wno-block-capture-autoreleasing -Wno-strict-prototypes -Wno-semicolon-before-method-body -index-store-path /Users/Veer/Library/Developer/Xcode/DerivedData/HearifyV1-ftljoypfezvlxcgouzbpmsmxzads/Index.noindex/DataStore @/Users/Veer/Library/Developer/Xcode/DerivedData/HearifyV1-ftljoypfezvlxcgouzbpmsmxzads/Build/Intermediates.noindex/gRPC.build/Debug-iphoneos/grpcppWrapper.build/Objects-normal/arm64/e6072d4f65d7061329687fe24e3d63a7-common-args.resp -include /Users/Veer/Library/Developer/Xcode/DerivedData/HearifyV1-ftljoypfezvlxcgouzbpmsmxzads/Build/Intermediates.noindex/gRPC.build/Debug-iphoneos/grpcppWrapper.build/DerivedSources/resource_bundle_accessor.h -MMD -MT dependencies -MF /Users/Veer/Library/Developer/Xcode/DerivedData/HearifyV1-ftljoypfezvlxcgouzbpmsmxzads/Build/Intermediates.noindex/gRPC.build/Debug-iphoneos/grpcppWrapper.build/Objects-normal/arm64/empty.d --serialize-diagnostics /Users/Veer/Library/Developer/Xcode/DerivedData/HearifyV1-ftljoypfezvlxcgouzbpmsmxzads/Build/Intermediates.noindex/gRPC.build/Debug-iphoneos/grpcppWrapper.build/Objects-normal/arm64/empty.dia -c /Users/Veer/Library/Developer/Xcode/DerivedData/HearifyV1-ftljoypfezvlxcgouzbpmsmxzads/SourcePackages/checkouts/grpc-binary/grpcpp-Wrapper/empty.m -o /Users/Veer/Library/Developer/Xcode/DerivedData/HearifyV1-ftljoypfezvlxcgouzbpmsmxzads/Build/Intermediates.noindex/gRPC.build/Debug-iphoneos/grpcppWrapper.build/Objects-normal/arm64/empty.o -index-unit-output-path /gRPC.build/Debug-iphoneos/grpcppWrapper.build/Objects-normal/arm64/empty.o

ScanDependencies /Users/Veer/Library/Developer/Xcode/DerivedData/HearifyV1-ftljoypfezvlxcgouzbpmsmxzads/Build/Intermediates.noindex/gRPC.build/Debug-iphoneos/grpcWrapper.build/Objects-normal/arm64/resource_bundle_accessor.o /Users/Veer/Library/Developer/Xcode/DerivedData/HearifyV1-ftljoypfezvlxcgouzbpmsmxzads/Build/Intermediates.noindex/gRPC.build/Debug-iphoneos/grpcWrapper.build/DerivedSources/resource_bundle_accessor.m normal arm64 objective-c com.apple.compilers.llvm.clang.1_0.compiler (in target 'grpcWrapper' from project 'gRPC')
    cd /Users/Veer/Library/Mobile\ Documents/com\~apple\~CloudDocs/HearifyV1/HearifyV1.xcodeproj
    
    Using response file: /Users/Veer/Library/Developer/Xcode/DerivedData/HearifyV1-ftljoypfezvlxcgouzbpmsmxzads/Build/Intermediates.noindex/gRPC.build/Debug-iphoneos/grpcWrapper.build/Objects-normal/arm64/e6072d4f65d7061329687fe24e3d63a7-common-args.resp
    
    builtin-ScanDependencies -o /Users/Veer/Library/Developer/Xcode/DerivedData/HearifyV1-ftljoypfezvlxcgouzbpmsmxzads/Build/Intermediates.noindex/gRPC.build/Debug-iphoneos/grpcWrapper.build/Objects-normal/arm64/resource_bundle_accessor.o.scan -- /Applications/Xcode.app/Contents/Developer/Toolchains/XcodeDefault.xctoolchain/usr/bin/clang -x objective-c -ivfsstatcache /Users/Veer/Library/Developer/Xcode/DerivedData/SDKStatCaches.noindex/iphoneos26.2-23C53-3794476bd08197c3e2abd9bb477ef7f7.sdkstatcache -fmessage-length\=0 -fdiagnostics-show-note-include-stack -fmacro-backtrace-limit\=0 -fno-color-diagnostics -fmodules-prune-interval\=86400 -fmodules-prune-after\=345600 -fbuild-session-file\=/Users/Veer/Library/Developer/Xcode/DerivedData/ModuleCache.noindex/Session.modulevalidation -fmodules-validate-once-per-build-session -Wnon-modular-include-in-framework-module -Werror\=non-modular-include-in-framework-module -Wno-trigraphs -Wno-missing-field-initializers -Wno-missing-prototypes -Wno-return-type -Wno-implicit-atomic-properties -Wno-objc-interface-ivars -Wno-arc-repeated-use-of-weak -Wno-missing-braces -Wparentheses -Wswitch -Wno-unused-function -Wno-unused-label -Wno-unused-parameter -Wno-unused-variable -Wunused-value -Wno-empty-body -Wno-uninitialized -Wno-unknown-pragmas -w -Wno-shadow -Wno-four-char-constants -Wno-conversion -Wno-constant-conversion -Wno-int-conversion -Wno-bool-conversion -Wno-enum-conversion -Wno-float-conversion -Wno-non-literal-null-conversion -Wno-objc-literal-conversion -Wshorten-64-to-32 -Wpointer-sign -Wno-newline-eof -Wno-selector -Wno-strict-selector-match -Wno-undeclared-selector -Wno-deprecated-implementations -Wno-implicit-fallthrough -fstrict-aliasing -Wprotocol -Wdeprecated-declarations -Wno-sign-conversion -Wno-infinite-recursion -Wno-comma -Wno-block-capture-autoreleasing -Wno-strict-prototypes -Wno-semicolon-before-method-body -index-store-path /Users/Veer/Library/Developer/Xcode/DerivedData/HearifyV1-ftljoypfezvlxcgouzbpmsmxzads/Index.noindex/DataStore @/Users/Veer/Library/Developer/Xcode/DerivedData/HearifyV1-ftljoypfezvlxcgouzbpmsmxzads/Build/Intermediates.noindex/gRPC.build/Debug-iphoneos/grpcWrapper.build/Objects-normal/arm64/e6072d4f65d7061329687fe24e3d63a7-common-args.resp -include /Users/Veer/Library/Developer/Xcode/DerivedData/HearifyV1-ftljoypfezvlxcgouzbpmsmxzads/Build/Intermediates.noindex/gRPC.build/Debug-iphoneos/grpcWrapper.build/DerivedSources/resource_bundle_accessor.h -MMD -MT dependencies -MF /Users/Veer/Library/Developer/Xcode/DerivedData/HearifyV1-ftljoypfezvlxcgouzbpmsmxzads/Build/Intermediates.noindex/gRPC.build/Debug-iphoneos/grpcWrapper.build/Objects-normal/arm64/resource_bundle_accessor.d --serialize-diagnostics /Users/Veer/Library/Developer/Xcode/DerivedData/HearifyV1-ftljoypfezvlxcgouzbpmsmxzads/Build/Intermediates.noindex/gRPC.build/Debug-iphoneos/grpcWrapper.build/Objects-normal/arm64/resource_bundle_accessor.dia -c /Users/Veer/Library/Developer/Xcode/DerivedData/HearifyV1-ftljoypfezvlxcgouzbpmsmxzads/Build/Intermediates.noindex/gRPC.build/Debug-iphoneos/grpcWrapper.build/DerivedSources/resource_bundle_accessor.m -o /Users/Veer/Library/Developer/Xcode/DerivedData/HearifyV1-ftljoypfezvlxcgouzbpmsmxzads/Build/Intermediates.noindex/gRPC.build/Debug-iphoneos/grpcWrapper.build/Objects-normal/arm64/resource_bundle_accessor.o -index-unit-output-path /gRPC.build/Debug-iphoneos/grpcWrapper.build/Objects-normal/arm64/resource_bundle_accessor.o

ScanDependencies /Users/Veer/Library/Developer/Xcode/DerivedData/HearifyV1-ftljoypfezvlxcgouzbpmsmxzads/Build/Intermediates.noindex/gRPC.build/Debug-iphoneos/grpcWrapper.build/Objects-normal/arm64/empty.o /Users/Veer/Library/Developer/Xcode/DerivedData/HearifyV1-ftljoypfezvlxcgouzbpmsmxzads/SourcePackages/checkouts/grpc-binary/grpc-Wrapper/empty.m normal arm64 objective-c com.apple.compilers.llvm.clang.1_0.compiler (in target 'grpcWrapper' from project 'gRPC')
    cd /Users/Veer/Library/Mobile\ Documents/com\~apple\~CloudDocs/HearifyV1/HearifyV1.xcodeproj
    
    Using response file: /Users/Veer/Library/Developer/Xcode/DerivedData/HearifyV1-ftljoypfezvlxcgouzbpmsmxzads/Build/Intermediates.noindex/gRPC.build/Debug-iphoneos/grpcWrapper.build/Objects-normal/arm64/e6072d4f65d7061329687fe24e3d63a7-common-args.resp
    
    builtin-ScanDependencies -o /Users/Veer/Library/Developer/Xcode/DerivedData/HearifyV1-ftljoypfezvlxcgouzbpmsmxzads/Build/Intermediates.noindex/gRPC.build/Debug-iphoneos/grpcWrapper.build/Objects-normal/arm64/empty.o.scan -- /Applications/Xcode.app/Contents/Developer/Toolchains/XcodeDefault.xctoolchain/usr/bin/clang -x objective-c -ivfsstatcache /Users/Veer/Library/Developer/Xcode/DerivedData/SDKStatCaches.noindex/iphoneos26.2-23C53-3794476bd08197c3e2abd9bb477ef7f7.sdkstatcache -fmessage-length\=0 -fdiagnostics-show-note-include-stack -fmacro-backtrace-limit\=0 -fno-color-diagnostics -fmodules-prune-interval\=86400 -fmodules-prune-after\=345600 -fbuild-session-file\=/Users/Veer/Library/Developer/Xcode/DerivedData/ModuleCache.noindex/Session.modulevalidation -fmodules-validate-once-per-build-session -Wnon-modular-include-in-framework-module -Werror\=non-modular-include-in-framework-module -Wno-trigraphs -Wno-missing-field-initializers -Wno-missing-prototypes -Wno-return-type -Wno-implicit-atomic-properties -Wno-objc-interface-ivars -Wno-arc-repeated-use-of-weak -Wno-missing-braces -Wparentheses -Wswitch -Wno-unused-function -Wno-unused-label -Wno-unused-parameter -Wno-unused-variable -Wunused-value -Wno-empty-body -Wno-uninitialized -Wno-unknown-pragmas -w -Wno-shadow -Wno-four-char-constants -Wno-conversion -Wno-constant-conversion -Wno-int-conversion -Wno-bool-conversion -Wno-enum-conversion -Wno-float-conversion -Wno-non-literal-null-conversion -Wno-objc-literal-conversion -Wshorten-64-to-32 -Wpointer-sign -Wno-newline-eof -Wno-selector -Wno-strict-selector-match -Wno-undeclared-selector -Wno-deprecated-implementations -Wno-implicit-fallthrough -fstrict-aliasing -Wprotocol -Wdeprecated-declarations -Wno-sign-conversion -Wno-infinite-recursion -Wno-comma -Wno-block-capture-autoreleasing -Wno-strict-prototypes -Wno-semicolon-before-method-body -index-store-path /Users/Veer/Library/Developer/Xcode/DerivedData/HearifyV1-ftljoypfezvlxcgouzbpmsmxzads/Index.noindex/DataStore @/Users/Veer/Library/Developer/Xcode/DerivedData/HearifyV1-ftljoypfezvlxcgouzbpmsmxzads/Build/Intermediates.noindex/gRPC.build/Debug-iphoneos/grpcWrapper.build/Objects-normal/arm64/e6072d4f65d7061329687fe24e3d63a7-common-args.resp -include /Users/Veer/Library/Developer/Xcode/DerivedData/HearifyV1-ftljoypfezvlxcgouzbpmsmxzads/Build/Intermediates.noindex/gRPC.build/Debug-iphoneos/grpcWrapper.build/DerivedSources/resource_bundle_accessor.h -MMD -MT dependencies -MF /Users/Veer/Library/Developer/Xcode/DerivedData/HearifyV1-ftljoypfezvlxcgouzbpmsmxzads/Build/Intermediates.noindex/gRPC.build/Debug-iphoneos/grpcWrapper.build/Objects-normal/arm64/empty.d --serialize-diagnostics /Users/Veer/Library/Developer/Xcode/DerivedData/HearifyV1-ftljoypfezvlxcgouzbpmsmxzads/Build/Intermediates.noindex/gRPC.build/Debug-iphoneos/grpcWrapper.build/Objects-normal/arm64/empty.dia -c /Users/Veer/Library/Developer/Xcode/DerivedData/HearifyV1-ftljoypfezvlxcgouzbpmsmxzads/SourcePackages/checkouts/grpc-binary/grpc-Wrapper/empty.m -o /Users/Veer/Library/Developer/Xcode/DerivedData/HearifyV1-ftljoypfezvlxcgouzbpmsmxzads/Build/Intermediates.noindex/gRPC.build/Debug-iphoneos/grpcWrapper.build/Objects-normal/arm64/empty.o -index-unit-output-path /gRPC.build/Debug-iphoneos/grpcWrapper.build/Objects-normal/arm64/empty.o

RegisterExecutionPolicyException /Users/Veer/Library/Developer/Xcode/DerivedData/HearifyV1-ftljoypfezvlxcgouzbpmsmxzads/Build/Products/Debug-iphoneos/FirebaseSharedSwift.o (in target 'FirebaseSharedSwift' from project 'Firebase')
    cd /Users/Veer/Library/Developer/Xcode/DerivedData/HearifyV1-ftljoypfezvlxcgouzbpmsmxzads/SourcePackages/checkouts/firebase-ios-sdk
    builtin-RegisterExecutionPolicyException /Users/Veer/Library/Developer/Xcode/DerivedData/HearifyV1-ftljoypfezvlxcgouzbpmsmxzads/Build/Products/Debug-iphoneos/FirebaseSharedSwift.o

SwiftExplicitDependencyGeneratePcm arm64 /Users/Veer/Library/Developer/Xcode/DerivedData/ModuleCache.noindex/Dispatch-4GQW70C654VQDF93PSIMBA6KR.pcm

SwiftExplicitDependencyGeneratePcm arm64 /Users/Veer/Library/Developer/Xcode/DerivedData/ModuleCache.noindex/XPC-D9YNRPKQPZ3AGF4D1O1QLL7UJ.pcm

SwiftExplicitDependencyGeneratePcm arm64 /Users/Veer/Library/Developer/Xcode/DerivedData/ModuleCache.noindex/CoreFoundation-EI37BTGVPUCGYT2JZR9JL9KRI.pcm

CompileC /Users/Veer/Library/Developer/Xcode/DerivedData/HearifyV1-ftljoypfezvlxcgouzbpmsmxzads/Build/Intermediates.noindex/gRPC.build/Debug-iphoneos/grpcppWrapper.build/Objects-normal/arm64/empty.o /Users/Veer/Library/Developer/Xcode/DerivedData/HearifyV1-ftljoypfezvlxcgouzbpmsmxzads/SourcePackages/checkouts/grpc-binary/grpcpp-Wrapper/empty.m normal arm64 objective-c com.apple.compilers.llvm.clang.1_0.compiler (in target 'grpcppWrapper' from project 'gRPC')
    cd /Users/Veer/Library/Mobile\ Documents/com\~apple\~CloudDocs/HearifyV1/HearifyV1.xcodeproj
    
    Using response file: /Users/Veer/Library/Developer/Xcode/DerivedData/HearifyV1-ftljoypfezvlxcgouzbpmsmxzads/Build/Intermediates.noindex/gRPC.build/Debug-iphoneos/grpcppWrapper.build/Objects-normal/arm64/e6072d4f65d7061329687fe24e3d63a7-common-args.resp
    
    /Applications/Xcode.app/Contents/Developer/Toolchains/XcodeDefault.xctoolchain/usr/bin/clang -x objective-c -ivfsstatcache /Users/Veer/Library/Developer/Xcode/DerivedData/SDKStatCaches.noindex/iphoneos26.2-23C53-3794476bd08197c3e2abd9bb477ef7f7.sdkstatcache -fmessage-length\=0 -fdiagnostics-show-note-include-stack -fmacro-backtrace-limit\=0 -fno-color-diagnostics -fmodules-prune-interval\=86400 -fmodules-prune-after\=345600 -fbuild-session-file\=/Users/Veer/Library/Developer/Xcode/DerivedData/ModuleCache.noindex/Session.modulevalidation -fmodules-validate-once-per-build-session -Wnon-modular-include-in-framework-module -Werror\=non-modular-include-in-framework-module -Wno-trigraphs -Wno-missing-field-initializers -Wno-missing-prototypes -Wno-return-type -Wno-implicit-atomic-properties -Wno-objc-interface-ivars -Wno-arc-repeated-use-of-weak -Wno-missing-braces -Wparentheses -Wswitch -Wno-unused-function -Wno-unused-label -Wno-unused-parameter -Wno-unused-variable -Wunused-value -Wno-empty-body -Wno-uninitialized -Wno-unknown-pragmas -w -Wno-shadow -Wno-four-char-constants -Wno-conversion -Wno-constant-conversion -Wno-int-conversion -Wno-bool-conversion -Wno-enum-conversion -Wno-float-conversion -Wno-non-literal-null-conversion -Wno-objc-literal-conversion -Wshorten-64-to-32 -Wpointer-sign -Wno-newline-eof -Wno-selector -Wno-strict-selector-match -Wno-undeclared-selector -Wno-deprecated-implementations -Wno-implicit-fallthrough -fstrict-aliasing -Wprotocol -Wdeprecated-declarations -Wno-sign-conversion -Wno-infinite-recursion -Wno-comma -Wno-block-capture-autoreleasing -Wno-strict-prototypes -Wno-semicolon-before-method-body -index-store-path /Users/Veer/Library/Developer/Xcode/DerivedData/HearifyV1-ftljoypfezvlxcgouzbpmsmxzads/Index.noindex/DataStore @/Users/Veer/Library/Developer/Xcode/DerivedData/HearifyV1-ftljoypfezvlxcgouzbpmsmxzads/Build/Intermediates.noindex/gRPC.build/Debug-iphoneos/grpcppWrapper.build/Objects-normal/arm64/e6072d4f65d7061329687fe24e3d63a7-common-args.resp -include /Users/Veer/Library/Developer/Xcode/DerivedData/HearifyV1-ftljoypfezvlxcgouzbpmsmxzads/Build/Intermediates.noindex/gRPC.build/Debug-iphoneos/grpcppWrapper.build/DerivedSources/resource_bundle_accessor.h -MMD -MT dependencies -MF /Users/Veer/Library/Developer/Xcode/DerivedData/HearifyV1-ftljoypfezvlxcgouzbpmsmxzads/Build/Intermediates.noindex/gRPC.build/Debug-iphoneos/grpcppWrapper.build/Objects-normal/arm64/empty.d --serialize-diagnostics /Users/Veer/Library/Developer/Xcode/DerivedData/HearifyV1-ftljoypfezvlxcgouzbpmsmxzads/Build/Intermediates.noindex/gRPC.build/Debug-iphoneos/grpcppWrapper.build/Objects-normal/arm64/empty.dia -c /Users/Veer/Library/Developer/Xcode/DerivedData/HearifyV1-ftljoypfezvlxcgouzbpmsmxzads/SourcePackages/checkouts/grpc-binary/grpcpp-Wrapper/empty.m -o /Users/Veer/Library/Developer/Xcode/DerivedData/HearifyV1-ftljoypfezvlxcgouzbpmsmxzads/Build/Intermediates.noindex/gRPC.build/Debug-iphoneos/grpcppWrapper.build/Objects-normal/arm64/empty.o -index-unit-output-path /gRPC.build/Debug-iphoneos/grpcppWrapper.build/Objects-normal/arm64/empty.o

CompileC /Users/Veer/Library/Developer/Xcode/DerivedData/HearifyV1-ftljoypfezvlxcgouzbpmsmxzads/Build/Intermediates.noindex/gRPC.build/Debug-iphoneos/grpcWrapper.build/Objects-normal/arm64/empty.o /Users/Veer/Library/Developer/Xcode/DerivedData/HearifyV1-ftljoypfezvlxcgouzbpmsmxzads/SourcePackages/checkouts/grpc-binary/grpc-Wrapper/empty.m normal arm64 objective-c com.apple.compilers.llvm.clang.1_0.compiler (in target 'grpcWrapper' from project 'gRPC')
    cd /Users/Veer/Library/Mobile\ Documents/com\~apple\~CloudDocs/HearifyV1/HearifyV1.xcodeproj
    
    Using response file: /Users/Veer/Library/Developer/Xcode/DerivedData/HearifyV1-ftljoypfezvlxcgouzbpmsmxzads/Build/Intermediates.noindex/gRPC.build/Debug-iphoneos/grpcWrapper.build/Objects-normal/arm64/e6072d4f65d7061329687fe24e3d63a7-common-args.resp
    
    /Applications/Xcode.app/Contents/Developer/Toolchains/XcodeDefault.xctoolchain/usr/bin/clang -x objective-c -ivfsstatcache /Users/Veer/Library/Developer/Xcode/DerivedData/SDKStatCaches.noindex/iphoneos26.2-23C53-3794476bd08197c3e2abd9bb477ef7f7.sdkstatcache -fmessage-length\=0 -fdiagnostics-show-note-include-stack -fmacro-backtrace-limit\=0 -fno-color-diagnostics -fmodules-prune-interval\=86400 -fmodules-prune-after\=345600 -fbuild-session-file\=/Users/Veer/Library/Developer/Xcode/DerivedData/ModuleCache.noindex/Session.modulevalidation -fmodules-validate-once-per-build-session -Wnon-modular-include-in-framework-module -Werror\=non-modular-include-in-framework-module -Wno-trigraphs -Wno-missing-field-initializers -Wno-missing-prototypes -Wno-return-type -Wno-implicit-atomic-properties -Wno-objc-interface-ivars -Wno-arc-repeated-use-of-weak -Wno-missing-braces -Wparentheses -Wswitch -Wno-unused-function -Wno-unused-label -Wno-unused-parameter -Wno-unused-variable -Wunused-value -Wno-empty-body -Wno-uninitialized -Wno-unknown-pragmas -w -Wno-shadow -Wno-four-char-constants -Wno-conversion -Wno-constant-conversion -Wno-int-conversion -Wno-bool-conversion -Wno-enum-conversion -Wno-float-conversion -Wno-non-literal-null-conversion -Wno-objc-literal-conversion -Wshorten-64-to-32 -Wpointer-sign -Wno-newline-eof -Wno-selector -Wno-strict-selector-match -Wno-undeclared-selector -Wno-deprecated-implementations -Wno-implicit-fallthrough -fstrict-aliasing -Wprotocol -Wdeprecated-declarations -Wno-sign-conversion -Wno-infinite-recursion -Wno-comma -Wno-block-capture-autoreleasing -Wno-strict-prototypes -Wno-semicolon-before-method-body -index-store-path /Users/Veer/Library/Developer/Xcode/DerivedData/HearifyV1-ftljoypfezvlxcgouzbpmsmxzads/Index.noindex/DataStore @/Users/Veer/Library/Developer/Xcode/DerivedData/HearifyV1-ftljoypfezvlxcgouzbpmsmxzads/Build/Intermediates.noindex/gRPC.build/Debug-iphoneos/grpcWrapper.build/Objects-normal/arm64/e6072d4f65d7061329687fe24e3d63a7-common-args.resp -include /Users/Veer/Library/Developer/Xcode/DerivedData/HearifyV1-ftljoypfezvlxcgouzbpmsmxzads/Build/Intermediates.noindex/gRPC.build/Debug-iphoneos/grpcWrapper.build/DerivedSources/resource_bundle_accessor.h -MMD -MT dependencies -MF /Users/Veer/Library/Developer/Xcode/DerivedData/HearifyV1-ftljoypfezvlxcgouzbpmsmxzads/Build/Intermediates.noindex/gRPC.build/Debug-iphoneos/grpcWrapper.build/Objects-normal/arm64/empty.d --serialize-diagnostics /Users/Veer/Library/Developer/Xcode/DerivedData/HearifyV1-ftljoypfezvlxcgouzbpmsmxzads/Build/Intermediates.noindex/gRPC.build/Debug-iphoneos/grpcWrapper.build/Objects-normal/arm64/empty.dia -c /Users/Veer/Library/Developer/Xcode/DerivedData/HearifyV1-ftljoypfezvlxcgouzbpmsmxzads/SourcePackages/checkouts/grpc-binary/grpc-Wrapper/empty.m -o /Users/Veer/Library/Developer/Xcode/DerivedData/HearifyV1-ftljoypfezvlxcgouzbpmsmxzads/Build/Intermediates.noindex/gRPC.build/Debug-iphoneos/grpcWrapper.build/Objects-normal/arm64/empty.o -index-unit-output-path /gRPC.build/Debug-iphoneos/grpcWrapper.build/Objects-normal/arm64/empty.o

CompileC /Users/Veer/Library/Developer/Xcode/DerivedData/HearifyV1-ftljoypfezvlxcgouzbpmsmxzads/Build/Intermediates.noindex/gRPC.build/Debug-iphoneos/grpcppWrapper.build/Objects-normal/arm64/resource_bundle_accessor.o /Users/Veer/Library/Developer/Xcode/DerivedData/HearifyV1-ftljoypfezvlxcgouzbpmsmxzads/Build/Intermediates.noindex/gRPC.build/Debug-iphoneos/grpcppWrapper.build/DerivedSources/resource_bundle_accessor.m normal arm64 objective-c com.apple.compilers.llvm.clang.1_0.compiler (in target 'grpcppWrapper' from project 'gRPC')
    cd /Users/Veer/Library/Mobile\ Documents/com\~apple\~CloudDocs/HearifyV1/HearifyV1.xcodeproj
    
    Using response file: /Users/Veer/Library/Developer/Xcode/DerivedData/HearifyV1-ftljoypfezvlxcgouzbpmsmxzads/Build/Intermediates.noindex/gRPC.build/Debug-iphoneos/grpcppWrapper.build/Objects-normal/arm64/e6072d4f65d7061329687fe24e3d63a7-common-args.resp
    
    /Applications/Xcode.app/Contents/Developer/Toolchains/XcodeDefault.xctoolchain/usr/bin/clang -x objective-c -ivfsstatcache /Users/Veer/Library/Developer/Xcode/DerivedData/SDKStatCaches.noindex/iphoneos26.2-23C53-3794476bd08197c3e2abd9bb477ef7f7.sdkstatcache -fmessage-length\=0 -fdiagnostics-show-note-include-stack -fmacro-backtrace-limit\=0 -fno-color-diagnostics -fmodules-prune-interval\=86400 -fmodules-prune-after\=345600 -fbuild-session-file\=/Users/Veer/Library/Developer/Xcode/DerivedData/ModuleCache.noindex/Session.modulevalidation -fmodules-validate-once-per-build-session -Wnon-modular-include-in-framework-module -Werror\=non-modular-include-in-framework-module -Wno-trigraphs -Wno-missing-field-initializers -Wno-missing-prototypes -Wno-return-type -Wno-implicit-atomic-properties -Wno-objc-interface-ivars -Wno-arc-repeated-use-of-weak -Wno-missing-braces -Wparentheses -Wswitch -Wno-unused-function -Wno-unused-label -Wno-unused-parameter -Wno-unused-variable -Wunused-value -Wno-empty-body -Wno-uninitialized -Wno-unknown-pragmas -w -Wno-shadow -Wno-four-char-constants -Wno-conversion -Wno-constant-conversion -Wno-int-conversion -Wno-bool-conversion -Wno-enum-conversion -Wno-float-conversion -Wno-non-literal-null-conversion -Wno-objc-literal-conversion -Wshorten-64-to-32 -Wpointer-sign -Wno-newline-eof -Wno-selector -Wno-strict-selector-match -Wno-undeclared-selector -Wno-deprecated-implementations -Wno-implicit-fallthrough -fstrict-aliasing -Wprotocol -Wdeprecated-declarations -Wno-sign-conversion -Wno-infinite-recursion -Wno-comma -Wno-block-capture-autoreleasing -Wno-strict-prototypes -Wno-semicolon-before-method-body -index-store-path /Users/Veer/Library/Developer/Xcode/DerivedData/HearifyV1-ftljoypfezvlxcgouzbpmsmxzads/Index.noindex/DataStore @/Users/Veer/Library/Developer/Xcode/DerivedData/HearifyV1-ftljoypfezvlxcgouzbpmsmxzads/Build/Intermediates.noindex/gRPC.build/Debug-iphoneos/grpcppWrapper.build/Objects-normal/arm64/e6072d4f65d7061329687fe24e3d63a7-common-args.resp -include /Users/Veer/Library/Developer/Xcode/DerivedData/HearifyV1-ftljoypfezvlxcgouzbpmsmxzads/Build/Intermediates.noindex/gRPC.build/Debug-iphoneos/grpcppWrapper.build/DerivedSources/resource_bundle_accessor.h -MMD -MT dependencies -MF /Users/Veer/Library/Developer/Xcode/DerivedData/HearifyV1-ftljoypfezvlxcgouzbpmsmxzads/Build/Intermediates.noindex/gRPC.build/Debug-iphoneos/grpcppWrapper.build/Objects-normal/arm64/resource_bundle_accessor.d --serialize-diagnostics /Users/Veer/Library/Developer/Xcode/DerivedData/HearifyV1-ftljoypfezvlxcgouzbpmsmxzads/Build/Intermediates.noindex/gRPC.build/Debug-iphoneos/grpcppWrapper.build/Objects-normal/arm64/resource_bundle_accessor.dia -c /Users/Veer/Library/Developer/Xcode/DerivedData/HearifyV1-ftljoypfezvlxcgouzbpmsmxzads/Build/Intermediates.noindex/gRPC.build/Debug-iphoneos/grpcppWrapper.build/DerivedSources/resource_bundle_accessor.m -o /Users/Veer/Library/Developer/Xcode/DerivedData/HearifyV1-ftljoypfezvlxcgouzbpmsmxzads/Build/Intermediates.noindex/gRPC.build/Debug-iphoneos/grpcppWrapper.build/Objects-normal/arm64/resource_bundle_accessor.o -index-unit-output-path /gRPC.build/Debug-iphoneos/grpcppWrapper.build/Objects-normal/arm64/resource_bundle_accessor.o

CompileC /Users/Veer/Library/Developer/Xcode/DerivedData/HearifyV1-ftljoypfezvlxcgouzbpmsmxzads/Build/Intermediates.noindex/gRPC.build/Debug-iphoneos/grpcWrapper.build/Objects-normal/arm64/resource_bundle_accessor.o /Users/Veer/Library/Developer/Xcode/DerivedData/HearifyV1-ftljoypfezvlxcgouzbpmsmxzads/Build/Intermediates.noindex/gRPC.build/Debug-iphoneos/grpcWrapper.build/DerivedSources/resource_bundle_accessor.m normal arm64 objective-c com.apple.compilers.llvm.clang.1_0.compiler (in target 'grpcWrapper' from project 'gRPC')
    cd /Users/Veer/Library/Mobile\ Documents/com\~apple\~CloudDocs/HearifyV1/HearifyV1.xcodeproj
    
    Using response file: /Users/Veer/Library/Developer/Xcode/DerivedData/HearifyV1-ftljoypfezvlxcgouzbpmsmxzads/Build/Intermediates.noindex/gRPC.build/Debug-iphoneos/grpcWrapper.build/Objects-normal/arm64/e6072d4f65d7061329687fe24e3d63a7-common-args.resp
    
    /Applications/Xcode.app/Contents/Developer/Toolchains/XcodeDefault.xctoolchain/usr/bin/clang -x objective-c -ivfsstatcache /Users/Veer/Library/Developer/Xcode/DerivedData/SDKStatCaches.noindex/iphoneos26.2-23C53-3794476bd08197c3e2abd9bb477ef7f7.sdkstatcache -fmessage-length\=0 -fdiagnostics-show-note-include-stack -fmacro-backtrace-limit\=0 -fno-color-diagnostics -fmodules-prune-interval\=86400 -fmodules-prune-after\=345600 -fbuild-session-file\=/Users/Veer/Library/Developer/Xcode/DerivedData/ModuleCache.noindex/Session.modulevalidation -fmodules-validate-once-per-build-session -Wnon-modular-include-in-framework-module -Werror\=non-modular-include-in-framework-module -Wno-trigraphs -Wno-missing-field-initializers -Wno-missing-prototypes -Wno-return-type -Wno-implicit-atomic-properties -Wno-objc-interface-ivars -Wno-arc-repeated-use-of-weak -Wno-missing-braces -Wparentheses -Wswitch -Wno-unused-function -Wno-unused-label -Wno-unused-parameter -Wno-unused-variable -Wunused-value -Wno-empty-body -Wno-uninitialized -Wno-unknown-pragmas -w -Wno-shadow -Wno-four-char-constants -Wno-conversion -Wno-constant-conversion -Wno-int-conversion -Wno-bool-conversion -Wno-enum-conversion -Wno-float-conversion -Wno-non-literal-null-conversion -Wno-objc-literal-conversion -Wshorten-64-to-32 -Wpointer-sign -Wno-newline-eof -Wno-selector -Wno-strict-selector-match -Wno-undeclared-selector -Wno-deprecated-implementations -Wno-implicit-fallthrough -fstrict-aliasing -Wprotocol -Wdeprecated-declarations -Wno-sign-conversion -Wno-infinite-recursion -Wno-comma -Wno-block-capture-autoreleasing -Wno-strict-prototypes -Wno-semicolon-before-method-body -index-store-path /Users/Veer/Library/Developer/Xcode/DerivedData/HearifyV1-ftljoypfezvlxcgouzbpmsmxzads/Index.noindex/DataStore @/Users/Veer/Library/Developer/Xcode/DerivedData/HearifyV1-ftljoypfezvlxcgouzbpmsmxzads/Build/Intermediates.noindex/gRPC.build/Debug-iphoneos/grpcWrapper.build/Objects-normal/arm64/e6072d4f65d7061329687fe24e3d63a7-common-args.resp -include /Users/Veer/Library/Developer/Xcode/DerivedData/HearifyV1-ftljoypfezvlxcgouzbpmsmxzads/Build/Intermediates.noindex/gRPC.build/Debug-iphoneos/grpcWrapper.build/DerivedSources/resource_bundle_accessor.h -MMD -MT dependencies -MF /Users/Veer/Library/Developer/Xcode/DerivedData/HearifyV1-ftljoypfezvlxcgouzbpmsmxzads/Build/Intermediates.noindex/gRPC.build/Debug-iphoneos/grpcWrapper.build/Objects-normal/arm64/resource_bundle_accessor.d --serialize-diagnostics /Users/Veer/Library/Developer/Xcode/DerivedData/HearifyV1-ftljoypfezvlxcgouzbpmsmxzads/Build/Intermediates.noindex/gRPC.build/Debug-iphoneos/grpcWrapper.build/Objects-normal/arm64/resource_bundle_accessor.dia -c /Users/Veer/Library/Developer/Xcode/DerivedData/HearifyV1-ftljoypfezvlxcgouzbpmsmxzads/Build/Intermediates.noindex/gRPC.build/Debug-iphoneos/grpcWrapper.build/DerivedSources/resource_bundle_accessor.m -o /Users/Veer/Library/Developer/Xcode/DerivedData/HearifyV1-ftljoypfezvlxcgouzbpmsmxzads/Build/Intermediates.noindex/gRPC.build/Debug-iphoneos/grpcWrapper.build/Objects-normal/arm64/resource_bundle_accessor.o -index-unit-output-path /gRPC.build/Debug-iphoneos/grpcWrapper.build/Objects-normal/arm64/resource_bundle_accessor.o

SwiftExplicitDependencyGeneratePcm arm64 /Users/Veer/Library/Developer/Xcode/DerivedData/ModuleCache.noindex/os-A1D5GP9RNDLQC5E3RL0LXIEKC.pcm

Ld /Users/Veer/Library/Developer/Xcode/DerivedData/HearifyV1-ftljoypfezvlxcgouzbpmsmxzads/Build/Products/Debug-iphoneos/grpcWrapper.o normal (in target 'grpcWrapper' from project 'gRPC')
    cd /Users/Veer/Library/Developer/Xcode/DerivedData/HearifyV1-ftljoypfezvlxcgouzbpmsmxzads/SourcePackages/checkouts/grpc-binary
    /Applications/Xcode.app/Contents/Developer/Toolchains/XcodeDefault.xctoolchain/usr/bin/clang -Xlinker -reproducible -target arm64-apple-ios12.0 -r -isysroot /Applications/Xcode.app/Contents/Developer/Platforms/iPhoneOS.platform/Developer/SDKs/iPhoneOS26.2.sdk -O0 -w -L/Users/Veer/Library/Developer/Xcode/DerivedData/HearifyV1-ftljoypfezvlxcgouzbpmsmxzads/Build/Intermediates.noindex/EagerLinkingTBDs/Debug-iphoneos -L/Users/Veer/Library/Developer/Xcode/DerivedData/HearifyV1-ftljoypfezvlxcgouzbpmsmxzads/Build/Products/Debug-iphoneos -L/Applications/Xcode.app/Contents/Developer/Platforms/iPhoneOS.platform/Developer/usr/lib -F/Users/Veer/Library/Developer/Xcode/DerivedData/HearifyV1-ftljoypfezvlxcgouzbpmsmxzads/Build/Intermediates.noindex/EagerLinkingTBDs/Debug-iphoneos -F/Users/Veer/Library/Developer/Xcode/DerivedData/HearifyV1-ftljoypfezvlxcgouzbpmsmxzads/Build/Products/Debug-iphoneos -iframework /Applications/Xcode.app/Contents/Developer/Platforms/iPhoneOS.platform/Developer/Library/Frameworks -iframework /Applications/Xcode.app/Contents/Developer/Platforms/iPhoneOS.platform/Developer/SDKs/iPhoneOS26.2.sdk/Developer/Library/Frameworks -filelist /Users/Veer/Library/Developer/Xcode/DerivedData/HearifyV1-ftljoypfezvlxcgouzbpmsmxzads/Build/Intermediates.noindex/gRPC.build/Debug-iphoneos/grpcWrapper.build/Objects-normal/arm64/grpcWrapper.LinkFileList -nostdlib -Xlinker -object_path_lto -Xlinker /Users/Veer/Library/Developer/Xcode/DerivedData/HearifyV1-ftljoypfezvlxcgouzbpmsmxzads/Build/Intermediates.noindex/gRPC.build/Debug-iphoneos/grpcWrapper.build/Objects-normal/arm64/grpcWrapper_lto.o -rdynamic -Xlinker -no_deduplicate -Xlinker -debug_variant -Xlinker -dependency_info -Xlinker /Users/Veer/Library/Developer/Xcode/DerivedData/HearifyV1-ftljoypfezvlxcgouzbpmsmxzads/Build/Intermediates.noindex/gRPC.build/Debug-iphoneos/grpcWrapper.build/Objects-normal/arm64/grpcWrapper_dependency_info.dat -fobjc-arc -fobjc-link-runtime -o /Users/Veer/Library/Developer/Xcode/DerivedData/HearifyV1-ftljoypfezvlxcgouzbpmsmxzads/Build/Products/Debug-iphoneos/grpcWrapper.o

SwiftExplicitDependencyGeneratePcm arm64 /Users/Veer/Library/Developer/Xcode/DerivedData/ModuleCache.noindex/Security-CDGRVSUY8WOTGXC4XSL87O0OS.pcm

SwiftExplicitDependencyGeneratePcm arm64 /Users/Veer/Library/Developer/Xcode/DerivedData/ModuleCache.noindex/CFNetwork-BTNNTM5DHVNQXS5JXAD41FWDS.pcm

RegisterExecutionPolicyException /Users/Veer/Library/Developer/Xcode/DerivedData/HearifyV1-ftljoypfezvlxcgouzbpmsmxzads/Build/Products/Debug-iphoneos/grpcWrapper.o (in target 'grpcWrapper' from project 'gRPC')
    cd /Users/Veer/Library/Developer/Xcode/DerivedData/HearifyV1-ftljoypfezvlxcgouzbpmsmxzads/SourcePackages/checkouts/grpc-binary
    builtin-RegisterExecutionPolicyException /Users/Veer/Library/Developer/Xcode/DerivedData/HearifyV1-ftljoypfezvlxcgouzbpmsmxzads/Build/Products/Debug-iphoneos/grpcWrapper.o

Ld /Users/Veer/Library/Developer/Xcode/DerivedData/HearifyV1-ftljoypfezvlxcgouzbpmsmxzads/Build/Products/Debug-iphoneos/grpcppWrapper.o normal (in target 'grpcppWrapper' from project 'gRPC')
    cd /Users/Veer/Library/Developer/Xcode/DerivedData/HearifyV1-ftljoypfezvlxcgouzbpmsmxzads/SourcePackages/checkouts/grpc-binary
    /Applications/Xcode.app/Contents/Developer/Toolchains/XcodeDefault.xctoolchain/usr/bin/clang -Xlinker -reproducible -target arm64-apple-ios12.0 -r -isysroot /Applications/Xcode.app/Contents/Developer/Platforms/iPhoneOS.platform/Developer/SDKs/iPhoneOS26.2.sdk -O0 -w -L/Users/Veer/Library/Developer/Xcode/DerivedData/HearifyV1-ftljoypfezvlxcgouzbpmsmxzads/Build/Intermediates.noindex/EagerLinkingTBDs/Debug-iphoneos -L/Users/Veer/Library/Developer/Xcode/DerivedData/HearifyV1-ftljoypfezvlxcgouzbpmsmxzads/Build/Products/Debug-iphoneos -L/Applications/Xcode.app/Contents/Developer/Platforms/iPhoneOS.platform/Developer/usr/lib -F/Users/Veer/Library/Developer/Xcode/DerivedData/HearifyV1-ftljoypfezvlxcgouzbpmsmxzads/Build/Intermediates.noindex/EagerLinkingTBDs/Debug-iphoneos -F/Users/Veer/Library/Developer/Xcode/DerivedData/HearifyV1-ftljoypfezvlxcgouzbpmsmxzads/Build/Products/Debug-iphoneos/PackageFrameworks -F/Users/Veer/Library/Developer/Xcode/DerivedData/HearifyV1-ftljoypfezvlxcgouzbpmsmxzads/Build/Products/Debug-iphoneos/PackageFrameworks -F/Users/Veer/Library/Developer/Xcode/DerivedData/HearifyV1-ftljoypfezvlxcgouzbpmsmxzads/Build/Products/Debug-iphoneos/PackageFrameworks -F/Users/Veer/Library/Developer/Xcode/DerivedData/HearifyV1-ftljoypfezvlxcgouzbpmsmxzads/Build/Products/Debug-iphoneos -iframework /Applications/Xcode.app/Contents/Developer/Platforms/iPhoneOS.platform/Developer/Library/Frameworks -iframework /Applications/Xcode.app/Contents/Developer/Platforms/iPhoneOS.platform/Developer/SDKs/iPhoneOS26.2.sdk/Developer/Library/Frameworks -filelist /Users/Veer/Library/Developer/Xcode/DerivedData/HearifyV1-ftljoypfezvlxcgouzbpmsmxzads/Build/Intermediates.noindex/gRPC.build/Debug-iphoneos/grpcppWrapper.build/Objects-normal/arm64/grpcppWrapper.LinkFileList -nostdlib -Xlinker -object_path_lto -Xlinker /Users/Veer/Library/Developer/Xcode/DerivedData/HearifyV1-ftljoypfezvlxcgouzbpmsmxzads/Build/Intermediates.noindex/gRPC.build/Debug-iphoneos/grpcppWrapper.build/Objects-normal/arm64/grpcppWrapper_lto.o -rdynamic -Xlinker -no_deduplicate -Xlinker -debug_variant -Xlinker -dependency_info -Xlinker /Users/Veer/Library/Developer/Xcode/DerivedData/HearifyV1-ftljoypfezvlxcgouzbpmsmxzads/Build/Intermediates.noindex/gRPC.build/Debug-iphoneos/grpcppWrapper.build/Objects-normal/arm64/grpcppWrapper_dependency_info.dat -fobjc-arc -fobjc-link-runtime -o /Users/Veer/Library/Developer/Xcode/DerivedData/HearifyV1-ftljoypfezvlxcgouzbpmsmxzads/Build/Products/Debug-iphoneos/grpcppWrapper.o

RegisterExecutionPolicyException /Users/Veer/Library/Developer/Xcode/DerivedData/HearifyV1-ftljoypfezvlxcgouzbpmsmxzads/Build/Products/Debug-iphoneos/grpcppWrapper.o (in target 'grpcppWrapper' from project 'gRPC')
    cd /Users/Veer/Library/Developer/Xcode/DerivedData/HearifyV1-ftljoypfezvlxcgouzbpmsmxzads/SourcePackages/checkouts/grpc-binary
    builtin-RegisterExecutionPolicyException /Users/Veer/Library/Developer/Xcode/DerivedData/HearifyV1-ftljoypfezvlxcgouzbpmsmxzads/Build/Products/Debug-iphoneos/grpcppWrapper.o

SwiftExplicitDependencyGeneratePcm arm64 /Users/Veer/Library/Developer/Xcode/DerivedData/ModuleCache.noindex/Foundation-7EJS5DV3P3LE665IV8VG3VJ7V.pcm

SwiftExplicitDependencyGeneratePcm arm64 /Users/Veer/Library/Developer/Xcode/DerivedData/HearifyV1-ftljoypfezvlxcgouzbpmsmxzads/Build/Intermediates.noindex/SwiftExplicitPrecompiledModules/GoogleUtilities_NSData-CPLE1ND6J2Y1BV85L0MZE3W72.pcm

SwiftEmitModule normal arm64 Emitting\ module\ for\ FirebaseCoreInternal (in target 'FirebaseCoreInternal' from project 'Firebase')

EmitSwiftModule normal arm64 (in target 'FirebaseCoreInternal' from project 'Firebase')
    cd /Users/Veer/Library/Mobile\ Documents/com\~apple\~CloudDocs/HearifyV1/HearifyV1.xcodeproj
    

SwiftCompile normal arm64 Compiling\ StorageFactory.swift /Users/Veer/Library/Developer/Xcode/DerivedData/HearifyV1-ftljoypfezvlxcgouzbpmsmxzads/SourcePackages/checkouts/firebase-ios-sdk/FirebaseCore/Internal/Sources/HeartbeatLogging/StorageFactory.swift (in target 'FirebaseCoreInternal' from project 'Firebase')

SwiftCompile normal arm64 /Users/Veer/Library/Developer/Xcode/DerivedData/HearifyV1-ftljoypfezvlxcgouzbpmsmxzads/SourcePackages/checkouts/firebase-ios-sdk/FirebaseCore/Internal/Sources/HeartbeatLogging/StorageFactory.swift (in target 'FirebaseCoreInternal' from project 'Firebase')
    cd /Users/Veer/Library/Mobile\ Documents/com\~apple\~CloudDocs/HearifyV1/HearifyV1.xcodeproj
    

SwiftCompile normal arm64 Compiling\ HeartbeatsPayload.swift,\ RingBuffer.swift /Users/Veer/Library/Developer/Xcode/DerivedData/HearifyV1-ftljoypfezvlxcgouzbpmsmxzads/SourcePackages/checkouts/firebase-ios-sdk/FirebaseCore/Internal/Sources/HeartbeatLogging/HeartbeatsPayload.swift /Users/Veer/Library/Developer/Xcode/DerivedData/HearifyV1-ftljoypfezvlxcgouzbpmsmxzads/SourcePackages/checkouts/firebase-ios-sdk/FirebaseCore/Internal/Sources/HeartbeatLogging/RingBuffer.swift (in target 'FirebaseCoreInternal' from project 'Firebase')
SwiftCompile normal arm64 /Users/Veer/Library/Developer/Xcode/DerivedData/HearifyV1-ftljoypfezvlxcgouzbpmsmxzads/SourcePackages/checkouts/firebase-ios-sdk/FirebaseCore/Internal/Sources/HeartbeatLogging/HeartbeatsPayload.swift (in target 'FirebaseCoreInternal' from project 'Firebase')
    cd /Users/Veer/Library/Mobile\ Documents/com\~apple\~CloudDocs/HearifyV1/HearifyV1.xcodeproj
    

SwiftCompile normal arm64 /Users/Veer/Library/Developer/Xcode/DerivedData/HearifyV1-ftljoypfezvlxcgouzbpmsmxzads/SourcePackages/checkouts/firebase-ios-sdk/FirebaseCore/Internal/Sources/HeartbeatLogging/RingBuffer.swift (in target 'FirebaseCoreInternal' from project 'Firebase')
    cd /Users/Veer/Library/Mobile\ Documents/com\~apple\~CloudDocs/HearifyV1/HearifyV1.xcodeproj
    

SwiftCompile normal arm64 Compiling\ UnfairLock.swift /Users/Veer/Library/Developer/Xcode/DerivedData/HearifyV1-ftljoypfezvlxcgouzbpmsmxzads/SourcePackages/checkouts/firebase-ios-sdk/FirebaseCore/Internal/Sources/Utilities/UnfairLock.swift (in target 'FirebaseCoreInternal' from project 'Firebase')

SwiftCompile normal arm64 /Users/Veer/Library/Developer/Xcode/DerivedData/HearifyV1-ftljoypfezvlxcgouzbpmsmxzads/SourcePackages/checkouts/firebase-ios-sdk/FirebaseCore/Internal/Sources/Utilities/UnfairLock.swift (in target 'FirebaseCoreInternal' from project 'Firebase')
    cd /Users/Veer/Library/Mobile\ Documents/com\~apple\~CloudDocs/HearifyV1/HearifyV1.xcodeproj
    

SwiftCompile normal arm64 Compiling\ _ObjC_HeartbeatsPayload.swift /Users/Veer/Library/Developer/Xcode/DerivedData/HearifyV1-ftljoypfezvlxcgouzbpmsmxzads/SourcePackages/checkouts/firebase-ios-sdk/FirebaseCore/Internal/Sources/HeartbeatLogging/_ObjC_HeartbeatsPayload.swift (in target 'FirebaseCoreInternal' from project 'Firebase')

SwiftCompile normal arm64 /Users/Veer/Library/Developer/Xcode/DerivedData/HearifyV1-ftljoypfezvlxcgouzbpmsmxzads/SourcePackages/checkouts/firebase-ios-sdk/FirebaseCore/Internal/Sources/HeartbeatLogging/_ObjC_HeartbeatsPayload.swift (in target 'FirebaseCoreInternal' from project 'Firebase')
    cd /Users/Veer/Library/Mobile\ Documents/com\~apple\~CloudDocs/HearifyV1/HearifyV1.xcodeproj
    

SwiftCompile normal arm64 Compiling\ WeakContainer.swift /Users/Veer/Library/Developer/Xcode/DerivedData/HearifyV1-ftljoypfezvlxcgouzbpmsmxzads/SourcePackages/checkouts/firebase-ios-sdk/FirebaseCore/Internal/Sources/HeartbeatLogging/WeakContainer.swift (in target 'FirebaseCoreInternal' from project 'Firebase')

SwiftCompile normal arm64 /Users/Veer/Library/Developer/Xcode/DerivedData/HearifyV1-ftljoypfezvlxcgouzbpmsmxzads/SourcePackages/checkouts/firebase-ios-sdk/FirebaseCore/Internal/Sources/HeartbeatLogging/WeakContainer.swift (in target 'FirebaseCoreInternal' from project 'Firebase')
    cd /Users/Veer/Library/Mobile\ Documents/com\~apple\~CloudDocs/HearifyV1/HearifyV1.xcodeproj
    

SwiftCompile normal arm64 Compiling\ Storage.swift /Users/Veer/Library/Developer/Xcode/DerivedData/HearifyV1-ftljoypfezvlxcgouzbpmsmxzads/SourcePackages/checkouts/firebase-ios-sdk/FirebaseCore/Internal/Sources/HeartbeatLogging/Storage.swift (in target 'FirebaseCoreInternal' from project 'Firebase')

SwiftCompile normal arm64 /Users/Veer/Library/Developer/Xcode/DerivedData/HearifyV1-ftljoypfezvlxcgouzbpmsmxzads/SourcePackages/checkouts/firebase-ios-sdk/FirebaseCore/Internal/Sources/HeartbeatLogging/Storage.swift (in target 'FirebaseCoreInternal' from project 'Firebase')
    cd /Users/Veer/Library/Mobile\ Documents/com\~apple\~CloudDocs/HearifyV1/HearifyV1.xcodeproj
    

SwiftCompile normal arm64 Compiling\ HeartbeatStorage.swift,\ HeartbeatsBundle.swift /Users/Veer/Library/Developer/Xcode/DerivedData/HearifyV1-ftljoypfezvlxcgouzbpmsmxzads/SourcePackages/checkouts/firebase-ios-sdk/FirebaseCore/Internal/Sources/HeartbeatLogging/HeartbeatStorage.swift /Users/Veer/Library/Developer/Xcode/DerivedData/HearifyV1-ftljoypfezvlxcgouzbpmsmxzads/SourcePackages/checkouts/firebase-ios-sdk/FirebaseCore/Internal/Sources/HeartbeatLogging/HeartbeatsBundle.swift (in target 'FirebaseCoreInternal' from project 'Firebase')

SwiftCompile normal arm64 /Users/Veer/Library/Developer/Xcode/DerivedData/HearifyV1-ftljoypfezvlxcgouzbpmsmxzads/SourcePackages/checkouts/firebase-ios-sdk/FirebaseCore/Internal/Sources/HeartbeatLogging/HeartbeatStorage.swift (in target 'FirebaseCoreInternal' from project 'Firebase')
    cd /Users/Veer/Library/Mobile\ Documents/com\~apple\~CloudDocs/HearifyV1/HearifyV1.xcodeproj
    

SwiftCompile normal arm64 /Users/Veer/Library/Developer/Xcode/DerivedData/HearifyV1-ftljoypfezvlxcgouzbpmsmxzads/SourcePackages/checkouts/firebase-ios-sdk/FirebaseCore/Internal/Sources/HeartbeatLogging/HeartbeatsBundle.swift (in target 'FirebaseCoreInternal' from project 'Firebase')
    cd /Users/Veer/Library/Mobile\ Documents/com\~apple\~CloudDocs/HearifyV1/HearifyV1.xcodeproj
    

SwiftCompile normal arm64 Compiling\ resource_bundle_accessor.swift,\ Heartbeat.swift /Users/Veer/Library/Developer/Xcode/DerivedData/HearifyV1-ftljoypfezvlxcgouzbpmsmxzads/Build/Intermediates.noindex/Firebase.build/Debug-iphoneos/FirebaseCoreInternal.build/DerivedSources/resource_bundle_accessor.swift /Users/Veer/Library/Developer/Xcode/DerivedData/HearifyV1-ftljoypfezvlxcgouzbpmsmxzads/SourcePackages/checkouts/firebase-ios-sdk/FirebaseCore/Internal/Sources/HeartbeatLogging/Heartbeat.swift (in target 'FirebaseCoreInternal' from project 'Firebase')

SwiftCompile normal arm64 /Users/Veer/Library/Developer/Xcode/DerivedData/HearifyV1-ftljoypfezvlxcgouzbpmsmxzads/Build/Intermediates.noindex/Firebase.build/Debug-iphoneos/FirebaseCoreInternal.build/DerivedSources/resource_bundle_accessor.swift (in target 'FirebaseCoreInternal' from project 'Firebase')
    cd /Users/Veer/Library/Mobile\ Documents/com\~apple\~CloudDocs/HearifyV1/HearifyV1.xcodeproj
    

SwiftCompile normal arm64 /Users/Veer/Library/Developer/Xcode/DerivedData/HearifyV1-ftljoypfezvlxcgouzbpmsmxzads/SourcePackages/checkouts/firebase-ios-sdk/FirebaseCore/Internal/Sources/HeartbeatLogging/Heartbeat.swift (in target 'FirebaseCoreInternal' from project 'Firebase')
    cd /Users/Veer/Library/Mobile\ Documents/com\~apple\~CloudDocs/HearifyV1/HearifyV1.xcodeproj
    

SwiftCompile normal arm64 Compiling\ HeartbeatController.swift,\ HeartbeatLoggingTestUtils.swift /Users/Veer/Library/Developer/Xcode/DerivedData/HearifyV1-ftljoypfezvlxcgouzbpmsmxzads/SourcePackages/checkouts/firebase-ios-sdk/FirebaseCore/Internal/Sources/HeartbeatLogging/HeartbeatController.swift /Users/Veer/Library/Developer/Xcode/DerivedData/HearifyV1-ftljoypfezvlxcgouzbpmsmxzads/SourcePackages/checkouts/firebase-ios-sdk/FirebaseCore/Internal/Sources/HeartbeatLogging/HeartbeatLoggingTestUtils.swift (in target 'FirebaseCoreInternal' from project 'Firebase')

SwiftCompile normal arm64 /Users/Veer/Library/Developer/Xcode/DerivedData/HearifyV1-ftljoypfezvlxcgouzbpmsmxzads/SourcePackages/checkouts/firebase-ios-sdk/FirebaseCore/Internal/Sources/HeartbeatLogging/HeartbeatController.swift (in target 'FirebaseCoreInternal' from project 'Firebase')
    cd /Users/Veer/Library/Mobile\ Documents/com\~apple\~CloudDocs/HearifyV1/HearifyV1.xcodeproj
    

SwiftCompile normal arm64 /Users/Veer/Library/Developer/Xcode/DerivedData/HearifyV1-ftljoypfezvlxcgouzbpmsmxzads/SourcePackages/checkouts/firebase-ios-sdk/FirebaseCore/Internal/Sources/HeartbeatLogging/HeartbeatLoggingTestUtils.swift (in target 'FirebaseCoreInternal' from project 'Firebase')
    cd /Users/Veer/Library/Mobile\ Documents/com\~apple\~CloudDocs/HearifyV1/HearifyV1.xcodeproj
    

SwiftCompile normal arm64 Compiling\ _ObjC_HeartbeatController.swift /Users/Veer/Library/Developer/Xcode/DerivedData/HearifyV1-ftljoypfezvlxcgouzbpmsmxzads/SourcePackages/checkouts/firebase-ios-sdk/FirebaseCore/Internal/Sources/HeartbeatLogging/_ObjC_HeartbeatController.swift (in target 'FirebaseCoreInternal' from project 'Firebase')

SwiftCompile normal arm64 /Users/Veer/Library/Developer/Xcode/DerivedData/HearifyV1-ftljoypfezvlxcgouzbpmsmxzads/SourcePackages/checkouts/firebase-ios-sdk/FirebaseCore/Internal/Sources/HeartbeatLogging/_ObjC_HeartbeatController.swift (in target 'FirebaseCoreInternal' from project 'Firebase')
    cd /Users/Veer/Library/Mobile\ Documents/com\~apple\~CloudDocs/HearifyV1/HearifyV1.xcodeproj
    

SwiftDriverJobDiscovery normal arm64 Compiling WeakContainer.swift (in target 'FirebaseCoreInternal' from project 'Firebase')

SwiftDriverJobDiscovery normal arm64 Compiling _ObjC_HeartbeatsPayload.swift (in target 'FirebaseCoreInternal' from project 'Firebase')

SwiftDriverJobDiscovery normal arm64 Compiling StorageFactory.swift (in target 'FirebaseCoreInternal' from project 'Firebase')

SwiftDriverJobDiscovery normal arm64 Emitting module for FirebaseCoreInternal (in target 'FirebaseCoreInternal' from project 'Firebase')

SwiftDriverJobDiscovery normal arm64 Compiling Storage.swift (in target 'FirebaseCoreInternal' from project 'Firebase')

SwiftDriver\ Compilation\ Requirements FirebaseCoreInternal normal arm64 com.apple.xcode.tools.swift.compiler (in target 'FirebaseCoreInternal' from project 'Firebase')
    cd /Users/Veer/Library/Mobile\ Documents/com\~apple\~CloudDocs/HearifyV1/HearifyV1.xcodeproj
    builtin-Swift-Compilation-Requirements -- /Applications/Xcode.app/Contents/Developer/Toolchains/XcodeDefault.xctoolchain/usr/bin/swiftc -module-name FirebaseCoreInternal -Onone -enforce-exclusivity\=checked @/Users/Veer/Library/Developer/Xcode/DerivedData/HearifyV1-ftljoypfezvlxcgouzbpmsmxzads/Build/Intermediates.noindex/Firebase.build/Debug-iphoneos/FirebaseCoreInternal.build/Objects-normal/arm64/FirebaseCoreInternal.SwiftFileList -DSWIFT_PACKAGE -DDEBUG -DSWIFT_MODULE_RESOURCE_BUNDLE_AVAILABLE -Xcc -fmodule-map-file\=/Users/Veer/Library/Developer/Xcode/DerivedData/HearifyV1-ftljoypfezvlxcgouzbpmsmxzads/Build/Intermediates.noindex/GeneratedModuleMaps-iphoneos/GoogleUtilities-NSData.modulemap -DXcode -plugin-path /Applications/Xcode.app/Contents/Developer/Toolchains/XcodeDefault.xctoolchain/usr/lib/swift/host/plugins/testing -enable-experimental-feature DebugDescriptionMacro -sdk /Applications/Xcode.app/Contents/Developer/Platforms/iPhoneOS.platform/Developer/SDKs/iPhoneOS26.2.sdk -target arm64-apple-ios15.0 -g -module-cache-path /Users/Veer/Library/Developer/Xcode/DerivedData/ModuleCache.noindex -Xfrontend -serialize-debugging-options -profile-coverage-mapping -profile-generate -enable-testing -suppress-warnings -index-store-path /Users/Veer/Library/Developer/Xcode/DerivedData/HearifyV1-ftljoypfezvlxcgouzbpmsmxzads/Index.noindex/DataStore -Xcc -D_LIBCPP_HARDENING_MODE\=_LIBCPP_HARDENING_MODE_DEBUG -swift-version 6 -I /Users/Veer/Library/Developer/Xcode/DerivedData/HearifyV1-ftljoypfezvlxcgouzbpmsmxzads/Build/Products/Debug-iphoneos -Isystem /Applications/Xcode.app/Contents/Developer/Platforms/iPhoneOS.platform/Developer/usr/lib -F /Users/Veer/Library/Developer/Xcode/DerivedData/HearifyV1-ftljoypfezvlxcgouzbpmsmxzads/Build/Products/Debug-iphoneos/PackageFrameworks -F /Users/Veer/Library/Developer/Xcode/DerivedData/HearifyV1-ftljoypfezvlxcgouzbpmsmxzads/Build/Products/Debug-iphoneos -F /Applications/Xcode.app/Contents/Developer/Platforms/iPhoneOS.platform/Developer/Library/Frameworks -F /Applications/Xcode.app/Contents/Developer/Platforms/iPhoneOS.platform/Developer/SDKs/iPhoneOS26.2.sdk/Developer/Library/Frameworks -c -j10 -enable-batch-mode -incremental -Xcc -ivfsstatcache -Xcc /Users/Veer/Library/Developer/Xcode/DerivedData/SDKStatCaches.noindex/iphoneos26.2-23C53-3794476bd08197c3e2abd9bb477ef7f7.sdkstatcache -output-file-map /Users/Veer/Library/Developer/Xcode/DerivedData/HearifyV1-ftljoypfezvlxcgouzbpmsmxzads/Build/Intermediates.noindex/Firebase.build/Debug-iphoneos/FirebaseCoreInternal.build/Objects-normal/arm64/FirebaseCoreInternal-OutputFileMap.json -use-frontend-parseable-output -save-temps -no-color-diagnostics -explicit-module-build -module-cache-path /Users/Veer/Library/Developer/Xcode/DerivedData/HearifyV1-ftljoypfezvlxcgouzbpmsmxzads/Build/Intermediates.noindex/SwiftExplicitPrecompiledModules -clang-scanner-module-cache-path /Users/Veer/Library/Developer/Xcode/DerivedData/ModuleCache.noindex -sdk-module-cache-path /Users/Veer/Library/Developer/Xcode/DerivedData/ModuleCache.noindex -serialize-diagnostics -emit-dependencies -emit-module -emit-module-path /Users/Veer/Library/Developer/Xcode/DerivedData/HearifyV1-ftljoypfezvlxcgouzbpmsmxzads/Build/Intermediates.noindex/Firebase.build/Debug-iphoneos/FirebaseCoreInternal.build/Objects-normal/arm64/FirebaseCoreInternal.swiftmodule -user-module-version 12.8.0 -validate-clang-modules-once -clang-build-session-file /Users/Veer/Library/Developer/Xcode/DerivedData/ModuleCache.noindex/Session.modulevalidation -package-name firebase_ios_sdk -Xcc -I/Users/Veer/Library/Developer/Xcode/DerivedData/HearifyV1-ftljoypfezvlxcgouzbpmsmxzads/Build/Intermediates.noindex/Firebase.build/Debug-iphoneos/FirebaseCoreInternal.build/swift-overrides.hmap -emit-const-values -Xfrontend -const-gather-protocols-file -Xfrontend /Users/Veer/Library/Developer/Xcode/DerivedData/HearifyV1-ftljoypfezvlxcgouzbpmsmxzads/Build/Intermediates.noindex/Firebase.build/Debug-iphoneos/FirebaseCoreInternal.build/Objects-normal/arm64/FirebaseCoreInternal_const_extract_protocols.json -Xcc -I/Users/Veer/Library/Developer/Xcode/DerivedData/HearifyV1-ftljoypfezvlxcgouzbpmsmxzads/SourcePackages/checkouts/GoogleUtilities/GoogleUtilities/NSData+zlib/Public -Xcc -I/Users/Veer/Library/Developer/Xcode/DerivedData/HearifyV1-ftljoypfezvlxcgouzbpmsmxzads/Build/Products/Debug-iphoneos/include -Xcc -I/Users/Veer/Library/Developer/Xcode/DerivedData/HearifyV1-ftljoypfezvlxcgouzbpmsmxzads/Build/Intermediates.noindex/Firebase.build/Debug-iphoneos/FirebaseCoreInternal.build/DerivedSources-normal/arm64 -Xcc -I/Users/Veer/Library/Developer/Xcode/DerivedData/HearifyV1-ftljoypfezvlxcgouzbpmsmxzads/Build/Intermediates.noindex/Firebase.build/Debug-iphoneos/FirebaseCoreInternal.build/DerivedSources/arm64 -Xcc -I/Users/Veer/Library/Developer/Xcode/DerivedData/HearifyV1-ftljoypfezvlxcgouzbpmsmxzads/Build/Intermediates.noindex/Firebase.build/Debug-iphoneos/FirebaseCoreInternal.build/DerivedSources -Xcc -DSWIFT_PACKAGE -Xcc -DDEBUG\=1 -emit-objc-header -emit-objc-header-path /Users/Veer/Library/Developer/Xcode/DerivedData/HearifyV1-ftljoypfezvlxcgouzbpmsmxzads/Build/Intermediates.noindex/Firebase.build/Debug-iphoneos/FirebaseCoreInternal.build/Objects-normal/arm64/FirebaseCoreInternal-Swift.h -working-directory /Users/Veer/Library/Mobile\ Documents/com\~apple\~CloudDocs/HearifyV1/HearifyV1.xcodeproj -experimental-emit-module-separately -disable-cmo

SwiftMergeGeneratedHeaders /Users/Veer/Library/Developer/Xcode/DerivedData/HearifyV1-ftljoypfezvlxcgouzbpmsmxzads/Build/Intermediates.noindex/GeneratedModuleMaps-iphoneos/FirebaseCoreInternal-Swift.h /Users/Veer/Library/Developer/Xcode/DerivedData/HearifyV1-ftljoypfezvlxcgouzbpmsmxzads/Build/Intermediates.noindex/Firebase.build/Debug-iphoneos/FirebaseCoreInternal.build/Objects-normal/arm64/FirebaseCoreInternal-Swift.h (in target 'FirebaseCoreInternal' from project 'Firebase')
    cd /Users/Veer/Library/Developer/Xcode/DerivedData/HearifyV1-ftljoypfezvlxcgouzbpmsmxzads/SourcePackages/checkouts/firebase-ios-sdk
    builtin-swiftHeaderTool -arch arm64 /Users/Veer/Library/Developer/Xcode/DerivedData/HearifyV1-ftljoypfezvlxcgouzbpmsmxzads/Build/Intermediates.noindex/Firebase.build/Debug-iphoneos/FirebaseCoreInternal.build/Objects-normal/arm64/FirebaseCoreInternal-Swift.h -o /Users/Veer/Library/Developer/Xcode/DerivedData/HearifyV1-ftljoypfezvlxcgouzbpmsmxzads/Build/Intermediates.noindex/GeneratedModuleMaps-iphoneos/FirebaseCoreInternal-Swift.h

Copy /Users/Veer/Library/Developer/Xcode/DerivedData/HearifyV1-ftljoypfezvlxcgouzbpmsmxzads/Build/Products/Debug-iphoneos/FirebaseCoreInternal.swiftmodule/arm64-apple-ios.swiftmodule /Users/Veer/Library/Developer/Xcode/DerivedData/HearifyV1-ftljoypfezvlxcgouzbpmsmxzads/Build/Intermediates.noindex/Firebase.build/Debug-iphoneos/FirebaseCoreInternal.build/Objects-normal/arm64/FirebaseCoreInternal.swiftmodule (in target 'FirebaseCoreInternal' from project 'Firebase')
    cd /Users/Veer/Library/Developer/Xcode/DerivedData/HearifyV1-ftljoypfezvlxcgouzbpmsmxzads/SourcePackages/checkouts/firebase-ios-sdk
    builtin-copy -exclude .DS_Store -exclude CVS -exclude .svn -exclude .git -exclude .hg -resolve-src-symlinks -rename /Users/Veer/Library/Developer/Xcode/DerivedData/HearifyV1-ftljoypfezvlxcgouzbpmsmxzads/Build/Intermediates.noindex/Firebase.build/Debug-iphoneos/FirebaseCoreInternal.build/Objects-normal/arm64/FirebaseCoreInternal.swiftmodule /Users/Veer/Library/Developer/Xcode/DerivedData/HearifyV1-ftljoypfezvlxcgouzbpmsmxzads/Build/Products/Debug-iphoneos/FirebaseCoreInternal.swiftmodule/arm64-apple-ios.swiftmodule

Copy /Users/Veer/Library/Developer/Xcode/DerivedData/HearifyV1-ftljoypfezvlxcgouzbpmsmxzads/Build/Products/Debug-iphoneos/FirebaseCoreInternal.swiftmodule/arm64-apple-ios.swiftdoc /Users/Veer/Library/Developer/Xcode/DerivedData/HearifyV1-ftljoypfezvlxcgouzbpmsmxzads/Build/Intermediates.noindex/Firebase.build/Debug-iphoneos/FirebaseCoreInternal.build/Objects-normal/arm64/FirebaseCoreInternal.swiftdoc (in target 'FirebaseCoreInternal' from project 'Firebase')
    cd /Users/Veer/Library/Developer/Xcode/DerivedData/HearifyV1-ftljoypfezvlxcgouzbpmsmxzads/SourcePackages/checkouts/firebase-ios-sdk
    builtin-copy -exclude .DS_Store -exclude CVS -exclude .svn -exclude .git -exclude .hg -resolve-src-symlinks -rename /Users/Veer/Library/Developer/Xcode/DerivedData/HearifyV1-ftljoypfezvlxcgouzbpmsmxzads/Build/Intermediates.noindex/Firebase.build/Debug-iphoneos/FirebaseCoreInternal.build/Objects-normal/arm64/FirebaseCoreInternal.swiftdoc /Users/Veer/Library/Developer/Xcode/DerivedData/HearifyV1-ftljoypfezvlxcgouzbpmsmxzads/Build/Products/Debug-iphoneos/FirebaseCoreInternal.swiftmodule/arm64-apple-ios.swiftdoc

Copy /Users/Veer/Library/Developer/Xcode/DerivedData/HearifyV1-ftljoypfezvlxcgouzbpmsmxzads/Build/Products/Debug-iphoneos/FirebaseCoreInternal.swiftmodule/arm64-apple-ios.abi.json /Users/Veer/Library/Developer/Xcode/DerivedData/HearifyV1-ftljoypfezvlxcgouzbpmsmxzads/Build/Intermediates.noindex/Firebase.build/Debug-iphoneos/FirebaseCoreInternal.build/Objects-normal/arm64/FirebaseCoreInternal.abi.json (in target 'FirebaseCoreInternal' from project 'Firebase')
    cd /Users/Veer/Library/Developer/Xcode/DerivedData/HearifyV1-ftljoypfezvlxcgouzbpmsmxzads/SourcePackages/checkouts/firebase-ios-sdk
    builtin-copy -exclude .DS_Store -exclude CVS -exclude .svn -exclude .git -exclude .hg -resolve-src-symlinks -rename /Users/Veer/Library/Developer/Xcode/DerivedData/HearifyV1-ftljoypfezvlxcgouzbpmsmxzads/Build/Intermediates.noindex/Firebase.build/Debug-iphoneos/FirebaseCoreInternal.build/Objects-normal/arm64/FirebaseCoreInternal.abi.json /Users/Veer/Library/Developer/Xcode/DerivedData/HearifyV1-ftljoypfezvlxcgouzbpmsmxzads/Build/Products/Debug-iphoneos/FirebaseCoreInternal.swiftmodule/arm64-apple-ios.abi.json

Copy /Users/Veer/Library/Developer/Xcode/DerivedData/HearifyV1-ftljoypfezvlxcgouzbpmsmxzads/Build/Products/Debug-iphoneos/FirebaseCoreInternal.swiftmodule/Project/arm64-apple-ios.swiftsourceinfo /Users/Veer/Library/Developer/Xcode/DerivedData/HearifyV1-ftljoypfezvlxcgouzbpmsmxzads/Build/Intermediates.noindex/Firebase.build/Debug-iphoneos/FirebaseCoreInternal.build/Objects-normal/arm64/FirebaseCoreInternal.swiftsourceinfo (in target 'FirebaseCoreInternal' from project 'Firebase')
    cd /Users/Veer/Library/Developer/Xcode/DerivedData/HearifyV1-ftljoypfezvlxcgouzbpmsmxzads/SourcePackages/checkouts/firebase-ios-sdk
    builtin-copy -exclude .DS_Store -exclude CVS -exclude .svn -exclude .git -exclude .hg -resolve-src-symlinks -rename /Users/Veer/Library/Developer/Xcode/DerivedData/HearifyV1-ftljoypfezvlxcgouzbpmsmxzads/Build/Intermediates.noindex/Firebase.build/Debug-iphoneos/FirebaseCoreInternal.build/Objects-normal/arm64/FirebaseCoreInternal.swiftsourceinfo /Users/Veer/Library/Developer/Xcode/DerivedData/HearifyV1-ftljoypfezvlxcgouzbpmsmxzads/Build/Products/Debug-iphoneos/FirebaseCoreInternal.swiftmodule/Project/arm64-apple-ios.swiftsourceinfo

SwiftDriver FirebaseStorage normal arm64 com.apple.xcode.tools.swift.compiler (in target 'FirebaseStorage' from project 'Firebase')
    cd /Users/Veer/Library/Mobile\ Documents/com\~apple\~CloudDocs/HearifyV1/HearifyV1.xcodeproj
    builtin-SwiftDriver -- /Applications/Xcode.app/Contents/Developer/Toolchains/XcodeDefault.xctoolchain/usr/bin/swiftc -module-name FirebaseStorage -Onone -enforce-exclusivity\=checked @/Users/Veer/Library/Developer/Xcode/DerivedData/HearifyV1-ftljoypfezvlxcgouzbpmsmxzads/Build/Intermediates.noindex/Firebase.build/Debug-iphoneos/FirebaseStorage.build/Objects-normal/arm64/FirebaseStorage.SwiftFileList -DSWIFT_PACKAGE -DDEBUG -DSWIFT_MODULE_RESOURCE_BUNDLE_UNAVAILABLE -Xcc -fmodule-map-file\=/Users/Veer/Library/Developer/Xcode/DerivedData/HearifyV1-ftljoypfezvlxcgouzbpmsmxzads/Build/Intermediates.noindex/GeneratedModuleMaps-iphoneos/GoogleUtilities-NSData.modulemap -Xcc -fmodule-map-file\=/Users/Veer/Library/Developer/Xcode/DerivedData/HearifyV1-ftljoypfezvlxcgouzbpmsmxzads/Build/Intermediates.noindex/GeneratedModuleMaps-iphoneos/GoogleUtilities-Environment.modulemap -Xcc -fmodule-map-file\=/Users/Veer/Library/Developer/Xcode/DerivedData/HearifyV1-ftljoypfezvlxcgouzbpmsmxzads/Build/Intermediates.noindex/GeneratedModuleMaps-iphoneos/third-party-IsAppEncrypted.modulemap -Xcc -fmodule-map-file\=/Users/Veer/Library/Developer/Xcode/DerivedData/HearifyV1-ftljoypfezvlxcgouzbpmsmxzads/Build/Intermediates.noindex/GeneratedModuleMaps-iphoneos/GoogleUtilities-Logger.modulemap -Xcc -fmodule-map-file\=/Users/Veer/Library/Developer/Xcode/DerivedData/HearifyV1-ftljoypfezvlxcgouzbpmsmxzads/Build/Intermediates.noindex/GeneratedModuleMaps-iphoneos/GTMSessionFetcherCore.modulemap -Xcc -fmodule-map-file\=/Users/Veer/Library/Developer/Xcode/DerivedData/HearifyV1-ftljoypfezvlxcgouzbpmsmxzads/Build/Intermediates.noindex/GeneratedModuleMaps-iphoneos/FirebaseCoreExtension.modulemap -Xcc -fmodule-map-file\=/Users/Veer/Library/Developer/Xcode/DerivedData/HearifyV1-ftljoypfezvlxcgouzbpmsmxzads/Build/Intermediates.noindex/GeneratedModuleMaps-iphoneos/FirebaseCore.modulemap -Xcc -fmodule-map-file\=/Users/Veer/Library/Developer/Xcode/DerivedData/HearifyV1-ftljoypfezvlxcgouzbpmsmxzads/Build/Intermediates.noindex/GeneratedModuleMaps-iphoneos/FirebaseAuthInterop.modulemap -Xcc -fmodule-map-file\=/Users/Veer/Library/Developer/Xcode/DerivedData/HearifyV1-ftljoypfezvlxcgouzbpmsmxzads/Build/Intermediates.noindex/GeneratedModuleMaps-iphoneos/FirebaseAppCheckInterop.modulemap -DXcode -plugin-path /Applications/Xcode.app/Contents/Developer/Toolchains/XcodeDefault.xctoolchain/usr/lib/swift/host/plugins/testing -enable-experimental-feature DebugDescriptionMacro -sdk /Applications/Xcode.app/Contents/Developer/Platforms/iPhoneOS.platform/Developer/SDKs/iPhoneOS26.2.sdk -target arm64-apple-ios15.0 -g -module-cache-path /Users/Veer/Library/Developer/Xcode/DerivedData/ModuleCache.noindex -Xfrontend -serialize-debugging-options -profile-coverage-mapping -profile-generate -enable-testing -suppress-warnings -index-store-path /Users/Veer/Library/Developer/Xcode/DerivedData/HearifyV1-ftljoypfezvlxcgouzbpmsmxzads/Index.noindex/DataStore -Xcc -D_LIBCPP_HARDENING_MODE\=_LIBCPP_HARDENING_MODE_DEBUG -swift-version 5 -I /Users/Veer/Library/Developer/Xcode/DerivedData/HearifyV1-ftljoypfezvlxcgouzbpmsmxzads/Build/Products/Debug-iphoneos -Isystem /Applications/Xcode.app/Contents/Developer/Platforms/iPhoneOS.platform/Developer/usr/lib -F /Users/Veer/Library/Developer/Xcode/DerivedData/HearifyV1-ftljoypfezvlxcgouzbpmsmxzads/Build/Products/Debug-iphoneos/PackageFrameworks -F /Users/Veer/Library/Developer/Xcode/DerivedData/HearifyV1-ftljoypfezvlxcgouzbpmsmxzads/Build/Products/Debug-iphoneos/PackageFrameworks -F /Users/Veer/Library/Developer/Xcode/DerivedData/HearifyV1-ftljoypfezvlxcgouzbpmsmxzads/Build/Products/Debug-iphoneos/PackageFrameworks -F /Users/Veer/Library/Developer/Xcode/DerivedData/HearifyV1-ftljoypfezvlxcgouzbpmsmxzads/Build/Products/Debug-iphoneos/PackageFrameworks -F /Users/Veer/Library/Developer/Xcode/DerivedData/HearifyV1-ftljoypfezvlxcgouzbpmsmxzads/Build/Products/Debug-iphoneos/PackageFrameworks -F /Users/Veer/Library/Developer/Xcode/DerivedData/HearifyV1-ftljoypfezvlxcgouzbpmsmxzads/Build/Products/Debug-iphoneos/PackageFrameworks -F /Users/Veer/Library/Developer/Xcode/DerivedData/HearifyV1-ftljoypfezvlxcgouzbpmsmxzads/Build/Products/Debug-iphoneos/PackageFrameworks -F /Users/Veer/Library/Developer/Xcode/DerivedData/HearifyV1-ftljoypfezvlxcgouzbpmsmxzads/Build/Products/Debug-iphoneos/PackageFrameworks -F /Users/Veer/Library/Developer/Xcode/DerivedData/HearifyV1-ftljoypfezvlxcgouzbpmsmxzads/Build/Products/Debug-iphoneos/PackageFrameworks -F /Users/Veer/Library/Developer/Xcode/DerivedData/HearifyV1-ftljoypfezvlxcgouzbpmsmxzads/Build/Products/Debug-iphoneos/PackageFrameworks -F /Users/Veer/Library/Developer/Xcode/DerivedData/HearifyV1-ftljoypfezvlxcgouzbpmsmxzads/Build/Products/Debug-iphoneos/PackageFrameworks -F /Users/Veer/Library/Developer/Xcode/DerivedData/HearifyV1-ftljoypfezvlxcgouzbpmsmxzads/Build/Products/Debug-iphoneos -F /Applications/Xcode.app/Contents/Developer/Platforms/iPhoneOS.platform/Developer/Library/Frameworks -F /Applications/Xcode.app/Contents/Developer/Platforms/iPhoneOS.platform/Developer/SDKs/iPhoneOS26.2.sdk/Developer/Library/Frameworks -c -j10 -enable-batch-mode -incremental -Xcc -ivfsstatcache -Xcc /Users/Veer/Library/Developer/Xcode/DerivedData/SDKStatCaches.noindex/iphoneos26.2-23C53-3794476bd08197c3e2abd9bb477ef7f7.sdkstatcache -output-file-map /Users/Veer/Library/Developer/Xcode/DerivedData/HearifyV1-ftljoypfezvlxcgouzbpmsmxzads/Build/Intermediates.noindex/Firebase.build/Debug-iphoneos/FirebaseStorage.build/Objects-normal/arm64/FirebaseStorage-OutputFileMap.json -use-frontend-parseable-output -save-temps -no-color-diagnostics -explicit-module-build -module-cache-path /Users/Veer/Library/Developer/Xcode/DerivedData/HearifyV1-ftljoypfezvlxcgouzbpmsmxzads/Build/Intermediates.noindex/SwiftExplicitPrecompiledModules -clang-scanner-module-cache-path /Users/Veer/Library/Developer/Xcode/DerivedData/ModuleCache.noindex -sdk-module-cache-path /Users/Veer/Library/Developer/Xcode/DerivedData/ModuleCache.noindex -serialize-diagnostics -emit-dependencies -emit-module -emit-module-path /Users/Veer/Library/Developer/Xcode/DerivedData/HearifyV1-ftljoypfezvlxcgouzbpmsmxzads/Build/Intermediates.noindex/Firebase.build/Debug-iphoneos/FirebaseStorage.build/Objects-normal/arm64/FirebaseStorage.swiftmodule -user-module-version 12.8.0 -validate-clang-modules-once -clang-build-session-file /Users/Veer/Library/Developer/Xcode/DerivedData/ModuleCache.noindex/Session.modulevalidation -package-name firebase_ios_sdk -Xcc -I/Users/Veer/Library/Developer/Xcode/DerivedData/HearifyV1-ftljoypfezvlxcgouzbpmsmxzads/Build/Intermediates.noindex/Firebase.build/Debug-iphoneos/FirebaseStorage.build/swift-overrides.hmap -emit-const-values -Xfrontend -const-gather-protocols-file -Xfrontend /Users/Veer/Library/Developer/Xcode/DerivedData/HearifyV1-ftljoypfezvlxcgouzbpmsmxzads/Build/Intermediates.noindex/Firebase.build/Debug-iphoneos/FirebaseStorage.build/Objects-normal/arm64/FirebaseStorage_const_extract_protocols.json -Xcc -I/Users/Veer/Library/Developer/Xcode/DerivedData/HearifyV1-ftljoypfezvlxcgouzbpmsmxzads/SourcePackages/checkouts/GoogleUtilities/GoogleUtilities/NSData+zlib/Public -Xcc -I/Users/Veer/Library/Developer/Xcode/DerivedData/HearifyV1-ftljoypfezvlxcgouzbpmsmxzads/SourcePackages/checkouts/GoogleUtilities/GoogleUtilities/Environment/Public -Xcc -I/Users/Veer/Library/Developer/Xcode/DerivedData/HearifyV1-ftljoypfezvlxcgouzbpmsmxzads/SourcePackages/checkouts/GoogleUtilities/third_party/IsAppEncrypted/Public -Xcc -I/Users/Veer/Library/Developer/Xcode/DerivedData/HearifyV1-ftljoypfezvlxcgouzbpmsmxzads/SourcePackages/checkouts/GoogleUtilities/GoogleUtilities/Logger/Public -Xcc -I/Users/Veer/Library/Developer/Xcode/DerivedData/HearifyV1-ftljoypfezvlxcgouzbpmsmxzads/SourcePackages/checkouts/gtm-session-fetcher/Sources/Core/Public -Xcc -I/Users/Veer/Library/Developer/Xcode/DerivedData/HearifyV1-ftljoypfezvlxcgouzbpmsmxzads/SourcePackages/checkouts/firebase-ios-sdk/FirebaseCore/Extension -Xcc -I/Users/Veer/Library/Developer/Xcode/DerivedData/HearifyV1-ftljoypfezvlxcgouzbpmsmxzads/SourcePackages/checkouts/firebase-ios-sdk/FirebaseCore/Sources/Public -Xcc -I/Users/Veer/Library/Developer/Xcode/DerivedData/HearifyV1-ftljoypfezvlxcgouzbpmsmxzads/SourcePackages/checkouts/firebase-ios-sdk/CoreOnly/Sources -Xcc -I/Users/Veer/Library/Developer/Xcode/DerivedData/HearifyV1-ftljoypfezvlxcgouzbpmsmxzads/SourcePackages/checkouts/firebase-ios-sdk/FirebaseAuth/Interop/Public -Xcc -I/Users/Veer/Library/Developer/Xcode/DerivedData/HearifyV1-ftljoypfezvlxcgouzbpmsmxzads/SourcePackages/checkouts/firebase-ios-sdk/FirebaseAppCheck/Interop/Public -Xcc -I/Users/Veer/Library/Developer/Xcode/DerivedData/HearifyV1-ftljoypfezvlxcgouzbpmsmxzads/Build/Products/Debug-iphoneos/include -Xcc -I/Users/Veer/Library/Developer/Xcode/DerivedData/HearifyV1-ftljoypfezvlxcgouzbpmsmxzads/Build/Intermediates.noindex/Firebase.build/Debug-iphoneos/FirebaseStorage.build/DerivedSources-normal/arm64 -Xcc -I/Users/Veer/Library/Developer/Xcode/DerivedData/HearifyV1-ftljoypfezvlxcgouzbpmsmxzads/Build/Intermediates.noindex/Firebase.build/Debug-iphoneos/FirebaseStorage.build/DerivedSources/arm64 -Xcc -I/Users/Veer/Library/Developer/Xcode/DerivedData/HearifyV1-ftljoypfezvlxcgouzbpmsmxzads/Build/Intermediates.noindex/Firebase.build/Debug-iphoneos/FirebaseStorage.build/DerivedSources -Xcc -DSWIFT_PACKAGE -Xcc -DDEBUG\=1 -emit-objc-header -emit-objc-header-path /Users/Veer/Library/Developer/Xcode/DerivedData/HearifyV1-ftljoypfezvlxcgouzbpmsmxzads/Build/Intermediates.noindex/Firebase.build/Debug-iphoneos/FirebaseStorage.build/Objects-normal/arm64/FirebaseStorage-Swift.h -working-directory /Users/Veer/Library/Mobile\ Documents/com\~apple\~CloudDocs/HearifyV1/HearifyV1.xcodeproj -experimental-emit-module-separately -disable-cmo

ScanDependencies /Users/Veer/Library/Developer/Xcode/DerivedData/HearifyV1-ftljoypfezvlxcgouzbpmsmxzads/Build/Intermediates.noindex/Firebase.build/Debug-iphoneos/FirebaseCore.build/Objects-normal/arm64/FIRVersion.o /Users/Veer/Library/Developer/Xcode/DerivedData/HearifyV1-ftljoypfezvlxcgouzbpmsmxzads/SourcePackages/checkouts/firebase-ios-sdk/FirebaseCore/Sources/FIRVersion.m normal arm64 objective-c com.apple.compilers.llvm.clang.1_0.compiler (in target 'FirebaseCore' from project 'Firebase')
    cd /Users/Veer/Library/Mobile\ Documents/com\~apple\~CloudDocs/HearifyV1/HearifyV1.xcodeproj
    
    Using response file: /Users/Veer/Library/Developer/Xcode/DerivedData/HearifyV1-ftljoypfezvlxcgouzbpmsmxzads/Build/Intermediates.noindex/Firebase.build/Debug-iphoneos/FirebaseCore.build/Objects-normal/arm64/e6072d4f65d7061329687fe24e3d63a7-common-args.resp
    
    builtin-ScanDependencies -o /Users/Veer/Library/Developer/Xcode/DerivedData/HearifyV1-ftljoypfezvlxcgouzbpmsmxzads/Build/Intermediates.noindex/Firebase.build/Debug-iphoneos/FirebaseCore.build/Objects-normal/arm64/FIRVersion.o.scan -- /Applications/Xcode.app/Contents/Developer/Toolchains/XcodeDefault.xctoolchain/usr/bin/clang -x objective-c -ivfsstatcache /Users/Veer/Library/Developer/Xcode/DerivedData/SDKStatCaches.noindex/iphoneos26.2-23C53-3794476bd08197c3e2abd9bb477ef7f7.sdkstatcache -fmessage-length\=0 -fdiagnostics-show-note-include-stack -fmacro-backtrace-limit\=0 -fno-color-diagnostics -fmodules-prune-interval\=86400 -fmodules-prune-after\=345600 -fbuild-session-file\=/Users/Veer/Library/Developer/Xcode/DerivedData/ModuleCache.noindex/Session.modulevalidation -fmodules-validate-once-per-build-session -Wnon-modular-include-in-framework-module -Werror\=non-modular-include-in-framework-module -Wno-trigraphs -Wno-missing-field-initializers -Wno-missing-prototypes -Wno-return-type -Wno-implicit-atomic-properties -Wno-objc-interface-ivars -Wno-arc-repeated-use-of-weak -Wno-missing-braces -Wparentheses -Wswitch -Wno-unused-function -Wno-unused-label -Wno-unused-parameter -Wno-unused-variable -Wunused-value -Wno-empty-body -Wno-uninitialized -Wno-unknown-pragmas -w -Wno-shadow -Wno-four-char-constants -Wno-conversion -Wno-constant-conversion -Wno-int-conversion -Wno-bool-conversion -Wno-enum-conversion -Wno-float-conversion -Wno-non-literal-null-conversion -Wno-objc-literal-conversion -Wshorten-64-to-32 -Wpointer-sign -Wno-newline-eof -Wno-selector -Wno-strict-selector-match -Wno-undeclared-selector -Wno-deprecated-implementations -Wno-implicit-fallthrough -fstrict-aliasing -Wprotocol -Wdeprecated-declarations -Wno-sign-conversion -Wno-infinite-recursion -Wno-comma -Wno-block-capture-autoreleasing -Wno-strict-prototypes -Wno-semicolon-before-method-body -index-store-path /Users/Veer/Library/Developer/Xcode/DerivedData/HearifyV1-ftljoypfezvlxcgouzbpmsmxzads/Index.noindex/DataStore @/Users/Veer/Library/Developer/Xcode/DerivedData/HearifyV1-ftljoypfezvlxcgouzbpmsmxzads/Build/Intermediates.noindex/Firebase.build/Debug-iphoneos/FirebaseCore.build/Objects-normal/arm64/e6072d4f65d7061329687fe24e3d63a7-common-args.resp -include /Users/Veer/Library/Developer/Xcode/DerivedData/HearifyV1-ftljoypfezvlxcgouzbpmsmxzads/Build/Intermediates.noindex/Firebase.build/Debug-iphoneos/FirebaseCore.build/DerivedSources/resource_bundle_accessor.h -MMD -MT dependencies -MF /Users/Veer/Library/Developer/Xcode/DerivedData/HearifyV1-ftljoypfezvlxcgouzbpmsmxzads/Build/Intermediates.noindex/Firebase.build/Debug-iphoneos/FirebaseCore.build/Objects-normal/arm64/FIRVersion.d --serialize-diagnostics /Users/Veer/Library/Developer/Xcode/DerivedData/HearifyV1-ftljoypfezvlxcgouzbpmsmxzads/Build/Intermediates.noindex/Firebase.build/Debug-iphoneos/FirebaseCore.build/Objects-normal/arm64/FIRVersion.dia -c /Users/Veer/Library/Developer/Xcode/DerivedData/HearifyV1-ftljoypfezvlxcgouzbpmsmxzads/SourcePackages/checkouts/firebase-ios-sdk/FirebaseCore/Sources/FIRVersion.m -o /Users/Veer/Library/Developer/Xcode/DerivedData/HearifyV1-ftljoypfezvlxcgouzbpmsmxzads/Build/Intermediates.noindex/Firebase.build/Debug-iphoneos/FirebaseCore.build/Objects-normal/arm64/FIRVersion.o -index-unit-output-path /Firebase.build/Debug-iphoneos/FirebaseCore.build/Objects-normal/arm64/FIRVersion.o

ScanDependencies /Users/Veer/Library/Developer/Xcode/DerivedData/HearifyV1-ftljoypfezvlxcgouzbpmsmxzads/Build/Intermediates.noindex/Firebase.build/Debug-iphoneos/FirebaseCore.build/Objects-normal/arm64/resource_bundle_accessor.o /Users/Veer/Library/Developer/Xcode/DerivedData/HearifyV1-ftljoypfezvlxcgouzbpmsmxzads/Build/Intermediates.noindex/Firebase.build/Debug-iphoneos/FirebaseCore.build/DerivedSources/resource_bundle_accessor.m normal arm64 objective-c com.apple.compilers.llvm.clang.1_0.compiler (in target 'FirebaseCore' from project 'Firebase')
    cd /Users/Veer/Library/Mobile\ Documents/com\~apple\~CloudDocs/HearifyV1/HearifyV1.xcodeproj
    
    Using response file: /Users/Veer/Library/Developer/Xcode/DerivedData/HearifyV1-ftljoypfezvlxcgouzbpmsmxzads/Build/Intermediates.noindex/Firebase.build/Debug-iphoneos/FirebaseCore.build/Objects-normal/arm64/e6072d4f65d7061329687fe24e3d63a7-common-args.resp
    
    builtin-ScanDependencies -o /Users/Veer/Library/Developer/Xcode/DerivedData/HearifyV1-ftljoypfezvlxcgouzbpmsmxzads/Build/Intermediates.noindex/Firebase.build/Debug-iphoneos/FirebaseCore.build/Objects-normal/arm64/resource_bundle_accessor.o.scan -- /Applications/Xcode.app/Contents/Developer/Toolchains/XcodeDefault.xctoolchain/usr/bin/clang -x objective-c -ivfsstatcache /Users/Veer/Library/Developer/Xcode/DerivedData/SDKStatCaches.noindex/iphoneos26.2-23C53-3794476bd08197c3e2abd9bb477ef7f7.sdkstatcache -fmessage-length\=0 -fdiagnostics-show-note-include-stack -fmacro-backtrace-limit\=0 -fno-color-diagnostics -fmodules-prune-interval\=86400 -fmodules-prune-after\=345600 -fbuild-session-file\=/Users/Veer/Library/Developer/Xcode/DerivedData/ModuleCache.noindex/Session.modulevalidation -fmodules-validate-once-per-build-session -Wnon-modular-include-in-framework-module -Werror\=non-modular-include-in-framework-module -Wno-trigraphs -Wno-missing-field-initializers -Wno-missing-prototypes -Wno-return-type -Wno-implicit-atomic-properties -Wno-objc-interface-ivars -Wno-arc-repeated-use-of-weak -Wno-missing-braces -Wparentheses -Wswitch -Wno-unused-function -Wno-unused-label -Wno-unused-parameter -Wno-unused-variable -Wunused-value -Wno-empty-body -Wno-uninitialized -Wno-unknown-pragmas -w -Wno-shadow -Wno-four-char-constants -Wno-conversion -Wno-constant-conversion -Wno-int-conversion -Wno-bool-conversion -Wno-enum-conversion -Wno-float-conversion -Wno-non-literal-null-conversion -Wno-objc-literal-conversion -Wshorten-64-to-32 -Wpointer-sign -Wno-newline-eof -Wno-selector -Wno-strict-selector-match -Wno-undeclared-selector -Wno-deprecated-implementations -Wno-implicit-fallthrough -fstrict-aliasing -Wprotocol -Wdeprecated-declarations -Wno-sign-conversion -Wno-infinite-recursion -Wno-comma -Wno-block-capture-autoreleasing -Wno-strict-prototypes -Wno-semicolon-before-method-body -index-store-path /Users/Veer/Library/Developer/Xcode/DerivedData/HearifyV1-ftljoypfezvlxcgouzbpmsmxzads/Index.noindex/DataStore @/Users/Veer/Library/Developer/Xcode/DerivedData/HearifyV1-ftljoypfezvlxcgouzbpmsmxzads/Build/Intermediates.noindex/Firebase.build/Debug-iphoneos/FirebaseCore.build/Objects-normal/arm64/e6072d4f65d7061329687fe24e3d63a7-common-args.resp -include /Users/Veer/Library/Developer/Xcode/DerivedData/HearifyV1-ftljoypfezvlxcgouzbpmsmxzads/Build/Intermediates.noindex/Firebase.build/Debug-iphoneos/FirebaseCore.build/DerivedSources/resource_bundle_accessor.h -MMD -MT dependencies -MF /Users/Veer/Library/Developer/Xcode/DerivedData/HearifyV1-ftljoypfezvlxcgouzbpmsmxzads/Build/Intermediates.noindex/Firebase.build/Debug-iphoneos/FirebaseCore.build/Objects-normal/arm64/resource_bundle_accessor.d --serialize-diagnostics /Users/Veer/Library/Developer/Xcode/DerivedData/HearifyV1-ftljoypfezvlxcgouzbpmsmxzads/Build/Intermediates.noindex/Firebase.build/Debug-iphoneos/FirebaseCore.build/Objects-normal/arm64/resource_bundle_accessor.dia -c /Users/Veer/Library/Developer/Xcode/DerivedData/HearifyV1-ftljoypfezvlxcgouzbpmsmxzads/Build/Intermediates.noindex/Firebase.build/Debug-iphoneos/FirebaseCore.build/DerivedSources/resource_bundle_accessor.m -o /Users/Veer/Library/Developer/Xcode/DerivedData/HearifyV1-ftljoypfezvlxcgouzbpmsmxzads/Build/Intermediates.noindex/Firebase.build/Debug-iphoneos/FirebaseCore.build/Objects-normal/arm64/resource_bundle_accessor.o -index-unit-output-path /Firebase.build/Debug-iphoneos/FirebaseCore.build/Objects-normal/arm64/resource_bundle_accessor.o

ScanDependencies /Users/Veer/Library/Developer/Xcode/DerivedData/HearifyV1-ftljoypfezvlxcgouzbpmsmxzads/Build/Intermediates.noindex/Firebase.build/Debug-iphoneos/FirebaseCore.build/Objects-normal/arm64/FIRTimestamp.o /Users/Veer/Library/Developer/Xcode/DerivedData/HearifyV1-ftljoypfezvlxcgouzbpmsmxzads/SourcePackages/checkouts/firebase-ios-sdk/FirebaseCore/Sources/FIRTimestamp.m normal arm64 objective-c com.apple.compilers.llvm.clang.1_0.compiler (in target 'FirebaseCore' from project 'Firebase')
    cd /Users/Veer/Library/Mobile\ Documents/com\~apple\~CloudDocs/HearifyV1/HearifyV1.xcodeproj
    
    Using response file: /Users/Veer/Library/Developer/Xcode/DerivedData/HearifyV1-ftljoypfezvlxcgouzbpmsmxzads/Build/Intermediates.noindex/Firebase.build/Debug-iphoneos/FirebaseCore.build/Objects-normal/arm64/e6072d4f65d7061329687fe24e3d63a7-common-args.resp
    
    builtin-ScanDependencies -o /Users/Veer/Library/Developer/Xcode/DerivedData/HearifyV1-ftljoypfezvlxcgouzbpmsmxzads/Build/Intermediates.noindex/Firebase.build/Debug-iphoneos/FirebaseCore.build/Objects-normal/arm64/FIRTimestamp.o.scan -- /Applications/Xcode.app/Contents/Developer/Toolchains/XcodeDefault.xctoolchain/usr/bin/clang -x objective-c -ivfsstatcache /Users/Veer/Library/Developer/Xcode/DerivedData/SDKStatCaches.noindex/iphoneos26.2-23C53-3794476bd08197c3e2abd9bb477ef7f7.sdkstatcache -fmessage-length\=0 -fdiagnostics-show-note-include-stack -fmacro-backtrace-limit\=0 -fno-color-diagnostics -fmodules-prune-interval\=86400 -fmodules-prune-after\=345600 -fbuild-session-file\=/Users/Veer/Library/Developer/Xcode/DerivedData/ModuleCache.noindex/Session.modulevalidation -fmodules-validate-once-per-build-session -Wnon-modular-include-in-framework-module -Werror\=non-modular-include-in-framework-module -Wno-trigraphs -Wno-missing-field-initializers -Wno-missing-prototypes -Wno-return-type -Wno-implicit-atomic-properties -Wno-objc-interface-ivars -Wno-arc-repeated-use-of-weak -Wno-missing-braces -Wparentheses -Wswitch -Wno-unused-function -Wno-unused-label -Wno-unused-parameter -Wno-unused-variable -Wunused-value -Wno-empty-body -Wno-uninitialized -Wno-unknown-pragmas -w -Wno-shadow -Wno-four-char-constants -Wno-conversion -Wno-constant-conversion -Wno-int-conversion -Wno-bool-conversion -Wno-enum-conversion -Wno-float-conversion -Wno-non-literal-null-conversion -Wno-objc-literal-conversion -Wshorten-64-to-32 -Wpointer-sign -Wno-newline-eof -Wno-selector -Wno-strict-selector-match -Wno-undeclared-selector -Wno-deprecated-implementations -Wno-implicit-fallthrough -fstrict-aliasing -Wprotocol -Wdeprecated-declarations -Wno-sign-conversion -Wno-infinite-recursion -Wno-comma -Wno-block-capture-autoreleasing -Wno-strict-prototypes -Wno-semicolon-before-method-body -index-store-path /Users/Veer/Library/Developer/Xcode/DerivedData/HearifyV1-ftljoypfezvlxcgouzbpmsmxzads/Index.noindex/DataStore @/Users/Veer/Library/Developer/Xcode/DerivedData/HearifyV1-ftljoypfezvlxcgouzbpmsmxzads/Build/Intermediates.noindex/Firebase.build/Debug-iphoneos/FirebaseCore.build/Objects-normal/arm64/e6072d4f65d7061329687fe24e3d63a7-common-args.resp -include /Users/Veer/Library/Developer/Xcode/DerivedData/HearifyV1-ftljoypfezvlxcgouzbpmsmxzads/Build/Intermediates.noindex/Firebase.build/Debug-iphoneos/FirebaseCore.build/DerivedSources/resource_bundle_accessor.h -MMD -MT dependencies -MF /Users/Veer/Library/Developer/Xcode/DerivedData/HearifyV1-ftljoypfezvlxcgouzbpmsmxzads/Build/Intermediates.noindex/Firebase.build/Debug-iphoneos/FirebaseCore.build/Objects-normal/arm64/FIRTimestamp.d --serialize-diagnostics /Users/Veer/Library/Developer/Xcode/DerivedData/HearifyV1-ftljoypfezvlxcgouzbpmsmxzads/Build/Intermediates.noindex/Firebase.build/Debug-iphoneos/FirebaseCore.build/Objects-normal/arm64/FIRTimestamp.dia -c /Users/Veer/Library/Developer/Xcode/DerivedData/HearifyV1-ftljoypfezvlxcgouzbpmsmxzads/SourcePackages/checkouts/firebase-ios-sdk/FirebaseCore/Sources/FIRTimestamp.m -o /Users/Veer/Library/Developer/Xcode/DerivedData/HearifyV1-ftljoypfezvlxcgouzbpmsmxzads/Build/Intermediates.noindex/Firebase.build/Debug-iphoneos/FirebaseCore.build/Objects-normal/arm64/FIRTimestamp.o -index-unit-output-path /Firebase.build/Debug-iphoneos/FirebaseCore.build/Objects-normal/arm64/FIRTimestamp.o

ScanDependencies /Users/Veer/Library/Developer/Xcode/DerivedData/HearifyV1-ftljoypfezvlxcgouzbpmsmxzads/Build/Intermediates.noindex/Firebase.build/Debug-iphoneos/FirebaseCore.build/Objects-normal/arm64/FIROptions.o /Users/Veer/Library/Developer/Xcode/DerivedData/HearifyV1-ftljoypfezvlxcgouzbpmsmxzads/SourcePackages/checkouts/firebase-ios-sdk/FirebaseCore/Sources/FIROptions.m normal arm64 objective-c com.apple.compilers.llvm.clang.1_0.compiler (in target 'FirebaseCore' from project 'Firebase')
    cd /Users/Veer/Library/Mobile\ Documents/com\~apple\~CloudDocs/HearifyV1/HearifyV1.xcodeproj
    
    Using response file: /Users/Veer/Library/Developer/Xcode/DerivedData/HearifyV1-ftljoypfezvlxcgouzbpmsmxzads/Build/Intermediates.noindex/Firebase.build/Debug-iphoneos/FirebaseCore.build/Objects-normal/arm64/e6072d4f65d7061329687fe24e3d63a7-common-args.resp
    
    builtin-ScanDependencies -o /Users/Veer/Library/Developer/Xcode/DerivedData/HearifyV1-ftljoypfezvlxcgouzbpmsmxzads/Build/Intermediates.noindex/Firebase.build/Debug-iphoneos/FirebaseCore.build/Objects-normal/arm64/FIROptions.o.scan -- /Applications/Xcode.app/Contents/Developer/Toolchains/XcodeDefault.xctoolchain/usr/bin/clang -x objective-c -ivfsstatcache /Users/Veer/Library/Developer/Xcode/DerivedData/SDKStatCaches.noindex/iphoneos26.2-23C53-3794476bd08197c3e2abd9bb477ef7f7.sdkstatcache -fmessage-length\=0 -fdiagnostics-show-note-include-stack -fmacro-backtrace-limit\=0 -fno-color-diagnostics -fmodules-prune-interval\=86400 -fmodules-prune-after\=345600 -fbuild-session-file\=/Users/Veer/Library/Developer/Xcode/DerivedData/ModuleCache.noindex/Session.modulevalidation -fmodules-validate-once-per-build-session -Wnon-modular-include-in-framework-module -Werror\=non-modular-include-in-framework-module -Wno-trigraphs -Wno-missing-field-initializers -Wno-missing-prototypes -Wno-return-type -Wno-implicit-atomic-properties -Wno-objc-interface-ivars -Wno-arc-repeated-use-of-weak -Wno-missing-braces -Wparentheses -Wswitch -Wno-unused-function -Wno-unused-label -Wno-unused-parameter -Wno-unused-variable -Wunused-value -Wno-empty-body -Wno-uninitialized -Wno-unknown-pragmas -w -Wno-shadow -Wno-four-char-constants -Wno-conversion -Wno-constant-conversion -Wno-int-conversion -Wno-bool-conversion -Wno-enum-conversion -Wno-float-conversion -Wno-non-literal-null-conversion -Wno-objc-literal-conversion -Wshorten-64-to-32 -Wpointer-sign -Wno-newline-eof -Wno-selector -Wno-strict-selector-match -Wno-undeclared-selector -Wno-deprecated-implementations -Wno-implicit-fallthrough -fstrict-aliasing -Wprotocol -Wdeprecated-declarations -Wno-sign-conversion -Wno-infinite-recursion -Wno-comma -Wno-block-capture-autoreleasing -Wno-strict-prototypes -Wno-semicolon-before-method-body -index-store-path /Users/Veer/Library/Developer/Xcode/DerivedData/HearifyV1-ftljoypfezvlxcgouzbpmsmxzads/Index.noindex/DataStore @/Users/Veer/Library/Developer/Xcode/DerivedData/HearifyV1-ftljoypfezvlxcgouzbpmsmxzads/Build/Intermediates.noindex/Firebase.build/Debug-iphoneos/FirebaseCore.build/Objects-normal/arm64/e6072d4f65d7061329687fe24e3d63a7-common-args.resp -include /Users/Veer/Library/Developer/Xcode/DerivedData/HearifyV1-ftljoypfezvlxcgouzbpmsmxzads/Build/Intermediates.noindex/Firebase.build/Debug-iphoneos/FirebaseCore.build/DerivedSources/resource_bundle_accessor.h -MMD -MT dependencies -MF /Users/Veer/Library/Developer/Xcode/DerivedData/HearifyV1-ftljoypfezvlxcgouzbpmsmxzads/Build/Intermediates.noindex/Firebase.build/Debug-iphoneos/FirebaseCore.build/Objects-normal/arm64/FIROptions.d --serialize-diagnostics /Users/Veer/Library/Developer/Xcode/DerivedData/HearifyV1-ftljoypfezvlxcgouzbpmsmxzads/Build/Intermediates.noindex/Firebase.build/Debug-iphoneos/FirebaseCore.build/Objects-normal/arm64/FIROptions.dia -c /Users/Veer/Library/Developer/Xcode/DerivedData/HearifyV1-ftljoypfezvlxcgouzbpmsmxzads/SourcePackages/checkouts/firebase-ios-sdk/FirebaseCore/Sources/FIROptions.m -o /Users/Veer/Library/Developer/Xcode/DerivedData/HearifyV1-ftljoypfezvlxcgouzbpmsmxzads/Build/Intermediates.noindex/Firebase.build/Debug-iphoneos/FirebaseCore.build/Objects-normal/arm64/FIROptions.o -index-unit-output-path /Firebase.build/Debug-iphoneos/FirebaseCore.build/Objects-normal/arm64/FIROptions.o

SwiftDriverJobDiscovery normal arm64 Compiling resource_bundle_accessor.swift, Heartbeat.swift (in target 'FirebaseCoreInternal' from project 'Firebase')

ScanDependencies /Users/Veer/Library/Developer/Xcode/DerivedData/HearifyV1-ftljoypfezvlxcgouzbpmsmxzads/Build/Intermediates.noindex/Firebase.build/Debug-iphoneos/FirebaseCore.build/Objects-normal/arm64/FIRLogger.o /Users/Veer/Library/Developer/Xcode/DerivedData/HearifyV1-ftljoypfezvlxcgouzbpmsmxzads/SourcePackages/checkouts/firebase-ios-sdk/FirebaseCore/Sources/FIRLogger.m normal arm64 objective-c com.apple.compilers.llvm.clang.1_0.compiler (in target 'FirebaseCore' from project 'Firebase')
    cd /Users/Veer/Library/Mobile\ Documents/com\~apple\~CloudDocs/HearifyV1/HearifyV1.xcodeproj
    
    Using response file: /Users/Veer/Library/Developer/Xcode/DerivedData/HearifyV1-ftljoypfezvlxcgouzbpmsmxzads/Build/Intermediates.noindex/Firebase.build/Debug-iphoneos/FirebaseCore.build/Objects-normal/arm64/e6072d4f65d7061329687fe24e3d63a7-common-args.resp
    
    builtin-ScanDependencies -o /Users/Veer/Library/Developer/Xcode/DerivedData/HearifyV1-ftljoypfezvlxcgouzbpmsmxzads/Build/Intermediates.noindex/Firebase.build/Debug-iphoneos/FirebaseCore.build/Objects-normal/arm64/FIRLogger.o.scan -- /Applications/Xcode.app/Contents/Developer/Toolchains/XcodeDefault.xctoolchain/usr/bin/clang -x objective-c -ivfsstatcache /Users/Veer/Library/Developer/Xcode/DerivedData/SDKStatCaches.noindex/iphoneos26.2-23C53-3794476bd08197c3e2abd9bb477ef7f7.sdkstatcache -fmessage-length\=0 -fdiagnostics-show-note-include-stack -fmacro-backtrace-limit\=0 -fno-color-diagnostics -fmodules-prune-interval\=86400 -fmodules-prune-after\=345600 -fbuild-session-file\=/Users/Veer/Library/Developer/Xcode/DerivedData/ModuleCache.noindex/Session.modulevalidation -fmodules-validate-once-per-build-session -Wnon-modular-include-in-framework-module -Werror\=non-modular-include-in-framework-module -Wno-trigraphs -Wno-missing-field-initializers -Wno-missing-prototypes -Wno-return-type -Wno-implicit-atomic-properties -Wno-objc-interface-ivars -Wno-arc-repeated-use-of-weak -Wno-missing-braces -Wparentheses -Wswitch -Wno-unused-function -Wno-unused-label -Wno-unused-parameter -Wno-unused-variable -Wunused-value -Wno-empty-body -Wno-uninitialized -Wno-unknown-pragmas -w -Wno-shadow -Wno-four-char-constants -Wno-conversion -Wno-constant-conversion -Wno-int-conversion -Wno-bool-conversion -Wno-enum-conversion -Wno-float-conversion -Wno-non-literal-null-conversion -Wno-objc-literal-conversion -Wshorten-64-to-32 -Wpointer-sign -Wno-newline-eof -Wno-selector -Wno-strict-selector-match -Wno-undeclared-selector -Wno-deprecated-implementations -Wno-implicit-fallthrough -fstrict-aliasing -Wprotocol -Wdeprecated-declarations -Wno-sign-conversion -Wno-infinite-recursion -Wno-comma -Wno-block-capture-autoreleasing -Wno-strict-prototypes -Wno-semicolon-before-method-body -index-store-path /Users/Veer/Library/Developer/Xcode/DerivedData/HearifyV1-ftljoypfezvlxcgouzbpmsmxzads/Index.noindex/DataStore @/Users/Veer/Library/Developer/Xcode/DerivedData/HearifyV1-ftljoypfezvlxcgouzbpmsmxzads/Build/Intermediates.noindex/Firebase.build/Debug-iphoneos/FirebaseCore.build/Objects-normal/arm64/e6072d4f65d7061329687fe24e3d63a7-common-args.resp -include /Users/Veer/Library/Developer/Xcode/DerivedData/HearifyV1-ftljoypfezvlxcgouzbpmsmxzads/Build/Intermediates.noindex/Firebase.build/Debug-iphoneos/FirebaseCore.build/DerivedSources/resource_bundle_accessor.h -MMD -MT dependencies -MF /Users/Veer/Library/Developer/Xcode/DerivedData/HearifyV1-ftljoypfezvlxcgouzbpmsmxzads/Build/Intermediates.noindex/Firebase.build/Debug-iphoneos/FirebaseCore.build/Objects-normal/arm64/FIRLogger.d --serialize-diagnostics /Users/Veer/Library/Developer/Xcode/DerivedData/HearifyV1-ftljoypfezvlxcgouzbpmsmxzads/Build/Intermediates.noindex/Firebase.build/Debug-iphoneos/FirebaseCore.build/Objects-normal/arm64/FIRLogger.dia -c /Users/Veer/Library/Developer/Xcode/DerivedData/HearifyV1-ftljoypfezvlxcgouzbpmsmxzads/SourcePackages/checkouts/firebase-ios-sdk/FirebaseCore/Sources/FIRLogger.m -o /Users/Veer/Library/Developer/Xcode/DerivedData/HearifyV1-ftljoypfezvlxcgouzbpmsmxzads/Build/Intermediates.noindex/Firebase.build/Debug-iphoneos/FirebaseCore.build/Objects-normal/arm64/FIRLogger.o -index-unit-output-path /Firebase.build/Debug-iphoneos/FirebaseCore.build/Objects-normal/arm64/FIRLogger.o

SwiftDriverJobDiscovery normal arm64 Compiling _ObjC_HeartbeatController.swift (in target 'FirebaseCoreInternal' from project 'Firebase')

ScanDependencies /Users/Veer/Library/Developer/Xcode/DerivedData/HearifyV1-ftljoypfezvlxcgouzbpmsmxzads/Build/Intermediates.noindex/Firebase.build/Debug-iphoneos/FirebaseCore.build/Objects-normal/arm64/FIRHeartbeatLogger.o /Users/Veer/Library/Developer/Xcode/DerivedData/HearifyV1-ftljoypfezvlxcgouzbpmsmxzads/SourcePackages/checkouts/firebase-ios-sdk/FirebaseCore/Sources/FIRHeartbeatLogger.m normal arm64 objective-c com.apple.compilers.llvm.clang.1_0.compiler (in target 'FirebaseCore' from project 'Firebase')
    cd /Users/Veer/Library/Mobile\ Documents/com\~apple\~CloudDocs/HearifyV1/HearifyV1.xcodeproj
    
    Using response file: /Users/Veer/Library/Developer/Xcode/DerivedData/HearifyV1-ftljoypfezvlxcgouzbpmsmxzads/Build/Intermediates.noindex/Firebase.build/Debug-iphoneos/FirebaseCore.build/Objects-normal/arm64/e6072d4f65d7061329687fe24e3d63a7-common-args.resp
    
    builtin-ScanDependencies -o /Users/Veer/Library/Developer/Xcode/DerivedData/HearifyV1-ftljoypfezvlxcgouzbpmsmxzads/Build/Intermediates.noindex/Firebase.build/Debug-iphoneos/FirebaseCore.build/Objects-normal/arm64/FIRHeartbeatLogger.o.scan -- /Applications/Xcode.app/Contents/Developer/Toolchains/XcodeDefault.xctoolchain/usr/bin/clang -x objective-c -ivfsstatcache /Users/Veer/Library/Developer/Xcode/DerivedData/SDKStatCaches.noindex/iphoneos26.2-23C53-3794476bd08197c3e2abd9bb477ef7f7.sdkstatcache -fmessage-length\=0 -fdiagnostics-show-note-include-stack -fmacro-backtrace-limit\=0 -fno-color-diagnostics -fmodules-prune-interval\=86400 -fmodules-prune-after\=345600 -fbuild-session-file\=/Users/Veer/Library/Developer/Xcode/DerivedData/ModuleCache.noindex/Session.modulevalidation -fmodules-validate-once-per-build-session -Wnon-modular-include-in-framework-module -Werror\=non-modular-include-in-framework-module -Wno-trigraphs -Wno-missing-field-initializers -Wno-missing-prototypes -Wno-return-type -Wno-implicit-atomic-properties -Wno-objc-interface-ivars -Wno-arc-repeated-use-of-weak -Wno-missing-braces -Wparentheses -Wswitch -Wno-unused-function -Wno-unused-label -Wno-unused-parameter -Wno-unused-variable -Wunused-value -Wno-empty-body -Wno-uninitialized -Wno-unknown-pragmas -w -Wno-shadow -Wno-four-char-constants -Wno-conversion -Wno-constant-conversion -Wno-int-conversion -Wno-bool-conversion -Wno-enum-conversion -Wno-float-conversion -Wno-non-literal-null-conversion -Wno-objc-literal-conversion -Wshorten-64-to-32 -Wpointer-sign -Wno-newline-eof -Wno-selector -Wno-strict-selector-match -Wno-undeclared-selector -Wno-deprecated-implementations -Wno-implicit-fallthrough -fstrict-aliasing -Wprotocol -Wdeprecated-declarations -Wno-sign-conversion -Wno-infinite-recursion -Wno-comma -Wno-block-capture-autoreleasing -Wno-strict-prototypes -Wno-semicolon-before-method-body -index-store-path /Users/Veer/Library/Developer/Xcode/DerivedData/HearifyV1-ftljoypfezvlxcgouzbpmsmxzads/Index.noindex/DataStore @/Users/Veer/Library/Developer/Xcode/DerivedData/HearifyV1-ftljoypfezvlxcgouzbpmsmxzads/Build/Intermediates.noindex/Firebase.build/Debug-iphoneos/FirebaseCore.build/Objects-normal/arm64/e6072d4f65d7061329687fe24e3d63a7-common-args.resp -include /Users/Veer/Library/Developer/Xcode/DerivedData/HearifyV1-ftljoypfezvlxcgouzbpmsmxzads/Build/Intermediates.noindex/Firebase.build/Debug-iphoneos/FirebaseCore.build/DerivedSources/resource_bundle_accessor.h -MMD -MT dependencies -MF /Users/Veer/Library/Developer/Xcode/DerivedData/HearifyV1-ftljoypfezvlxcgouzbpmsmxzads/Build/Intermediates.noindex/Firebase.build/Debug-iphoneos/FirebaseCore.build/Objects-normal/arm64/FIRHeartbeatLogger.d --serialize-diagnostics /Users/Veer/Library/Developer/Xcode/DerivedData/HearifyV1-ftljoypfezvlxcgouzbpmsmxzads/Build/Intermediates.noindex/Firebase.build/Debug-iphoneos/FirebaseCore.build/Objects-normal/arm64/FIRHeartbeatLogger.dia -c /Users/Veer/Library/Developer/Xcode/DerivedData/HearifyV1-ftljoypfezvlxcgouzbpmsmxzads/SourcePackages/checkouts/firebase-ios-sdk/FirebaseCore/Sources/FIRHeartbeatLogger.m -o /Users/Veer/Library/Developer/Xcode/DerivedData/HearifyV1-ftljoypfezvlxcgouzbpmsmxzads/Build/Intermediates.noindex/Firebase.build/Debug-iphoneos/FirebaseCore.build/Objects-normal/arm64/FIRHeartbeatLogger.o -index-unit-output-path /Firebase.build/Debug-iphoneos/FirebaseCore.build/Objects-normal/arm64/FIRHeartbeatLogger.o

SwiftDriverJobDiscovery normal arm64 Compiling HeartbeatController.swift, HeartbeatLoggingTestUtils.swift (in target 'FirebaseCoreInternal' from project 'Firebase')

ScanDependencies /Users/Veer/Library/Developer/Xcode/DerivedData/HearifyV1-ftljoypfezvlxcgouzbpmsmxzads/Build/Intermediates.noindex/Firebase.build/Debug-iphoneos/FirebaseCore.build/Objects-normal/arm64/FIRFirebaseUserAgent.o /Users/Veer/Library/Developer/Xcode/DerivedData/HearifyV1-ftljoypfezvlxcgouzbpmsmxzads/SourcePackages/checkouts/firebase-ios-sdk/FirebaseCore/Sources/FIRFirebaseUserAgent.m normal arm64 objective-c com.apple.compilers.llvm.clang.1_0.compiler (in target 'FirebaseCore' from project 'Firebase')
    cd /Users/Veer/Library/Mobile\ Documents/com\~apple\~CloudDocs/HearifyV1/HearifyV1.xcodeproj
    
    Using response file: /Users/Veer/Library/Developer/Xcode/DerivedData/HearifyV1-ftljoypfezvlxcgouzbpmsmxzads/Build/Intermediates.noindex/Firebase.build/Debug-iphoneos/FirebaseCore.build/Objects-normal/arm64/e6072d4f65d7061329687fe24e3d63a7-common-args.resp
    
    builtin-ScanDependencies -o /Users/Veer/Library/Developer/Xcode/DerivedData/HearifyV1-ftljoypfezvlxcgouzbpmsmxzads/Build/Intermediates.noindex/Firebase.build/Debug-iphoneos/FirebaseCore.build/Objects-normal/arm64/FIRFirebaseUserAgent.o.scan -- /Applications/Xcode.app/Contents/Developer/Toolchains/XcodeDefault.xctoolchain/usr/bin/clang -x objective-c -ivfsstatcache /Users/Veer/Library/Developer/Xcode/DerivedData/SDKStatCaches.noindex/iphoneos26.2-23C53-3794476bd08197c3e2abd9bb477ef7f7.sdkstatcache -fmessage-length\=0 -fdiagnostics-show-note-include-stack -fmacro-backtrace-limit\=0 -fno-color-diagnostics -fmodules-prune-interval\=86400 -fmodules-prune-after\=345600 -fbuild-session-file\=/Users/Veer/Library/Developer/Xcode/DerivedData/ModuleCache.noindex/Session.modulevalidation -fmodules-validate-once-per-build-session -Wnon-modular-include-in-framework-module -Werror\=non-modular-include-in-framework-module -Wno-trigraphs -Wno-missing-field-initializers -Wno-missing-prototypes -Wno-return-type -Wno-implicit-atomic-properties -Wno-objc-interface-ivars -Wno-arc-repeated-use-of-weak -Wno-missing-braces -Wparentheses -Wswitch -Wno-unused-function -Wno-unused-label -Wno-unused-parameter -Wno-unused-variable -Wunused-value -Wno-empty-body -Wno-uninitialized -Wno-unknown-pragmas -w -Wno-shadow -Wno-four-char-constants -Wno-conversion -Wno-constant-conversion -Wno-int-conversion -Wno-bool-conversion -Wno-enum-conversion -Wno-float-conversion -Wno-non-literal-null-conversion -Wno-objc-literal-conversion -Wshorten-64-to-32 -Wpointer-sign -Wno-newline-eof -Wno-selector -Wno-strict-selector-match -Wno-undeclared-selector -Wno-deprecated-implementations -Wno-implicit-fallthrough -fstrict-aliasing -Wprotocol -Wdeprecated-declarations -Wno-sign-conversion -Wno-infinite-recursion -Wno-comma -Wno-block-capture-autoreleasing -Wno-strict-prototypes -Wno-semicolon-before-method-body -index-store-path /Users/Veer/Library/Developer/Xcode/DerivedData/HearifyV1-ftljoypfezvlxcgouzbpmsmxzads/Index.noindex/DataStore @/Users/Veer/Library/Developer/Xcode/DerivedData/HearifyV1-ftljoypfezvlxcgouzbpmsmxzads/Build/Intermediates.noindex/Firebase.build/Debug-iphoneos/FirebaseCore.build/Objects-normal/arm64/e6072d4f65d7061329687fe24e3d63a7-common-args.resp -include /Users/Veer/Library/Developer/Xcode/DerivedData/HearifyV1-ftljoypfezvlxcgouzbpmsmxzads/Build/Intermediates.noindex/Firebase.build/Debug-iphoneos/FirebaseCore.build/DerivedSources/resource_bundle_accessor.h -MMD -MT dependencies -MF /Users/Veer/Library/Developer/Xcode/DerivedData/HearifyV1-ftljoypfezvlxcgouzbpmsmxzads/Build/Intermediates.noindex/Firebase.build/Debug-iphoneos/FirebaseCore.build/Objects-normal/arm64/FIRFirebaseUserAgent.d --serialize-diagnostics /Users/Veer/Library/Developer/Xcode/DerivedData/HearifyV1-ftljoypfezvlxcgouzbpmsmxzads/Build/Intermediates.noindex/Firebase.build/Debug-iphoneos/FirebaseCore.build/Objects-normal/arm64/FIRFirebaseUserAgent.dia -c /Users/Veer/Library/Developer/Xcode/DerivedData/HearifyV1-ftljoypfezvlxcgouzbpmsmxzads/SourcePackages/checkouts/firebase-ios-sdk/FirebaseCore/Sources/FIRFirebaseUserAgent.m -o /Users/Veer/Library/Developer/Xcode/DerivedData/HearifyV1-ftljoypfezvlxcgouzbpmsmxzads/Build/Intermediates.noindex/Firebase.build/Debug-iphoneos/FirebaseCore.build/Objects-normal/arm64/FIRFirebaseUserAgent.o -index-unit-output-path /Firebase.build/Debug-iphoneos/FirebaseCore.build/Objects-normal/arm64/FIRFirebaseUserAgent.o

SwiftDriverJobDiscovery normal arm64 Compiling UnfairLock.swift (in target 'FirebaseCoreInternal' from project 'Firebase')

ScanDependencies /Users/Veer/Library/Developer/Xcode/DerivedData/HearifyV1-ftljoypfezvlxcgouzbpmsmxzads/Build/Intermediates.noindex/Firebase.build/Debug-iphoneos/FirebaseCore.build/Objects-normal/arm64/FIRConfiguration.o /Users/Veer/Library/Developer/Xcode/DerivedData/HearifyV1-ftljoypfezvlxcgouzbpmsmxzads/SourcePackages/checkouts/firebase-ios-sdk/FirebaseCore/Sources/FIRConfiguration.m normal arm64 objective-c com.apple.compilers.llvm.clang.1_0.compiler (in target 'FirebaseCore' from project 'Firebase')
    cd /Users/Veer/Library/Mobile\ Documents/com\~apple\~CloudDocs/HearifyV1/HearifyV1.xcodeproj
    
    Using response file: /Users/Veer/Library/Developer/Xcode/DerivedData/HearifyV1-ftljoypfezvlxcgouzbpmsmxzads/Build/Intermediates.noindex/Firebase.build/Debug-iphoneos/FirebaseCore.build/Objects-normal/arm64/e6072d4f65d7061329687fe24e3d63a7-common-args.resp
    
    builtin-ScanDependencies -o /Users/Veer/Library/Developer/Xcode/DerivedData/HearifyV1-ftljoypfezvlxcgouzbpmsmxzads/Build/Intermediates.noindex/Firebase.build/Debug-iphoneos/FirebaseCore.build/Objects-normal/arm64/FIRConfiguration.o.scan -- /Applications/Xcode.app/Contents/Developer/Toolchains/XcodeDefault.xctoolchain/usr/bin/clang -x objective-c -ivfsstatcache /Users/Veer/Library/Developer/Xcode/DerivedData/SDKStatCaches.noindex/iphoneos26.2-23C53-3794476bd08197c3e2abd9bb477ef7f7.sdkstatcache -fmessage-length\=0 -fdiagnostics-show-note-include-stack -fmacro-backtrace-limit\=0 -fno-color-diagnostics -fmodules-prune-interval\=86400 -fmodules-prune-after\=345600 -fbuild-session-file\=/Users/Veer/Library/Developer/Xcode/DerivedData/ModuleCache.noindex/Session.modulevalidation -fmodules-validate-once-per-build-session -Wnon-modular-include-in-framework-module -Werror\=non-modular-include-in-framework-module -Wno-trigraphs -Wno-missing-field-initializers -Wno-missing-prototypes -Wno-return-type -Wno-implicit-atomic-properties -Wno-objc-interface-ivars -Wno-arc-repeated-use-of-weak -Wno-missing-braces -Wparentheses -Wswitch -Wno-unused-function -Wno-unused-label -Wno-unused-parameter -Wno-unused-variable -Wunused-value -Wno-empty-body -Wno-uninitialized -Wno-unknown-pragmas -w -Wno-shadow -Wno-four-char-constants -Wno-conversion -Wno-constant-conversion -Wno-int-conversion -Wno-bool-conversion -Wno-enum-conversion -Wno-float-conversion -Wno-non-literal-null-conversion -Wno-objc-literal-conversion -Wshorten-64-to-32 -Wpointer-sign -Wno-newline-eof -Wno-selector -Wno-strict-selector-match -Wno-undeclared-selector -Wno-deprecated-implementations -Wno-implicit-fallthrough -fstrict-aliasing -Wprotocol -Wdeprecated-declarations -Wno-sign-conversion -Wno-infinite-recursion -Wno-comma -Wno-block-capture-autoreleasing -Wno-strict-prototypes -Wno-semicolon-before-method-body -index-store-path /Users/Veer/Library/Developer/Xcode/DerivedData/HearifyV1-ftljoypfezvlxcgouzbpmsmxzads/Index.noindex/DataStore @/Users/Veer/Library/Developer/Xcode/DerivedData/HearifyV1-ftljoypfezvlxcgouzbpmsmxzads/Build/Intermediates.noindex/Firebase.build/Debug-iphoneos/FirebaseCore.build/Objects-normal/arm64/e6072d4f65d7061329687fe24e3d63a7-common-args.resp -include /Users/Veer/Library/Developer/Xcode/DerivedData/HearifyV1-ftljoypfezvlxcgouzbpmsmxzads/Build/Intermediates.noindex/Firebase.build/Debug-iphoneos/FirebaseCore.build/DerivedSources/resource_bundle_accessor.h -MMD -MT dependencies -MF /Users/Veer/Library/Developer/Xcode/DerivedData/HearifyV1-ftljoypfezvlxcgouzbpmsmxzads/Build/Intermediates.noindex/Firebase.build/Debug-iphoneos/FirebaseCore.build/Objects-normal/arm64/FIRConfiguration.d --serialize-diagnostics /Users/Veer/Library/Developer/Xcode/DerivedData/HearifyV1-ftljoypfezvlxcgouzbpmsmxzads/Build/Intermediates.noindex/Firebase.build/Debug-iphoneos/FirebaseCore.build/Objects-normal/arm64/FIRConfiguration.dia -c /Users/Veer/Library/Developer/Xcode/DerivedData/HearifyV1-ftljoypfezvlxcgouzbpmsmxzads/SourcePackages/checkouts/firebase-ios-sdk/FirebaseCore/Sources/FIRConfiguration.m -o /Users/Veer/Library/Developer/Xcode/DerivedData/HearifyV1-ftljoypfezvlxcgouzbpmsmxzads/Build/Intermediates.noindex/Firebase.build/Debug-iphoneos/FirebaseCore.build/Objects-normal/arm64/FIRConfiguration.o -index-unit-output-path /Firebase.build/Debug-iphoneos/FirebaseCore.build/Objects-normal/arm64/FIRConfiguration.o

ScanDependencies /Users/Veer/Library/Developer/Xcode/DerivedData/HearifyV1-ftljoypfezvlxcgouzbpmsmxzads/Build/Intermediates.noindex/Firebase.build/Debug-iphoneos/FirebaseCore.build/Objects-normal/arm64/FIRComponentType.o /Users/Veer/Library/Developer/Xcode/DerivedData/HearifyV1-ftljoypfezvlxcgouzbpmsmxzads/SourcePackages/checkouts/firebase-ios-sdk/FirebaseCore/Sources/FIRComponentType.m normal arm64 objective-c com.apple.compilers.llvm.clang.1_0.compiler (in target 'FirebaseCore' from project 'Firebase')
    cd /Users/Veer/Library/Mobile\ Documents/com\~apple\~CloudDocs/HearifyV1/HearifyV1.xcodeproj
    
    Using response file: /Users/Veer/Library/Developer/Xcode/DerivedData/HearifyV1-ftljoypfezvlxcgouzbpmsmxzads/Build/Intermediates.noindex/Firebase.build/Debug-iphoneos/FirebaseCore.build/Objects-normal/arm64/e6072d4f65d7061329687fe24e3d63a7-common-args.resp
    
    builtin-ScanDependencies -o /Users/Veer/Library/Developer/Xcode/DerivedData/HearifyV1-ftljoypfezvlxcgouzbpmsmxzads/Build/Intermediates.noindex/Firebase.build/Debug-iphoneos/FirebaseCore.build/Objects-normal/arm64/FIRComponentType.o.scan -- /Applications/Xcode.app/Contents/Developer/Toolchains/XcodeDefault.xctoolchain/usr/bin/clang -x objective-c -ivfsstatcache /Users/Veer/Library/Developer/Xcode/DerivedData/SDKStatCaches.noindex/iphoneos26.2-23C53-3794476bd08197c3e2abd9bb477ef7f7.sdkstatcache -fmessage-length\=0 -fdiagnostics-show-note-include-stack -fmacro-backtrace-limit\=0 -fno-color-diagnostics -fmodules-prune-interval\=86400 -fmodules-prune-after\=345600 -fbuild-session-file\=/Users/Veer/Library/Developer/Xcode/DerivedData/ModuleCache.noindex/Session.modulevalidation -fmodules-validate-once-per-build-session -Wnon-modular-include-in-framework-module -Werror\=non-modular-include-in-framework-module -Wno-trigraphs -Wno-missing-field-initializers -Wno-missing-prototypes -Wno-return-type -Wno-implicit-atomic-properties -Wno-objc-interface-ivars -Wno-arc-repeated-use-of-weak -Wno-missing-braces -Wparentheses -Wswitch -Wno-unused-function -Wno-unused-label -Wno-unused-parameter -Wno-unused-variable -Wunused-value -Wno-empty-body -Wno-uninitialized -Wno-unknown-pragmas -w -Wno-shadow -Wno-four-char-constants -Wno-conversion -Wno-constant-conversion -Wno-int-conversion -Wno-bool-conversion -Wno-enum-conversion -Wno-float-conversion -Wno-non-literal-null-conversion -Wno-objc-literal-conversion -Wshorten-64-to-32 -Wpointer-sign -Wno-newline-eof -Wno-selector -Wno-strict-selector-match -Wno-undeclared-selector -Wno-deprecated-implementations -Wno-implicit-fallthrough -fstrict-aliasing -Wprotocol -Wdeprecated-declarations -Wno-sign-conversion -Wno-infinite-recursion -Wno-comma -Wno-block-capture-autoreleasing -Wno-strict-prototypes -Wno-semicolon-before-method-body -index-store-path /Users/Veer/Library/Developer/Xcode/DerivedData/HearifyV1-ftljoypfezvlxcgouzbpmsmxzads/Index.noindex/DataStore @/Users/Veer/Library/Developer/Xcode/DerivedData/HearifyV1-ftljoypfezvlxcgouzbpmsmxzads/Build/Intermediates.noindex/Firebase.build/Debug-iphoneos/FirebaseCore.build/Objects-normal/arm64/e6072d4f65d7061329687fe24e3d63a7-common-args.resp -include /Users/Veer/Library/Developer/Xcode/DerivedData/HearifyV1-ftljoypfezvlxcgouzbpmsmxzads/Build/Intermediates.noindex/Firebase.build/Debug-iphoneos/FirebaseCore.build/DerivedSources/resource_bundle_accessor.h -MMD -MT dependencies -MF /Users/Veer/Library/Developer/Xcode/DerivedData/HearifyV1-ftljoypfezvlxcgouzbpmsmxzads/Build/Intermediates.noindex/Firebase.build/Debug-iphoneos/FirebaseCore.build/Objects-normal/arm64/FIRComponentType.d --serialize-diagnostics /Users/Veer/Library/Developer/Xcode/DerivedData/HearifyV1-ftljoypfezvlxcgouzbpmsmxzads/Build/Intermediates.noindex/Firebase.build/Debug-iphoneos/FirebaseCore.build/Objects-normal/arm64/FIRComponentType.dia -c /Users/Veer/Library/Developer/Xcode/DerivedData/HearifyV1-ftljoypfezvlxcgouzbpmsmxzads/SourcePackages/checkouts/firebase-ios-sdk/FirebaseCore/Sources/FIRComponentType.m -o /Users/Veer/Library/Developer/Xcode/DerivedData/HearifyV1-ftljoypfezvlxcgouzbpmsmxzads/Build/Intermediates.noindex/Firebase.build/Debug-iphoneos/FirebaseCore.build/Objects-normal/arm64/FIRComponentType.o -index-unit-output-path /Firebase.build/Debug-iphoneos/FirebaseCore.build/Objects-normal/arm64/FIRComponentType.o

ScanDependencies /Users/Veer/Library/Developer/Xcode/DerivedData/HearifyV1-ftljoypfezvlxcgouzbpmsmxzads/Build/Intermediates.noindex/Firebase.build/Debug-iphoneos/FirebaseCore.build/Objects-normal/arm64/FIRComponentContainer.o /Users/Veer/Library/Developer/Xcode/DerivedData/HearifyV1-ftljoypfezvlxcgouzbpmsmxzads/SourcePackages/checkouts/firebase-ios-sdk/FirebaseCore/Sources/FIRComponentContainer.m normal arm64 objective-c com.apple.compilers.llvm.clang.1_0.compiler (in target 'FirebaseCore' from project 'Firebase')
    cd /Users/Veer/Library/Mobile\ Documents/com\~apple\~CloudDocs/HearifyV1/HearifyV1.xcodeproj
    
    Using response file: /Users/Veer/Library/Developer/Xcode/DerivedData/HearifyV1-ftljoypfezvlxcgouzbpmsmxzads/Build/Intermediates.noindex/Firebase.build/Debug-iphoneos/FirebaseCore.build/Objects-normal/arm64/e6072d4f65d7061329687fe24e3d63a7-common-args.resp
    
    builtin-ScanDependencies -o /Users/Veer/Library/Developer/Xcode/DerivedData/HearifyV1-ftljoypfezvlxcgouzbpmsmxzads/Build/Intermediates.noindex/Firebase.build/Debug-iphoneos/FirebaseCore.build/Objects-normal/arm64/FIRComponentContainer.o.scan -- /Applications/Xcode.app/Contents/Developer/Toolchains/XcodeDefault.xctoolchain/usr/bin/clang -x objective-c -ivfsstatcache /Users/Veer/Library/Developer/Xcode/DerivedData/SDKStatCaches.noindex/iphoneos26.2-23C53-3794476bd08197c3e2abd9bb477ef7f7.sdkstatcache -fmessage-length\=0 -fdiagnostics-show-note-include-stack -fmacro-backtrace-limit\=0 -fno-color-diagnostics -fmodules-prune-interval\=86400 -fmodules-prune-after\=345600 -fbuild-session-file\=/Users/Veer/Library/Developer/Xcode/DerivedData/ModuleCache.noindex/Session.modulevalidation -fmodules-validate-once-per-build-session -Wnon-modular-include-in-framework-module -Werror\=non-modular-include-in-framework-module -Wno-trigraphs -Wno-missing-field-initializers -Wno-missing-prototypes -Wno-return-type -Wno-implicit-atomic-properties -Wno-objc-interface-ivars -Wno-arc-repeated-use-of-weak -Wno-missing-braces -Wparentheses -Wswitch -Wno-unused-function -Wno-unused-label -Wno-unused-parameter -Wno-unused-variable -Wunused-value -Wno-empty-body -Wno-uninitialized -Wno-unknown-pragmas -w -Wno-shadow -Wno-four-char-constants -Wno-conversion -Wno-constant-conversion -Wno-int-conversion -Wno-bool-conversion -Wno-enum-conversion -Wno-float-conversion -Wno-non-literal-null-conversion -Wno-objc-literal-conversion -Wshorten-64-to-32 -Wpointer-sign -Wno-newline-eof -Wno-selector -Wno-strict-selector-match -Wno-undeclared-selector -Wno-deprecated-implementations -Wno-implicit-fallthrough -fstrict-aliasing -Wprotocol -Wdeprecated-declarations -Wno-sign-conversion -Wno-infinite-recursion -Wno-comma -Wno-block-capture-autoreleasing -Wno-strict-prototypes -Wno-semicolon-before-method-body -index-store-path /Users/Veer/Library/Developer/Xcode/DerivedData/HearifyV1-ftljoypfezvlxcgouzbpmsmxzads/Index.noindex/DataStore @/Users/Veer/Library/Developer/Xcode/DerivedData/HearifyV1-ftljoypfezvlxcgouzbpmsmxzads/Build/Intermediates.noindex/Firebase.build/Debug-iphoneos/FirebaseCore.build/Objects-normal/arm64/e6072d4f65d7061329687fe24e3d63a7-common-args.resp -include /Users/Veer/Library/Developer/Xcode/DerivedData/HearifyV1-ftljoypfezvlxcgouzbpmsmxzads/Build/Intermediates.noindex/Firebase.build/Debug-iphoneos/FirebaseCore.build/DerivedSources/resource_bundle_accessor.h -MMD -MT dependencies -MF /Users/Veer/Library/Developer/Xcode/DerivedData/HearifyV1-ftljoypfezvlxcgouzbpmsmxzads/Build/Intermediates.noindex/Firebase.build/Debug-iphoneos/FirebaseCore.build/Objects-normal/arm64/FIRComponentContainer.d --serialize-diagnostics /Users/Veer/Library/Developer/Xcode/DerivedData/HearifyV1-ftljoypfezvlxcgouzbpmsmxzads/Build/Intermediates.noindex/Firebase.build/Debug-iphoneos/FirebaseCore.build/Objects-normal/arm64/FIRComponentContainer.dia -c /Users/Veer/Library/Developer/Xcode/DerivedData/HearifyV1-ftljoypfezvlxcgouzbpmsmxzads/SourcePackages/checkouts/firebase-ios-sdk/FirebaseCore/Sources/FIRComponentContainer.m -o /Users/Veer/Library/Developer/Xcode/DerivedData/HearifyV1-ftljoypfezvlxcgouzbpmsmxzads/Build/Intermediates.noindex/Firebase.build/Debug-iphoneos/FirebaseCore.build/Objects-normal/arm64/FIRComponentContainer.o -index-unit-output-path /Firebase.build/Debug-iphoneos/FirebaseCore.build/Objects-normal/arm64/FIRComponentContainer.o

ScanDependencies /Users/Veer/Library/Developer/Xcode/DerivedData/HearifyV1-ftljoypfezvlxcgouzbpmsmxzads/Build/Intermediates.noindex/Firebase.build/Debug-iphoneos/FirebaseCore.build/Objects-normal/arm64/FIRComponent.o /Users/Veer/Library/Developer/Xcode/DerivedData/HearifyV1-ftljoypfezvlxcgouzbpmsmxzads/SourcePackages/checkouts/firebase-ios-sdk/FirebaseCore/Sources/FIRComponent.m normal arm64 objective-c com.apple.compilers.llvm.clang.1_0.compiler (in target 'FirebaseCore' from project 'Firebase')
    cd /Users/Veer/Library/Mobile\ Documents/com\~apple\~CloudDocs/HearifyV1/HearifyV1.xcodeproj
    
    Using response file: /Users/Veer/Library/Developer/Xcode/DerivedData/HearifyV1-ftljoypfezvlxcgouzbpmsmxzads/Build/Intermediates.noindex/Firebase.build/Debug-iphoneos/FirebaseCore.build/Objects-normal/arm64/e6072d4f65d7061329687fe24e3d63a7-common-args.resp
    
    builtin-ScanDependencies -o /Users/Veer/Library/Developer/Xcode/DerivedData/HearifyV1-ftljoypfezvlxcgouzbpmsmxzads/Build/Intermediates.noindex/Firebase.build/Debug-iphoneos/FirebaseCore.build/Objects-normal/arm64/FIRComponent.o.scan -- /Applications/Xcode.app/Contents/Developer/Toolchains/XcodeDefault.xctoolchain/usr/bin/clang -x objective-c -ivfsstatcache /Users/Veer/Library/Developer/Xcode/DerivedData/SDKStatCaches.noindex/iphoneos26.2-23C53-3794476bd08197c3e2abd9bb477ef7f7.sdkstatcache -fmessage-length\=0 -fdiagnostics-show-note-include-stack -fmacro-backtrace-limit\=0 -fno-color-diagnostics -fmodules-prune-interval\=86400 -fmodules-prune-after\=345600 -fbuild-session-file\=/Users/Veer/Library/Developer/Xcode/DerivedData/ModuleCache.noindex/Session.modulevalidation -fmodules-validate-once-per-build-session -Wnon-modular-include-in-framework-module -Werror\=non-modular-include-in-framework-module -Wno-trigraphs -Wno-missing-field-initializers -Wno-missing-prototypes -Wno-return-type -Wno-implicit-atomic-properties -Wno-objc-interface-ivars -Wno-arc-repeated-use-of-weak -Wno-missing-braces -Wparentheses -Wswitch -Wno-unused-function -Wno-unused-label -Wno-unused-parameter -Wno-unused-variable -Wunused-value -Wno-empty-body -Wno-uninitialized -Wno-unknown-pragmas -w -Wno-shadow -Wno-four-char-constants -Wno-conversion -Wno-constant-conversion -Wno-int-conversion -Wno-bool-conversion -Wno-enum-conversion -Wno-float-conversion -Wno-non-literal-null-conversion -Wno-objc-literal-conversion -Wshorten-64-to-32 -Wpointer-sign -Wno-newline-eof -Wno-selector -Wno-strict-selector-match -Wno-undeclared-selector -Wno-deprecated-implementations -Wno-implicit-fallthrough -fstrict-aliasing -Wprotocol -Wdeprecated-declarations -Wno-sign-conversion -Wno-infinite-recursion -Wno-comma -Wno-block-capture-autoreleasing -Wno-strict-prototypes -Wno-semicolon-before-method-body -index-store-path /Users/Veer/Library/Developer/Xcode/DerivedData/HearifyV1-ftljoypfezvlxcgouzbpmsmxzads/Index.noindex/DataStore @/Users/Veer/Library/Developer/Xcode/DerivedData/HearifyV1-ftljoypfezvlxcgouzbpmsmxzads/Build/Intermediates.noindex/Firebase.build/Debug-iphoneos/FirebaseCore.build/Objects-normal/arm64/e6072d4f65d7061329687fe24e3d63a7-common-args.resp -include /Users/Veer/Library/Developer/Xcode/DerivedData/HearifyV1-ftljoypfezvlxcgouzbpmsmxzads/Build/Intermediates.noindex/Firebase.build/Debug-iphoneos/FirebaseCore.build/DerivedSources/resource_bundle_accessor.h -MMD -MT dependencies -MF /Users/Veer/Library/Developer/Xcode/DerivedData/HearifyV1-ftljoypfezvlxcgouzbpmsmxzads/Build/Intermediates.noindex/Firebase.build/Debug-iphoneos/FirebaseCore.build/Objects-normal/arm64/FIRComponent.d --serialize-diagnostics /Users/Veer/Library/Developer/Xcode/DerivedData/HearifyV1-ftljoypfezvlxcgouzbpmsmxzads/Build/Intermediates.noindex/Firebase.build/Debug-iphoneos/FirebaseCore.build/Objects-normal/arm64/FIRComponent.dia -c /Users/Veer/Library/Developer/Xcode/DerivedData/HearifyV1-ftljoypfezvlxcgouzbpmsmxzads/SourcePackages/checkouts/firebase-ios-sdk/FirebaseCore/Sources/FIRComponent.m -o /Users/Veer/Library/Developer/Xcode/DerivedData/HearifyV1-ftljoypfezvlxcgouzbpmsmxzads/Build/Intermediates.noindex/Firebase.build/Debug-iphoneos/FirebaseCore.build/Objects-normal/arm64/FIRComponent.o -index-unit-output-path /Firebase.build/Debug-iphoneos/FirebaseCore.build/Objects-normal/arm64/FIRComponent.o

SwiftDriverJobDiscovery normal arm64 Compiling HeartbeatStorage.swift, HeartbeatsBundle.swift (in target 'FirebaseCoreInternal' from project 'Firebase')

PrecompileModule /Users/Veer/Library/Developer/Xcode/DerivedData/HearifyV1-ftljoypfezvlxcgouzbpmsmxzads/Build/Intermediates.noindex/ExplicitPrecompiledModules/_AvailabilityInternal-5LEF3U4HNHFI8FL3ULSLJKWKL.scan
    cd /
    builtin-precompileModule /Users/Veer/Library/Developer/Xcode/DerivedData/HearifyV1-ftljoypfezvlxcgouzbpmsmxzads/Build/Intermediates.noindex/ExplicitPrecompiledModules/_AvailabilityInternal-5LEF3U4HNHFI8FL3ULSLJKWKL.scan

PrecompileModule /Users/Veer/Library/Developer/Xcode/DerivedData/HearifyV1-ftljoypfezvlxcgouzbpmsmxzads/Build/Intermediates.noindex/ExplicitPrecompiledModules/ptrauth-BEAUK651A34MQPG92DQ14VWFR.scan
    cd /
    builtin-precompileModule /Users/Veer/Library/Developer/Xcode/DerivedData/HearifyV1-ftljoypfezvlxcgouzbpmsmxzads/Build/Intermediates.noindex/ExplicitPrecompiledModules/ptrauth-BEAUK651A34MQPG92DQ14VWFR.scan

PrecompileModule /Users/Veer/Library/Developer/Xcode/DerivedData/HearifyV1-ftljoypfezvlxcgouzbpmsmxzads/Build/Intermediates.noindex/ExplicitPrecompiledModules/_Builtin_stddef-10N7KMTNCXIKU4XP692KI9LM2.scan
    cd /
    builtin-precompileModule /Users/Veer/Library/Developer/Xcode/DerivedData/HearifyV1-ftljoypfezvlxcgouzbpmsmxzads/Build/Intermediates.noindex/ExplicitPrecompiledModules/_Builtin_stddef-10N7KMTNCXIKU4XP692KI9LM2.scan

PrecompileModule /Users/Veer/Library/Developer/Xcode/DerivedData/HearifyV1-ftljoypfezvlxcgouzbpmsmxzads/Build/Intermediates.noindex/ExplicitPrecompiledModules/_Builtin_stdarg-EC7953IPDKIL3YK5EYW8J7W75.scan
    cd /
    builtin-precompileModule /Users/Veer/Library/Developer/Xcode/DerivedData/HearifyV1-ftljoypfezvlxcgouzbpmsmxzads/Build/Intermediates.noindex/ExplicitPrecompiledModules/_Builtin_stdarg-EC7953IPDKIL3YK5EYW8J7W75.scan

PrecompileModule /Users/Veer/Library/Developer/Xcode/DerivedData/HearifyV1-ftljoypfezvlxcgouzbpmsmxzads/Build/Intermediates.noindex/ExplicitPrecompiledModules/_Builtin_float-D162J2O0ULLCCIAJ13O54UXIG.scan
    cd /
    builtin-precompileModule /Users/Veer/Library/Developer/Xcode/DerivedData/HearifyV1-ftljoypfezvlxcgouzbpmsmxzads/Build/Intermediates.noindex/ExplicitPrecompiledModules/_Builtin_float-D162J2O0ULLCCIAJ13O54UXIG.scan

PrecompileModule /Users/Veer/Library/Developer/Xcode/DerivedData/HearifyV1-ftljoypfezvlxcgouzbpmsmxzads/Build/Intermediates.noindex/ExplicitPrecompiledModules/ptrcheck-1NCE24NBO0IBBL3SAM3Y70OTL.scan
    cd /
    builtin-precompileModule /Users/Veer/Library/Developer/Xcode/DerivedData/HearifyV1-ftljoypfezvlxcgouzbpmsmxzads/Build/Intermediates.noindex/ExplicitPrecompiledModules/ptrcheck-1NCE24NBO0IBBL3SAM3Y70OTL.scan

PrecompileModule /Users/Veer/Library/Developer/Xcode/DerivedData/HearifyV1-ftljoypfezvlxcgouzbpmsmxzads/Build/Intermediates.noindex/ExplicitPrecompiledModules/_Builtin_stdbool-7DJE20UGDF8U5HAZS68X0PALC.scan
    cd /
    builtin-precompileModule /Users/Veer/Library/Developer/Xcode/DerivedData/HearifyV1-ftljoypfezvlxcgouzbpmsmxzads/Build/Intermediates.noindex/ExplicitPrecompiledModules/_Builtin_stdbool-7DJE20UGDF8U5HAZS68X0PALC.scan

ScanDependencies /Users/Veer/Library/Developer/Xcode/DerivedData/HearifyV1-ftljoypfezvlxcgouzbpmsmxzads/Build/Intermediates.noindex/Firebase.build/Debug-iphoneos/FirebaseCore.build/Objects-normal/arm64/FIRBundleUtil.o /Users/Veer/Library/Developer/Xcode/DerivedData/HearifyV1-ftljoypfezvlxcgouzbpmsmxzads/SourcePackages/checkouts/firebase-ios-sdk/FirebaseCore/Sources/FIRBundleUtil.m normal arm64 objective-c com.apple.compilers.llvm.clang.1_0.compiler (in target 'FirebaseCore' from project 'Firebase')
    cd /Users/Veer/Library/Mobile\ Documents/com\~apple\~CloudDocs/HearifyV1/HearifyV1.xcodeproj
    
    Using response file: /Users/Veer/Library/Developer/Xcode/DerivedData/HearifyV1-ftljoypfezvlxcgouzbpmsmxzads/Build/Intermediates.noindex/Firebase.build/Debug-iphoneos/FirebaseCore.build/Objects-normal/arm64/e6072d4f65d7061329687fe24e3d63a7-common-args.resp
    
    builtin-ScanDependencies -o /Users/Veer/Library/Developer/Xcode/DerivedData/HearifyV1-ftljoypfezvlxcgouzbpmsmxzads/Build/Intermediates.noindex/Firebase.build/Debug-iphoneos/FirebaseCore.build/Objects-normal/arm64/FIRBundleUtil.o.scan -- /Applications/Xcode.app/Contents/Developer/Toolchains/XcodeDefault.xctoolchain/usr/bin/clang -x objective-c -ivfsstatcache /Users/Veer/Library/Developer/Xcode/DerivedData/SDKStatCaches.noindex/iphoneos26.2-23C53-3794476bd08197c3e2abd9bb477ef7f7.sdkstatcache -fmessage-length\=0 -fdiagnostics-show-note-include-stack -fmacro-backtrace-limit\=0 -fno-color-diagnostics -fmodules-prune-interval\=86400 -fmodules-prune-after\=345600 -fbuild-session-file\=/Users/Veer/Library/Developer/Xcode/DerivedData/ModuleCache.noindex/Session.modulevalidation -fmodules-validate-once-per-build-session -Wnon-modular-include-in-framework-module -Werror\=non-modular-include-in-framework-module -Wno-trigraphs -Wno-missing-field-initializers -Wno-missing-prototypes -Wno-return-type -Wno-implicit-atomic-properties -Wno-objc-interface-ivars -Wno-arc-repeated-use-of-weak -Wno-missing-braces -Wparentheses -Wswitch -Wno-unused-function -Wno-unused-label -Wno-unused-parameter -Wno-unused-variable -Wunused-value -Wno-empty-body -Wno-uninitialized -Wno-unknown-pragmas -w -Wno-shadow -Wno-four-char-constants -Wno-conversion -Wno-constant-conversion -Wno-int-conversion -Wno-bool-conversion -Wno-enum-conversion -Wno-float-conversion -Wno-non-literal-null-conversion -Wno-objc-literal-conversion -Wshorten-64-to-32 -Wpointer-sign -Wno-newline-eof -Wno-selector -Wno-strict-selector-match -Wno-undeclared-selector -Wno-deprecated-implementations -Wno-implicit-fallthrough -fstrict-aliasing -Wprotocol -Wdeprecated-declarations -Wno-sign-conversion -Wno-infinite-recursion -Wno-comma -Wno-block-capture-autoreleasing -Wno-strict-prototypes -Wno-semicolon-before-method-body -index-store-path /Users/Veer/Library/Developer/Xcode/DerivedData/HearifyV1-ftljoypfezvlxcgouzbpmsmxzads/Index.noindex/DataStore @/Users/Veer/Library/Developer/Xcode/DerivedData/HearifyV1-ftljoypfezvlxcgouzbpmsmxzads/Build/Intermediates.noindex/Firebase.build/Debug-iphoneos/FirebaseCore.build/Objects-normal/arm64/e6072d4f65d7061329687fe24e3d63a7-common-args.resp -include /Users/Veer/Library/Developer/Xcode/DerivedData/HearifyV1-ftljoypfezvlxcgouzbpmsmxzads/Build/Intermediates.noindex/Firebase.build/Debug-iphoneos/FirebaseCore.build/DerivedSources/resource_bundle_accessor.h -MMD -MT dependencies -MF /Users/Veer/Library/Developer/Xcode/DerivedData/HearifyV1-ftljoypfezvlxcgouzbpmsmxzads/Build/Intermediates.noindex/Firebase.build/Debug-iphoneos/FirebaseCore.build/Objects-normal/arm64/FIRBundleUtil.d --serialize-diagnostics /Users/Veer/Library/Developer/Xcode/DerivedData/HearifyV1-ftljoypfezvlxcgouzbpmsmxzads/Build/Intermediates.noindex/Firebase.build/Debug-iphoneos/FirebaseCore.build/Objects-normal/arm64/FIRBundleUtil.dia -c /Users/Veer/Library/Developer/Xcode/DerivedData/HearifyV1-ftljoypfezvlxcgouzbpmsmxzads/SourcePackages/checkouts/firebase-ios-sdk/FirebaseCore/Sources/FIRBundleUtil.m -o /Users/Veer/Library/Developer/Xcode/DerivedData/HearifyV1-ftljoypfezvlxcgouzbpmsmxzads/Build/Intermediates.noindex/Firebase.build/Debug-iphoneos/FirebaseCore.build/Objects-normal/arm64/FIRBundleUtil.o -index-unit-output-path /Firebase.build/Debug-iphoneos/FirebaseCore.build/Objects-normal/arm64/FIRBundleUtil.o

ScanDependencies /Users/Veer/Library/Developer/Xcode/DerivedData/HearifyV1-ftljoypfezvlxcgouzbpmsmxzads/Build/Intermediates.noindex/Firebase.build/Debug-iphoneos/FirebaseCore.build/Objects-normal/arm64/FIRApp.o /Users/Veer/Library/Developer/Xcode/DerivedData/HearifyV1-ftljoypfezvlxcgouzbpmsmxzads/SourcePackages/checkouts/firebase-ios-sdk/FirebaseCore/Sources/FIRApp.m normal arm64 objective-c com.apple.compilers.llvm.clang.1_0.compiler (in target 'FirebaseCore' from project 'Firebase')
    cd /Users/Veer/Library/Mobile\ Documents/com\~apple\~CloudDocs/HearifyV1/HearifyV1.xcodeproj
    
    Using response file: /Users/Veer/Library/Developer/Xcode/DerivedData/HearifyV1-ftljoypfezvlxcgouzbpmsmxzads/Build/Intermediates.noindex/Firebase.build/Debug-iphoneos/FirebaseCore.build/Objects-normal/arm64/e6072d4f65d7061329687fe24e3d63a7-common-args.resp
    
    builtin-ScanDependencies -o /Users/Veer/Library/Developer/Xcode/DerivedData/HearifyV1-ftljoypfezvlxcgouzbpmsmxzads/Build/Intermediates.noindex/Firebase.build/Debug-iphoneos/FirebaseCore.build/Objects-normal/arm64/FIRApp.o.scan -- /Applications/Xcode.app/Contents/Developer/Toolchains/XcodeDefault.xctoolchain/usr/bin/clang -x objective-c -ivfsstatcache /Users/Veer/Library/Developer/Xcode/DerivedData/SDKStatCaches.noindex/iphoneos26.2-23C53-3794476bd08197c3e2abd9bb477ef7f7.sdkstatcache -fmessage-length\=0 -fdiagnostics-show-note-include-stack -fmacro-backtrace-limit\=0 -fno-color-diagnostics -fmodules-prune-interval\=86400 -fmodules-prune-after\=345600 -fbuild-session-file\=/Users/Veer/Library/Developer/Xcode/DerivedData/ModuleCache.noindex/Session.modulevalidation -fmodules-validate-once-per-build-session -Wnon-modular-include-in-framework-module -Werror\=non-modular-include-in-framework-module -Wno-trigraphs -Wno-missing-field-initializers -Wno-missing-prototypes -Wno-return-type -Wno-implicit-atomic-properties -Wno-objc-interface-ivars -Wno-arc-repeated-use-of-weak -Wno-missing-braces -Wparentheses -Wswitch -Wno-unused-function -Wno-unused-label -Wno-unused-parameter -Wno-unused-variable -Wunused-value -Wno-empty-body -Wno-uninitialized -Wno-unknown-pragmas -w -Wno-shadow -Wno-four-char-constants -Wno-conversion -Wno-constant-conversion -Wno-int-conversion -Wno-bool-conversion -Wno-enum-conversion -Wno-float-conversion -Wno-non-literal-null-conversion -Wno-objc-literal-conversion -Wshorten-64-to-32 -Wpointer-sign -Wno-newline-eof -Wno-selector -Wno-strict-selector-match -Wno-undeclared-selector -Wno-deprecated-implementations -Wno-implicit-fallthrough -fstrict-aliasing -Wprotocol -Wdeprecated-declarations -Wno-sign-conversion -Wno-infinite-recursion -Wno-comma -Wno-block-capture-autoreleasing -Wno-strict-prototypes -Wno-semicolon-before-method-body -index-store-path /Users/Veer/Library/Developer/Xcode/DerivedData/HearifyV1-ftljoypfezvlxcgouzbpmsmxzads/Index.noindex/DataStore @/Users/Veer/Library/Developer/Xcode/DerivedData/HearifyV1-ftljoypfezvlxcgouzbpmsmxzads/Build/Intermediates.noindex/Firebase.build/Debug-iphoneos/FirebaseCore.build/Objects-normal/arm64/e6072d4f65d7061329687fe24e3d63a7-common-args.resp -include /Users/Veer/Library/Developer/Xcode/DerivedData/HearifyV1-ftljoypfezvlxcgouzbpmsmxzads/Build/Intermediates.noindex/Firebase.build/Debug-iphoneos/FirebaseCore.build/DerivedSources/resource_bundle_accessor.h -MMD -MT dependencies -MF /Users/Veer/Library/Developer/Xcode/DerivedData/HearifyV1-ftljoypfezvlxcgouzbpmsmxzads/Build/Intermediates.noindex/Firebase.build/Debug-iphoneos/FirebaseCore.build/Objects-normal/arm64/FIRApp.d --serialize-diagnostics /Users/Veer/Library/Developer/Xcode/DerivedData/HearifyV1-ftljoypfezvlxcgouzbpmsmxzads/Build/Intermediates.noindex/Firebase.build/Debug-iphoneos/FirebaseCore.build/Objects-normal/arm64/FIRApp.dia -c /Users/Veer/Library/Developer/Xcode/DerivedData/HearifyV1-ftljoypfezvlxcgouzbpmsmxzads/SourcePackages/checkouts/firebase-ios-sdk/FirebaseCore/Sources/FIRApp.m -o /Users/Veer/Library/Developer/Xcode/DerivedData/HearifyV1-ftljoypfezvlxcgouzbpmsmxzads/Build/Intermediates.noindex/Firebase.build/Debug-iphoneos/FirebaseCore.build/Objects-normal/arm64/FIRApp.o -index-unit-output-path /Firebase.build/Debug-iphoneos/FirebaseCore.build/Objects-normal/arm64/FIRApp.o

ScanDependencies /Users/Veer/Library/Developer/Xcode/DerivedData/HearifyV1-ftljoypfezvlxcgouzbpmsmxzads/Build/Intermediates.noindex/Firebase.build/Debug-iphoneos/FirebaseCore.build/Objects-normal/arm64/FIRAnalyticsConfiguration.o /Users/Veer/Library/Developer/Xcode/DerivedData/HearifyV1-ftljoypfezvlxcgouzbpmsmxzads/SourcePackages/checkouts/firebase-ios-sdk/FirebaseCore/Sources/FIRAnalyticsConfiguration.m normal arm64 objective-c com.apple.compilers.llvm.clang.1_0.compiler (in target 'FirebaseCore' from project 'Firebase')
    cd /Users/Veer/Library/Mobile\ Documents/com\~apple\~CloudDocs/HearifyV1/HearifyV1.xcodeproj
    
    Using response file: /Users/Veer/Library/Developer/Xcode/DerivedData/HearifyV1-ftljoypfezvlxcgouzbpmsmxzads/Build/Intermediates.noindex/Firebase.build/Debug-iphoneos/FirebaseCore.build/Objects-normal/arm64/e6072d4f65d7061329687fe24e3d63a7-common-args.resp
    
    builtin-ScanDependencies -o /Users/Veer/Library/Developer/Xcode/DerivedData/HearifyV1-ftljoypfezvlxcgouzbpmsmxzads/Build/Intermediates.noindex/Firebase.build/Debug-iphoneos/FirebaseCore.build/Objects-normal/arm64/FIRAnalyticsConfiguration.o.scan -- /Applications/Xcode.app/Contents/Developer/Toolchains/XcodeDefault.xctoolchain/usr/bin/clang -x objective-c -ivfsstatcache /Users/Veer/Library/Developer/Xcode/DerivedData/SDKStatCaches.noindex/iphoneos26.2-23C53-3794476bd08197c3e2abd9bb477ef7f7.sdkstatcache -fmessage-length\=0 -fdiagnostics-show-note-include-stack -fmacro-backtrace-limit\=0 -fno-color-diagnostics -fmodules-prune-interval\=86400 -fmodules-prune-after\=345600 -fbuild-session-file\=/Users/Veer/Library/Developer/Xcode/DerivedData/ModuleCache.noindex/Session.modulevalidation -fmodules-validate-once-per-build-session -Wnon-modular-include-in-framework-module -Werror\=non-modular-include-in-framework-module -Wno-trigraphs -Wno-missing-field-initializers -Wno-missing-prototypes -Wno-return-type -Wno-implicit-atomic-properties -Wno-objc-interface-ivars -Wno-arc-repeated-use-of-weak -Wno-missing-braces -Wparentheses -Wswitch -Wno-unused-function -Wno-unused-label -Wno-unused-parameter -Wno-unused-variable -Wunused-value -Wno-empty-body -Wno-uninitialized -Wno-unknown-pragmas -w -Wno-shadow -Wno-four-char-constants -Wno-conversion -Wno-constant-conversion -Wno-int-conversion -Wno-bool-conversion -Wno-enum-conversion -Wno-float-conversion -Wno-non-literal-null-conversion -Wno-objc-literal-conversion -Wshorten-64-to-32 -Wpointer-sign -Wno-newline-eof -Wno-selector -Wno-strict-selector-match -Wno-undeclared-selector -Wno-deprecated-implementations -Wno-implicit-fallthrough -fstrict-aliasing -Wprotocol -Wdeprecated-declarations -Wno-sign-conversion -Wno-infinite-recursion -Wno-comma -Wno-block-capture-autoreleasing -Wno-strict-prototypes -Wno-semicolon-before-method-body -index-store-path /Users/Veer/Library/Developer/Xcode/DerivedData/HearifyV1-ftljoypfezvlxcgouzbpmsmxzads/Index.noindex/DataStore @/Users/Veer/Library/Developer/Xcode/DerivedData/HearifyV1-ftljoypfezvlxcgouzbpmsmxzads/Build/Intermediates.noindex/Firebase.build/Debug-iphoneos/FirebaseCore.build/Objects-normal/arm64/e6072d4f65d7061329687fe24e3d63a7-common-args.resp -include /Users/Veer/Library/Developer/Xcode/DerivedData/HearifyV1-ftljoypfezvlxcgouzbpmsmxzads/Build/Intermediates.noindex/Firebase.build/Debug-iphoneos/FirebaseCore.build/DerivedSources/resource_bundle_accessor.h -MMD -MT dependencies -MF /Users/Veer/Library/Developer/Xcode/DerivedData/HearifyV1-ftljoypfezvlxcgouzbpmsmxzads/Build/Intermediates.noindex/Firebase.build/Debug-iphoneos/FirebaseCore.build/Objects-normal/arm64/FIRAnalyticsConfiguration.d --serialize-diagnostics /Users/Veer/Library/Developer/Xcode/DerivedData/HearifyV1-ftljoypfezvlxcgouzbpmsmxzads/Build/Intermediates.noindex/Firebase.build/Debug-iphoneos/FirebaseCore.build/Objects-normal/arm64/FIRAnalyticsConfiguration.dia -c /Users/Veer/Library/Developer/Xcode/DerivedData/HearifyV1-ftljoypfezvlxcgouzbpmsmxzads/SourcePackages/checkouts/firebase-ios-sdk/FirebaseCore/Sources/FIRAnalyticsConfiguration.m -o /Users/Veer/Library/Developer/Xcode/DerivedData/HearifyV1-ftljoypfezvlxcgouzbpmsmxzads/Build/Intermediates.noindex/Firebase.build/Debug-iphoneos/FirebaseCore.build/Objects-normal/arm64/FIRAnalyticsConfiguration.o -index-unit-output-path /Firebase.build/Debug-iphoneos/FirebaseCore.build/Objects-normal/arm64/FIRAnalyticsConfiguration.o

PrecompileModule /Users/Veer/Library/Developer/Xcode/DerivedData/HearifyV1-ftljoypfezvlxcgouzbpmsmxzads/Build/Intermediates.noindex/ExplicitPrecompiledModules/_DarwinFoundation1-DTG5KVBQK4P1VWE67HNDC1HB.scan
    cd /
    builtin-precompileModule /Users/Veer/Library/Developer/Xcode/DerivedData/HearifyV1-ftljoypfezvlxcgouzbpmsmxzads/Build/Intermediates.noindex/ExplicitPrecompiledModules/_DarwinFoundation1-DTG5KVBQK4P1VWE67HNDC1HB.scan

SwiftDriver FirebaseFirestore normal arm64 com.apple.xcode.tools.swift.compiler (in target 'FirebaseFirestore' from project 'Firebase')
    cd /Users/Veer/Library/Mobile\ Documents/com\~apple\~CloudDocs/HearifyV1/HearifyV1.xcodeproj
    builtin-SwiftDriver -- /Applications/Xcode.app/Contents/Developer/Toolchains/XcodeDefault.xctoolchain/usr/bin/swiftc -module-name FirebaseFirestore -Onone -enforce-exclusivity\=checked @/Users/Veer/Library/Developer/Xcode/DerivedData/HearifyV1-ftljoypfezvlxcgouzbpmsmxzads/Build/Intermediates.noindex/Firebase.build/Debug-iphoneos/FirebaseFirestore.build/Objects-normal/arm64/FirebaseFirestore.SwiftFileList -DSWIFT_PACKAGE -DDEBUG -DSWIFT_MODULE_RESOURCE_BUNDLE_AVAILABLE -Xcc -fmodule-map-file\=/Users/Veer/Library/Developer/Xcode/DerivedData/HearifyV1-ftljoypfezvlxcgouzbpmsmxzads/Build/Intermediates.noindex/GeneratedModuleMaps-iphoneos/GoogleUtilities-NSData.modulemap -Xcc -fmodule-map-file\=/Users/Veer/Library/Developer/Xcode/DerivedData/HearifyV1-ftljoypfezvlxcgouzbpmsmxzads/Build/Intermediates.noindex/GeneratedModuleMaps-iphoneos/GoogleUtilities-Environment.modulemap -Xcc -fmodule-map-file\=/Users/Veer/Library/Developer/Xcode/DerivedData/HearifyV1-ftljoypfezvlxcgouzbpmsmxzads/Build/Intermediates.noindex/GeneratedModuleMaps-iphoneos/third-party-IsAppEncrypted.modulemap -Xcc -fmodule-map-file\=/Users/Veer/Library/Developer/Xcode/DerivedData/HearifyV1-ftljoypfezvlxcgouzbpmsmxzads/Build/Intermediates.noindex/GeneratedModuleMaps-iphoneos/GoogleUtilities-Logger.modulemap -Xcc -fmodule-map-file\=/Users/Veer/Library/Developer/Xcode/DerivedData/HearifyV1-ftljoypfezvlxcgouzbpmsmxzads/Build/Intermediates.noindex/GeneratedModuleMaps-iphoneos/abslWrapper.modulemap -Xcc -fmodule-map-file\=/Users/Veer/Library/Developer/Xcode/DerivedData/HearifyV1-ftljoypfezvlxcgouzbpmsmxzads/Build/Intermediates.noindex/GeneratedModuleMaps-iphoneos/opensslWrapper.modulemap -Xcc -fmodule-map-file\=/Users/Veer/Library/Developer/Xcode/DerivedData/HearifyV1-ftljoypfezvlxcgouzbpmsmxzads/Build/Intermediates.noindex/GeneratedModuleMaps-iphoneos/grpcWrapper.modulemap -Xcc -fmodule-map-file\=/Users/Veer/Library/Developer/Xcode/DerivedData/HearifyV1-ftljoypfezvlxcgouzbpmsmxzads/Build/Intermediates.noindex/GeneratedModuleMaps-iphoneos/grpcppWrapper.modulemap -Xcc -fmodule-map-file\=/Users/Veer/Library/Developer/Xcode/DerivedData/HearifyV1-ftljoypfezvlxcgouzbpmsmxzads/Build/Intermediates.noindex/GeneratedModuleMaps-iphoneos/nanopb.modulemap -Xcc -fmodule-map-file\=/Users/Veer/Library/Developer/Xcode/DerivedData/HearifyV1-ftljoypfezvlxcgouzbpmsmxzads/Build/Intermediates.noindex/GeneratedModuleMaps-iphoneos/leveldb.modulemap -Xcc -fmodule-map-file\=/Users/Veer/Library/Developer/Xcode/DerivedData/HearifyV1-ftljoypfezvlxcgouzbpmsmxzads/Build/Intermediates.noindex/GeneratedModuleMaps-iphoneos/FirebaseCoreExtension.modulemap -Xcc -fmodule-map-file\=/Users/Veer/Library/Developer/Xcode/DerivedData/HearifyV1-ftljoypfezvlxcgouzbpmsmxzads/Build/Intermediates.noindex/GeneratedModuleMaps-iphoneos/FirebaseCore.modulemap -Xcc -fmodule-map-file\=/Users/Veer/Library/Developer/Xcode/DerivedData/HearifyV1-ftljoypfezvlxcgouzbpmsmxzads/Build/Intermediates.noindex/GeneratedModuleMaps-iphoneos/FirebaseAppCheckInterop.modulemap -Xcc -fmodule-map-file\=/Users/Veer/Library/Developer/Xcode/DerivedData/HearifyV1-ftljoypfezvlxcgouzbpmsmxzads/Build/Intermediates.noindex/GeneratedModuleMaps-iphoneos/FirebaseFirestoreInternalWrapper.modulemap -DXcode -plugin-path /Applications/Xcode.app/Contents/Developer/Toolchains/XcodeDefault.xctoolchain/usr/lib/swift/host/plugins/testing -enable-experimental-feature DebugDescriptionMacro -sdk /Applications/Xcode.app/Contents/Developer/Platforms/iPhoneOS.platform/Developer/SDKs/iPhoneOS26.2.sdk -target arm64-apple-ios15.0 -g -module-cache-path /Users/Veer/Library/Developer/Xcode/DerivedData/ModuleCache.noindex -Xfrontend -serialize-debugging-options -profile-coverage-mapping -profile-generate -enable-testing -suppress-warnings -index-store-path /Users/Veer/Library/Developer/Xcode/DerivedData/HearifyV1-ftljoypfezvlxcgouzbpmsmxzads/Index.noindex/DataStore -Xcc -D_LIBCPP_HARDENING_MODE\=_LIBCPP_HARDENING_MODE_DEBUG -swift-version 5 -I /Users/Veer/Library/Developer/Xcode/DerivedData/HearifyV1-ftljoypfezvlxcgouzbpmsmxzads/Build/Products/Debug-iphoneos -Isystem /Applications/Xcode.app/Contents/Developer/Platforms/iPhoneOS.platform/Developer/usr/lib -F /Users/Veer/Library/Developer/Xcode/DerivedData/HearifyV1-ftljoypfezvlxcgouzbpmsmxzads/Build/Products/Debug-iphoneos/PackageFrameworks -F /Users/Veer/Library/Developer/Xcode/DerivedData/HearifyV1-ftljoypfezvlxcgouzbpmsmxzads/Build/Products/Debug-iphoneos/PackageFrameworks -F /Users/Veer/Library/Developer/Xcode/DerivedData/HearifyV1-ftljoypfezvlxcgouzbpmsmxzads/Build/Products/Debug-iphoneos/PackageFrameworks -F /Users/Veer/Library/Developer/Xcode/DerivedData/HearifyV1-ftljoypfezvlxcgouzbpmsmxzads/Build/Products/Debug-iphoneos/PackageFrameworks -F /Users/Veer/Library/Developer/Xcode/DerivedData/HearifyV1-ftljoypfezvlxcgouzbpmsmxzads/Build/Products/Debug-iphoneos/PackageFrameworks -F /Users/Veer/Library/Developer/Xcode/DerivedData/HearifyV1-ftljoypfezvlxcgouzbpmsmxzads/Build/Products/Debug-iphoneos/PackageFrameworks -F /Users/Veer/Library/Developer/Xcode/DerivedData/HearifyV1-ftljoypfezvlxcgouzbpmsmxzads/Build/Products/Debug-iphoneos/PackageFrameworks -F /Users/Veer/Library/Developer/Xcode/DerivedData/HearifyV1-ftljoypfezvlxcgouzbpmsmxzads/Build/Products/Debug-iphoneos/PackageFrameworks -F /Users/Veer/Library/Developer/Xcode/DerivedData/HearifyV1-ftljoypfezvlxcgouzbpmsmxzads/Build/Products/Debug-iphoneos/PackageFrameworks -F /Users/Veer/Library/Developer/Xcode/DerivedData/HearifyV1-ftljoypfezvlxcgouzbpmsmxzads/Build/Products/Debug-iphoneos/PackageFrameworks -F /Users/Veer/Library/Developer/Xcode/DerivedData/HearifyV1-ftljoypfezvlxcgouzbpmsmxzads/Build/Products/Debug-iphoneos/PackageFrameworks -F /Users/Veer/Library/Developer/Xcode/DerivedData/HearifyV1-ftljoypfezvlxcgouzbpmsmxzads/Build/Products/Debug-iphoneos/PackageFrameworks -F /Users/Veer/Library/Developer/Xcode/DerivedData/HearifyV1-ftljoypfezvlxcgouzbpmsmxzads/Build/Products/Debug-iphoneos/PackageFrameworks -F /Users/Veer/Library/Developer/Xcode/DerivedData/HearifyV1-ftljoypfezvlxcgouzbpmsmxzads/Build/Products/Debug-iphoneos/PackageFrameworks -F /Users/Veer/Library/Developer/Xcode/DerivedData/HearifyV1-ftljoypfezvlxcgouzbpmsmxzads/Build/Products/Debug-iphoneos/PackageFrameworks -F /Users/Veer/Library/Developer/Xcode/DerivedData/HearifyV1-ftljoypfezvlxcgouzbpmsmxzads/Build/Products/Debug-iphoneos/PackageFrameworks -F /Users/Veer/Library/Developer/Xcode/DerivedData/HearifyV1-ftljoypfezvlxcgouzbpmsmxzads/Build/Products/Debug-iphoneos/PackageFrameworks -F /Users/Veer/Library/Developer/Xcode/DerivedData/HearifyV1-ftljoypfezvlxcgouzbpmsmxzads/Build/Products/Debug-iphoneos -F /Applications/Xcode.app/Contents/Developer/Platforms/iPhoneOS.platform/Developer/Library/Frameworks -F /Applications/Xcode.app/Contents/Developer/Platforms/iPhoneOS.platform/Developer/SDKs/iPhoneOS26.2.sdk/Developer/Library/Frameworks -c -j10 -enable-batch-mode -incremental -Xcc -ivfsstatcache -Xcc /Users/Veer/Library/Developer/Xcode/DerivedData/SDKStatCaches.noindex/iphoneos26.2-23C53-3794476bd08197c3e2abd9bb477ef7f7.sdkstatcache -output-file-map /Users/Veer/Library/Developer/Xcode/DerivedData/HearifyV1-ftljoypfezvlxcgouzbpmsmxzads/Build/Intermediates.noindex/Firebase.build/Debug-iphoneos/FirebaseFirestore.build/Objects-normal/arm64/FirebaseFirestore-OutputFileMap.json -use-frontend-parseable-output -save-temps -no-color-diagnostics -explicit-module-build -module-cache-path /Users/Veer/Library/Developer/Xcode/DerivedData/HearifyV1-ftljoypfezvlxcgouzbpmsmxzads/Build/Intermediates.noindex/SwiftExplicitPrecompiledModules -clang-scanner-module-cache-path /Users/Veer/Library/Developer/Xcode/DerivedData/ModuleCache.noindex -sdk-module-cache-path /Users/Veer/Library/Developer/Xcode/DerivedData/ModuleCache.noindex -serialize-diagnostics -emit-dependencies -emit-module -emit-module-path /Users/Veer/Library/Developer/Xcode/DerivedData/HearifyV1-ftljoypfezvlxcgouzbpmsmxzads/Build/Intermediates.noindex/Firebase.build/Debug-iphoneos/FirebaseFirestore.build/Objects-normal/arm64/FirebaseFirestore.swiftmodule -user-module-version 12.8.0 -validate-clang-modules-once -clang-build-session-file /Users/Veer/Library/Developer/Xcode/DerivedData/ModuleCache.noindex/Session.modulevalidation -package-name firebase_ios_sdk -Xcc -I/Users/Veer/Library/Developer/Xcode/DerivedData/HearifyV1-ftljoypfezvlxcgouzbpmsmxzads/Build/Intermediates.noindex/Firebase.build/Debug-iphoneos/FirebaseFirestore.build/swift-overrides.hmap -emit-const-values -Xfrontend -const-gather-protocols-file -Xfrontend /Users/Veer/Library/Developer/Xcode/DerivedData/HearifyV1-ftljoypfezvlxcgouzbpmsmxzads/Build/Intermediates.noindex/Firebase.build/Debug-iphoneos/FirebaseFirestore.build/Objects-normal/arm64/FirebaseFirestore_const_extract_protocols.json -Xcc -I/Users/Veer/Library/Developer/Xcode/DerivedData/HearifyV1-ftljoypfezvlxcgouzbpmsmxzads/SourcePackages/checkouts/GoogleUtilities/GoogleUtilities/NSData+zlib/Public -Xcc -I/Users/Veer/Library/Developer/Xcode/DerivedData/HearifyV1-ftljoypfezvlxcgouzbpmsmxzads/SourcePackages/checkouts/GoogleUtilities/GoogleUtilities/Environment/Public -Xcc -I/Users/Veer/Library/Developer/Xcode/DerivedData/HearifyV1-ftljoypfezvlxcgouzbpmsmxzads/SourcePackages/checkouts/GoogleUtilities/third_party/IsAppEncrypted/Public -Xcc -I/Users/Veer/Library/Developer/Xcode/DerivedData/HearifyV1-ftljoypfezvlxcgouzbpmsmxzads/SourcePackages/checkouts/GoogleUtilities/GoogleUtilities/Logger/Public -Xcc -I/Users/Veer/Library/Developer/Xcode/DerivedData/HearifyV1-ftljoypfezvlxcgouzbpmsmxzads/SourcePackages/checkouts/abseil-cpp-binary/absl-Wrapper/include -Xcc -I/Users/Veer/Library/Developer/Xcode/DerivedData/HearifyV1-ftljoypfezvlxcgouzbpmsmxzads/SourcePackages/checkouts/grpc-binary/openssl-grpc-Wrapper/include -Xcc -I/Users/Veer/Library/Developer/Xcode/DerivedData/HearifyV1-ftljoypfezvlxcgouzbpmsmxzads/SourcePackages/checkouts/grpc-binary/grpc-Wrapper/include -Xcc -I/Users/Veer/Library/Developer/Xcode/DerivedData/HearifyV1-ftljoypfezvlxcgouzbpmsmxzads/SourcePackages/checkouts/grpc-binary/grpcpp-Wrapper/include -Xcc -I/Users/Veer/Library/Developer/Xcode/DerivedData/HearifyV1-ftljoypfezvlxcgouzbpmsmxzads/SourcePackages/checkouts/nanopb/spm_headers -Xcc -I/Users/Veer/Library/Developer/Xcode/DerivedData/HearifyV1-ftljoypfezvlxcgouzbpmsmxzads/SourcePackages/checkouts/leveldb/include -Xcc -I/Users/Veer/Library/Developer/Xcode/DerivedData/HearifyV1-ftljoypfezvlxcgouzbpmsmxzads/SourcePackages/checkouts/firebase-ios-sdk/FirebaseCore/Extension -Xcc -I/Users/Veer/Library/Developer/Xcode/DerivedData/HearifyV1-ftljoypfezvlxcgouzbpmsmxzads/SourcePackages/checkouts/firebase-ios-sdk/FirebaseCore/Sources/Public -Xcc -I/Users/Veer/Library/Developer/Xcode/DerivedData/HearifyV1-ftljoypfezvlxcgouzbpmsmxzads/SourcePackages/checkouts/firebase-ios-sdk/CoreOnly/Sources -Xcc -I/Users/Veer/Library/Developer/Xcode/DerivedData/HearifyV1-ftljoypfezvlxcgouzbpmsmxzads/SourcePackages/checkouts/firebase-ios-sdk/FirebaseAppCheck/Interop/Public -Xcc -I/Users/Veer/Library/Developer/Xcode/DerivedData/HearifyV1-ftljoypfezvlxcgouzbpmsmxzads/SourcePackages/checkouts/firebase-ios-sdk/FirebaseFirestoreInternal -Xcc -I/Users/Veer/Library/Developer/Xcode/DerivedData/HearifyV1-ftljoypfezvlxcgouzbpmsmxzads/Build/Products/Debug-iphoneos/include -Xcc -I/Users/Veer/Library/Developer/Xcode/DerivedData/HearifyV1-ftljoypfezvlxcgouzbpmsmxzads/Build/Intermediates.noindex/Firebase.build/Debug-iphoneos/FirebaseFirestore.build/DerivedSources-normal/arm64 -Xcc -I/Users/Veer/Library/Developer/Xcode/DerivedData/HearifyV1-ftljoypfezvlxcgouzbpmsmxzads/Build/Intermediates.noindex/Firebase.build/Debug-iphoneos/FirebaseFirestore.build/DerivedSources/arm64 -Xcc -I/Users/Veer/Library/Developer/Xcode/DerivedData/HearifyV1-ftljoypfezvlxcgouzbpmsmxzads/Build/Intermediates.noindex/Firebase.build/Debug-iphoneos/FirebaseFirestore.build/DerivedSources -Xcc -DSWIFT_PACKAGE -Xcc -DDEBUG\=1 -emit-objc-header -emit-objc-header-path /Users/Veer/Library/Developer/Xcode/DerivedData/HearifyV1-ftljoypfezvlxcgouzbpmsmxzads/Build/Intermediates.noindex/Firebase.build/Debug-iphoneos/FirebaseFirestore.build/Objects-normal/arm64/FirebaseFirestore-Swift.h -working-directory /Users/Veer/Library/Mobile\ Documents/com\~apple\~CloudDocs/HearifyV1/HearifyV1.xcodeproj -experimental-emit-module-separately -disable-cmo

SwiftDriver FirebaseAuth normal arm64 com.apple.xcode.tools.swift.compiler (in target 'FirebaseAuth' from project 'Firebase')
    cd /Users/Veer/Library/Mobile\ Documents/com\~apple\~CloudDocs/HearifyV1/HearifyV1.xcodeproj
    builtin-SwiftDriver -- /Applications/Xcode.app/Contents/Developer/Toolchains/XcodeDefault.xctoolchain/usr/bin/swiftc -module-name FirebaseAuth -Onone -enforce-exclusivity\=checked @/Users/Veer/Library/Developer/Xcode/DerivedData/HearifyV1-ftljoypfezvlxcgouzbpmsmxzads/Build/Intermediates.noindex/Firebase.build/Debug-iphoneos/FirebaseAuth.build/Objects-normal/arm64/FirebaseAuth.SwiftFileList -DSWIFT_PACKAGE -DDEBUG -DSWIFT_MODULE_RESOURCE_BUNDLE_AVAILABLE -Xcc -fmodule-map-file\=/Users/Veer/Library/Developer/Xcode/DerivedData/HearifyV1-ftljoypfezvlxcgouzbpmsmxzads/Build/Intermediates.noindex/GeneratedModuleMaps-iphoneos/RecaptchaInterop.modulemap -Xcc -fmodule-map-file\=/Users/Veer/Library/Developer/Xcode/DerivedData/HearifyV1-ftljoypfezvlxcgouzbpmsmxzads/Build/Intermediates.noindex/GeneratedModuleMaps-iphoneos/GoogleUtilities-Network.modulemap -Xcc -fmodule-map-file\=/Users/Veer/Library/Developer/Xcode/DerivedData/HearifyV1-ftljoypfezvlxcgouzbpmsmxzads/Build/Intermediates.noindex/GeneratedModuleMaps-iphoneos/GoogleUtilities-Reachability.modulemap -Xcc -fmodule-map-file\=/Users/Veer/Library/Developer/Xcode/DerivedData/HearifyV1-ftljoypfezvlxcgouzbpmsmxzads/Build/Intermediates.noindex/GeneratedModuleMaps-iphoneos/GoogleUtilities-NSData.modulemap -Xcc -fmodule-map-file\=/Users/Veer/Library/Developer/Xcode/DerivedData/HearifyV1-ftljoypfezvlxcgouzbpmsmxzads/Build/Intermediates.noindex/GeneratedModuleMaps-iphoneos/GoogleUtilities-Logger.modulemap -Xcc -fmodule-map-file\=/Users/Veer/Library/Developer/Xcode/DerivedData/HearifyV1-ftljoypfezvlxcgouzbpmsmxzads/Build/Intermediates.noindex/GeneratedModuleMaps-iphoneos/GoogleUtilities-Environment.modulemap -Xcc -fmodule-map-file\=/Users/Veer/Library/Developer/Xcode/DerivedData/HearifyV1-ftljoypfezvlxcgouzbpmsmxzads/Build/Intermediates.noindex/GeneratedModuleMaps-iphoneos/third-party-IsAppEncrypted.modulemap -Xcc -fmodule-map-file\=/Users/Veer/Library/Developer/Xcode/DerivedData/HearifyV1-ftljoypfezvlxcgouzbpmsmxzads/Build/Intermediates.noindex/GeneratedModuleMaps-iphoneos/GoogleUtilities-AppDelegateSwizzler.modulemap -Xcc -fmodule-map-file\=/Users/Veer/Library/Developer/Xcode/DerivedData/HearifyV1-ftljoypfezvlxcgouzbpmsmxzads/Build/Intermediates.noindex/GeneratedModuleMaps-iphoneos/GTMSessionFetcherCore.modulemap -Xcc -fmodule-map-file\=/Users/Veer/Library/Developer/Xcode/DerivedData/HearifyV1-ftljoypfezvlxcgouzbpmsmxzads/Build/Intermediates.noindex/GeneratedModuleMaps-iphoneos/FirebaseCoreExtension.modulemap -Xcc -fmodule-map-file\=/Users/Veer/Library/Developer/Xcode/DerivedData/HearifyV1-ftljoypfezvlxcgouzbpmsmxzads/Build/Intermediates.noindex/GeneratedModuleMaps-iphoneos/FirebaseCore.modulemap -Xcc -fmodule-map-file\=/Users/Veer/Library/Developer/Xcode/DerivedData/HearifyV1-ftljoypfezvlxcgouzbpmsmxzads/Build/Intermediates.noindex/GeneratedModuleMaps-iphoneos/FirebaseAuthInternal.modulemap -Xcc -fmodule-map-file\=/Users/Veer/Library/Developer/Xcode/DerivedData/HearifyV1-ftljoypfezvlxcgouzbpmsmxzads/Build/Intermediates.noindex/GeneratedModuleMaps-iphoneos/FirebaseAuthInterop.modulemap -Xcc -fmodule-map-file\=/Users/Veer/Library/Developer/Xcode/DerivedData/HearifyV1-ftljoypfezvlxcgouzbpmsmxzads/Build/Intermediates.noindex/GeneratedModuleMaps-iphoneos/FirebaseAppCheckInterop.modulemap -DXcode -plugin-path /Applications/Xcode.app/Contents/Developer/Toolchains/XcodeDefault.xctoolchain/usr/lib/swift/host/plugins/testing -enable-experimental-feature DebugDescriptionMacro -sdk /Applications/Xcode.app/Contents/Developer/Platforms/iPhoneOS.platform/Developer/SDKs/iPhoneOS26.2.sdk -target arm64-apple-ios15.0 -g -module-cache-path /Users/Veer/Library/Developer/Xcode/DerivedData/ModuleCache.noindex -Xfrontend -serialize-debugging-options -profile-coverage-mapping -profile-generate -enable-testing -suppress-warnings -index-store-path /Users/Veer/Library/Developer/Xcode/DerivedData/HearifyV1-ftljoypfezvlxcgouzbpmsmxzads/Index.noindex/DataStore -Xcc -D_LIBCPP_HARDENING_MODE\=_LIBCPP_HARDENING_MODE_DEBUG -swift-version 5 -I /Users/Veer/Library/Developer/Xcode/DerivedData/HearifyV1-ftljoypfezvlxcgouzbpmsmxzads/Build/Products/Debug-iphoneos -Isystem /Applications/Xcode.app/Contents/Developer/Platforms/iPhoneOS.platform/Developer/usr/lib -F /Users/Veer/Library/Developer/Xcode/DerivedData/HearifyV1-ftljoypfezvlxcgouzbpmsmxzads/Build/Products/Debug-iphoneos/PackageFrameworks -F /Users/Veer/Library/Developer/Xcode/DerivedData/HearifyV1-ftljoypfezvlxcgouzbpmsmxzads/Build/Products/Debug-iphoneos/PackageFrameworks -F /Users/Veer/Library/Developer/Xcode/DerivedData/HearifyV1-ftljoypfezvlxcgouzbpmsmxzads/Build/Products/Debug-iphoneos/PackageFrameworks -F /Users/Veer/Library/Developer/Xcode/DerivedData/HearifyV1-ftljoypfezvlxcgouzbpmsmxzads/Build/Products/Debug-iphoneos/PackageFrameworks -F /Users/Veer/Library/Developer/Xcode/DerivedData/HearifyV1-ftljoypfezvlxcgouzbpmsmxzads/Build/Products/Debug-iphoneos/PackageFrameworks -F /Users/Veer/Library/Developer/Xcode/DerivedData/HearifyV1-ftljoypfezvlxcgouzbpmsmxzads/Build/Products/Debug-iphoneos/PackageFrameworks -F /Users/Veer/Library/Developer/Xcode/DerivedData/HearifyV1-ftljoypfezvlxcgouzbpmsmxzads/Build/Products/Debug-iphoneos/PackageFrameworks -F /Users/Veer/Library/Developer/Xcode/DerivedData/HearifyV1-ftljoypfezvlxcgouzbpmsmxzads/Build/Products/Debug-iphoneos/PackageFrameworks -F /Users/Veer/Library/Developer/Xcode/DerivedData/HearifyV1-ftljoypfezvlxcgouzbpmsmxzads/Build/Products/Debug-iphoneos/PackageFrameworks -F /Users/Veer/Library/Developer/Xcode/DerivedData/HearifyV1-ftljoypfezvlxcgouzbpmsmxzads/Build/Products/Debug-iphoneos/PackageFrameworks -F /Users/Veer/Library/Developer/Xcode/DerivedData/HearifyV1-ftljoypfezvlxcgouzbpmsmxzads/Build/Products/Debug-iphoneos/PackageFrameworks -F /Users/Veer/Library/Developer/Xcode/DerivedData/HearifyV1-ftljoypfezvlxcgouzbpmsmxzads/Build/Products/Debug-iphoneos/PackageFrameworks -F /Users/Veer/Library/Developer/Xcode/DerivedData/HearifyV1-ftljoypfezvlxcgouzbpmsmxzads/Build/Products/Debug-iphoneos/PackageFrameworks -F /Users/Veer/Library/Developer/Xcode/DerivedData/HearifyV1-ftljoypfezvlxcgouzbpmsmxzads/Build/Products/Debug-iphoneos/PackageFrameworks -F /Users/Veer/Library/Developer/Xcode/DerivedData/HearifyV1-ftljoypfezvlxcgouzbpmsmxzads/Build/Products/Debug-iphoneos/PackageFrameworks -F /Users/Veer/Library/Developer/Xcode/DerivedData/HearifyV1-ftljoypfezvlxcgouzbpmsmxzads/Build/Products/Debug-iphoneos/PackageFrameworks -F /Users/Veer/Library/Developer/Xcode/DerivedData/HearifyV1-ftljoypfezvlxcgouzbpmsmxzads/Build/Products/Debug-iphoneos -F /Applications/Xcode.app/Contents/Developer/Platforms/iPhoneOS.platform/Developer/Library/Frameworks -F /Applications/Xcode.app/Contents/Developer/Platforms/iPhoneOS.platform/Developer/SDKs/iPhoneOS26.2.sdk/Developer/Library/Frameworks -c -j10 -enable-batch-mode -incremental -Xcc -ivfsstatcache -Xcc /Users/Veer/Library/Developer/Xcode/DerivedData/SDKStatCaches.noindex/iphoneos26.2-23C53-3794476bd08197c3e2abd9bb477ef7f7.sdkstatcache -output-file-map /Users/Veer/Library/Developer/Xcode/DerivedData/HearifyV1-ftljoypfezvlxcgouzbpmsmxzads/Build/Intermediates.noindex/Firebase.build/Debug-iphoneos/FirebaseAuth.build/Objects-normal/arm64/FirebaseAuth-OutputFileMap.json -use-frontend-parseable-output -save-temps -no-color-diagnostics -explicit-module-build -module-cache-path /Users/Veer/Library/Developer/Xcode/DerivedData/HearifyV1-ftljoypfezvlxcgouzbpmsmxzads/Build/Intermediates.noindex/SwiftExplicitPrecompiledModules -clang-scanner-module-cache-path /Users/Veer/Library/Developer/Xcode/DerivedData/ModuleCache.noindex -sdk-module-cache-path /Users/Veer/Library/Developer/Xcode/DerivedData/ModuleCache.noindex -serialize-diagnostics -emit-dependencies -emit-module -emit-module-path /Users/Veer/Library/Developer/Xcode/DerivedData/HearifyV1-ftljoypfezvlxcgouzbpmsmxzads/Build/Intermediates.noindex/Firebase.build/Debug-iphoneos/FirebaseAuth.build/Objects-normal/arm64/FirebaseAuth.swiftmodule -user-module-version 12.8.0 -validate-clang-modules-once -clang-build-session-file /Users/Veer/Library/Developer/Xcode/DerivedData/ModuleCache.noindex/Session.modulevalidation -package-name firebase_ios_sdk -Xcc -I/Users/Veer/Library/Developer/Xcode/DerivedData/HearifyV1-ftljoypfezvlxcgouzbpmsmxzads/Build/Intermediates.noindex/Firebase.build/Debug-iphoneos/FirebaseAuth.build/swift-overrides.hmap -emit-const-values -Xfrontend -const-gather-protocols-file -Xfrontend /Users/Veer/Library/Developer/Xcode/DerivedData/HearifyV1-ftljoypfezvlxcgouzbpmsmxzads/Build/Intermediates.noindex/Firebase.build/Debug-iphoneos/FirebaseAuth.build/Objects-normal/arm64/FirebaseAuth_const_extract_protocols.json -Xcc -I/Users/Veer/Library/Developer/Xcode/DerivedData/HearifyV1-ftljoypfezvlxcgouzbpmsmxzads/SourcePackages/checkouts/interop-ios-for-google-sdks/RecaptchaEnterprise/RecaptchaInterop/Public -Xcc -I/Users/Veer/Library/Developer/Xcode/DerivedData/HearifyV1-ftljoypfezvlxcgouzbpmsmxzads/SourcePackages/checkouts/GoogleUtilities/GoogleUtilities/Network/Public -Xcc -I/Users/Veer/Library/Developer/Xcode/DerivedData/HearifyV1-ftljoypfezvlxcgouzbpmsmxzads/SourcePackages/checkouts/GoogleUtilities/GoogleUtilities/Reachability/Public -Xcc -I/Users/Veer/Library/Developer/Xcode/DerivedData/HearifyV1-ftljoypfezvlxcgouzbpmsmxzads/SourcePackages/checkouts/GoogleUtilities/GoogleUtilities/NSData+zlib/Public -Xcc -I/Users/Veer/Library/Developer/Xcode/DerivedData/HearifyV1-ftljoypfezvlxcgouzbpmsmxzads/SourcePackages/checkouts/GoogleUtilities/GoogleUtilities/Logger/Public -Xcc -I/Users/Veer/Library/Developer/Xcode/DerivedData/HearifyV1-ftljoypfezvlxcgouzbpmsmxzads/SourcePackages/checkouts/GoogleUtilities/GoogleUtilities/Environment/Public -Xcc -I/Users/Veer/Library/Developer/Xcode/DerivedData/HearifyV1-ftljoypfezvlxcgouzbpmsmxzads/SourcePackages/checkouts/GoogleUtilities/third_party/IsAppEncrypted/Public -Xcc -I/Users/Veer/Library/Developer/Xcode/DerivedData/HearifyV1-ftljoypfezvlxcgouzbpmsmxzads/SourcePackages/checkouts/GoogleUtilities/GoogleUtilities/AppDelegateSwizzler/Public -Xcc -I/Users/Veer/Library/Developer/Xcode/DerivedData/HearifyV1-ftljoypfezvlxcgouzbpmsmxzads/SourcePackages/checkouts/gtm-session-fetcher/Sources/Core/Public -Xcc -I/Users/Veer/Library/Developer/Xcode/DerivedData/HearifyV1-ftljoypfezvlxcgouzbpmsmxzads/SourcePackages/checkouts/firebase-ios-sdk/FirebaseCore/Extension -Xcc -I/Users/Veer/Library/Developer/Xcode/DerivedData/HearifyV1-ftljoypfezvlxcgouzbpmsmxzads/SourcePackages/checkouts/firebase-ios-sdk/FirebaseCore/Sources/Public -Xcc -I/Users/Veer/Library/Developer/Xcode/DerivedData/HearifyV1-ftljoypfezvlxcgouzbpmsmxzads/SourcePackages/checkouts/firebase-ios-sdk/CoreOnly/Sources -Xcc -I/Users/Veer/Library/Developer/Xcode/DerivedData/HearifyV1-ftljoypfezvlxcgouzbpmsmxzads/SourcePackages/checkouts/firebase-ios-sdk/FirebaseAuth/Sources/Public -Xcc -I/Users/Veer/Library/Developer/Xcode/DerivedData/HearifyV1-ftljoypfezvlxcgouzbpmsmxzads/SourcePackages/checkouts/firebase-ios-sdk/FirebaseAuth/Interop/Public -Xcc -I/Users/Veer/Library/Developer/Xcode/DerivedData/HearifyV1-ftljoypfezvlxcgouzbpmsmxzads/SourcePackages/checkouts/firebase-ios-sdk/FirebaseAppCheck/Interop/Public -Xcc -I/Users/Veer/Library/Developer/Xcode/DerivedData/HearifyV1-ftljoypfezvlxcgouzbpmsmxzads/Build/Products/Debug-iphoneos/include -Xcc -I/Users/Veer/Library/Developer/Xcode/DerivedData/HearifyV1-ftljoypfezvlxcgouzbpmsmxzads/Build/Intermediates.noindex/Firebase.build/Debug-iphoneos/FirebaseAuth.build/DerivedSources-normal/arm64 -Xcc -I/Users/Veer/Library/Developer/Xcode/DerivedData/HearifyV1-ftljoypfezvlxcgouzbpmsmxzads/Build/Intermediates.noindex/Firebase.build/Debug-iphoneos/FirebaseAuth.build/DerivedSources/arm64 -Xcc -I/Users/Veer/Library/Developer/Xcode/DerivedData/HearifyV1-ftljoypfezvlxcgouzbpmsmxzads/Build/Intermediates.noindex/Firebase.build/Debug-iphoneos/FirebaseAuth.build/DerivedSources -Xcc -DSWIFT_PACKAGE -Xcc -DDEBUG\=1 -emit-objc-header -emit-objc-header-path /Users/Veer/Library/Developer/Xcode/DerivedData/HearifyV1-ftljoypfezvlxcgouzbpmsmxzads/Build/Intermediates.noindex/Firebase.build/Debug-iphoneos/FirebaseAuth.build/Objects-normal/arm64/FirebaseAuth-Swift.h -working-directory /Users/Veer/Library/Mobile\ Documents/com\~apple\~CloudDocs/HearifyV1/HearifyV1.xcodeproj -experimental-emit-module-separately -disable-cmo

PrecompileModule /Users/Veer/Library/Developer/Xcode/DerivedData/HearifyV1-ftljoypfezvlxcgouzbpmsmxzads/Build/Intermediates.noindex/ExplicitPrecompiledModules/_DarwinFoundation2-DVNDQK6LY9TNLKL3DF4VMIFPC.scan
    cd /
    builtin-precompileModule /Users/Veer/Library/Developer/Xcode/DerivedData/HearifyV1-ftljoypfezvlxcgouzbpmsmxzads/Build/Intermediates.noindex/ExplicitPrecompiledModules/_DarwinFoundation2-DVNDQK6LY9TNLKL3DF4VMIFPC.scan

PrecompileModule /Users/Veer/Library/Developer/Xcode/DerivedData/HearifyV1-ftljoypfezvlxcgouzbpmsmxzads/Build/Intermediates.noindex/ExplicitPrecompiledModules/_Builtin_limits-DWFU58BKPZVS24V5GKFBVUT8Q.scan
    cd /
    builtin-precompileModule /Users/Veer/Library/Developer/Xcode/DerivedData/HearifyV1-ftljoypfezvlxcgouzbpmsmxzads/Build/Intermediates.noindex/ExplicitPrecompiledModules/_Builtin_limits-DWFU58BKPZVS24V5GKFBVUT8Q.scan

SwiftDriverJobDiscovery normal arm64 Compiling HeartbeatsPayload.swift, RingBuffer.swift (in target 'FirebaseCoreInternal' from project 'Firebase')

SwiftDriver\ Compilation FirebaseCoreInternal normal arm64 com.apple.xcode.tools.swift.compiler (in target 'FirebaseCoreInternal' from project 'Firebase')
    cd /Users/Veer/Library/Mobile\ Documents/com\~apple\~CloudDocs/HearifyV1/HearifyV1.xcodeproj
    builtin-Swift-Compilation -- /Applications/Xcode.app/Contents/Developer/Toolchains/XcodeDefault.xctoolchain/usr/bin/swiftc -module-name FirebaseCoreInternal -Onone -enforce-exclusivity\=checked @/Users/Veer/Library/Developer/Xcode/DerivedData/HearifyV1-ftljoypfezvlxcgouzbpmsmxzads/Build/Intermediates.noindex/Firebase.build/Debug-iphoneos/FirebaseCoreInternal.build/Objects-normal/arm64/FirebaseCoreInternal.SwiftFileList -DSWIFT_PACKAGE -DDEBUG -DSWIFT_MODULE_RESOURCE_BUNDLE_AVAILABLE -Xcc -fmodule-map-file\=/Users/Veer/Library/Developer/Xcode/DerivedData/HearifyV1-ftljoypfezvlxcgouzbpmsmxzads/Build/Intermediates.noindex/GeneratedModuleMaps-iphoneos/GoogleUtilities-NSData.modulemap -DXcode -plugin-path /Applications/Xcode.app/Contents/Developer/Toolchains/XcodeDefault.xctoolchain/usr/lib/swift/host/plugins/testing -enable-experimental-feature DebugDescriptionMacro -sdk /Applications/Xcode.app/Contents/Developer/Platforms/iPhoneOS.platform/Developer/SDKs/iPhoneOS26.2.sdk -target arm64-apple-ios15.0 -g -module-cache-path /Users/Veer/Library/Developer/Xcode/DerivedData/ModuleCache.noindex -Xfrontend -serialize-debugging-options -profile-coverage-mapping -profile-generate -enable-testing -suppress-warnings -index-store-path /Users/Veer/Library/Developer/Xcode/DerivedData/HearifyV1-ftljoypfezvlxcgouzbpmsmxzads/Index.noindex/DataStore -Xcc -D_LIBCPP_HARDENING_MODE\=_LIBCPP_HARDENING_MODE_DEBUG -swift-version 6 -I /Users/Veer/Library/Developer/Xcode/DerivedData/HearifyV1-ftljoypfezvlxcgouzbpmsmxzads/Build/Products/Debug-iphoneos -Isystem /Applications/Xcode.app/Contents/Developer/Platforms/iPhoneOS.platform/Developer/usr/lib -F /Users/Veer/Library/Developer/Xcode/DerivedData/HearifyV1-ftljoypfezvlxcgouzbpmsmxzads/Build/Products/Debug-iphoneos/PackageFrameworks -F /Users/Veer/Library/Developer/Xcode/DerivedData/HearifyV1-ftljoypfezvlxcgouzbpmsmxzads/Build/Products/Debug-iphoneos -F /Applications/Xcode.app/Contents/Developer/Platforms/iPhoneOS.platform/Developer/Library/Frameworks -F /Applications/Xcode.app/Contents/Developer/Platforms/iPhoneOS.platform/Developer/SDKs/iPhoneOS26.2.sdk/Developer/Library/Frameworks -c -j10 -enable-batch-mode -incremental -Xcc -ivfsstatcache -Xcc /Users/Veer/Library/Developer/Xcode/DerivedData/SDKStatCaches.noindex/iphoneos26.2-23C53-3794476bd08197c3e2abd9bb477ef7f7.sdkstatcache -output-file-map /Users/Veer/Library/Developer/Xcode/DerivedData/HearifyV1-ftljoypfezvlxcgouzbpmsmxzads/Build/Intermediates.noindex/Firebase.build/Debug-iphoneos/FirebaseCoreInternal.build/Objects-normal/arm64/FirebaseCoreInternal-OutputFileMap.json -use-frontend-parseable-output -save-temps -no-color-diagnostics -explicit-module-build -module-cache-path /Users/Veer/Library/Developer/Xcode/DerivedData/HearifyV1-ftljoypfezvlxcgouzbpmsmxzads/Build/Intermediates.noindex/SwiftExplicitPrecompiledModules -clang-scanner-module-cache-path /Users/Veer/Library/Developer/Xcode/DerivedData/ModuleCache.noindex -sdk-module-cache-path /Users/Veer/Library/Developer/Xcode/DerivedData/ModuleCache.noindex -serialize-diagnostics -emit-dependencies -emit-module -emit-module-path /Users/Veer/Library/Developer/Xcode/DerivedData/HearifyV1-ftljoypfezvlxcgouzbpmsmxzads/Build/Intermediates.noindex/Firebase.build/Debug-iphoneos/FirebaseCoreInternal.build/Objects-normal/arm64/FirebaseCoreInternal.swiftmodule -user-module-version 12.8.0 -validate-clang-modules-once -clang-build-session-file /Users/Veer/Library/Developer/Xcode/DerivedData/ModuleCache.noindex/Session.modulevalidation -package-name firebase_ios_sdk -Xcc -I/Users/Veer/Library/Developer/Xcode/DerivedData/HearifyV1-ftljoypfezvlxcgouzbpmsmxzads/Build/Intermediates.noindex/Firebase.build/Debug-iphoneos/FirebaseCoreInternal.build/swift-overrides.hmap -emit-const-values -Xfrontend -const-gather-protocols-file -Xfrontend /Users/Veer/Library/Developer/Xcode/DerivedData/HearifyV1-ftljoypfezvlxcgouzbpmsmxzads/Build/Intermediates.noindex/Firebase.build/Debug-iphoneos/FirebaseCoreInternal.build/Objects-normal/arm64/FirebaseCoreInternal_const_extract_protocols.json -Xcc -I/Users/Veer/Library/Developer/Xcode/DerivedData/HearifyV1-ftljoypfezvlxcgouzbpmsmxzads/SourcePackages/checkouts/GoogleUtilities/GoogleUtilities/NSData+zlib/Public -Xcc -I/Users/Veer/Library/Developer/Xcode/DerivedData/HearifyV1-ftljoypfezvlxcgouzbpmsmxzads/Build/Products/Debug-iphoneos/include -Xcc -I/Users/Veer/Library/Developer/Xcode/DerivedData/HearifyV1-ftljoypfezvlxcgouzbpmsmxzads/Build/Intermediates.noindex/Firebase.build/Debug-iphoneos/FirebaseCoreInternal.build/DerivedSources-normal/arm64 -Xcc -I/Users/Veer/Library/Developer/Xcode/DerivedData/HearifyV1-ftljoypfezvlxcgouzbpmsmxzads/Build/Intermediates.noindex/Firebase.build/Debug-iphoneos/FirebaseCoreInternal.build/DerivedSources/arm64 -Xcc -I/Users/Veer/Library/Developer/Xcode/DerivedData/HearifyV1-ftljoypfezvlxcgouzbpmsmxzads/Build/Intermediates.noindex/Firebase.build/Debug-iphoneos/FirebaseCoreInternal.build/DerivedSources -Xcc -DSWIFT_PACKAGE -Xcc -DDEBUG\=1 -emit-objc-header -emit-objc-header-path /Users/Veer/Library/Developer/Xcode/DerivedData/HearifyV1-ftljoypfezvlxcgouzbpmsmxzads/Build/Intermediates.noindex/Firebase.build/Debug-iphoneos/FirebaseCoreInternal.build/Objects-normal/arm64/FirebaseCoreInternal-Swift.h -working-directory /Users/Veer/Library/Mobile\ Documents/com\~apple\~CloudDocs/HearifyV1/HearifyV1.xcodeproj -experimental-emit-module-separately -disable-cmo

PrecompileModule /Users/Veer/Library/Developer/Xcode/DerivedData/HearifyV1-ftljoypfezvlxcgouzbpmsmxzads/Build/Intermediates.noindex/ExplicitPrecompiledModules/_Builtin_stdint-23DCQ0XISH7IT9FN90ELHT6MY.scan
    cd /
    builtin-precompileModule /Users/Veer/Library/Developer/Xcode/DerivedData/HearifyV1-ftljoypfezvlxcgouzbpmsmxzads/Build/Intermediates.noindex/ExplicitPrecompiledModules/_Builtin_stdint-23DCQ0XISH7IT9FN90ELHT6MY.scan

Ld /Users/Veer/Library/Developer/Xcode/DerivedData/HearifyV1-ftljoypfezvlxcgouzbpmsmxzads/Build/Products/Debug-iphoneos/FirebaseCoreInternal.o normal (in target 'FirebaseCoreInternal' from project 'Firebase')
    cd /Users/Veer/Library/Developer/Xcode/DerivedData/HearifyV1-ftljoypfezvlxcgouzbpmsmxzads/SourcePackages/checkouts/firebase-ios-sdk
    /Applications/Xcode.app/Contents/Developer/Toolchains/XcodeDefault.xctoolchain/usr/bin/clang -Xlinker -reproducible -target arm64-apple-ios15.0 -r -isysroot /Applications/Xcode.app/Contents/Developer/Platforms/iPhoneOS.platform/Developer/SDKs/iPhoneOS26.2.sdk -O0 -w -L/Users/Veer/Library/Developer/Xcode/DerivedData/HearifyV1-ftljoypfezvlxcgouzbpmsmxzads/Build/Intermediates.noindex/EagerLinkingTBDs/Debug-iphoneos -L/Users/Veer/Library/Developer/Xcode/DerivedData/HearifyV1-ftljoypfezvlxcgouzbpmsmxzads/Build/Products/Debug-iphoneos -L/Applications/Xcode.app/Contents/Developer/Platforms/iPhoneOS.platform/Developer/usr/lib -F/Users/Veer/Library/Developer/Xcode/DerivedData/HearifyV1-ftljoypfezvlxcgouzbpmsmxzads/Build/Intermediates.noindex/EagerLinkingTBDs/Debug-iphoneos -F/Users/Veer/Library/Developer/Xcode/DerivedData/HearifyV1-ftljoypfezvlxcgouzbpmsmxzads/Build/Products/Debug-iphoneos/PackageFrameworks -F/Users/Veer/Library/Developer/Xcode/DerivedData/HearifyV1-ftljoypfezvlxcgouzbpmsmxzads/Build/Products/Debug-iphoneos -iframework /Applications/Xcode.app/Contents/Developer/Platforms/iPhoneOS.platform/Developer/Library/Frameworks -iframework /Applications/Xcode.app/Contents/Developer/Platforms/iPhoneOS.platform/Developer/SDKs/iPhoneOS26.2.sdk/Developer/Library/Frameworks -filelist /Users/Veer/Library/Developer/Xcode/DerivedData/HearifyV1-ftljoypfezvlxcgouzbpmsmxzads/Build/Intermediates.noindex/Firebase.build/Debug-iphoneos/FirebaseCoreInternal.build/Objects-normal/arm64/FirebaseCoreInternal.LinkFileList -nostdlib -Xlinker -object_path_lto -Xlinker /Users/Veer/Library/Developer/Xcode/DerivedData/HearifyV1-ftljoypfezvlxcgouzbpmsmxzads/Build/Intermediates.noindex/Firebase.build/Debug-iphoneos/FirebaseCoreInternal.build/Objects-normal/arm64/FirebaseCoreInternal_lto.o -rdynamic -Xlinker -no_deduplicate -Xlinker -debug_variant -Xlinker -dependency_info -Xlinker /Users/Veer/Library/Developer/Xcode/DerivedData/HearifyV1-ftljoypfezvlxcgouzbpmsmxzads/Build/Intermediates.noindex/Firebase.build/Debug-iphoneos/FirebaseCoreInternal.build/Objects-normal/arm64/FirebaseCoreInternal_dependency_info.dat -fobjc-link-runtime -L/Applications/Xcode.app/Contents/Developer/Toolchains/XcodeDefault.xctoolchain/usr/lib/swift/iphoneos -L/usr/lib/swift -Xlinker -add_ast_path -Xlinker /Users/Veer/Library/Developer/Xcode/DerivedData/HearifyV1-ftljoypfezvlxcgouzbpmsmxzads/Build/Intermediates.noindex/Firebase.build/Debug-iphoneos/FirebaseCoreInternal.build/Objects-normal/arm64/FirebaseCoreInternal.swiftmodule @/Users/Veer/Library/Developer/Xcode/DerivedData/HearifyV1-ftljoypfezvlxcgouzbpmsmxzads/Build/Intermediates.noindex/Firebase.build/Debug-iphoneos/FirebaseCoreInternal.build/Objects-normal/arm64/FirebaseCoreInternal-linker-args.resp -o /Users/Veer/Library/Developer/Xcode/DerivedData/HearifyV1-ftljoypfezvlxcgouzbpmsmxzads/Build/Products/Debug-iphoneos/FirebaseCoreInternal.o

PrecompileModule /Users/Veer/Library/Developer/Xcode/DerivedData/HearifyV1-ftljoypfezvlxcgouzbpmsmxzads/Build/Intermediates.noindex/ExplicitPrecompiledModules/_DarwinFoundation3-8X6A0F9FAO7FD1MSGQFOUA6M.scan
    cd /
    builtin-precompileModule /Users/Veer/Library/Developer/Xcode/DerivedData/HearifyV1-ftljoypfezvlxcgouzbpmsmxzads/Build/Intermediates.noindex/ExplicitPrecompiledModules/_DarwinFoundation3-8X6A0F9FAO7FD1MSGQFOUA6M.scan

ExtractAppIntentsMetadata (in target 'FirebaseCoreInternal' from project 'Firebase')
    cd /Users/Veer/Library/Developer/Xcode/DerivedData/HearifyV1-ftljoypfezvlxcgouzbpmsmxzads/SourcePackages/checkouts/firebase-ios-sdk
    /Applications/Xcode.app/Contents/Developer/Toolchains/XcodeDefault.xctoolchain/usr/bin/appintentsmetadataprocessor --toolchain-dir /Applications/Xcode.app/Contents/Developer/Toolchains/XcodeDefault.xctoolchain --module-name FirebaseCoreInternal --sdk-root /Applications/Xcode.app/Contents/Developer/Platforms/iPhoneOS.platform/Developer/SDKs/iPhoneOS26.2.sdk --xcode-version 17C52 --platform-family iOS --deployment-target 15.0 --bundle-identifier firebase-ios-sdk.FirebaseCoreInternal --output /Users/Veer/Library/Developer/Xcode/DerivedData/HearifyV1-ftljoypfezvlxcgouzbpmsmxzads/Build/Products/Debug-iphoneos/FirebaseCoreInternal.appintents --target-triple arm64-apple-ios15.0 --binary-file /Users/Veer/Library/Developer/Xcode/DerivedData/HearifyV1-ftljoypfezvlxcgouzbpmsmxzads/Build/Products/Debug-iphoneos/FirebaseCoreInternal.o --dependency-file /Users/Veer/Library/Developer/Xcode/DerivedData/HearifyV1-ftljoypfezvlxcgouzbpmsmxzads/Build/Intermediates.noindex/Firebase.build/Debug-iphoneos/FirebaseCoreInternal.build/Objects-normal/arm64/FirebaseCoreInternal_dependency_info.dat --stringsdata-file /Users/Veer/Library/Developer/Xcode/DerivedData/HearifyV1-ftljoypfezvlxcgouzbpmsmxzads/Build/Intermediates.noindex/Firebase.build/Debug-iphoneos/FirebaseCoreInternal.build/Objects-normal/arm64/ExtractedAppShortcutsMetadata.stringsdata --source-file-list /Users/Veer/Library/Developer/Xcode/DerivedData/HearifyV1-ftljoypfezvlxcgouzbpmsmxzads/Build/Intermediates.noindex/Firebase.build/Debug-iphoneos/FirebaseCoreInternal.build/Objects-normal/arm64/FirebaseCoreInternal.SwiftFileList --metadata-file-list /Users/Veer/Library/Developer/Xcode/DerivedData/HearifyV1-ftljoypfezvlxcgouzbpmsmxzads/Build/Intermediates.noindex/Firebase.build/Debug-iphoneos/FirebaseCoreInternal.build/FirebaseCoreInternal.DependencyMetadataFileList --static-metadata-file-list /Users/Veer/Library/Developer/Xcode/DerivedData/HearifyV1-ftljoypfezvlxcgouzbpmsmxzads/Build/Intermediates.noindex/Firebase.build/Debug-iphoneos/FirebaseCoreInternal.build/FirebaseCoreInternal.DependencyStaticMetadataFileList --swift-const-vals-list /Users/Veer/Library/Developer/Xcode/DerivedData/HearifyV1-ftljoypfezvlxcgouzbpmsmxzads/Build/Intermediates.noindex/Firebase.build/Debug-iphoneos/FirebaseCoreInternal.build/Objects-normal/arm64/FirebaseCoreInternal.SwiftConstValuesFileList --force --compile-time-extraction --deployment-aware-processing --validate-assistant-intents --no-app-shortcuts-localization
2026-02-02 01:04:18.654 appintentsmetadataprocessor[53543:9873393] Starting appintentsmetadataprocessor export
2026-02-02 01:04:20.263 appintentsmetadataprocessor[53543:9873393] Extracted no relevant App Intents symbols, skipping writing output

PrecompileModule /Users/Veer/Library/Developer/Xcode/DerivedData/HearifyV1-ftljoypfezvlxcgouzbpmsmxzads/Build/Intermediates.noindex/ExplicitPrecompiledModules/_Builtin_inttypes-52PUFUBU5UE2FWLWS073LDSN6.scan
    cd /
    builtin-precompileModule /Users/Veer/Library/Developer/Xcode/DerivedData/HearifyV1-ftljoypfezvlxcgouzbpmsmxzads/Build/Intermediates.noindex/ExplicitPrecompiledModules/_Builtin_inttypes-52PUFUBU5UE2FWLWS073LDSN6.scan

PrecompileModule /Users/Veer/Library/Developer/Xcode/DerivedData/HearifyV1-ftljoypfezvlxcgouzbpmsmxzads/Build/Intermediates.noindex/ExplicitPrecompiledModules/Darwin-2VRN8UM9UNJ58HUR0ITQR3LED.scan
    cd /
    builtin-precompileModule /Users/Veer/Library/Developer/Xcode/DerivedData/HearifyV1-ftljoypfezvlxcgouzbpmsmxzads/Build/Intermediates.noindex/ExplicitPrecompiledModules/Darwin-2VRN8UM9UNJ58HUR0ITQR3LED.scan

RegisterExecutionPolicyException /Users/Veer/Library/Developer/Xcode/DerivedData/HearifyV1-ftljoypfezvlxcgouzbpmsmxzads/Build/Products/Debug-iphoneos/FirebaseCoreInternal.o (in target 'FirebaseCoreInternal' from project 'Firebase')
    cd /Users/Veer/Library/Developer/Xcode/DerivedData/HearifyV1-ftljoypfezvlxcgouzbpmsmxzads/SourcePackages/checkouts/firebase-ios-sdk
    builtin-RegisterExecutionPolicyException /Users/Veer/Library/Developer/Xcode/DerivedData/HearifyV1-ftljoypfezvlxcgouzbpmsmxzads/Build/Products/Debug-iphoneos/FirebaseCoreInternal.o

PrecompileModule /Users/Veer/Library/Developer/Xcode/DerivedData/HearifyV1-ftljoypfezvlxcgouzbpmsmxzads/Build/Intermediates.noindex/ExplicitPrecompiledModules/ObjectiveC-GQOAL4TZ4FSHZ9UG05I2TUI7.scan
    cd /
    builtin-precompileModule /Users/Veer/Library/Developer/Xcode/DerivedData/HearifyV1-ftljoypfezvlxcgouzbpmsmxzads/Build/Intermediates.noindex/ExplicitPrecompiledModules/ObjectiveC-GQOAL4TZ4FSHZ9UG05I2TUI7.scan

SwiftExplicitDependencyGeneratePcm arm64 /Users/Veer/Library/Developer/Xcode/DerivedData/HearifyV1-ftljoypfezvlxcgouzbpmsmxzads/Build/Intermediates.noindex/SwiftExplicitPrecompiledModules/FirebaseCore-8FE0BBP49M6LUB9ZSBEQNJKAH.pcm

SwiftExplicitDependencyGeneratePcm arm64 /Users/Veer/Library/Developer/Xcode/DerivedData/HearifyV1-ftljoypfezvlxcgouzbpmsmxzads/Build/Intermediates.noindex/SwiftExplicitPrecompiledModules/FirebaseAppCheckInterop-CQM2YVUEAB0L34RHSLJAQ8Q8M.pcm

SwiftExplicitDependencyGeneratePcm arm64 /Users/Veer/Library/Developer/Xcode/DerivedData/ModuleCache.noindex/MachO-9A67TWCH6F839Y5UJC0FDZGUC.pcm

SwiftExplicitDependencyGeneratePcm arm64 /Users/Veer/Library/Developer/Xcode/DerivedData/ModuleCache.noindex/UIUtilities-7IDAF1LWVTGDOG0VSUK6G87JC.pcm

SwiftExplicitDependencyGeneratePcm arm64 /Users/Veer/Library/Developer/Xcode/DerivedData/ModuleCache.noindex/CoreServices-AERZJ7A7EFRNPKXVW67SM0V0Z.pcm

SwiftExplicitDependencyGeneratePcm arm64 /Users/Veer/Library/Developer/Xcode/DerivedData/ModuleCache.noindex/_Builtin_stdatomic-4B34EMPXT0901PBGSHBOPT418.pcm

SwiftExplicitDependencyGeneratePcm arm64 /Users/Veer/Library/Developer/Xcode/DerivedData/ModuleCache.noindex/UserNotifications-DQG5BRL7EQN0TZ13VUS6Z0VFK.pcm

SwiftExplicitDependencyGeneratePcm arm64 /Users/Veer/Library/Developer/Xcode/DerivedData/ModuleCache.noindex/DataDetection-4WVF5TCELYXID27TNMMOM2JZ7.pcm

SwiftExplicitDependencyGeneratePcm arm64 /Users/Veer/Library/Developer/Xcode/DerivedData/ModuleCache.noindex/IOSurface-DL1XHMHV7LHRBCCDVWIK7KKRO.pcm

SwiftExplicitDependencyGeneratePcm arm64 /Users/Veer/Library/Developer/Xcode/DerivedData/ModuleCache.noindex/CoreGraphics-6FAOJ65EMUWJ7KJV0A2ZIT0OI.pcm

SwiftExplicitDependencyGeneratePcm arm64 /Users/Veer/Library/Developer/Xcode/DerivedData/ModuleCache.noindex/MobileCoreServices-2XQSJLQKMJ1IUAX7IR7UVQTSS.pcm

SwiftExplicitDependencyGeneratePcm arm64 /Users/Veer/Library/Developer/Xcode/DerivedData/HearifyV1-ftljoypfezvlxcgouzbpmsmxzads/Build/Intermediates.noindex/SwiftExplicitPrecompiledModules/FirebaseCoreExtension-7HSTV140VN55NHWRCWJHTYM6E.pcm

SwiftExplicitDependencyGeneratePcm arm64 /Users/Veer/Library/Developer/Xcode/DerivedData/ModuleCache.noindex/DeveloperToolsSupport-DHYJ06RPBQPDVIPIUZ4G0ZNHA.pcm

SwiftExplicitDependencyGeneratePcm arm64 /Users/Veer/Library/Developer/Xcode/DerivedData/HearifyV1-ftljoypfezvlxcgouzbpmsmxzads/Build/Intermediates.noindex/SwiftExplicitPrecompiledModules/FirebaseAuthInterop-9KKT6AR86OYUY9Q3QIXCVCZ3G.pcm

SwiftExplicitDependencyGeneratePcm arm64 /Users/Veer/Library/Developer/Xcode/DerivedData/ModuleCache.noindex/Symbols-9LU03X6WYJGF12T1UAMGZXS3Y.pcm

SwiftExplicitDependencyGeneratePcm arm64 /Users/Veer/Library/Developer/Xcode/DerivedData/HearifyV1-ftljoypfezvlxcgouzbpmsmxzads/Build/Intermediates.noindex/SwiftExplicitPrecompiledModules/GoogleUtilities_Environment-77VLORJKLFXL6OSCUPXZ1P04N.pcm

SwiftExplicitDependencyGeneratePcm arm64 /Users/Veer/Library/Developer/Xcode/DerivedData/ModuleCache.noindex/os-BG8KXE9OC8UUEOYU3WMGC6YK9.pcm

SwiftExplicitDependencyGeneratePcm arm64 /Users/Veer/Library/Developer/Xcode/DerivedData/ModuleCache.noindex/CoreTransferable-DEQKG5CBY0JNA6SYYWKWJZV7A.pcm

SwiftExplicitDependencyGeneratePcm arm64 /Users/Veer/Library/Developer/Xcode/DerivedData/ModuleCache.noindex/UniformTypeIdentifiers-7QI4BTIXHZ4NE8XJLO7MNPRIZ.pcm

SwiftExplicitDependencyGeneratePcm arm64 /Users/Veer/Library/Developer/Xcode/DerivedData/ModuleCache.noindex/OpenGLES-8C3QT2OLZ4F2IU7H0H3TN2BIM.pcm

SwiftExplicitDependencyGeneratePcm arm64 /Users/Veer/Library/Developer/Xcode/DerivedData/ModuleCache.noindex/Metal-A5FBQ5HQCFG2U5HXO5KEVGZ1Y.pcm

PrecompileModule /Users/Veer/Library/Developer/Xcode/DerivedData/HearifyV1-ftljoypfezvlxcgouzbpmsmxzads/Build/Intermediates.noindex/ExplicitPrecompiledModules/os_object-554RMU7NKTIKFRBPAV2IUUUUI.scan
    cd /
    builtin-precompileModule /Users/Veer/Library/Developer/Xcode/DerivedData/HearifyV1-ftljoypfezvlxcgouzbpmsmxzads/Build/Intermediates.noindex/ExplicitPrecompiledModules/os_object-554RMU7NKTIKFRBPAV2IUUUUI.scan

SwiftExplicitDependencyGeneratePcm arm64 /Users/Veer/Library/Developer/Xcode/DerivedData/ModuleCache.noindex/_Builtin_intrinsics-8G16JQ6EFN5Z6ESH2SGX5W0GE.pcm

SwiftExplicitDependencyGeneratePcm arm64 /Users/Veer/Library/Developer/Xcode/DerivedData/ModuleCache.noindex/CoreData-8I4XDSI58QQRU7S3NV6MQECOG.pcm

SwiftExplicitDependencyGeneratePcm arm64 /Users/Veer/Library/Developer/Xcode/DerivedData/ModuleCache.noindex/_Builtin_tgmath-DLM6ZUMS8I17WX5AQBC9VBLCA.pcm

PrecompileModule /Users/Veer/Library/Developer/Xcode/DerivedData/HearifyV1-ftljoypfezvlxcgouzbpmsmxzads/Build/Intermediates.noindex/ExplicitPrecompiledModules/os_workgroup-62DEZSI0CKD0OSLDZYN0ILJ78.scan
    cd /
    builtin-precompileModule /Users/Veer/Library/Developer/Xcode/DerivedData/HearifyV1-ftljoypfezvlxcgouzbpmsmxzads/Build/Intermediates.noindex/ExplicitPrecompiledModules/os_workgroup-62DEZSI0CKD0OSLDZYN0ILJ78.scan

SwiftExplicitDependencyGeneratePcm arm64 /Users/Veer/Library/Developer/Xcode/DerivedData/ModuleCache.noindex/OSLog-AU88H8GRQ3W7GMHLSQKNOMUYT.pcm

PrecompileModule /Users/Veer/Library/Developer/Xcode/DerivedData/HearifyV1-ftljoypfezvlxcgouzbpmsmxzads/Build/Intermediates.noindex/ExplicitPrecompiledModules/Dispatch-EIEXM3DE010HGHNIHEPZC2Q54.scan
    cd /
    builtin-precompileModule /Users/Veer/Library/Developer/Xcode/DerivedData/HearifyV1-ftljoypfezvlxcgouzbpmsmxzads/Build/Intermediates.noindex/ExplicitPrecompiledModules/Dispatch-EIEXM3DE010HGHNIHEPZC2Q54.scan

SwiftExplicitDependencyGeneratePcm arm64 /Users/Veer/Library/Developer/Xcode/DerivedData/ModuleCache.noindex/ImageIO-D0LCJ3HNL16A7VOI8HDKDCJOW.pcm

SwiftExplicitDependencyGeneratePcm arm64 /Users/Veer/Library/Developer/Xcode/DerivedData/ModuleCache.noindex/Accessibility-1WPDNASFUDWA8F0E0Z11ZA8Q2.pcm

SwiftExplicitDependencyGeneratePcm arm64 /Users/Veer/Library/Developer/Xcode/DerivedData/ModuleCache.noindex/CoreText-5VPCORO4RDANZDC8KQW8SA50P.pcm

SwiftExplicitDependencyGeneratePcm arm64 /Users/Veer/Library/Developer/Xcode/DerivedData/ModuleCache.noindex/FileProvider-96GSJLTY6TZ007HE07QY0K7QV.pcm

PrecompileModule /Users/Veer/Library/Developer/Xcode/DerivedData/HearifyV1-ftljoypfezvlxcgouzbpmsmxzads/Build/Intermediates.noindex/ExplicitPrecompiledModules/CoreFoundation-7N9Z4F2LMPB19Z56UQ68YEE5M.scan
    cd /
    builtin-precompileModule /Users/Veer/Library/Developer/Xcode/DerivedData/HearifyV1-ftljoypfezvlxcgouzbpmsmxzads/Build/Intermediates.noindex/ExplicitPrecompiledModules/CoreFoundation-7N9Z4F2LMPB19Z56UQ68YEE5M.scan

PrecompileModule /Users/Veer/Library/Developer/Xcode/DerivedData/HearifyV1-ftljoypfezvlxcgouzbpmsmxzads/Build/Intermediates.noindex/ExplicitPrecompiledModules/XPC-EMAQFT3JDSQWT4E9KDGWD027C.scan
    cd /
    builtin-precompileModule /Users/Veer/Library/Developer/Xcode/DerivedData/HearifyV1-ftljoypfezvlxcgouzbpmsmxzads/Build/Intermediates.noindex/ExplicitPrecompiledModules/XPC-EMAQFT3JDSQWT4E9KDGWD027C.scan

PrecompileModule /Users/Veer/Library/Developer/Xcode/DerivedData/HearifyV1-ftljoypfezvlxcgouzbpmsmxzads/Build/Intermediates.noindex/ExplicitPrecompiledModules/Security-3Q6W9PDBQIBX8NKZTXC1BI2GF.scan
    cd /
    builtin-precompileModule /Users/Veer/Library/Developer/Xcode/DerivedData/HearifyV1-ftljoypfezvlxcgouzbpmsmxzads/Build/Intermediates.noindex/ExplicitPrecompiledModules/Security-3Q6W9PDBQIBX8NKZTXC1BI2GF.scan

PrecompileModule /Users/Veer/Library/Developer/Xcode/DerivedData/HearifyV1-ftljoypfezvlxcgouzbpmsmxzads/Build/Intermediates.noindex/ExplicitPrecompiledModules/CFNetwork-1SDF9MX2U1KKR0TQF60E6SD43.scan
    cd /
    builtin-precompileModule /Users/Veer/Library/Developer/Xcode/DerivedData/HearifyV1-ftljoypfezvlxcgouzbpmsmxzads/Build/Intermediates.noindex/ExplicitPrecompiledModules/CFNetwork-1SDF9MX2U1KKR0TQF60E6SD43.scan

PrecompileModule /Users/Veer/Library/Developer/Xcode/DerivedData/HearifyV1-ftljoypfezvlxcgouzbpmsmxzads/Build/Intermediates.noindex/ExplicitPrecompiledModules/CoreGraphics-ADCF7XX4R6QM3COVR68XW80IH.scan
    cd /
    builtin-precompileModule /Users/Veer/Library/Developer/Xcode/DerivedData/HearifyV1-ftljoypfezvlxcgouzbpmsmxzads/Build/Intermediates.noindex/ExplicitPrecompiledModules/CoreGraphics-ADCF7XX4R6QM3COVR68XW80IH.scan

PrecompileModule /Users/Veer/Library/Developer/Xcode/DerivedData/HearifyV1-ftljoypfezvlxcgouzbpmsmxzads/Build/Intermediates.noindex/ExplicitPrecompiledModules/Foundation-A1NSND6JDOE8E3TKI4DLLXBKH.scan
    cd /
    builtin-precompileModule /Users/Veer/Library/Developer/Xcode/DerivedData/HearifyV1-ftljoypfezvlxcgouzbpmsmxzads/Build/Intermediates.noindex/ExplicitPrecompiledModules/Foundation-A1NSND6JDOE8E3TKI4DLLXBKH.scan

PrecompileModule /Users/Veer/Library/Developer/Xcode/DerivedData/HearifyV1-ftljoypfezvlxcgouzbpmsmxzads/Build/Intermediates.noindex/ExplicitPrecompiledModules/ImageIO-9BXJTWY5QW8N2R5HBQ6M18Y5Z.scan
    cd /
    builtin-precompileModule /Users/Veer/Library/Developer/Xcode/DerivedData/HearifyV1-ftljoypfezvlxcgouzbpmsmxzads/Build/Intermediates.noindex/ExplicitPrecompiledModules/ImageIO-9BXJTWY5QW8N2R5HBQ6M18Y5Z.scan

PrecompileModule /Users/Veer/Library/Developer/Xcode/DerivedData/HearifyV1-ftljoypfezvlxcgouzbpmsmxzads/Build/Intermediates.noindex/ExplicitPrecompiledModules/CoreText-EEXBQH7THQYZ66MD8SKIUXYXH.scan
    cd /
    builtin-precompileModule /Users/Veer/Library/Developer/Xcode/DerivedData/HearifyV1-ftljoypfezvlxcgouzbpmsmxzads/Build/Intermediates.noindex/ExplicitPrecompiledModules/CoreText-EEXBQH7THQYZ66MD8SKIUXYXH.scan

SwiftExplicitDependencyGeneratePcm arm64 /Users/Veer/Library/Developer/Xcode/DerivedData/ModuleCache.noindex/CoreVideo-D0WMAK573VS7O4OZOJB0ZPJTW.pcm

SwiftExplicitDependencyGeneratePcm arm64 /Users/Veer/Library/Developer/Xcode/DerivedData/ModuleCache.noindex/simd-55LW7UROP8N99QUHNPGIXGETE.pcm

SwiftExplicitDependencyGeneratePcm arm64 /Users/Veer/Library/Developer/Xcode/DerivedData/ModuleCache.noindex/QuartzCore-2NDXKYSDURK0KFSNRQOSJ1GGA.pcm

SwiftExplicitDependencyGeneratePcm arm64 /Users/Veer/Library/Developer/Xcode/DerivedData/ModuleCache.noindex/CoreImage-1I4J9SL06MY4RSSHDOSFIQTWV.pcm

CompileC /Users/Veer/Library/Developer/Xcode/DerivedData/HearifyV1-ftljoypfezvlxcgouzbpmsmxzads/Build/Intermediates.noindex/Firebase.build/Debug-iphoneos/FirebaseCore.build/Objects-normal/arm64/resource_bundle_accessor.o /Users/Veer/Library/Developer/Xcode/DerivedData/HearifyV1-ftljoypfezvlxcgouzbpmsmxzads/Build/Intermediates.noindex/Firebase.build/Debug-iphoneos/FirebaseCore.build/DerivedSources/resource_bundle_accessor.m normal arm64 objective-c com.apple.compilers.llvm.clang.1_0.compiler (in target 'FirebaseCore' from project 'Firebase')
    cd /Users/Veer/Library/Mobile\ Documents/com\~apple\~CloudDocs/HearifyV1/HearifyV1.xcodeproj
    
    Using response file: /Users/Veer/Library/Developer/Xcode/DerivedData/HearifyV1-ftljoypfezvlxcgouzbpmsmxzads/Build/Intermediates.noindex/Firebase.build/Debug-iphoneos/FirebaseCore.build/Objects-normal/arm64/e6072d4f65d7061329687fe24e3d63a7-common-args.resp
    
    /Applications/Xcode.app/Contents/Developer/Toolchains/XcodeDefault.xctoolchain/usr/bin/clang -x objective-c -ivfsstatcache /Users/Veer/Library/Developer/Xcode/DerivedData/SDKStatCaches.noindex/iphoneos26.2-23C53-3794476bd08197c3e2abd9bb477ef7f7.sdkstatcache -fmessage-length\=0 -fdiagnostics-show-note-include-stack -fmacro-backtrace-limit\=0 -fno-color-diagnostics -fmodules-prune-interval\=86400 -fmodules-prune-after\=345600 -fbuild-session-file\=/Users/Veer/Library/Developer/Xcode/DerivedData/ModuleCache.noindex/Session.modulevalidation -fmodules-validate-once-per-build-session -Wnon-modular-include-in-framework-module -Werror\=non-modular-include-in-framework-module -Wno-trigraphs -Wno-missing-field-initializers -Wno-missing-prototypes -Wno-return-type -Wno-implicit-atomic-properties -Wno-objc-interface-ivars -Wno-arc-repeated-use-of-weak -Wno-missing-braces -Wparentheses -Wswitch -Wno-unused-function -Wno-unused-label -Wno-unused-parameter -Wno-unused-variable -Wunused-value -Wno-empty-body -Wno-uninitialized -Wno-unknown-pragmas -w -Wno-shadow -Wno-four-char-constants -Wno-conversion -Wno-constant-conversion -Wno-int-conversion -Wno-bool-conversion -Wno-enum-conversion -Wno-float-conversion -Wno-non-literal-null-conversion -Wno-objc-literal-conversion -Wshorten-64-to-32 -Wpointer-sign -Wno-newline-eof -Wno-selector -Wno-strict-selector-match -Wno-undeclared-selector -Wno-deprecated-implementations -Wno-implicit-fallthrough -fstrict-aliasing -Wprotocol -Wdeprecated-declarations -Wno-sign-conversion -Wno-infinite-recursion -Wno-comma -Wno-block-capture-autoreleasing -Wno-strict-prototypes -Wno-semicolon-before-method-body -index-store-path /Users/Veer/Library/Developer/Xcode/DerivedData/HearifyV1-ftljoypfezvlxcgouzbpmsmxzads/Index.noindex/DataStore @/Users/Veer/Library/Developer/Xcode/DerivedData/HearifyV1-ftljoypfezvlxcgouzbpmsmxzads/Build/Intermediates.noindex/Firebase.build/Debug-iphoneos/FirebaseCore.build/Objects-normal/arm64/e6072d4f65d7061329687fe24e3d63a7-common-args.resp -include /Users/Veer/Library/Developer/Xcode/DerivedData/HearifyV1-ftljoypfezvlxcgouzbpmsmxzads/Build/Intermediates.noindex/Firebase.build/Debug-iphoneos/FirebaseCore.build/DerivedSources/resource_bundle_accessor.h -MMD -MT dependencies -MF /Users/Veer/Library/Developer/Xcode/DerivedData/HearifyV1-ftljoypfezvlxcgouzbpmsmxzads/Build/Intermediates.noindex/Firebase.build/Debug-iphoneos/FirebaseCore.build/Objects-normal/arm64/resource_bundle_accessor.d --serialize-diagnostics /Users/Veer/Library/Developer/Xcode/DerivedData/HearifyV1-ftljoypfezvlxcgouzbpmsmxzads/Build/Intermediates.noindex/Firebase.build/Debug-iphoneos/FirebaseCore.build/Objects-normal/arm64/resource_bundle_accessor.dia -c /Users/Veer/Library/Developer/Xcode/DerivedData/HearifyV1-ftljoypfezvlxcgouzbpmsmxzads/Build/Intermediates.noindex/Firebase.build/Debug-iphoneos/FirebaseCore.build/DerivedSources/resource_bundle_accessor.m -o /Users/Veer/Library/Developer/Xcode/DerivedData/HearifyV1-ftljoypfezvlxcgouzbpmsmxzads/Build/Intermediates.noindex/Firebase.build/Debug-iphoneos/FirebaseCore.build/Objects-normal/arm64/resource_bundle_accessor.o -index-unit-output-path /Firebase.build/Debug-iphoneos/FirebaseCore.build/Objects-normal/arm64/resource_bundle_accessor.o

CompileC /Users/Veer/Library/Developer/Xcode/DerivedData/HearifyV1-ftljoypfezvlxcgouzbpmsmxzads/Build/Intermediates.noindex/Firebase.build/Debug-iphoneos/FirebaseCore.build/Objects-normal/arm64/FIRVersion.o /Users/Veer/Library/Developer/Xcode/DerivedData/HearifyV1-ftljoypfezvlxcgouzbpmsmxzads/SourcePackages/checkouts/firebase-ios-sdk/FirebaseCore/Sources/FIRVersion.m normal arm64 objective-c com.apple.compilers.llvm.clang.1_0.compiler (in target 'FirebaseCore' from project 'Firebase')
    cd /Users/Veer/Library/Mobile\ Documents/com\~apple\~CloudDocs/HearifyV1/HearifyV1.xcodeproj
    
    Using response file: /Users/Veer/Library/Developer/Xcode/DerivedData/HearifyV1-ftljoypfezvlxcgouzbpmsmxzads/Build/Intermediates.noindex/Firebase.build/Debug-iphoneos/FirebaseCore.build/Objects-normal/arm64/e6072d4f65d7061329687fe24e3d63a7-common-args.resp
    
    /Applications/Xcode.app/Contents/Developer/Toolchains/XcodeDefault.xctoolchain/usr/bin/clang -x objective-c -ivfsstatcache /Users/Veer/Library/Developer/Xcode/DerivedData/SDKStatCaches.noindex/iphoneos26.2-23C53-3794476bd08197c3e2abd9bb477ef7f7.sdkstatcache -fmessage-length\=0 -fdiagnostics-show-note-include-stack -fmacro-backtrace-limit\=0 -fno-color-diagnostics -fmodules-prune-interval\=86400 -fmodules-prune-after\=345600 -fbuild-session-file\=/Users/Veer/Library/Developer/Xcode/DerivedData/ModuleCache.noindex/Session.modulevalidation -fmodules-validate-once-per-build-session -Wnon-modular-include-in-framework-module -Werror\=non-modular-include-in-framework-module -Wno-trigraphs -Wno-missing-field-initializers -Wno-missing-prototypes -Wno-return-type -Wno-implicit-atomic-properties -Wno-objc-interface-ivars -Wno-arc-repeated-use-of-weak -Wno-missing-braces -Wparentheses -Wswitch -Wno-unused-function -Wno-unused-label -Wno-unused-parameter -Wno-unused-variable -Wunused-value -Wno-empty-body -Wno-uninitialized -Wno-unknown-pragmas -w -Wno-shadow -Wno-four-char-constants -Wno-conversion -Wno-constant-conversion -Wno-int-conversion -Wno-bool-conversion -Wno-enum-conversion -Wno-float-conversion -Wno-non-literal-null-conversion -Wno-objc-literal-conversion -Wshorten-64-to-32 -Wpointer-sign -Wno-newline-eof -Wno-selector -Wno-strict-selector-match -Wno-undeclared-selector -Wno-deprecated-implementations -Wno-implicit-fallthrough -fstrict-aliasing -Wprotocol -Wdeprecated-declarations -Wno-sign-conversion -Wno-infinite-recursion -Wno-comma -Wno-block-capture-autoreleasing -Wno-strict-prototypes -Wno-semicolon-before-method-body -index-store-path /Users/Veer/Library/Developer/Xcode/DerivedData/HearifyV1-ftljoypfezvlxcgouzbpmsmxzads/Index.noindex/DataStore @/Users/Veer/Library/Developer/Xcode/DerivedData/HearifyV1-ftljoypfezvlxcgouzbpmsmxzads/Build/Intermediates.noindex/Firebase.build/Debug-iphoneos/FirebaseCore.build/Objects-normal/arm64/e6072d4f65d7061329687fe24e3d63a7-common-args.resp -include /Users/Veer/Library/Developer/Xcode/DerivedData/HearifyV1-ftljoypfezvlxcgouzbpmsmxzads/Build/Intermediates.noindex/Firebase.build/Debug-iphoneos/FirebaseCore.build/DerivedSources/resource_bundle_accessor.h -MMD -MT dependencies -MF /Users/Veer/Library/Developer/Xcode/DerivedData/HearifyV1-ftljoypfezvlxcgouzbpmsmxzads/Build/Intermediates.noindex/Firebase.build/Debug-iphoneos/FirebaseCore.build/Objects-normal/arm64/FIRVersion.d --serialize-diagnostics /Users/Veer/Library/Developer/Xcode/DerivedData/HearifyV1-ftljoypfezvlxcgouzbpmsmxzads/Build/Intermediates.noindex/Firebase.build/Debug-iphoneos/FirebaseCore.build/Objects-normal/arm64/FIRVersion.dia -c /Users/Veer/Library/Developer/Xcode/DerivedData/HearifyV1-ftljoypfezvlxcgouzbpmsmxzads/SourcePackages/checkouts/firebase-ios-sdk/FirebaseCore/Sources/FIRVersion.m -o /Users/Veer/Library/Developer/Xcode/DerivedData/HearifyV1-ftljoypfezvlxcgouzbpmsmxzads/Build/Intermediates.noindex/Firebase.build/Debug-iphoneos/FirebaseCore.build/Objects-normal/arm64/FIRVersion.o -index-unit-output-path /Firebase.build/Debug-iphoneos/FirebaseCore.build/Objects-normal/arm64/FIRVersion.o

CompileC /Users/Veer/Library/Developer/Xcode/DerivedData/HearifyV1-ftljoypfezvlxcgouzbpmsmxzads/Build/Intermediates.noindex/Firebase.build/Debug-iphoneos/FirebaseCore.build/Objects-normal/arm64/FIRTimestamp.o /Users/Veer/Library/Developer/Xcode/DerivedData/HearifyV1-ftljoypfezvlxcgouzbpmsmxzads/SourcePackages/checkouts/firebase-ios-sdk/FirebaseCore/Sources/FIRTimestamp.m normal arm64 objective-c com.apple.compilers.llvm.clang.1_0.compiler (in target 'FirebaseCore' from project 'Firebase')
    cd /Users/Veer/Library/Mobile\ Documents/com\~apple\~CloudDocs/HearifyV1/HearifyV1.xcodeproj
    
    Using response file: /Users/Veer/Library/Developer/Xcode/DerivedData/HearifyV1-ftljoypfezvlxcgouzbpmsmxzads/Build/Intermediates.noindex/Firebase.build/Debug-iphoneos/FirebaseCore.build/Objects-normal/arm64/e6072d4f65d7061329687fe24e3d63a7-common-args.resp
    
    /Applications/Xcode.app/Contents/Developer/Toolchains/XcodeDefault.xctoolchain/usr/bin/clang -x objective-c -ivfsstatcache /Users/Veer/Library/Developer/Xcode/DerivedData/SDKStatCaches.noindex/iphoneos26.2-23C53-3794476bd08197c3e2abd9bb477ef7f7.sdkstatcache -fmessage-length\=0 -fdiagnostics-show-note-include-stack -fmacro-backtrace-limit\=0 -fno-color-diagnostics -fmodules-prune-interval\=86400 -fmodules-prune-after\=345600 -fbuild-session-file\=/Users/Veer/Library/Developer/Xcode/DerivedData/ModuleCache.noindex/Session.modulevalidation -fmodules-validate-once-per-build-session -Wnon-modular-include-in-framework-module -Werror\=non-modular-include-in-framework-module -Wno-trigraphs -Wno-missing-field-initializers -Wno-missing-prototypes -Wno-return-type -Wno-implicit-atomic-properties -Wno-objc-interface-ivars -Wno-arc-repeated-use-of-weak -Wno-missing-braces -Wparentheses -Wswitch -Wno-unused-function -Wno-unused-label -Wno-unused-parameter -Wno-unused-variable -Wunused-value -Wno-empty-body -Wno-uninitialized -Wno-unknown-pragmas -w -Wno-shadow -Wno-four-char-constants -Wno-conversion -Wno-constant-conversion -Wno-int-conversion -Wno-bool-conversion -Wno-enum-conversion -Wno-float-conversion -Wno-non-literal-null-conversion -Wno-objc-literal-conversion -Wshorten-64-to-32 -Wpointer-sign -Wno-newline-eof -Wno-selector -Wno-strict-selector-match -Wno-undeclared-selector -Wno-deprecated-implementations -Wno-implicit-fallthrough -fstrict-aliasing -Wprotocol -Wdeprecated-declarations -Wno-sign-conversion -Wno-infinite-recursion -Wno-comma -Wno-block-capture-autoreleasing -Wno-strict-prototypes -Wno-semicolon-before-method-body -index-store-path /Users/Veer/Library/Developer/Xcode/DerivedData/HearifyV1-ftljoypfezvlxcgouzbpmsmxzads/Index.noindex/DataStore @/Users/Veer/Library/Developer/Xcode/DerivedData/HearifyV1-ftljoypfezvlxcgouzbpmsmxzads/Build/Intermediates.noindex/Firebase.build/Debug-iphoneos/FirebaseCore.build/Objects-normal/arm64/e6072d4f65d7061329687fe24e3d63a7-common-args.resp -include /Users/Veer/Library/Developer/Xcode/DerivedData/HearifyV1-ftljoypfezvlxcgouzbpmsmxzads/Build/Intermediates.noindex/Firebase.build/Debug-iphoneos/FirebaseCore.build/DerivedSources/resource_bundle_accessor.h -MMD -MT dependencies -MF /Users/Veer/Library/Developer/Xcode/DerivedData/HearifyV1-ftljoypfezvlxcgouzbpmsmxzads/Build/Intermediates.noindex/Firebase.build/Debug-iphoneos/FirebaseCore.build/Objects-normal/arm64/FIRTimestamp.d --serialize-diagnostics /Users/Veer/Library/Developer/Xcode/DerivedData/HearifyV1-ftljoypfezvlxcgouzbpmsmxzads/Build/Intermediates.noindex/Firebase.build/Debug-iphoneos/FirebaseCore.build/Objects-normal/arm64/FIRTimestamp.dia -c /Users/Veer/Library/Developer/Xcode/DerivedData/HearifyV1-ftljoypfezvlxcgouzbpmsmxzads/SourcePackages/checkouts/firebase-ios-sdk/FirebaseCore/Sources/FIRTimestamp.m -o /Users/Veer/Library/Developer/Xcode/DerivedData/HearifyV1-ftljoypfezvlxcgouzbpmsmxzads/Build/Intermediates.noindex/Firebase.build/Debug-iphoneos/FirebaseCore.build/Objects-normal/arm64/FIRTimestamp.o -index-unit-output-path /Firebase.build/Debug-iphoneos/FirebaseCore.build/Objects-normal/arm64/FIRTimestamp.o

CompileC /Users/Veer/Library/Developer/Xcode/DerivedData/HearifyV1-ftljoypfezvlxcgouzbpmsmxzads/Build/Intermediates.noindex/Firebase.build/Debug-iphoneos/FirebaseCore.build/Objects-normal/arm64/FIROptions.o /Users/Veer/Library/Developer/Xcode/DerivedData/HearifyV1-ftljoypfezvlxcgouzbpmsmxzads/SourcePackages/checkouts/firebase-ios-sdk/FirebaseCore/Sources/FIROptions.m normal arm64 objective-c com.apple.compilers.llvm.clang.1_0.compiler (in target 'FirebaseCore' from project 'Firebase')
    cd /Users/Veer/Library/Mobile\ Documents/com\~apple\~CloudDocs/HearifyV1/HearifyV1.xcodeproj
    
    Using response file: /Users/Veer/Library/Developer/Xcode/DerivedData/HearifyV1-ftljoypfezvlxcgouzbpmsmxzads/Build/Intermediates.noindex/Firebase.build/Debug-iphoneos/FirebaseCore.build/Objects-normal/arm64/e6072d4f65d7061329687fe24e3d63a7-common-args.resp
    
    /Applications/Xcode.app/Contents/Developer/Toolchains/XcodeDefault.xctoolchain/usr/bin/clang -x objective-c -ivfsstatcache /Users/Veer/Library/Developer/Xcode/DerivedData/SDKStatCaches.noindex/iphoneos26.2-23C53-3794476bd08197c3e2abd9bb477ef7f7.sdkstatcache -fmessage-length\=0 -fdiagnostics-show-note-include-stack -fmacro-backtrace-limit\=0 -fno-color-diagnostics -fmodules-prune-interval\=86400 -fmodules-prune-after\=345600 -fbuild-session-file\=/Users/Veer/Library/Developer/Xcode/DerivedData/ModuleCache.noindex/Session.modulevalidation -fmodules-validate-once-per-build-session -Wnon-modular-include-in-framework-module -Werror\=non-modular-include-in-framework-module -Wno-trigraphs -Wno-missing-field-initializers -Wno-missing-prototypes -Wno-return-type -Wno-implicit-atomic-properties -Wno-objc-interface-ivars -Wno-arc-repeated-use-of-weak -Wno-missing-braces -Wparentheses -Wswitch -Wno-unused-function -Wno-unused-label -Wno-unused-parameter -Wno-unused-variable -Wunused-value -Wno-empty-body -Wno-uninitialized -Wno-unknown-pragmas -w -Wno-shadow -Wno-four-char-constants -Wno-conversion -Wno-constant-conversion -Wno-int-conversion -Wno-bool-conversion -Wno-enum-conversion -Wno-float-conversion -Wno-non-literal-null-conversion -Wno-objc-literal-conversion -Wshorten-64-to-32 -Wpointer-sign -Wno-newline-eof -Wno-selector -Wno-strict-selector-match -Wno-undeclared-selector -Wno-deprecated-implementations -Wno-implicit-fallthrough -fstrict-aliasing -Wprotocol -Wdeprecated-declarations -Wno-sign-conversion -Wno-infinite-recursion -Wno-comma -Wno-block-capture-autoreleasing -Wno-strict-prototypes -Wno-semicolon-before-method-body -index-store-path /Users/Veer/Library/Developer/Xcode/DerivedData/HearifyV1-ftljoypfezvlxcgouzbpmsmxzads/Index.noindex/DataStore @/Users/Veer/Library/Developer/Xcode/DerivedData/HearifyV1-ftljoypfezvlxcgouzbpmsmxzads/Build/Intermediates.noindex/Firebase.build/Debug-iphoneos/FirebaseCore.build/Objects-normal/arm64/e6072d4f65d7061329687fe24e3d63a7-common-args.resp -include /Users/Veer/Library/Developer/Xcode/DerivedData/HearifyV1-ftljoypfezvlxcgouzbpmsmxzads/Build/Intermediates.noindex/Firebase.build/Debug-iphoneos/FirebaseCore.build/DerivedSources/resource_bundle_accessor.h -MMD -MT dependencies -MF /Users/Veer/Library/Developer/Xcode/DerivedData/HearifyV1-ftljoypfezvlxcgouzbpmsmxzads/Build/Intermediates.noindex/Firebase.build/Debug-iphoneos/FirebaseCore.build/Objects-normal/arm64/FIROptions.d --serialize-diagnostics /Users/Veer/Library/Developer/Xcode/DerivedData/HearifyV1-ftljoypfezvlxcgouzbpmsmxzads/Build/Intermediates.noindex/Firebase.build/Debug-iphoneos/FirebaseCore.build/Objects-normal/arm64/FIROptions.dia -c /Users/Veer/Library/Developer/Xcode/DerivedData/HearifyV1-ftljoypfezvlxcgouzbpmsmxzads/SourcePackages/checkouts/firebase-ios-sdk/FirebaseCore/Sources/FIROptions.m -o /Users/Veer/Library/Developer/Xcode/DerivedData/HearifyV1-ftljoypfezvlxcgouzbpmsmxzads/Build/Intermediates.noindex/Firebase.build/Debug-iphoneos/FirebaseCore.build/Objects-normal/arm64/FIROptions.o -index-unit-output-path /Firebase.build/Debug-iphoneos/FirebaseCore.build/Objects-normal/arm64/FIROptions.o

CompileC /Users/Veer/Library/Developer/Xcode/DerivedData/HearifyV1-ftljoypfezvlxcgouzbpmsmxzads/Build/Intermediates.noindex/Firebase.build/Debug-iphoneos/FirebaseCore.build/Objects-normal/arm64/FIRConfiguration.o /Users/Veer/Library/Developer/Xcode/DerivedData/HearifyV1-ftljoypfezvlxcgouzbpmsmxzads/SourcePackages/checkouts/firebase-ios-sdk/FirebaseCore/Sources/FIRConfiguration.m normal arm64 objective-c com.apple.compilers.llvm.clang.1_0.compiler (in target 'FirebaseCore' from project 'Firebase')
    cd /Users/Veer/Library/Mobile\ Documents/com\~apple\~CloudDocs/HearifyV1/HearifyV1.xcodeproj
    
    Using response file: /Users/Veer/Library/Developer/Xcode/DerivedData/HearifyV1-ftljoypfezvlxcgouzbpmsmxzads/Build/Intermediates.noindex/Firebase.build/Debug-iphoneos/FirebaseCore.build/Objects-normal/arm64/e6072d4f65d7061329687fe24e3d63a7-common-args.resp
    
    /Applications/Xcode.app/Contents/Developer/Toolchains/XcodeDefault.xctoolchain/usr/bin/clang -x objective-c -ivfsstatcache /Users/Veer/Library/Developer/Xcode/DerivedData/SDKStatCaches.noindex/iphoneos26.2-23C53-3794476bd08197c3e2abd9bb477ef7f7.sdkstatcache -fmessage-length\=0 -fdiagnostics-show-note-include-stack -fmacro-backtrace-limit\=0 -fno-color-diagnostics -fmodules-prune-interval\=86400 -fmodules-prune-after\=345600 -fbuild-session-file\=/Users/Veer/Library/Developer/Xcode/DerivedData/ModuleCache.noindex/Session.modulevalidation -fmodules-validate-once-per-build-session -Wnon-modular-include-in-framework-module -Werror\=non-modular-include-in-framework-module -Wno-trigraphs -Wno-missing-field-initializers -Wno-missing-prototypes -Wno-return-type -Wno-implicit-atomic-properties -Wno-objc-interface-ivars -Wno-arc-repeated-use-of-weak -Wno-missing-braces -Wparentheses -Wswitch -Wno-unused-function -Wno-unused-label -Wno-unused-parameter -Wno-unused-variable -Wunused-value -Wno-empty-body -Wno-uninitialized -Wno-unknown-pragmas -w -Wno-shadow -Wno-four-char-constants -Wno-conversion -Wno-constant-conversion -Wno-int-conversion -Wno-bool-conversion -Wno-enum-conversion -Wno-float-conversion -Wno-non-literal-null-conversion -Wno-objc-literal-conversion -Wshorten-64-to-32 -Wpointer-sign -Wno-newline-eof -Wno-selector -Wno-strict-selector-match -Wno-undeclared-selector -Wno-deprecated-implementations -Wno-implicit-fallthrough -fstrict-aliasing -Wprotocol -Wdeprecated-declarations -Wno-sign-conversion -Wno-infinite-recursion -Wno-comma -Wno-block-capture-autoreleasing -Wno-strict-prototypes -Wno-semicolon-before-method-body -index-store-path /Users/Veer/Library/Developer/Xcode/DerivedData/HearifyV1-ftljoypfezvlxcgouzbpmsmxzads/Index.noindex/DataStore @/Users/Veer/Library/Developer/Xcode/DerivedData/HearifyV1-ftljoypfezvlxcgouzbpmsmxzads/Build/Intermediates.noindex/Firebase.build/Debug-iphoneos/FirebaseCore.build/Objects-normal/arm64/e6072d4f65d7061329687fe24e3d63a7-common-args.resp -include /Users/Veer/Library/Developer/Xcode/DerivedData/HearifyV1-ftljoypfezvlxcgouzbpmsmxzads/Build/Intermediates.noindex/Firebase.build/Debug-iphoneos/FirebaseCore.build/DerivedSources/resource_bundle_accessor.h -MMD -MT dependencies -MF /Users/Veer/Library/Developer/Xcode/DerivedData/HearifyV1-ftljoypfezvlxcgouzbpmsmxzads/Build/Intermediates.noindex/Firebase.build/Debug-iphoneos/FirebaseCore.build/Objects-normal/arm64/FIRConfiguration.d --serialize-diagnostics /Users/Veer/Library/Developer/Xcode/DerivedData/HearifyV1-ftljoypfezvlxcgouzbpmsmxzads/Build/Intermediates.noindex/Firebase.build/Debug-iphoneos/FirebaseCore.build/Objects-normal/arm64/FIRConfiguration.dia -c /Users/Veer/Library/Developer/Xcode/DerivedData/HearifyV1-ftljoypfezvlxcgouzbpmsmxzads/SourcePackages/checkouts/firebase-ios-sdk/FirebaseCore/Sources/FIRConfiguration.m -o /Users/Veer/Library/Developer/Xcode/DerivedData/HearifyV1-ftljoypfezvlxcgouzbpmsmxzads/Build/Intermediates.noindex/Firebase.build/Debug-iphoneos/FirebaseCore.build/Objects-normal/arm64/FIRConfiguration.o -index-unit-output-path /Firebase.build/Debug-iphoneos/FirebaseCore.build/Objects-normal/arm64/FIRConfiguration.o

CompileC /Users/Veer/Library/Developer/Xcode/DerivedData/HearifyV1-ftljoypfezvlxcgouzbpmsmxzads/Build/Intermediates.noindex/Firebase.build/Debug-iphoneos/FirebaseCore.build/Objects-normal/arm64/FIRComponentType.o /Users/Veer/Library/Developer/Xcode/DerivedData/HearifyV1-ftljoypfezvlxcgouzbpmsmxzads/SourcePackages/checkouts/firebase-ios-sdk/FirebaseCore/Sources/FIRComponentType.m normal arm64 objective-c com.apple.compilers.llvm.clang.1_0.compiler (in target 'FirebaseCore' from project 'Firebase')
    cd /Users/Veer/Library/Mobile\ Documents/com\~apple\~CloudDocs/HearifyV1/HearifyV1.xcodeproj
    
    Using response file: /Users/Veer/Library/Developer/Xcode/DerivedData/HearifyV1-ftljoypfezvlxcgouzbpmsmxzads/Build/Intermediates.noindex/Firebase.build/Debug-iphoneos/FirebaseCore.build/Objects-normal/arm64/e6072d4f65d7061329687fe24e3d63a7-common-args.resp
    
    /Applications/Xcode.app/Contents/Developer/Toolchains/XcodeDefault.xctoolchain/usr/bin/clang -x objective-c -ivfsstatcache /Users/Veer/Library/Developer/Xcode/DerivedData/SDKStatCaches.noindex/iphoneos26.2-23C53-3794476bd08197c3e2abd9bb477ef7f7.sdkstatcache -fmessage-length\=0 -fdiagnostics-show-note-include-stack -fmacro-backtrace-limit\=0 -fno-color-diagnostics -fmodules-prune-interval\=86400 -fmodules-prune-after\=345600 -fbuild-session-file\=/Users/Veer/Library/Developer/Xcode/DerivedData/ModuleCache.noindex/Session.modulevalidation -fmodules-validate-once-per-build-session -Wnon-modular-include-in-framework-module -Werror\=non-modular-include-in-framework-module -Wno-trigraphs -Wno-missing-field-initializers -Wno-missing-prototypes -Wno-return-type -Wno-implicit-atomic-properties -Wno-objc-interface-ivars -Wno-arc-repeated-use-of-weak -Wno-missing-braces -Wparentheses -Wswitch -Wno-unused-function -Wno-unused-label -Wno-unused-parameter -Wno-unused-variable -Wunused-value -Wno-empty-body -Wno-uninitialized -Wno-unknown-pragmas -w -Wno-shadow -Wno-four-char-constants -Wno-conversion -Wno-constant-conversion -Wno-int-conversion -Wno-bool-conversion -Wno-enum-conversion -Wno-float-conversion -Wno-non-literal-null-conversion -Wno-objc-literal-conversion -Wshorten-64-to-32 -Wpointer-sign -Wno-newline-eof -Wno-selector -Wno-strict-selector-match -Wno-undeclared-selector -Wno-deprecated-implementations -Wno-implicit-fallthrough -fstrict-aliasing -Wprotocol -Wdeprecated-declarations -Wno-sign-conversion -Wno-infinite-recursion -Wno-comma -Wno-block-capture-autoreleasing -Wno-strict-prototypes -Wno-semicolon-before-method-body -index-store-path /Users/Veer/Library/Developer/Xcode/DerivedData/HearifyV1-ftljoypfezvlxcgouzbpmsmxzads/Index.noindex/DataStore @/Users/Veer/Library/Developer/Xcode/DerivedData/HearifyV1-ftljoypfezvlxcgouzbpmsmxzads/Build/Intermediates.noindex/Firebase.build/Debug-iphoneos/FirebaseCore.build/Objects-normal/arm64/e6072d4f65d7061329687fe24e3d63a7-common-args.resp -include /Users/Veer/Library/Developer/Xcode/DerivedData/HearifyV1-ftljoypfezvlxcgouzbpmsmxzads/Build/Intermediates.noindex/Firebase.build/Debug-iphoneos/FirebaseCore.build/DerivedSources/resource_bundle_accessor.h -MMD -MT dependencies -MF /Users/Veer/Library/Developer/Xcode/DerivedData/HearifyV1-ftljoypfezvlxcgouzbpmsmxzads/Build/Intermediates.noindex/Firebase.build/Debug-iphoneos/FirebaseCore.build/Objects-normal/arm64/FIRComponentType.d --serialize-diagnostics /Users/Veer/Library/Developer/Xcode/DerivedData/HearifyV1-ftljoypfezvlxcgouzbpmsmxzads/Build/Intermediates.noindex/Firebase.build/Debug-iphoneos/FirebaseCore.build/Objects-normal/arm64/FIRComponentType.dia -c /Users/Veer/Library/Developer/Xcode/DerivedData/HearifyV1-ftljoypfezvlxcgouzbpmsmxzads/SourcePackages/checkouts/firebase-ios-sdk/FirebaseCore/Sources/FIRComponentType.m -o /Users/Veer/Library/Developer/Xcode/DerivedData/HearifyV1-ftljoypfezvlxcgouzbpmsmxzads/Build/Intermediates.noindex/Firebase.build/Debug-iphoneos/FirebaseCore.build/Objects-normal/arm64/FIRComponentType.o -index-unit-output-path /Firebase.build/Debug-iphoneos/FirebaseCore.build/Objects-normal/arm64/FIRComponentType.o

CompileC /Users/Veer/Library/Developer/Xcode/DerivedData/HearifyV1-ftljoypfezvlxcgouzbpmsmxzads/Build/Intermediates.noindex/Firebase.build/Debug-iphoneos/FirebaseCore.build/Objects-normal/arm64/FIRComponentContainer.o /Users/Veer/Library/Developer/Xcode/DerivedData/HearifyV1-ftljoypfezvlxcgouzbpmsmxzads/SourcePackages/checkouts/firebase-ios-sdk/FirebaseCore/Sources/FIRComponentContainer.m normal arm64 objective-c com.apple.compilers.llvm.clang.1_0.compiler (in target 'FirebaseCore' from project 'Firebase')
    cd /Users/Veer/Library/Mobile\ Documents/com\~apple\~CloudDocs/HearifyV1/HearifyV1.xcodeproj
    
    Using response file: /Users/Veer/Library/Developer/Xcode/DerivedData/HearifyV1-ftljoypfezvlxcgouzbpmsmxzads/Build/Intermediates.noindex/Firebase.build/Debug-iphoneos/FirebaseCore.build/Objects-normal/arm64/e6072d4f65d7061329687fe24e3d63a7-common-args.resp
    
    /Applications/Xcode.app/Contents/Developer/Toolchains/XcodeDefault.xctoolchain/usr/bin/clang -x objective-c -ivfsstatcache /Users/Veer/Library/Developer/Xcode/DerivedData/SDKStatCaches.noindex/iphoneos26.2-23C53-3794476bd08197c3e2abd9bb477ef7f7.sdkstatcache -fmessage-length\=0 -fdiagnostics-show-note-include-stack -fmacro-backtrace-limit\=0 -fno-color-diagnostics -fmodules-prune-interval\=86400 -fmodules-prune-after\=345600 -fbuild-session-file\=/Users/Veer/Library/Developer/Xcode/DerivedData/ModuleCache.noindex/Session.modulevalidation -fmodules-validate-once-per-build-session -Wnon-modular-include-in-framework-module -Werror\=non-modular-include-in-framework-module -Wno-trigraphs -Wno-missing-field-initializers -Wno-missing-prototypes -Wno-return-type -Wno-implicit-atomic-properties -Wno-objc-interface-ivars -Wno-arc-repeated-use-of-weak -Wno-missing-braces -Wparentheses -Wswitch -Wno-unused-function -Wno-unused-label -Wno-unused-parameter -Wno-unused-variable -Wunused-value -Wno-empty-body -Wno-uninitialized -Wno-unknown-pragmas -w -Wno-shadow -Wno-four-char-constants -Wno-conversion -Wno-constant-conversion -Wno-int-conversion -Wno-bool-conversion -Wno-enum-conversion -Wno-float-conversion -Wno-non-literal-null-conversion -Wno-objc-literal-conversion -Wshorten-64-to-32 -Wpointer-sign -Wno-newline-eof -Wno-selector -Wno-strict-selector-match -Wno-undeclared-selector -Wno-deprecated-implementations -Wno-implicit-fallthrough -fstrict-aliasing -Wprotocol -Wdeprecated-declarations -Wno-sign-conversion -Wno-infinite-recursion -Wno-comma -Wno-block-capture-autoreleasing -Wno-strict-prototypes -Wno-semicolon-before-method-body -index-store-path /Users/Veer/Library/Developer/Xcode/DerivedData/HearifyV1-ftljoypfezvlxcgouzbpmsmxzads/Index.noindex/DataStore @/Users/Veer/Library/Developer/Xcode/DerivedData/HearifyV1-ftljoypfezvlxcgouzbpmsmxzads/Build/Intermediates.noindex/Firebase.build/Debug-iphoneos/FirebaseCore.build/Objects-normal/arm64/e6072d4f65d7061329687fe24e3d63a7-common-args.resp -include /Users/Veer/Library/Developer/Xcode/DerivedData/HearifyV1-ftljoypfezvlxcgouzbpmsmxzads/Build/Intermediates.noindex/Firebase.build/Debug-iphoneos/FirebaseCore.build/DerivedSources/resource_bundle_accessor.h -MMD -MT dependencies -MF /Users/Veer/Library/Developer/Xcode/DerivedData/HearifyV1-ftljoypfezvlxcgouzbpmsmxzads/Build/Intermediates.noindex/Firebase.build/Debug-iphoneos/FirebaseCore.build/Objects-normal/arm64/FIRComponentContainer.d --serialize-diagnostics /Users/Veer/Library/Developer/Xcode/DerivedData/HearifyV1-ftljoypfezvlxcgouzbpmsmxzads/Build/Intermediates.noindex/Firebase.build/Debug-iphoneos/FirebaseCore.build/Objects-normal/arm64/FIRComponentContainer.dia -c /Users/Veer/Library/Developer/Xcode/DerivedData/HearifyV1-ftljoypfezvlxcgouzbpmsmxzads/SourcePackages/checkouts/firebase-ios-sdk/FirebaseCore/Sources/FIRComponentContainer.m -o /Users/Veer/Library/Developer/Xcode/DerivedData/HearifyV1-ftljoypfezvlxcgouzbpmsmxzads/Build/Intermediates.noindex/Firebase.build/Debug-iphoneos/FirebaseCore.build/Objects-normal/arm64/FIRComponentContainer.o -index-unit-output-path /Firebase.build/Debug-iphoneos/FirebaseCore.build/Objects-normal/arm64/FIRComponentContainer.o

CompileC /Users/Veer/Library/Developer/Xcode/DerivedData/HearifyV1-ftljoypfezvlxcgouzbpmsmxzads/Build/Intermediates.noindex/Firebase.build/Debug-iphoneos/FirebaseCore.build/Objects-normal/arm64/FIRComponent.o /Users/Veer/Library/Developer/Xcode/DerivedData/HearifyV1-ftljoypfezvlxcgouzbpmsmxzads/SourcePackages/checkouts/firebase-ios-sdk/FirebaseCore/Sources/FIRComponent.m normal arm64 objective-c com.apple.compilers.llvm.clang.1_0.compiler (in target 'FirebaseCore' from project 'Firebase')
    cd /Users/Veer/Library/Mobile\ Documents/com\~apple\~CloudDocs/HearifyV1/HearifyV1.xcodeproj
    
    Using response file: /Users/Veer/Library/Developer/Xcode/DerivedData/HearifyV1-ftljoypfezvlxcgouzbpmsmxzads/Build/Intermediates.noindex/Firebase.build/Debug-iphoneos/FirebaseCore.build/Objects-normal/arm64/e6072d4f65d7061329687fe24e3d63a7-common-args.resp
    
    /Applications/Xcode.app/Contents/Developer/Toolchains/XcodeDefault.xctoolchain/usr/bin/clang -x objective-c -ivfsstatcache /Users/Veer/Library/Developer/Xcode/DerivedData/SDKStatCaches.noindex/iphoneos26.2-23C53-3794476bd08197c3e2abd9bb477ef7f7.sdkstatcache -fmessage-length\=0 -fdiagnostics-show-note-include-stack -fmacro-backtrace-limit\=0 -fno-color-diagnostics -fmodules-prune-interval\=86400 -fmodules-prune-after\=345600 -fbuild-session-file\=/Users/Veer/Library/Developer/Xcode/DerivedData/ModuleCache.noindex/Session.modulevalidation -fmodules-validate-once-per-build-session -Wnon-modular-include-in-framework-module -Werror\=non-modular-include-in-framework-module -Wno-trigraphs -Wno-missing-field-initializers -Wno-missing-prototypes -Wno-return-type -Wno-implicit-atomic-properties -Wno-objc-interface-ivars -Wno-arc-repeated-use-of-weak -Wno-missing-braces -Wparentheses -Wswitch -Wno-unused-function -Wno-unused-label -Wno-unused-parameter -Wno-unused-variable -Wunused-value -Wno-empty-body -Wno-uninitialized -Wno-unknown-pragmas -w -Wno-shadow -Wno-four-char-constants -Wno-conversion -Wno-constant-conversion -Wno-int-conversion -Wno-bool-conversion -Wno-enum-conversion -Wno-float-conversion -Wno-non-literal-null-conversion -Wno-objc-literal-conversion -Wshorten-64-to-32 -Wpointer-sign -Wno-newline-eof -Wno-selector -Wno-strict-selector-match -Wno-undeclared-selector -Wno-deprecated-implementations -Wno-implicit-fallthrough -fstrict-aliasing -Wprotocol -Wdeprecated-declarations -Wno-sign-conversion -Wno-infinite-recursion -Wno-comma -Wno-block-capture-autoreleasing -Wno-strict-prototypes -Wno-semicolon-before-method-body -index-store-path /Users/Veer/Library/Developer/Xcode/DerivedData/HearifyV1-ftljoypfezvlxcgouzbpmsmxzads/Index.noindex/DataStore @/Users/Veer/Library/Developer/Xcode/DerivedData/HearifyV1-ftljoypfezvlxcgouzbpmsmxzads/Build/Intermediates.noindex/Firebase.build/Debug-iphoneos/FirebaseCore.build/Objects-normal/arm64/e6072d4f65d7061329687fe24e3d63a7-common-args.resp -include /Users/Veer/Library/Developer/Xcode/DerivedData/HearifyV1-ftljoypfezvlxcgouzbpmsmxzads/Build/Intermediates.noindex/Firebase.build/Debug-iphoneos/FirebaseCore.build/DerivedSources/resource_bundle_accessor.h -MMD -MT dependencies -MF /Users/Veer/Library/Developer/Xcode/DerivedData/HearifyV1-ftljoypfezvlxcgouzbpmsmxzads/Build/Intermediates.noindex/Firebase.build/Debug-iphoneos/FirebaseCore.build/Objects-normal/arm64/FIRComponent.d --serialize-diagnostics /Users/Veer/Library/Developer/Xcode/DerivedData/HearifyV1-ftljoypfezvlxcgouzbpmsmxzads/Build/Intermediates.noindex/Firebase.build/Debug-iphoneos/FirebaseCore.build/Objects-normal/arm64/FIRComponent.dia -c /Users/Veer/Library/Developer/Xcode/DerivedData/HearifyV1-ftljoypfezvlxcgouzbpmsmxzads/SourcePackages/checkouts/firebase-ios-sdk/FirebaseCore/Sources/FIRComponent.m -o /Users/Veer/Library/Developer/Xcode/DerivedData/HearifyV1-ftljoypfezvlxcgouzbpmsmxzads/Build/Intermediates.noindex/Firebase.build/Debug-iphoneos/FirebaseCore.build/Objects-normal/arm64/FIRComponent.o -index-unit-output-path /Firebase.build/Debug-iphoneos/FirebaseCore.build/Objects-normal/arm64/FIRComponent.o

CompileC /Users/Veer/Library/Developer/Xcode/DerivedData/HearifyV1-ftljoypfezvlxcgouzbpmsmxzads/Build/Intermediates.noindex/Firebase.build/Debug-iphoneos/FirebaseCore.build/Objects-normal/arm64/FIRAnalyticsConfiguration.o /Users/Veer/Library/Developer/Xcode/DerivedData/HearifyV1-ftljoypfezvlxcgouzbpmsmxzads/SourcePackages/checkouts/firebase-ios-sdk/FirebaseCore/Sources/FIRAnalyticsConfiguration.m normal arm64 objective-c com.apple.compilers.llvm.clang.1_0.compiler (in target 'FirebaseCore' from project 'Firebase')
    cd /Users/Veer/Library/Mobile\ Documents/com\~apple\~CloudDocs/HearifyV1/HearifyV1.xcodeproj
    
    Using response file: /Users/Veer/Library/Developer/Xcode/DerivedData/HearifyV1-ftljoypfezvlxcgouzbpmsmxzads/Build/Intermediates.noindex/Firebase.build/Debug-iphoneos/FirebaseCore.build/Objects-normal/arm64/e6072d4f65d7061329687fe24e3d63a7-common-args.resp
    
    /Applications/Xcode.app/Contents/Developer/Toolchains/XcodeDefault.xctoolchain/usr/bin/clang -x objective-c -ivfsstatcache /Users/Veer/Library/Developer/Xcode/DerivedData/SDKStatCaches.noindex/iphoneos26.2-23C53-3794476bd08197c3e2abd9bb477ef7f7.sdkstatcache -fmessage-length\=0 -fdiagnostics-show-note-include-stack -fmacro-backtrace-limit\=0 -fno-color-diagnostics -fmodules-prune-interval\=86400 -fmodules-prune-after\=345600 -fbuild-session-file\=/Users/Veer/Library/Developer/Xcode/DerivedData/ModuleCache.noindex/Session.modulevalidation -fmodules-validate-once-per-build-session -Wnon-modular-include-in-framework-module -Werror\=non-modular-include-in-framework-module -Wno-trigraphs -Wno-missing-field-initializers -Wno-missing-prototypes -Wno-return-type -Wno-implicit-atomic-properties -Wno-objc-interface-ivars -Wno-arc-repeated-use-of-weak -Wno-missing-braces -Wparentheses -Wswitch -Wno-unused-function -Wno-unused-label -Wno-unused-parameter -Wno-unused-variable -Wunused-value -Wno-empty-body -Wno-uninitialized -Wno-unknown-pragmas -w -Wno-shadow -Wno-four-char-constants -Wno-conversion -Wno-constant-conversion -Wno-int-conversion -Wno-bool-conversion -Wno-enum-conversion -Wno-float-conversion -Wno-non-literal-null-conversion -Wno-objc-literal-conversion -Wshorten-64-to-32 -Wpointer-sign -Wno-newline-eof -Wno-selector -Wno-strict-selector-match -Wno-undeclared-selector -Wno-deprecated-implementations -Wno-implicit-fallthrough -fstrict-aliasing -Wprotocol -Wdeprecated-declarations -Wno-sign-conversion -Wno-infinite-recursion -Wno-comma -Wno-block-capture-autoreleasing -Wno-strict-prototypes -Wno-semicolon-before-method-body -index-store-path /Users/Veer/Library/Developer/Xcode/DerivedData/HearifyV1-ftljoypfezvlxcgouzbpmsmxzads/Index.noindex/DataStore @/Users/Veer/Library/Developer/Xcode/DerivedData/HearifyV1-ftljoypfezvlxcgouzbpmsmxzads/Build/Intermediates.noindex/Firebase.build/Debug-iphoneos/FirebaseCore.build/Objects-normal/arm64/e6072d4f65d7061329687fe24e3d63a7-common-args.resp -include /Users/Veer/Library/Developer/Xcode/DerivedData/HearifyV1-ftljoypfezvlxcgouzbpmsmxzads/Build/Intermediates.noindex/Firebase.build/Debug-iphoneos/FirebaseCore.build/DerivedSources/resource_bundle_accessor.h -MMD -MT dependencies -MF /Users/Veer/Library/Developer/Xcode/DerivedData/HearifyV1-ftljoypfezvlxcgouzbpmsmxzads/Build/Intermediates.noindex/Firebase.build/Debug-iphoneos/FirebaseCore.build/Objects-normal/arm64/FIRAnalyticsConfiguration.d --serialize-diagnostics /Users/Veer/Library/Developer/Xcode/DerivedData/HearifyV1-ftljoypfezvlxcgouzbpmsmxzads/Build/Intermediates.noindex/Firebase.build/Debug-iphoneos/FirebaseCore.build/Objects-normal/arm64/FIRAnalyticsConfiguration.dia -c /Users/Veer/Library/Developer/Xcode/DerivedData/HearifyV1-ftljoypfezvlxcgouzbpmsmxzads/SourcePackages/checkouts/firebase-ios-sdk/FirebaseCore/Sources/FIRAnalyticsConfiguration.m -o /Users/Veer/Library/Developer/Xcode/DerivedData/HearifyV1-ftljoypfezvlxcgouzbpmsmxzads/Build/Intermediates.noindex/Firebase.build/Debug-iphoneos/FirebaseCore.build/Objects-normal/arm64/FIRAnalyticsConfiguration.o -index-unit-output-path /Firebase.build/Debug-iphoneos/FirebaseCore.build/Objects-normal/arm64/FIRAnalyticsConfiguration.o

PrecompileModule /Users/Veer/Library/Developer/Xcode/DerivedData/HearifyV1-ftljoypfezvlxcgouzbpmsmxzads/Build/Intermediates.noindex/ExplicitPrecompiledModules/FileProvider-80TPCHQVQ31V643VLM8U9NRCL.scan
    cd /
    builtin-precompileModule /Users/Veer/Library/Developer/Xcode/DerivedData/HearifyV1-ftljoypfezvlxcgouzbpmsmxzads/Build/Intermediates.noindex/ExplicitPrecompiledModules/FileProvider-80TPCHQVQ31V643VLM8U9NRCL.scan

SwiftExplicitDependencyGeneratePcm arm64 /Users/Veer/Library/Developer/Xcode/DerivedData/ModuleCache.noindex/Contacts-9PRGOICMXLJ1CS9YQQ75U0A51.pcm

SwiftExplicitDependencyGeneratePcm arm64 /Users/Veer/Library/Developer/Xcode/DerivedData/ModuleCache.noindex/CommonCrypto-8DVJ345VTNJRK0L2KA1MFKJ64.pcm

SwiftExplicitDependencyGeneratePcm arm64 /Users/Veer/Library/Developer/Xcode/DerivedData/ModuleCache.noindex/CoreAudioTypes-7ZPHJN5AJVE8Z10UBNC2DTZ9A.pcm

SwiftExplicitDependencyGeneratePcm arm64 /Users/Veer/Library/Developer/Xcode/DerivedData/HearifyV1-ftljoypfezvlxcgouzbpmsmxzads/Build/Intermediates.noindex/SwiftExplicitPrecompiledModules/RecaptchaInterop-47ZCRWFUJSVJ6XHIF4WYBQ15V.pcm

SwiftExplicitDependencyGeneratePcm arm64 /Users/Veer/Library/Developer/Xcode/DerivedData/HearifyV1-ftljoypfezvlxcgouzbpmsmxzads/Build/Intermediates.noindex/SwiftExplicitPrecompiledModules/GoogleUtilities_NSData-1Q9W6SJ1V8N69GOVLWB5U4I8Z.pcm

SwiftExplicitDependencyGeneratePcm arm64 /Users/Veer/Library/Developer/Xcode/DerivedData/ModuleCache.noindex/dnssd-89YSA3C2TPQQSU6N5FHSB4MIP.pcm

SwiftExplicitDependencyGeneratePcm arm64 /Users/Veer/Library/Developer/Xcode/DerivedData/ModuleCache.noindex/UIKit-2OC2WYY0NQ50S0K45FLEEPH1N.pcm

SwiftExplicitDependencyGeneratePcm arm64 /Users/Veer/Library/Developer/Xcode/DerivedData/ModuleCache.noindex/SwiftUICore-34FZHDTMKE1Q0MS0W8VSSXFPT.pcm

SwiftExplicitDependencyGeneratePcm arm64 /Users/Veer/Library/Developer/Xcode/DerivedData/ModuleCache.noindex/LocalAuthentication-9L7R92JNLLZI9UDWGK58U1KY1.pcm

SwiftExplicitDependencyGeneratePcm arm64 /Users/Veer/Library/Developer/Xcode/DerivedData/ModuleCache.noindex/CoreMIDI-DFTTJ1QFOZ20ZIV56JUVHBSWA.pcm

SwiftExplicitDependencyGeneratePcm arm64 /Users/Veer/Library/Developer/Xcode/DerivedData/HearifyV1-ftljoypfezvlxcgouzbpmsmxzads/Build/Intermediates.noindex/SwiftExplicitPrecompiledModules/FirebaseAuthInternal-K5CQDXEJ6HZKHW6D52AQ4WIN.pcm

PrecompileModule /Users/Veer/Library/Developer/Xcode/DerivedData/HearifyV1-ftljoypfezvlxcgouzbpmsmxzads/Build/Intermediates.noindex/ExplicitPrecompiledModules/Symbols-6FLYX246ZTYA5WO0GE27R75A9.scan
    cd /
    builtin-precompileModule /Users/Veer/Library/Developer/Xcode/DerivedData/HearifyV1-ftljoypfezvlxcgouzbpmsmxzads/Build/Intermediates.noindex/ExplicitPrecompiledModules/Symbols-6FLYX246ZTYA5WO0GE27R75A9.scan

SwiftExplicitDependencyGeneratePcm arm64 /Users/Veer/Library/Developer/Xcode/DerivedData/ModuleCache.noindex/CoreAudio-1M75B5QYNYYB00TLRBOQTD600.pcm

PrecompileModule /Users/Veer/Library/Developer/Xcode/DerivedData/HearifyV1-ftljoypfezvlxcgouzbpmsmxzads/Build/Intermediates.noindex/ExplicitPrecompiledModules/GoogleUtilities_Logger-1AXORSXWISOA7WEADJ7GEUR2S.scan
    cd /
    builtin-precompileModule /Users/Veer/Library/Developer/Xcode/DerivedData/HearifyV1-ftljoypfezvlxcgouzbpmsmxzads/Build/Intermediates.noindex/ExplicitPrecompiledModules/GoogleUtilities_Logger-1AXORSXWISOA7WEADJ7GEUR2S.scan

SwiftExplicitDependencyGeneratePcm arm64 /Users/Veer/Library/Developer/Xcode/DerivedData/ModuleCache.noindex/Network-81XVYEN0GIJE70JN6OHDQ9IGV.pcm

PrecompileModule /Users/Veer/Library/Developer/Xcode/DerivedData/HearifyV1-ftljoypfezvlxcgouzbpmsmxzads/Build/Intermediates.noindex/ExplicitPrecompiledModules/FirebaseCoreInternal-WNU02N8Q0JH9W83OUH3UE2O1.scan
    cd /
    builtin-precompileModule /Users/Veer/Library/Developer/Xcode/DerivedData/HearifyV1-ftljoypfezvlxcgouzbpmsmxzads/Build/Intermediates.noindex/ExplicitPrecompiledModules/FirebaseCoreInternal-WNU02N8Q0JH9W83OUH3UE2O1.scan

PrecompileModule /Users/Veer/Library/Developer/Xcode/DerivedData/HearifyV1-ftljoypfezvlxcgouzbpmsmxzads/Build/Intermediates.noindex/ExplicitPrecompiledModules/IOSurface-F0P15ZC1H21C0M8BH2AZGS2Q9.scan
    cd /
    builtin-precompileModule /Users/Veer/Library/Developer/Xcode/DerivedData/HearifyV1-ftljoypfezvlxcgouzbpmsmxzads/Build/Intermediates.noindex/ExplicitPrecompiledModules/IOSurface-F0P15ZC1H21C0M8BH2AZGS2Q9.scan

PrecompileModule /Users/Veer/Library/Developer/Xcode/DerivedData/HearifyV1-ftljoypfezvlxcgouzbpmsmxzads/Build/Intermediates.noindex/ExplicitPrecompiledModules/UserNotifications-AORN8BLNK4HEWXHKG6J0K60AU.scan
    cd /
    builtin-precompileModule /Users/Veer/Library/Developer/Xcode/DerivedData/HearifyV1-ftljoypfezvlxcgouzbpmsmxzads/Build/Intermediates.noindex/ExplicitPrecompiledModules/UserNotifications-AORN8BLNK4HEWXHKG6J0K60AU.scan

PrecompileModule /Users/Veer/Library/Developer/Xcode/DerivedData/HearifyV1-ftljoypfezvlxcgouzbpmsmxzads/Build/Intermediates.noindex/ExplicitPrecompiledModules/GoogleUtilities_Environment-E5N3CVTGXI7464J3VLQAOFP3Z.scan
    cd /
    builtin-precompileModule /Users/Veer/Library/Developer/Xcode/DerivedData/HearifyV1-ftljoypfezvlxcgouzbpmsmxzads/Build/Intermediates.noindex/ExplicitPrecompiledModules/GoogleUtilities_Environment-E5N3CVTGXI7464J3VLQAOFP3Z.scan

PrecompileModule /Users/Veer/Library/Developer/Xcode/DerivedData/HearifyV1-ftljoypfezvlxcgouzbpmsmxzads/Build/Intermediates.noindex/ExplicitPrecompiledModules/UIUtilities-CISCFDYMSO31ZTNE3MKZNFPBN.scan
    cd /
    builtin-precompileModule /Users/Veer/Library/Developer/Xcode/DerivedData/HearifyV1-ftljoypfezvlxcgouzbpmsmxzads/Build/Intermediates.noindex/ExplicitPrecompiledModules/UIUtilities-CISCFDYMSO31ZTNE3MKZNFPBN.scan

CompileC /Users/Veer/Library/Developer/Xcode/DerivedData/HearifyV1-ftljoypfezvlxcgouzbpmsmxzads/Build/Intermediates.noindex/Firebase.build/Debug-iphoneos/FirebaseCore.build/Objects-normal/arm64/FIRHeartbeatLogger.o /Users/Veer/Library/Developer/Xcode/DerivedData/HearifyV1-ftljoypfezvlxcgouzbpmsmxzads/SourcePackages/checkouts/firebase-ios-sdk/FirebaseCore/Sources/FIRHeartbeatLogger.m normal arm64 objective-c com.apple.compilers.llvm.clang.1_0.compiler (in target 'FirebaseCore' from project 'Firebase')
    cd /Users/Veer/Library/Mobile\ Documents/com\~apple\~CloudDocs/HearifyV1/HearifyV1.xcodeproj
    
    Using response file: /Users/Veer/Library/Developer/Xcode/DerivedData/HearifyV1-ftljoypfezvlxcgouzbpmsmxzads/Build/Intermediates.noindex/Firebase.build/Debug-iphoneos/FirebaseCore.build/Objects-normal/arm64/e6072d4f65d7061329687fe24e3d63a7-common-args.resp
    
    /Applications/Xcode.app/Contents/Developer/Toolchains/XcodeDefault.xctoolchain/usr/bin/clang -x objective-c -ivfsstatcache /Users/Veer/Library/Developer/Xcode/DerivedData/SDKStatCaches.noindex/iphoneos26.2-23C53-3794476bd08197c3e2abd9bb477ef7f7.sdkstatcache -fmessage-length\=0 -fdiagnostics-show-note-include-stack -fmacro-backtrace-limit\=0 -fno-color-diagnostics -fmodules-prune-interval\=86400 -fmodules-prune-after\=345600 -fbuild-session-file\=/Users/Veer/Library/Developer/Xcode/DerivedData/ModuleCache.noindex/Session.modulevalidation -fmodules-validate-once-per-build-session -Wnon-modular-include-in-framework-module -Werror\=non-modular-include-in-framework-module -Wno-trigraphs -Wno-missing-field-initializers -Wno-missing-prototypes -Wno-return-type -Wno-implicit-atomic-properties -Wno-objc-interface-ivars -Wno-arc-repeated-use-of-weak -Wno-missing-braces -Wparentheses -Wswitch -Wno-unused-function -Wno-unused-label -Wno-unused-parameter -Wno-unused-variable -Wunused-value -Wno-empty-body -Wno-uninitialized -Wno-unknown-pragmas -w -Wno-shadow -Wno-four-char-constants -Wno-conversion -Wno-constant-conversion -Wno-int-conversion -Wno-bool-conversion -Wno-enum-conversion -Wno-float-conversion -Wno-non-literal-null-conversion -Wno-objc-literal-conversion -Wshorten-64-to-32 -Wpointer-sign -Wno-newline-eof -Wno-selector -Wno-strict-selector-match -Wno-undeclared-selector -Wno-deprecated-implementations -Wno-implicit-fallthrough -fstrict-aliasing -Wprotocol -Wdeprecated-declarations -Wno-sign-conversion -Wno-infinite-recursion -Wno-comma -Wno-block-capture-autoreleasing -Wno-strict-prototypes -Wno-semicolon-before-method-body -index-store-path /Users/Veer/Library/Developer/Xcode/DerivedData/HearifyV1-ftljoypfezvlxcgouzbpmsmxzads/Index.noindex/DataStore @/Users/Veer/Library/Developer/Xcode/DerivedData/HearifyV1-ftljoypfezvlxcgouzbpmsmxzads/Build/Intermediates.noindex/Firebase.build/Debug-iphoneos/FirebaseCore.build/Objects-normal/arm64/e6072d4f65d7061329687fe24e3d63a7-common-args.resp -include /Users/Veer/Library/Developer/Xcode/DerivedData/HearifyV1-ftljoypfezvlxcgouzbpmsmxzads/Build/Intermediates.noindex/Firebase.build/Debug-iphoneos/FirebaseCore.build/DerivedSources/resource_bundle_accessor.h -MMD -MT dependencies -MF /Users/Veer/Library/Developer/Xcode/DerivedData/HearifyV1-ftljoypfezvlxcgouzbpmsmxzads/Build/Intermediates.noindex/Firebase.build/Debug-iphoneos/FirebaseCore.build/Objects-normal/arm64/FIRHeartbeatLogger.d --serialize-diagnostics /Users/Veer/Library/Developer/Xcode/DerivedData/HearifyV1-ftljoypfezvlxcgouzbpmsmxzads/Build/Intermediates.noindex/Firebase.build/Debug-iphoneos/FirebaseCore.build/Objects-normal/arm64/FIRHeartbeatLogger.dia -c /Users/Veer/Library/Developer/Xcode/DerivedData/HearifyV1-ftljoypfezvlxcgouzbpmsmxzads/SourcePackages/checkouts/firebase-ios-sdk/FirebaseCore/Sources/FIRHeartbeatLogger.m -o /Users/Veer/Library/Developer/Xcode/DerivedData/HearifyV1-ftljoypfezvlxcgouzbpmsmxzads/Build/Intermediates.noindex/Firebase.build/Debug-iphoneos/FirebaseCore.build/Objects-normal/arm64/FIRHeartbeatLogger.o -index-unit-output-path /Firebase.build/Debug-iphoneos/FirebaseCore.build/Objects-normal/arm64/FIRHeartbeatLogger.o

PrecompileModule /Users/Veer/Library/Developer/Xcode/DerivedData/HearifyV1-ftljoypfezvlxcgouzbpmsmxzads/Build/Intermediates.noindex/ExplicitPrecompiledModules/OpenGLES-B0J4RZ3HOXRIQAPELSQTHU4AQ.scan
    cd /
    builtin-precompileModule /Users/Veer/Library/Developer/Xcode/DerivedData/HearifyV1-ftljoypfezvlxcgouzbpmsmxzads/Build/Intermediates.noindex/ExplicitPrecompiledModules/OpenGLES-B0J4RZ3HOXRIQAPELSQTHU4AQ.scan

CompileC /Users/Veer/Library/Developer/Xcode/DerivedData/HearifyV1-ftljoypfezvlxcgouzbpmsmxzads/Build/Intermediates.noindex/Firebase.build/Debug-iphoneos/FirebaseCore.build/Objects-normal/arm64/FIRLogger.o /Users/Veer/Library/Developer/Xcode/DerivedData/HearifyV1-ftljoypfezvlxcgouzbpmsmxzads/SourcePackages/checkouts/firebase-ios-sdk/FirebaseCore/Sources/FIRLogger.m normal arm64 objective-c com.apple.compilers.llvm.clang.1_0.compiler (in target 'FirebaseCore' from project 'Firebase')
    cd /Users/Veer/Library/Mobile\ Documents/com\~apple\~CloudDocs/HearifyV1/HearifyV1.xcodeproj
    
    Using response file: /Users/Veer/Library/Developer/Xcode/DerivedData/HearifyV1-ftljoypfezvlxcgouzbpmsmxzads/Build/Intermediates.noindex/Firebase.build/Debug-iphoneos/FirebaseCore.build/Objects-normal/arm64/e6072d4f65d7061329687fe24e3d63a7-common-args.resp
    
    /Applications/Xcode.app/Contents/Developer/Toolchains/XcodeDefault.xctoolchain/usr/bin/clang -x objective-c -ivfsstatcache /Users/Veer/Library/Developer/Xcode/DerivedData/SDKStatCaches.noindex/iphoneos26.2-23C53-3794476bd08197c3e2abd9bb477ef7f7.sdkstatcache -fmessage-length\=0 -fdiagnostics-show-note-include-stack -fmacro-backtrace-limit\=0 -fno-color-diagnostics -fmodules-prune-interval\=86400 -fmodules-prune-after\=345600 -fbuild-session-file\=/Users/Veer/Library/Developer/Xcode/DerivedData/ModuleCache.noindex/Session.modulevalidation -fmodules-validate-once-per-build-session -Wnon-modular-include-in-framework-module -Werror\=non-modular-include-in-framework-module -Wno-trigraphs -Wno-missing-field-initializers -Wno-missing-prototypes -Wno-return-type -Wno-implicit-atomic-properties -Wno-objc-interface-ivars -Wno-arc-repeated-use-of-weak -Wno-missing-braces -Wparentheses -Wswitch -Wno-unused-function -Wno-unused-label -Wno-unused-parameter -Wno-unused-variable -Wunused-value -Wno-empty-body -Wno-uninitialized -Wno-unknown-pragmas -w -Wno-shadow -Wno-four-char-constants -Wno-conversion -Wno-constant-conversion -Wno-int-conversion -Wno-bool-conversion -Wno-enum-conversion -Wno-float-conversion -Wno-non-literal-null-conversion -Wno-objc-literal-conversion -Wshorten-64-to-32 -Wpointer-sign -Wno-newline-eof -Wno-selector -Wno-strict-selector-match -Wno-undeclared-selector -Wno-deprecated-implementations -Wno-implicit-fallthrough -fstrict-aliasing -Wprotocol -Wdeprecated-declarations -Wno-sign-conversion -Wno-infinite-recursion -Wno-comma -Wno-block-capture-autoreleasing -Wno-strict-prototypes -Wno-semicolon-before-method-body -index-store-path /Users/Veer/Library/Developer/Xcode/DerivedData/HearifyV1-ftljoypfezvlxcgouzbpmsmxzads/Index.noindex/DataStore @/Users/Veer/Library/Developer/Xcode/DerivedData/HearifyV1-ftljoypfezvlxcgouzbpmsmxzads/Build/Intermediates.noindex/Firebase.build/Debug-iphoneos/FirebaseCore.build/Objects-normal/arm64/e6072d4f65d7061329687fe24e3d63a7-common-args.resp -include /Users/Veer/Library/Developer/Xcode/DerivedData/HearifyV1-ftljoypfezvlxcgouzbpmsmxzads/Build/Intermediates.noindex/Firebase.build/Debug-iphoneos/FirebaseCore.build/DerivedSources/resource_bundle_accessor.h -MMD -MT dependencies -MF /Users/Veer/Library/Developer/Xcode/DerivedData/HearifyV1-ftljoypfezvlxcgouzbpmsmxzads/Build/Intermediates.noindex/Firebase.build/Debug-iphoneos/FirebaseCore.build/Objects-normal/arm64/FIRLogger.d --serialize-diagnostics /Users/Veer/Library/Developer/Xcode/DerivedData/HearifyV1-ftljoypfezvlxcgouzbpmsmxzads/Build/Intermediates.noindex/Firebase.build/Debug-iphoneos/FirebaseCore.build/Objects-normal/arm64/FIRLogger.dia -c /Users/Veer/Library/Developer/Xcode/DerivedData/HearifyV1-ftljoypfezvlxcgouzbpmsmxzads/SourcePackages/checkouts/firebase-ios-sdk/FirebaseCore/Sources/FIRLogger.m -o /Users/Veer/Library/Developer/Xcode/DerivedData/HearifyV1-ftljoypfezvlxcgouzbpmsmxzads/Build/Intermediates.noindex/Firebase.build/Debug-iphoneos/FirebaseCore.build/Objects-normal/arm64/FIRLogger.o -index-unit-output-path /Firebase.build/Debug-iphoneos/FirebaseCore.build/Objects-normal/arm64/FIRLogger.o

SwiftExplicitDependencyGeneratePcm arm64 /Users/Veer/Library/Developer/Xcode/DerivedData/ModuleCache.noindex/CoreMedia-EPP14KL10XDZQ7MAHKY1KDJBM.pcm

CompileC /Users/Veer/Library/Developer/Xcode/DerivedData/HearifyV1-ftljoypfezvlxcgouzbpmsmxzads/Build/Intermediates.noindex/Firebase.build/Debug-iphoneos/FirebaseCore.build/Objects-normal/arm64/FIRFirebaseUserAgent.o /Users/Veer/Library/Developer/Xcode/DerivedData/HearifyV1-ftljoypfezvlxcgouzbpmsmxzads/SourcePackages/checkouts/firebase-ios-sdk/FirebaseCore/Sources/FIRFirebaseUserAgent.m normal arm64 objective-c com.apple.compilers.llvm.clang.1_0.compiler (in target 'FirebaseCore' from project 'Firebase')
    cd /Users/Veer/Library/Mobile\ Documents/com\~apple\~CloudDocs/HearifyV1/HearifyV1.xcodeproj
    
    Using response file: /Users/Veer/Library/Developer/Xcode/DerivedData/HearifyV1-ftljoypfezvlxcgouzbpmsmxzads/Build/Intermediates.noindex/Firebase.build/Debug-iphoneos/FirebaseCore.build/Objects-normal/arm64/e6072d4f65d7061329687fe24e3d63a7-common-args.resp
    
    /Applications/Xcode.app/Contents/Developer/Toolchains/XcodeDefault.xctoolchain/usr/bin/clang -x objective-c -ivfsstatcache /Users/Veer/Library/Developer/Xcode/DerivedData/SDKStatCaches.noindex/iphoneos26.2-23C53-3794476bd08197c3e2abd9bb477ef7f7.sdkstatcache -fmessage-length\=0 -fdiagnostics-show-note-include-stack -fmacro-backtrace-limit\=0 -fno-color-diagnostics -fmodules-prune-interval\=86400 -fmodules-prune-after\=345600 -fbuild-session-file\=/Users/Veer/Library/Developer/Xcode/DerivedData/ModuleCache.noindex/Session.modulevalidation -fmodules-validate-once-per-build-session -Wnon-modular-include-in-framework-module -Werror\=non-modular-include-in-framework-module -Wno-trigraphs -Wno-missing-field-initializers -Wno-missing-prototypes -Wno-return-type -Wno-implicit-atomic-properties -Wno-objc-interface-ivars -Wno-arc-repeated-use-of-weak -Wno-missing-braces -Wparentheses -Wswitch -Wno-unused-function -Wno-unused-label -Wno-unused-parameter -Wno-unused-variable -Wunused-value -Wno-empty-body -Wno-uninitialized -Wno-unknown-pragmas -w -Wno-shadow -Wno-four-char-constants -Wno-conversion -Wno-constant-conversion -Wno-int-conversion -Wno-bool-conversion -Wno-enum-conversion -Wno-float-conversion -Wno-non-literal-null-conversion -Wno-objc-literal-conversion -Wshorten-64-to-32 -Wpointer-sign -Wno-newline-eof -Wno-selector -Wno-strict-selector-match -Wno-undeclared-selector -Wno-deprecated-implementations -Wno-implicit-fallthrough -fstrict-aliasing -Wprotocol -Wdeprecated-declarations -Wno-sign-conversion -Wno-infinite-recursion -Wno-comma -Wno-block-capture-autoreleasing -Wno-strict-prototypes -Wno-semicolon-before-method-body -index-store-path /Users/Veer/Library/Developer/Xcode/DerivedData/HearifyV1-ftljoypfezvlxcgouzbpmsmxzads/Index.noindex/DataStore @/Users/Veer/Library/Developer/Xcode/DerivedData/HearifyV1-ftljoypfezvlxcgouzbpmsmxzads/Build/Intermediates.noindex/Firebase.build/Debug-iphoneos/FirebaseCore.build/Objects-normal/arm64/e6072d4f65d7061329687fe24e3d63a7-common-args.resp -include /Users/Veer/Library/Developer/Xcode/DerivedData/HearifyV1-ftljoypfezvlxcgouzbpmsmxzads/Build/Intermediates.noindex/Firebase.build/Debug-iphoneos/FirebaseCore.build/DerivedSources/resource_bundle_accessor.h -MMD -MT dependencies -MF /Users/Veer/Library/Developer/Xcode/DerivedData/HearifyV1-ftljoypfezvlxcgouzbpmsmxzads/Build/Intermediates.noindex/Firebase.build/Debug-iphoneos/FirebaseCore.build/Objects-normal/arm64/FIRFirebaseUserAgent.d --serialize-diagnostics /Users/Veer/Library/Developer/Xcode/DerivedData/HearifyV1-ftljoypfezvlxcgouzbpmsmxzads/Build/Intermediates.noindex/Firebase.build/Debug-iphoneos/FirebaseCore.build/Objects-normal/arm64/FIRFirebaseUserAgent.dia -c /Users/Veer/Library/Developer/Xcode/DerivedData/HearifyV1-ftljoypfezvlxcgouzbpmsmxzads/SourcePackages/checkouts/firebase-ios-sdk/FirebaseCore/Sources/FIRFirebaseUserAgent.m -o /Users/Veer/Library/Developer/Xcode/DerivedData/HearifyV1-ftljoypfezvlxcgouzbpmsmxzads/Build/Intermediates.noindex/Firebase.build/Debug-iphoneos/FirebaseCore.build/Objects-normal/arm64/FIRFirebaseUserAgent.o -index-unit-output-path /Firebase.build/Debug-iphoneos/FirebaseCore.build/Objects-normal/arm64/FIRFirebaseUserAgent.o

CompileC /Users/Veer/Library/Developer/Xcode/DerivedData/HearifyV1-ftljoypfezvlxcgouzbpmsmxzads/Build/Intermediates.noindex/Firebase.build/Debug-iphoneos/FirebaseCore.build/Objects-normal/arm64/FIRBundleUtil.o /Users/Veer/Library/Developer/Xcode/DerivedData/HearifyV1-ftljoypfezvlxcgouzbpmsmxzads/SourcePackages/checkouts/firebase-ios-sdk/FirebaseCore/Sources/FIRBundleUtil.m normal arm64 objective-c com.apple.compilers.llvm.clang.1_0.compiler (in target 'FirebaseCore' from project 'Firebase')
    cd /Users/Veer/Library/Mobile\ Documents/com\~apple\~CloudDocs/HearifyV1/HearifyV1.xcodeproj
    
    Using response file: /Users/Veer/Library/Developer/Xcode/DerivedData/HearifyV1-ftljoypfezvlxcgouzbpmsmxzads/Build/Intermediates.noindex/Firebase.build/Debug-iphoneos/FirebaseCore.build/Objects-normal/arm64/e6072d4f65d7061329687fe24e3d63a7-common-args.resp
    
    /Applications/Xcode.app/Contents/Developer/Toolchains/XcodeDefault.xctoolchain/usr/bin/clang -x objective-c -ivfsstatcache /Users/Veer/Library/Developer/Xcode/DerivedData/SDKStatCaches.noindex/iphoneos26.2-23C53-3794476bd08197c3e2abd9bb477ef7f7.sdkstatcache -fmessage-length\=0 -fdiagnostics-show-note-include-stack -fmacro-backtrace-limit\=0 -fno-color-diagnostics -fmodules-prune-interval\=86400 -fmodules-prune-after\=345600 -fbuild-session-file\=/Users/Veer/Library/Developer/Xcode/DerivedData/ModuleCache.noindex/Session.modulevalidation -fmodules-validate-once-per-build-session -Wnon-modular-include-in-framework-module -Werror\=non-modular-include-in-framework-module -Wno-trigraphs -Wno-missing-field-initializers -Wno-missing-prototypes -Wno-return-type -Wno-implicit-atomic-properties -Wno-objc-interface-ivars -Wno-arc-repeated-use-of-weak -Wno-missing-braces -Wparentheses -Wswitch -Wno-unused-function -Wno-unused-label -Wno-unused-parameter -Wno-unused-variable -Wunused-value -Wno-empty-body -Wno-uninitialized -Wno-unknown-pragmas -w -Wno-shadow -Wno-four-char-constants -Wno-conversion -Wno-constant-conversion -Wno-int-conversion -Wno-bool-conversion -Wno-enum-conversion -Wno-float-conversion -Wno-non-literal-null-conversion -Wno-objc-literal-conversion -Wshorten-64-to-32 -Wpointer-sign -Wno-newline-eof -Wno-selector -Wno-strict-selector-match -Wno-undeclared-selector -Wno-deprecated-implementations -Wno-implicit-fallthrough -fstrict-aliasing -Wprotocol -Wdeprecated-declarations -Wno-sign-conversion -Wno-infinite-recursion -Wno-comma -Wno-block-capture-autoreleasing -Wno-strict-prototypes -Wno-semicolon-before-method-body -index-store-path /Users/Veer/Library/Developer/Xcode/DerivedData/HearifyV1-ftljoypfezvlxcgouzbpmsmxzads/Index.noindex/DataStore @/Users/Veer/Library/Developer/Xcode/DerivedData/HearifyV1-ftljoypfezvlxcgouzbpmsmxzads/Build/Intermediates.noindex/Firebase.build/Debug-iphoneos/FirebaseCore.build/Objects-normal/arm64/e6072d4f65d7061329687fe24e3d63a7-common-args.resp -include /Users/Veer/Library/Developer/Xcode/DerivedData/HearifyV1-ftljoypfezvlxcgouzbpmsmxzads/Build/Intermediates.noindex/Firebase.build/Debug-iphoneos/FirebaseCore.build/DerivedSources/resource_bundle_accessor.h -MMD -MT dependencies -MF /Users/Veer/Library/Developer/Xcode/DerivedData/HearifyV1-ftljoypfezvlxcgouzbpmsmxzads/Build/Intermediates.noindex/Firebase.build/Debug-iphoneos/FirebaseCore.build/Objects-normal/arm64/FIRBundleUtil.d --serialize-diagnostics /Users/Veer/Library/Developer/Xcode/DerivedData/HearifyV1-ftljoypfezvlxcgouzbpmsmxzads/Build/Intermediates.noindex/Firebase.build/Debug-iphoneos/FirebaseCore.build/Objects-normal/arm64/FIRBundleUtil.dia -c /Users/Veer/Library/Developer/Xcode/DerivedData/HearifyV1-ftljoypfezvlxcgouzbpmsmxzads/SourcePackages/checkouts/firebase-ios-sdk/FirebaseCore/Sources/FIRBundleUtil.m -o /Users/Veer/Library/Developer/Xcode/DerivedData/HearifyV1-ftljoypfezvlxcgouzbpmsmxzads/Build/Intermediates.noindex/Firebase.build/Debug-iphoneos/FirebaseCore.build/Objects-normal/arm64/FIRBundleUtil.o -index-unit-output-path /Firebase.build/Debug-iphoneos/FirebaseCore.build/Objects-normal/arm64/FIRBundleUtil.o

PrecompileModule /Users/Veer/Library/Developer/Xcode/DerivedData/HearifyV1-ftljoypfezvlxcgouzbpmsmxzads/Build/Intermediates.noindex/ExplicitPrecompiledModules/Metal-7T7R0ZXBPHVNI0MVD3KOFNOCN.scan
    cd /
    builtin-precompileModule /Users/Veer/Library/Developer/Xcode/DerivedData/HearifyV1-ftljoypfezvlxcgouzbpmsmxzads/Build/Intermediates.noindex/ExplicitPrecompiledModules/Metal-7T7R0ZXBPHVNI0MVD3KOFNOCN.scan

SwiftExplicitDependencyGeneratePcm arm64 /Users/Veer/Library/Developer/Xcode/DerivedData/ModuleCache.noindex/AudioToolbox-54IYWNI3RUF0AJ7ARIR0CV75W.pcm

SwiftExplicitDependencyGeneratePcm arm64 /Users/Veer/Library/Developer/Xcode/DerivedData/ModuleCache.noindex/AVRouting-37JNNHA337G5LHAORTKU2HYOH.pcm

PrecompileModule /Users/Veer/Library/Developer/Xcode/DerivedData/HearifyV1-ftljoypfezvlxcgouzbpmsmxzads/Build/Intermediates.noindex/ExplicitPrecompiledModules/CoreVideo-6TP7TJ3JRRPKG6NAONJXWSXT7.scan
    cd /
    builtin-precompileModule /Users/Veer/Library/Developer/Xcode/DerivedData/HearifyV1-ftljoypfezvlxcgouzbpmsmxzads/Build/Intermediates.noindex/ExplicitPrecompiledModules/CoreVideo-6TP7TJ3JRRPKG6NAONJXWSXT7.scan

SwiftExplicitDependencyGeneratePcm arm64 /Users/Veer/Library/Developer/Xcode/DerivedData/ModuleCache.noindex/ModelIO-D18U01YH1ZWEW3H0VMRPRD1LR.pcm

SwiftExplicitDependencyGeneratePcm arm64 /Users/Veer/Library/Developer/Xcode/DerivedData/ModuleCache.noindex/Spatial-7RJBUMCTKHWIF5BHLAWX9HC13.pcm

SwiftExplicitDependencyGeneratePcm arm64 /Users/Veer/Library/Developer/Xcode/DerivedData/ModuleCache.noindex/AVFAudio-986I6OTFNXXJ731MDQSXM632D.pcm

SwiftExplicitDependencyGeneratePcm arm64 /Users/Veer/Library/Developer/Xcode/DerivedData/ModuleCache.noindex/MediaToolbox-B38ALDSPHPW3GRJVPFU3KSRCC.pcm

PrecompileModule /Users/Veer/Library/Developer/Xcode/DerivedData/HearifyV1-ftljoypfezvlxcgouzbpmsmxzads/Build/Intermediates.noindex/ExplicitPrecompiledModules/CoreImage-2FTFXGCGY7D6ORZ0L1SWDFCZ5.scan
    cd /
    builtin-precompileModule /Users/Veer/Library/Developer/Xcode/DerivedData/HearifyV1-ftljoypfezvlxcgouzbpmsmxzads/Build/Intermediates.noindex/ExplicitPrecompiledModules/CoreImage-2FTFXGCGY7D6ORZ0L1SWDFCZ5.scan

PrecompileModule /Users/Veer/Library/Developer/Xcode/DerivedData/HearifyV1-ftljoypfezvlxcgouzbpmsmxzads/Build/Intermediates.noindex/ExplicitPrecompiledModules/QuartzCore-8SWVHN36ZIUY2M3E5DDQFT161.scan
    cd /
    builtin-precompileModule /Users/Veer/Library/Developer/Xcode/DerivedData/HearifyV1-ftljoypfezvlxcgouzbpmsmxzads/Build/Intermediates.noindex/ExplicitPrecompiledModules/QuartzCore-8SWVHN36ZIUY2M3E5DDQFT161.scan

PrecompileModule /Users/Veer/Library/Developer/Xcode/DerivedData/HearifyV1-ftljoypfezvlxcgouzbpmsmxzads/Build/Intermediates.noindex/ExplicitPrecompiledModules/UIKit-BESD67DTDTBKETZSSBMJ3HJ0S.scan
    cd /
    builtin-precompileModule /Users/Veer/Library/Developer/Xcode/DerivedData/HearifyV1-ftljoypfezvlxcgouzbpmsmxzads/Build/Intermediates.noindex/ExplicitPrecompiledModules/UIKit-BESD67DTDTBKETZSSBMJ3HJ0S.scan

SwiftExplicitDependencyGeneratePcm arm64 /Users/Veer/Library/Developer/Xcode/DerivedData/ModuleCache.noindex/AVFoundation-4XP3Y8OX7414IHA094YKDQTTL.pcm

SwiftExplicitDependencyGeneratePcm arm64 /Users/Veer/Library/Developer/Xcode/DerivedData/ModuleCache.noindex/AuthenticationServices-6XO59F9L1YI73YNQWGEITDJK8.pcm

SwiftExplicitDependencyGeneratePcm arm64 /Users/Veer/Library/Developer/Xcode/DerivedData/ModuleCache.noindex/SafariServices-5DMQX7M8TQNPKTRHSCK86RZT9.pcm

SwiftExplicitDependencyGeneratePcm arm64 /Users/Veer/Library/Developer/Xcode/DerivedData/HearifyV1-ftljoypfezvlxcgouzbpmsmxzads/Build/Intermediates.noindex/SwiftExplicitPrecompiledModules/GTMSessionFetcherCore-ARF3AR9Y0W82HL2SPX1ZFVZ6J.pcm

SwiftExplicitDependencyGeneratePcm arm64 /Users/Veer/Library/Developer/Xcode/DerivedData/ModuleCache.noindex/WebKit-7SM9MDWV9XMGHZWKRKS1RO6X4.pcm

SwiftExplicitDependencyGeneratePcm arm64 /Users/Veer/Library/Developer/Xcode/DerivedData/ModuleCache.noindex/GLKit-DVAVBTBEPE0CNYSX1XNV4FI1N.pcm

SwiftExplicitDependencyGeneratePcm arm64 /Users/Veer/Library/Developer/Xcode/DerivedData/HearifyV1-ftljoypfezvlxcgouzbpmsmxzads/Build/Intermediates.noindex/SwiftExplicitPrecompiledModules/FirebaseFirestoreInternal-CDZFX7XGZY6MCXFHQH4SQJE0N.pcm

SwiftExplicitDependencyGeneratePcm arm64 /Users/Veer/Library/Developer/Xcode/DerivedData/ModuleCache.noindex/GameController-8DJ2TQQCLHK7HILRI0CS7R8WC.pcm

SwiftExplicitDependencyGeneratePcm arm64 /Users/Veer/Library/Developer/Xcode/DerivedData/HearifyV1-ftljoypfezvlxcgouzbpmsmxzads/Build/Intermediates.noindex/SwiftExplicitPrecompiledModules/GoogleUtilities_AppDelegateSwizzler-48XIXGQ8656DN26SRHWPHNB2P.pcm

SwiftExplicitDependencyGeneratePcm arm64 /Users/Veer/Library/Developer/Xcode/DerivedData/ModuleCache.noindex/SwiftUI-8CFRG7YOEZ91O5OGSVZOT4058.pcm

SwiftExplicitDependencyGeneratePcm arm64 /Users/Veer/Library/Developer/Xcode/DerivedData/ModuleCache.noindex/MetalKit-BNCLOIVC6S1EV5G00ILI8YM86.pcm

SwiftEmitModule normal arm64 Emitting\ module\ for\ FirebaseStorage (in target 'FirebaseStorage' from project 'Firebase')
EmitSwiftModule normal arm64 (in target 'FirebaseStorage' from project 'Firebase')
    cd /Users/Veer/Library/Mobile\ Documents/com\~apple\~CloudDocs/HearifyV1/HearifyV1.xcodeproj
    

SwiftExplicitDependencyGeneratePcm arm64 /Users/Veer/Library/Developer/Xcode/DerivedData/HearifyV1-ftljoypfezvlxcgouzbpmsmxzads/Build/Intermediates.noindex/SwiftExplicitPrecompiledModules/FirebaseFirestoreInternalWrapper-29N9S8U0V6YX11IXM7DM1LOUB.pcm

SwiftCompile normal arm64 Compiling\ StorageReference.swift,\ StorageTask.swift /Users/Veer/Library/Developer/Xcode/DerivedData/HearifyV1-ftljoypfezvlxcgouzbpmsmxzads/SourcePackages/checkouts/firebase-ios-sdk/FirebaseStorage/Sources/StorageReference.swift /Users/Veer/Library/Developer/Xcode/DerivedData/HearifyV1-ftljoypfezvlxcgouzbpmsmxzads/SourcePackages/checkouts/firebase-ios-sdk/FirebaseStorage/Sources/StorageTask.swift (in target 'FirebaseStorage' from project 'Firebase')
SwiftCompile normal arm64 /Users/Veer/Library/Developer/Xcode/DerivedData/HearifyV1-ftljoypfezvlxcgouzbpmsmxzads/SourcePackages/checkouts/firebase-ios-sdk/FirebaseStorage/Sources/StorageReference.swift (in target 'FirebaseStorage' from project 'Firebase')
    cd /Users/Veer/Library/Mobile\ Documents/com\~apple\~CloudDocs/HearifyV1/HearifyV1.xcodeproj
    

SwiftCompile normal arm64 /Users/Veer/Library/Developer/Xcode/DerivedData/HearifyV1-ftljoypfezvlxcgouzbpmsmxzads/SourcePackages/checkouts/firebase-ios-sdk/FirebaseStorage/Sources/StorageTask.swift (in target 'FirebaseStorage' from project 'Firebase')
    cd /Users/Veer/Library/Mobile\ Documents/com\~apple\~CloudDocs/HearifyV1/HearifyV1.xcodeproj
    

SwiftCompile normal arm64 Compiling\ StorageTaskSnapshot.swift,\ StorageUploadTask.swift /Users/Veer/Library/Developer/Xcode/DerivedData/HearifyV1-ftljoypfezvlxcgouzbpmsmxzads/SourcePackages/checkouts/firebase-ios-sdk/FirebaseStorage/Sources/StorageTaskSnapshot.swift /Users/Veer/Library/Developer/Xcode/DerivedData/HearifyV1-ftljoypfezvlxcgouzbpmsmxzads/SourcePackages/checkouts/firebase-ios-sdk/FirebaseStorage/Sources/StorageUploadTask.swift (in target 'FirebaseStorage' from project 'Firebase')
SwiftCompile normal arm64 /Users/Veer/Library/Developer/Xcode/DerivedData/HearifyV1-ftljoypfezvlxcgouzbpmsmxzads/SourcePackages/checkouts/firebase-ios-sdk/FirebaseStorage/Sources/StorageTaskSnapshot.swift (in target 'FirebaseStorage' from project 'Firebase')
    cd /Users/Veer/Library/Mobile\ Documents/com\~apple\~CloudDocs/HearifyV1/HearifyV1.xcodeproj
    

SwiftCompile normal arm64 /Users/Veer/Library/Developer/Xcode/DerivedData/HearifyV1-ftljoypfezvlxcgouzbpmsmxzads/SourcePackages/checkouts/firebase-ios-sdk/FirebaseStorage/Sources/StorageUploadTask.swift (in target 'FirebaseStorage' from project 'Firebase')
    cd /Users/Veer/Library/Mobile\ Documents/com\~apple\~CloudDocs/HearifyV1/HearifyV1.xcodeproj
    

SwiftCompile normal arm64 Compiling\ Result.swift,\ Storage.swift /Users/Veer/Library/Developer/Xcode/DerivedData/HearifyV1-ftljoypfezvlxcgouzbpmsmxzads/SourcePackages/checkouts/firebase-ios-sdk/FirebaseStorage/Sources/Result.swift /Users/Veer/Library/Developer/Xcode/DerivedData/HearifyV1-ftljoypfezvlxcgouzbpmsmxzads/SourcePackages/checkouts/firebase-ios-sdk/FirebaseStorage/Sources/Storage.swift (in target 'FirebaseStorage' from project 'Firebase')

SwiftCompile normal arm64 /Users/Veer/Library/Developer/Xcode/DerivedData/HearifyV1-ftljoypfezvlxcgouzbpmsmxzads/SourcePackages/checkouts/firebase-ios-sdk/FirebaseStorage/Sources/Result.swift (in target 'FirebaseStorage' from project 'Firebase')
    cd /Users/Veer/Library/Mobile\ Documents/com\~apple\~CloudDocs/HearifyV1/HearifyV1.xcodeproj
    

SwiftCompile normal arm64 /Users/Veer/Library/Developer/Xcode/DerivedData/HearifyV1-ftljoypfezvlxcgouzbpmsmxzads/SourcePackages/checkouts/firebase-ios-sdk/FirebaseStorage/Sources/Storage.swift (in target 'FirebaseStorage' from project 'Firebase')
    cd /Users/Veer/Library/Mobile\ Documents/com\~apple\~CloudDocs/HearifyV1/HearifyV1.xcodeproj
    

SwiftCompile normal arm64 Compiling\ AsyncAwait.swift,\ StorageDeleteTask.swift,\ StorageFetcherService.swift /Users/Veer/Library/Developer/Xcode/DerivedData/HearifyV1-ftljoypfezvlxcgouzbpmsmxzads/SourcePackages/checkouts/firebase-ios-sdk/FirebaseStorage/Sources/AsyncAwait.swift /Users/Veer/Library/Developer/Xcode/DerivedData/HearifyV1-ftljoypfezvlxcgouzbpmsmxzads/SourcePackages/checkouts/firebase-ios-sdk/FirebaseStorage/Sources/Internal/StorageDeleteTask.swift /Users/Veer/Library/Developer/Xcode/DerivedData/HearifyV1-ftljoypfezvlxcgouzbpmsmxzads/SourcePackages/checkouts/firebase-ios-sdk/FirebaseStorage/Sources/Internal/StorageFetcherService.swift (in target 'FirebaseStorage' from project 'Firebase')

SwiftCompile normal arm64 /Users/Veer/Library/Developer/Xcode/DerivedData/HearifyV1-ftljoypfezvlxcgouzbpmsmxzads/SourcePackages/checkouts/firebase-ios-sdk/FirebaseStorage/Sources/AsyncAwait.swift (in target 'FirebaseStorage' from project 'Firebase')
    cd /Users/Veer/Library/Mobile\ Documents/com\~apple\~CloudDocs/HearifyV1/HearifyV1.xcodeproj
    

SwiftCompile normal arm64 /Users/Veer/Library/Developer/Xcode/DerivedData/HearifyV1-ftljoypfezvlxcgouzbpmsmxzads/SourcePackages/checkouts/firebase-ios-sdk/FirebaseStorage/Sources/Internal/StorageDeleteTask.swift (in target 'FirebaseStorage' from project 'Firebase')
    cd /Users/Veer/Library/Mobile\ Documents/com\~apple\~CloudDocs/HearifyV1/HearifyV1.xcodeproj
    

SwiftCompile normal arm64 /Users/Veer/Library/Developer/Xcode/DerivedData/HearifyV1-ftljoypfezvlxcgouzbpmsmxzads/SourcePackages/checkouts/firebase-ios-sdk/FirebaseStorage/Sources/Internal/StorageFetcherService.swift (in target 'FirebaseStorage' from project 'Firebase')
    cd /Users/Veer/Library/Mobile\ Documents/com\~apple\~CloudDocs/HearifyV1/HearifyV1.xcodeproj
    

SwiftExplicitDependencyGeneratePcm arm64 /Users/Veer/Library/Developer/Xcode/DerivedData/ModuleCache.noindex/SceneKit-7K30MPO0DUDJQ18DPR0U9H3H0.pcm

SwiftExplicitDependencyGeneratePcm arm64 /Users/Veer/Library/Developer/Xcode/DerivedData/ModuleCache.noindex/ReplayKit-8Q40GWRAMSEUICGGSL11ME77E.pcm

SwiftExplicitDependencyGeneratePcm arm64 /Users/Veer/Library/Developer/Xcode/DerivedData/ModuleCache.noindex/SpriteKit-5I0UY27JXU0535BEI7OHRGNSO.pcm

SwiftEmitModule normal arm64 Emitting\ module\ for\ FirebaseFirestore (in target 'FirebaseFirestore' from project 'Firebase')

EmitSwiftModule normal arm64 (in target 'FirebaseFirestore' from project 'Firebase')
    cd /Users/Veer/Library/Mobile\ Documents/com\~apple\~CloudDocs/HearifyV1/HearifyV1.xcodeproj
    

CompileC /Users/Veer/Library/Developer/Xcode/DerivedData/HearifyV1-ftljoypfezvlxcgouzbpmsmxzads/Build/Intermediates.noindex/Firebase.build/Debug-iphoneos/FirebaseCore.build/Objects-normal/arm64/FIRApp.o /Users/Veer/Library/Developer/Xcode/DerivedData/HearifyV1-ftljoypfezvlxcgouzbpmsmxzads/SourcePackages/checkouts/firebase-ios-sdk/FirebaseCore/Sources/FIRApp.m normal arm64 objective-c com.apple.compilers.llvm.clang.1_0.compiler (in target 'FirebaseCore' from project 'Firebase')
    cd /Users/Veer/Library/Mobile\ Documents/com\~apple\~CloudDocs/HearifyV1/HearifyV1.xcodeproj
    
    Using response file: /Users/Veer/Library/Developer/Xcode/DerivedData/HearifyV1-ftljoypfezvlxcgouzbpmsmxzads/Build/Intermediates.noindex/Firebase.build/Debug-iphoneos/FirebaseCore.build/Objects-normal/arm64/e6072d4f65d7061329687fe24e3d63a7-common-args.resp
    
    /Applications/Xcode.app/Contents/Developer/Toolchains/XcodeDefault.xctoolchain/usr/bin/clang -x objective-c -ivfsstatcache /Users/Veer/Library/Developer/Xcode/DerivedData/SDKStatCaches.noindex/iphoneos26.2-23C53-3794476bd08197c3e2abd9bb477ef7f7.sdkstatcache -fmessage-length\=0 -fdiagnostics-show-note-include-stack -fmacro-backtrace-limit\=0 -fno-color-diagnostics -fmodules-prune-interval\=86400 -fmodules-prune-after\=345600 -fbuild-session-file\=/Users/Veer/Library/Developer/Xcode/DerivedData/ModuleCache.noindex/Session.modulevalidation -fmodules-validate-once-per-build-session -Wnon-modular-include-in-framework-module -Werror\=non-modular-include-in-framework-module -Wno-trigraphs -Wno-missing-field-initializers -Wno-missing-prototypes -Wno-return-type -Wno-implicit-atomic-properties -Wno-objc-interface-ivars -Wno-arc-repeated-use-of-weak -Wno-missing-braces -Wparentheses -Wswitch -Wno-unused-function -Wno-unused-label -Wno-unused-parameter -Wno-unused-variable -Wunused-value -Wno-empty-body -Wno-uninitialized -Wno-unknown-pragmas -w -Wno-shadow -Wno-four-char-constants -Wno-conversion -Wno-constant-conversion -Wno-int-conversion -Wno-bool-conversion -Wno-enum-conversion -Wno-float-conversion -Wno-non-literal-null-conversion -Wno-objc-literal-conversion -Wshorten-64-to-32 -Wpointer-sign -Wno-newline-eof -Wno-selector -Wno-strict-selector-match -Wno-undeclared-selector -Wno-deprecated-implementations -Wno-implicit-fallthrough -fstrict-aliasing -Wprotocol -Wdeprecated-declarations -Wno-sign-conversion -Wno-infinite-recursion -Wno-comma -Wno-block-capture-autoreleasing -Wno-strict-prototypes -Wno-semicolon-before-method-body -index-store-path /Users/Veer/Library/Developer/Xcode/DerivedData/HearifyV1-ftljoypfezvlxcgouzbpmsmxzads/Index.noindex/DataStore @/Users/Veer/Library/Developer/Xcode/DerivedData/HearifyV1-ftljoypfezvlxcgouzbpmsmxzads/Build/Intermediates.noindex/Firebase.build/Debug-iphoneos/FirebaseCore.build/Objects-normal/arm64/e6072d4f65d7061329687fe24e3d63a7-common-args.resp -include /Users/Veer/Library/Developer/Xcode/DerivedData/HearifyV1-ftljoypfezvlxcgouzbpmsmxzads/Build/Intermediates.noindex/Firebase.build/Debug-iphoneos/FirebaseCore.build/DerivedSources/resource_bundle_accessor.h -MMD -MT dependencies -MF /Users/Veer/Library/Developer/Xcode/DerivedData/HearifyV1-ftljoypfezvlxcgouzbpmsmxzads/Build/Intermediates.noindex/Firebase.build/Debug-iphoneos/FirebaseCore.build/Objects-normal/arm64/FIRApp.d --serialize-diagnostics /Users/Veer/Library/Developer/Xcode/DerivedData/HearifyV1-ftljoypfezvlxcgouzbpmsmxzads/Build/Intermediates.noindex/Firebase.build/Debug-iphoneos/FirebaseCore.build/Objects-normal/arm64/FIRApp.dia -c /Users/Veer/Library/Developer/Xcode/DerivedData/HearifyV1-ftljoypfezvlxcgouzbpmsmxzads/SourcePackages/checkouts/firebase-ios-sdk/FirebaseCore/Sources/FIRApp.m -o /Users/Veer/Library/Developer/Xcode/DerivedData/HearifyV1-ftljoypfezvlxcgouzbpmsmxzads/Build/Intermediates.noindex/Firebase.build/Debug-iphoneos/FirebaseCore.build/Objects-normal/arm64/FIRApp.o -index-unit-output-path /Firebase.build/Debug-iphoneos/FirebaseCore.build/Objects-normal/arm64/FIRApp.o

SwiftCompile normal arm64 Compiling\ StorageMetadata.swift,\ StorageObservableTask.swift /Users/Veer/Library/Developer/Xcode/DerivedData/HearifyV1-ftljoypfezvlxcgouzbpmsmxzads/SourcePackages/checkouts/firebase-ios-sdk/FirebaseStorage/Sources/StorageMetadata.swift /Users/Veer/Library/Developer/Xcode/DerivedData/HearifyV1-ftljoypfezvlxcgouzbpmsmxzads/SourcePackages/checkouts/firebase-ios-sdk/FirebaseStorage/Sources/StorageObservableTask.swift (in target 'FirebaseStorage' from project 'Firebase')

SwiftCompile normal arm64 /Users/Veer/Library/Developer/Xcode/DerivedData/HearifyV1-ftljoypfezvlxcgouzbpmsmxzads/SourcePackages/checkouts/firebase-ios-sdk/FirebaseStorage/Sources/StorageMetadata.swift (in target 'FirebaseStorage' from project 'Firebase')
    cd /Users/Veer/Library/Mobile\ Documents/com\~apple\~CloudDocs/HearifyV1/HearifyV1.xcodeproj
    

SwiftCompile normal arm64 /Users/Veer/Library/Developer/Xcode/DerivedData/HearifyV1-ftljoypfezvlxcgouzbpmsmxzads/SourcePackages/checkouts/firebase-ios-sdk/FirebaseStorage/Sources/StorageObservableTask.swift (in target 'FirebaseStorage' from project 'Firebase')
    cd /Users/Veer/Library/Mobile\ Documents/com\~apple\~CloudDocs/HearifyV1/HearifyV1.xcodeproj
    

SwiftCompile normal arm64 Compiling\ StorageGetDownloadURLTask.swift,\ StorageGetMetadataTask.swift,\ StorageInternalTask.swift /Users/Veer/Library/Developer/Xcode/DerivedData/HearifyV1-ftljoypfezvlxcgouzbpmsmxzads/SourcePackages/checkouts/firebase-ios-sdk/FirebaseStorage/Sources/Internal/StorageGetDownloadURLTask.swift /Users/Veer/Library/Developer/Xcode/DerivedData/HearifyV1-ftljoypfezvlxcgouzbpmsmxzads/SourcePackages/checkouts/firebase-ios-sdk/FirebaseStorage/Sources/Internal/StorageGetMetadataTask.swift /Users/Veer/Library/Developer/Xcode/DerivedData/HearifyV1-ftljoypfezvlxcgouzbpmsmxzads/SourcePackages/checkouts/firebase-ios-sdk/FirebaseStorage/Sources/Internal/StorageInternalTask.swift (in target 'FirebaseStorage' from project 'Firebase')

SwiftCompile normal arm64 /Users/Veer/Library/Developer/Xcode/DerivedData/HearifyV1-ftljoypfezvlxcgouzbpmsmxzads/SourcePackages/checkouts/firebase-ios-sdk/FirebaseStorage/Sources/Internal/StorageGetDownloadURLTask.swift (in target 'FirebaseStorage' from project 'Firebase')
    cd /Users/Veer/Library/Mobile\ Documents/com\~apple\~CloudDocs/HearifyV1/HearifyV1.xcodeproj
    

SwiftCompile normal arm64 /Users/Veer/Library/Developer/Xcode/DerivedData/HearifyV1-ftljoypfezvlxcgouzbpmsmxzads/SourcePackages/checkouts/firebase-ios-sdk/FirebaseStorage/Sources/Internal/StorageGetMetadataTask.swift (in target 'FirebaseStorage' from project 'Firebase')
    cd /Users/Veer/Library/Mobile\ Documents/com\~apple\~CloudDocs/HearifyV1/HearifyV1.xcodeproj
    

SwiftCompile normal arm64 /Users/Veer/Library/Developer/Xcode/DerivedData/HearifyV1-ftljoypfezvlxcgouzbpmsmxzads/SourcePackages/checkouts/firebase-ios-sdk/FirebaseStorage/Sources/Internal/StorageInternalTask.swift (in target 'FirebaseStorage' from project 'Firebase')
    cd /Users/Veer/Library/Mobile\ Documents/com\~apple\~CloudDocs/HearifyV1/HearifyV1.xcodeproj
    

Ld /Users/Veer/Library/Developer/Xcode/DerivedData/HearifyV1-ftljoypfezvlxcgouzbpmsmxzads/Build/Products/Debug-iphoneos/FirebaseCore.o normal (in target 'FirebaseCore' from project 'Firebase')
    cd /Users/Veer/Library/Developer/Xcode/DerivedData/HearifyV1-ftljoypfezvlxcgouzbpmsmxzads/SourcePackages/checkouts/firebase-ios-sdk
    /Applications/Xcode.app/Contents/Developer/Toolchains/XcodeDefault.xctoolchain/usr/bin/clang -Xlinker -reproducible -target arm64-apple-ios15.0 -r -isysroot /Applications/Xcode.app/Contents/Developer/Platforms/iPhoneOS.platform/Developer/SDKs/iPhoneOS26.2.sdk -O0 -w -L/Users/Veer/Library/Developer/Xcode/DerivedData/HearifyV1-ftljoypfezvlxcgouzbpmsmxzads/Build/Intermediates.noindex/EagerLinkingTBDs/Debug-iphoneos -L/Users/Veer/Library/Developer/Xcode/DerivedData/HearifyV1-ftljoypfezvlxcgouzbpmsmxzads/Build/Products/Debug-iphoneos -L/Applications/Xcode.app/Contents/Developer/Platforms/iPhoneOS.platform/Developer/usr/lib -F/Users/Veer/Library/Developer/Xcode/DerivedData/HearifyV1-ftljoypfezvlxcgouzbpmsmxzads/Build/Intermediates.noindex/EagerLinkingTBDs/Debug-iphoneos -F/Users/Veer/Library/Developer/Xcode/DerivedData/HearifyV1-ftljoypfezvlxcgouzbpmsmxzads/Build/Products/Debug-iphoneos/PackageFrameworks -F/Users/Veer/Library/Developer/Xcode/DerivedData/HearifyV1-ftljoypfezvlxcgouzbpmsmxzads/Build/Products/Debug-iphoneos/PackageFrameworks -F/Users/Veer/Library/Developer/Xcode/DerivedData/HearifyV1-ftljoypfezvlxcgouzbpmsmxzads/Build/Products/Debug-iphoneos/PackageFrameworks -F/Users/Veer/Library/Developer/Xcode/DerivedData/HearifyV1-ftljoypfezvlxcgouzbpmsmxzads/Build/Products/Debug-iphoneos/PackageFrameworks -F/Users/Veer/Library/Developer/Xcode/DerivedData/HearifyV1-ftljoypfezvlxcgouzbpmsmxzads/Build/Products/Debug-iphoneos/PackageFrameworks -F/Users/Veer/Library/Developer/Xcode/DerivedData/HearifyV1-ftljoypfezvlxcgouzbpmsmxzads/Build/Products/Debug-iphoneos/PackageFrameworks -F/Users/Veer/Library/Developer/Xcode/DerivedData/HearifyV1-ftljoypfezvlxcgouzbpmsmxzads/Build/Products/Debug-iphoneos -iframework /Applications/Xcode.app/Contents/Developer/Platforms/iPhoneOS.platform/Developer/Library/Frameworks -iframework /Applications/Xcode.app/Contents/Developer/Platforms/iPhoneOS.platform/Developer/SDKs/iPhoneOS26.2.sdk/Developer/Library/Frameworks -filelist /Users/Veer/Library/Developer/Xcode/DerivedData/HearifyV1-ftljoypfezvlxcgouzbpmsmxzads/Build/Intermediates.noindex/Firebase.build/Debug-iphoneos/FirebaseCore.build/Objects-normal/arm64/FirebaseCore.LinkFileList -nostdlib -Xlinker -object_path_lto -Xlinker /Users/Veer/Library/Developer/Xcode/DerivedData/HearifyV1-ftljoypfezvlxcgouzbpmsmxzads/Build/Intermediates.noindex/Firebase.build/Debug-iphoneos/FirebaseCore.build/Objects-normal/arm64/FirebaseCore_lto.o -rdynamic -Xlinker -no_deduplicate -Xlinker -debug_variant -Xlinker -dependency_info -Xlinker /Users/Veer/Library/Developer/Xcode/DerivedData/HearifyV1-ftljoypfezvlxcgouzbpmsmxzads/Build/Intermediates.noindex/Firebase.build/Debug-iphoneos/FirebaseCore.build/Objects-normal/arm64/FirebaseCore_dependency_info.dat -fobjc-arc -fobjc-link-runtime -o /Users/Veer/Library/Developer/Xcode/DerivedData/HearifyV1-ftljoypfezvlxcgouzbpmsmxzads/Build/Products/Debug-iphoneos/FirebaseCore.o

SwiftCompile normal arm64 Compiling\ StorageError.swift,\ StorageListResult.swift /Users/Veer/Library/Developer/Xcode/DerivedData/HearifyV1-ftljoypfezvlxcgouzbpmsmxzads/SourcePackages/checkouts/firebase-ios-sdk/FirebaseStorage/Sources/StorageError.swift /Users/Veer/Library/Developer/Xcode/DerivedData/HearifyV1-ftljoypfezvlxcgouzbpmsmxzads/SourcePackages/checkouts/firebase-ios-sdk/FirebaseStorage/Sources/StorageListResult.swift (in target 'FirebaseStorage' from project 'Firebase')

SwiftCompile normal arm64 /Users/Veer/Library/Developer/Xcode/DerivedData/HearifyV1-ftljoypfezvlxcgouzbpmsmxzads/SourcePackages/checkouts/firebase-ios-sdk/FirebaseStorage/Sources/StorageError.swift (in target 'FirebaseStorage' from project 'Firebase')
    cd /Users/Veer/Library/Mobile\ Documents/com\~apple\~CloudDocs/HearifyV1/HearifyV1.xcodeproj
    

SwiftCompile normal arm64 /Users/Veer/Library/Developer/Xcode/DerivedData/HearifyV1-ftljoypfezvlxcgouzbpmsmxzads/SourcePackages/checkouts/firebase-ios-sdk/FirebaseStorage/Sources/StorageListResult.swift (in target 'FirebaseStorage' from project 'Firebase')
    cd /Users/Veer/Library/Mobile\ Documents/com\~apple\~CloudDocs/HearifyV1/HearifyV1.xcodeproj
    

SwiftExplicitDependencyGeneratePcm arm64 /Users/Veer/Library/Developer/Xcode/DerivedData/ModuleCache.noindex/GameplayKit-6RG6968Z22RETAKWRTTGCQAQN.pcm

SwiftCompile normal arm64 Compiling\ StorageListTask.swift,\ StoragePath.swift,\ StorageTaskState.swift /Users/Veer/Library/Developer/Xcode/DerivedData/HearifyV1-ftljoypfezvlxcgouzbpmsmxzads/SourcePackages/checkouts/firebase-ios-sdk/FirebaseStorage/Sources/Internal/StorageListTask.swift /Users/Veer/Library/Developer/Xcode/DerivedData/HearifyV1-ftljoypfezvlxcgouzbpmsmxzads/SourcePackages/checkouts/firebase-ios-sdk/FirebaseStorage/Sources/Internal/StoragePath.swift /Users/Veer/Library/Developer/Xcode/DerivedData/HearifyV1-ftljoypfezvlxcgouzbpmsmxzads/SourcePackages/checkouts/firebase-ios-sdk/FirebaseStorage/Sources/Internal/StorageTaskState.swift (in target 'FirebaseStorage' from project 'Firebase')

SwiftCompile normal arm64 /Users/Veer/Library/Developer/Xcode/DerivedData/HearifyV1-ftljoypfezvlxcgouzbpmsmxzads/SourcePackages/checkouts/firebase-ios-sdk/FirebaseStorage/Sources/Internal/StorageListTask.swift (in target 'FirebaseStorage' from project 'Firebase')
    cd /Users/Veer/Library/Mobile\ Documents/com\~apple\~CloudDocs/HearifyV1/HearifyV1.xcodeproj
    

SwiftCompile normal arm64 /Users/Veer/Library/Developer/Xcode/DerivedData/HearifyV1-ftljoypfezvlxcgouzbpmsmxzads/SourcePackages/checkouts/firebase-ios-sdk/FirebaseStorage/Sources/Internal/StoragePath.swift (in target 'FirebaseStorage' from project 'Firebase')
    cd /Users/Veer/Library/Mobile\ Documents/com\~apple\~CloudDocs/HearifyV1/HearifyV1.xcodeproj
    

SwiftCompile normal arm64 /Users/Veer/Library/Developer/Xcode/DerivedData/HearifyV1-ftljoypfezvlxcgouzbpmsmxzads/SourcePackages/checkouts/firebase-ios-sdk/FirebaseStorage/Sources/Internal/StorageTaskState.swift (in target 'FirebaseStorage' from project 'Firebase')
    cd /Users/Veer/Library/Mobile\ Documents/com\~apple\~CloudDocs/HearifyV1/HearifyV1.xcodeproj
    

SwiftDriverJobDiscovery normal arm64 Emitting module for FirebaseStorage (in target 'FirebaseStorage' from project 'Firebase')

SwiftDriver\ Compilation\ Requirements FirebaseStorage normal arm64 com.apple.xcode.tools.swift.compiler (in target 'FirebaseStorage' from project 'Firebase')
    cd /Users/Veer/Library/Mobile\ Documents/com\~apple\~CloudDocs/HearifyV1/HearifyV1.xcodeproj
    builtin-Swift-Compilation-Requirements -- /Applications/Xcode.app/Contents/Developer/Toolchains/XcodeDefault.xctoolchain/usr/bin/swiftc -module-name FirebaseStorage -Onone -enforce-exclusivity\=checked @/Users/Veer/Library/Developer/Xcode/DerivedData/HearifyV1-ftljoypfezvlxcgouzbpmsmxzads/Build/Intermediates.noindex/Firebase.build/Debug-iphoneos/FirebaseStorage.build/Objects-normal/arm64/FirebaseStorage.SwiftFileList -DSWIFT_PACKAGE -DDEBUG -DSWIFT_MODULE_RESOURCE_BUNDLE_UNAVAILABLE -Xcc -fmodule-map-file\=/Users/Veer/Library/Developer/Xcode/DerivedData/HearifyV1-ftljoypfezvlxcgouzbpmsmxzads/Build/Intermediates.noindex/GeneratedModuleMaps-iphoneos/GoogleUtilities-NSData.modulemap -Xcc -fmodule-map-file\=/Users/Veer/Library/Developer/Xcode/DerivedData/HearifyV1-ftljoypfezvlxcgouzbpmsmxzads/Build/Intermediates.noindex/GeneratedModuleMaps-iphoneos/GoogleUtilities-Environment.modulemap -Xcc -fmodule-map-file\=/Users/Veer/Library/Developer/Xcode/DerivedData/HearifyV1-ftljoypfezvlxcgouzbpmsmxzads/Build/Intermediates.noindex/GeneratedModuleMaps-iphoneos/third-party-IsAppEncrypted.modulemap -Xcc -fmodule-map-file\=/Users/Veer/Library/Developer/Xcode/DerivedData/HearifyV1-ftljoypfezvlxcgouzbpmsmxzads/Build/Intermediates.noindex/GeneratedModuleMaps-iphoneos/GoogleUtilities-Logger.modulemap -Xcc -fmodule-map-file\=/Users/Veer/Library/Developer/Xcode/DerivedData/HearifyV1-ftljoypfezvlxcgouzbpmsmxzads/Build/Intermediates.noindex/GeneratedModuleMaps-iphoneos/GTMSessionFetcherCore.modulemap -Xcc -fmodule-map-file\=/Users/Veer/Library/Developer/Xcode/DerivedData/HearifyV1-ftljoypfezvlxcgouzbpmsmxzads/Build/Intermediates.noindex/GeneratedModuleMaps-iphoneos/FirebaseCoreExtension.modulemap -Xcc -fmodule-map-file\=/Users/Veer/Library/Developer/Xcode/DerivedData/HearifyV1-ftljoypfezvlxcgouzbpmsmxzads/Build/Intermediates.noindex/GeneratedModuleMaps-iphoneos/FirebaseCore.modulemap -Xcc -fmodule-map-file\=/Users/Veer/Library/Developer/Xcode/DerivedData/HearifyV1-ftljoypfezvlxcgouzbpmsmxzads/Build/Intermediates.noindex/GeneratedModuleMaps-iphoneos/FirebaseAuthInterop.modulemap -Xcc -fmodule-map-file\=/Users/Veer/Library/Developer/Xcode/DerivedData/HearifyV1-ftljoypfezvlxcgouzbpmsmxzads/Build/Intermediates.noindex/GeneratedModuleMaps-iphoneos/FirebaseAppCheckInterop.modulemap -DXcode -plugin-path /Applications/Xcode.app/Contents/Developer/Toolchains/XcodeDefault.xctoolchain/usr/lib/swift/host/plugins/testing -enable-experimental-feature DebugDescriptionMacro -sdk /Applications/Xcode.app/Contents/Developer/Platforms/iPhoneOS.platform/Developer/SDKs/iPhoneOS26.2.sdk -target arm64-apple-ios15.0 -g -module-cache-path /Users/Veer/Library/Developer/Xcode/DerivedData/ModuleCache.noindex -Xfrontend -serialize-debugging-options -profile-coverage-mapping -profile-generate -enable-testing -suppress-warnings -index-store-path /Users/Veer/Library/Developer/Xcode/DerivedData/HearifyV1-ftljoypfezvlxcgouzbpmsmxzads/Index.noindex/DataStore -Xcc -D_LIBCPP_HARDENING_MODE\=_LIBCPP_HARDENING_MODE_DEBUG -swift-version 5 -I /Users/Veer/Library/Developer/Xcode/DerivedData/HearifyV1-ftljoypfezvlxcgouzbpmsmxzads/Build/Products/Debug-iphoneos -Isystem /Applications/Xcode.app/Contents/Developer/Platforms/iPhoneOS.platform/Developer/usr/lib -F /Users/Veer/Library/Developer/Xcode/DerivedData/HearifyV1-ftljoypfezvlxcgouzbpmsmxzads/Build/Products/Debug-iphoneos/PackageFrameworks -F /Users/Veer/Library/Developer/Xcode/DerivedData/HearifyV1-ftljoypfezvlxcgouzbpmsmxzads/Build/Products/Debug-iphoneos/PackageFrameworks -F /Users/Veer/Library/Developer/Xcode/DerivedData/HearifyV1-ftljoypfezvlxcgouzbpmsmxzads/Build/Products/Debug-iphoneos/PackageFrameworks -F /Users/Veer/Library/Developer/Xcode/DerivedData/HearifyV1-ftljoypfezvlxcgouzbpmsmxzads/Build/Products/Debug-iphoneos/PackageFrameworks -F /Users/Veer/Library/Developer/Xcode/DerivedData/HearifyV1-ftljoypfezvlxcgouzbpmsmxzads/Build/Products/Debug-iphoneos/PackageFrameworks -F /Users/Veer/Library/Developer/Xcode/DerivedData/HearifyV1-ftljoypfezvlxcgouzbpmsmxzads/Build/Products/Debug-iphoneos/PackageFrameworks -F /Users/Veer/Library/Developer/Xcode/DerivedData/HearifyV1-ftljoypfezvlxcgouzbpmsmxzads/Build/Products/Debug-iphoneos/PackageFrameworks -F /Users/Veer/Library/Developer/Xcode/DerivedData/HearifyV1-ftljoypfezvlxcgouzbpmsmxzads/Build/Products/Debug-iphoneos/PackageFrameworks -F /Users/Veer/Library/Developer/Xcode/DerivedData/HearifyV1-ftljoypfezvlxcgouzbpmsmxzads/Build/Products/Debug-iphoneos/PackageFrameworks -F /Users/Veer/Library/Developer/Xcode/DerivedData/HearifyV1-ftljoypfezvlxcgouzbpmsmxzads/Build/Products/Debug-iphoneos/PackageFrameworks -F /Users/Veer/Library/Developer/Xcode/DerivedData/HearifyV1-ftljoypfezvlxcgouzbpmsmxzads/Build/Products/Debug-iphoneos/PackageFrameworks -F /Users/Veer/Library/Developer/Xcode/DerivedData/HearifyV1-ftljoypfezvlxcgouzbpmsmxzads/Build/Products/Debug-iphoneos -F /Applications/Xcode.app/Contents/Developer/Platforms/iPhoneOS.platform/Developer/Library/Frameworks -F /Applications/Xcode.app/Contents/Developer/Platforms/iPhoneOS.platform/Developer/SDKs/iPhoneOS26.2.sdk/Developer/Library/Frameworks -c -j10 -enable-batch-mode -incremental -Xcc -ivfsstatcache -Xcc /Users/Veer/Library/Developer/Xcode/DerivedData/SDKStatCaches.noindex/iphoneos26.2-23C53-3794476bd08197c3e2abd9bb477ef7f7.sdkstatcache -output-file-map /Users/Veer/Library/Developer/Xcode/DerivedData/HearifyV1-ftljoypfezvlxcgouzbpmsmxzads/Build/Intermediates.noindex/Firebase.build/Debug-iphoneos/FirebaseStorage.build/Objects-normal/arm64/FirebaseStorage-OutputFileMap.json -use-frontend-parseable-output -save-temps -no-color-diagnostics -explicit-module-build -module-cache-path /Users/Veer/Library/Developer/Xcode/DerivedData/HearifyV1-ftljoypfezvlxcgouzbpmsmxzads/Build/Intermediates.noindex/SwiftExplicitPrecompiledModules -clang-scanner-module-cache-path /Users/Veer/Library/Developer/Xcode/DerivedData/ModuleCache.noindex -sdk-module-cache-path /Users/Veer/Library/Developer/Xcode/DerivedData/ModuleCache.noindex -serialize-diagnostics -emit-dependencies -emit-module -emit-module-path /Users/Veer/Library/Developer/Xcode/DerivedData/HearifyV1-ftljoypfezvlxcgouzbpmsmxzads/Build/Intermediates.noindex/Firebase.build/Debug-iphoneos/FirebaseStorage.build/Objects-normal/arm64/FirebaseStorage.swiftmodule -user-module-version 12.8.0 -validate-clang-modules-once -clang-build-session-file /Users/Veer/Library/Developer/Xcode/DerivedData/ModuleCache.noindex/Session.modulevalidation -package-name firebase_ios_sdk -Xcc -I/Users/Veer/Library/Developer/Xcode/DerivedData/HearifyV1-ftljoypfezvlxcgouzbpmsmxzads/Build/Intermediates.noindex/Firebase.build/Debug-iphoneos/FirebaseStorage.build/swift-overrides.hmap -emit-const-values -Xfrontend -const-gather-protocols-file -Xfrontend /Users/Veer/Library/Developer/Xcode/DerivedData/HearifyV1-ftljoypfezvlxcgouzbpmsmxzads/Build/Intermediates.noindex/Firebase.build/Debug-iphoneos/FirebaseStorage.build/Objects-normal/arm64/FirebaseStorage_const_extract_protocols.json -Xcc -I/Users/Veer/Library/Developer/Xcode/DerivedData/HearifyV1-ftljoypfezvlxcgouzbpmsmxzads/SourcePackages/checkouts/GoogleUtilities/GoogleUtilities/NSData+zlib/Public -Xcc -I/Users/Veer/Library/Developer/Xcode/DerivedData/HearifyV1-ftljoypfezvlxcgouzbpmsmxzads/SourcePackages/checkouts/GoogleUtilities/GoogleUtilities/Environment/Public -Xcc -I/Users/Veer/Library/Developer/Xcode/DerivedData/HearifyV1-ftljoypfezvlxcgouzbpmsmxzads/SourcePackages/checkouts/GoogleUtilities/third_party/IsAppEncrypted/Public -Xcc -I/Users/Veer/Library/Developer/Xcode/DerivedData/HearifyV1-ftljoypfezvlxcgouzbpmsmxzads/SourcePackages/checkouts/GoogleUtilities/GoogleUtilities/Logger/Public -Xcc -I/Users/Veer/Library/Developer/Xcode/DerivedData/HearifyV1-ftljoypfezvlxcgouzbpmsmxzads/SourcePackages/checkouts/gtm-session-fetcher/Sources/Core/Public -Xcc -I/Users/Veer/Library/Developer/Xcode/DerivedData/HearifyV1-ftljoypfezvlxcgouzbpmsmxzads/SourcePackages/checkouts/firebase-ios-sdk/FirebaseCore/Extension -Xcc -I/Users/Veer/Library/Developer/Xcode/DerivedData/HearifyV1-ftljoypfezvlxcgouzbpmsmxzads/SourcePackages/checkouts/firebase-ios-sdk/FirebaseCore/Sources/Public -Xcc -I/Users/Veer/Library/Developer/Xcode/DerivedData/HearifyV1-ftljoypfezvlxcgouzbpmsmxzads/SourcePackages/checkouts/firebase-ios-sdk/CoreOnly/Sources -Xcc -I/Users/Veer/Library/Developer/Xcode/DerivedData/HearifyV1-ftljoypfezvlxcgouzbpmsmxzads/SourcePackages/checkouts/firebase-ios-sdk/FirebaseAuth/Interop/Public -Xcc -I/Users/Veer/Library/Developer/Xcode/DerivedData/HearifyV1-ftljoypfezvlxcgouzbpmsmxzads/SourcePackages/checkouts/firebase-ios-sdk/FirebaseAppCheck/Interop/Public -Xcc -I/Users/Veer/Library/Developer/Xcode/DerivedData/HearifyV1-ftljoypfezvlxcgouzbpmsmxzads/Build/Products/Debug-iphoneos/include -Xcc -I/Users/Veer/Library/Developer/Xcode/DerivedData/HearifyV1-ftljoypfezvlxcgouzbpmsmxzads/Build/Intermediates.noindex/Firebase.build/Debug-iphoneos/FirebaseStorage.build/DerivedSources-normal/arm64 -Xcc -I/Users/Veer/Library/Developer/Xcode/DerivedData/HearifyV1-ftljoypfezvlxcgouzbpmsmxzads/Build/Intermediates.noindex/Firebase.build/Debug-iphoneos/FirebaseStorage.build/DerivedSources/arm64 -Xcc -I/Users/Veer/Library/Developer/Xcode/DerivedData/HearifyV1-ftljoypfezvlxcgouzbpmsmxzads/Build/Intermediates.noindex/Firebase.build/Debug-iphoneos/FirebaseStorage.build/DerivedSources -Xcc -DSWIFT_PACKAGE -Xcc -DDEBUG\=1 -emit-objc-header -emit-objc-header-path /Users/Veer/Library/Developer/Xcode/DerivedData/HearifyV1-ftljoypfezvlxcgouzbpmsmxzads/Build/Intermediates.noindex/Firebase.build/Debug-iphoneos/FirebaseStorage.build/Objects-normal/arm64/FirebaseStorage-Swift.h -working-directory /Users/Veer/Library/Mobile\ Documents/com\~apple\~CloudDocs/HearifyV1/HearifyV1.xcodeproj -experimental-emit-module-separately -disable-cmo

SwiftExplicitDependencyGeneratePcm arm64 /Users/Veer/Library/Developer/Xcode/DerivedData/ModuleCache.noindex/GameKit-ASTWYZ888RMR5YNNV1SSXNHFR.pcm

SwiftDriverJobDiscovery normal arm64 Compiling StorageError.swift, StorageListResult.swift (in target 'FirebaseStorage' from project 'Firebase')

SwiftMergeGeneratedHeaders /Users/Veer/Library/Developer/Xcode/DerivedData/HearifyV1-ftljoypfezvlxcgouzbpmsmxzads/Build/Intermediates.noindex/GeneratedModuleMaps-iphoneos/FirebaseStorage-Swift.h /Users/Veer/Library/Developer/Xcode/DerivedData/HearifyV1-ftljoypfezvlxcgouzbpmsmxzads/Build/Intermediates.noindex/Firebase.build/Debug-iphoneos/FirebaseStorage.build/Objects-normal/arm64/FirebaseStorage-Swift.h (in target 'FirebaseStorage' from project 'Firebase')
    cd /Users/Veer/Library/Developer/Xcode/DerivedData/HearifyV1-ftljoypfezvlxcgouzbpmsmxzads/SourcePackages/checkouts/firebase-ios-sdk
    builtin-swiftHeaderTool -arch arm64 /Users/Veer/Library/Developer/Xcode/DerivedData/HearifyV1-ftljoypfezvlxcgouzbpmsmxzads/Build/Intermediates.noindex/Firebase.build/Debug-iphoneos/FirebaseStorage.build/Objects-normal/arm64/FirebaseStorage-Swift.h -o /Users/Veer/Library/Developer/Xcode/DerivedData/HearifyV1-ftljoypfezvlxcgouzbpmsmxzads/Build/Intermediates.noindex/GeneratedModuleMaps-iphoneos/FirebaseStorage-Swift.h

Copy /Users/Veer/Library/Developer/Xcode/DerivedData/HearifyV1-ftljoypfezvlxcgouzbpmsmxzads/Build/Products/Debug-iphoneos/FirebaseStorage.swiftmodule/arm64-apple-ios.swiftmodule /Users/Veer/Library/Developer/Xcode/DerivedData/HearifyV1-ftljoypfezvlxcgouzbpmsmxzads/Build/Intermediates.noindex/Firebase.build/Debug-iphoneos/FirebaseStorage.build/Objects-normal/arm64/FirebaseStorage.swiftmodule (in target 'FirebaseStorage' from project 'Firebase')
    cd /Users/Veer/Library/Developer/Xcode/DerivedData/HearifyV1-ftljoypfezvlxcgouzbpmsmxzads/SourcePackages/checkouts/firebase-ios-sdk
    builtin-copy -exclude .DS_Store -exclude CVS -exclude .svn -exclude .git -exclude .hg -resolve-src-symlinks -rename /Users/Veer/Library/Developer/Xcode/DerivedData/HearifyV1-ftljoypfezvlxcgouzbpmsmxzads/Build/Intermediates.noindex/Firebase.build/Debug-iphoneos/FirebaseStorage.build/Objects-normal/arm64/FirebaseStorage.swiftmodule /Users/Veer/Library/Developer/Xcode/DerivedData/HearifyV1-ftljoypfezvlxcgouzbpmsmxzads/Build/Products/Debug-iphoneos/FirebaseStorage.swiftmodule/arm64-apple-ios.swiftmodule

Copy /Users/Veer/Library/Developer/Xcode/DerivedData/HearifyV1-ftljoypfezvlxcgouzbpmsmxzads/Build/Products/Debug-iphoneos/FirebaseStorage.swiftmodule/arm64-apple-ios.swiftdoc /Users/Veer/Library/Developer/Xcode/DerivedData/HearifyV1-ftljoypfezvlxcgouzbpmsmxzads/Build/Intermediates.noindex/Firebase.build/Debug-iphoneos/FirebaseStorage.build/Objects-normal/arm64/FirebaseStorage.swiftdoc (in target 'FirebaseStorage' from project 'Firebase')
    cd /Users/Veer/Library/Developer/Xcode/DerivedData/HearifyV1-ftljoypfezvlxcgouzbpmsmxzads/SourcePackages/checkouts/firebase-ios-sdk
    builtin-copy -exclude .DS_Store -exclude CVS -exclude .svn -exclude .git -exclude .hg -resolve-src-symlinks -rename /Users/Veer/Library/Developer/Xcode/DerivedData/HearifyV1-ftljoypfezvlxcgouzbpmsmxzads/Build/Intermediates.noindex/Firebase.build/Debug-iphoneos/FirebaseStorage.build/Objects-normal/arm64/FirebaseStorage.swiftdoc /Users/Veer/Library/Developer/Xcode/DerivedData/HearifyV1-ftljoypfezvlxcgouzbpmsmxzads/Build/Products/Debug-iphoneos/FirebaseStorage.swiftmodule/arm64-apple-ios.swiftdoc

Copy /Users/Veer/Library/Developer/Xcode/DerivedData/HearifyV1-ftljoypfezvlxcgouzbpmsmxzads/Build/Products/Debug-iphoneos/FirebaseStorage.swiftmodule/arm64-apple-ios.abi.json /Users/Veer/Library/Developer/Xcode/DerivedData/HearifyV1-ftljoypfezvlxcgouzbpmsmxzads/Build/Intermediates.noindex/Firebase.build/Debug-iphoneos/FirebaseStorage.build/Objects-normal/arm64/FirebaseStorage.abi.json (in target 'FirebaseStorage' from project 'Firebase')
    cd /Users/Veer/Library/Developer/Xcode/DerivedData/HearifyV1-ftljoypfezvlxcgouzbpmsmxzads/SourcePackages/checkouts/firebase-ios-sdk
    builtin-copy -exclude .DS_Store -exclude CVS -exclude .svn -exclude .git -exclude .hg -resolve-src-symlinks -rename /Users/Veer/Library/Developer/Xcode/DerivedData/HearifyV1-ftljoypfezvlxcgouzbpmsmxzads/Build/Intermediates.noindex/Firebase.build/Debug-iphoneos/FirebaseStorage.build/Objects-normal/arm64/FirebaseStorage.abi.json /Users/Veer/Library/Developer/Xcode/DerivedData/HearifyV1-ftljoypfezvlxcgouzbpmsmxzads/Build/Products/Debug-iphoneos/FirebaseStorage.swiftmodule/arm64-apple-ios.abi.json

Copy /Users/Veer/Library/Developer/Xcode/DerivedData/HearifyV1-ftljoypfezvlxcgouzbpmsmxzads/Build/Products/Debug-iphoneos/FirebaseStorage.swiftmodule/Project/arm64-apple-ios.swiftsourceinfo /Users/Veer/Library/Developer/Xcode/DerivedData/HearifyV1-ftljoypfezvlxcgouzbpmsmxzads/Build/Intermediates.noindex/Firebase.build/Debug-iphoneos/FirebaseStorage.build/Objects-normal/arm64/FirebaseStorage.swiftsourceinfo (in target 'FirebaseStorage' from project 'Firebase')
    cd /Users/Veer/Library/Developer/Xcode/DerivedData/HearifyV1-ftljoypfezvlxcgouzbpmsmxzads/SourcePackages/checkouts/firebase-ios-sdk
    builtin-copy -exclude .DS_Store -exclude CVS -exclude .svn -exclude .git -exclude .hg -resolve-src-symlinks -rename /Users/Veer/Library/Developer/Xcode/DerivedData/HearifyV1-ftljoypfezvlxcgouzbpmsmxzads/Build/Intermediates.noindex/Firebase.build/Debug-iphoneos/FirebaseStorage.build/Objects-normal/arm64/FirebaseStorage.swiftsourceinfo /Users/Veer/Library/Developer/Xcode/DerivedData/HearifyV1-ftljoypfezvlxcgouzbpmsmxzads/Build/Products/Debug-iphoneos/FirebaseStorage.swiftmodule/Project/arm64-apple-ios.swiftsourceinfo

SwiftCompile normal arm64 Compiling\ StorageConstants.swift,\ StorageDownloadTask.swift /Users/Veer/Library/Developer/Xcode/DerivedData/HearifyV1-ftljoypfezvlxcgouzbpmsmxzads/SourcePackages/checkouts/firebase-ios-sdk/FirebaseStorage/Sources/StorageConstants.swift /Users/Veer/Library/Developer/Xcode/DerivedData/HearifyV1-ftljoypfezvlxcgouzbpmsmxzads/SourcePackages/checkouts/firebase-ios-sdk/FirebaseStorage/Sources/StorageDownloadTask.swift (in target 'FirebaseStorage' from project 'Firebase')

SwiftCompile normal arm64 /Users/Veer/Library/Developer/Xcode/DerivedData/HearifyV1-ftljoypfezvlxcgouzbpmsmxzads/SourcePackages/checkouts/firebase-ios-sdk/FirebaseStorage/Sources/StorageConstants.swift (in target 'FirebaseStorage' from project 'Firebase')
    cd /Users/Veer/Library/Mobile\ Documents/com\~apple\~CloudDocs/HearifyV1/HearifyV1.xcodeproj
    

SwiftCompile normal arm64 /Users/Veer/Library/Developer/Xcode/DerivedData/HearifyV1-ftljoypfezvlxcgouzbpmsmxzads/SourcePackages/checkouts/firebase-ios-sdk/FirebaseStorage/Sources/StorageDownloadTask.swift (in target 'FirebaseStorage' from project 'Firebase')
    cd /Users/Veer/Library/Mobile\ Documents/com\~apple\~CloudDocs/HearifyV1/HearifyV1.xcodeproj
    

SwiftEmitModule normal arm64 Emitting\ module\ for\ FirebaseAuth (in target 'FirebaseAuth' from project 'Firebase')
EmitSwiftModule normal arm64 (in target 'FirebaseAuth' from project 'Firebase')
    cd /Users/Veer/Library/Mobile\ Documents/com\~apple\~CloudDocs/HearifyV1/HearifyV1.xcodeproj
    

SwiftCompile normal arm64 Compiling\ StorageTokenAuthorizer.swift,\ StorageUpdateMetadataTask.swift,\ StorageUtils.swift /Users/Veer/Library/Developer/Xcode/DerivedData/HearifyV1-ftljoypfezvlxcgouzbpmsmxzads/SourcePackages/checkouts/firebase-ios-sdk/FirebaseStorage/Sources/Internal/StorageTokenAuthorizer.swift /Users/Veer/Library/Developer/Xcode/DerivedData/HearifyV1-ftljoypfezvlxcgouzbpmsmxzads/SourcePackages/checkouts/firebase-ios-sdk/FirebaseStorage/Sources/Internal/StorageUpdateMetadataTask.swift /Users/Veer/Library/Developer/Xcode/DerivedData/HearifyV1-ftljoypfezvlxcgouzbpmsmxzads/SourcePackages/checkouts/firebase-ios-sdk/FirebaseStorage/Sources/Internal/StorageUtils.swift (in target 'FirebaseStorage' from project 'Firebase')

SwiftCompile normal arm64 /Users/Veer/Library/Developer/Xcode/DerivedData/HearifyV1-ftljoypfezvlxcgouzbpmsmxzads/SourcePackages/checkouts/firebase-ios-sdk/FirebaseStorage/Sources/Internal/StorageTokenAuthorizer.swift (in target 'FirebaseStorage' from project 'Firebase')
    cd /Users/Veer/Library/Mobile\ Documents/com\~apple\~CloudDocs/HearifyV1/HearifyV1.xcodeproj
    

SwiftCompile normal arm64 /Users/Veer/Library/Developer/Xcode/DerivedData/HearifyV1-ftljoypfezvlxcgouzbpmsmxzads/SourcePackages/checkouts/firebase-ios-sdk/FirebaseStorage/Sources/Internal/StorageUpdateMetadataTask.swift (in target 'FirebaseStorage' from project 'Firebase')
    cd /Users/Veer/Library/Mobile\ Documents/com\~apple\~CloudDocs/HearifyV1/HearifyV1.xcodeproj
    

SwiftCompile normal arm64 /Users/Veer/Library/Developer/Xcode/DerivedData/HearifyV1-ftljoypfezvlxcgouzbpmsmxzads/SourcePackages/checkouts/firebase-ios-sdk/FirebaseStorage/Sources/Internal/StorageUtils.swift (in target 'FirebaseStorage' from project 'Firebase')
    cd /Users/Veer/Library/Mobile\ Documents/com\~apple\~CloudDocs/HearifyV1/HearifyV1.xcodeproj
    

SwiftDriverJobDiscovery normal arm64 Emitting module for FirebaseFirestore (in target 'FirebaseFirestore' from project 'Firebase')

SwiftDriver\ Compilation\ Requirements FirebaseFirestore normal arm64 com.apple.xcode.tools.swift.compiler (in target 'FirebaseFirestore' from project 'Firebase')
    cd /Users/Veer/Library/Mobile\ Documents/com\~apple\~CloudDocs/HearifyV1/HearifyV1.xcodeproj
    builtin-Swift-Compilation-Requirements -- /Applications/Xcode.app/Contents/Developer/Toolchains/XcodeDefault.xctoolchain/usr/bin/swiftc -module-name FirebaseFirestore -Onone -enforce-exclusivity\=checked @/Users/Veer/Library/Developer/Xcode/DerivedData/HearifyV1-ftljoypfezvlxcgouzbpmsmxzads/Build/Intermediates.noindex/Firebase.build/Debug-iphoneos/FirebaseFirestore.build/Objects-normal/arm64/FirebaseFirestore.SwiftFileList -DSWIFT_PACKAGE -DDEBUG -DSWIFT_MODULE_RESOURCE_BUNDLE_AVAILABLE -Xcc -fmodule-map-file\=/Users/Veer/Library/Developer/Xcode/DerivedData/HearifyV1-ftljoypfezvlxcgouzbpmsmxzads/Build/Intermediates.noindex/GeneratedModuleMaps-iphoneos/GoogleUtilities-NSData.modulemap -Xcc -fmodule-map-file\=/Users/Veer/Library/Developer/Xcode/DerivedData/HearifyV1-ftljoypfezvlxcgouzbpmsmxzads/Build/Intermediates.noindex/GeneratedModuleMaps-iphoneos/GoogleUtilities-Environment.modulemap -Xcc -fmodule-map-file\=/Users/Veer/Library/Developer/Xcode/DerivedData/HearifyV1-ftljoypfezvlxcgouzbpmsmxzads/Build/Intermediates.noindex/GeneratedModuleMaps-iphoneos/third-party-IsAppEncrypted.modulemap -Xcc -fmodule-map-file\=/Users/Veer/Library/Developer/Xcode/DerivedData/HearifyV1-ftljoypfezvlxcgouzbpmsmxzads/Build/Intermediates.noindex/GeneratedModuleMaps-iphoneos/GoogleUtilities-Logger.modulemap -Xcc -fmodule-map-file\=/Users/Veer/Library/Developer/Xcode/DerivedData/HearifyV1-ftljoypfezvlxcgouzbpmsmxzads/Build/Intermediates.noindex/GeneratedModuleMaps-iphoneos/abslWrapper.modulemap -Xcc -fmodule-map-file\=/Users/Veer/Library/Developer/Xcode/DerivedData/HearifyV1-ftljoypfezvlxcgouzbpmsmxzads/Build/Intermediates.noindex/GeneratedModuleMaps-iphoneos/opensslWrapper.modulemap -Xcc -fmodule-map-file\=/Users/Veer/Library/Developer/Xcode/DerivedData/HearifyV1-ftljoypfezvlxcgouzbpmsmxzads/Build/Intermediates.noindex/GeneratedModuleMaps-iphoneos/grpcWrapper.modulemap -Xcc -fmodule-map-file\=/Users/Veer/Library/Developer/Xcode/DerivedData/HearifyV1-ftljoypfezvlxcgouzbpmsmxzads/Build/Intermediates.noindex/GeneratedModuleMaps-iphoneos/grpcppWrapper.modulemap -Xcc -fmodule-map-file\=/Users/Veer/Library/Developer/Xcode/DerivedData/HearifyV1-ftljoypfezvlxcgouzbpmsmxzads/Build/Intermediates.noindex/GeneratedModuleMaps-iphoneos/nanopb.modulemap -Xcc -fmodule-map-file\=/Users/Veer/Library/Developer/Xcode/DerivedData/HearifyV1-ftljoypfezvlxcgouzbpmsmxzads/Build/Intermediates.noindex/GeneratedModuleMaps-iphoneos/leveldb.modulemap -Xcc -fmodule-map-file\=/Users/Veer/Library/Developer/Xcode/DerivedData/HearifyV1-ftljoypfezvlxcgouzbpmsmxzads/Build/Intermediates.noindex/GeneratedModuleMaps-iphoneos/FirebaseCoreExtension.modulemap -Xcc -fmodule-map-file\=/Users/Veer/Library/Developer/Xcode/DerivedData/HearifyV1-ftljoypfezvlxcgouzbpmsmxzads/Build/Intermediates.noindex/GeneratedModuleMaps-iphoneos/FirebaseCore.modulemap -Xcc -fmodule-map-file\=/Users/Veer/Library/Developer/Xcode/DerivedData/HearifyV1-ftljoypfezvlxcgouzbpmsmxzads/Build/Intermediates.noindex/GeneratedModuleMaps-iphoneos/FirebaseAppCheckInterop.modulemap -Xcc -fmodule-map-file\=/Users/Veer/Library/Developer/Xcode/DerivedData/HearifyV1-ftljoypfezvlxcgouzbpmsmxzads/Build/Intermediates.noindex/GeneratedModuleMaps-iphoneos/FirebaseFirestoreInternalWrapper.modulemap -DXcode -plugin-path /Applications/Xcode.app/Contents/Developer/Toolchains/XcodeDefault.xctoolchain/usr/lib/swift/host/plugins/testing -enable-experimental-feature DebugDescriptionMacro -sdk /Applications/Xcode.app/Contents/Developer/Platforms/iPhoneOS.platform/Developer/SDKs/iPhoneOS26.2.sdk -target arm64-apple-ios15.0 -g -module-cache-path /Users/Veer/Library/Developer/Xcode/DerivedData/ModuleCache.noindex -Xfrontend -serialize-debugging-options -profile-coverage-mapping -profile-generate -enable-testing -suppress-warnings -index-store-path /Users/Veer/Library/Developer/Xcode/DerivedData/HearifyV1-ftljoypfezvlxcgouzbpmsmxzads/Index.noindex/DataStore -Xcc -D_LIBCPP_HARDENING_MODE\=_LIBCPP_HARDENING_MODE_DEBUG -swift-version 5 -I /Users/Veer/Library/Developer/Xcode/DerivedData/HearifyV1-ftljoypfezvlxcgouzbpmsmxzads/Build/Products/Debug-iphoneos -Isystem /Applications/Xcode.app/Contents/Developer/Platforms/iPhoneOS.platform/Developer/usr/lib -F /Users/Veer/Library/Developer/Xcode/DerivedData/HearifyV1-ftljoypfezvlxcgouzbpmsmxzads/Build/Products/Debug-iphoneos/PackageFrameworks -F /Users/Veer/Library/Developer/Xcode/DerivedData/HearifyV1-ftljoypfezvlxcgouzbpmsmxzads/Build/Products/Debug-iphoneos/PackageFrameworks -F /Users/Veer/Library/Developer/Xcode/DerivedData/HearifyV1-ftljoypfezvlxcgouzbpmsmxzads/Build/Products/Debug-iphoneos/PackageFrameworks -F /Users/Veer/Library/Developer/Xcode/DerivedData/HearifyV1-ftljoypfezvlxcgouzbpmsmxzads/Build/Products/Debug-iphoneos/PackageFrameworks -F /Users/Veer/Library/Developer/Xcode/DerivedData/HearifyV1-ftljoypfezvlxcgouzbpmsmxzads/Build/Products/Debug-iphoneos/PackageFrameworks -F /Users/Veer/Library/Developer/Xcode/DerivedData/HearifyV1-ftljoypfezvlxcgouzbpmsmxzads/Build/Products/Debug-iphoneos/PackageFrameworks -F /Users/Veer/Library/Developer/Xcode/DerivedData/HearifyV1-ftljoypfezvlxcgouzbpmsmxzads/Build/Products/Debug-iphoneos/PackageFrameworks -F /Users/Veer/Library/Developer/Xcode/DerivedData/HearifyV1-ftljoypfezvlxcgouzbpmsmxzads/Build/Products/Debug-iphoneos/PackageFrameworks -F /Users/Veer/Library/Developer/Xcode/DerivedData/HearifyV1-ftljoypfezvlxcgouzbpmsmxzads/Build/Products/Debug-iphoneos/PackageFrameworks -F /Users/Veer/Library/Developer/Xcode/DerivedData/HearifyV1-ftljoypfezvlxcgouzbpmsmxzads/Build/Products/Debug-iphoneos/PackageFrameworks -F /Users/Veer/Library/Developer/Xcode/DerivedData/HearifyV1-ftljoypfezvlxcgouzbpmsmxzads/Build/Products/Debug-iphoneos/PackageFrameworks -F /Users/Veer/Library/Developer/Xcode/DerivedData/HearifyV1-ftljoypfezvlxcgouzbpmsmxzads/Build/Products/Debug-iphoneos/PackageFrameworks -F /Users/Veer/Library/Developer/Xcode/DerivedData/HearifyV1-ftljoypfezvlxcgouzbpmsmxzads/Build/Products/Debug-iphoneos/PackageFrameworks -F /Users/Veer/Library/Developer/Xcode/DerivedData/HearifyV1-ftljoypfezvlxcgouzbpmsmxzads/Build/Products/Debug-iphoneos/PackageFrameworks -F /Users/Veer/Library/Developer/Xcode/DerivedData/HearifyV1-ftljoypfezvlxcgouzbpmsmxzads/Build/Products/Debug-iphoneos/PackageFrameworks -F /Users/Veer/Library/Developer/Xcode/DerivedData/HearifyV1-ftljoypfezvlxcgouzbpmsmxzads/Build/Products/Debug-iphoneos/PackageFrameworks -F /Users/Veer/Library/Developer/Xcode/DerivedData/HearifyV1-ftljoypfezvlxcgouzbpmsmxzads/Build/Products/Debug-iphoneos/PackageFrameworks -F /Users/Veer/Library/Developer/Xcode/DerivedData/HearifyV1-ftljoypfezvlxcgouzbpmsmxzads/Build/Products/Debug-iphoneos -F /Applications/Xcode.app/Contents/Developer/Platforms/iPhoneOS.platform/Developer/Library/Frameworks -F /Applications/Xcode.app/Contents/Developer/Platforms/iPhoneOS.platform/Developer/SDKs/iPhoneOS26.2.sdk/Developer/Library/Frameworks -c -j10 -enable-batch-mode -incremental -Xcc -ivfsstatcache -Xcc /Users/Veer/Library/Developer/Xcode/DerivedData/SDKStatCaches.noindex/iphoneos26.2-23C53-3794476bd08197c3e2abd9bb477ef7f7.sdkstatcache -output-file-map /Users/Veer/Library/Developer/Xcode/DerivedData/HearifyV1-ftljoypfezvlxcgouzbpmsmxzads/Build/Intermediates.noindex/Firebase.build/Debug-iphoneos/FirebaseFirestore.build/Objects-normal/arm64/FirebaseFirestore-OutputFileMap.json -use-frontend-parseable-output -save-temps -no-color-diagnostics -explicit-module-build -module-cache-path /Users/Veer/Library/Developer/Xcode/DerivedData/HearifyV1-ftljoypfezvlxcgouzbpmsmxzads/Build/Intermediates.noindex/SwiftExplicitPrecompiledModules -clang-scanner-module-cache-path /Users/Veer/Library/Developer/Xcode/DerivedData/ModuleCache.noindex -sdk-module-cache-path /Users/Veer/Library/Developer/Xcode/DerivedData/ModuleCache.noindex -serialize-diagnostics -emit-dependencies -emit-module -emit-module-path /Users/Veer/Library/Developer/Xcode/DerivedData/HearifyV1-ftljoypfezvlxcgouzbpmsmxzads/Build/Intermediates.noindex/Firebase.build/Debug-iphoneos/FirebaseFirestore.build/Objects-normal/arm64/FirebaseFirestore.swiftmodule -user-module-version 12.8.0 -validate-clang-modules-once -clang-build-session-file /Users/Veer/Library/Developer/Xcode/DerivedData/ModuleCache.noindex/Session.modulevalidation -package-name firebase_ios_sdk -Xcc -I/Users/Veer/Library/Developer/Xcode/DerivedData/HearifyV1-ftljoypfezvlxcgouzbpmsmxzads/Build/Intermediates.noindex/Firebase.build/Debug-iphoneos/FirebaseFirestore.build/swift-overrides.hmap -emit-const-values -Xfrontend -const-gather-protocols-file -Xfrontend /Users/Veer/Library/Developer/Xcode/DerivedData/HearifyV1-ftljoypfezvlxcgouzbpmsmxzads/Build/Intermediates.noindex/Firebase.build/Debug-iphoneos/FirebaseFirestore.build/Objects-normal/arm64/FirebaseFirestore_const_extract_protocols.json -Xcc -I/Users/Veer/Library/Developer/Xcode/DerivedData/HearifyV1-ftljoypfezvlxcgouzbpmsmxzads/SourcePackages/checkouts/GoogleUtilities/GoogleUtilities/NSData+zlib/Public -Xcc -I/Users/Veer/Library/Developer/Xcode/DerivedData/HearifyV1-ftljoypfezvlxcgouzbpmsmxzads/SourcePackages/checkouts/GoogleUtilities/GoogleUtilities/Environment/Public -Xcc -I/Users/Veer/Library/Developer/Xcode/DerivedData/HearifyV1-ftljoypfezvlxcgouzbpmsmxzads/SourcePackages/checkouts/GoogleUtilities/third_party/IsAppEncrypted/Public -Xcc -I/Users/Veer/Library/Developer/Xcode/DerivedData/HearifyV1-ftljoypfezvlxcgouzbpmsmxzads/SourcePackages/checkouts/GoogleUtilities/GoogleUtilities/Logger/Public -Xcc -I/Users/Veer/Library/Developer/Xcode/DerivedData/HearifyV1-ftljoypfezvlxcgouzbpmsmxzads/SourcePackages/checkouts/abseil-cpp-binary/absl-Wrapper/include -Xcc -I/Users/Veer/Library/Developer/Xcode/DerivedData/HearifyV1-ftljoypfezvlxcgouzbpmsmxzads/SourcePackages/checkouts/grpc-binary/openssl-grpc-Wrapper/include -Xcc -I/Users/Veer/Library/Developer/Xcode/DerivedData/HearifyV1-ftljoypfezvlxcgouzbpmsmxzads/SourcePackages/checkouts/grpc-binary/grpc-Wrapper/include -Xcc -I/Users/Veer/Library/Developer/Xcode/DerivedData/HearifyV1-ftljoypfezvlxcgouzbpmsmxzads/SourcePackages/checkouts/grpc-binary/grpcpp-Wrapper/include -Xcc -I/Users/Veer/Library/Developer/Xcode/DerivedData/HearifyV1-ftljoypfezvlxcgouzbpmsmxzads/SourcePackages/checkouts/nanopb/spm_headers -Xcc -I/Users/Veer/Library/Developer/Xcode/DerivedData/HearifyV1-ftljoypfezvlxcgouzbpmsmxzads/SourcePackages/checkouts/leveldb/include -Xcc -I/Users/Veer/Library/Developer/Xcode/DerivedData/HearifyV1-ftljoypfezvlxcgouzbpmsmxzads/SourcePackages/checkouts/firebase-ios-sdk/FirebaseCore/Extension -Xcc -I/Users/Veer/Library/Developer/Xcode/DerivedData/HearifyV1-ftljoypfezvlxcgouzbpmsmxzads/SourcePackages/checkouts/firebase-ios-sdk/FirebaseCore/Sources/Public -Xcc -I/Users/Veer/Library/Developer/Xcode/DerivedData/HearifyV1-ftljoypfezvlxcgouzbpmsmxzads/SourcePackages/checkouts/firebase-ios-sdk/CoreOnly/Sources -Xcc -I/Users/Veer/Library/Developer/Xcode/DerivedData/HearifyV1-ftljoypfezvlxcgouzbpmsmxzads/SourcePackages/checkouts/firebase-ios-sdk/FirebaseAppCheck/Interop/Public -Xcc -I/Users/Veer/Library/Developer/Xcode/DerivedData/HearifyV1-ftljoypfezvlxcgouzbpmsmxzads/SourcePackages/checkouts/firebase-ios-sdk/FirebaseFirestoreInternal -Xcc -I/Users/Veer/Library/Developer/Xcode/DerivedData/HearifyV1-ftljoypfezvlxcgouzbpmsmxzads/Build/Products/Debug-iphoneos/include -Xcc -I/Users/Veer/Library/Developer/Xcode/DerivedData/HearifyV1-ftljoypfezvlxcgouzbpmsmxzads/Build/Intermediates.noindex/Firebase.build/Debug-iphoneos/FirebaseFirestore.build/DerivedSources-normal/arm64 -Xcc -I/Users/Veer/Library/Developer/Xcode/DerivedData/HearifyV1-ftljoypfezvlxcgouzbpmsmxzads/Build/Intermediates.noindex/Firebase.build/Debug-iphoneos/FirebaseFirestore.build/DerivedSources/arm64 -Xcc -I/Users/Veer/Library/Developer/Xcode/DerivedData/HearifyV1-ftljoypfezvlxcgouzbpmsmxzads/Build/Intermediates.noindex/Firebase.build/Debug-iphoneos/FirebaseFirestore.build/DerivedSources -Xcc -DSWIFT_PACKAGE -Xcc -DDEBUG\=1 -emit-objc-header -emit-objc-header-path /Users/Veer/Library/Developer/Xcode/DerivedData/HearifyV1-ftljoypfezvlxcgouzbpmsmxzads/Build/Intermediates.noindex/Firebase.build/Debug-iphoneos/FirebaseFirestore.build/Objects-normal/arm64/FirebaseFirestore-Swift.h -working-directory /Users/Veer/Library/Mobile\ Documents/com\~apple\~CloudDocs/HearifyV1/HearifyV1.xcodeproj -experimental-emit-module-separately -disable-cmo

SwiftCompile normal arm64 Compiling\ TimestampEncodingStrategy.swift,\ Transaction+WriteEncodable.swift,\ VectorValue+Codable.swift,\ WriteBatch+WriteEncodable.swift,\ ExpressionImplementation.swift,\ PipelineHelper.swift /Users/Veer/Library/Developer/Xcode/DerivedData/HearifyV1-ftljoypfezvlxcgouzbpmsmxzads/SourcePackages/checkouts/firebase-ios-sdk/Firestore/Swift/Source/Codable/TimestampEncodingStrategy.swift /Users/Veer/Library/Developer/Xcode/DerivedData/HearifyV1-ftljoypfezvlxcgouzbpmsmxzads/SourcePackages/checkouts/firebase-ios-sdk/Firestore/Swift/Source/Codable/Transaction+WriteEncodable.swift /Users/Veer/Library/Developer/Xcode/DerivedData/HearifyV1-ftljoypfezvlxcgouzbpmsmxzads/SourcePackages/checkouts/firebase-ios-sdk/Firestore/Swift/Source/Codable/VectorValue+Codable.swift /Users/Veer/Library/Developer/Xcode/DerivedData/HearifyV1-ftljoypfezvlxcgouzbpmsmxzads/SourcePackages/checkouts/firebase-ios-sdk/Firestore/Swift/Source/Codable/WriteBatch+WriteEncodable.swift /Users/Veer/Library/Developer/Xcode/DerivedData/HearifyV1-ftljoypfezvlxcgouzbpmsmxzads/SourcePackages/checkouts/firebase-ios-sdk/Firestore/Swift/Source/ExpressionImplementation.swift /Users/Veer/Library/Developer/Xcode/DerivedData/HearifyV1-ftljoypfezvlxcgouzbpmsmxzads/SourcePackages/checkouts/firebase-ios-sdk/Firestore/Swift/Source/Helper/PipelineHelper.swift (in target 'FirebaseFirestore' from project 'Firebase')

SwiftCompile normal arm64 /Users/Veer/Library/Developer/Xcode/DerivedData/HearifyV1-ftljoypfezvlxcgouzbpmsmxzads/SourcePackages/checkouts/firebase-ios-sdk/Firestore/Swift/Source/Codable/TimestampEncodingStrategy.swift (in target 'FirebaseFirestore' from project 'Firebase')
    cd /Users/Veer/Library/Mobile\ Documents/com\~apple\~CloudDocs/HearifyV1/HearifyV1.xcodeproj
    

SwiftCompile normal arm64 /Users/Veer/Library/Developer/Xcode/DerivedData/HearifyV1-ftljoypfezvlxcgouzbpmsmxzads/SourcePackages/checkouts/firebase-ios-sdk/Firestore/Swift/Source/Codable/Transaction+WriteEncodable.swift (in target 'FirebaseFirestore' from project 'Firebase')
    cd /Users/Veer/Library/Mobile\ Documents/com\~apple\~CloudDocs/HearifyV1/HearifyV1.xcodeproj
    

SwiftCompile normal arm64 /Users/Veer/Library/Developer/Xcode/DerivedData/HearifyV1-ftljoypfezvlxcgouzbpmsmxzads/SourcePackages/checkouts/firebase-ios-sdk/Firestore/Swift/Source/Codable/VectorValue+Codable.swift (in target 'FirebaseFirestore' from project 'Firebase')
    cd /Users/Veer/Library/Mobile\ Documents/com\~apple\~CloudDocs/HearifyV1/HearifyV1.xcodeproj
    

SwiftCompile normal arm64 /Users/Veer/Library/Developer/Xcode/DerivedData/HearifyV1-ftljoypfezvlxcgouzbpmsmxzads/SourcePackages/checkouts/firebase-ios-sdk/Firestore/Swift/Source/Codable/WriteBatch+WriteEncodable.swift (in target 'FirebaseFirestore' from project 'Firebase')
    cd /Users/Veer/Library/Mobile\ Documents/com\~apple\~CloudDocs/HearifyV1/HearifyV1.xcodeproj
    

SwiftCompile normal arm64 /Users/Veer/Library/Developer/Xcode/DerivedData/HearifyV1-ftljoypfezvlxcgouzbpmsmxzads/SourcePackages/checkouts/firebase-ios-sdk/Firestore/Swift/Source/ExpressionImplementation.swift (in target 'FirebaseFirestore' from project 'Firebase')
    cd /Users/Veer/Library/Mobile\ Documents/com\~apple\~CloudDocs/HearifyV1/HearifyV1.xcodeproj
    

SwiftCompile normal arm64 /Users/Veer/Library/Developer/Xcode/DerivedData/HearifyV1-ftljoypfezvlxcgouzbpmsmxzads/SourcePackages/checkouts/firebase-ios-sdk/Firestore/Swift/Source/Helper/PipelineHelper.swift (in target 'FirebaseFirestore' from project 'Firebase')
    cd /Users/Veer/Library/Mobile\ Documents/com\~apple\~CloudDocs/HearifyV1/HearifyV1.xcodeproj
    

SwiftDriverJobDiscovery normal arm64 Compiling Result.swift, Storage.swift (in target 'FirebaseStorage' from project 'Firebase')

SwiftMergeGeneratedHeaders /Users/Veer/Library/Developer/Xcode/DerivedData/HearifyV1-ftljoypfezvlxcgouzbpmsmxzads/Build/Intermediates.noindex/GeneratedModuleMaps-iphoneos/FirebaseFirestore-Swift.h /Users/Veer/Library/Developer/Xcode/DerivedData/HearifyV1-ftljoypfezvlxcgouzbpmsmxzads/Build/Intermediates.noindex/Firebase.build/Debug-iphoneos/FirebaseFirestore.build/Objects-normal/arm64/FirebaseFirestore-Swift.h (in target 'FirebaseFirestore' from project 'Firebase')
    cd /Users/Veer/Library/Developer/Xcode/DerivedData/HearifyV1-ftljoypfezvlxcgouzbpmsmxzads/SourcePackages/checkouts/firebase-ios-sdk
    builtin-swiftHeaderTool -arch arm64 /Users/Veer/Library/Developer/Xcode/DerivedData/HearifyV1-ftljoypfezvlxcgouzbpmsmxzads/Build/Intermediates.noindex/Firebase.build/Debug-iphoneos/FirebaseFirestore.build/Objects-normal/arm64/FirebaseFirestore-Swift.h -o /Users/Veer/Library/Developer/Xcode/DerivedData/HearifyV1-ftljoypfezvlxcgouzbpmsmxzads/Build/Intermediates.noindex/GeneratedModuleMaps-iphoneos/FirebaseFirestore-Swift.h

SwiftDriverJobDiscovery normal arm64 Compiling StorageMetadata.swift, StorageObservableTask.swift (in target 'FirebaseStorage' from project 'Firebase')

Copy /Users/Veer/Library/Developer/Xcode/DerivedData/HearifyV1-ftljoypfezvlxcgouzbpmsmxzads/Build/Products/Debug-iphoneos/FirebaseFirestore.swiftmodule/arm64-apple-ios.swiftmodule /Users/Veer/Library/Developer/Xcode/DerivedData/HearifyV1-ftljoypfezvlxcgouzbpmsmxzads/Build/Intermediates.noindex/Firebase.build/Debug-iphoneos/FirebaseFirestore.build/Objects-normal/arm64/FirebaseFirestore.swiftmodule (in target 'FirebaseFirestore' from project 'Firebase')
    cd /Users/Veer/Library/Developer/Xcode/DerivedData/HearifyV1-ftljoypfezvlxcgouzbpmsmxzads/SourcePackages/checkouts/firebase-ios-sdk
    builtin-copy -exclude .DS_Store -exclude CVS -exclude .svn -exclude .git -exclude .hg -resolve-src-symlinks -rename /Users/Veer/Library/Developer/Xcode/DerivedData/HearifyV1-ftljoypfezvlxcgouzbpmsmxzads/Build/Intermediates.noindex/Firebase.build/Debug-iphoneos/FirebaseFirestore.build/Objects-normal/arm64/FirebaseFirestore.swiftmodule /Users/Veer/Library/Developer/Xcode/DerivedData/HearifyV1-ftljoypfezvlxcgouzbpmsmxzads/Build/Products/Debug-iphoneos/FirebaseFirestore.swiftmodule/arm64-apple-ios.swiftmodule

Copy /Users/Veer/Library/Developer/Xcode/DerivedData/HearifyV1-ftljoypfezvlxcgouzbpmsmxzads/Build/Products/Debug-iphoneos/FirebaseFirestore.swiftmodule/arm64-apple-ios.swiftdoc /Users/Veer/Library/Developer/Xcode/DerivedData/HearifyV1-ftljoypfezvlxcgouzbpmsmxzads/Build/Intermediates.noindex/Firebase.build/Debug-iphoneos/FirebaseFirestore.build/Objects-normal/arm64/FirebaseFirestore.swiftdoc (in target 'FirebaseFirestore' from project 'Firebase')
    cd /Users/Veer/Library/Developer/Xcode/DerivedData/HearifyV1-ftljoypfezvlxcgouzbpmsmxzads/SourcePackages/checkouts/firebase-ios-sdk
    builtin-copy -exclude .DS_Store -exclude CVS -exclude .svn -exclude .git -exclude .hg -resolve-src-symlinks -rename /Users/Veer/Library/Developer/Xcode/DerivedData/HearifyV1-ftljoypfezvlxcgouzbpmsmxzads/Build/Intermediates.noindex/Firebase.build/Debug-iphoneos/FirebaseFirestore.build/Objects-normal/arm64/FirebaseFirestore.swiftdoc /Users/Veer/Library/Developer/Xcode/DerivedData/HearifyV1-ftljoypfezvlxcgouzbpmsmxzads/Build/Products/Debug-iphoneos/FirebaseFirestore.swiftmodule/arm64-apple-ios.swiftdoc

Copy /Users/Veer/Library/Developer/Xcode/DerivedData/HearifyV1-ftljoypfezvlxcgouzbpmsmxzads/Build/Products/Debug-iphoneos/FirebaseFirestore.swiftmodule/arm64-apple-ios.abi.json /Users/Veer/Library/Developer/Xcode/DerivedData/HearifyV1-ftljoypfezvlxcgouzbpmsmxzads/Build/Intermediates.noindex/Firebase.build/Debug-iphoneos/FirebaseFirestore.build/Objects-normal/arm64/FirebaseFirestore.abi.json (in target 'FirebaseFirestore' from project 'Firebase')
    cd /Users/Veer/Library/Developer/Xcode/DerivedData/HearifyV1-ftljoypfezvlxcgouzbpmsmxzads/SourcePackages/checkouts/firebase-ios-sdk
    builtin-copy -exclude .DS_Store -exclude CVS -exclude .svn -exclude .git -exclude .hg -resolve-src-symlinks -rename /Users/Veer/Library/Developer/Xcode/DerivedData/HearifyV1-ftljoypfezvlxcgouzbpmsmxzads/Build/Intermediates.noindex/Firebase.build/Debug-iphoneos/FirebaseFirestore.build/Objects-normal/arm64/FirebaseFirestore.abi.json /Users/Veer/Library/Developer/Xcode/DerivedData/HearifyV1-ftljoypfezvlxcgouzbpmsmxzads/Build/Products/Debug-iphoneos/FirebaseFirestore.swiftmodule/arm64-apple-ios.abi.json

Copy /Users/Veer/Library/Developer/Xcode/DerivedData/HearifyV1-ftljoypfezvlxcgouzbpmsmxzads/Build/Products/Debug-iphoneos/FirebaseFirestore.swiftmodule/Project/arm64-apple-ios.swiftsourceinfo /Users/Veer/Library/Developer/Xcode/DerivedData/HearifyV1-ftljoypfezvlxcgouzbpmsmxzads/Build/Intermediates.noindex/Firebase.build/Debug-iphoneos/FirebaseFirestore.build/Objects-normal/arm64/FirebaseFirestore.swiftsourceinfo (in target 'FirebaseFirestore' from project 'Firebase')
    cd /Users/Veer/Library/Developer/Xcode/DerivedData/HearifyV1-ftljoypfezvlxcgouzbpmsmxzads/SourcePackages/checkouts/firebase-ios-sdk
    builtin-copy -exclude .DS_Store -exclude CVS -exclude .svn -exclude .git -exclude .hg -resolve-src-symlinks -rename /Users/Veer/Library/Developer/Xcode/DerivedData/HearifyV1-ftljoypfezvlxcgouzbpmsmxzads/Build/Intermediates.noindex/Firebase.build/Debug-iphoneos/FirebaseFirestore.build/Objects-normal/arm64/FirebaseFirestore.swiftsourceinfo /Users/Veer/Library/Developer/Xcode/DerivedData/HearifyV1-ftljoypfezvlxcgouzbpmsmxzads/Build/Products/Debug-iphoneos/FirebaseFirestore.swiftmodule/Project/arm64-apple-ios.swiftsourceinfo

SwiftCompile normal arm64 Compiling\ Selectable.swift,\ TimeGranularity.swift,\ TimeUnit.swift,\ VectorValue+Swift.swift,\ SwiftHeaderWorkaround.swift /Users/Veer/Library/Developer/Xcode/DerivedData/HearifyV1-ftljoypfezvlxcgouzbpmsmxzads/SourcePackages/checkouts/firebase-ios-sdk/Firestore/Swift/Source/SwiftAPI/Pipeline/Selectable.swift /Users/Veer/Library/Developer/Xcode/DerivedData/HearifyV1-ftljoypfezvlxcgouzbpmsmxzads/SourcePackages/checkouts/firebase-ios-sdk/Firestore/Swift/Source/SwiftAPI/Pipeline/TimeGranularity.swift /Users/Veer/Library/Developer/Xcode/DerivedData/HearifyV1-ftljoypfezvlxcgouzbpmsmxzads/SourcePackages/checkouts/firebase-ios-sdk/Firestore/Swift/Source/SwiftAPI/Pipeline/TimeUnit.swift /Users/Veer/Library/Developer/Xcode/DerivedData/HearifyV1-ftljoypfezvlxcgouzbpmsmxzads/SourcePackages/checkouts/firebase-ios-sdk/Firestore/Swift/Source/SwiftAPI/VectorValue+Swift.swift /Users/Veer/Library/Developer/Xcode/DerivedData/HearifyV1-ftljoypfezvlxcgouzbpmsmxzads/SourcePackages/checkouts/firebase-ios-sdk/Firestore/Swift/Source/SwiftHeaderWorkaround.swift (in target 'FirebaseFirestore' from project 'Firebase')

SwiftCompile normal arm64 /Users/Veer/Library/Developer/Xcode/DerivedData/HearifyV1-ftljoypfezvlxcgouzbpmsmxzads/SourcePackages/checkouts/firebase-ios-sdk/Firestore/Swift/Source/SwiftAPI/Pipeline/Selectable.swift (in target 'FirebaseFirestore' from project 'Firebase')
    cd /Users/Veer/Library/Mobile\ Documents/com\~apple\~CloudDocs/HearifyV1/HearifyV1.xcodeproj
    

SwiftCompile normal arm64 /Users/Veer/Library/Developer/Xcode/DerivedData/HearifyV1-ftljoypfezvlxcgouzbpmsmxzads/SourcePackages/checkouts/firebase-ios-sdk/Firestore/Swift/Source/SwiftAPI/Pipeline/TimeGranularity.swift (in target 'FirebaseFirestore' from project 'Firebase')
    cd /Users/Veer/Library/Mobile\ Documents/com\~apple\~CloudDocs/HearifyV1/HearifyV1.xcodeproj
    

SwiftCompile normal arm64 /Users/Veer/Library/Developer/Xcode/DerivedData/HearifyV1-ftljoypfezvlxcgouzbpmsmxzads/SourcePackages/checkouts/firebase-ios-sdk/Firestore/Swift/Source/SwiftAPI/Pipeline/TimeUnit.swift (in target 'FirebaseFirestore' from project 'Firebase')
    cd /Users/Veer/Library/Mobile\ Documents/com\~apple\~CloudDocs/HearifyV1/HearifyV1.xcodeproj
    

SwiftCompile normal arm64 /Users/Veer/Library/Developer/Xcode/DerivedData/HearifyV1-ftljoypfezvlxcgouzbpmsmxzads/SourcePackages/checkouts/firebase-ios-sdk/Firestore/Swift/Source/SwiftAPI/VectorValue+Swift.swift (in target 'FirebaseFirestore' from project 'Firebase')
    cd /Users/Veer/Library/Mobile\ Documents/com\~apple\~CloudDocs/HearifyV1/HearifyV1.xcodeproj
    

SwiftCompile normal arm64 /Users/Veer/Library/Developer/Xcode/DerivedData/HearifyV1-ftljoypfezvlxcgouzbpmsmxzads/SourcePackages/checkouts/firebase-ios-sdk/Firestore/Swift/Source/SwiftHeaderWorkaround.swift (in target 'FirebaseFirestore' from project 'Firebase')
    cd /Users/Veer/Library/Mobile\ Documents/com\~apple\~CloudDocs/HearifyV1/HearifyV1.xcodeproj
    

SwiftCompile normal arm64 Compiling\ DocumentID.swift,\ DocumentReference+Codable.swift,\ DocumentReference+ReadDecodable.swift,\ DocumentReference+WriteEncodable.swift,\ DocumentSnapshot+ReadDecodable.swift,\ EncoderDecoder.swift /Users/Veer/Library/Developer/Xcode/DerivedData/HearifyV1-ftljoypfezvlxcgouzbpmsmxzads/SourcePackages/checkouts/firebase-ios-sdk/Firestore/Swift/Source/Codable/DocumentID.swift /Users/Veer/Library/Developer/Xcode/DerivedData/HearifyV1-ftljoypfezvlxcgouzbpmsmxzads/SourcePackages/checkouts/firebase-ios-sdk/Firestore/Swift/Source/Codable/DocumentReference+Codable.swift /Users/Veer/Library/Developer/Xcode/DerivedData/HearifyV1-ftljoypfezvlxcgouzbpmsmxzads/SourcePackages/checkouts/firebase-ios-sdk/Firestore/Swift/Source/Codable/DocumentReference+ReadDecodable.swift /Users/Veer/Library/Developer/Xcode/DerivedData/HearifyV1-ftljoypfezvlxcgouzbpmsmxzads/SourcePackages/checkouts/firebase-ios-sdk/Firestore/Swift/Source/Codable/DocumentReference+WriteEncodable.swift /Users/Veer/Library/Developer/Xcode/DerivedData/HearifyV1-ftljoypfezvlxcgouzbpmsmxzads/SourcePackages/checkouts/firebase-ios-sdk/Firestore/Swift/Source/Codable/DocumentSnapshot+ReadDecodable.swift /Users/Veer/Library/Developer/Xcode/DerivedData/HearifyV1-ftljoypfezvlxcgouzbpmsmxzads/SourcePackages/checkouts/firebase-ios-sdk/Firestore/Swift/Source/Codable/EncoderDecoder.swift (in target 'FirebaseFirestore' from project 'Firebase')

SwiftCompile normal arm64 /Users/Veer/Library/Developer/Xcode/DerivedData/HearifyV1-ftljoypfezvlxcgouzbpmsmxzads/SourcePackages/checkouts/firebase-ios-sdk/Firestore/Swift/Source/Codable/DocumentID.swift (in target 'FirebaseFirestore' from project 'Firebase')
    cd /Users/Veer/Library/Mobile\ Documents/com\~apple\~CloudDocs/HearifyV1/HearifyV1.xcodeproj
    

SwiftCompile normal arm64 /Users/Veer/Library/Developer/Xcode/DerivedData/HearifyV1-ftljoypfezvlxcgouzbpmsmxzads/SourcePackages/checkouts/firebase-ios-sdk/Firestore/Swift/Source/Codable/DocumentReference+Codable.swift (in target 'FirebaseFirestore' from project 'Firebase')
    cd /Users/Veer/Library/Mobile\ Documents/com\~apple\~CloudDocs/HearifyV1/HearifyV1.xcodeproj
    

SwiftCompile normal arm64 /Users/Veer/Library/Developer/Xcode/DerivedData/HearifyV1-ftljoypfezvlxcgouzbpmsmxzads/SourcePackages/checkouts/firebase-ios-sdk/Firestore/Swift/Source/Codable/DocumentReference+ReadDecodable.swift (in target 'FirebaseFirestore' from project 'Firebase')
    cd /Users/Veer/Library/Mobile\ Documents/com\~apple\~CloudDocs/HearifyV1/HearifyV1.xcodeproj
    

SwiftCompile normal arm64 /Users/Veer/Library/Developer/Xcode/DerivedData/HearifyV1-ftljoypfezvlxcgouzbpmsmxzads/SourcePackages/checkouts/firebase-ios-sdk/Firestore/Swift/Source/Codable/DocumentReference+WriteEncodable.swift (in target 'FirebaseFirestore' from project 'Firebase')
    cd /Users/Veer/Library/Mobile\ Documents/com\~apple\~CloudDocs/HearifyV1/HearifyV1.xcodeproj
    

SwiftCompile normal arm64 /Users/Veer/Library/Developer/Xcode/DerivedData/HearifyV1-ftljoypfezvlxcgouzbpmsmxzads/SourcePackages/checkouts/firebase-ios-sdk/Firestore/Swift/Source/Codable/DocumentSnapshot+ReadDecodable.swift (in target 'FirebaseFirestore' from project 'Firebase')
    cd /Users/Veer/Library/Mobile\ Documents/com\~apple\~CloudDocs/HearifyV1/HearifyV1.xcodeproj
    

SwiftCompile normal arm64 /Users/Veer/Library/Developer/Xcode/DerivedData/HearifyV1-ftljoypfezvlxcgouzbpmsmxzads/SourcePackages/checkouts/firebase-ios-sdk/Firestore/Swift/Source/Codable/EncoderDecoder.swift (in target 'FirebaseFirestore' from project 'Firebase')
    cd /Users/Veer/Library/Mobile\ Documents/com\~apple\~CloudDocs/HearifyV1/HearifyV1.xcodeproj
    

SwiftDriverJobDiscovery normal arm64 Compiling StorageListTask.swift, StoragePath.swift, StorageTaskState.swift (in target 'FirebaseStorage' from project 'Firebase')

SwiftCompile normal arm64 Compiling\ ConditionalExpression.swift,\ CurrentTimestamp.swift,\ ErrorExpression.swift,\ FunctionExpression.swift,\ MapExpression.swift,\ RandomExpression.swift /Users/Veer/Library/Developer/Xcode/DerivedData/HearifyV1-ftljoypfezvlxcgouzbpmsmxzads/SourcePackages/checkouts/firebase-ios-sdk/Firestore/Swift/Source/SwiftAPI/Pipeline/Expressions/FunctionExpressions/ConditionalExpression.swift /Users/Veer/Library/Developer/Xcode/DerivedData/HearifyV1-ftljoypfezvlxcgouzbpmsmxzads/SourcePackages/checkouts/firebase-ios-sdk/Firestore/Swift/Source/SwiftAPI/Pipeline/Expressions/FunctionExpressions/CurrentTimestamp.swift /Users/Veer/Library/Developer/Xcode/DerivedData/HearifyV1-ftljoypfezvlxcgouzbpmsmxzads/SourcePackages/checkouts/firebase-ios-sdk/Firestore/Swift/Source/SwiftAPI/Pipeline/Expressions/FunctionExpressions/ErrorExpression.swift /Users/Veer/Library/Developer/Xcode/DerivedData/HearifyV1-ftljoypfezvlxcgouzbpmsmxzads/SourcePackages/checkouts/firebase-ios-sdk/Firestore/Swift/Source/SwiftAPI/Pipeline/Expressions/FunctionExpressions/FunctionExpression.swift /Users/Veer/Library/Developer/Xcode/DerivedData/HearifyV1-ftljoypfezvlxcgouzbpmsmxzads/SourcePackages/checkouts/firebase-ios-sdk/Firestore/Swift/Source/SwiftAPI/Pipeline/Expressions/FunctionExpressions/MapExpression.swift /Users/Veer/Library/Developer/Xcode/DerivedData/HearifyV1-ftljoypfezvlxcgouzbpmsmxzads/SourcePackages/checkouts/firebase-ios-sdk/Firestore/Swift/Source/SwiftAPI/Pipeline/Expressions/FunctionExpressions/RandomExpression.swift (in target 'FirebaseFirestore' from project 'Firebase')

SwiftCompile normal arm64 /Users/Veer/Library/Developer/Xcode/DerivedData/HearifyV1-ftljoypfezvlxcgouzbpmsmxzads/SourcePackages/checkouts/firebase-ios-sdk/Firestore/Swift/Source/SwiftAPI/Pipeline/Expressions/FunctionExpressions/ConditionalExpression.swift (in target 'FirebaseFirestore' from project 'Firebase')
    cd /Users/Veer/Library/Mobile\ Documents/com\~apple\~CloudDocs/HearifyV1/HearifyV1.xcodeproj
    

SwiftCompile normal arm64 /Users/Veer/Library/Developer/Xcode/DerivedData/HearifyV1-ftljoypfezvlxcgouzbpmsmxzads/SourcePackages/checkouts/firebase-ios-sdk/Firestore/Swift/Source/SwiftAPI/Pipeline/Expressions/FunctionExpressions/CurrentTimestamp.swift (in target 'FirebaseFirestore' from project 'Firebase')
    cd /Users/Veer/Library/Mobile\ Documents/com\~apple\~CloudDocs/HearifyV1/HearifyV1.xcodeproj
    

SwiftCompile normal arm64 /Users/Veer/Library/Developer/Xcode/DerivedData/HearifyV1-ftljoypfezvlxcgouzbpmsmxzads/SourcePackages/checkouts/firebase-ios-sdk/Firestore/Swift/Source/SwiftAPI/Pipeline/Expressions/FunctionExpressions/ErrorExpression.swift (in target 'FirebaseFirestore' from project 'Firebase')
    cd /Users/Veer/Library/Mobile\ Documents/com\~apple\~CloudDocs/HearifyV1/HearifyV1.xcodeproj
    

SwiftCompile normal arm64 /Users/Veer/Library/Developer/Xcode/DerivedData/HearifyV1-ftljoypfezvlxcgouzbpmsmxzads/SourcePackages/checkouts/firebase-ios-sdk/Firestore/Swift/Source/SwiftAPI/Pipeline/Expressions/FunctionExpressions/FunctionExpression.swift (in target 'FirebaseFirestore' from project 'Firebase')
    cd /Users/Veer/Library/Mobile\ Documents/com\~apple\~CloudDocs/HearifyV1/HearifyV1.xcodeproj
    

SwiftCompile normal arm64 /Users/Veer/Library/Developer/Xcode/DerivedData/HearifyV1-ftljoypfezvlxcgouzbpmsmxzads/SourcePackages/checkouts/firebase-ios-sdk/Firestore/Swift/Source/SwiftAPI/Pipeline/Expressions/FunctionExpressions/MapExpression.swift (in target 'FirebaseFirestore' from project 'Firebase')
    cd /Users/Veer/Library/Mobile\ Documents/com\~apple\~CloudDocs/HearifyV1/HearifyV1.xcodeproj
    

SwiftCompile normal arm64 /Users/Veer/Library/Developer/Xcode/DerivedData/HearifyV1-ftljoypfezvlxcgouzbpmsmxzads/SourcePackages/checkouts/firebase-ios-sdk/Firestore/Swift/Source/SwiftAPI/Pipeline/Expressions/FunctionExpressions/RandomExpression.swift (in target 'FirebaseFirestore' from project 'Firebase')
    cd /Users/Veer/Library/Mobile\ Documents/com\~apple\~CloudDocs/HearifyV1/HearifyV1.xcodeproj
    

SwiftDriverJobDiscovery normal arm64 Compiling AsyncAwait.swift, StorageDeleteTask.swift, StorageFetcherService.swift (in target 'FirebaseStorage' from project 'Firebase')

SwiftCompile normal arm64 Compiling\ AliasedExpression.swift,\ Constant.swift,\ Expression.swift,\ Field.swift,\ ArrayExpression.swift,\ BooleanExpression.swift /Users/Veer/Library/Developer/Xcode/DerivedData/HearifyV1-ftljoypfezvlxcgouzbpmsmxzads/SourcePackages/checkouts/firebase-ios-sdk/Firestore/Swift/Source/SwiftAPI/Pipeline/Expressions/AliasedExpression.swift /Users/Veer/Library/Developer/Xcode/DerivedData/HearifyV1-ftljoypfezvlxcgouzbpmsmxzads/SourcePackages/checkouts/firebase-ios-sdk/Firestore/Swift/Source/SwiftAPI/Pipeline/Expressions/Constant.swift /Users/Veer/Library/Developer/Xcode/DerivedData/HearifyV1-ftljoypfezvlxcgouzbpmsmxzads/SourcePackages/checkouts/firebase-ios-sdk/Firestore/Swift/Source/SwiftAPI/Pipeline/Expressions/Expression.swift /Users/Veer/Library/Developer/Xcode/DerivedData/HearifyV1-ftljoypfezvlxcgouzbpmsmxzads/SourcePackages/checkouts/firebase-ios-sdk/Firestore/Swift/Source/SwiftAPI/Pipeline/Expressions/Field.swift /Users/Veer/Library/Developer/Xcode/DerivedData/HearifyV1-ftljoypfezvlxcgouzbpmsmxzads/SourcePackages/checkouts/firebase-ios-sdk/Firestore/Swift/Source/SwiftAPI/Pipeline/Expressions/FunctionExpressions/ArrayExpression.swift /Users/Veer/Library/Developer/Xcode/DerivedData/HearifyV1-ftljoypfezvlxcgouzbpmsmxzads/SourcePackages/checkouts/firebase-ios-sdk/Firestore/Swift/Source/SwiftAPI/Pipeline/Expressions/FunctionExpressions/BooleanExpression.swift (in target 'FirebaseFirestore' from project 'Firebase')

SwiftCompile normal arm64 /Users/Veer/Library/Developer/Xcode/DerivedData/HearifyV1-ftljoypfezvlxcgouzbpmsmxzads/SourcePackages/checkouts/firebase-ios-sdk/Firestore/Swift/Source/SwiftAPI/Pipeline/Expressions/AliasedExpression.swift (in target 'FirebaseFirestore' from project 'Firebase')
    cd /Users/Veer/Library/Mobile\ Documents/com\~apple\~CloudDocs/HearifyV1/HearifyV1.xcodeproj
    

SwiftCompile normal arm64 /Users/Veer/Library/Developer/Xcode/DerivedData/HearifyV1-ftljoypfezvlxcgouzbpmsmxzads/SourcePackages/checkouts/firebase-ios-sdk/Firestore/Swift/Source/SwiftAPI/Pipeline/Expressions/Constant.swift (in target 'FirebaseFirestore' from project 'Firebase')
    cd /Users/Veer/Library/Mobile\ Documents/com\~apple\~CloudDocs/HearifyV1/HearifyV1.xcodeproj
    

SwiftCompile normal arm64 /Users/Veer/Library/Developer/Xcode/DerivedData/HearifyV1-ftljoypfezvlxcgouzbpmsmxzads/SourcePackages/checkouts/firebase-ios-sdk/Firestore/Swift/Source/SwiftAPI/Pipeline/Expressions/Expression.swift (in target 'FirebaseFirestore' from project 'Firebase')
    cd /Users/Veer/Library/Mobile\ Documents/com\~apple\~CloudDocs/HearifyV1/HearifyV1.xcodeproj
    

SwiftCompile normal arm64 /Users/Veer/Library/Developer/Xcode/DerivedData/HearifyV1-ftljoypfezvlxcgouzbpmsmxzads/SourcePackages/checkouts/firebase-ios-sdk/Firestore/Swift/Source/SwiftAPI/Pipeline/Expressions/Field.swift (in target 'FirebaseFirestore' from project 'Firebase')
    cd /Users/Veer/Library/Mobile\ Documents/com\~apple\~CloudDocs/HearifyV1/HearifyV1.xcodeproj
    

SwiftCompile normal arm64 /Users/Veer/Library/Developer/Xcode/DerivedData/HearifyV1-ftljoypfezvlxcgouzbpmsmxzads/SourcePackages/checkouts/firebase-ios-sdk/Firestore/Swift/Source/SwiftAPI/Pipeline/Expressions/FunctionExpressions/ArrayExpression.swift (in target 'FirebaseFirestore' from project 'Firebase')
    cd /Users/Veer/Library/Mobile\ Documents/com\~apple\~CloudDocs/HearifyV1/HearifyV1.xcodeproj
    

SwiftCompile normal arm64 /Users/Veer/Library/Developer/Xcode/DerivedData/HearifyV1-ftljoypfezvlxcgouzbpmsmxzads/SourcePackages/checkouts/firebase-ios-sdk/Firestore/Swift/Source/SwiftAPI/Pipeline/Expressions/FunctionExpressions/BooleanExpression.swift (in target 'FirebaseFirestore' from project 'Firebase')
    cd /Users/Veer/Library/Mobile\ Documents/com\~apple\~CloudDocs/HearifyV1/HearifyV1.xcodeproj
    

SwiftDriverJobDiscovery normal arm64 Compiling StorageReference.swift, StorageTask.swift (in target 'FirebaseStorage' from project 'Firebase')

SwiftCompile normal arm64 Compiling\ resource_bundle_accessor.swift,\ CollectionReference+AsyncAwait.swift,\ Firestore+AsyncAwait.swift,\ CodableErrors.swift,\ CodablePassThroughTypes.swift,\ CollectionReference+WriteEncodable.swift /Users/Veer/Library/Developer/Xcode/DerivedData/HearifyV1-ftljoypfezvlxcgouzbpmsmxzads/Build/Intermediates.noindex/Firebase.build/Debug-iphoneos/FirebaseFirestore.build/DerivedSources/resource_bundle_accessor.swift /Users/Veer/Library/Developer/Xcode/DerivedData/HearifyV1-ftljoypfezvlxcgouzbpmsmxzads/SourcePackages/checkouts/firebase-ios-sdk/Firestore/Swift/Source/AsyncAwait/CollectionReference+AsyncAwait.swift /Users/Veer/Library/Developer/Xcode/DerivedData/HearifyV1-ftljoypfezvlxcgouzbpmsmxzads/SourcePackages/checkouts/firebase-ios-sdk/Firestore/Swift/Source/AsyncAwait/Firestore+AsyncAwait.swift /Users/Veer/Library/Developer/Xcode/DerivedData/HearifyV1-ftljoypfezvlxcgouzbpmsmxzads/SourcePackages/checkouts/firebase-ios-sdk/Firestore/Swift/Source/Codable/CodableErrors.swift /Users/Veer/Library/Developer/Xcode/DerivedData/HearifyV1-ftljoypfezvlxcgouzbpmsmxzads/SourcePackages/checkouts/firebase-ios-sdk/Firestore/Swift/Source/Codable/CodablePassThroughTypes.swift /Users/Veer/Library/Developer/Xcode/DerivedData/HearifyV1-ftljoypfezvlxcgouzbpmsmxzads/SourcePackages/checkouts/firebase-ios-sdk/Firestore/Swift/Source/Codable/CollectionReference+WriteEncodable.swift (in target 'FirebaseFirestore' from project 'Firebase')

SwiftCompile normal arm64 /Users/Veer/Library/Developer/Xcode/DerivedData/HearifyV1-ftljoypfezvlxcgouzbpmsmxzads/Build/Intermediates.noindex/Firebase.build/Debug-iphoneos/FirebaseFirestore.build/DerivedSources/resource_bundle_accessor.swift (in target 'FirebaseFirestore' from project 'Firebase')
    cd /Users/Veer/Library/Mobile\ Documents/com\~apple\~CloudDocs/HearifyV1/HearifyV1.xcodeproj
    

SwiftCompile normal arm64 /Users/Veer/Library/Developer/Xcode/DerivedData/HearifyV1-ftljoypfezvlxcgouzbpmsmxzads/SourcePackages/checkouts/firebase-ios-sdk/Firestore/Swift/Source/AsyncAwait/CollectionReference+AsyncAwait.swift (in target 'FirebaseFirestore' from project 'Firebase')
    cd /Users/Veer/Library/Mobile\ Documents/com\~apple\~CloudDocs/HearifyV1/HearifyV1.xcodeproj
    

SwiftCompile normal arm64 /Users/Veer/Library/Developer/Xcode/DerivedData/HearifyV1-ftljoypfezvlxcgouzbpmsmxzads/SourcePackages/checkouts/firebase-ios-sdk/Firestore/Swift/Source/AsyncAwait/Firestore+AsyncAwait.swift (in target 'FirebaseFirestore' from project 'Firebase')
    cd /Users/Veer/Library/Mobile\ Documents/com\~apple\~CloudDocs/HearifyV1/HearifyV1.xcodeproj
    

SwiftCompile normal arm64 /Users/Veer/Library/Developer/Xcode/DerivedData/HearifyV1-ftljoypfezvlxcgouzbpmsmxzads/SourcePackages/checkouts/firebase-ios-sdk/Firestore/Swift/Source/Codable/CodableErrors.swift (in target 'FirebaseFirestore' from project 'Firebase')
    cd /Users/Veer/Library/Mobile\ Documents/com\~apple\~CloudDocs/HearifyV1/HearifyV1.xcodeproj
    

SwiftCompile normal arm64 /Users/Veer/Library/Developer/Xcode/DerivedData/HearifyV1-ftljoypfezvlxcgouzbpmsmxzads/SourcePackages/checkouts/firebase-ios-sdk/Firestore/Swift/Source/Codable/CodablePassThroughTypes.swift (in target 'FirebaseFirestore' from project 'Firebase')
    cd /Users/Veer/Library/Mobile\ Documents/com\~apple\~CloudDocs/HearifyV1/HearifyV1.xcodeproj
    

SwiftCompile normal arm64 /Users/Veer/Library/Developer/Xcode/DerivedData/HearifyV1-ftljoypfezvlxcgouzbpmsmxzads/SourcePackages/checkouts/firebase-ios-sdk/Firestore/Swift/Source/Codable/CollectionReference+WriteEncodable.swift (in target 'FirebaseFirestore' from project 'Firebase')
    cd /Users/Veer/Library/Mobile\ Documents/com\~apple\~CloudDocs/HearifyV1/HearifyV1.xcodeproj
    

SwiftDriverJobDiscovery normal arm64 Compiling StorageConstants.swift, StorageDownloadTask.swift (in target 'FirebaseStorage' from project 'Firebase')

SwiftCompile normal arm64 Compiling\ Ordering.swift,\ Pipeline.swift,\ PipelineResult.swift,\ PipelineSource.swift,\ RealtimePipeline.swift,\ RealtimePipelineSource.swift /Users/Veer/Library/Developer/Xcode/DerivedData/HearifyV1-ftljoypfezvlxcgouzbpmsmxzads/SourcePackages/checkouts/firebase-ios-sdk/Firestore/Swift/Source/SwiftAPI/Pipeline/Ordering.swift /Users/Veer/Library/Developer/Xcode/DerivedData/HearifyV1-ftljoypfezvlxcgouzbpmsmxzads/SourcePackages/checkouts/firebase-ios-sdk/Firestore/Swift/Source/SwiftAPI/Pipeline/Pipeline.swift /Users/Veer/Library/Developer/Xcode/DerivedData/HearifyV1-ftljoypfezvlxcgouzbpmsmxzads/SourcePackages/checkouts/firebase-ios-sdk/Firestore/Swift/Source/SwiftAPI/Pipeline/PipelineResult.swift /Users/Veer/Library/Developer/Xcode/DerivedData/HearifyV1-ftljoypfezvlxcgouzbpmsmxzads/SourcePackages/checkouts/firebase-ios-sdk/Firestore/Swift/Source/SwiftAPI/Pipeline/PipelineSource.swift /Users/Veer/Library/Developer/Xcode/DerivedData/HearifyV1-ftljoypfezvlxcgouzbpmsmxzads/SourcePackages/checkouts/firebase-ios-sdk/Firestore/Swift/Source/SwiftAPI/Pipeline/RealtimePipeline.swift /Users/Veer/Library/Developer/Xcode/DerivedData/HearifyV1-ftljoypfezvlxcgouzbpmsmxzads/SourcePackages/checkouts/firebase-ios-sdk/Firestore/Swift/Source/SwiftAPI/Pipeline/RealtimePipelineSource.swift (in target 'FirebaseFirestore' from project 'Firebase')
SwiftCompile normal arm64 /Users/Veer/Library/Developer/Xcode/DerivedData/HearifyV1-ftljoypfezvlxcgouzbpmsmxzads/SourcePackages/checkouts/firebase-ios-sdk/Firestore/Swift/Source/SwiftAPI/Pipeline/Ordering.swift (in target 'FirebaseFirestore' from project 'Firebase')
    cd /Users/Veer/Library/Mobile\ Documents/com\~apple\~CloudDocs/HearifyV1/HearifyV1.xcodeproj
    

SwiftCompile normal arm64 /Users/Veer/Library/Developer/Xcode/DerivedData/HearifyV1-ftljoypfezvlxcgouzbpmsmxzads/SourcePackages/checkouts/firebase-ios-sdk/Firestore/Swift/Source/SwiftAPI/Pipeline/Pipeline.swift (in target 'FirebaseFirestore' from project 'Firebase')
    cd /Users/Veer/Library/Mobile\ Documents/com\~apple\~CloudDocs/HearifyV1/HearifyV1.xcodeproj
    

SwiftCompile normal arm64 /Users/Veer/Library/Developer/Xcode/DerivedData/HearifyV1-ftljoypfezvlxcgouzbpmsmxzads/SourcePackages/checkouts/firebase-ios-sdk/Firestore/Swift/Source/SwiftAPI/Pipeline/PipelineResult.swift (in target 'FirebaseFirestore' from project 'Firebase')
    cd /Users/Veer/Library/Mobile\ Documents/com\~apple\~CloudDocs/HearifyV1/HearifyV1.xcodeproj
    

SwiftCompile normal arm64 /Users/Veer/Library/Developer/Xcode/DerivedData/HearifyV1-ftljoypfezvlxcgouzbpmsmxzads/SourcePackages/checkouts/firebase-ios-sdk/Firestore/Swift/Source/SwiftAPI/Pipeline/PipelineSource.swift (in target 'FirebaseFirestore' from project 'Firebase')
    cd /Users/Veer/Library/Mobile\ Documents/com\~apple\~CloudDocs/HearifyV1/HearifyV1.xcodeproj
    

SwiftCompile normal arm64 /Users/Veer/Library/Developer/Xcode/DerivedData/HearifyV1-ftljoypfezvlxcgouzbpmsmxzads/SourcePackages/checkouts/firebase-ios-sdk/Firestore/Swift/Source/SwiftAPI/Pipeline/RealtimePipeline.swift (in target 'FirebaseFirestore' from project 'Firebase')
    cd /Users/Veer/Library/Mobile\ Documents/com\~apple\~CloudDocs/HearifyV1/HearifyV1.xcodeproj
    

SwiftCompile normal arm64 /Users/Veer/Library/Developer/Xcode/DerivedData/HearifyV1-ftljoypfezvlxcgouzbpmsmxzads/SourcePackages/checkouts/firebase-ios-sdk/Firestore/Swift/Source/SwiftAPI/Pipeline/RealtimePipelineSource.swift (in target 'FirebaseFirestore' from project 'Firebase')
    cd /Users/Veer/Library/Mobile\ Documents/com\~apple\~CloudDocs/HearifyV1/HearifyV1.xcodeproj
    

SwiftDriverJobDiscovery normal arm64 Compiling StorageGetDownloadURLTask.swift, StorageGetMetadataTask.swift, StorageInternalTask.swift (in target 'FirebaseStorage' from project 'Firebase')

SwiftCompile normal arm64 Compiling\ ExplicitNull.swift,\ FieldValue+Encodable.swift,\ GeoPoint+Codable.swift,\ ServerTimestamp.swift,\ Timestamp+Codable.swift,\ TimestampDecodingStrategy.swift /Users/Veer/Library/Developer/Xcode/DerivedData/HearifyV1-ftljoypfezvlxcgouzbpmsmxzads/SourcePackages/checkouts/firebase-ios-sdk/Firestore/Swift/Source/Codable/ExplicitNull.swift /Users/Veer/Library/Developer/Xcode/DerivedData/HearifyV1-ftljoypfezvlxcgouzbpmsmxzads/SourcePackages/checkouts/firebase-ios-sdk/Firestore/Swift/Source/Codable/FieldValue+Encodable.swift /Users/Veer/Library/Developer/Xcode/DerivedData/HearifyV1-ftljoypfezvlxcgouzbpmsmxzads/SourcePackages/checkouts/firebase-ios-sdk/Firestore/Swift/Source/Codable/GeoPoint+Codable.swift /Users/Veer/Library/Developer/Xcode/DerivedData/HearifyV1-ftljoypfezvlxcgouzbpmsmxzads/SourcePackages/checkouts/firebase-ios-sdk/Firestore/Swift/Source/Codable/ServerTimestamp.swift /Users/Veer/Library/Developer/Xcode/DerivedData/HearifyV1-ftljoypfezvlxcgouzbpmsmxzads/SourcePackages/checkouts/firebase-ios-sdk/Firestore/Swift/Source/Codable/Timestamp+Codable.swift /Users/Veer/Library/Developer/Xcode/DerivedData/HearifyV1-ftljoypfezvlxcgouzbpmsmxzads/SourcePackages/checkouts/firebase-ios-sdk/Firestore/Swift/Source/Codable/TimestampDecodingStrategy.swift (in target 'FirebaseFirestore' from project 'Firebase')

SwiftCompile normal arm64 /Users/Veer/Library/Developer/Xcode/DerivedData/HearifyV1-ftljoypfezvlxcgouzbpmsmxzads/SourcePackages/checkouts/firebase-ios-sdk/Firestore/Swift/Source/Codable/ExplicitNull.swift (in target 'FirebaseFirestore' from project 'Firebase')
    cd /Users/Veer/Library/Mobile\ Documents/com\~apple\~CloudDocs/HearifyV1/HearifyV1.xcodeproj
    

SwiftCompile normal arm64 /Users/Veer/Library/Developer/Xcode/DerivedData/HearifyV1-ftljoypfezvlxcgouzbpmsmxzads/SourcePackages/checkouts/firebase-ios-sdk/Firestore/Swift/Source/Codable/FieldValue+Encodable.swift (in target 'FirebaseFirestore' from project 'Firebase')
    cd /Users/Veer/Library/Mobile\ Documents/com\~apple\~CloudDocs/HearifyV1/HearifyV1.xcodeproj
    

SwiftCompile normal arm64 /Users/Veer/Library/Developer/Xcode/DerivedData/HearifyV1-ftljoypfezvlxcgouzbpmsmxzads/SourcePackages/checkouts/firebase-ios-sdk/Firestore/Swift/Source/Codable/GeoPoint+Codable.swift (in target 'FirebaseFirestore' from project 'Firebase')
    cd /Users/Veer/Library/Mobile\ Documents/com\~apple\~CloudDocs/HearifyV1/HearifyV1.xcodeproj
    

SwiftCompile normal arm64 /Users/Veer/Library/Developer/Xcode/DerivedData/HearifyV1-ftljoypfezvlxcgouzbpmsmxzads/SourcePackages/checkouts/firebase-ios-sdk/Firestore/Swift/Source/Codable/ServerTimestamp.swift (in target 'FirebaseFirestore' from project 'Firebase')
    cd /Users/Veer/Library/Mobile\ Documents/com\~apple\~CloudDocs/HearifyV1/HearifyV1.xcodeproj
    

SwiftCompile normal arm64 /Users/Veer/Library/Developer/Xcode/DerivedData/HearifyV1-ftljoypfezvlxcgouzbpmsmxzads/SourcePackages/checkouts/firebase-ios-sdk/Firestore/Swift/Source/Codable/Timestamp+Codable.swift (in target 'FirebaseFirestore' from project 'Firebase')
    cd /Users/Veer/Library/Mobile\ Documents/com\~apple\~CloudDocs/HearifyV1/HearifyV1.xcodeproj
    

SwiftCompile normal arm64 /Users/Veer/Library/Developer/Xcode/DerivedData/HearifyV1-ftljoypfezvlxcgouzbpmsmxzads/SourcePackages/checkouts/firebase-ios-sdk/Firestore/Swift/Source/Codable/TimestampDecodingStrategy.swift (in target 'FirebaseFirestore' from project 'Firebase')
    cd /Users/Veer/Library/Mobile\ Documents/com\~apple\~CloudDocs/HearifyV1/HearifyV1.xcodeproj
    

SwiftDriverJobDiscovery normal arm64 Compiling StorageTaskSnapshot.swift, StorageUploadTask.swift (in target 'FirebaseStorage' from project 'Firebase')

SwiftCompile normal arm64 Compiling\ FieldValue+Swift.swift,\ Firestore+Pipeline.swift,\ AggregateFunction.swift,\ AliasedAggregate.swift,\ CountAll.swift,\ DistanceMeasure.swift /Users/Veer/Library/Developer/Xcode/DerivedData/HearifyV1-ftljoypfezvlxcgouzbpmsmxzads/SourcePackages/checkouts/firebase-ios-sdk/Firestore/Swift/Source/SwiftAPI/FieldValue+Swift.swift /Users/Veer/Library/Developer/Xcode/DerivedData/HearifyV1-ftljoypfezvlxcgouzbpmsmxzads/SourcePackages/checkouts/firebase-ios-sdk/Firestore/Swift/Source/SwiftAPI/Firestore+Pipeline.swift /Users/Veer/Library/Developer/Xcode/DerivedData/HearifyV1-ftljoypfezvlxcgouzbpmsmxzads/SourcePackages/checkouts/firebase-ios-sdk/Firestore/Swift/Source/SwiftAPI/Pipeline/Aggregates/AggregateFunction.swift /Users/Veer/Library/Developer/Xcode/DerivedData/HearifyV1-ftljoypfezvlxcgouzbpmsmxzads/SourcePackages/checkouts/firebase-ios-sdk/Firestore/Swift/Source/SwiftAPI/Pipeline/Aggregates/AliasedAggregate.swift /Users/Veer/Library/Developer/Xcode/DerivedData/HearifyV1-ftljoypfezvlxcgouzbpmsmxzads/SourcePackages/checkouts/firebase-ios-sdk/Firestore/Swift/Source/SwiftAPI/Pipeline/Aggregates/CountAll.swift /Users/Veer/Library/Developer/Xcode/DerivedData/HearifyV1-ftljoypfezvlxcgouzbpmsmxzads/SourcePackages/checkouts/firebase-ios-sdk/Firestore/Swift/Source/SwiftAPI/Pipeline/DistanceMeasure.swift (in target 'FirebaseFirestore' from project 'Firebase')

SwiftCompile normal arm64 /Users/Veer/Library/Developer/Xcode/DerivedData/HearifyV1-ftljoypfezvlxcgouzbpmsmxzads/SourcePackages/checkouts/firebase-ios-sdk/Firestore/Swift/Source/SwiftAPI/FieldValue+Swift.swift (in target 'FirebaseFirestore' from project 'Firebase')
    cd /Users/Veer/Library/Mobile\ Documents/com\~apple\~CloudDocs/HearifyV1/HearifyV1.xcodeproj
    

SwiftCompile normal arm64 /Users/Veer/Library/Developer/Xcode/DerivedData/HearifyV1-ftljoypfezvlxcgouzbpmsmxzads/SourcePackages/checkouts/firebase-ios-sdk/Firestore/Swift/Source/SwiftAPI/Firestore+Pipeline.swift (in target 'FirebaseFirestore' from project 'Firebase')
    cd /Users/Veer/Library/Mobile\ Documents/com\~apple\~CloudDocs/HearifyV1/HearifyV1.xcodeproj
    

SwiftCompile normal arm64 /Users/Veer/Library/Developer/Xcode/DerivedData/HearifyV1-ftljoypfezvlxcgouzbpmsmxzads/SourcePackages/checkouts/firebase-ios-sdk/Firestore/Swift/Source/SwiftAPI/Pipeline/Aggregates/AggregateFunction.swift (in target 'FirebaseFirestore' from project 'Firebase')
    cd /Users/Veer/Library/Mobile\ Documents/com\~apple\~CloudDocs/HearifyV1/HearifyV1.xcodeproj
    

SwiftCompile normal arm64 /Users/Veer/Library/Developer/Xcode/DerivedData/HearifyV1-ftljoypfezvlxcgouzbpmsmxzads/SourcePackages/checkouts/firebase-ios-sdk/Firestore/Swift/Source/SwiftAPI/Pipeline/Aggregates/AliasedAggregate.swift (in target 'FirebaseFirestore' from project 'Firebase')
    cd /Users/Veer/Library/Mobile\ Documents/com\~apple\~CloudDocs/HearifyV1/HearifyV1.xcodeproj
    

SwiftCompile normal arm64 /Users/Veer/Library/Developer/Xcode/DerivedData/HearifyV1-ftljoypfezvlxcgouzbpmsmxzads/SourcePackages/checkouts/firebase-ios-sdk/Firestore/Swift/Source/SwiftAPI/Pipeline/Aggregates/CountAll.swift (in target 'FirebaseFirestore' from project 'Firebase')
    cd /Users/Veer/Library/Mobile\ Documents/com\~apple\~CloudDocs/HearifyV1/HearifyV1.xcodeproj
    

SwiftCompile normal arm64 /Users/Veer/Library/Developer/Xcode/DerivedData/HearifyV1-ftljoypfezvlxcgouzbpmsmxzads/SourcePackages/checkouts/firebase-ios-sdk/Firestore/Swift/Source/SwiftAPI/Pipeline/DistanceMeasure.swift (in target 'FirebaseFirestore' from project 'Firebase')
    cd /Users/Veer/Library/Mobile\ Documents/com\~apple\~CloudDocs/HearifyV1/HearifyV1.xcodeproj
    

SwiftDriverJobDiscovery normal arm64 Compiling StorageTokenAuthorizer.swift, StorageUpdateMetadataTask.swift, StorageUtils.swift (in target 'FirebaseStorage' from project 'Firebase')

SwiftDriver\ Compilation FirebaseStorage normal arm64 com.apple.xcode.tools.swift.compiler (in target 'FirebaseStorage' from project 'Firebase')
    cd /Users/Veer/Library/Mobile\ Documents/com\~apple\~CloudDocs/HearifyV1/HearifyV1.xcodeproj
    builtin-Swift-Compilation -- /Applications/Xcode.app/Contents/Developer/Toolchains/XcodeDefault.xctoolchain/usr/bin/swiftc -module-name FirebaseStorage -Onone -enforce-exclusivity\=checked @/Users/Veer/Library/Developer/Xcode/DerivedData/HearifyV1-ftljoypfezvlxcgouzbpmsmxzads/Build/Intermediates.noindex/Firebase.build/Debug-iphoneos/FirebaseStorage.build/Objects-normal/arm64/FirebaseStorage.SwiftFileList -DSWIFT_PACKAGE -DDEBUG -DSWIFT_MODULE_RESOURCE_BUNDLE_UNAVAILABLE -Xcc -fmodule-map-file\=/Users/Veer/Library/Developer/Xcode/DerivedData/HearifyV1-ftljoypfezvlxcgouzbpmsmxzads/Build/Intermediates.noindex/GeneratedModuleMaps-iphoneos/GoogleUtilities-NSData.modulemap -Xcc -fmodule-map-file\=/Users/Veer/Library/Developer/Xcode/DerivedData/HearifyV1-ftljoypfezvlxcgouzbpmsmxzads/Build/Intermediates.noindex/GeneratedModuleMaps-iphoneos/GoogleUtilities-Environment.modulemap -Xcc -fmodule-map-file\=/Users/Veer/Library/Developer/Xcode/DerivedData/HearifyV1-ftljoypfezvlxcgouzbpmsmxzads/Build/Intermediates.noindex/GeneratedModuleMaps-iphoneos/third-party-IsAppEncrypted.modulemap -Xcc -fmodule-map-file\=/Users/Veer/Library/Developer/Xcode/DerivedData/HearifyV1-ftljoypfezvlxcgouzbpmsmxzads/Build/Intermediates.noindex/GeneratedModuleMaps-iphoneos/GoogleUtilities-Logger.modulemap -Xcc -fmodule-map-file\=/Users/Veer/Library/Developer/Xcode/DerivedData/HearifyV1-ftljoypfezvlxcgouzbpmsmxzads/Build/Intermediates.noindex/GeneratedModuleMaps-iphoneos/GTMSessionFetcherCore.modulemap -Xcc -fmodule-map-file\=/Users/Veer/Library/Developer/Xcode/DerivedData/HearifyV1-ftljoypfezvlxcgouzbpmsmxzads/Build/Intermediates.noindex/GeneratedModuleMaps-iphoneos/FirebaseCoreExtension.modulemap -Xcc -fmodule-map-file\=/Users/Veer/Library/Developer/Xcode/DerivedData/HearifyV1-ftljoypfezvlxcgouzbpmsmxzads/Build/Intermediates.noindex/GeneratedModuleMaps-iphoneos/FirebaseCore.modulemap -Xcc -fmodule-map-file\=/Users/Veer/Library/Developer/Xcode/DerivedData/HearifyV1-ftljoypfezvlxcgouzbpmsmxzads/Build/Intermediates.noindex/GeneratedModuleMaps-iphoneos/FirebaseAuthInterop.modulemap -Xcc -fmodule-map-file\=/Users/Veer/Library/Developer/Xcode/DerivedData/HearifyV1-ftljoypfezvlxcgouzbpmsmxzads/Build/Intermediates.noindex/GeneratedModuleMaps-iphoneos/FirebaseAppCheckInterop.modulemap -DXcode -plugin-path /Applications/Xcode.app/Contents/Developer/Toolchains/XcodeDefault.xctoolchain/usr/lib/swift/host/plugins/testing -enable-experimental-feature DebugDescriptionMacro -sdk /Applications/Xcode.app/Contents/Developer/Platforms/iPhoneOS.platform/Developer/SDKs/iPhoneOS26.2.sdk -target arm64-apple-ios15.0 -g -module-cache-path /Users/Veer/Library/Developer/Xcode/DerivedData/ModuleCache.noindex -Xfrontend -serialize-debugging-options -profile-coverage-mapping -profile-generate -enable-testing -suppress-warnings -index-store-path /Users/Veer/Library/Developer/Xcode/DerivedData/HearifyV1-ftljoypfezvlxcgouzbpmsmxzads/Index.noindex/DataStore -Xcc -D_LIBCPP_HARDENING_MODE\=_LIBCPP_HARDENING_MODE_DEBUG -swift-version 5 -I /Users/Veer/Library/Developer/Xcode/DerivedData/HearifyV1-ftljoypfezvlxcgouzbpmsmxzads/Build/Products/Debug-iphoneos -Isystem /Applications/Xcode.app/Contents/Developer/Platforms/iPhoneOS.platform/Developer/usr/lib -F /Users/Veer/Library/Developer/Xcode/DerivedData/HearifyV1-ftljoypfezvlxcgouzbpmsmxzads/Build/Products/Debug-iphoneos/PackageFrameworks -F /Users/Veer/Library/Developer/Xcode/DerivedData/HearifyV1-ftljoypfezvlxcgouzbpmsmxzads/Build/Products/Debug-iphoneos/PackageFrameworks -F /Users/Veer/Library/Developer/Xcode/DerivedData/HearifyV1-ftljoypfezvlxcgouzbpmsmxzads/Build/Products/Debug-iphoneos/PackageFrameworks -F /Users/Veer/Library/Developer/Xcode/DerivedData/HearifyV1-ftljoypfezvlxcgouzbpmsmxzads/Build/Products/Debug-iphoneos/PackageFrameworks -F /Users/Veer/Library/Developer/Xcode/DerivedData/HearifyV1-ftljoypfezvlxcgouzbpmsmxzads/Build/Products/Debug-iphoneos/PackageFrameworks -F /Users/Veer/Library/Developer/Xcode/DerivedData/HearifyV1-ftljoypfezvlxcgouzbpmsmxzads/Build/Products/Debug-iphoneos/PackageFrameworks -F /Users/Veer/Library/Developer/Xcode/DerivedData/HearifyV1-ftljoypfezvlxcgouzbpmsmxzads/Build/Products/Debug-iphoneos/PackageFrameworks -F /Users/Veer/Library/Developer/Xcode/DerivedData/HearifyV1-ftljoypfezvlxcgouzbpmsmxzads/Build/Products/Debug-iphoneos/PackageFrameworks -F /Users/Veer/Library/Developer/Xcode/DerivedData/HearifyV1-ftljoypfezvlxcgouzbpmsmxzads/Build/Products/Debug-iphoneos/PackageFrameworks -F /Users/Veer/Library/Developer/Xcode/DerivedData/HearifyV1-ftljoypfezvlxcgouzbpmsmxzads/Build/Products/Debug-iphoneos/PackageFrameworks -F /Users/Veer/Library/Developer/Xcode/DerivedData/HearifyV1-ftljoypfezvlxcgouzbpmsmxzads/Build/Products/Debug-iphoneos/PackageFrameworks -F /Users/Veer/Library/Developer/Xcode/DerivedData/HearifyV1-ftljoypfezvlxcgouzbpmsmxzads/Build/Products/Debug-iphoneos -F /Applications/Xcode.app/Contents/Developer/Platforms/iPhoneOS.platform/Developer/Library/Frameworks -F /Applications/Xcode.app/Contents/Developer/Platforms/iPhoneOS.platform/Developer/SDKs/iPhoneOS26.2.sdk/Developer/Library/Frameworks -c -j10 -enable-batch-mode -incremental -Xcc -ivfsstatcache -Xcc /Users/Veer/Library/Developer/Xcode/DerivedData/SDKStatCaches.noindex/iphoneos26.2-23C53-3794476bd08197c3e2abd9bb477ef7f7.sdkstatcache -output-file-map /Users/Veer/Library/Developer/Xcode/DerivedData/HearifyV1-ftljoypfezvlxcgouzbpmsmxzads/Build/Intermediates.noindex/Firebase.build/Debug-iphoneos/FirebaseStorage.build/Objects-normal/arm64/FirebaseStorage-OutputFileMap.json -use-frontend-parseable-output -save-temps -no-color-diagnostics -explicit-module-build -module-cache-path /Users/Veer/Library/Developer/Xcode/DerivedData/HearifyV1-ftljoypfezvlxcgouzbpmsmxzads/Build/Intermediates.noindex/SwiftExplicitPrecompiledModules -clang-scanner-module-cache-path /Users/Veer/Library/Developer/Xcode/DerivedData/ModuleCache.noindex -sdk-module-cache-path /Users/Veer/Library/Developer/Xcode/DerivedData/ModuleCache.noindex -serialize-diagnostics -emit-dependencies -emit-module -emit-module-path /Users/Veer/Library/Developer/Xcode/DerivedData/HearifyV1-ftljoypfezvlxcgouzbpmsmxzads/Build/Intermediates.noindex/Firebase.build/Debug-iphoneos/FirebaseStorage.build/Objects-normal/arm64/FirebaseStorage.swiftmodule -user-module-version 12.8.0 -validate-clang-modules-once -clang-build-session-file /Users/Veer/Library/Developer/Xcode/DerivedData/ModuleCache.noindex/Session.modulevalidation -package-name firebase_ios_sdk -Xcc -I/Users/Veer/Library/Developer/Xcode/DerivedData/HearifyV1-ftljoypfezvlxcgouzbpmsmxzads/Build/Intermediates.noindex/Firebase.build/Debug-iphoneos/FirebaseStorage.build/swift-overrides.hmap -emit-const-values -Xfrontend -const-gather-protocols-file -Xfrontend /Users/Veer/Library/Developer/Xcode/DerivedData/HearifyV1-ftljoypfezvlxcgouzbpmsmxzads/Build/Intermediates.noindex/Firebase.build/Debug-iphoneos/FirebaseStorage.build/Objects-normal/arm64/FirebaseStorage_const_extract_protocols.json -Xcc -I/Users/Veer/Library/Developer/Xcode/DerivedData/HearifyV1-ftljoypfezvlxcgouzbpmsmxzads/SourcePackages/checkouts/GoogleUtilities/GoogleUtilities/NSData+zlib/Public -Xcc -I/Users/Veer/Library/Developer/Xcode/DerivedData/HearifyV1-ftljoypfezvlxcgouzbpmsmxzads/SourcePackages/checkouts/GoogleUtilities/GoogleUtilities/Environment/Public -Xcc -I/Users/Veer/Library/Developer/Xcode/DerivedData/HearifyV1-ftljoypfezvlxcgouzbpmsmxzads/SourcePackages/checkouts/GoogleUtilities/third_party/IsAppEncrypted/Public -Xcc -I/Users/Veer/Library/Developer/Xcode/DerivedData/HearifyV1-ftljoypfezvlxcgouzbpmsmxzads/SourcePackages/checkouts/GoogleUtilities/GoogleUtilities/Logger/Public -Xcc -I/Users/Veer/Library/Developer/Xcode/DerivedData/HearifyV1-ftljoypfezvlxcgouzbpmsmxzads/SourcePackages/checkouts/gtm-session-fetcher/Sources/Core/Public -Xcc -I/Users/Veer/Library/Developer/Xcode/DerivedData/HearifyV1-ftljoypfezvlxcgouzbpmsmxzads/SourcePackages/checkouts/firebase-ios-sdk/FirebaseCore/Extension -Xcc -I/Users/Veer/Library/Developer/Xcode/DerivedData/HearifyV1-ftljoypfezvlxcgouzbpmsmxzads/SourcePackages/checkouts/firebase-ios-sdk/FirebaseCore/Sources/Public -Xcc -I/Users/Veer/Library/Developer/Xcode/DerivedData/HearifyV1-ftljoypfezvlxcgouzbpmsmxzads/SourcePackages/checkouts/firebase-ios-sdk/CoreOnly/Sources -Xcc -I/Users/Veer/Library/Developer/Xcode/DerivedData/HearifyV1-ftljoypfezvlxcgouzbpmsmxzads/SourcePackages/checkouts/firebase-ios-sdk/FirebaseAuth/Interop/Public -Xcc -I/Users/Veer/Library/Developer/Xcode/DerivedData/HearifyV1-ftljoypfezvlxcgouzbpmsmxzads/SourcePackages/checkouts/firebase-ios-sdk/FirebaseAppCheck/Interop/Public -Xcc -I/Users/Veer/Library/Developer/Xcode/DerivedData/HearifyV1-ftljoypfezvlxcgouzbpmsmxzads/Build/Products/Debug-iphoneos/include -Xcc -I/Users/Veer/Library/Developer/Xcode/DerivedData/HearifyV1-ftljoypfezvlxcgouzbpmsmxzads/Build/Intermediates.noindex/Firebase.build/Debug-iphoneos/FirebaseStorage.build/DerivedSources-normal/arm64 -Xcc -I/Users/Veer/Library/Developer/Xcode/DerivedData/HearifyV1-ftljoypfezvlxcgouzbpmsmxzads/Build/Intermediates.noindex/Firebase.build/Debug-iphoneos/FirebaseStorage.build/DerivedSources/arm64 -Xcc -I/Users/Veer/Library/Developer/Xcode/DerivedData/HearifyV1-ftljoypfezvlxcgouzbpmsmxzads/Build/Intermediates.noindex/Firebase.build/Debug-iphoneos/FirebaseStorage.build/DerivedSources -Xcc -DSWIFT_PACKAGE -Xcc -DDEBUG\=1 -emit-objc-header -emit-objc-header-path /Users/Veer/Library/Developer/Xcode/DerivedData/HearifyV1-ftljoypfezvlxcgouzbpmsmxzads/Build/Intermediates.noindex/Firebase.build/Debug-iphoneos/FirebaseStorage.build/Objects-normal/arm64/FirebaseStorage-Swift.h -working-directory /Users/Veer/Library/Mobile\ Documents/com\~apple\~CloudDocs/HearifyV1/HearifyV1.xcodeproj -experimental-emit-module-separately -disable-cmo

SwiftDriverJobDiscovery normal arm64 Compiling ConditionalExpression.swift, CurrentTimestamp.swift, ErrorExpression.swift, FunctionExpression.swift, MapExpression.swift, RandomExpression.swift (in target 'FirebaseFirestore' from project 'Firebase')

SwiftCompile normal arm64 Compiling\ PipelineResultChange.swift,\ PipelineWrapper.swift,\ FirestoreQuery.swift,\ FirestoreQueryObservable.swift,\ QueryPredicate.swift,\ Stages.swift /Users/Veer/Library/Developer/Xcode/DerivedData/HearifyV1-ftljoypfezvlxcgouzbpmsmxzads/SourcePackages/checkouts/firebase-ios-sdk/Firestore/Swift/Source/PipelineResultChange.swift /Users/Veer/Library/Developer/Xcode/DerivedData/HearifyV1-ftljoypfezvlxcgouzbpmsmxzads/SourcePackages/checkouts/firebase-ios-sdk/Firestore/Swift/Source/PipelineWrapper.swift /Users/Veer/Library/Developer/Xcode/DerivedData/HearifyV1-ftljoypfezvlxcgouzbpmsmxzads/SourcePackages/checkouts/firebase-ios-sdk/Firestore/Swift/Source/PropertyWrapper/FirestoreQuery.swift /Users/Veer/Library/Developer/Xcode/DerivedData/HearifyV1-ftljoypfezvlxcgouzbpmsmxzads/SourcePackages/checkouts/firebase-ios-sdk/Firestore/Swift/Source/PropertyWrapper/FirestoreQueryObservable.swift /Users/Veer/Library/Developer/Xcode/DerivedData/HearifyV1-ftljoypfezvlxcgouzbpmsmxzads/SourcePackages/checkouts/firebase-ios-sdk/Firestore/Swift/Source/PropertyWrapper/QueryPredicate.swift /Users/Veer/Library/Developer/Xcode/DerivedData/HearifyV1-ftljoypfezvlxcgouzbpmsmxzads/SourcePackages/checkouts/firebase-ios-sdk/Firestore/Swift/Source/Stages.swift (in target 'FirebaseFirestore' from project 'Firebase')
SwiftCompile normal arm64 /Users/Veer/Library/Developer/Xcode/DerivedData/HearifyV1-ftljoypfezvlxcgouzbpmsmxzads/SourcePackages/checkouts/firebase-ios-sdk/Firestore/Swift/Source/PipelineResultChange.swift (in target 'FirebaseFirestore' from project 'Firebase')
    cd /Users/Veer/Library/Mobile\ Documents/com\~apple\~CloudDocs/HearifyV1/HearifyV1.xcodeproj
    

SwiftCompile normal arm64 /Users/Veer/Library/Developer/Xcode/DerivedData/HearifyV1-ftljoypfezvlxcgouzbpmsmxzads/SourcePackages/checkouts/firebase-ios-sdk/Firestore/Swift/Source/PipelineWrapper.swift (in target 'FirebaseFirestore' from project 'Firebase')
    cd /Users/Veer/Library/Mobile\ Documents/com\~apple\~CloudDocs/HearifyV1/HearifyV1.xcodeproj
    

SwiftCompile normal arm64 /Users/Veer/Library/Developer/Xcode/DerivedData/HearifyV1-ftljoypfezvlxcgouzbpmsmxzads/SourcePackages/checkouts/firebase-ios-sdk/Firestore/Swift/Source/PropertyWrapper/FirestoreQuery.swift (in target 'FirebaseFirestore' from project 'Firebase')
    cd /Users/Veer/Library/Mobile\ Documents/com\~apple\~CloudDocs/HearifyV1/HearifyV1.xcodeproj
    

SwiftCompile normal arm64 /Users/Veer/Library/Developer/Xcode/DerivedData/HearifyV1-ftljoypfezvlxcgouzbpmsmxzads/SourcePackages/checkouts/firebase-ios-sdk/Firestore/Swift/Source/PropertyWrapper/FirestoreQueryObservable.swift (in target 'FirebaseFirestore' from project 'Firebase')
    cd /Users/Veer/Library/Mobile\ Documents/com\~apple\~CloudDocs/HearifyV1/HearifyV1.xcodeproj
    

SwiftCompile normal arm64 /Users/Veer/Library/Developer/Xcode/DerivedData/HearifyV1-ftljoypfezvlxcgouzbpmsmxzads/SourcePackages/checkouts/firebase-ios-sdk/Firestore/Swift/Source/PropertyWrapper/QueryPredicate.swift (in target 'FirebaseFirestore' from project 'Firebase')
    cd /Users/Veer/Library/Mobile\ Documents/com\~apple\~CloudDocs/HearifyV1/HearifyV1.xcodeproj
    

SwiftCompile normal arm64 /Users/Veer/Library/Developer/Xcode/DerivedData/HearifyV1-ftljoypfezvlxcgouzbpmsmxzads/SourcePackages/checkouts/firebase-ios-sdk/Firestore/Swift/Source/Stages.swift (in target 'FirebaseFirestore' from project 'Firebase')
    cd /Users/Veer/Library/Mobile\ Documents/com\~apple\~CloudDocs/HearifyV1/HearifyV1.xcodeproj
    

SwiftDriverJobDiscovery normal arm64 Compiling Selectable.swift, TimeGranularity.swift, TimeUnit.swift, VectorValue+Swift.swift, SwiftHeaderWorkaround.swift (in target 'FirebaseFirestore' from project 'Firebase')

SwiftCompile normal arm64 Compiling\ GetOOBConfirmationCodeResponse.swift,\ GetProjectConfigRequest.swift,\ GetProjectConfigResponse.swift,\ GetRecaptchaConfigRequest.swift,\ GetRecaptchaConfigResponse.swift,\ FinalizeMFAEnrollmentRequest.swift,\ FinalizeMFAEnrollmentResponse.swift,\ StartMFAEnrollmentRequest.swift,\ StartMFAEnrollmentResponse.swift,\ FinalizeMFASignInRequest.swift,\ FinalizeMFASignInResponse.swift,\ StartMFASignInRequest.swift,\ StartMFASignInResponse.swift,\ WithdrawMFARequest.swift /Users/Veer/Library/Developer/Xcode/DerivedData/HearifyV1-ftljoypfezvlxcgouzbpmsmxzads/SourcePackages/checkouts/firebase-ios-sdk/FirebaseAuth/Sources/Swift/Backend/RPC/GetOOBConfirmationCodeResponse.swift /Users/Veer/Library/Developer/Xcode/DerivedData/HearifyV1-ftljoypfezvlxcgouzbpmsmxzads/SourcePackages/checkouts/firebase-ios-sdk/FirebaseAuth/Sources/Swift/Backend/RPC/GetProjectConfigRequest.swift /Users/Veer/Library/Developer/Xcode/DerivedData/HearifyV1-ftljoypfezvlxcgouzbpmsmxzads/SourcePackages/checkouts/firebase-ios-sdk/FirebaseAuth/Sources/Swift/Backend/RPC/GetProjectConfigResponse.swift /Users/Veer/Library/Developer/Xcode/DerivedData/HearifyV1-ftljoypfezvlxcgouzbpmsmxzads/SourcePackages/checkouts/firebase-ios-sdk/FirebaseAuth/Sources/Swift/Backend/RPC/GetRecaptchaConfigRequest.swift /Users/Veer/Library/Developer/Xcode/DerivedData/HearifyV1-ftljoypfezvlxcgouzbpmsmxzads/SourcePackages/checkouts/firebase-ios-sdk/FirebaseAuth/Sources/Swift/Backend/RPC/GetRecaptchaConfigResponse.swift /Users/Veer/Library/Developer/Xcode/DerivedData/HearifyV1-ftljoypfezvlxcgouzbpmsmxzads/SourcePackages/checkouts/firebase-ios-sdk/FirebaseAuth/Sources/Swift/Backend/RPC/MultiFactor/Enroll/FinalizeMFAEnrollmentRequest.swift /Users/Veer/Library/Developer/Xcode/DerivedData/HearifyV1-ftljoypfezvlxcgouzbpmsmxzads/SourcePackages/checkouts/firebase-ios-sdk/FirebaseAuth/Sources/Swift/Backend/RPC/MultiFactor/Enroll/FinalizeMFAEnrollmentResponse.swift /Users/Veer/Library/Developer/Xcode/DerivedData/HearifyV1-ftljoypfezvlxcgouzbpmsmxzads/SourcePackages/checkouts/firebase-ios-sdk/FirebaseAuth/Sources/Swift/Backend/RPC/MultiFactor/Enroll/StartMFAEnrollmentRequest.swift /Users/Veer/Library/Developer/Xcode/DerivedData/HearifyV1-ftljoypfezvlxcgouzbpmsmxzads/SourcePackages/checkouts/firebase-ios-sdk/FirebaseAuth/Sources/Swift/Backend/RPC/MultiFactor/Enroll/StartMFAEnrollmentResponse.swift /Users/Veer/Library/Developer/Xcode/DerivedData/HearifyV1-ftljoypfezvlxcgouzbpmsmxzads/SourcePackages/checkouts/firebase-ios-sdk/FirebaseAuth/Sources/Swift/Backend/RPC/MultiFactor/SignIn/FinalizeMFASignInRequest.swift /Users/Veer/Library/Developer/Xcode/DerivedData/HearifyV1-ftljoypfezvlxcgouzbpmsmxzads/SourcePackages/checkouts/firebase-ios-sdk/FirebaseAuth/Sources/Swift/Backend/RPC/MultiFactor/SignIn/FinalizeMFASignInResponse.swift /Users/Veer/Library/Developer/Xcode/DerivedData/HearifyV1-ftljoypfezvlxcgouzbpmsmxzads/SourcePackages/checkouts/firebase-ios-sdk/FirebaseAuth/Sources/Swift/Backend/RPC/MultiFactor/SignIn/StartMFASignInRequest.swift /Users/Veer/Library/Developer/Xcode/DerivedData/HearifyV1-ftljoypfezvlxcgouzbpmsmxzads/SourcePackages/checkouts/firebase-ios-sdk/FirebaseAuth/Sources/Swift/Backend/RPC/MultiFactor/SignIn/StartMFASignInResponse.swift /Users/Veer/Library/Developer/Xcode/DerivedData/HearifyV1-ftljoypfezvlxcgouzbpmsmxzads/SourcePackages/checkouts/firebase-ios-sdk/FirebaseAuth/Sources/Swift/Backend/RPC/MultiFactor/Unenroll/WithdrawMFARequest.swift (in target 'FirebaseAuth' from project 'Firebase')

SwiftCompile normal arm64 /Users/Veer/Library/Developer/Xcode/DerivedData/HearifyV1-ftljoypfezvlxcgouzbpmsmxzads/SourcePackages/checkouts/firebase-ios-sdk/FirebaseAuth/Sources/Swift/Backend/RPC/GetOOBConfirmationCodeResponse.swift (in target 'FirebaseAuth' from project 'Firebase')
    cd /Users/Veer/Library/Mobile\ Documents/com\~apple\~CloudDocs/HearifyV1/HearifyV1.xcodeproj
    

SwiftCompile normal arm64 /Users/Veer/Library/Developer/Xcode/DerivedData/HearifyV1-ftljoypfezvlxcgouzbpmsmxzads/SourcePackages/checkouts/firebase-ios-sdk/FirebaseAuth/Sources/Swift/Backend/RPC/GetProjectConfigRequest.swift (in target 'FirebaseAuth' from project 'Firebase')
    cd /Users/Veer/Library/Mobile\ Documents/com\~apple\~CloudDocs/HearifyV1/HearifyV1.xcodeproj
    

SwiftCompile normal arm64 /Users/Veer/Library/Developer/Xcode/DerivedData/HearifyV1-ftljoypfezvlxcgouzbpmsmxzads/SourcePackages/checkouts/firebase-ios-sdk/FirebaseAuth/Sources/Swift/Backend/RPC/GetProjectConfigResponse.swift (in target 'FirebaseAuth' from project 'Firebase')
    cd /Users/Veer/Library/Mobile\ Documents/com\~apple\~CloudDocs/HearifyV1/HearifyV1.xcodeproj
    

SwiftCompile normal arm64 /Users/Veer/Library/Developer/Xcode/DerivedData/HearifyV1-ftljoypfezvlxcgouzbpmsmxzads/SourcePackages/checkouts/firebase-ios-sdk/FirebaseAuth/Sources/Swift/Backend/RPC/GetRecaptchaConfigRequest.swift (in target 'FirebaseAuth' from project 'Firebase')
    cd /Users/Veer/Library/Mobile\ Documents/com\~apple\~CloudDocs/HearifyV1/HearifyV1.xcodeproj
    

SwiftCompile normal arm64 /Users/Veer/Library/Developer/Xcode/DerivedData/HearifyV1-ftljoypfezvlxcgouzbpmsmxzads/SourcePackages/checkouts/firebase-ios-sdk/FirebaseAuth/Sources/Swift/Backend/RPC/GetRecaptchaConfigResponse.swift (in target 'FirebaseAuth' from project 'Firebase')
    cd /Users/Veer/Library/Mobile\ Documents/com\~apple\~CloudDocs/HearifyV1/HearifyV1.xcodeproj
    

SwiftCompile normal arm64 /Users/Veer/Library/Developer/Xcode/DerivedData/HearifyV1-ftljoypfezvlxcgouzbpmsmxzads/SourcePackages/checkouts/firebase-ios-sdk/FirebaseAuth/Sources/Swift/Backend/RPC/MultiFactor/Enroll/FinalizeMFAEnrollmentRequest.swift (in target 'FirebaseAuth' from project 'Firebase')
    cd /Users/Veer/Library/Mobile\ Documents/com\~apple\~CloudDocs/HearifyV1/HearifyV1.xcodeproj
    

SwiftCompile normal arm64 /Users/Veer/Library/Developer/Xcode/DerivedData/HearifyV1-ftljoypfezvlxcgouzbpmsmxzads/SourcePackages/checkouts/firebase-ios-sdk/FirebaseAuth/Sources/Swift/Backend/RPC/MultiFactor/Enroll/FinalizeMFAEnrollmentResponse.swift (in target 'FirebaseAuth' from project 'Firebase')
    cd /Users/Veer/Library/Mobile\ Documents/com\~apple\~CloudDocs/HearifyV1/HearifyV1.xcodeproj
    

SwiftCompile normal arm64 /Users/Veer/Library/Developer/Xcode/DerivedData/HearifyV1-ftljoypfezvlxcgouzbpmsmxzads/SourcePackages/checkouts/firebase-ios-sdk/FirebaseAuth/Sources/Swift/Backend/RPC/MultiFactor/Enroll/StartMFAEnrollmentRequest.swift (in target 'FirebaseAuth' from project 'Firebase')
    cd /Users/Veer/Library/Mobile\ Documents/com\~apple\~CloudDocs/HearifyV1/HearifyV1.xcodeproj
    

SwiftCompile normal arm64 /Users/Veer/Library/Developer/Xcode/DerivedData/HearifyV1-ftljoypfezvlxcgouzbpmsmxzads/SourcePackages/checkouts/firebase-ios-sdk/FirebaseAuth/Sources/Swift/Backend/RPC/MultiFactor/Enroll/StartMFAEnrollmentResponse.swift (in target 'FirebaseAuth' from project 'Firebase')
    cd /Users/Veer/Library/Mobile\ Documents/com\~apple\~CloudDocs/HearifyV1/HearifyV1.xcodeproj
    

SwiftCompile normal arm64 /Users/Veer/Library/Developer/Xcode/DerivedData/HearifyV1-ftljoypfezvlxcgouzbpmsmxzads/SourcePackages/checkouts/firebase-ios-sdk/FirebaseAuth/Sources/Swift/Backend/RPC/MultiFactor/SignIn/FinalizeMFASignInRequest.swift (in target 'FirebaseAuth' from project 'Firebase')
    cd /Users/Veer/Library/Mobile\ Documents/com\~apple\~CloudDocs/HearifyV1/HearifyV1.xcodeproj
    

SwiftCompile normal arm64 /Users/Veer/Library/Developer/Xcode/DerivedData/HearifyV1-ftljoypfezvlxcgouzbpmsmxzads/SourcePackages/checkouts/firebase-ios-sdk/FirebaseAuth/Sources/Swift/Backend/RPC/MultiFactor/SignIn/FinalizeMFASignInResponse.swift (in target 'FirebaseAuth' from project 'Firebase')
    cd /Users/Veer/Library/Mobile\ Documents/com\~apple\~CloudDocs/HearifyV1/HearifyV1.xcodeproj
    

SwiftCompile normal arm64 /Users/Veer/Library/Developer/Xcode/DerivedData/HearifyV1-ftljoypfezvlxcgouzbpmsmxzads/SourcePackages/checkouts/firebase-ios-sdk/FirebaseAuth/Sources/Swift/Backend/RPC/MultiFactor/SignIn/StartMFASignInRequest.swift (in target 'FirebaseAuth' from project 'Firebase')
    cd /Users/Veer/Library/Mobile\ Documents/com\~apple\~CloudDocs/HearifyV1/HearifyV1.xcodeproj
    

SwiftCompile normal arm64 /Users/Veer/Library/Developer/Xcode/DerivedData/HearifyV1-ftljoypfezvlxcgouzbpmsmxzads/SourcePackages/checkouts/firebase-ios-sdk/FirebaseAuth/Sources/Swift/Backend/RPC/MultiFactor/SignIn/StartMFASignInResponse.swift (in target 'FirebaseAuth' from project 'Firebase')
    cd /Users/Veer/Library/Mobile\ Documents/com\~apple\~CloudDocs/HearifyV1/HearifyV1.xcodeproj
    

SwiftCompile normal arm64 /Users/Veer/Library/Developer/Xcode/DerivedData/HearifyV1-ftljoypfezvlxcgouzbpmsmxzads/SourcePackages/checkouts/firebase-ios-sdk/FirebaseAuth/Sources/Swift/Backend/RPC/MultiFactor/Unenroll/WithdrawMFARequest.swift (in target 'FirebaseAuth' from project 'Firebase')
    cd /Users/Veer/Library/Mobile\ Documents/com\~apple\~CloudDocs/HearifyV1/HearifyV1.xcodeproj
    

SwiftDriverJobDiscovery normal arm64 Compiling resource_bundle_accessor.swift, CollectionReference+AsyncAwait.swift, Firestore+AsyncAwait.swift, CodableErrors.swift, CodablePassThroughTypes.swift, CollectionReference+WriteEncodable.swift (in target 'FirebaseFirestore' from project 'Firebase')

SwiftCompile normal arm64 Compiling\ RevokeTokenRequest.swift,\ RevokeTokenResponse.swift,\ SecureTokenRequest.swift,\ SecureTokenResponse.swift,\ SendVerificationTokenRequest.swift,\ SendVerificationTokenResponse.swift,\ SetAccountInfoRequest.swift,\ SetAccountInfoResponse.swift,\ SignInWithGameCenterRequest.swift,\ SignInWithGameCenterResponse.swift,\ SignUpNewUserRequest.swift,\ SignUpNewUserResponse.swift,\ VerifyAssertionRequest.swift,\ VerifyAssertionResponse.swift /Users/Veer/Library/Developer/Xcode/DerivedData/HearifyV1-ftljoypfezvlxcgouzbpmsmxzads/SourcePackages/checkouts/firebase-ios-sdk/FirebaseAuth/Sources/Swift/Backend/RPC/RevokeTokenRequest.swift /Users/Veer/Library/Developer/Xcode/DerivedData/HearifyV1-ftljoypfezvlxcgouzbpmsmxzads/SourcePackages/checkouts/firebase-ios-sdk/FirebaseAuth/Sources/Swift/Backend/RPC/RevokeTokenResponse.swift /Users/Veer/Library/Developer/Xcode/DerivedData/HearifyV1-ftljoypfezvlxcgouzbpmsmxzads/SourcePackages/checkouts/firebase-ios-sdk/FirebaseAuth/Sources/Swift/Backend/RPC/SecureTokenRequest.swift /Users/Veer/Library/Developer/Xcode/DerivedData/HearifyV1-ftljoypfezvlxcgouzbpmsmxzads/SourcePackages/checkouts/firebase-ios-sdk/FirebaseAuth/Sources/Swift/Backend/RPC/SecureTokenResponse.swift /Users/Veer/Library/Developer/Xcode/DerivedData/HearifyV1-ftljoypfezvlxcgouzbpmsmxzads/SourcePackages/checkouts/firebase-ios-sdk/FirebaseAuth/Sources/Swift/Backend/RPC/SendVerificationTokenRequest.swift /Users/Veer/Library/Developer/Xcode/DerivedData/HearifyV1-ftljoypfezvlxcgouzbpmsmxzads/SourcePackages/checkouts/firebase-ios-sdk/FirebaseAuth/Sources/Swift/Backend/RPC/SendVerificationTokenResponse.swift /Users/Veer/Library/Developer/Xcode/DerivedData/HearifyV1-ftljoypfezvlxcgouzbpmsmxzads/SourcePackages/checkouts/firebase-ios-sdk/FirebaseAuth/Sources/Swift/Backend/RPC/SetAccountInfoRequest.swift /Users/Veer/Library/Developer/Xcode/DerivedData/HearifyV1-ftljoypfezvlxcgouzbpmsmxzads/SourcePackages/checkouts/firebase-ios-sdk/FirebaseAuth/Sources/Swift/Backend/RPC/SetAccountInfoResponse.swift /Users/Veer/Library/Developer/Xcode/DerivedData/HearifyV1-ftljoypfezvlxcgouzbpmsmxzads/SourcePackages/checkouts/firebase-ios-sdk/FirebaseAuth/Sources/Swift/Backend/RPC/SignInWithGameCenterRequest.swift /Users/Veer/Library/Developer/Xcode/DerivedData/HearifyV1-ftljoypfezvlxcgouzbpmsmxzads/SourcePackages/checkouts/firebase-ios-sdk/FirebaseAuth/Sources/Swift/Backend/RPC/SignInWithGameCenterResponse.swift /Users/Veer/Library/Developer/Xcode/DerivedData/HearifyV1-ftljoypfezvlxcgouzbpmsmxzads/SourcePackages/checkouts/firebase-ios-sdk/FirebaseAuth/Sources/Swift/Backend/RPC/SignUpNewUserRequest.swift /Users/Veer/Library/Developer/Xcode/DerivedData/HearifyV1-ftljoypfezvlxcgouzbpmsmxzads/SourcePackages/checkouts/firebase-ios-sdk/FirebaseAuth/Sources/Swift/Backend/RPC/SignUpNewUserResponse.swift /Users/Veer/Library/Developer/Xcode/DerivedData/HearifyV1-ftljoypfezvlxcgouzbpmsmxzads/SourcePackages/checkouts/firebase-ios-sdk/FirebaseAuth/Sources/Swift/Backend/RPC/VerifyAssertionRequest.swift /Users/Veer/Library/Developer/Xcode/DerivedData/HearifyV1-ftljoypfezvlxcgouzbpmsmxzads/SourcePackages/checkouts/firebase-ios-sdk/FirebaseAuth/Sources/Swift/Backend/RPC/VerifyAssertionResponse.swift (in target 'FirebaseAuth' from project 'Firebase')

SwiftCompile normal arm64 /Users/Veer/Library/Developer/Xcode/DerivedData/HearifyV1-ftljoypfezvlxcgouzbpmsmxzads/SourcePackages/checkouts/firebase-ios-sdk/FirebaseAuth/Sources/Swift/Backend/RPC/RevokeTokenRequest.swift (in target 'FirebaseAuth' from project 'Firebase')
    cd /Users/Veer/Library/Mobile\ Documents/com\~apple\~CloudDocs/HearifyV1/HearifyV1.xcodeproj
    

SwiftCompile normal arm64 /Users/Veer/Library/Developer/Xcode/DerivedData/HearifyV1-ftljoypfezvlxcgouzbpmsmxzads/SourcePackages/checkouts/firebase-ios-sdk/FirebaseAuth/Sources/Swift/Backend/RPC/RevokeTokenResponse.swift (in target 'FirebaseAuth' from project 'Firebase')
    cd /Users/Veer/Library/Mobile\ Documents/com\~apple\~CloudDocs/HearifyV1/HearifyV1.xcodeproj
    

SwiftCompile normal arm64 /Users/Veer/Library/Developer/Xcode/DerivedData/HearifyV1-ftljoypfezvlxcgouzbpmsmxzads/SourcePackages/checkouts/firebase-ios-sdk/FirebaseAuth/Sources/Swift/Backend/RPC/SecureTokenRequest.swift (in target 'FirebaseAuth' from project 'Firebase')
    cd /Users/Veer/Library/Mobile\ Documents/com\~apple\~CloudDocs/HearifyV1/HearifyV1.xcodeproj
    

SwiftCompile normal arm64 /Users/Veer/Library/Developer/Xcode/DerivedData/HearifyV1-ftljoypfezvlxcgouzbpmsmxzads/SourcePackages/checkouts/firebase-ios-sdk/FirebaseAuth/Sources/Swift/Backend/RPC/SecureTokenResponse.swift (in target 'FirebaseAuth' from project 'Firebase')
    cd /Users/Veer/Library/Mobile\ Documents/com\~apple\~CloudDocs/HearifyV1/HearifyV1.xcodeproj
    

SwiftCompile normal arm64 /Users/Veer/Library/Developer/Xcode/DerivedData/HearifyV1-ftljoypfezvlxcgouzbpmsmxzads/SourcePackages/checkouts/firebase-ios-sdk/FirebaseAuth/Sources/Swift/Backend/RPC/SendVerificationTokenRequest.swift (in target 'FirebaseAuth' from project 'Firebase')
    cd /Users/Veer/Library/Mobile\ Documents/com\~apple\~CloudDocs/HearifyV1/HearifyV1.xcodeproj
    

SwiftCompile normal arm64 /Users/Veer/Library/Developer/Xcode/DerivedData/HearifyV1-ftljoypfezvlxcgouzbpmsmxzads/SourcePackages/checkouts/firebase-ios-sdk/FirebaseAuth/Sources/Swift/Backend/RPC/SendVerificationTokenResponse.swift (in target 'FirebaseAuth' from project 'Firebase')
    cd /Users/Veer/Library/Mobile\ Documents/com\~apple\~CloudDocs/HearifyV1/HearifyV1.xcodeproj
    

SwiftCompile normal arm64 /Users/Veer/Library/Developer/Xcode/DerivedData/HearifyV1-ftljoypfezvlxcgouzbpmsmxzads/SourcePackages/checkouts/firebase-ios-sdk/FirebaseAuth/Sources/Swift/Backend/RPC/SetAccountInfoRequest.swift (in target 'FirebaseAuth' from project 'Firebase')
    cd /Users/Veer/Library/Mobile\ Documents/com\~apple\~CloudDocs/HearifyV1/HearifyV1.xcodeproj
    

SwiftCompile normal arm64 /Users/Veer/Library/Developer/Xcode/DerivedData/HearifyV1-ftljoypfezvlxcgouzbpmsmxzads/SourcePackages/checkouts/firebase-ios-sdk/FirebaseAuth/Sources/Swift/Backend/RPC/SetAccountInfoResponse.swift (in target 'FirebaseAuth' from project 'Firebase')
    cd /Users/Veer/Library/Mobile\ Documents/com\~apple\~CloudDocs/HearifyV1/HearifyV1.xcodeproj
    

SwiftCompile normal arm64 /Users/Veer/Library/Developer/Xcode/DerivedData/HearifyV1-ftljoypfezvlxcgouzbpmsmxzads/SourcePackages/checkouts/firebase-ios-sdk/FirebaseAuth/Sources/Swift/Backend/RPC/SignInWithGameCenterRequest.swift (in target 'FirebaseAuth' from project 'Firebase')
    cd /Users/Veer/Library/Mobile\ Documents/com\~apple\~CloudDocs/HearifyV1/HearifyV1.xcodeproj
    

SwiftCompile normal arm64 /Users/Veer/Library/Developer/Xcode/DerivedData/HearifyV1-ftljoypfezvlxcgouzbpmsmxzads/SourcePackages/checkouts/firebase-ios-sdk/FirebaseAuth/Sources/Swift/Backend/RPC/SignInWithGameCenterResponse.swift (in target 'FirebaseAuth' from project 'Firebase')
    cd /Users/Veer/Library/Mobile\ Documents/com\~apple\~CloudDocs/HearifyV1/HearifyV1.xcodeproj
    

SwiftCompile normal arm64 /Users/Veer/Library/Developer/Xcode/DerivedData/HearifyV1-ftljoypfezvlxcgouzbpmsmxzads/SourcePackages/checkouts/firebase-ios-sdk/FirebaseAuth/Sources/Swift/Backend/RPC/SignUpNewUserRequest.swift (in target 'FirebaseAuth' from project 'Firebase')
    cd /Users/Veer/Library/Mobile\ Documents/com\~apple\~CloudDocs/HearifyV1/HearifyV1.xcodeproj
    

SwiftCompile normal arm64 /Users/Veer/Library/Developer/Xcode/DerivedData/HearifyV1-ftljoypfezvlxcgouzbpmsmxzads/SourcePackages/checkouts/firebase-ios-sdk/FirebaseAuth/Sources/Swift/Backend/RPC/SignUpNewUserResponse.swift (in target 'FirebaseAuth' from project 'Firebase')
    cd /Users/Veer/Library/Mobile\ Documents/com\~apple\~CloudDocs/HearifyV1/HearifyV1.xcodeproj
    

SwiftCompile normal arm64 /Users/Veer/Library/Developer/Xcode/DerivedData/HearifyV1-ftljoypfezvlxcgouzbpmsmxzads/SourcePackages/checkouts/firebase-ios-sdk/FirebaseAuth/Sources/Swift/Backend/RPC/VerifyAssertionRequest.swift (in target 'FirebaseAuth' from project 'Firebase')
    cd /Users/Veer/Library/Mobile\ Documents/com\~apple\~CloudDocs/HearifyV1/HearifyV1.xcodeproj
    

SwiftCompile normal arm64 /Users/Veer/Library/Developer/Xcode/DerivedData/HearifyV1-ftljoypfezvlxcgouzbpmsmxzads/SourcePackages/checkouts/firebase-ios-sdk/FirebaseAuth/Sources/Swift/Backend/RPC/VerifyAssertionResponse.swift (in target 'FirebaseAuth' from project 'Firebase')
    cd /Users/Veer/Library/Mobile\ Documents/com\~apple\~CloudDocs/HearifyV1/HearifyV1.xcodeproj
    

SwiftCompile normal arm64 Compiling\ PhoneMultiFactorAssertion.swift,\ PhoneMultiFactorGenerator.swift,\ PhoneMultiFactorInfo.swift,\ TOTPMultFactorAssertion.swift,\ TOTPMultiFactorGenerator.swift,\ TOTPMultiFactorInfo.swift,\ TOTPSecret.swift,\ AuthKeychainServices.swift,\ AuthKeychainStorage.swift,\ AuthKeychainStorageReal.swift,\ AuthUserDefaults.swift,\ AuthAPNSToken.swift,\ AuthAPNSTokenManager.swift /Users/Veer/Library/Developer/Xcode/DerivedData/HearifyV1-ftljoypfezvlxcgouzbpmsmxzads/SourcePackages/checkouts/firebase-ios-sdk/FirebaseAuth/Sources/Swift/MultiFactor/Phone/PhoneMultiFactorAssertion.swift /Users/Veer/Library/Developer/Xcode/DerivedData/HearifyV1-ftljoypfezvlxcgouzbpmsmxzads/SourcePackages/checkouts/firebase-ios-sdk/FirebaseAuth/Sources/Swift/MultiFactor/Phone/PhoneMultiFactorGenerator.swift /Users/Veer/Library/Developer/Xcode/DerivedData/HearifyV1-ftljoypfezvlxcgouzbpmsmxzads/SourcePackages/checkouts/firebase-ios-sdk/FirebaseAuth/Sources/Swift/MultiFactor/Phone/PhoneMultiFactorInfo.swift /Users/Veer/Library/Developer/Xcode/DerivedData/HearifyV1-ftljoypfezvlxcgouzbpmsmxzads/SourcePackages/checkouts/firebase-ios-sdk/FirebaseAuth/Sources/Swift/MultiFactor/TOTP/TOTPMultFactorAssertion.swift /Users/Veer/Library/Developer/Xcode/DerivedData/HearifyV1-ftljoypfezvlxcgouzbpmsmxzads/SourcePackages/checkouts/firebase-ios-sdk/FirebaseAuth/Sources/Swift/MultiFactor/TOTP/TOTPMultiFactorGenerator.swift /Users/Veer/Library/Developer/Xcode/DerivedData/HearifyV1-ftljoypfezvlxcgouzbpmsmxzads/SourcePackages/checkouts/firebase-ios-sdk/FirebaseAuth/Sources/Swift/MultiFactor/TOTP/TOTPMultiFactorInfo.swift /Users/Veer/Library/Developer/Xcode/DerivedData/HearifyV1-ftljoypfezvlxcgouzbpmsmxzads/SourcePackages/checkouts/firebase-ios-sdk/FirebaseAuth/Sources/Swift/MultiFactor/TOTP/TOTPSecret.swift /Users/Veer/Library/Developer/Xcode/DerivedData/HearifyV1-ftljoypfezvlxcgouzbpmsmxzads/SourcePackages/checkouts/firebase-ios-sdk/FirebaseAuth/Sources/Swift/Storage/AuthKeychainServices.swift /Users/Veer/Library/Developer/Xcode/DerivedData/HearifyV1-ftljoypfezvlxcgouzbpmsmxzads/SourcePackages/checkouts/firebase-ios-sdk/FirebaseAuth/Sources/Swift/Storage/AuthKeychainStorage.swift /Users/Veer/Library/Developer/Xcode/DerivedData/HearifyV1-ftljoypfezvlxcgouzbpmsmxzads/SourcePackages/checkouts/firebase-ios-sdk/FirebaseAuth/Sources/Swift/Storage/AuthKeychainStorageReal.swift /Users/Veer/Library/Developer/Xcode/DerivedData/HearifyV1-ftljoypfezvlxcgouzbpmsmxzads/SourcePackages/checkouts/firebase-ios-sdk/FirebaseAuth/Sources/Swift/Storage/AuthUserDefaults.swift /Users/Veer/Library/Developer/Xcode/DerivedData/HearifyV1-ftljoypfezvlxcgouzbpmsmxzads/SourcePackages/checkouts/firebase-ios-sdk/FirebaseAuth/Sources/Swift/SystemService/AuthAPNSToken.swift /Users/Veer/Library/Developer/Xcode/DerivedData/HearifyV1-ftljoypfezvlxcgouzbpmsmxzads/SourcePackages/checkouts/firebase-ios-sdk/FirebaseAuth/Sources/Swift/SystemService/AuthAPNSTokenManager.swift (in target 'FirebaseAuth' from project 'Firebase')

SwiftCompile normal arm64 /Users/Veer/Library/Developer/Xcode/DerivedData/HearifyV1-ftljoypfezvlxcgouzbpmsmxzads/SourcePackages/checkouts/firebase-ios-sdk/FirebaseAuth/Sources/Swift/MultiFactor/Phone/PhoneMultiFactorAssertion.swift (in target 'FirebaseAuth' from project 'Firebase')
    cd /Users/Veer/Library/Mobile\ Documents/com\~apple\~CloudDocs/HearifyV1/HearifyV1.xcodeproj
    

SwiftCompile normal arm64 /Users/Veer/Library/Developer/Xcode/DerivedData/HearifyV1-ftljoypfezvlxcgouzbpmsmxzads/SourcePackages/checkouts/firebase-ios-sdk/FirebaseAuth/Sources/Swift/MultiFactor/Phone/PhoneMultiFactorGenerator.swift (in target 'FirebaseAuth' from project 'Firebase')
    cd /Users/Veer/Library/Mobile\ Documents/com\~apple\~CloudDocs/HearifyV1/HearifyV1.xcodeproj
    

SwiftCompile normal arm64 /Users/Veer/Library/Developer/Xcode/DerivedData/HearifyV1-ftljoypfezvlxcgouzbpmsmxzads/SourcePackages/checkouts/firebase-ios-sdk/FirebaseAuth/Sources/Swift/MultiFactor/Phone/PhoneMultiFactorInfo.swift (in target 'FirebaseAuth' from project 'Firebase')
    cd /Users/Veer/Library/Mobile\ Documents/com\~apple\~CloudDocs/HearifyV1/HearifyV1.xcodeproj
    

SwiftCompile normal arm64 /Users/Veer/Library/Developer/Xcode/DerivedData/HearifyV1-ftljoypfezvlxcgouzbpmsmxzads/SourcePackages/checkouts/firebase-ios-sdk/FirebaseAuth/Sources/Swift/MultiFactor/TOTP/TOTPMultFactorAssertion.swift (in target 'FirebaseAuth' from project 'Firebase')
    cd /Users/Veer/Library/Mobile\ Documents/com\~apple\~CloudDocs/HearifyV1/HearifyV1.xcodeproj
    

SwiftCompile normal arm64 /Users/Veer/Library/Developer/Xcode/DerivedData/HearifyV1-ftljoypfezvlxcgouzbpmsmxzads/SourcePackages/checkouts/firebase-ios-sdk/FirebaseAuth/Sources/Swift/MultiFactor/TOTP/TOTPMultiFactorGenerator.swift (in target 'FirebaseAuth' from project 'Firebase')
    cd /Users/Veer/Library/Mobile\ Documents/com\~apple\~CloudDocs/HearifyV1/HearifyV1.xcodeproj
    

SwiftCompile normal arm64 /Users/Veer/Library/Developer/Xcode/DerivedData/HearifyV1-ftljoypfezvlxcgouzbpmsmxzads/SourcePackages/checkouts/firebase-ios-sdk/FirebaseAuth/Sources/Swift/MultiFactor/TOTP/TOTPMultiFactorInfo.swift (in target 'FirebaseAuth' from project 'Firebase')
    cd /Users/Veer/Library/Mobile\ Documents/com\~apple\~CloudDocs/HearifyV1/HearifyV1.xcodeproj
    

SwiftCompile normal arm64 /Users/Veer/Library/Developer/Xcode/DerivedData/HearifyV1-ftljoypfezvlxcgouzbpmsmxzads/SourcePackages/checkouts/firebase-ios-sdk/FirebaseAuth/Sources/Swift/MultiFactor/TOTP/TOTPSecret.swift (in target 'FirebaseAuth' from project 'Firebase')
    cd /Users/Veer/Library/Mobile\ Documents/com\~apple\~CloudDocs/HearifyV1/HearifyV1.xcodeproj
    

SwiftCompile normal arm64 /Users/Veer/Library/Developer/Xcode/DerivedData/HearifyV1-ftljoypfezvlxcgouzbpmsmxzads/SourcePackages/checkouts/firebase-ios-sdk/FirebaseAuth/Sources/Swift/Storage/AuthKeychainServices.swift (in target 'FirebaseAuth' from project 'Firebase')
    cd /Users/Veer/Library/Mobile\ Documents/com\~apple\~CloudDocs/HearifyV1/HearifyV1.xcodeproj
    

SwiftCompile normal arm64 /Users/Veer/Library/Developer/Xcode/DerivedData/HearifyV1-ftljoypfezvlxcgouzbpmsmxzads/SourcePackages/checkouts/firebase-ios-sdk/FirebaseAuth/Sources/Swift/Storage/AuthKeychainStorage.swift (in target 'FirebaseAuth' from project 'Firebase')
    cd /Users/Veer/Library/Mobile\ Documents/com\~apple\~CloudDocs/HearifyV1/HearifyV1.xcodeproj
    

SwiftCompile normal arm64 /Users/Veer/Library/Developer/Xcode/DerivedData/HearifyV1-ftljoypfezvlxcgouzbpmsmxzads/SourcePackages/checkouts/firebase-ios-sdk/FirebaseAuth/Sources/Swift/Storage/AuthKeychainStorageReal.swift (in target 'FirebaseAuth' from project 'Firebase')
    cd /Users/Veer/Library/Mobile\ Documents/com\~apple\~CloudDocs/HearifyV1/HearifyV1.xcodeproj
    

SwiftCompile normal arm64 /Users/Veer/Library/Developer/Xcode/DerivedData/HearifyV1-ftljoypfezvlxcgouzbpmsmxzads/SourcePackages/checkouts/firebase-ios-sdk/FirebaseAuth/Sources/Swift/Storage/AuthUserDefaults.swift (in target 'FirebaseAuth' from project 'Firebase')
    cd /Users/Veer/Library/Mobile\ Documents/com\~apple\~CloudDocs/HearifyV1/HearifyV1.xcodeproj
    

SwiftCompile normal arm64 /Users/Veer/Library/Developer/Xcode/DerivedData/HearifyV1-ftljoypfezvlxcgouzbpmsmxzads/SourcePackages/checkouts/firebase-ios-sdk/FirebaseAuth/Sources/Swift/SystemService/AuthAPNSToken.swift (in target 'FirebaseAuth' from project 'Firebase')
    cd /Users/Veer/Library/Mobile\ Documents/com\~apple\~CloudDocs/HearifyV1/HearifyV1.xcodeproj
    

SwiftCompile normal arm64 /Users/Veer/Library/Developer/Xcode/DerivedData/HearifyV1-ftljoypfezvlxcgouzbpmsmxzads/SourcePackages/checkouts/firebase-ios-sdk/FirebaseAuth/Sources/Swift/SystemService/AuthAPNSTokenManager.swift (in target 'FirebaseAuth' from project 'Firebase')
    cd /Users/Veer/Library/Mobile\ Documents/com\~apple\~CloudDocs/HearifyV1/HearifyV1.xcodeproj
    

SwiftDriverJobDiscovery normal arm64 Compiling TimestampEncodingStrategy.swift, Transaction+WriteEncodable.swift, VectorValue+Codable.swift, WriteBatch+WriteEncodable.swift, ExpressionImplementation.swift, PipelineHelper.swift (in target 'FirebaseFirestore' from project 'Firebase')

SwiftCompile normal arm64 Compiling\ UserProfileUpdate.swift,\ AuthCondition.swift,\ AuthDefaultUIDelegate.swift,\ AuthErrorUtils.swift,\ AuthErrors.swift,\ AuthInternalErrors.swift,\ AuthLog.swift,\ AuthRecaptchaVerifier.swift,\ AuthUIDelegate.swift,\ AuthURLPresenter.swift,\ AuthWebUtils.swift,\ AuthWebView.swift,\ AuthWebViewController.swift /Users/Veer/Library/Developer/Xcode/DerivedData/HearifyV1-ftljoypfezvlxcgouzbpmsmxzads/SourcePackages/checkouts/firebase-ios-sdk/FirebaseAuth/Sources/Swift/User/UserProfileUpdate.swift /Users/Veer/Library/Developer/Xcode/DerivedData/HearifyV1-ftljoypfezvlxcgouzbpmsmxzads/SourcePackages/checkouts/firebase-ios-sdk/FirebaseAuth/Sources/Swift/Utilities/AuthCondition.swift /Users/Veer/Library/Developer/Xcode/DerivedData/HearifyV1-ftljoypfezvlxcgouzbpmsmxzads/SourcePackages/checkouts/firebase-ios-sdk/FirebaseAuth/Sources/Swift/Utilities/AuthDefaultUIDelegate.swift /Users/Veer/Library/Developer/Xcode/DerivedData/HearifyV1-ftljoypfezvlxcgouzbpmsmxzads/SourcePackages/checkouts/firebase-ios-sdk/FirebaseAuth/Sources/Swift/Utilities/AuthErrorUtils.swift /Users/Veer/Library/Developer/Xcode/DerivedData/HearifyV1-ftljoypfezvlxcgouzbpmsmxzads/SourcePackages/checkouts/firebase-ios-sdk/FirebaseAuth/Sources/Swift/Utilities/AuthErrors.swift /Users/Veer/Library/Developer/Xcode/DerivedData/HearifyV1-ftljoypfezvlxcgouzbpmsmxzads/SourcePackages/checkouts/firebase-ios-sdk/FirebaseAuth/Sources/Swift/Utilities/AuthInternalErrors.swift /Users/Veer/Library/Developer/Xcode/DerivedData/HearifyV1-ftljoypfezvlxcgouzbpmsmxzads/SourcePackages/checkouts/firebase-ios-sdk/FirebaseAuth/Sources/Swift/Utilities/AuthLog.swift /Users/Veer/Library/Developer/Xcode/DerivedData/HearifyV1-ftljoypfezvlxcgouzbpmsmxzads/SourcePackages/checkouts/firebase-ios-sdk/FirebaseAuth/Sources/Swift/Utilities/AuthRecaptchaVerifier.swift /Users/Veer/Library/Developer/Xcode/DerivedData/HearifyV1-ftljoypfezvlxcgouzbpmsmxzads/SourcePackages/checkouts/firebase-ios-sdk/FirebaseAuth/Sources/Swift/Utilities/AuthUIDelegate.swift /Users/Veer/Library/Developer/Xcode/DerivedData/HearifyV1-ftljoypfezvlxcgouzbpmsmxzads/SourcePackages/checkouts/firebase-ios-sdk/FirebaseAuth/Sources/Swift/Utilities/AuthURLPresenter.swift /Users/Veer/Library/Developer/Xcode/DerivedData/HearifyV1-ftljoypfezvlxcgouzbpmsmxzads/SourcePackages/checkouts/firebase-ios-sdk/FirebaseAuth/Sources/Swift/Utilities/AuthWebUtils.swift /Users/Veer/Library/Developer/Xcode/DerivedData/HearifyV1-ftljoypfezvlxcgouzbpmsmxzads/SourcePackages/checkouts/firebase-ios-sdk/FirebaseAuth/Sources/Swift/Utilities/AuthWebView.swift /Users/Veer/Library/Developer/Xcode/DerivedData/HearifyV1-ftljoypfezvlxcgouzbpmsmxzads/SourcePackages/checkouts/firebase-ios-sdk/FirebaseAuth/Sources/Swift/Utilities/AuthWebViewController.swift (in target 'FirebaseAuth' from project 'Firebase')
SwiftCompile normal arm64 /Users/Veer/Library/Developer/Xcode/DerivedData/HearifyV1-ftljoypfezvlxcgouzbpmsmxzads/SourcePackages/checkouts/firebase-ios-sdk/FirebaseAuth/Sources/Swift/User/UserProfileUpdate.swift (in target 'FirebaseAuth' from project 'Firebase')
    cd /Users/Veer/Library/Mobile\ Documents/com\~apple\~CloudDocs/HearifyV1/HearifyV1.xcodeproj
    
/Users/Veer/Library/Mobile Documents/com~apple~CloudDocs/HearifyV1/HearifyV1/ContentView.swift:16928:1: error: extraneous '}' at top level
}
^

SwiftCompile normal arm64 /Users/Veer/Library/Developer/Xcode/DerivedData/HearifyV1-ftljoypfezvlxcgouzbpmsmxzads/SourcePackages/checkouts/firebase-ios-sdk/FirebaseAuth/Sources/Swift/Utilities/AuthCondition.swift (in target 'FirebaseAuth' from project 'Firebase')
    cd /Users/Veer/Library/Mobile\ Documents/com\~apple\~CloudDocs/HearifyV1/HearifyV1.xcodeproj
    

SwiftCompile normal arm64 /Users/Veer/Library/Developer/Xcode/DerivedData/HearifyV1-ftljoypfezvlxcgouzbpmsmxzads/SourcePackages/checkouts/firebase-ios-sdk/FirebaseAuth/Sources/Swift/Utilities/AuthDefaultUIDelegate.swift (in target 'FirebaseAuth' from project 'Firebase')
    cd /Users/Veer/Library/Mobile\ Documents/com\~apple\~CloudDocs/HearifyV1/HearifyV1.xcodeproj
    

SwiftCompile normal arm64 /Users/Veer/Library/Developer/Xcode/DerivedData/HearifyV1-ftljoypfezvlxcgouzbpmsmxzads/SourcePackages/checkouts/firebase-ios-sdk/FirebaseAuth/Sources/Swift/Utilities/AuthErrorUtils.swift (in target 'FirebaseAuth' from project 'Firebase')
    cd /Users/Veer/Library/Mobile\ Documents/com\~apple\~CloudDocs/HearifyV1/HearifyV1.xcodeproj
    

SwiftCompile normal arm64 /Users/Veer/Library/Developer/Xcode/DerivedData/HearifyV1-ftljoypfezvlxcgouzbpmsmxzads/SourcePackages/checkouts/firebase-ios-sdk/FirebaseAuth/Sources/Swift/Utilities/AuthErrors.swift (in target 'FirebaseAuth' from project 'Firebase')
    cd /Users/Veer/Library/Mobile\ Documents/com\~apple\~CloudDocs/HearifyV1/HearifyV1.xcodeproj
    

SwiftCompile normal arm64 /Users/Veer/Library/Developer/Xcode/DerivedData/HearifyV1-ftljoypfezvlxcgouzbpmsmxzads/SourcePackages/checkouts/firebase-ios-sdk/FirebaseAuth/Sources/Swift/Utilities/AuthInternalErrors.swift (in target 'FirebaseAuth' from project 'Firebase')
    cd /Users/Veer/Library/Mobile\ Documents/com\~apple\~CloudDocs/HearifyV1/HearifyV1.xcodeproj
    

SwiftCompile normal arm64 /Users/Veer/Library/Developer/Xcode/DerivedData/HearifyV1-ftljoypfezvlxcgouzbpmsmxzads/SourcePackages/checkouts/firebase-ios-sdk/FirebaseAuth/Sources/Swift/Utilities/AuthLog.swift (in target 'FirebaseAuth' from project 'Firebase')
    cd /Users/Veer/Library/Mobile\ Documents/com\~apple\~CloudDocs/HearifyV1/HearifyV1.xcodeproj
    

SwiftCompile normal arm64 /Users/Veer/Library/Developer/Xcode/DerivedData/HearifyV1-ftljoypfezvlxcgouzbpmsmxzads/SourcePackages/checkouts/firebase-ios-sdk/FirebaseAuth/Sources/Swift/Utilities/AuthRecaptchaVerifier.swift (in target 'FirebaseAuth' from project 'Firebase')
    cd /Users/Veer/Library/Mobile\ Documents/com\~apple\~CloudDocs/HearifyV1/HearifyV1.xcodeproj
    

SwiftCompile normal arm64 /Users/Veer/Library/Developer/Xcode/DerivedData/HearifyV1-ftljoypfezvlxcgouzbpmsmxzads/SourcePackages/checkouts/firebase-ios-sdk/FirebaseAuth/Sources/Swift/Utilities/AuthUIDelegate.swift (in target 'FirebaseAuth' from project 'Firebase')
    cd /Users/Veer/Library/Mobile\ Documents/com\~apple\~CloudDocs/HearifyV1/HearifyV1.xcodeproj
    

SwiftCompile normal arm64 /Users/Veer/Library/Developer/Xcode/DerivedData/HearifyV1-ftljoypfezvlxcgouzbpmsmxzads/SourcePackages/checkouts/firebase-ios-sdk/FirebaseAuth/Sources/Swift/Utilities/AuthURLPresenter.swift (in target 'FirebaseAuth' from project 'Firebase')
    cd /Users/Veer/Library/Mobile\ Documents/com\~apple\~CloudDocs/HearifyV1/HearifyV1.xcodeproj
    

SwiftCompile normal arm64 /Users/Veer/Library/Developer/Xcode/DerivedData/HearifyV1-ftljoypfezvlxcgouzbpmsmxzads/SourcePackages/checkouts/firebase-ios-sdk/FirebaseAuth/Sources/Swift/Utilities/AuthWebUtils.swift (in target 'FirebaseAuth' from project 'Firebase')
    cd /Users/Veer/Library/Mobile\ Documents/com\~apple\~CloudDocs/HearifyV1/HearifyV1.xcodeproj
    

SwiftCompile normal arm64 /Users/Veer/Library/Developer/Xcode/DerivedData/HearifyV1-ftljoypfezvlxcgouzbpmsmxzads/SourcePackages/checkouts/firebase-ios-sdk/FirebaseAuth/Sources/Swift/Utilities/AuthWebView.swift (in target 'FirebaseAuth' from project 'Firebase')
    cd /Users/Veer/Library/Mobile\ Documents/com\~apple\~CloudDocs/HearifyV1/HearifyV1.xcodeproj
    

SwiftCompile normal arm64 /Users/Veer/Library/Developer/Xcode/DerivedData/HearifyV1-ftljoypfezvlxcgouzbpmsmxzads/SourcePackages/checkouts/firebase-ios-sdk/FirebaseAuth/Sources/Swift/Utilities/AuthWebViewController.swift (in target 'FirebaseAuth' from project 'Firebase')
    cd /Users/Veer/Library/Mobile\ Documents/com\~apple\~CloudDocs/HearifyV1/HearifyV1.xcodeproj
    

SwiftDriverJobDiscovery normal arm64 Compiling DocumentID.swift, DocumentReference+Codable.swift, DocumentReference+ReadDecodable.swift, DocumentReference+WriteEncodable.swift, DocumentSnapshot+ReadDecodable.swift, EncoderDecoder.swift (in target 'FirebaseFirestore' from project 'Firebase')

SwiftCompile normal arm64 Compiling\ AuthProviderID.swift,\ EmailAuthProvider.swift,\ FacebookAuthProvider.swift,\ FederatedAuthProvider.swift,\ GameCenterAuthProvider.swift,\ GitHubAuthProvider.swift,\ GoogleAuthProvider.swift,\ OAuthCredential.swift,\ OAuthProvider.swift,\ PhoneAuthCredential.swift,\ PhoneAuthProvider.swift,\ TwitterAuthProvider.swift,\ AuthBackend.swift,\ AuthBackendRPCIssuer.swift /Users/Veer/Library/Developer/Xcode/DerivedData/HearifyV1-ftljoypfezvlxcgouzbpmsmxzads/SourcePackages/checkouts/firebase-ios-sdk/FirebaseAuth/Sources/Swift/AuthProvider/AuthProviderID.swift /Users/Veer/Library/Developer/Xcode/DerivedData/HearifyV1-ftljoypfezvlxcgouzbpmsmxzads/SourcePackages/checkouts/firebase-ios-sdk/FirebaseAuth/Sources/Swift/AuthProvider/EmailAuthProvider.swift /Users/Veer/Library/Developer/Xcode/DerivedData/HearifyV1-ftljoypfezvlxcgouzbpmsmxzads/SourcePackages/checkouts/firebase-ios-sdk/FirebaseAuth/Sources/Swift/AuthProvider/FacebookAuthProvider.swift /Users/Veer/Library/Developer/Xcode/DerivedData/HearifyV1-ftljoypfezvlxcgouzbpmsmxzads/SourcePackages/checkouts/firebase-ios-sdk/FirebaseAuth/Sources/Swift/AuthProvider/FederatedAuthProvider.swift /Users/Veer/Library/Developer/Xcode/DerivedData/HearifyV1-ftljoypfezvlxcgouzbpmsmxzads/SourcePackages/checkouts/firebase-ios-sdk/FirebaseAuth/Sources/Swift/AuthProvider/GameCenterAuthProvider.swift /Users/Veer/Library/Developer/Xcode/DerivedData/HearifyV1-ftljoypfezvlxcgouzbpmsmxzads/SourcePackages/checkouts/firebase-ios-sdk/FirebaseAuth/Sources/Swift/AuthProvider/GitHubAuthProvider.swift /Users/Veer/Library/Developer/Xcode/DerivedData/HearifyV1-ftljoypfezvlxcgouzbpmsmxzads/SourcePackages/checkouts/firebase-ios-sdk/FirebaseAuth/Sources/Swift/AuthProvider/GoogleAuthProvider.swift /Users/Veer/Library/Developer/Xcode/DerivedData/HearifyV1-ftljoypfezvlxcgouzbpmsmxzads/SourcePackages/checkouts/firebase-ios-sdk/FirebaseAuth/Sources/Swift/AuthProvider/OAuthCredential.swift /Users/Veer/Library/Developer/Xcode/DerivedData/HearifyV1-ftljoypfezvlxcgouzbpmsmxzads/SourcePackages/checkouts/firebase-ios-sdk/FirebaseAuth/Sources/Swift/AuthProvider/OAuthProvider.swift /Users/Veer/Library/Developer/Xcode/DerivedData/HearifyV1-ftljoypfezvlxcgouzbpmsmxzads/SourcePackages/checkouts/firebase-ios-sdk/FirebaseAuth/Sources/Swift/AuthProvider/PhoneAuthCredential.swift /Users/Veer/Library/Developer/Xcode/DerivedData/HearifyV1-ftljoypfezvlxcgouzbpmsmxzads/SourcePackages/checkouts/firebase-ios-sdk/FirebaseAuth/Sources/Swift/AuthProvider/PhoneAuthProvider.swift /Users/Veer/Library/Developer/Xcode/DerivedData/HearifyV1-ftljoypfezvlxcgouzbpmsmxzads/SourcePackages/checkouts/firebase-ios-sdk/FirebaseAuth/Sources/Swift/AuthProvider/TwitterAuthProvider.swift /Users/Veer/Library/Developer/Xcode/DerivedData/HearifyV1-ftljoypfezvlxcgouzbpmsmxzads/SourcePackages/checkouts/firebase-ios-sdk/FirebaseAuth/Sources/Swift/Backend/AuthBackend.swift /Users/Veer/Library/Developer/Xcode/DerivedData/HearifyV1-ftljoypfezvlxcgouzbpmsmxzads/SourcePackages/checkouts/firebase-ios-sdk/FirebaseAuth/Sources/Swift/Backend/AuthBackendRPCIssuer.swift (in target 'FirebaseAuth' from project 'Firebase')

SwiftCompile normal arm64 /Users/Veer/Library/Developer/Xcode/DerivedData/HearifyV1-ftljoypfezvlxcgouzbpmsmxzads/SourcePackages/checkouts/firebase-ios-sdk/FirebaseAuth/Sources/Swift/AuthProvider/AuthProviderID.swift (in target 'FirebaseAuth' from project 'Firebase')
    cd /Users/Veer/Library/Mobile\ Documents/com\~apple\~CloudDocs/HearifyV1/HearifyV1.xcodeproj
    

SwiftCompile normal arm64 /Users/Veer/Library/Developer/Xcode/DerivedData/HearifyV1-ftljoypfezvlxcgouzbpmsmxzads/SourcePackages/checkouts/firebase-ios-sdk/FirebaseAuth/Sources/Swift/AuthProvider/EmailAuthProvider.swift (in target 'FirebaseAuth' from project 'Firebase')
    cd /Users/Veer/Library/Mobile\ Documents/com\~apple\~CloudDocs/HearifyV1/HearifyV1.xcodeproj
    

SwiftCompile normal arm64 /Users/Veer/Library/Developer/Xcode/DerivedData/HearifyV1-ftljoypfezvlxcgouzbpmsmxzads/SourcePackages/checkouts/firebase-ios-sdk/FirebaseAuth/Sources/Swift/AuthProvider/FacebookAuthProvider.swift (in target 'FirebaseAuth' from project 'Firebase')
    cd /Users/Veer/Library/Mobile\ Documents/com\~apple\~CloudDocs/HearifyV1/HearifyV1.xcodeproj
    

SwiftCompile normal arm64 /Users/Veer/Library/Developer/Xcode/DerivedData/HearifyV1-ftljoypfezvlxcgouzbpmsmxzads/SourcePackages/checkouts/firebase-ios-sdk/FirebaseAuth/Sources/Swift/AuthProvider/FederatedAuthProvider.swift (in target 'FirebaseAuth' from project 'Firebase')
    cd /Users/Veer/Library/Mobile\ Documents/com\~apple\~CloudDocs/HearifyV1/HearifyV1.xcodeproj
    

SwiftCompile normal arm64 /Users/Veer/Library/Developer/Xcode/DerivedData/HearifyV1-ftljoypfezvlxcgouzbpmsmxzads/SourcePackages/checkouts/firebase-ios-sdk/FirebaseAuth/Sources/Swift/AuthProvider/GameCenterAuthProvider.swift (in target 'FirebaseAuth' from project 'Firebase')
    cd /Users/Veer/Library/Mobile\ Documents/com\~apple\~CloudDocs/HearifyV1/HearifyV1.xcodeproj
    

SwiftCompile normal arm64 /Users/Veer/Library/Developer/Xcode/DerivedData/HearifyV1-ftljoypfezvlxcgouzbpmsmxzads/SourcePackages/checkouts/firebase-ios-sdk/FirebaseAuth/Sources/Swift/AuthProvider/GitHubAuthProvider.swift (in target 'FirebaseAuth' from project 'Firebase')
    cd /Users/Veer/Library/Mobile\ Documents/com\~apple\~CloudDocs/HearifyV1/HearifyV1.xcodeproj
    

SwiftCompile normal arm64 /Users/Veer/Library/Developer/Xcode/DerivedData/HearifyV1-ftljoypfezvlxcgouzbpmsmxzads/SourcePackages/checkouts/firebase-ios-sdk/FirebaseAuth/Sources/Swift/AuthProvider/GoogleAuthProvider.swift (in target 'FirebaseAuth' from project 'Firebase')
    cd /Users/Veer/Library/Mobile\ Documents/com\~apple\~CloudDocs/HearifyV1/HearifyV1.xcodeproj
    

SwiftCompile normal arm64 /Users/Veer/Library/Developer/Xcode/DerivedData/HearifyV1-ftljoypfezvlxcgouzbpmsmxzads/SourcePackages/checkouts/firebase-ios-sdk/FirebaseAuth/Sources/Swift/AuthProvider/OAuthCredential.swift (in target 'FirebaseAuth' from project 'Firebase')
    cd /Users/Veer/Library/Mobile\ Documents/com\~apple\~CloudDocs/HearifyV1/HearifyV1.xcodeproj
    

SwiftCompile normal arm64 /Users/Veer/Library/Developer/Xcode/DerivedData/HearifyV1-ftljoypfezvlxcgouzbpmsmxzads/SourcePackages/checkouts/firebase-ios-sdk/FirebaseAuth/Sources/Swift/AuthProvider/OAuthProvider.swift (in target 'FirebaseAuth' from project 'Firebase')
    cd /Users/Veer/Library/Mobile\ Documents/com\~apple\~CloudDocs/HearifyV1/HearifyV1.xcodeproj
    

SwiftCompile normal arm64 /Users/Veer/Library/Developer/Xcode/DerivedData/HearifyV1-ftljoypfezvlxcgouzbpmsmxzads/SourcePackages/checkouts/firebase-ios-sdk/FirebaseAuth/Sources/Swift/AuthProvider/PhoneAuthCredential.swift (in target 'FirebaseAuth' from project 'Firebase')
    cd /Users/Veer/Library/Mobile\ Documents/com\~apple\~CloudDocs/HearifyV1/HearifyV1.xcodeproj
    

SwiftCompile normal arm64 /Users/Veer/Library/Developer/Xcode/DerivedData/HearifyV1-ftljoypfezvlxcgouzbpmsmxzads/SourcePackages/checkouts/firebase-ios-sdk/FirebaseAuth/Sources/Swift/AuthProvider/PhoneAuthProvider.swift (in target 'FirebaseAuth' from project 'Firebase')
    cd /Users/Veer/Library/Mobile\ Documents/com\~apple\~CloudDocs/HearifyV1/HearifyV1.xcodeproj
    

SwiftCompile normal arm64 /Users/Veer/Library/Developer/Xcode/DerivedData/HearifyV1-ftljoypfezvlxcgouzbpmsmxzads/SourcePackages/checkouts/firebase-ios-sdk/FirebaseAuth/Sources/Swift/AuthProvider/TwitterAuthProvider.swift (in target 'FirebaseAuth' from project 'Firebase')
    cd /Users/Veer/Library/Mobile\ Documents/com\~apple\~CloudDocs/HearifyV1/HearifyV1.xcodeproj
    

SwiftCompile normal arm64 /Users/Veer/Library/Developer/Xcode/DerivedData/HearifyV1-ftljoypfezvlxcgouzbpmsmxzads/SourcePackages/checkouts/firebase-ios-sdk/FirebaseAuth/Sources/Swift/Backend/AuthBackend.swift (in target 'FirebaseAuth' from project 'Firebase')
    cd /Users/Veer/Library/Mobile\ Documents/com\~apple\~CloudDocs/HearifyV1/HearifyV1.xcodeproj
    

SwiftCompile normal arm64 /Users/Veer/Library/Developer/Xcode/DerivedData/HearifyV1-ftljoypfezvlxcgouzbpmsmxzads/SourcePackages/checkouts/firebase-ios-sdk/FirebaseAuth/Sources/Swift/Backend/AuthBackendRPCIssuer.swift (in target 'FirebaseAuth' from project 'Firebase')
    cd /Users/Veer/Library/Mobile\ Documents/com\~apple\~CloudDocs/HearifyV1/HearifyV1.xcodeproj
    

SwiftDriverJobDiscovery normal arm64 Compiling AliasedExpression.swift, Constant.swift, Expression.swift, Field.swift, ArrayExpression.swift, BooleanExpression.swift (in target 'FirebaseFirestore' from project 'Firebase')

SwiftCompile normal arm64 Compiling\ resource_bundle_accessor.swift,\ ActionCodeInfo.swift,\ ActionCodeOperation.swift,\ ActionCodeSettings.swift,\ ActionCodeURL.swift,\ Auth.swift,\ AuthComponent.swift,\ AuthDataResult.swift,\ AuthDispatcher.swift,\ AuthGlobalWorkQueue.swift,\ AuthOperationType.swift,\ AuthSettings.swift,\ AuthTokenResult.swift,\ AuthCredential.swift /Users/Veer/Library/Developer/Xcode/DerivedData/HearifyV1-ftljoypfezvlxcgouzbpmsmxzads/Build/Intermediates.noindex/Firebase.build/Debug-iphoneos/FirebaseAuth.build/DerivedSources/resource_bundle_accessor.swift /Users/Veer/Library/Developer/Xcode/DerivedData/HearifyV1-ftljoypfezvlxcgouzbpmsmxzads/SourcePackages/checkouts/firebase-ios-sdk/FirebaseAuth/Sources/Swift/ActionCode/ActionCodeInfo.swift /Users/Veer/Library/Developer/Xcode/DerivedData/HearifyV1-ftljoypfezvlxcgouzbpmsmxzads/SourcePackages/checkouts/firebase-ios-sdk/FirebaseAuth/Sources/Swift/ActionCode/ActionCodeOperation.swift /Users/Veer/Library/Developer/Xcode/DerivedData/HearifyV1-ftljoypfezvlxcgouzbpmsmxzads/SourcePackages/checkouts/firebase-ios-sdk/FirebaseAuth/Sources/Swift/ActionCode/ActionCodeSettings.swift /Users/Veer/Library/Developer/Xcode/DerivedData/HearifyV1-ftljoypfezvlxcgouzbpmsmxzads/SourcePackages/checkouts/firebase-ios-sdk/FirebaseAuth/Sources/Swift/ActionCode/ActionCodeURL.swift /Users/Veer/Library/Developer/Xcode/DerivedData/HearifyV1-ftljoypfezvlxcgouzbpmsmxzads/SourcePackages/checkouts/firebase-ios-sdk/FirebaseAuth/Sources/Swift/Auth/Auth.swift /Users/Veer/Library/Developer/Xcode/DerivedData/HearifyV1-ftljoypfezvlxcgouzbpmsmxzads/SourcePackages/checkouts/firebase-ios-sdk/FirebaseAuth/Sources/Swift/Auth/AuthComponent.swift /Users/Veer/Library/Developer/Xcode/DerivedData/HearifyV1-ftljoypfezvlxcgouzbpmsmxzads/SourcePackages/checkouts/firebase-ios-sdk/FirebaseAuth/Sources/Swift/Auth/AuthDataResult.swift /Users/Veer/Library/Developer/Xcode/DerivedData/HearifyV1-ftljoypfezvlxcgouzbpmsmxzads/SourcePackages/checkouts/firebase-ios-sdk/FirebaseAuth/Sources/Swift/Auth/AuthDispatcher.swift /Users/Veer/Library/Developer/Xcode/DerivedData/HearifyV1-ftljoypfezvlxcgouzbpmsmxzads/SourcePackages/checkouts/firebase-ios-sdk/FirebaseAuth/Sources/Swift/Auth/AuthGlobalWorkQueue.swift /Users/Veer/Library/Developer/Xcode/DerivedData/HearifyV1-ftljoypfezvlxcgouzbpmsmxzads/SourcePackages/checkouts/firebase-ios-sdk/FirebaseAuth/Sources/Swift/Auth/AuthOperationType.swift /Users/Veer/Library/Developer/Xcode/DerivedData/HearifyV1-ftljoypfezvlxcgouzbpmsmxzads/SourcePackages/checkouts/firebase-ios-sdk/FirebaseAuth/Sources/Swift/Auth/AuthSettings.swift /Users/Veer/Library/Developer/Xcode/DerivedData/HearifyV1-ftljoypfezvlxcgouzbpmsmxzads/SourcePackages/checkouts/firebase-ios-sdk/FirebaseAuth/Sources/Swift/Auth/AuthTokenResult.swift /Users/Veer/Library/Developer/Xcode/DerivedData/HearifyV1-ftljoypfezvlxcgouzbpmsmxzads/SourcePackages/checkouts/firebase-ios-sdk/FirebaseAuth/Sources/Swift/AuthProvider/AuthCredential.swift (in target 'FirebaseAuth' from project 'Firebase')

SwiftCompile normal arm64 /Users/Veer/Library/Developer/Xcode/DerivedData/HearifyV1-ftljoypfezvlxcgouzbpmsmxzads/Build/Intermediates.noindex/Firebase.build/Debug-iphoneos/FirebaseAuth.build/DerivedSources/resource_bundle_accessor.swift (in target 'FirebaseAuth' from project 'Firebase')
    cd /Users/Veer/Library/Mobile\ Documents/com\~apple\~CloudDocs/HearifyV1/HearifyV1.xcodeproj
    

SwiftCompile normal arm64 /Users/Veer/Library/Developer/Xcode/DerivedData/HearifyV1-ftljoypfezvlxcgouzbpmsmxzads/SourcePackages/checkouts/firebase-ios-sdk/FirebaseAuth/Sources/Swift/ActionCode/ActionCodeInfo.swift (in target 'FirebaseAuth' from project 'Firebase')
    cd /Users/Veer/Library/Mobile\ Documents/com\~apple\~CloudDocs/HearifyV1/HearifyV1.xcodeproj
    

SwiftCompile normal arm64 /Users/Veer/Library/Developer/Xcode/DerivedData/HearifyV1-ftljoypfezvlxcgouzbpmsmxzads/SourcePackages/checkouts/firebase-ios-sdk/FirebaseAuth/Sources/Swift/ActionCode/ActionCodeOperation.swift (in target 'FirebaseAuth' from project 'Firebase')
    cd /Users/Veer/Library/Mobile\ Documents/com\~apple\~CloudDocs/HearifyV1/HearifyV1.xcodeproj
    

SwiftCompile normal arm64 /Users/Veer/Library/Developer/Xcode/DerivedData/HearifyV1-ftljoypfezvlxcgouzbpmsmxzads/SourcePackages/checkouts/firebase-ios-sdk/FirebaseAuth/Sources/Swift/ActionCode/ActionCodeSettings.swift (in target 'FirebaseAuth' from project 'Firebase')
    cd /Users/Veer/Library/Mobile\ Documents/com\~apple\~CloudDocs/HearifyV1/HearifyV1.xcodeproj
    

SwiftCompile normal arm64 /Users/Veer/Library/Developer/Xcode/DerivedData/HearifyV1-ftljoypfezvlxcgouzbpmsmxzads/SourcePackages/checkouts/firebase-ios-sdk/FirebaseAuth/Sources/Swift/ActionCode/ActionCodeURL.swift (in target 'FirebaseAuth' from project 'Firebase')
    cd /Users/Veer/Library/Mobile\ Documents/com\~apple\~CloudDocs/HearifyV1/HearifyV1.xcodeproj
    

SwiftCompile normal arm64 /Users/Veer/Library/Developer/Xcode/DerivedData/HearifyV1-ftljoypfezvlxcgouzbpmsmxzads/SourcePackages/checkouts/firebase-ios-sdk/FirebaseAuth/Sources/Swift/Auth/Auth.swift (in target 'FirebaseAuth' from project 'Firebase')
    cd /Users/Veer/Library/Mobile\ Documents/com\~apple\~CloudDocs/HearifyV1/HearifyV1.xcodeproj
    

SwiftCompile normal arm64 /Users/Veer/Library/Developer/Xcode/DerivedData/HearifyV1-ftljoypfezvlxcgouzbpmsmxzads/SourcePackages/checkouts/firebase-ios-sdk/FirebaseAuth/Sources/Swift/Auth/AuthComponent.swift (in target 'FirebaseAuth' from project 'Firebase')
    cd /Users/Veer/Library/Mobile\ Documents/com\~apple\~CloudDocs/HearifyV1/HearifyV1.xcodeproj
    

SwiftCompile normal arm64 /Users/Veer/Library/Developer/Xcode/DerivedData/HearifyV1-ftljoypfezvlxcgouzbpmsmxzads/SourcePackages/checkouts/firebase-ios-sdk/FirebaseAuth/Sources/Swift/Auth/AuthDataResult.swift (in target 'FirebaseAuth' from project 'Firebase')
    cd /Users/Veer/Library/Mobile\ Documents/com\~apple\~CloudDocs/HearifyV1/HearifyV1.xcodeproj
    

SwiftCompile normal arm64 /Users/Veer/Library/Developer/Xcode/DerivedData/HearifyV1-ftljoypfezvlxcgouzbpmsmxzads/SourcePackages/checkouts/firebase-ios-sdk/FirebaseAuth/Sources/Swift/Auth/AuthDispatcher.swift (in target 'FirebaseAuth' from project 'Firebase')
    cd /Users/Veer/Library/Mobile\ Documents/com\~apple\~CloudDocs/HearifyV1/HearifyV1.xcodeproj
    

SwiftCompile normal arm64 /Users/Veer/Library/Developer/Xcode/DerivedData/HearifyV1-ftljoypfezvlxcgouzbpmsmxzads/SourcePackages/checkouts/firebase-ios-sdk/FirebaseAuth/Sources/Swift/Auth/AuthGlobalWorkQueue.swift (in target 'FirebaseAuth' from project 'Firebase')
    cd /Users/Veer/Library/Mobile\ Documents/com\~apple\~CloudDocs/HearifyV1/HearifyV1.xcodeproj
    

SwiftCompile normal arm64 /Users/Veer/Library/Developer/Xcode/DerivedData/HearifyV1-ftljoypfezvlxcgouzbpmsmxzads/SourcePackages/checkouts/firebase-ios-sdk/FirebaseAuth/Sources/Swift/Auth/AuthOperationType.swift (in target 'FirebaseAuth' from project 'Firebase')
    cd /Users/Veer/Library/Mobile\ Documents/com\~apple\~CloudDocs/HearifyV1/HearifyV1.xcodeproj
    

SwiftCompile normal arm64 /Users/Veer/Library/Developer/Xcode/DerivedData/HearifyV1-ftljoypfezvlxcgouzbpmsmxzads/SourcePackages/checkouts/firebase-ios-sdk/FirebaseAuth/Sources/Swift/Auth/AuthSettings.swift (in target 'FirebaseAuth' from project 'Firebase')
    cd /Users/Veer/Library/Mobile\ Documents/com\~apple\~CloudDocs/HearifyV1/HearifyV1.xcodeproj
    

SwiftCompile normal arm64 /Users/Veer/Library/Developer/Xcode/DerivedData/HearifyV1-ftljoypfezvlxcgouzbpmsmxzads/SourcePackages/checkouts/firebase-ios-sdk/FirebaseAuth/Sources/Swift/Auth/AuthTokenResult.swift (in target 'FirebaseAuth' from project 'Firebase')
    cd /Users/Veer/Library/Mobile\ Documents/com\~apple\~CloudDocs/HearifyV1/HearifyV1.xcodeproj
    

SwiftCompile normal arm64 /Users/Veer/Library/Developer/Xcode/DerivedData/HearifyV1-ftljoypfezvlxcgouzbpmsmxzads/SourcePackages/checkouts/firebase-ios-sdk/FirebaseAuth/Sources/Swift/AuthProvider/AuthCredential.swift (in target 'FirebaseAuth' from project 'Firebase')
    cd /Users/Veer/Library/Mobile\ Documents/com\~apple\~CloudDocs/HearifyV1/HearifyV1.xcodeproj
    

SwiftDriverJobDiscovery normal arm64 Compiling ExplicitNull.swift, FieldValue+Encodable.swift, GeoPoint+Codable.swift, ServerTimestamp.swift, Timestamp+Codable.swift, TimestampDecodingStrategy.swift (in target 'FirebaseFirestore' from project 'Firebase')

SwiftCompile normal arm64 Compiling\ WithdrawMFAResponse.swift,\ AuthProto.swift,\ AuthProtoMFAEnrollment.swift,\ AuthProtoFinalizeMFAPhoneRequestInfo.swift,\ AuthProtoFinalizeMFAPhoneResponseInfo.swift,\ AuthProtoStartMFAPhoneRequestInfo.swift,\ AuthProtoStartMFAPhoneResponseInfo.swift,\ AuthProtoFinalizeMFATOTPEnrollmentRequestInfo.swift,\ AuthProtoFinalizeMFATOTPEnrollmentResponseInfo.swift,\ AuthProtoFinalizeMFATOTPSignInRequestInfo.swift,\ AuthProtoStartMFATOTPEnrollmentRequestInfo.swift,\ AuthProtoStartMFATOTPEnrollmentResponseInfo.swift,\ ResetPasswordRequest.swift,\ ResetPasswordResponse.swift /Users/Veer/Library/Developer/Xcode/DerivedData/HearifyV1-ftljoypfezvlxcgouzbpmsmxzads/SourcePackages/checkouts/firebase-ios-sdk/FirebaseAuth/Sources/Swift/Backend/RPC/MultiFactor/Unenroll/WithdrawMFAResponse.swift /Users/Veer/Library/Developer/Xcode/DerivedData/HearifyV1-ftljoypfezvlxcgouzbpmsmxzads/SourcePackages/checkouts/firebase-ios-sdk/FirebaseAuth/Sources/Swift/Backend/RPC/Proto/AuthProto.swift /Users/Veer/Library/Developer/Xcode/DerivedData/HearifyV1-ftljoypfezvlxcgouzbpmsmxzads/SourcePackages/checkouts/firebase-ios-sdk/FirebaseAuth/Sources/Swift/Backend/RPC/Proto/AuthProtoMFAEnrollment.swift /Users/Veer/Library/Developer/Xcode/DerivedData/HearifyV1-ftljoypfezvlxcgouzbpmsmxzads/SourcePackages/checkouts/firebase-ios-sdk/FirebaseAuth/Sources/Swift/Backend/RPC/Proto/Phone/AuthProtoFinalizeMFAPhoneRequestInfo.swift /Users/Veer/Library/Developer/Xcode/DerivedData/HearifyV1-ftljoypfezvlxcgouzbpmsmxzads/SourcePackages/checkouts/firebase-ios-sdk/FirebaseAuth/Sources/Swift/Backend/RPC/Proto/Phone/AuthProtoFinalizeMFAPhoneResponseInfo.swift /Users/Veer/Library/Developer/Xcode/DerivedData/HearifyV1-ftljoypfezvlxcgouzbpmsmxzads/SourcePackages/checkouts/firebase-ios-sdk/FirebaseAuth/Sources/Swift/Backend/RPC/Proto/Phone/AuthProtoStartMFAPhoneRequestInfo.swift /Users/Veer/Library/Developer/Xcode/DerivedData/HearifyV1-ftljoypfezvlxcgouzbpmsmxzads/SourcePackages/checkouts/firebase-ios-sdk/FirebaseAuth/Sources/Swift/Backend/RPC/Proto/Phone/AuthProtoStartMFAPhoneResponseInfo.swift /Users/Veer/Library/Developer/Xcode/DerivedData/HearifyV1-ftljoypfezvlxcgouzbpmsmxzads/SourcePackages/checkouts/firebase-ios-sdk/FirebaseAuth/Sources/Swift/Backend/RPC/Proto/TOTP/AuthProtoFinalizeMFATOTPEnrollmentRequestInfo.swift /Users/Veer/Library/Developer/Xcode/DerivedData/HearifyV1-ftljoypfezvlxcgouzbpmsmxzads/SourcePackages/checkouts/firebase-ios-sdk/FirebaseAuth/Sources/Swift/Backend/RPC/Proto/TOTP/AuthProtoFinalizeMFATOTPEnrollmentResponseInfo.swift /Users/Veer/Library/Developer/Xcode/DerivedData/HearifyV1-ftljoypfezvlxcgouzbpmsmxzads/SourcePackages/checkouts/firebase-ios-sdk/FirebaseAuth/Sources/Swift/Backend/RPC/Proto/TOTP/AuthProtoFinalizeMFATOTPSignInRequestInfo.swift /Users/Veer/Library/Developer/Xcode/DerivedData/HearifyV1-ftljoypfezvlxcgouzbpmsmxzads/SourcePackages/checkouts/firebase-ios-sdk/FirebaseAuth/Sources/Swift/Backend/RPC/Proto/TOTP/AuthProtoStartMFATOTPEnrollmentRequestInfo.swift /Users/Veer/Library/Developer/Xcode/DerivedData/HearifyV1-ftljoypfezvlxcgouzbpmsmxzads/SourcePackages/checkouts/firebase-ios-sdk/FirebaseAuth/Sources/Swift/Backend/RPC/Proto/TOTP/AuthProtoStartMFATOTPEnrollmentResponseInfo.swift /Users/Veer/Library/Developer/Xcode/DerivedData/HearifyV1-ftljoypfezvlxcgouzbpmsmxzads/SourcePackages/checkouts/firebase-ios-sdk/FirebaseAuth/Sources/Swift/Backend/RPC/ResetPasswordRequest.swift /Users/Veer/Library/Developer/Xcode/DerivedData/HearifyV1-ftljoypfezvlxcgouzbpmsmxzads/SourcePackages/checkouts/firebase-ios-sdk/FirebaseAuth/Sources/Swift/Backend/RPC/ResetPasswordResponse.swift (in target 'FirebaseAuth' from project 'Firebase')

SwiftCompile normal arm64 /Users/Veer/Library/Developer/Xcode/DerivedData/HearifyV1-ftljoypfezvlxcgouzbpmsmxzads/SourcePackages/checkouts/firebase-ios-sdk/FirebaseAuth/Sources/Swift/Backend/RPC/MultiFactor/Unenroll/WithdrawMFAResponse.swift (in target 'FirebaseAuth' from project 'Firebase')
    cd /Users/Veer/Library/Mobile\ Documents/com\~apple\~CloudDocs/HearifyV1/HearifyV1.xcodeproj
    

SwiftCompile normal arm64 /Users/Veer/Library/Developer/Xcode/DerivedData/HearifyV1-ftljoypfezvlxcgouzbpmsmxzads/SourcePackages/checkouts/firebase-ios-sdk/FirebaseAuth/Sources/Swift/Backend/RPC/Proto/AuthProto.swift (in target 'FirebaseAuth' from project 'Firebase')
    cd /Users/Veer/Library/Mobile\ Documents/com\~apple\~CloudDocs/HearifyV1/HearifyV1.xcodeproj
    

SwiftCompile normal arm64 /Users/Veer/Library/Developer/Xcode/DerivedData/HearifyV1-ftljoypfezvlxcgouzbpmsmxzads/SourcePackages/checkouts/firebase-ios-sdk/FirebaseAuth/Sources/Swift/Backend/RPC/Proto/AuthProtoMFAEnrollment.swift (in target 'FirebaseAuth' from project 'Firebase')
    cd /Users/Veer/Library/Mobile\ Documents/com\~apple\~CloudDocs/HearifyV1/HearifyV1.xcodeproj
    

SwiftCompile normal arm64 /Users/Veer/Library/Developer/Xcode/DerivedData/HearifyV1-ftljoypfezvlxcgouzbpmsmxzads/SourcePackages/checkouts/firebase-ios-sdk/FirebaseAuth/Sources/Swift/Backend/RPC/Proto/Phone/AuthProtoFinalizeMFAPhoneRequestInfo.swift (in target 'FirebaseAuth' from project 'Firebase')
    cd /Users/Veer/Library/Mobile\ Documents/com\~apple\~CloudDocs/HearifyV1/HearifyV1.xcodeproj
    

SwiftCompile normal arm64 /Users/Veer/Library/Developer/Xcode/DerivedData/HearifyV1-ftljoypfezvlxcgouzbpmsmxzads/SourcePackages/checkouts/firebase-ios-sdk/FirebaseAuth/Sources/Swift/Backend/RPC/Proto/Phone/AuthProtoFinalizeMFAPhoneResponseInfo.swift (in target 'FirebaseAuth' from project 'Firebase')
    cd /Users/Veer/Library/Mobile\ Documents/com\~apple\~CloudDocs/HearifyV1/HearifyV1.xcodeproj
    

SwiftCompile normal arm64 /Users/Veer/Library/Developer/Xcode/DerivedData/HearifyV1-ftljoypfezvlxcgouzbpmsmxzads/SourcePackages/checkouts/firebase-ios-sdk/FirebaseAuth/Sources/Swift/Backend/RPC/Proto/Phone/AuthProtoStartMFAPhoneRequestInfo.swift (in target 'FirebaseAuth' from project 'Firebase')
    cd /Users/Veer/Library/Mobile\ Documents/com\~apple\~CloudDocs/HearifyV1/HearifyV1.xcodeproj
    

SwiftCompile normal arm64 /Users/Veer/Library/Developer/Xcode/DerivedData/HearifyV1-ftljoypfezvlxcgouzbpmsmxzads/SourcePackages/checkouts/firebase-ios-sdk/FirebaseAuth/Sources/Swift/Backend/RPC/Proto/Phone/AuthProtoStartMFAPhoneResponseInfo.swift (in target 'FirebaseAuth' from project 'Firebase')
    cd /Users/Veer/Library/Mobile\ Documents/com\~apple\~CloudDocs/HearifyV1/HearifyV1.xcodeproj
    

SwiftCompile normal arm64 /Users/Veer/Library/Developer/Xcode/DerivedData/HearifyV1-ftljoypfezvlxcgouzbpmsmxzads/SourcePackages/checkouts/firebase-ios-sdk/FirebaseAuth/Sources/Swift/Backend/RPC/Proto/TOTP/AuthProtoFinalizeMFATOTPEnrollmentRequestInfo.swift (in target 'FirebaseAuth' from project 'Firebase')
    cd /Users/Veer/Library/Mobile\ Documents/com\~apple\~CloudDocs/HearifyV1/HearifyV1.xcodeproj
    

SwiftCompile normal arm64 /Users/Veer/Library/Developer/Xcode/DerivedData/HearifyV1-ftljoypfezvlxcgouzbpmsmxzads/SourcePackages/checkouts/firebase-ios-sdk/FirebaseAuth/Sources/Swift/Backend/RPC/Proto/TOTP/AuthProtoFinalizeMFATOTPEnrollmentResponseInfo.swift (in target 'FirebaseAuth' from project 'Firebase')
    cd /Users/Veer/Library/Mobile\ Documents/com\~apple\~CloudDocs/HearifyV1/HearifyV1.xcodeproj
    

SwiftCompile normal arm64 /Users/Veer/Library/Developer/Xcode/DerivedData/HearifyV1-ftljoypfezvlxcgouzbpmsmxzads/SourcePackages/checkouts/firebase-ios-sdk/FirebaseAuth/Sources/Swift/Backend/RPC/Proto/TOTP/AuthProtoFinalizeMFATOTPSignInRequestInfo.swift (in target 'FirebaseAuth' from project 'Firebase')
    cd /Users/Veer/Library/Mobile\ Documents/com\~apple\~CloudDocs/HearifyV1/HearifyV1.xcodeproj
    

SwiftCompile normal arm64 /Users/Veer/Library/Developer/Xcode/DerivedData/HearifyV1-ftljoypfezvlxcgouzbpmsmxzads/SourcePackages/checkouts/firebase-ios-sdk/FirebaseAuth/Sources/Swift/Backend/RPC/Proto/TOTP/AuthProtoStartMFATOTPEnrollmentRequestInfo.swift (in target 'FirebaseAuth' from project 'Firebase')
    cd /Users/Veer/Library/Mobile\ Documents/com\~apple\~CloudDocs/HearifyV1/HearifyV1.xcodeproj
    

SwiftCompile normal arm64 /Users/Veer/Library/Developer/Xcode/DerivedData/HearifyV1-ftljoypfezvlxcgouzbpmsmxzads/SourcePackages/checkouts/firebase-ios-sdk/FirebaseAuth/Sources/Swift/Backend/RPC/Proto/TOTP/AuthProtoStartMFATOTPEnrollmentResponseInfo.swift (in target 'FirebaseAuth' from project 'Firebase')
    cd /Users/Veer/Library/Mobile\ Documents/com\~apple\~CloudDocs/HearifyV1/HearifyV1.xcodeproj
    

SwiftCompile normal arm64 /Users/Veer/Library/Developer/Xcode/DerivedData/HearifyV1-ftljoypfezvlxcgouzbpmsmxzads/SourcePackages/checkouts/firebase-ios-sdk/FirebaseAuth/Sources/Swift/Backend/RPC/ResetPasswordRequest.swift (in target 'FirebaseAuth' from project 'Firebase')
    cd /Users/Veer/Library/Mobile\ Documents/com\~apple\~CloudDocs/HearifyV1/HearifyV1.xcodeproj
    

SwiftCompile normal arm64 /Users/Veer/Library/Developer/Xcode/DerivedData/HearifyV1-ftljoypfezvlxcgouzbpmsmxzads/SourcePackages/checkouts/firebase-ios-sdk/FirebaseAuth/Sources/Swift/Backend/RPC/ResetPasswordResponse.swift (in target 'FirebaseAuth' from project 'Firebase')
    cd /Users/Veer/Library/Mobile\ Documents/com\~apple\~CloudDocs/HearifyV1/HearifyV1.xcodeproj
    

SwiftDriverJobDiscovery normal arm64 Emitting module for FirebaseAuth (in target 'FirebaseAuth' from project 'Firebase')

SwiftCompile normal arm64 Compiling\ AuthAPNSTokenType.swift,\ AuthAppCredential.swift,\ AuthAppCredentialManager.swift,\ AuthNotificationManager.swift,\ AuthStoredUserManager.swift,\ SecureTokenService.swift,\ TokenRefreshCoalescer.swift,\ AdditionalUserInfo.swift,\ User.swift,\ UserInfo.swift,\ UserInfoImpl.swift,\ UserMetadata.swift,\ UserProfileChangeRequest.swift /Users/Veer/Library/Developer/Xcode/DerivedData/HearifyV1-ftljoypfezvlxcgouzbpmsmxzads/SourcePackages/checkouts/firebase-ios-sdk/FirebaseAuth/Sources/Swift/SystemService/AuthAPNSTokenType.swift /Users/Veer/Library/Developer/Xcode/DerivedData/HearifyV1-ftljoypfezvlxcgouzbpmsmxzads/SourcePackages/checkouts/firebase-ios-sdk/FirebaseAuth/Sources/Swift/SystemService/AuthAppCredential.swift /Users/Veer/Library/Developer/Xcode/DerivedData/HearifyV1-ftljoypfezvlxcgouzbpmsmxzads/SourcePackages/checkouts/firebase-ios-sdk/FirebaseAuth/Sources/Swift/SystemService/AuthAppCredentialManager.swift /Users/Veer/Library/Developer/Xcode/DerivedData/HearifyV1-ftljoypfezvlxcgouzbpmsmxzads/SourcePackages/checkouts/firebase-ios-sdk/FirebaseAuth/Sources/Swift/SystemService/AuthNotificationManager.swift /Users/Veer/Library/Developer/Xcode/DerivedData/HearifyV1-ftljoypfezvlxcgouzbpmsmxzads/SourcePackages/checkouts/firebase-ios-sdk/FirebaseAuth/Sources/Swift/SystemService/AuthStoredUserManager.swift /Users/Veer/Library/Developer/Xcode/DerivedData/HearifyV1-ftljoypfezvlxcgouzbpmsmxzads/SourcePackages/checkouts/firebase-ios-sdk/FirebaseAuth/Sources/Swift/SystemService/SecureTokenService.swift /Users/Veer/Library/Developer/Xcode/DerivedData/HearifyV1-ftljoypfezvlxcgouzbpmsmxzads/SourcePackages/checkouts/firebase-ios-sdk/FirebaseAuth/Sources/Swift/SystemService/TokenRefreshCoalescer.swift /Users/Veer/Library/Developer/Xcode/DerivedData/HearifyV1-ftljoypfezvlxcgouzbpmsmxzads/SourcePackages/checkouts/firebase-ios-sdk/FirebaseAuth/Sources/Swift/User/AdditionalUserInfo.swift /Users/Veer/Library/Developer/Xcode/DerivedData/HearifyV1-ftljoypfezvlxcgouzbpmsmxzads/SourcePackages/checkouts/firebase-ios-sdk/FirebaseAuth/Sources/Swift/User/User.swift /Users/Veer/Library/Developer/Xcode/DerivedData/HearifyV1-ftljoypfezvlxcgouzbpmsmxzads/SourcePackages/checkouts/firebase-ios-sdk/FirebaseAuth/Sources/Swift/User/UserInfo.swift /Users/Veer/Library/Developer/Xcode/DerivedData/HearifyV1-ftljoypfezvlxcgouzbpmsmxzads/SourcePackages/checkouts/firebase-ios-sdk/FirebaseAuth/Sources/Swift/User/UserInfoImpl.swift /Users/Veer/Library/Developer/Xcode/DerivedData/HearifyV1-ftljoypfezvlxcgouzbpmsmxzads/SourcePackages/checkouts/firebase-ios-sdk/FirebaseAuth/Sources/Swift/User/UserMetadata.swift /Users/Veer/Library/Developer/Xcode/DerivedData/HearifyV1-ftljoypfezvlxcgouzbpmsmxzads/SourcePackages/checkouts/firebase-ios-sdk/FirebaseAuth/Sources/Swift/User/UserProfileChangeRequest.swift (in target 'FirebaseAuth' from project 'Firebase')

SwiftCompile normal arm64 /Users/Veer/Library/Developer/Xcode/DerivedData/HearifyV1-ftljoypfezvlxcgouzbpmsmxzads/SourcePackages/checkouts/firebase-ios-sdk/FirebaseAuth/Sources/Swift/SystemService/AuthAPNSTokenType.swift (in target 'FirebaseAuth' from project 'Firebase')
    cd /Users/Veer/Library/Mobile\ Documents/com\~apple\~CloudDocs/HearifyV1/HearifyV1.xcodeproj
    

SwiftCompile normal arm64 /Users/Veer/Library/Developer/Xcode/DerivedData/HearifyV1-ftljoypfezvlxcgouzbpmsmxzads/SourcePackages/checkouts/firebase-ios-sdk/FirebaseAuth/Sources/Swift/SystemService/AuthAppCredential.swift (in target 'FirebaseAuth' from project 'Firebase')
    cd /Users/Veer/Library/Mobile\ Documents/com\~apple\~CloudDocs/HearifyV1/HearifyV1.xcodeproj
    

SwiftCompile normal arm64 /Users/Veer/Library/Developer/Xcode/DerivedData/HearifyV1-ftljoypfezvlxcgouzbpmsmxzads/SourcePackages/checkouts/firebase-ios-sdk/FirebaseAuth/Sources/Swift/SystemService/AuthAppCredentialManager.swift (in target 'FirebaseAuth' from project 'Firebase')
    cd /Users/Veer/Library/Mobile\ Documents/com\~apple\~CloudDocs/HearifyV1/HearifyV1.xcodeproj
    

SwiftCompile normal arm64 /Users/Veer/Library/Developer/Xcode/DerivedData/HearifyV1-ftljoypfezvlxcgouzbpmsmxzads/SourcePackages/checkouts/firebase-ios-sdk/FirebaseAuth/Sources/Swift/SystemService/AuthNotificationManager.swift (in target 'FirebaseAuth' from project 'Firebase')
    cd /Users/Veer/Library/Mobile\ Documents/com\~apple\~CloudDocs/HearifyV1/HearifyV1.xcodeproj
    

SwiftCompile normal arm64 /Users/Veer/Library/Developer/Xcode/DerivedData/HearifyV1-ftljoypfezvlxcgouzbpmsmxzads/SourcePackages/checkouts/firebase-ios-sdk/FirebaseAuth/Sources/Swift/SystemService/AuthStoredUserManager.swift (in target 'FirebaseAuth' from project 'Firebase')
    cd /Users/Veer/Library/Mobile\ Documents/com\~apple\~CloudDocs/HearifyV1/HearifyV1.xcodeproj
    

SwiftCompile normal arm64 /Users/Veer/Library/Developer/Xcode/DerivedData/HearifyV1-ftljoypfezvlxcgouzbpmsmxzads/SourcePackages/checkouts/firebase-ios-sdk/FirebaseAuth/Sources/Swift/SystemService/SecureTokenService.swift (in target 'FirebaseAuth' from project 'Firebase')
    cd /Users/Veer/Library/Mobile\ Documents/com\~apple\~CloudDocs/HearifyV1/HearifyV1.xcodeproj
    

SwiftCompile normal arm64 /Users/Veer/Library/Developer/Xcode/DerivedData/HearifyV1-ftljoypfezvlxcgouzbpmsmxzads/SourcePackages/checkouts/firebase-ios-sdk/FirebaseAuth/Sources/Swift/SystemService/TokenRefreshCoalescer.swift (in target 'FirebaseAuth' from project 'Firebase')
    cd /Users/Veer/Library/Mobile\ Documents/com\~apple\~CloudDocs/HearifyV1/HearifyV1.xcodeproj
    

SwiftCompile normal arm64 /Users/Veer/Library/Developer/Xcode/DerivedData/HearifyV1-ftljoypfezvlxcgouzbpmsmxzads/SourcePackages/checkouts/firebase-ios-sdk/FirebaseAuth/Sources/Swift/User/AdditionalUserInfo.swift (in target 'FirebaseAuth' from project 'Firebase')
    cd /Users/Veer/Library/Mobile\ Documents/com\~apple\~CloudDocs/HearifyV1/HearifyV1.xcodeproj
    

SwiftCompile normal arm64 /Users/Veer/Library/Developer/Xcode/DerivedData/HearifyV1-ftljoypfezvlxcgouzbpmsmxzads/SourcePackages/checkouts/firebase-ios-sdk/FirebaseAuth/Sources/Swift/User/User.swift (in target 'FirebaseAuth' from project 'Firebase')
    cd /Users/Veer/Library/Mobile\ Documents/com\~apple\~CloudDocs/HearifyV1/HearifyV1.xcodeproj
    

SwiftCompile normal arm64 /Users/Veer/Library/Developer/Xcode/DerivedData/HearifyV1-ftljoypfezvlxcgouzbpmsmxzads/SourcePackages/checkouts/firebase-ios-sdk/FirebaseAuth/Sources/Swift/User/UserInfo.swift (in target 'FirebaseAuth' from project 'Firebase')
    cd /Users/Veer/Library/Mobile\ Documents/com\~apple\~CloudDocs/HearifyV1/HearifyV1.xcodeproj
    

SwiftCompile normal arm64 /Users/Veer/Library/Developer/Xcode/DerivedData/HearifyV1-ftljoypfezvlxcgouzbpmsmxzads/SourcePackages/checkouts/firebase-ios-sdk/FirebaseAuth/Sources/Swift/User/UserInfoImpl.swift (in target 'FirebaseAuth' from project 'Firebase')
    cd /Users/Veer/Library/Mobile\ Documents/com\~apple\~CloudDocs/HearifyV1/HearifyV1.xcodeproj
    

SwiftCompile normal arm64 /Users/Veer/Library/Developer/Xcode/DerivedData/HearifyV1-ftljoypfezvlxcgouzbpmsmxzads/SourcePackages/checkouts/firebase-ios-sdk/FirebaseAuth/Sources/Swift/User/UserMetadata.swift (in target 'FirebaseAuth' from project 'Firebase')
    cd /Users/Veer/Library/Mobile\ Documents/com\~apple\~CloudDocs/HearifyV1/HearifyV1.xcodeproj
    

SwiftCompile normal arm64 /Users/Veer/Library/Developer/Xcode/DerivedData/HearifyV1-ftljoypfezvlxcgouzbpmsmxzads/SourcePackages/checkouts/firebase-ios-sdk/FirebaseAuth/Sources/Swift/User/UserProfileChangeRequest.swift (in target 'FirebaseAuth' from project 'Firebase')
    cd /Users/Veer/Library/Mobile\ Documents/com\~apple\~CloudDocs/HearifyV1/HearifyV1.xcodeproj
    

SwiftDriverJobDiscovery normal arm64 Compiling FieldValue+Swift.swift, Firestore+Pipeline.swift, AggregateFunction.swift, AliasedAggregate.swift, CountAll.swift, DistanceMeasure.swift (in target 'FirebaseFirestore' from project 'Firebase')

SwiftDriver\ Compilation\ Requirements FirebaseAuth normal arm64 com.apple.xcode.tools.swift.compiler (in target 'FirebaseAuth' from project 'Firebase')
    cd /Users/Veer/Library/Mobile\ Documents/com\~apple\~CloudDocs/HearifyV1/HearifyV1.xcodeproj
    builtin-Swift-Compilation-Requirements -- /Applications/Xcode.app/Contents/Developer/Toolchains/XcodeDefault.xctoolchain/usr/bin/swiftc -module-name FirebaseAuth -Onone -enforce-exclusivity\=checked @/Users/Veer/Library/Developer/Xcode/DerivedData/HearifyV1-ftljoypfezvlxcgouzbpmsmxzads/Build/Intermediates.noindex/Firebase.build/Debug-iphoneos/FirebaseAuth.build/Objects-normal/arm64/FirebaseAuth.SwiftFileList -DSWIFT_PACKAGE -DDEBUG -DSWIFT_MODULE_RESOURCE_BUNDLE_AVAILABLE -Xcc -fmodule-map-file\=/Users/Veer/Library/Developer/Xcode/DerivedData/HearifyV1-ftljoypfezvlxcgouzbpmsmxzads/Build/Intermediates.noindex/GeneratedModuleMaps-iphoneos/RecaptchaInterop.modulemap -Xcc -fmodule-map-file\=/Users/Veer/Library/Developer/Xcode/DerivedData/HearifyV1-ftljoypfezvlxcgouzbpmsmxzads/Build/Intermediates.noindex/GeneratedModuleMaps-iphoneos/GoogleUtilities-Network.modulemap -Xcc -fmodule-map-file\=/Users/Veer/Library/Developer/Xcode/DerivedData/HearifyV1-ftljoypfezvlxcgouzbpmsmxzads/Build/Intermediates.noindex/GeneratedModuleMaps-iphoneos/GoogleUtilities-Reachability.modulemap -Xcc -fmodule-map-file\=/Users/Veer/Library/Developer/Xcode/DerivedData/HearifyV1-ftljoypfezvlxcgouzbpmsmxzads/Build/Intermediates.noindex/GeneratedModuleMaps-iphoneos/GoogleUtilities-NSData.modulemap -Xcc -fmodule-map-file\=/Users/Veer/Library/Developer/Xcode/DerivedData/HearifyV1-ftljoypfezvlxcgouzbpmsmxzads/Build/Intermediates.noindex/GeneratedModuleMaps-iphoneos/GoogleUtilities-Logger.modulemap -Xcc -fmodule-map-file\=/Users/Veer/Library/Developer/Xcode/DerivedData/HearifyV1-ftljoypfezvlxcgouzbpmsmxzads/Build/Intermediates.noindex/GeneratedModuleMaps-iphoneos/GoogleUtilities-Environment.modulemap -Xcc -fmodule-map-file\=/Users/Veer/Library/Developer/Xcode/DerivedData/HearifyV1-ftljoypfezvlxcgouzbpmsmxzads/Build/Intermediates.noindex/GeneratedModuleMaps-iphoneos/third-party-IsAppEncrypted.modulemap -Xcc -fmodule-map-file\=/Users/Veer/Library/Developer/Xcode/DerivedData/HearifyV1-ftljoypfezvlxcgouzbpmsmxzads/Build/Intermediates.noindex/GeneratedModuleMaps-iphoneos/GoogleUtilities-AppDelegateSwizzler.modulemap -Xcc -fmodule-map-file\=/Users/Veer/Library/Developer/Xcode/DerivedData/HearifyV1-ftljoypfezvlxcgouzbpmsmxzads/Build/Intermediates.noindex/GeneratedModuleMaps-iphoneos/GTMSessionFetcherCore.modulemap -Xcc -fmodule-map-file\=/Users/Veer/Library/Developer/Xcode/DerivedData/HearifyV1-ftljoypfezvlxcgouzbpmsmxzads/Build/Intermediates.noindex/GeneratedModuleMaps-iphoneos/FirebaseCoreExtension.modulemap -Xcc -fmodule-map-file\=/Users/Veer/Library/Developer/Xcode/DerivedData/HearifyV1-ftljoypfezvlxcgouzbpmsmxzads/Build/Intermediates.noindex/GeneratedModuleMaps-iphoneos/FirebaseCore.modulemap -Xcc -fmodule-map-file\=/Users/Veer/Library/Developer/Xcode/DerivedData/HearifyV1-ftljoypfezvlxcgouzbpmsmxzads/Build/Intermediates.noindex/GeneratedModuleMaps-iphoneos/FirebaseAuthInternal.modulemap -Xcc -fmodule-map-file\=/Users/Veer/Library/Developer/Xcode/DerivedData/HearifyV1-ftljoypfezvlxcgouzbpmsmxzads/Build/Intermediates.noindex/GeneratedModuleMaps-iphoneos/FirebaseAuthInterop.modulemap -Xcc -fmodule-map-file\=/Users/Veer/Library/Developer/Xcode/DerivedData/HearifyV1-ftljoypfezvlxcgouzbpmsmxzads/Build/Intermediates.noindex/GeneratedModuleMaps-iphoneos/FirebaseAppCheckInterop.modulemap -DXcode -plugin-path /Applications/Xcode.app/Contents/Developer/Toolchains/XcodeDefault.xctoolchain/usr/lib/swift/host/plugins/testing -enable-experimental-feature DebugDescriptionMacro -sdk /Applications/Xcode.app/Contents/Developer/Platforms/iPhoneOS.platform/Developer/SDKs/iPhoneOS26.2.sdk -target arm64-apple-ios15.0 -g -module-cache-path /Users/Veer/Library/Developer/Xcode/DerivedData/ModuleCache.noindex -Xfrontend -serialize-debugging-options -profile-coverage-mapping -profile-generate -enable-testing -suppress-warnings -index-store-path /Users/Veer/Library/Developer/Xcode/DerivedData/HearifyV1-ftljoypfezvlxcgouzbpmsmxzads/Index.noindex/DataStore -Xcc -D_LIBCPP_HARDENING_MODE\=_LIBCPP_HARDENING_MODE_DEBUG -swift-version 5 -I /Users/Veer/Library/Developer/Xcode/DerivedData/HearifyV1-ftljoypfezvlxcgouzbpmsmxzads/Build/Products/Debug-iphoneos -Isystem /Applications/Xcode.app/Contents/Developer/Platforms/iPhoneOS.platform/Developer/usr/lib -F /Users/Veer/Library/Developer/Xcode/DerivedData/HearifyV1-ftljoypfezvlxcgouzbpmsmxzads/Build/Products/Debug-iphoneos/PackageFrameworks -F /Users/Veer/Library/Developer/Xcode/DerivedData/HearifyV1-ftljoypfezvlxcgouzbpmsmxzads/Build/Products/Debug-iphoneos/PackageFrameworks -F /Users/Veer/Library/Developer/Xcode/DerivedData/HearifyV1-ftljoypfezvlxcgouzbpmsmxzads/Build/Products/Debug-iphoneos/PackageFrameworks -F /Users/Veer/Library/Developer/Xcode/DerivedData/HearifyV1-ftljoypfezvlxcgouzbpmsmxzads/Build/Products/Debug-iphoneos/PackageFrameworks -F /Users/Veer/Library/Developer/Xcode/DerivedData/HearifyV1-ftljoypfezvlxcgouzbpmsmxzads/Build/Products/Debug-iphoneos/PackageFrameworks -F /Users/Veer/Library/Developer/Xcode/DerivedData/HearifyV1-ftljoypfezvlxcgouzbpmsmxzads/Build/Products/Debug-iphoneos/PackageFrameworks -F /Users/Veer/Library/Developer/Xcode/DerivedData/HearifyV1-ftljoypfezvlxcgouzbpmsmxzads/Build/Products/Debug-iphoneos/PackageFrameworks -F /Users/Veer/Library/Developer/Xcode/DerivedData/HearifyV1-ftljoypfezvlxcgouzbpmsmxzads/Build/Products/Debug-iphoneos/PackageFrameworks -F /Users/Veer/Library/Developer/Xcode/DerivedData/HearifyV1-ftljoypfezvlxcgouzbpmsmxzads/Build/Products/Debug-iphoneos/PackageFrameworks -F /Users/Veer/Library/Developer/Xcode/DerivedData/HearifyV1-ftljoypfezvlxcgouzbpmsmxzads/Build/Products/Debug-iphoneos/PackageFrameworks -F /Users/Veer/Library/Developer/Xcode/DerivedData/HearifyV1-ftljoypfezvlxcgouzbpmsmxzads/Build/Products/Debug-iphoneos/PackageFrameworks -F /Users/Veer/Library/Developer/Xcode/DerivedData/HearifyV1-ftljoypfezvlxcgouzbpmsmxzads/Build/Products/Debug-iphoneos/PackageFrameworks -F /Users/Veer/Library/Developer/Xcode/DerivedData/HearifyV1-ftljoypfezvlxcgouzbpmsmxzads/Build/Products/Debug-iphoneos/PackageFrameworks -F /Users/Veer/Library/Developer/Xcode/DerivedData/HearifyV1-ftljoypfezvlxcgouzbpmsmxzads/Build/Products/Debug-iphoneos/PackageFrameworks -F /Users/Veer/Library/Developer/Xcode/DerivedData/HearifyV1-ftljoypfezvlxcgouzbpmsmxzads/Build/Products/Debug-iphoneos/PackageFrameworks -F /Users/Veer/Library/Developer/Xcode/DerivedData/HearifyV1-ftljoypfezvlxcgouzbpmsmxzads/Build/Products/Debug-iphoneos/PackageFrameworks -F /Users/Veer/Library/Developer/Xcode/DerivedData/HearifyV1-ftljoypfezvlxcgouzbpmsmxzads/Build/Products/Debug-iphoneos -F /Applications/Xcode.app/Contents/Developer/Platforms/iPhoneOS.platform/Developer/Library/Frameworks -F /Applications/Xcode.app/Contents/Developer/Platforms/iPhoneOS.platform/Developer/SDKs/iPhoneOS26.2.sdk/Developer/Library/Frameworks -c -j10 -enable-batch-mode -incremental -Xcc -ivfsstatcache -Xcc /Users/Veer/Library/Developer/Xcode/DerivedData/SDKStatCaches.noindex/iphoneos26.2-23C53-3794476bd08197c3e2abd9bb477ef7f7.sdkstatcache -output-file-map /Users/Veer/Library/Developer/Xcode/DerivedData/HearifyV1-ftljoypfezvlxcgouzbpmsmxzads/Build/Intermediates.noindex/Firebase.build/Debug-iphoneos/FirebaseAuth.build/Objects-normal/arm64/FirebaseAuth-OutputFileMap.json -use-frontend-parseable-output -save-temps -no-color-diagnostics -explicit-module-build -module-cache-path /Users/Veer/Library/Developer/Xcode/DerivedData/HearifyV1-ftljoypfezvlxcgouzbpmsmxzads/Build/Intermediates.noindex/SwiftExplicitPrecompiledModules -clang-scanner-module-cache-path /Users/Veer/Library/Developer/Xcode/DerivedData/ModuleCache.noindex -sdk-module-cache-path /Users/Veer/Library/Developer/Xcode/DerivedData/ModuleCache.noindex -serialize-diagnostics -emit-dependencies -emit-module -emit-module-path /Users/Veer/Library/Developer/Xcode/DerivedData/HearifyV1-ftljoypfezvlxcgouzbpmsmxzads/Build/Intermediates.noindex/Firebase.build/Debug-iphoneos/FirebaseAuth.build/Objects-normal/arm64/FirebaseAuth.swiftmodule -user-module-version 12.8.0 -validate-clang-modules-once -clang-build-session-file /Users/Veer/Library/Developer/Xcode/DerivedData/ModuleCache.noindex/Session.modulevalidation -package-name firebase_ios_sdk -Xcc -I/Users/Veer/Library/Developer/Xcode/DerivedData/HearifyV1-ftljoypfezvlxcgouzbpmsmxzads/Build/Intermediates.noindex/Firebase.build/Debug-iphoneos/FirebaseAuth.build/swift-overrides.hmap -emit-const-values -Xfrontend -const-gather-protocols-file -Xfrontend /Users/Veer/Library/Developer/Xcode/DerivedData/HearifyV1-ftljoypfezvlxcgouzbpmsmxzads/Build/Intermediates.noindex/Firebase.build/Debug-iphoneos/FirebaseAuth.build/Objects-normal/arm64/FirebaseAuth_const_extract_protocols.json -Xcc -I/Users/Veer/Library/Developer/Xcode/DerivedData/HearifyV1-ftljoypfezvlxcgouzbpmsmxzads/SourcePackages/checkouts/interop-ios-for-google-sdks/RecaptchaEnterprise/RecaptchaInterop/Public -Xcc -I/Users/Veer/Library/Developer/Xcode/DerivedData/HearifyV1-ftljoypfezvlxcgouzbpmsmxzads/SourcePackages/checkouts/GoogleUtilities/GoogleUtilities/Network/Public -Xcc -I/Users/Veer/Library/Developer/Xcode/DerivedData/HearifyV1-ftljoypfezvlxcgouzbpmsmxzads/SourcePackages/checkouts/GoogleUtilities/GoogleUtilities/Reachability/Public -Xcc -I/Users/Veer/Library/Developer/Xcode/DerivedData/HearifyV1-ftljoypfezvlxcgouzbpmsmxzads/SourcePackages/checkouts/GoogleUtilities/GoogleUtilities/NSData+zlib/Public -Xcc -I/Users/Veer/Library/Developer/Xcode/DerivedData/HearifyV1-ftljoypfezvlxcgouzbpmsmxzads/SourcePackages/checkouts/GoogleUtilities/GoogleUtilities/Logger/Public -Xcc -I/Users/Veer/Library/Developer/Xcode/DerivedData/HearifyV1-ftljoypfezvlxcgouzbpmsmxzads/SourcePackages/checkouts/GoogleUtilities/GoogleUtilities/Environment/Public -Xcc -I/Users/Veer/Library/Developer/Xcode/DerivedData/HearifyV1-ftljoypfezvlxcgouzbpmsmxzads/SourcePackages/checkouts/GoogleUtilities/third_party/IsAppEncrypted/Public -Xcc -I/Users/Veer/Library/Developer/Xcode/DerivedData/HearifyV1-ftljoypfezvlxcgouzbpmsmxzads/SourcePackages/checkouts/GoogleUtilities/GoogleUtilities/AppDelegateSwizzler/Public -Xcc -I/Users/Veer/Library/Developer/Xcode/DerivedData/HearifyV1-ftljoypfezvlxcgouzbpmsmxzads/SourcePackages/checkouts/gtm-session-fetcher/Sources/Core/Public -Xcc -I/Users/Veer/Library/Developer/Xcode/DerivedData/HearifyV1-ftljoypfezvlxcgouzbpmsmxzads/SourcePackages/checkouts/firebase-ios-sdk/FirebaseCore/Extension -Xcc -I/Users/Veer/Library/Developer/Xcode/DerivedData/HearifyV1-ftljoypfezvlxcgouzbpmsmxzads/SourcePackages/checkouts/firebase-ios-sdk/FirebaseCore/Sources/Public -Xcc -I/Users/Veer/Library/Developer/Xcode/DerivedData/HearifyV1-ftljoypfezvlxcgouzbpmsmxzads/SourcePackages/checkouts/firebase-ios-sdk/CoreOnly/Sources -Xcc -I/Users/Veer/Library/Developer/Xcode/DerivedData/HearifyV1-ftljoypfezvlxcgouzbpmsmxzads/SourcePackages/checkouts/firebase-ios-sdk/FirebaseAuth/Sources/Public -Xcc -I/Users/Veer/Library/Developer/Xcode/DerivedData/HearifyV1-ftljoypfezvlxcgouzbpmsmxzads/SourcePackages/checkouts/firebase-ios-sdk/FirebaseAuth/Interop/Public -Xcc -I/Users/Veer/Library/Developer/Xcode/DerivedData/HearifyV1-ftljoypfezvlxcgouzbpmsmxzads/SourcePackages/checkouts/firebase-ios-sdk/FirebaseAppCheck/Interop/Public -Xcc -I/Users/Veer/Library/Developer/Xcode/DerivedData/HearifyV1-ftljoypfezvlxcgouzbpmsmxzads/Build/Products/Debug-iphoneos/include -Xcc -I/Users/Veer/Library/Developer/Xcode/DerivedData/HearifyV1-ftljoypfezvlxcgouzbpmsmxzads/Build/Intermediates.noindex/Firebase.build/Debug-iphoneos/FirebaseAuth.build/DerivedSources-normal/arm64 -Xcc -I/Users/Veer/Library/Developer/Xcode/DerivedData/HearifyV1-ftljoypfezvlxcgouzbpmsmxzads/Build/Intermediates.noindex/Firebase.build/Debug-iphoneos/FirebaseAuth.build/DerivedSources/arm64 -Xcc -I/Users/Veer/Library/Developer/Xcode/DerivedData/HearifyV1-ftljoypfezvlxcgouzbpmsmxzads/Build/Intermediates.noindex/Firebase.build/Debug-iphoneos/FirebaseAuth.build/DerivedSources -Xcc -DSWIFT_PACKAGE -Xcc -DDEBUG\=1 -emit-objc-header -emit-objc-header-path /Users/Veer/Library/Developer/Xcode/DerivedData/HearifyV1-ftljoypfezvlxcgouzbpmsmxzads/Build/Intermediates.noindex/Firebase.build/Debug-iphoneos/FirebaseAuth.build/Objects-normal/arm64/FirebaseAuth-Swift.h -working-directory /Users/Veer/Library/Mobile\ Documents/com\~apple\~CloudDocs/HearifyV1/HearifyV1.xcodeproj -experimental-emit-module-separately -disable-cmo

SwiftDriverJobDiscovery normal arm64 Compiling Ordering.swift, Pipeline.swift, PipelineResult.swift, PipelineSource.swift, RealtimePipeline.swift, RealtimePipelineSource.swift (in target 'FirebaseFirestore' from project 'Firebase')

SwiftCompile normal arm64 Compiling\ VerifyCustomTokenRequest.swift,\ VerifyCustomTokenResponse.swift,\ VerifyPasswordRequest.swift,\ VerifyPasswordResponse.swift,\ VerifyPhoneNumberRequest.swift,\ VerifyPhoneNumberResponse.swift,\ VerifyClientRequest.swift,\ VerifyClientResponse.swift,\ Base64URLEncodedStringExtension.swift,\ MultiFactor.swift,\ MultiFactorAssertion.swift,\ MultiFactorInfo.swift,\ MultiFactorResolver.swift,\ MultiFactorSession.swift /Users/Veer/Library/Developer/Xcode/DerivedData/HearifyV1-ftljoypfezvlxcgouzbpmsmxzads/SourcePackages/checkouts/firebase-ios-sdk/FirebaseAuth/Sources/Swift/Backend/RPC/VerifyCustomTokenRequest.swift /Users/Veer/Library/Developer/Xcode/DerivedData/HearifyV1-ftljoypfezvlxcgouzbpmsmxzads/SourcePackages/checkouts/firebase-ios-sdk/FirebaseAuth/Sources/Swift/Backend/RPC/VerifyCustomTokenResponse.swift /Users/Veer/Library/Developer/Xcode/DerivedData/HearifyV1-ftljoypfezvlxcgouzbpmsmxzads/SourcePackages/checkouts/firebase-ios-sdk/FirebaseAuth/Sources/Swift/Backend/RPC/VerifyPasswordRequest.swift /Users/Veer/Library/Developer/Xcode/DerivedData/HearifyV1-ftljoypfezvlxcgouzbpmsmxzads/SourcePackages/checkouts/firebase-ios-sdk/FirebaseAuth/Sources/Swift/Backend/RPC/VerifyPasswordResponse.swift /Users/Veer/Library/Developer/Xcode/DerivedData/HearifyV1-ftljoypfezvlxcgouzbpmsmxzads/SourcePackages/checkouts/firebase-ios-sdk/FirebaseAuth/Sources/Swift/Backend/RPC/VerifyPhoneNumberRequest.swift /Users/Veer/Library/Developer/Xcode/DerivedData/HearifyV1-ftljoypfezvlxcgouzbpmsmxzads/SourcePackages/checkouts/firebase-ios-sdk/FirebaseAuth/Sources/Swift/Backend/RPC/VerifyPhoneNumberResponse.swift /Users/Veer/Library/Developer/Xcode/DerivedData/HearifyV1-ftljoypfezvlxcgouzbpmsmxzads/SourcePackages/checkouts/firebase-ios-sdk/FirebaseAuth/Sources/Swift/Backend/VerifyClientRequest.swift /Users/Veer/Library/Developer/Xcode/DerivedData/HearifyV1-ftljoypfezvlxcgouzbpmsmxzads/SourcePackages/checkouts/firebase-ios-sdk/FirebaseAuth/Sources/Swift/Backend/VerifyClientResponse.swift /Users/Veer/Library/Developer/Xcode/DerivedData/HearifyV1-ftljoypfezvlxcgouzbpmsmxzads/SourcePackages/checkouts/firebase-ios-sdk/FirebaseAuth/Sources/Swift/Base64URLEncodedStringExtension.swift /Users/Veer/Library/Developer/Xcode/DerivedData/HearifyV1-ftljoypfezvlxcgouzbpmsmxzads/SourcePackages/checkouts/firebase-ios-sdk/FirebaseAuth/Sources/Swift/MultiFactor/MultiFactor.swift /Users/Veer/Library/Developer/Xcode/DerivedData/HearifyV1-ftljoypfezvlxcgouzbpmsmxzads/SourcePackages/checkouts/firebase-ios-sdk/FirebaseAuth/Sources/Swift/MultiFactor/MultiFactorAssertion.swift /Users/Veer/Library/Developer/Xcode/DerivedData/HearifyV1-ftljoypfezvlxcgouzbpmsmxzads/SourcePackages/checkouts/firebase-ios-sdk/FirebaseAuth/Sources/Swift/MultiFactor/MultiFactorInfo.swift /Users/Veer/Library/Developer/Xcode/DerivedData/HearifyV1-ftljoypfezvlxcgouzbpmsmxzads/SourcePackages/checkouts/firebase-ios-sdk/FirebaseAuth/Sources/Swift/MultiFactor/MultiFactorResolver.swift /Users/Veer/Library/Developer/Xcode/DerivedData/HearifyV1-ftljoypfezvlxcgouzbpmsmxzads/SourcePackages/checkouts/firebase-ios-sdk/FirebaseAuth/Sources/Swift/MultiFactor/MultiFactorSession.swift (in target 'FirebaseAuth' from project 'Firebase')

SwiftCompile normal arm64 /Users/Veer/Library/Developer/Xcode/DerivedData/HearifyV1-ftljoypfezvlxcgouzbpmsmxzads/SourcePackages/checkouts/firebase-ios-sdk/FirebaseAuth/Sources/Swift/Backend/RPC/VerifyCustomTokenRequest.swift (in target 'FirebaseAuth' from project 'Firebase')
    cd /Users/Veer/Library/Mobile\ Documents/com\~apple\~CloudDocs/HearifyV1/HearifyV1.xcodeproj
    

SwiftCompile normal arm64 /Users/Veer/Library/Developer/Xcode/DerivedData/HearifyV1-ftljoypfezvlxcgouzbpmsmxzads/SourcePackages/checkouts/firebase-ios-sdk/FirebaseAuth/Sources/Swift/Backend/RPC/VerifyCustomTokenResponse.swift (in target 'FirebaseAuth' from project 'Firebase')
    cd /Users/Veer/Library/Mobile\ Documents/com\~apple\~CloudDocs/HearifyV1/HearifyV1.xcodeproj
    

SwiftCompile normal arm64 /Users/Veer/Library/Developer/Xcode/DerivedData/HearifyV1-ftljoypfezvlxcgouzbpmsmxzads/SourcePackages/checkouts/firebase-ios-sdk/FirebaseAuth/Sources/Swift/Backend/RPC/VerifyPasswordRequest.swift (in target 'FirebaseAuth' from project 'Firebase')
    cd /Users/Veer/Library/Mobile\ Documents/com\~apple\~CloudDocs/HearifyV1/HearifyV1.xcodeproj
    

SwiftCompile normal arm64 /Users/Veer/Library/Developer/Xcode/DerivedData/HearifyV1-ftljoypfezvlxcgouzbpmsmxzads/SourcePackages/checkouts/firebase-ios-sdk/FirebaseAuth/Sources/Swift/Backend/RPC/VerifyPasswordResponse.swift (in target 'FirebaseAuth' from project 'Firebase')
    cd /Users/Veer/Library/Mobile\ Documents/com\~apple\~CloudDocs/HearifyV1/HearifyV1.xcodeproj
    

SwiftCompile normal arm64 /Users/Veer/Library/Developer/Xcode/DerivedData/HearifyV1-ftljoypfezvlxcgouzbpmsmxzads/SourcePackages/checkouts/firebase-ios-sdk/FirebaseAuth/Sources/Swift/Backend/RPC/VerifyPhoneNumberRequest.swift (in target 'FirebaseAuth' from project 'Firebase')
    cd /Users/Veer/Library/Mobile\ Documents/com\~apple\~CloudDocs/HearifyV1/HearifyV1.xcodeproj
    

SwiftCompile normal arm64 /Users/Veer/Library/Developer/Xcode/DerivedData/HearifyV1-ftljoypfezvlxcgouzbpmsmxzads/SourcePackages/checkouts/firebase-ios-sdk/FirebaseAuth/Sources/Swift/Backend/RPC/VerifyPhoneNumberResponse.swift (in target 'FirebaseAuth' from project 'Firebase')
    cd /Users/Veer/Library/Mobile\ Documents/com\~apple\~CloudDocs/HearifyV1/HearifyV1.xcodeproj
    

SwiftCompile normal arm64 /Users/Veer/Library/Developer/Xcode/DerivedData/HearifyV1-ftljoypfezvlxcgouzbpmsmxzads/SourcePackages/checkouts/firebase-ios-sdk/FirebaseAuth/Sources/Swift/Backend/VerifyClientRequest.swift (in target 'FirebaseAuth' from project 'Firebase')
    cd /Users/Veer/Library/Mobile\ Documents/com\~apple\~CloudDocs/HearifyV1/HearifyV1.xcodeproj
    

SwiftCompile normal arm64 /Users/Veer/Library/Developer/Xcode/DerivedData/HearifyV1-ftljoypfezvlxcgouzbpmsmxzads/SourcePackages/checkouts/firebase-ios-sdk/FirebaseAuth/Sources/Swift/Backend/VerifyClientResponse.swift (in target 'FirebaseAuth' from project 'Firebase')
    cd /Users/Veer/Library/Mobile\ Documents/com\~apple\~CloudDocs/HearifyV1/HearifyV1.xcodeproj
    

SwiftCompile normal arm64 /Users/Veer/Library/Developer/Xcode/DerivedData/HearifyV1-ftljoypfezvlxcgouzbpmsmxzads/SourcePackages/checkouts/firebase-ios-sdk/FirebaseAuth/Sources/Swift/Base64URLEncodedStringExtension.swift (in target 'FirebaseAuth' from project 'Firebase')
    cd /Users/Veer/Library/Mobile\ Documents/com\~apple\~CloudDocs/HearifyV1/HearifyV1.xcodeproj
    

SwiftCompile normal arm64 /Users/Veer/Library/Developer/Xcode/DerivedData/HearifyV1-ftljoypfezvlxcgouzbpmsmxzads/SourcePackages/checkouts/firebase-ios-sdk/FirebaseAuth/Sources/Swift/MultiFactor/MultiFactor.swift (in target 'FirebaseAuth' from project 'Firebase')
    cd /Users/Veer/Library/Mobile\ Documents/com\~apple\~CloudDocs/HearifyV1/HearifyV1.xcodeproj
    

SwiftCompile normal arm64 /Users/Veer/Library/Developer/Xcode/DerivedData/HearifyV1-ftljoypfezvlxcgouzbpmsmxzads/SourcePackages/checkouts/firebase-ios-sdk/FirebaseAuth/Sources/Swift/MultiFactor/MultiFactorAssertion.swift (in target 'FirebaseAuth' from project 'Firebase')
    cd /Users/Veer/Library/Mobile\ Documents/com\~apple\~CloudDocs/HearifyV1/HearifyV1.xcodeproj
    

SwiftCompile normal arm64 /Users/Veer/Library/Developer/Xcode/DerivedData/HearifyV1-ftljoypfezvlxcgouzbpmsmxzads/SourcePackages/checkouts/firebase-ios-sdk/FirebaseAuth/Sources/Swift/MultiFactor/MultiFactorInfo.swift (in target 'FirebaseAuth' from project 'Firebase')
    cd /Users/Veer/Library/Mobile\ Documents/com\~apple\~CloudDocs/HearifyV1/HearifyV1.xcodeproj
    

SwiftCompile normal arm64 /Users/Veer/Library/Developer/Xcode/DerivedData/HearifyV1-ftljoypfezvlxcgouzbpmsmxzads/SourcePackages/checkouts/firebase-ios-sdk/FirebaseAuth/Sources/Swift/MultiFactor/MultiFactorResolver.swift (in target 'FirebaseAuth' from project 'Firebase')
    cd /Users/Veer/Library/Mobile\ Documents/com\~apple\~CloudDocs/HearifyV1/HearifyV1.xcodeproj
    

SwiftCompile normal arm64 /Users/Veer/Library/Developer/Xcode/DerivedData/HearifyV1-ftljoypfezvlxcgouzbpmsmxzads/SourcePackages/checkouts/firebase-ios-sdk/FirebaseAuth/Sources/Swift/MultiFactor/MultiFactorSession.swift (in target 'FirebaseAuth' from project 'Firebase')
    cd /Users/Veer/Library/Mobile\ Documents/com\~apple\~CloudDocs/HearifyV1/HearifyV1.xcodeproj
    

SwiftMergeGeneratedHeaders /Users/Veer/Library/Developer/Xcode/DerivedData/HearifyV1-ftljoypfezvlxcgouzbpmsmxzads/Build/Intermediates.noindex/GeneratedModuleMaps-iphoneos/FirebaseAuth-Swift.h /Users/Veer/Library/Developer/Xcode/DerivedData/HearifyV1-ftljoypfezvlxcgouzbpmsmxzads/Build/Intermediates.noindex/Firebase.build/Debug-iphoneos/FirebaseAuth.build/Objects-normal/arm64/FirebaseAuth-Swift.h (in target 'FirebaseAuth' from project 'Firebase')
    cd /Users/Veer/Library/Developer/Xcode/DerivedData/HearifyV1-ftljoypfezvlxcgouzbpmsmxzads/SourcePackages/checkouts/firebase-ios-sdk
    builtin-swiftHeaderTool -arch arm64 /Users/Veer/Library/Developer/Xcode/DerivedData/HearifyV1-ftljoypfezvlxcgouzbpmsmxzads/Build/Intermediates.noindex/Firebase.build/Debug-iphoneos/FirebaseAuth.build/Objects-normal/arm64/FirebaseAuth-Swift.h -o /Users/Veer/Library/Developer/Xcode/DerivedData/HearifyV1-ftljoypfezvlxcgouzbpmsmxzads/Build/Intermediates.noindex/GeneratedModuleMaps-iphoneos/FirebaseAuth-Swift.h

SwiftDriverJobDiscovery normal arm64 Compiling GetOOBConfirmationCodeResponse.swift, GetProjectConfigRequest.swift, GetProjectConfigResponse.swift, GetRecaptchaConfigRequest.swift, GetRecaptchaConfigResponse.swift, FinalizeMFAEnrollmentRequest.swift, FinalizeMFAEnrollmentResponse.swift, StartMFAEnrollmentRequest.swift, StartMFAEnrollmentResponse.swift, FinalizeMFASignInRequest.swift, FinalizeMFASignInResponse.swift, StartMFASignInRequest.swift, StartMFASignInResponse.swift, WithdrawMFARequest.swift (in target 'FirebaseAuth' from project 'Firebase')

Copy /Users/Veer/Library/Developer/Xcode/DerivedData/HearifyV1-ftljoypfezvlxcgouzbpmsmxzads/Build/Products/Debug-iphoneos/FirebaseAuth.swiftmodule/arm64-apple-ios.swiftmodule /Users/Veer/Library/Developer/Xcode/DerivedData/HearifyV1-ftljoypfezvlxcgouzbpmsmxzads/Build/Intermediates.noindex/Firebase.build/Debug-iphoneos/FirebaseAuth.build/Objects-normal/arm64/FirebaseAuth.swiftmodule (in target 'FirebaseAuth' from project 'Firebase')
    cd /Users/Veer/Library/Developer/Xcode/DerivedData/HearifyV1-ftljoypfezvlxcgouzbpmsmxzads/SourcePackages/checkouts/firebase-ios-sdk
    builtin-copy -exclude .DS_Store -exclude CVS -exclude .svn -exclude .git -exclude .hg -resolve-src-symlinks -rename /Users/Veer/Library/Developer/Xcode/DerivedData/HearifyV1-ftljoypfezvlxcgouzbpmsmxzads/Build/Intermediates.noindex/Firebase.build/Debug-iphoneos/FirebaseAuth.build/Objects-normal/arm64/FirebaseAuth.swiftmodule /Users/Veer/Library/Developer/Xcode/DerivedData/HearifyV1-ftljoypfezvlxcgouzbpmsmxzads/Build/Products/Debug-iphoneos/FirebaseAuth.swiftmodule/arm64-apple-ios.swiftmodule

Copy /Users/Veer/Library/Developer/Xcode/DerivedData/HearifyV1-ftljoypfezvlxcgouzbpmsmxzads/Build/Products/Debug-iphoneos/FirebaseAuth.swiftmodule/arm64-apple-ios.swiftdoc /Users/Veer/Library/Developer/Xcode/DerivedData/HearifyV1-ftljoypfezvlxcgouzbpmsmxzads/Build/Intermediates.noindex/Firebase.build/Debug-iphoneos/FirebaseAuth.build/Objects-normal/arm64/FirebaseAuth.swiftdoc (in target 'FirebaseAuth' from project 'Firebase')
    cd /Users/Veer/Library/Developer/Xcode/DerivedData/HearifyV1-ftljoypfezvlxcgouzbpmsmxzads/SourcePackages/checkouts/firebase-ios-sdk
    builtin-copy -exclude .DS_Store -exclude CVS -exclude .svn -exclude .git -exclude .hg -resolve-src-symlinks -rename /Users/Veer/Library/Developer/Xcode/DerivedData/HearifyV1-ftljoypfezvlxcgouzbpmsmxzads/Build/Intermediates.noindex/Firebase.build/Debug-iphoneos/FirebaseAuth.build/Objects-normal/arm64/FirebaseAuth.swiftdoc /Users/Veer/Library/Developer/Xcode/DerivedData/HearifyV1-ftljoypfezvlxcgouzbpmsmxzads/Build/Products/Debug-iphoneos/FirebaseAuth.swiftmodule/arm64-apple-ios.swiftdoc

Copy /Users/Veer/Library/Developer/Xcode/DerivedData/HearifyV1-ftljoypfezvlxcgouzbpmsmxzads/Build/Products/Debug-iphoneos/FirebaseAuth.swiftmodule/arm64-apple-ios.abi.json /Users/Veer/Library/Developer/Xcode/DerivedData/HearifyV1-ftljoypfezvlxcgouzbpmsmxzads/Build/Intermediates.noindex/Firebase.build/Debug-iphoneos/FirebaseAuth.build/Objects-normal/arm64/FirebaseAuth.abi.json (in target 'FirebaseAuth' from project 'Firebase')
    cd /Users/Veer/Library/Developer/Xcode/DerivedData/HearifyV1-ftljoypfezvlxcgouzbpmsmxzads/SourcePackages/checkouts/firebase-ios-sdk
    builtin-copy -exclude .DS_Store -exclude CVS -exclude .svn -exclude .git -exclude .hg -resolve-src-symlinks -rename /Users/Veer/Library/Developer/Xcode/DerivedData/HearifyV1-ftljoypfezvlxcgouzbpmsmxzads/Build/Intermediates.noindex/Firebase.build/Debug-iphoneos/FirebaseAuth.build/Objects-normal/arm64/FirebaseAuth.abi.json /Users/Veer/Library/Developer/Xcode/DerivedData/HearifyV1-ftljoypfezvlxcgouzbpmsmxzads/Build/Products/Debug-iphoneos/FirebaseAuth.swiftmodule/arm64-apple-ios.abi.json

Copy /Users/Veer/Library/Developer/Xcode/DerivedData/HearifyV1-ftljoypfezvlxcgouzbpmsmxzads/Build/Products/Debug-iphoneos/FirebaseAuth.swiftmodule/Project/arm64-apple-ios.swiftsourceinfo /Users/Veer/Library/Developer/Xcode/DerivedData/HearifyV1-ftljoypfezvlxcgouzbpmsmxzads/Build/Intermediates.noindex/Firebase.build/Debug-iphoneos/FirebaseAuth.build/Objects-normal/arm64/FirebaseAuth.swiftsourceinfo (in target 'FirebaseAuth' from project 'Firebase')
    cd /Users/Veer/Library/Developer/Xcode/DerivedData/HearifyV1-ftljoypfezvlxcgouzbpmsmxzads/SourcePackages/checkouts/firebase-ios-sdk
    builtin-copy -exclude .DS_Store -exclude CVS -exclude .svn -exclude .git -exclude .hg -resolve-src-symlinks -rename /Users/Veer/Library/Developer/Xcode/DerivedData/HearifyV1-ftljoypfezvlxcgouzbpmsmxzads/Build/Intermediates.noindex/Firebase.build/Debug-iphoneos/FirebaseAuth.build/Objects-normal/arm64/FirebaseAuth.swiftsourceinfo /Users/Veer/Library/Developer/Xcode/DerivedData/HearifyV1-ftljoypfezvlxcgouzbpmsmxzads/Build/Products/Debug-iphoneos/FirebaseAuth.swiftmodule/Project/arm64-apple-ios.swiftsourceinfo

SwiftCompile normal arm64 Compiling\ AuthRPCRequest.swift,\ AuthRPCResponse.swift,\ AuthRequestConfiguration.swift,\ IdentityToolkitRequest.swift,\ AuthMFAResponse.swift,\ CreateAuthURIRequest.swift,\ CreateAuthURIResponse.swift,\ DeleteAccountRequest.swift,\ DeleteAccountResponse.swift,\ EmailLinkSignInRequest.swift,\ EmailLinkSignInResponse.swift,\ GetAccountInfoRequest.swift,\ GetAccountInfoResponse.swift,\ GetOOBConfirmationCodeRequest.swift /Users/Veer/Library/Developer/Xcode/DerivedData/HearifyV1-ftljoypfezvlxcgouzbpmsmxzads/SourcePackages/checkouts/firebase-ios-sdk/FirebaseAuth/Sources/Swift/Backend/AuthRPCRequest.swift /Users/Veer/Library/Developer/Xcode/DerivedData/HearifyV1-ftljoypfezvlxcgouzbpmsmxzads/SourcePackages/checkouts/firebase-ios-sdk/FirebaseAuth/Sources/Swift/Backend/AuthRPCResponse.swift /Users/Veer/Library/Developer/Xcode/DerivedData/HearifyV1-ftljoypfezvlxcgouzbpmsmxzads/SourcePackages/checkouts/firebase-ios-sdk/FirebaseAuth/Sources/Swift/Backend/AuthRequestConfiguration.swift /Users/Veer/Library/Developer/Xcode/DerivedData/HearifyV1-ftljoypfezvlxcgouzbpmsmxzads/SourcePackages/checkouts/firebase-ios-sdk/FirebaseAuth/Sources/Swift/Backend/IdentityToolkitRequest.swift /Users/Veer/Library/Developer/Xcode/DerivedData/HearifyV1-ftljoypfezvlxcgouzbpmsmxzads/SourcePackages/checkouts/firebase-ios-sdk/FirebaseAuth/Sources/Swift/Backend/RPC/AuthMFAResponse.swift /Users/Veer/Library/Developer/Xcode/DerivedData/HearifyV1-ftljoypfezvlxcgouzbpmsmxzads/SourcePackages/checkouts/firebase-ios-sdk/FirebaseAuth/Sources/Swift/Backend/RPC/CreateAuthURIRequest.swift /Users/Veer/Library/Developer/Xcode/DerivedData/HearifyV1-ftljoypfezvlxcgouzbpmsmxzads/SourcePackages/checkouts/firebase-ios-sdk/FirebaseAuth/Sources/Swift/Backend/RPC/CreateAuthURIResponse.swift /Users/Veer/Library/Developer/Xcode/DerivedData/HearifyV1-ftljoypfezvlxcgouzbpmsmxzads/SourcePackages/checkouts/firebase-ios-sdk/FirebaseAuth/Sources/Swift/Backend/RPC/DeleteAccountRequest.swift /Users/Veer/Library/Developer/Xcode/DerivedData/HearifyV1-ftljoypfezvlxcgouzbpmsmxzads/SourcePackages/checkouts/firebase-ios-sdk/FirebaseAuth/Sources/Swift/Backend/RPC/DeleteAccountResponse.swift /Users/Veer/Library/Developer/Xcode/DerivedData/HearifyV1-ftljoypfezvlxcgouzbpmsmxzads/SourcePackages/checkouts/firebase-ios-sdk/FirebaseAuth/Sources/Swift/Backend/RPC/EmailLinkSignInRequest.swift /Users/Veer/Library/Developer/Xcode/DerivedData/HearifyV1-ftljoypfezvlxcgouzbpmsmxzads/SourcePackages/checkouts/firebase-ios-sdk/FirebaseAuth/Sources/Swift/Backend/RPC/EmailLinkSignInResponse.swift /Users/Veer/Library/Developer/Xcode/DerivedData/HearifyV1-ftljoypfezvlxcgouzbpmsmxzads/SourcePackages/checkouts/firebase-ios-sdk/FirebaseAuth/Sources/Swift/Backend/RPC/GetAccountInfoRequest.swift /Users/Veer/Library/Developer/Xcode/DerivedData/HearifyV1-ftljoypfezvlxcgouzbpmsmxzads/SourcePackages/checkouts/firebase-ios-sdk/FirebaseAuth/Sources/Swift/Backend/RPC/GetAccountInfoResponse.swift /Users/Veer/Library/Developer/Xcode/DerivedData/HearifyV1-ftljoypfezvlxcgouzbpmsmxzads/SourcePackages/checkouts/firebase-ios-sdk/FirebaseAuth/Sources/Swift/Backend/RPC/GetOOBConfirmationCodeRequest.swift (in target 'FirebaseAuth' from project 'Firebase')

SwiftCompile normal arm64 /Users/Veer/Library/Developer/Xcode/DerivedData/HearifyV1-ftljoypfezvlxcgouzbpmsmxzads/SourcePackages/checkouts/firebase-ios-sdk/FirebaseAuth/Sources/Swift/Backend/AuthRPCRequest.swift (in target 'FirebaseAuth' from project 'Firebase')
    cd /Users/Veer/Library/Mobile\ Documents/com\~apple\~CloudDocs/HearifyV1/HearifyV1.xcodeproj
    

SwiftCompile normal arm64 /Users/Veer/Library/Developer/Xcode/DerivedData/HearifyV1-ftljoypfezvlxcgouzbpmsmxzads/SourcePackages/checkouts/firebase-ios-sdk/FirebaseAuth/Sources/Swift/Backend/AuthRPCResponse.swift (in target 'FirebaseAuth' from project 'Firebase')
    cd /Users/Veer/Library/Mobile\ Documents/com\~apple\~CloudDocs/HearifyV1/HearifyV1.xcodeproj
    

SwiftCompile normal arm64 /Users/Veer/Library/Developer/Xcode/DerivedData/HearifyV1-ftljoypfezvlxcgouzbpmsmxzads/SourcePackages/checkouts/firebase-ios-sdk/FirebaseAuth/Sources/Swift/Backend/AuthRequestConfiguration.swift (in target 'FirebaseAuth' from project 'Firebase')
    cd /Users/Veer/Library/Mobile\ Documents/com\~apple\~CloudDocs/HearifyV1/HearifyV1.xcodeproj
    

SwiftCompile normal arm64 /Users/Veer/Library/Developer/Xcode/DerivedData/HearifyV1-ftljoypfezvlxcgouzbpmsmxzads/SourcePackages/checkouts/firebase-ios-sdk/FirebaseAuth/Sources/Swift/Backend/IdentityToolkitRequest.swift (in target 'FirebaseAuth' from project 'Firebase')
    cd /Users/Veer/Library/Mobile\ Documents/com\~apple\~CloudDocs/HearifyV1/HearifyV1.xcodeproj
    

SwiftCompile normal arm64 /Users/Veer/Library/Developer/Xcode/DerivedData/HearifyV1-ftljoypfezvlxcgouzbpmsmxzads/SourcePackages/checkouts/firebase-ios-sdk/FirebaseAuth/Sources/Swift/Backend/RPC/AuthMFAResponse.swift (in target 'FirebaseAuth' from project 'Firebase')
    cd /Users/Veer/Library/Mobile\ Documents/com\~apple\~CloudDocs/HearifyV1/HearifyV1.xcodeproj
    

SwiftCompile normal arm64 /Users/Veer/Library/Developer/Xcode/DerivedData/HearifyV1-ftljoypfezvlxcgouzbpmsmxzads/SourcePackages/checkouts/firebase-ios-sdk/FirebaseAuth/Sources/Swift/Backend/RPC/CreateAuthURIRequest.swift (in target 'FirebaseAuth' from project 'Firebase')
    cd /Users/Veer/Library/Mobile\ Documents/com\~apple\~CloudDocs/HearifyV1/HearifyV1.xcodeproj
    

SwiftCompile normal arm64 /Users/Veer/Library/Developer/Xcode/DerivedData/HearifyV1-ftljoypfezvlxcgouzbpmsmxzads/SourcePackages/checkouts/firebase-ios-sdk/FirebaseAuth/Sources/Swift/Backend/RPC/CreateAuthURIResponse.swift (in target 'FirebaseAuth' from project 'Firebase')
    cd /Users/Veer/Library/Mobile\ Documents/com\~apple\~CloudDocs/HearifyV1/HearifyV1.xcodeproj
    

SwiftCompile normal arm64 /Users/Veer/Library/Developer/Xcode/DerivedData/HearifyV1-ftljoypfezvlxcgouzbpmsmxzads/SourcePackages/checkouts/firebase-ios-sdk/FirebaseAuth/Sources/Swift/Backend/RPC/DeleteAccountRequest.swift (in target 'FirebaseAuth' from project 'Firebase')
    cd /Users/Veer/Library/Mobile\ Documents/com\~apple\~CloudDocs/HearifyV1/HearifyV1.xcodeproj
    

SwiftCompile normal arm64 /Users/Veer/Library/Developer/Xcode/DerivedData/HearifyV1-ftljoypfezvlxcgouzbpmsmxzads/SourcePackages/checkouts/firebase-ios-sdk/FirebaseAuth/Sources/Swift/Backend/RPC/DeleteAccountResponse.swift (in target 'FirebaseAuth' from project 'Firebase')
    cd /Users/Veer/Library/Mobile\ Documents/com\~apple\~CloudDocs/HearifyV1/HearifyV1.xcodeproj
    

SwiftCompile normal arm64 /Users/Veer/Library/Developer/Xcode/DerivedData/HearifyV1-ftljoypfezvlxcgouzbpmsmxzads/SourcePackages/checkouts/firebase-ios-sdk/FirebaseAuth/Sources/Swift/Backend/RPC/EmailLinkSignInRequest.swift (in target 'FirebaseAuth' from project 'Firebase')
    cd /Users/Veer/Library/Mobile\ Documents/com\~apple\~CloudDocs/HearifyV1/HearifyV1.xcodeproj
    

SwiftCompile normal arm64 /Users/Veer/Library/Developer/Xcode/DerivedData/HearifyV1-ftljoypfezvlxcgouzbpmsmxzads/SourcePackages/checkouts/firebase-ios-sdk/FirebaseAuth/Sources/Swift/Backend/RPC/EmailLinkSignInResponse.swift (in target 'FirebaseAuth' from project 'Firebase')
    cd /Users/Veer/Library/Mobile\ Documents/com\~apple\~CloudDocs/HearifyV1/HearifyV1.xcodeproj
    

SwiftCompile normal arm64 /Users/Veer/Library/Developer/Xcode/DerivedData/HearifyV1-ftljoypfezvlxcgouzbpmsmxzads/SourcePackages/checkouts/firebase-ios-sdk/FirebaseAuth/Sources/Swift/Backend/RPC/GetAccountInfoRequest.swift (in target 'FirebaseAuth' from project 'Firebase')
    cd /Users/Veer/Library/Mobile\ Documents/com\~apple\~CloudDocs/HearifyV1/HearifyV1.xcodeproj
    

SwiftCompile normal arm64 /Users/Veer/Library/Developer/Xcode/DerivedData/HearifyV1-ftljoypfezvlxcgouzbpmsmxzads/SourcePackages/checkouts/firebase-ios-sdk/FirebaseAuth/Sources/Swift/Backend/RPC/GetAccountInfoResponse.swift (in target 'FirebaseAuth' from project 'Firebase')
    cd /Users/Veer/Library/Mobile\ Documents/com\~apple\~CloudDocs/HearifyV1/HearifyV1.xcodeproj
    

SwiftCompile normal arm64 /Users/Veer/Library/Developer/Xcode/DerivedData/HearifyV1-ftljoypfezvlxcgouzbpmsmxzads/SourcePackages/checkouts/firebase-ios-sdk/FirebaseAuth/Sources/Swift/Backend/RPC/GetOOBConfirmationCodeRequest.swift (in target 'FirebaseAuth' from project 'Firebase')
    cd /Users/Veer/Library/Mobile\ Documents/com\~apple\~CloudDocs/HearifyV1/HearifyV1.xcodeproj
    

SwiftDriverJobDiscovery normal arm64 Compiling WithdrawMFAResponse.swift, AuthProto.swift, AuthProtoMFAEnrollment.swift, AuthProtoFinalizeMFAPhoneRequestInfo.swift, AuthProtoFinalizeMFAPhoneResponseInfo.swift, AuthProtoStartMFAPhoneRequestInfo.swift, AuthProtoStartMFAPhoneResponseInfo.swift, AuthProtoFinalizeMFATOTPEnrollmentRequestInfo.swift, AuthProtoFinalizeMFATOTPEnrollmentResponseInfo.swift, AuthProtoFinalizeMFATOTPSignInRequestInfo.swift, AuthProtoStartMFATOTPEnrollmentRequestInfo.swift, AuthProtoStartMFATOTPEnrollmentResponseInfo.swift, ResetPasswordRequest.swift, ResetPasswordResponse.swift (in target 'FirebaseAuth' from project 'Firebase')

ProcessProductPackaging /Users/Veer/Library/Mobile\ Documents/com~apple~CloudDocs/HearifyV1/HearifyV1/HearifyV1.entitlements /Users/Veer/Library/Developer/Xcode/DerivedData/HearifyV1-ftljoypfezvlxcgouzbpmsmxzads/Build/Intermediates.noindex/HearifyV1.build/Debug-iphoneos/HearifyV1.build/HearifyV1.app.xcent (in target 'HearifyV1' from project 'HearifyV1')
    cd /Users/Veer/Library/Mobile\ Documents/com\~apple\~CloudDocs/HearifyV1
    
    Entitlements:
    
    {
    "application-identifier" = "H79TUQ5672.VeerChopra.HearifyV1";
    "com.apple.developer.icloud-container-environment" = Production;
    "com.apple.developer.icloud-container-identifiers" =     (
        "iCloud.VeerChopra.HearifyV1"
    );
    "com.apple.developer.icloud-services" =     (
        CloudKit
    );
    "com.apple.developer.team-identifier" = H79TUQ5672;
    "com.apple.developer.ubiquity-container-identifiers" =     (
        "iCloud.VeerChopra.HearifyV1"
    );
    "get-task-allow" = 1;
}
    
    builtin-productPackagingUtility /Users/Veer/Library/Mobile\ Documents/com\~apple\~CloudDocs/HearifyV1/HearifyV1/HearifyV1.entitlements -entitlements -format xml -o /Users/Veer/Library/Developer/Xcode/DerivedData/HearifyV1-ftljoypfezvlxcgouzbpmsmxzads/Build/Intermediates.noindex/HearifyV1.build/Debug-iphoneos/HearifyV1.build/HearifyV1.app.xcent

ProcessProductPackaging /Users/Veer/Library/Developer/Xcode/UserData/Provisioning\ Profiles/037454ed-6817-4c36-a813-63082cbddcfe.mobileprovision /Users/Veer/Library/Developer/Xcode/DerivedData/HearifyV1-ftljoypfezvlxcgouzbpmsmxzads/Build/Products/Debug-iphoneos/HearifyV1.app/embedded.mobileprovision (in target 'HearifyV1' from project 'HearifyV1')
    cd /Users/Veer/Library/Mobile\ Documents/com\~apple\~CloudDocs/HearifyV1
    builtin-productPackagingUtility /Users/Veer/Library/Developer/Xcode/UserData/Provisioning\ Profiles/037454ed-6817-4c36-a813-63082cbddcfe.mobileprovision -o /Users/Veer/Library/Developer/Xcode/DerivedData/HearifyV1-ftljoypfezvlxcgouzbpmsmxzads/Build/Products/Debug-iphoneos/HearifyV1.app/embedded.mobileprovision

ProcessProductPackagingDER /Users/Veer/Library/Developer/Xcode/DerivedData/HearifyV1-ftljoypfezvlxcgouzbpmsmxzads/Build/Intermediates.noindex/HearifyV1.build/Debug-iphoneos/HearifyV1.build/HearifyV1.app.xcent /Users/Veer/Library/Developer/Xcode/DerivedData/HearifyV1-ftljoypfezvlxcgouzbpmsmxzads/Build/Intermediates.noindex/HearifyV1.build/Debug-iphoneos/HearifyV1.build/HearifyV1.app.xcent.der (in target 'HearifyV1' from project 'HearifyV1')
    cd /Users/Veer/Library/Mobile\ Documents/com\~apple\~CloudDocs/HearifyV1
    /usr/bin/derq query -f xml -i /Users/Veer/Library/Developer/Xcode/DerivedData/HearifyV1-ftljoypfezvlxcgouzbpmsmxzads/Build/Intermediates.noindex/HearifyV1.build/Debug-iphoneos/HearifyV1.build/HearifyV1.app.xcent -o /Users/Veer/Library/Developer/Xcode/DerivedData/HearifyV1-ftljoypfezvlxcgouzbpmsmxzads/Build/Intermediates.noindex/HearifyV1.build/Debug-iphoneos/HearifyV1.build/HearifyV1.app.xcent.der --raw

ScanDependencies /Users/Veer/Library/Developer/Xcode/DerivedData/HearifyV1-ftljoypfezvlxcgouzbpmsmxzads/Build/Intermediates.noindex/Firebase.build/Debug-iphoneos/FirebaseFirestoreTarget.build/Objects-normal/arm64/dummy.o /Users/Veer/Library/Developer/Xcode/DerivedData/HearifyV1-ftljoypfezvlxcgouzbpmsmxzads/SourcePackages/checkouts/firebase-ios-sdk/SwiftPM-PlatformExclude/FirebaseFirestoreWrap/dummy.m normal arm64 objective-c com.apple.compilers.llvm.clang.1_0.compiler (in target 'FirebaseFirestoreTarget' from project 'Firebase')
    cd /Users/Veer/Library/Mobile\ Documents/com\~apple\~CloudDocs/HearifyV1/HearifyV1.xcodeproj
    
    Using response file: /Users/Veer/Library/Developer/Xcode/DerivedData/HearifyV1-ftljoypfezvlxcgouzbpmsmxzads/Build/Intermediates.noindex/Firebase.build/Debug-iphoneos/FirebaseFirestoreTarget.build/Objects-normal/arm64/e6072d4f65d7061329687fe24e3d63a7-common-args.resp
    
    builtin-ScanDependencies -o /Users/Veer/Library/Developer/Xcode/DerivedData/HearifyV1-ftljoypfezvlxcgouzbpmsmxzads/Build/Intermediates.noindex/Firebase.build/Debug-iphoneos/FirebaseFirestoreTarget.build/Objects-normal/arm64/dummy.o.scan -- /Applications/Xcode.app/Contents/Developer/Toolchains/XcodeDefault.xctoolchain/usr/bin/clang -x objective-c -ivfsstatcache /Users/Veer/Library/Developer/Xcode/DerivedData/SDKStatCaches.noindex/iphoneos26.2-23C53-3794476bd08197c3e2abd9bb477ef7f7.sdkstatcache -fmessage-length\=0 -fdiagnostics-show-note-include-stack -fmacro-backtrace-limit\=0 -fno-color-diagnostics -fmodules-prune-interval\=86400 -fmodules-prune-after\=345600 -fbuild-session-file\=/Users/Veer/Library/Developer/Xcode/DerivedData/ModuleCache.noindex/Session.modulevalidation -fmodules-validate-once-per-build-session -Wnon-modular-include-in-framework-module -Werror\=non-modular-include-in-framework-module -Wno-trigraphs -Wno-missing-field-initializers -Wno-missing-prototypes -Wno-return-type -Wno-implicit-atomic-properties -Wno-objc-interface-ivars -Wno-arc-repeated-use-of-weak -Wno-missing-braces -Wparentheses -Wswitch -Wno-unused-function -Wno-unused-label -Wno-unused-parameter -Wno-unused-variable -Wunused-value -Wno-empty-body -Wno-uninitialized -Wno-unknown-pragmas -w -Wno-shadow -Wno-four-char-constants -Wno-conversion -Wno-constant-conversion -Wno-int-conversion -Wno-bool-conversion -Wno-enum-conversion -Wno-float-conversion -Wno-non-literal-null-conversion -Wno-objc-literal-conversion -Wshorten-64-to-32 -Wpointer-sign -Wno-newline-eof -Wno-selector -Wno-strict-selector-match -Wno-undeclared-selector -Wno-deprecated-implementations -Wno-implicit-fallthrough -fstrict-aliasing -Wprotocol -Wdeprecated-declarations -Wno-sign-conversion -Wno-infinite-recursion -Wno-comma -Wno-block-capture-autoreleasing -Wno-strict-prototypes -Wno-semicolon-before-method-body -index-store-path /Users/Veer/Library/Developer/Xcode/DerivedData/HearifyV1-ftljoypfezvlxcgouzbpmsmxzads/Index.noindex/DataStore @/Users/Veer/Library/Developer/Xcode/DerivedData/HearifyV1-ftljoypfezvlxcgouzbpmsmxzads/Build/Intermediates.noindex/Firebase.build/Debug-iphoneos/FirebaseFirestoreTarget.build/Objects-normal/arm64/e6072d4f65d7061329687fe24e3d63a7-common-args.resp -MMD -MT dependencies -MF /Users/Veer/Library/Developer/Xcode/DerivedData/HearifyV1-ftljoypfezvlxcgouzbpmsmxzads/Build/Intermediates.noindex/Firebase.build/Debug-iphoneos/FirebaseFirestoreTarget.build/Objects-normal/arm64/dummy.d --serialize-diagnostics /Users/Veer/Library/Developer/Xcode/DerivedData/HearifyV1-ftljoypfezvlxcgouzbpmsmxzads/Build/Intermediates.noindex/Firebase.build/Debug-iphoneos/FirebaseFirestoreTarget.build/Objects-normal/arm64/dummy.dia -c /Users/Veer/Library/Developer/Xcode/DerivedData/HearifyV1-ftljoypfezvlxcgouzbpmsmxzads/SourcePackages/checkouts/firebase-ios-sdk/SwiftPM-PlatformExclude/FirebaseFirestoreWrap/dummy.m -o /Users/Veer/Library/Developer/Xcode/DerivedData/HearifyV1-ftljoypfezvlxcgouzbpmsmxzads/Build/Intermediates.noindex/Firebase.build/Debug-iphoneos/FirebaseFirestoreTarget.build/Objects-normal/arm64/dummy.o -index-unit-output-path /Firebase.build/Debug-iphoneos/FirebaseFirestoreTarget.build/Objects-normal/arm64/dummy.o

PrecompileModule /Users/Veer/Library/Developer/Xcode/DerivedData/HearifyV1-ftljoypfezvlxcgouzbpmsmxzads/Build/Intermediates.noindex/ExplicitPrecompiledModules/_AvailabilityInternal-7N6TQ60OYZJ1TEW79467VWA4L.scan
    cd /
    builtin-precompileModule /Users/Veer/Library/Developer/Xcode/DerivedData/HearifyV1-ftljoypfezvlxcgouzbpmsmxzads/Build/Intermediates.noindex/ExplicitPrecompiledModules/_AvailabilityInternal-7N6TQ60OYZJ1TEW79467VWA4L.scan

PrecompileModule /Users/Veer/Library/Developer/Xcode/DerivedData/HearifyV1-ftljoypfezvlxcgouzbpmsmxzads/Build/Intermediates.noindex/ExplicitPrecompiledModules/ptrcheck-996E82KWDLT5EYRK8GI5N80GX.scan
    cd /
    builtin-precompileModule /Users/Veer/Library/Developer/Xcode/DerivedData/HearifyV1-ftljoypfezvlxcgouzbpmsmxzads/Build/Intermediates.noindex/ExplicitPrecompiledModules/ptrcheck-996E82KWDLT5EYRK8GI5N80GX.scan

PrecompileModule /Users/Veer/Library/Developer/Xcode/DerivedData/HearifyV1-ftljoypfezvlxcgouzbpmsmxzads/Build/Intermediates.noindex/ExplicitPrecompiledModules/_DarwinFoundation1-88E2PXNG1MHKRZC99BQ7PV4CH.scan
    cd /
    builtin-precompileModule /Users/Veer/Library/Developer/Xcode/DerivedData/HearifyV1-ftljoypfezvlxcgouzbpmsmxzads/Build/Intermediates.noindex/ExplicitPrecompiledModules/_DarwinFoundation1-88E2PXNG1MHKRZC99BQ7PV4CH.scan

CompileC /Users/Veer/Library/Developer/Xcode/DerivedData/HearifyV1-ftljoypfezvlxcgouzbpmsmxzads/Build/Intermediates.noindex/Firebase.build/Debug-iphoneos/FirebaseFirestoreTarget.build/Objects-normal/arm64/dummy.o /Users/Veer/Library/Developer/Xcode/DerivedData/HearifyV1-ftljoypfezvlxcgouzbpmsmxzads/SourcePackages/checkouts/firebase-ios-sdk/SwiftPM-PlatformExclude/FirebaseFirestoreWrap/dummy.m normal arm64 objective-c com.apple.compilers.llvm.clang.1_0.compiler (in target 'FirebaseFirestoreTarget' from project 'Firebase')
    cd /Users/Veer/Library/Mobile\ Documents/com\~apple\~CloudDocs/HearifyV1/HearifyV1.xcodeproj
    
    Using response file: /Users/Veer/Library/Developer/Xcode/DerivedData/HearifyV1-ftljoypfezvlxcgouzbpmsmxzads/Build/Intermediates.noindex/Firebase.build/Debug-iphoneos/FirebaseFirestoreTarget.build/Objects-normal/arm64/e6072d4f65d7061329687fe24e3d63a7-common-args.resp
    
    /Applications/Xcode.app/Contents/Developer/Toolchains/XcodeDefault.xctoolchain/usr/bin/clang -x objective-c -ivfsstatcache /Users/Veer/Library/Developer/Xcode/DerivedData/SDKStatCaches.noindex/iphoneos26.2-23C53-3794476bd08197c3e2abd9bb477ef7f7.sdkstatcache -fmessage-length\=0 -fdiagnostics-show-note-include-stack -fmacro-backtrace-limit\=0 -fno-color-diagnostics -fmodules-prune-interval\=86400 -fmodules-prune-after\=345600 -fbuild-session-file\=/Users/Veer/Library/Developer/Xcode/DerivedData/ModuleCache.noindex/Session.modulevalidation -fmodules-validate-once-per-build-session -Wnon-modular-include-in-framework-module -Werror\=non-modular-include-in-framework-module -Wno-trigraphs -Wno-missing-field-initializers -Wno-missing-prototypes -Wno-return-type -Wno-implicit-atomic-properties -Wno-objc-interface-ivars -Wno-arc-repeated-use-of-weak -Wno-missing-braces -Wparentheses -Wswitch -Wno-unused-function -Wno-unused-label -Wno-unused-parameter -Wno-unused-variable -Wunused-value -Wno-empty-body -Wno-uninitialized -Wno-unknown-pragmas -w -Wno-shadow -Wno-four-char-constants -Wno-conversion -Wno-constant-conversion -Wno-int-conversion -Wno-bool-conversion -Wno-enum-conversion -Wno-float-conversion -Wno-non-literal-null-conversion -Wno-objc-literal-conversion -Wshorten-64-to-32 -Wpointer-sign -Wno-newline-eof -Wno-selector -Wno-strict-selector-match -Wno-undeclared-selector -Wno-deprecated-implementations -Wno-implicit-fallthrough -fstrict-aliasing -Wprotocol -Wdeprecated-declarations -Wno-sign-conversion -Wno-infinite-recursion -Wno-comma -Wno-block-capture-autoreleasing -Wno-strict-prototypes -Wno-semicolon-before-method-body -index-store-path /Users/Veer/Library/Developer/Xcode/DerivedData/HearifyV1-ftljoypfezvlxcgouzbpmsmxzads/Index.noindex/DataStore @/Users/Veer/Library/Developer/Xcode/DerivedData/HearifyV1-ftljoypfezvlxcgouzbpmsmxzads/Build/Intermediates.noindex/Firebase.build/Debug-iphoneos/FirebaseFirestoreTarget.build/Objects-normal/arm64/e6072d4f65d7061329687fe24e3d63a7-common-args.resp -MMD -MT dependencies -MF /Users/Veer/Library/Developer/Xcode/DerivedData/HearifyV1-ftljoypfezvlxcgouzbpmsmxzads/Build/Intermediates.noindex/Firebase.build/Debug-iphoneos/FirebaseFirestoreTarget.build/Objects-normal/arm64/dummy.d --serialize-diagnostics /Users/Veer/Library/Developer/Xcode/DerivedData/HearifyV1-ftljoypfezvlxcgouzbpmsmxzads/Build/Intermediates.noindex/Firebase.build/Debug-iphoneos/FirebaseFirestoreTarget.build/Objects-normal/arm64/dummy.dia -c /Users/Veer/Library/Developer/Xcode/DerivedData/HearifyV1-ftljoypfezvlxcgouzbpmsmxzads/SourcePackages/checkouts/firebase-ios-sdk/SwiftPM-PlatformExclude/FirebaseFirestoreWrap/dummy.m -o /Users/Veer/Library/Developer/Xcode/DerivedData/HearifyV1-ftljoypfezvlxcgouzbpmsmxzads/Build/Intermediates.noindex/Firebase.build/Debug-iphoneos/FirebaseFirestoreTarget.build/Objects-normal/arm64/dummy.o -index-unit-output-path /Firebase.build/Debug-iphoneos/FirebaseFirestoreTarget.build/Objects-normal/arm64/dummy.o

MkDir /Users/Veer/Library/Developer/Xcode/DerivedData/HearifyV1-ftljoypfezvlxcgouzbpmsmxzads/Build/Intermediates.noindex/HearifyV1.build/Debug-iphoneos/HearifyV1.build/assetcatalog_output/unthinned (in target 'HearifyV1' from project 'HearifyV1')
    cd /Users/Veer/Library/Mobile\ Documents/com\~apple\~CloudDocs/HearifyV1
    /bin/mkdir -p /Users/Veer/Library/Developer/Xcode/DerivedData/HearifyV1-ftljoypfezvlxcgouzbpmsmxzads/Build/Intermediates.noindex/HearifyV1.build/Debug-iphoneos/HearifyV1.build/assetcatalog_output/unthinned

MkDir /Users/Veer/Library/Developer/Xcode/DerivedData/HearifyV1-ftljoypfezvlxcgouzbpmsmxzads/Build/Intermediates.noindex/HearifyV1.build/Debug-iphoneos/HearifyV1.build/assetcatalog_output/thinned (in target 'HearifyV1' from project 'HearifyV1')
    cd /Users/Veer/Library/Mobile\ Documents/com\~apple\~CloudDocs/HearifyV1
    /bin/mkdir -p /Users/Veer/Library/Developer/Xcode/DerivedData/HearifyV1-ftljoypfezvlxcgouzbpmsmxzads/Build/Intermediates.noindex/HearifyV1.build/Debug-iphoneos/HearifyV1.build/assetcatalog_output/thinned

GenerateAssetSymbols /Users/Veer/Library/Mobile\ Documents/com~apple~CloudDocs/HearifyV1/HearifyV1/Preview\ Content/Preview\ Assets.xcassets /Users/Veer/Library/Mobile\ Documents/com~apple~CloudDocs/HearifyV1/HearifyV1/Assets.xcassets (in target 'HearifyV1' from project 'HearifyV1')
    cd /Users/Veer/Library/Mobile\ Documents/com\~apple\~CloudDocs/HearifyV1
    /Applications/Xcode.app/Contents/Developer/usr/bin/actool /Users/Veer/Library/Mobile\ Documents/com\~apple\~CloudDocs/HearifyV1/HearifyV1/Preview\ Content/Preview\ Assets.xcassets /Users/Veer/Library/Mobile\ Documents/com\~apple\~CloudDocs/HearifyV1/HearifyV1/Assets.xcassets --compile /Users/Veer/Library/Developer/Xcode/DerivedData/HearifyV1-ftljoypfezvlxcgouzbpmsmxzads/Build/Products/Debug-iphoneos/HearifyV1.app --output-format human-readable-text --notices --warnings --export-dependency-info /Users/Veer/Library/Developer/Xcode/DerivedData/HearifyV1-ftljoypfezvlxcgouzbpmsmxzads/Build/Intermediates.noindex/HearifyV1.build/Debug-iphoneos/HearifyV1.build/assetcatalog_dependencies --output-partial-info-plist /Users/Veer/Library/Developer/Xcode/DerivedData/HearifyV1-ftljoypfezvlxcgouzbpmsmxzads/Build/Intermediates.noindex/HearifyV1.build/Debug-iphoneos/HearifyV1.build/assetcatalog_generated_info.plist --app-icon AppIcon --include-all-app-icons --accent-color AccentColor --compress-pngs --enable-on-demand-resources YES --development-region en --target-device iphone --minimum-deployment-target 16.6 --platform iphoneos --bundle-identifier VeerChopra.HearifyV1 --generate-swift-asset-symbols /Users/Veer/Library/Developer/Xcode/DerivedData/HearifyV1-ftljoypfezvlxcgouzbpmsmxzads/Build/Intermediates.noindex/HearifyV1.build/Debug-iphoneos/HearifyV1.build/DerivedSources/GeneratedAssetSymbols.swift --generate-objc-asset-symbols /Users/Veer/Library/Developer/Xcode/DerivedData/HearifyV1-ftljoypfezvlxcgouzbpmsmxzads/Build/Intermediates.noindex/HearifyV1.build/Debug-iphoneos/HearifyV1.build/DerivedSources/GeneratedAssetSymbols.h --generate-asset-symbol-index /Users/Veer/Library/Developer/Xcode/DerivedData/HearifyV1-ftljoypfezvlxcgouzbpmsmxzads/Build/Intermediates.noindex/HearifyV1.build/Debug-iphoneos/HearifyV1.build/DerivedSources/GeneratedAssetSymbols-Index.plist
/* com.apple.actool.compilation-results */
/Users/Veer/Library/Developer/Xcode/DerivedData/HearifyV1-ftljoypfezvlxcgouzbpmsmxzads/Build/Intermediates.noindex/HearifyV1.build/Debug-iphoneos/HearifyV1.build/DerivedSources/GeneratedAssetSymbols-Index.plist
/Users/Veer/Library/Developer/Xcode/DerivedData/HearifyV1-ftljoypfezvlxcgouzbpmsmxzads/Build/Intermediates.noindex/HearifyV1.build/Debug-iphoneos/HearifyV1.build/DerivedSources/GeneratedAssetSymbols.h
/Users/Veer/Library/Developer/Xcode/DerivedData/HearifyV1-ftljoypfezvlxcgouzbpmsmxzads/Build/Intermediates.noindex/HearifyV1.build/Debug-iphoneos/HearifyV1.build/DerivedSources/GeneratedAssetSymbols.swift


CompileAssetCatalogVariant thinned /Users/Veer/Library/Developer/Xcode/DerivedData/HearifyV1-ftljoypfezvlxcgouzbpmsmxzads/Build/Products/Debug-iphoneos/HearifyV1.app /Users/Veer/Library/Mobile\ Documents/com~apple~CloudDocs/HearifyV1/HearifyV1/Preview\ Content/Preview\ Assets.xcassets /Users/Veer/Library/Mobile\ Documents/com~apple~CloudDocs/HearifyV1/HearifyV1/Assets.xcassets (in target 'HearifyV1' from project 'HearifyV1')
    cd /Users/Veer/Library/Mobile\ Documents/com\~apple\~CloudDocs/HearifyV1
    /Applications/Xcode.app/Contents/Developer/usr/bin/actool /Users/Veer/Library/Mobile\ Documents/com\~apple\~CloudDocs/HearifyV1/HearifyV1/Preview\ Content/Preview\ Assets.xcassets /Users/Veer/Library/Mobile\ Documents/com\~apple\~CloudDocs/HearifyV1/HearifyV1/Assets.xcassets --compile /Users/Veer/Library/Developer/Xcode/DerivedData/HearifyV1-ftljoypfezvlxcgouzbpmsmxzads/Build/Intermediates.noindex/HearifyV1.build/Debug-iphoneos/HearifyV1.build/assetcatalog_output/thinned --output-format human-readable-text --notices --warnings --export-dependency-info /Users/Veer/Library/Developer/Xcode/DerivedData/HearifyV1-ftljoypfezvlxcgouzbpmsmxzads/Build/Intermediates.noindex/HearifyV1.build/Debug-iphoneos/HearifyV1.build/assetcatalog_dependencies_thinned --output-partial-info-plist /Users/Veer/Library/Developer/Xcode/DerivedData/HearifyV1-ftljoypfezvlxcgouzbpmsmxzads/Build/Intermediates.noindex/HearifyV1.build/Debug-iphoneos/HearifyV1.build/assetcatalog_generated_info.plist_thinned --app-icon AppIcon --include-all-app-icons --accent-color AccentColor --compress-pngs --enable-on-demand-resources YES --development-region en --target-device iphone --minimum-deployment-target 16.6 --platform iphoneos

SwiftDriverJobDiscovery normal arm64 Compiling RevokeTokenRequest.swift, RevokeTokenResponse.swift, SecureTokenRequest.swift, SecureTokenResponse.swift, SendVerificationTokenRequest.swift, SendVerificationTokenResponse.swift, SetAccountInfoRequest.swift, SetAccountInfoResponse.swift, SignInWithGameCenterRequest.swift, SignInWithGameCenterResponse.swift, SignUpNewUserRequest.swift, SignUpNewUserResponse.swift, VerifyAssertionRequest.swift, VerifyAssertionResponse.swift (in target 'FirebaseAuth' from project 'Firebase')

SwiftDriver HearifyV1 normal arm64 com.apple.xcode.tools.swift.compiler (in target 'HearifyV1' from project 'HearifyV1')
    cd /Users/Veer/Library/Mobile\ Documents/com\~apple\~CloudDocs/HearifyV1
    builtin-SwiftDriver -- /Applications/Xcode.app/Contents/Developer/Toolchains/XcodeDefault.xctoolchain/usr/bin/swiftc -module-name HearifyV1 -Onone -enforce-exclusivity\=checked @/Users/Veer/Library/Developer/Xcode/DerivedData/HearifyV1-ftljoypfezvlxcgouzbpmsmxzads/Build/Intermediates.noindex/HearifyV1.build/Debug-iphoneos/HearifyV1.build/Objects-normal/arm64/HearifyV1.SwiftFileList -DDEBUG -Xcc -fmodule-map-file\=/Users/Veer/Library/Developer/Xcode/DerivedData/HearifyV1-ftljoypfezvlxcgouzbpmsmxzads/Build/Intermediates.noindex/GeneratedModuleMaps-iphoneos/RecaptchaInterop.modulemap -Xcc -fmodule-map-file\=/Users/Veer/Library/Developer/Xcode/DerivedData/HearifyV1-ftljoypfezvlxcgouzbpmsmxzads/Build/Intermediates.noindex/GeneratedModuleMaps-iphoneos/GoogleUtilities-Network.modulemap -Xcc -fmodule-map-file\=/Users/Veer/Library/Developer/Xcode/DerivedData/HearifyV1-ftljoypfezvlxcgouzbpmsmxzads/Build/Intermediates.noindex/GeneratedModuleMaps-iphoneos/GoogleUtilities-Reachability.modulemap -Xcc -fmodule-map-file\=/Users/Veer/Library/Developer/Xcode/DerivedData/HearifyV1-ftljoypfezvlxcgouzbpmsmxzads/Build/Intermediates.noindex/GeneratedModuleMaps-iphoneos/GoogleUtilities-AppDelegateSwizzler.modulemap -Xcc -fmodule-map-file\=/Users/Veer/Library/Developer/Xcode/DerivedData/HearifyV1-ftljoypfezvlxcgouzbpmsmxzads/Build/Intermediates.noindex/GeneratedModuleMaps-iphoneos/GTMSessionFetcherCore.modulemap -Xcc -fmodule-map-file\=/Users/Veer/Library/Developer/Xcode/DerivedData/HearifyV1-ftljoypfezvlxcgouzbpmsmxzads/Build/Intermediates.noindex/GeneratedModuleMaps-iphoneos/FirebaseAuthInternal.modulemap -Xcc -fmodule-map-file\=/Users/Veer/Library/Developer/Xcode/DerivedData/HearifyV1-ftljoypfezvlxcgouzbpmsmxzads/Build/Intermediates.noindex/GeneratedModuleMaps-iphoneos/FirebaseAuthInterop.modulemap -Xcc -fmodule-map-file\=/Users/Veer/Library/Developer/Xcode/DerivedData/HearifyV1-ftljoypfezvlxcgouzbpmsmxzads/Build/Intermediates.noindex/GeneratedModuleMaps-iphoneos/GoogleUtilities-NSData.modulemap -Xcc -fmodule-map-file\=/Users/Veer/Library/Developer/Xcode/DerivedData/HearifyV1-ftljoypfezvlxcgouzbpmsmxzads/Build/Intermediates.noindex/GeneratedModuleMaps-iphoneos/GoogleUtilities-Environment.modulemap -Xcc -fmodule-map-file\=/Users/Veer/Library/Developer/Xcode/DerivedData/HearifyV1-ftljoypfezvlxcgouzbpmsmxzads/Build/Intermediates.noindex/GeneratedModuleMaps-iphoneos/third-party-IsAppEncrypted.modulemap -Xcc -fmodule-map-file\=/Users/Veer/Library/Developer/Xcode/DerivedData/HearifyV1-ftljoypfezvlxcgouzbpmsmxzads/Build/Intermediates.noindex/GeneratedModuleMaps-iphoneos/GoogleUtilities-Logger.modulemap -Xcc -fmodule-map-file\=/Users/Veer/Library/Developer/Xcode/DerivedData/HearifyV1-ftljoypfezvlxcgouzbpmsmxzads/Build/Intermediates.noindex/GeneratedModuleMaps-iphoneos/abslWrapper.modulemap -Xcc -fmodule-map-file\=/Users/Veer/Library/Developer/Xcode/DerivedData/HearifyV1-ftljoypfezvlxcgouzbpmsmxzads/Build/Intermediates.noindex/GeneratedModuleMaps-iphoneos/opensslWrapper.modulemap -Xcc -fmodule-map-file\=/Users/Veer/Library/Developer/Xcode/DerivedData/HearifyV1-ftljoypfezvlxcgouzbpmsmxzads/Build/Intermediates.noindex/GeneratedModuleMaps-iphoneos/grpcWrapper.modulemap -Xcc -fmodule-map-file\=/Users/Veer/Library/Developer/Xcode/DerivedData/HearifyV1-ftljoypfezvlxcgouzbpmsmxzads/Build/Intermediates.noindex/GeneratedModuleMaps-iphoneos/grpcppWrapper.modulemap -Xcc -fmodule-map-file\=/Users/Veer/Library/Developer/Xcode/DerivedData/HearifyV1-ftljoypfezvlxcgouzbpmsmxzads/Build/Intermediates.noindex/GeneratedModuleMaps-iphoneos/nanopb.modulemap -Xcc -fmodule-map-file\=/Users/Veer/Library/Developer/Xcode/DerivedData/HearifyV1-ftljoypfezvlxcgouzbpmsmxzads/Build/Intermediates.noindex/GeneratedModuleMaps-iphoneos/leveldb.modulemap -Xcc -fmodule-map-file\=/Users/Veer/Library/Developer/Xcode/DerivedData/HearifyV1-ftljoypfezvlxcgouzbpmsmxzads/Build/Intermediates.noindex/GeneratedModuleMaps-iphoneos/FirebaseCoreExtension.modulemap -Xcc -fmodule-map-file\=/Users/Veer/Library/Developer/Xcode/DerivedData/HearifyV1-ftljoypfezvlxcgouzbpmsmxzads/Build/Intermediates.noindex/GeneratedModuleMaps-iphoneos/FirebaseCore.modulemap -Xcc -fmodule-map-file\=/Users/Veer/Library/Developer/Xcode/DerivedData/HearifyV1-ftljoypfezvlxcgouzbpmsmxzads/Build/Intermediates.noindex/GeneratedModuleMaps-iphoneos/FirebaseAppCheckInterop.modulemap -Xcc -fmodule-map-file\=/Users/Veer/Library/Developer/Xcode/DerivedData/HearifyV1-ftljoypfezvlxcgouzbpmsmxzads/Build/Intermediates.noindex/GeneratedModuleMaps-iphoneos/FirebaseFirestoreInternalWrapper.modulemap -Xcc -fmodule-map-file\=/Users/Veer/Library/Developer/Xcode/DerivedData/HearifyV1-ftljoypfezvlxcgouzbpmsmxzads/Build/Intermediates.noindex/GeneratedModuleMaps-iphoneos/FirebaseFirestoreTarget.modulemap -enable-bare-slash-regex -enable-experimental-feature DebugDescriptionMacro -sdk /Applications/Xcode.app/Contents/Developer/Platforms/iPhoneOS.platform/Developer/SDKs/iPhoneOS26.2.sdk -target arm64-apple-ios16.6 -g -module-cache-path /Users/Veer/Library/Developer/Xcode/DerivedData/ModuleCache.noindex -Xfrontend -serialize-debugging-options -profile-coverage-mapping -profile-generate -enable-testing -index-store-path /Users/Veer/Library/Developer/Xcode/DerivedData/HearifyV1-ftljoypfezvlxcgouzbpmsmxzads/Index.noindex/DataStore -Xcc -D_LIBCPP_HARDENING_MODE\=_LIBCPP_HARDENING_MODE_DEBUG -swift-version 5 -I /Users/Veer/Library/Developer/Xcode/DerivedData/HearifyV1-ftljoypfezvlxcgouzbpmsmxzads/Build/Products/Debug-iphoneos -F /Users/Veer/Library/Developer/Xcode/DerivedData/HearifyV1-ftljoypfezvlxcgouzbpmsmxzads/Build/Products/Debug-iphoneos/PackageFrameworks -F /Users/Veer/Library/Developer/Xcode/DerivedData/HearifyV1-ftljoypfezvlxcgouzbpmsmxzads/Build/Products/Debug-iphoneos/PackageFrameworks -F /Users/Veer/Library/Developer/Xcode/DerivedData/HearifyV1-ftljoypfezvlxcgouzbpmsmxzads/Build/Products/Debug-iphoneos/PackageFrameworks -F /Users/Veer/Library/Developer/Xcode/DerivedData/HearifyV1-ftljoypfezvlxcgouzbpmsmxzads/Build/Products/Debug-iphoneos/PackageFrameworks -F /Users/Veer/Library/Developer/Xcode/DerivedData/HearifyV1-ftljoypfezvlxcgouzbpmsmxzads/Build/Products/Debug-iphoneos/PackageFrameworks -F /Users/Veer/Library/Developer/Xcode/DerivedData/HearifyV1-ftljoypfezvlxcgouzbpmsmxzads/Build/Products/Debug-iphoneos/PackageFrameworks -F /Users/Veer/Library/Developer/Xcode/DerivedData/HearifyV1-ftljoypfezvlxcgouzbpmsmxzads/Build/Products/Debug-iphoneos/PackageFrameworks -F /Users/Veer/Library/Developer/Xcode/DerivedData/HearifyV1-ftljoypfezvlxcgouzbpmsmxzads/Build/Products/Debug-iphoneos/PackageFrameworks -F /Users/Veer/Library/Developer/Xcode/DerivedData/HearifyV1-ftljoypfezvlxcgouzbpmsmxzads/Build/Products/Debug-iphoneos/PackageFrameworks -F /Users/Veer/Library/Developer/Xcode/DerivedData/HearifyV1-ftljoypfezvlxcgouzbpmsmxzads/Build/Products/Debug-iphoneos/PackageFrameworks -F /Users/Veer/Library/Developer/Xcode/DerivedData/HearifyV1-ftljoypfezvlxcgouzbpmsmxzads/Build/Products/Debug-iphoneos/PackageFrameworks -F /Users/Veer/Library/Developer/Xcode/DerivedData/HearifyV1-ftljoypfezvlxcgouzbpmsmxzads/Build/Products/Debug-iphoneos/PackageFrameworks -F /Users/Veer/Library/Developer/Xcode/DerivedData/HearifyV1-ftljoypfezvlxcgouzbpmsmxzads/Build/Products/Debug-iphoneos/PackageFrameworks -F /Users/Veer/Library/Developer/Xcode/DerivedData/HearifyV1-ftljoypfezvlxcgouzbpmsmxzads/Build/Products/Debug-iphoneos/PackageFrameworks -F /Users/Veer/Library/Developer/Xcode/DerivedData/HearifyV1-ftljoypfezvlxcgouzbpmsmxzads/Build/Products/Debug-iphoneos/PackageFrameworks -F /Users/Veer/Library/Developer/Xcode/DerivedData/HearifyV1-ftljoypfezvlxcgouzbpmsmxzads/Build/Products/Debug-iphoneos/PackageFrameworks -F /Users/Veer/Library/Developer/Xcode/DerivedData/HearifyV1-ftljoypfezvlxcgouzbpmsmxzads/Build/Products/Debug-iphoneos/PackageFrameworks -F /Users/Veer/Library/Developer/Xcode/DerivedData/HearifyV1-ftljoypfezvlxcgouzbpmsmxzads/Build/Products/Debug-iphoneos/PackageFrameworks -F /Users/Veer/Library/Developer/Xcode/DerivedData/HearifyV1-ftljoypfezvlxcgouzbpmsmxzads/Build/Products/Debug-iphoneos/PackageFrameworks -F /Users/Veer/Library/Developer/Xcode/DerivedData/HearifyV1-ftljoypfezvlxcgouzbpmsmxzads/Build/Products/Debug-iphoneos/PackageFrameworks -F /Users/Veer/Library/Developer/Xcode/DerivedData/HearifyV1-ftljoypfezvlxcgouzbpmsmxzads/Build/Products/Debug-iphoneos/PackageFrameworks -F /Users/Veer/Library/Developer/Xcode/DerivedData/HearifyV1-ftljoypfezvlxcgouzbpmsmxzads/Build/Products/Debug-iphoneos/PackageFrameworks -F /Users/Veer/Library/Developer/Xcode/DerivedData/HearifyV1-ftljoypfezvlxcgouzbpmsmxzads/Build/Products/Debug-iphoneos/PackageFrameworks -F /Users/Veer/Library/Developer/Xcode/DerivedData/HearifyV1-ftljoypfezvlxcgouzbpmsmxzads/Build/Products/Debug-iphoneos/PackageFrameworks -F /Users/Veer/Library/Developer/Xcode/DerivedData/HearifyV1-ftljoypfezvlxcgouzbpmsmxzads/Build/Products/Debug-iphoneos/PackageFrameworks -F /Users/Veer/Library/Developer/Xcode/DerivedData/HearifyV1-ftljoypfezvlxcgouzbpmsmxzads/Build/Products/Debug-iphoneos/PackageFrameworks -F /Users/Veer/Library/Developer/Xcode/DerivedData/HearifyV1-ftljoypfezvlxcgouzbpmsmxzads/Build/Products/Debug-iphoneos/PackageFrameworks -F /Users/Veer/Library/Developer/Xcode/DerivedData/HearifyV1-ftljoypfezvlxcgouzbpmsmxzads/Build/Products/Debug-iphoneos/PackageFrameworks -F /Users/Veer/Library/Developer/Xcode/DerivedData/HearifyV1-ftljoypfezvlxcgouzbpmsmxzads/Build/Products/Debug-iphoneos -emit-localized-strings -emit-localized-strings-path /Users/Veer/Library/Developer/Xcode/DerivedData/HearifyV1-ftljoypfezvlxcgouzbpmsmxzads/Build/Intermediates.noindex/HearifyV1.build/Debug-iphoneos/HearifyV1.build/Objects-normal/arm64 -c -j10 -enable-batch-mode -incremental -Xcc -ivfsstatcache -Xcc /Users/Veer/Library/Developer/Xcode/DerivedData/SDKStatCaches.noindex/iphoneos26.2-23C53-3794476bd08197c3e2abd9bb477ef7f7.sdkstatcache -output-file-map /Users/Veer/Library/Developer/Xcode/DerivedData/HearifyV1-ftljoypfezvlxcgouzbpmsmxzads/Build/Intermediates.noindex/HearifyV1.build/Debug-iphoneos/HearifyV1.build/Objects-normal/arm64/HearifyV1-OutputFileMap.json -use-frontend-parseable-output -save-temps -no-color-diagnostics -explicit-module-build -module-cache-path /Users/Veer/Library/Developer/Xcode/DerivedData/HearifyV1-ftljoypfezvlxcgouzbpmsmxzads/Build/Intermediates.noindex/SwiftExplicitPrecompiledModules -clang-scanner-module-cache-path /Users/Veer/Library/Developer/Xcode/DerivedData/ModuleCache.noindex -sdk-module-cache-path /Users/Veer/Library/Developer/Xcode/DerivedData/ModuleCache.noindex -serialize-diagnostics -emit-dependencies -emit-module -emit-module-path /Users/Veer/Library/Developer/Xcode/DerivedData/HearifyV1-ftljoypfezvlxcgouzbpmsmxzads/Build/Intermediates.noindex/HearifyV1.build/Debug-iphoneos/HearifyV1.build/Objects-normal/arm64/HearifyV1.swiftmodule -validate-clang-modules-once -clang-build-session-file /Users/Veer/Library/Developer/Xcode/DerivedData/ModuleCache.noindex/Session.modulevalidation -Xcc -I/Users/Veer/Library/Developer/Xcode/DerivedData/HearifyV1-ftljoypfezvlxcgouzbpmsmxzads/Build/Intermediates.noindex/HearifyV1.build/Debug-iphoneos/HearifyV1.build/swift-overrides.hmap -emit-const-values -Xfrontend -const-gather-protocols-file -Xfrontend /Users/Veer/Library/Developer/Xcode/DerivedData/HearifyV1-ftljoypfezvlxcgouzbpmsmxzads/Build/Intermediates.noindex/HearifyV1.build/Debug-iphoneos/HearifyV1.build/Objects-normal/arm64/HearifyV1_const_extract_protocols.json -Xcc -iquote -Xcc /Users/Veer/Library/Developer/Xcode/DerivedData/HearifyV1-ftljoypfezvlxcgouzbpmsmxzads/Build/Intermediates.noindex/HearifyV1.build/Debug-iphoneos/HearifyV1.build/HearifyV1-generated-files.hmap -Xcc -I/Users/Veer/Library/Developer/Xcode/DerivedData/HearifyV1-ftljoypfezvlxcgouzbpmsmxzads/Build/Intermediates.noindex/HearifyV1.build/Debug-iphoneos/HearifyV1.build/HearifyV1-own-target-headers.hmap -Xcc -I/Users/Veer/Library/Developer/Xcode/DerivedData/HearifyV1-ftljoypfezvlxcgouzbpmsmxzads/Build/Intermediates.noindex/HearifyV1.build/Debug-iphoneos/HearifyV1.build/HearifyV1-all-non-framework-target-headers.hmap -Xcc -ivfsoverlay -Xcc /Users/Veer/Library/Developer/Xcode/DerivedData/HearifyV1-ftljoypfezvlxcgouzbpmsmxzads/Build/Intermediates.noindex/HearifyV1.build/Debug-iphoneos/HearifyV1-521b383a001212c1ccf60a43897f0080-VFS-iphoneos/all-product-headers.yaml -Xcc -iquote -Xcc /Users/Veer/Library/Developer/Xcode/DerivedData/HearifyV1-ftljoypfezvlxcgouzbpmsmxzads/Build/Intermediates.noindex/HearifyV1.build/Debug-iphoneos/HearifyV1.build/HearifyV1-project-headers.hmap -Xcc -I/Users/Veer/Library/Developer/Xcode/DerivedData/HearifyV1-ftljoypfezvlxcgouzbpmsmxzads/SourcePackages/checkouts/interop-ios-for-google-sdks/RecaptchaEnterprise/RecaptchaInterop/Public -Xcc -I/Users/Veer/Library/Developer/Xcode/DerivedData/HearifyV1-ftljoypfezvlxcgouzbpmsmxzads/SourcePackages/checkouts/GoogleUtilities/GoogleUtilities/Network/Public -Xcc -I/Users/Veer/Library/Developer/Xcode/DerivedData/HearifyV1-ftljoypfezvlxcgouzbpmsmxzads/SourcePackages/checkouts/GoogleUtilities/GoogleUtilities/Reachability/Public -Xcc -I/Users/Veer/Library/Developer/Xcode/DerivedData/HearifyV1-ftljoypfezvlxcgouzbpmsmxzads/SourcePackages/checkouts/GoogleUtilities/GoogleUtilities/AppDelegateSwizzler/Public -Xcc -I/Users/Veer/Library/Developer/Xcode/DerivedData/HearifyV1-ftljoypfezvlxcgouzbpmsmxzads/SourcePackages/checkouts/gtm-session-fetcher/Sources/Core/Public -Xcc -I/Users/Veer/Library/Developer/Xcode/DerivedData/HearifyV1-ftljoypfezvlxcgouzbpmsmxzads/SourcePackages/checkouts/firebase-ios-sdk/FirebaseAuth/Sources/Public -Xcc -I/Users/Veer/Library/Developer/Xcode/DerivedData/HearifyV1-ftljoypfezvlxcgouzbpmsmxzads/SourcePackages/checkouts/firebase-ios-sdk/FirebaseAuth/Interop/Public -Xcc -I/Users/Veer/Library/Developer/Xcode/DerivedData/HearifyV1-ftljoypfezvlxcgouzbpmsmxzads/SourcePackages/checkouts/GoogleUtilities/GoogleUtilities/NSData+zlib/Public -Xcc -I/Users/Veer/Library/Developer/Xcode/DerivedData/HearifyV1-ftljoypfezvlxcgouzbpmsmxzads/SourcePackages/checkouts/GoogleUtilities/GoogleUtilities/Environment/Public -Xcc -I/Users/Veer/Library/Developer/Xcode/DerivedData/HearifyV1-ftljoypfezvlxcgouzbpmsmxzads/SourcePackages/checkouts/GoogleUtilities/third_party/IsAppEncrypted/Public -Xcc -I/Users/Veer/Library/Developer/Xcode/DerivedData/HearifyV1-ftljoypfezvlxcgouzbpmsmxzads/SourcePackages/checkouts/GoogleUtilities/GoogleUtilities/Logger/Public -Xcc -I/Users/Veer/Library/Developer/Xcode/DerivedData/HearifyV1-ftljoypfezvlxcgouzbpmsmxzads/SourcePackages/checkouts/abseil-cpp-binary/absl-Wrapper/include -Xcc -I/Users/Veer/Library/Developer/Xcode/DerivedData/HearifyV1-ftljoypfezvlxcgouzbpmsmxzads/SourcePackages/checkouts/grpc-binary/openssl-grpc-Wrapper/include -Xcc -I/Users/Veer/Library/Developer/Xcode/DerivedData/HearifyV1-ftljoypfezvlxcgouzbpmsmxzads/SourcePackages/checkouts/grpc-binary/grpc-Wrapper/include -Xcc -I/Users/Veer/Library/Developer/Xcode/DerivedData/HearifyV1-ftljoypfezvlxcgouzbpmsmxzads/SourcePackages/checkouts/grpc-binary/grpcpp-Wrapper/include -Xcc -I/Users/Veer/Library/Developer/Xcode/DerivedData/HearifyV1-ftljoypfezvlxcgouzbpmsmxzads/SourcePackages/checkouts/nanopb/spm_headers -Xcc -I/Users/Veer/Library/Developer/Xcode/DerivedData/HearifyV1-ftljoypfezvlxcgouzbpmsmxzads/SourcePackages/checkouts/leveldb/include -Xcc -I/Users/Veer/Library/Developer/Xcode/DerivedData/HearifyV1-ftljoypfezvlxcgouzbpmsmxzads/SourcePackages/checkouts/firebase-ios-sdk/FirebaseCore/Extension -Xcc -I/Users/Veer/Library/Developer/Xcode/DerivedData/HearifyV1-ftljoypfezvlxcgouzbpmsmxzads/SourcePackages/checkouts/firebase-ios-sdk/FirebaseCore/Sources/Public -Xcc -I/Users/Veer/Library/Developer/Xcode/DerivedData/HearifyV1-ftljoypfezvlxcgouzbpmsmxzads/SourcePackages/checkouts/firebase-ios-sdk/CoreOnly/Sources -Xcc -I/Users/Veer/Library/Developer/Xcode/DerivedData/HearifyV1-ftljoypfezvlxcgouzbpmsmxzads/SourcePackages/checkouts/firebase-ios-sdk/FirebaseAppCheck/Interop/Public -Xcc -I/Users/Veer/Library/Developer/Xcode/DerivedData/HearifyV1-ftljoypfezvlxcgouzbpmsmxzads/SourcePackages/checkouts/firebase-ios-sdk/FirebaseFirestoreInternal -Xcc -I/Users/Veer/Library/Developer/Xcode/DerivedData/HearifyV1-ftljoypfezvlxcgouzbpmsmxzads/SourcePackages/checkouts/firebase-ios-sdk/SwiftPM-PlatformExclude/FirebaseFirestoreWrap/include -Xcc -I/Users/Veer/Library/Developer/Xcode/DerivedData/HearifyV1-ftljoypfezvlxcgouzbpmsmxzads/Build/Products/Debug-iphoneos/include -Xcc -I/Users/Veer/Library/Developer/Xcode/DerivedData/HearifyV1-ftljoypfezvlxcgouzbpmsmxzads/Build/Intermediates.noindex/HearifyV1.build/Debug-iphoneos/HearifyV1.build/DerivedSources-normal/arm64 -Xcc -I/Users/Veer/Library/Developer/Xcode/DerivedData/HearifyV1-ftljoypfezvlxcgouzbpmsmxzads/Build/Intermediates.noindex/HearifyV1.build/Debug-iphoneos/HearifyV1.build/DerivedSources/arm64 -Xcc -I/Users/Veer/Library/Developer/Xcode/DerivedData/HearifyV1-ftljoypfezvlxcgouzbpmsmxzads/Build/Intermediates.noindex/HearifyV1.build/Debug-iphoneos/HearifyV1.build/DerivedSources -Xcc -DDEBUG\=1 -emit-objc-header -emit-objc-header-path /Users/Veer/Library/Developer/Xcode/DerivedData/HearifyV1-ftljoypfezvlxcgouzbpmsmxzads/Build/Intermediates.noindex/HearifyV1.build/Debug-iphoneos/HearifyV1.build/Objects-normal/arm64/HearifyV1-Swift.h -working-directory /Users/Veer/Library/Mobile\ Documents/com\~apple\~CloudDocs/HearifyV1 -experimental-emit-module-separately -disable-cmo
/Users/Veer/Library/Mobile Documents/com~apple~CloudDocs/HearifyV1/HearifyV1/ContentView.swift:16928:1: error: Extraneous '}' at top level
}
^ (in target 'HearifyV1' from project 'HearifyV1')

SwiftDriverJobDiscovery normal arm64 Compiling VerifyCustomTokenRequest.swift, VerifyCustomTokenResponse.swift, VerifyPasswordRequest.swift, VerifyPasswordResponse.swift, VerifyPhoneNumberRequest.swift, VerifyPhoneNumberResponse.swift, VerifyClientRequest.swift, VerifyClientResponse.swift, Base64URLEncodedStringExtension.swift, MultiFactor.swift, MultiFactorAssertion.swift, MultiFactorInfo.swift, MultiFactorResolver.swift, MultiFactorSession.swift (in target 'FirebaseAuth' from project 'Firebase')

RegisterExecutionPolicyException /Users/Veer/Library/Developer/Xcode/DerivedData/HearifyV1-ftljoypfezvlxcgouzbpmsmxzads/Build/Products/Debug-iphoneos/FirebaseCore.o (in target 'FirebaseCore' from project 'Firebase')
    cd /Users/Veer/Library/Developer/Xcode/DerivedData/HearifyV1-ftljoypfezvlxcgouzbpmsmxzads/SourcePackages/checkouts/firebase-ios-sdk
    builtin-RegisterExecutionPolicyException /Users/Veer/Library/Developer/Xcode/DerivedData/HearifyV1-ftljoypfezvlxcgouzbpmsmxzads/Build/Products/Debug-iphoneos/FirebaseCore.o

Ld /Users/Veer/Library/Developer/Xcode/DerivedData/HearifyV1-ftljoypfezvlxcgouzbpmsmxzads/Build/Products/Debug-iphoneos/FirebaseStorage.o normal (in target 'FirebaseStorage' from project 'Firebase')
    cd /Users/Veer/Library/Developer/Xcode/DerivedData/HearifyV1-ftljoypfezvlxcgouzbpmsmxzads/SourcePackages/checkouts/firebase-ios-sdk
    /Applications/Xcode.app/Contents/Developer/Toolchains/XcodeDefault.xctoolchain/usr/bin/clang -Xlinker -reproducible -target arm64-apple-ios15.0 -r -isysroot /Applications/Xcode.app/Contents/Developer/Platforms/iPhoneOS.platform/Developer/SDKs/iPhoneOS26.2.sdk -O0 -w -L/Users/Veer/Library/Developer/Xcode/DerivedData/HearifyV1-ftljoypfezvlxcgouzbpmsmxzads/Build/Intermediates.noindex/EagerLinkingTBDs/Debug-iphoneos -L/Users/Veer/Library/Developer/Xcode/DerivedData/HearifyV1-ftljoypfezvlxcgouzbpmsmxzads/Build/Products/Debug-iphoneos -L/Applications/Xcode.app/Contents/Developer/Platforms/iPhoneOS.platform/Developer/usr/lib -F/Users/Veer/Library/Developer/Xcode/DerivedData/HearifyV1-ftljoypfezvlxcgouzbpmsmxzads/Build/Intermediates.noindex/EagerLinkingTBDs/Debug-iphoneos -F/Users/Veer/Library/Developer/Xcode/DerivedData/HearifyV1-ftljoypfezvlxcgouzbpmsmxzads/Build/Products/Debug-iphoneos/PackageFrameworks -F/Users/Veer/Library/Developer/Xcode/DerivedData/HearifyV1-ftljoypfezvlxcgouzbpmsmxzads/Build/Products/Debug-iphoneos/PackageFrameworks -F/Users/Veer/Library/Developer/Xcode/DerivedData/HearifyV1-ftljoypfezvlxcgouzbpmsmxzads/Build/Products/Debug-iphoneos/PackageFrameworks -F/Users/Veer/Library/Developer/Xcode/DerivedData/HearifyV1-ftljoypfezvlxcgouzbpmsmxzads/Build/Products/Debug-iphoneos/PackageFrameworks -F/Users/Veer/Library/Developer/Xcode/DerivedData/HearifyV1-ftljoypfezvlxcgouzbpmsmxzads/Build/Products/Debug-iphoneos/PackageFrameworks -F/Users/Veer/Library/Developer/Xcode/DerivedData/HearifyV1-ftljoypfezvlxcgouzbpmsmxzads/Build/Products/Debug-iphoneos/PackageFrameworks -F/Users/Veer/Library/Developer/Xcode/DerivedData/HearifyV1-ftljoypfezvlxcgouzbpmsmxzads/Build/Products/Debug-iphoneos/PackageFrameworks -F/Users/Veer/Library/Developer/Xcode/DerivedData/HearifyV1-ftljoypfezvlxcgouzbpmsmxzads/Build/Products/Debug-iphoneos/PackageFrameworks -F/Users/Veer/Library/Developer/Xcode/DerivedData/HearifyV1-ftljoypfezvlxcgouzbpmsmxzads/Build/Products/Debug-iphoneos/PackageFrameworks -F/Users/Veer/Library/Developer/Xcode/DerivedData/HearifyV1-ftljoypfezvlxcgouzbpmsmxzads/Build/Products/Debug-iphoneos/PackageFrameworks -F/Users/Veer/Library/Developer/Xcode/DerivedData/HearifyV1-ftljoypfezvlxcgouzbpmsmxzads/Build/Products/Debug-iphoneos/PackageFrameworks -F/Users/Veer/Library/Developer/Xcode/DerivedData/HearifyV1-ftljoypfezvlxcgouzbpmsmxzads/Build/Products/Debug-iphoneos -iframework /Applications/Xcode.app/Contents/Developer/Platforms/iPhoneOS.platform/Developer/Library/Frameworks -iframework /Applications/Xcode.app/Contents/Developer/Platforms/iPhoneOS.platform/Developer/SDKs/iPhoneOS26.2.sdk/Developer/Library/Frameworks -filelist /Users/Veer/Library/Developer/Xcode/DerivedData/HearifyV1-ftljoypfezvlxcgouzbpmsmxzads/Build/Intermediates.noindex/Firebase.build/Debug-iphoneos/FirebaseStorage.build/Objects-normal/arm64/FirebaseStorage.LinkFileList -nostdlib -Xlinker -object_path_lto -Xlinker /Users/Veer/Library/Developer/Xcode/DerivedData/HearifyV1-ftljoypfezvlxcgouzbpmsmxzads/Build/Intermediates.noindex/Firebase.build/Debug-iphoneos/FirebaseStorage.build/Objects-normal/arm64/FirebaseStorage_lto.o -rdynamic -Xlinker -no_deduplicate -Xlinker -debug_variant -Xlinker -dependency_info -Xlinker /Users/Veer/Library/Developer/Xcode/DerivedData/HearifyV1-ftljoypfezvlxcgouzbpmsmxzads/Build/Intermediates.noindex/Firebase.build/Debug-iphoneos/FirebaseStorage.build/Objects-normal/arm64/FirebaseStorage_dependency_info.dat -fobjc-link-runtime -L/Applications/Xcode.app/Contents/Developer/Toolchains/XcodeDefault.xctoolchain/usr/lib/swift/iphoneos -L/usr/lib/swift -Xlinker -add_ast_path -Xlinker /Users/Veer/Library/Developer/Xcode/DerivedData/HearifyV1-ftljoypfezvlxcgouzbpmsmxzads/Build/Intermediates.noindex/Firebase.build/Debug-iphoneos/FirebaseStorage.build/Objects-normal/arm64/FirebaseStorage.swiftmodule @/Users/Veer/Library/Developer/Xcode/DerivedData/HearifyV1-ftljoypfezvlxcgouzbpmsmxzads/Build/Intermediates.noindex/Firebase.build/Debug-iphoneos/FirebaseStorage.build/Objects-normal/arm64/FirebaseStorage-linker-args.resp -o /Users/Veer/Library/Developer/Xcode/DerivedData/HearifyV1-ftljoypfezvlxcgouzbpmsmxzads/Build/Products/Debug-iphoneos/FirebaseStorage.o

ExtractAppIntentsMetadata (in target 'FirebaseStorage' from project 'Firebase')
    cd /Users/Veer/Library/Developer/Xcode/DerivedData/HearifyV1-ftljoypfezvlxcgouzbpmsmxzads/SourcePackages/checkouts/firebase-ios-sdk
    /Applications/Xcode.app/Contents/Developer/Toolchains/XcodeDefault.xctoolchain/usr/bin/appintentsmetadataprocessor --toolchain-dir /Applications/Xcode.app/Contents/Developer/Toolchains/XcodeDefault.xctoolchain --module-name FirebaseStorage --sdk-root /Applications/Xcode.app/Contents/Developer/Platforms/iPhoneOS.platform/Developer/SDKs/iPhoneOS26.2.sdk --xcode-version 17C52 --platform-family iOS --deployment-target 15.0 --bundle-identifier firebase-ios-sdk.FirebaseStorage --output /Users/Veer/Library/Developer/Xcode/DerivedData/HearifyV1-ftljoypfezvlxcgouzbpmsmxzads/Build/Products/Debug-iphoneos/FirebaseStorage.appintents --target-triple arm64-apple-ios15.0 --binary-file /Users/Veer/Library/Developer/Xcode/DerivedData/HearifyV1-ftljoypfezvlxcgouzbpmsmxzads/Build/Products/Debug-iphoneos/FirebaseStorage.o --dependency-file /Users/Veer/Library/Developer/Xcode/DerivedData/HearifyV1-ftljoypfezvlxcgouzbpmsmxzads/Build/Intermediates.noindex/Firebase.build/Debug-iphoneos/FirebaseStorage.build/Objects-normal/arm64/FirebaseStorage_dependency_info.dat --stringsdata-file /Users/Veer/Library/Developer/Xcode/DerivedData/HearifyV1-ftljoypfezvlxcgouzbpmsmxzads/Build/Intermediates.noindex/Firebase.build/Debug-iphoneos/FirebaseStorage.build/Objects-normal/arm64/ExtractedAppShortcutsMetadata.stringsdata --source-file-list /Users/Veer/Library/Developer/Xcode/DerivedData/HearifyV1-ftljoypfezvlxcgouzbpmsmxzads/Build/Intermediates.noindex/Firebase.build/Debug-iphoneos/FirebaseStorage.build/Objects-normal/arm64/FirebaseStorage.SwiftFileList --metadata-file-list /Users/Veer/Library/Developer/Xcode/DerivedData/HearifyV1-ftljoypfezvlxcgouzbpmsmxzads/Build/Intermediates.noindex/Firebase.build/Debug-iphoneos/FirebaseStorage.build/FirebaseStorage.DependencyMetadataFileList --static-metadata-file-list /Users/Veer/Library/Developer/Xcode/DerivedData/HearifyV1-ftljoypfezvlxcgouzbpmsmxzads/Build/Intermediates.noindex/Firebase.build/Debug-iphoneos/FirebaseStorage.build/FirebaseStorage.DependencyStaticMetadataFileList --swift-const-vals-list /Users/Veer/Library/Developer/Xcode/DerivedData/HearifyV1-ftljoypfezvlxcgouzbpmsmxzads/Build/Intermediates.noindex/Firebase.build/Debug-iphoneos/FirebaseStorage.build/Objects-normal/arm64/FirebaseStorage.SwiftConstValuesFileList --force --compile-time-extraction --deployment-aware-processing --validate-assistant-intents --no-app-shortcuts-localization
2026-02-02 01:04:47.180 appintentsmetadataprocessor[54027:9874864] Starting appintentsmetadataprocessor export
2026-02-02 01:04:49.064 appintentsmetadataprocessor[54027:9874864] Extracted no relevant App Intents symbols, skipping writing output

SwiftDriverJobDiscovery normal arm64 Compiling AuthRPCRequest.swift, AuthRPCResponse.swift, AuthRequestConfiguration.swift, IdentityToolkitRequest.swift, AuthMFAResponse.swift, CreateAuthURIRequest.swift, CreateAuthURIResponse.swift, DeleteAccountRequest.swift, DeleteAccountResponse.swift, EmailLinkSignInRequest.swift, EmailLinkSignInResponse.swift, GetAccountInfoRequest.swift, GetAccountInfoResponse.swift, GetOOBConfirmationCodeRequest.swift (in target 'FirebaseAuth' from project 'Firebase')

RegisterExecutionPolicyException /Users/Veer/Library/Developer/Xcode/DerivedData/HearifyV1-ftljoypfezvlxcgouzbpmsmxzads/Build/Products/Debug-iphoneos/FirebaseStorage.o (in target 'FirebaseStorage' from project 'Firebase')
    cd /Users/Veer/Library/Developer/Xcode/DerivedData/HearifyV1-ftljoypfezvlxcgouzbpmsmxzads/SourcePackages/checkouts/firebase-ios-sdk
    builtin-RegisterExecutionPolicyException /Users/Veer/Library/Developer/Xcode/DerivedData/HearifyV1-ftljoypfezvlxcgouzbpmsmxzads/Build/Products/Debug-iphoneos/FirebaseStorage.o

SwiftDriverJobDiscovery normal arm64 Compiling PhoneMultiFactorAssertion.swift, PhoneMultiFactorGenerator.swift, PhoneMultiFactorInfo.swift, TOTPMultFactorAssertion.swift, TOTPMultiFactorGenerator.swift, TOTPMultiFactorInfo.swift, TOTPSecret.swift, AuthKeychainServices.swift, AuthKeychainStorage.swift, AuthKeychainStorageReal.swift, AuthUserDefaults.swift, AuthAPNSToken.swift, AuthAPNSTokenManager.swift (in target 'FirebaseAuth' from project 'Firebase')

SwiftDriverJobDiscovery normal arm64 Compiling PipelineResultChange.swift, PipelineWrapper.swift, FirestoreQuery.swift, FirestoreQueryObservable.swift, QueryPredicate.swift, Stages.swift (in target 'FirebaseFirestore' from project 'Firebase')

SwiftDriver\ Compilation FirebaseFirestore normal arm64 com.apple.xcode.tools.swift.compiler (in target 'FirebaseFirestore' from project 'Firebase')
    cd /Users/Veer/Library/Mobile\ Documents/com\~apple\~CloudDocs/HearifyV1/HearifyV1.xcodeproj
    builtin-Swift-Compilation -- /Applications/Xcode.app/Contents/Developer/Toolchains/XcodeDefault.xctoolchain/usr/bin/swiftc -module-name FirebaseFirestore -Onone -enforce-exclusivity\=checked @/Users/Veer/Library/Developer/Xcode/DerivedData/HearifyV1-ftljoypfezvlxcgouzbpmsmxzads/Build/Intermediates.noindex/Firebase.build/Debug-iphoneos/FirebaseFirestore.build/Objects-normal/arm64/FirebaseFirestore.SwiftFileList -DSWIFT_PACKAGE -DDEBUG -DSWIFT_MODULE_RESOURCE_BUNDLE_AVAILABLE -Xcc -fmodule-map-file\=/Users/Veer/Library/Developer/Xcode/DerivedData/HearifyV1-ftljoypfezvlxcgouzbpmsmxzads/Build/Intermediates.noindex/GeneratedModuleMaps-iphoneos/GoogleUtilities-NSData.modulemap -Xcc -fmodule-map-file\=/Users/Veer/Library/Developer/Xcode/DerivedData/HearifyV1-ftljoypfezvlxcgouzbpmsmxzads/Build/Intermediates.noindex/GeneratedModuleMaps-iphoneos/GoogleUtilities-Environment.modulemap -Xcc -fmodule-map-file\=/Users/Veer/Library/Developer/Xcode/DerivedData/HearifyV1-ftljoypfezvlxcgouzbpmsmxzads/Build/Intermediates.noindex/GeneratedModuleMaps-iphoneos/third-party-IsAppEncrypted.modulemap -Xcc -fmodule-map-file\=/Users/Veer/Library/Developer/Xcode/DerivedData/HearifyV1-ftljoypfezvlxcgouzbpmsmxzads/Build/Intermediates.noindex/GeneratedModuleMaps-iphoneos/GoogleUtilities-Logger.modulemap -Xcc -fmodule-map-file\=/Users/Veer/Library/Developer/Xcode/DerivedData/HearifyV1-ftljoypfezvlxcgouzbpmsmxzads/Build/Intermediates.noindex/GeneratedModuleMaps-iphoneos/abslWrapper.modulemap -Xcc -fmodule-map-file\=/Users/Veer/Library/Developer/Xcode/DerivedData/HearifyV1-ftljoypfezvlxcgouzbpmsmxzads/Build/Intermediates.noindex/GeneratedModuleMaps-iphoneos/opensslWrapper.modulemap -Xcc -fmodule-map-file\=/Users/Veer/Library/Developer/Xcode/DerivedData/HearifyV1-ftljoypfezvlxcgouzbpmsmxzads/Build/Intermediates.noindex/GeneratedModuleMaps-iphoneos/grpcWrapper.modulemap -Xcc -fmodule-map-file\=/Users/Veer/Library/Developer/Xcode/DerivedData/HearifyV1-ftljoypfezvlxcgouzbpmsmxzads/Build/Intermediates.noindex/GeneratedModuleMaps-iphoneos/grpcppWrapper.modulemap -Xcc -fmodule-map-file\=/Users/Veer/Library/Developer/Xcode/DerivedData/HearifyV1-ftljoypfezvlxcgouzbpmsmxzads/Build/Intermediates.noindex/GeneratedModuleMaps-iphoneos/nanopb.modulemap -Xcc -fmodule-map-file\=/Users/Veer/Library/Developer/Xcode/DerivedData/HearifyV1-ftljoypfezvlxcgouzbpmsmxzads/Build/Intermediates.noindex/GeneratedModuleMaps-iphoneos/leveldb.modulemap -Xcc -fmodule-map-file\=/Users/Veer/Library/Developer/Xcode/DerivedData/HearifyV1-ftljoypfezvlxcgouzbpmsmxzads/Build/Intermediates.noindex/GeneratedModuleMaps-iphoneos/FirebaseCoreExtension.modulemap -Xcc -fmodule-map-file\=/Users/Veer/Library/Developer/Xcode/DerivedData/HearifyV1-ftljoypfezvlxcgouzbpmsmxzads/Build/Intermediates.noindex/GeneratedModuleMaps-iphoneos/FirebaseCore.modulemap -Xcc -fmodule-map-file\=/Users/Veer/Library/Developer/Xcode/DerivedData/HearifyV1-ftljoypfezvlxcgouzbpmsmxzads/Build/Intermediates.noindex/GeneratedModuleMaps-iphoneos/FirebaseAppCheckInterop.modulemap -Xcc -fmodule-map-file\=/Users/Veer/Library/Developer/Xcode/DerivedData/HearifyV1-ftljoypfezvlxcgouzbpmsmxzads/Build/Intermediates.noindex/GeneratedModuleMaps-iphoneos/FirebaseFirestoreInternalWrapper.modulemap -DXcode -plugin-path /Applications/Xcode.app/Contents/Developer/Toolchains/XcodeDefault.xctoolchain/usr/lib/swift/host/plugins/testing -enable-experimental-feature DebugDescriptionMacro -sdk /Applications/Xcode.app/Contents/Developer/Platforms/iPhoneOS.platform/Developer/SDKs/iPhoneOS26.2.sdk -target arm64-apple-ios15.0 -g -module-cache-path /Users/Veer/Library/Developer/Xcode/DerivedData/ModuleCache.noindex -Xfrontend -serialize-debugging-options -profile-coverage-mapping -profile-generate -enable-testing -suppress-warnings -index-store-path /Users/Veer/Library/Developer/Xcode/DerivedData/HearifyV1-ftljoypfezvlxcgouzbpmsmxzads/Index.noindex/DataStore -Xcc -D_LIBCPP_HARDENING_MODE\=_LIBCPP_HARDENING_MODE_DEBUG -swift-version 5 -I /Users/Veer/Library/Developer/Xcode/DerivedData/HearifyV1-ftljoypfezvlxcgouzbpmsmxzads/Build/Products/Debug-iphoneos -Isystem /Applications/Xcode.app/Contents/Developer/Platforms/iPhoneOS.platform/Developer/usr/lib -F /Users/Veer/Library/Developer/Xcode/DerivedData/HearifyV1-ftljoypfezvlxcgouzbpmsmxzads/Build/Products/Debug-iphoneos/PackageFrameworks -F /Users/Veer/Library/Developer/Xcode/DerivedData/HearifyV1-ftljoypfezvlxcgouzbpmsmxzads/Build/Products/Debug-iphoneos/PackageFrameworks -F /Users/Veer/Library/Developer/Xcode/DerivedData/HearifyV1-ftljoypfezvlxcgouzbpmsmxzads/Build/Products/Debug-iphoneos/PackageFrameworks -F /Users/Veer/Library/Developer/Xcode/DerivedData/HearifyV1-ftljoypfezvlxcgouzbpmsmxzads/Build/Products/Debug-iphoneos/PackageFrameworks -F /Users/Veer/Library/Developer/Xcode/DerivedData/HearifyV1-ftljoypfezvlxcgouzbpmsmxzads/Build/Products/Debug-iphoneos/PackageFrameworks -F /Users/Veer/Library/Developer/Xcode/DerivedData/HearifyV1-ftljoypfezvlxcgouzbpmsmxzads/Build/Products/Debug-iphoneos/PackageFrameworks -F /Users/Veer/Library/Developer/Xcode/DerivedData/HearifyV1-ftljoypfezvlxcgouzbpmsmxzads/Build/Products/Debug-iphoneos/PackageFrameworks -F /Users/Veer/Library/Developer/Xcode/DerivedData/HearifyV1-ftljoypfezvlxcgouzbpmsmxzads/Build/Products/Debug-iphoneos/PackageFrameworks -F /Users/Veer/Library/Developer/Xcode/DerivedData/HearifyV1-ftljoypfezvlxcgouzbpmsmxzads/Build/Products/Debug-iphoneos/PackageFrameworks -F /Users/Veer/Library/Developer/Xcode/DerivedData/HearifyV1-ftljoypfezvlxcgouzbpmsmxzads/Build/Products/Debug-iphoneos/PackageFrameworks -F /Users/Veer/Library/Developer/Xcode/DerivedData/HearifyV1-ftljoypfezvlxcgouzbpmsmxzads/Build/Products/Debug-iphoneos/PackageFrameworks -F /Users/Veer/Library/Developer/Xcode/DerivedData/HearifyV1-ftljoypfezvlxcgouzbpmsmxzads/Build/Products/Debug-iphoneos/PackageFrameworks -F /Users/Veer/Library/Developer/Xcode/DerivedData/HearifyV1-ftljoypfezvlxcgouzbpmsmxzads/Build/Products/Debug-iphoneos/PackageFrameworks -F /Users/Veer/Library/Developer/Xcode/DerivedData/HearifyV1-ftljoypfezvlxcgouzbpmsmxzads/Build/Products/Debug-iphoneos/PackageFrameworks -F /Users/Veer/Library/Developer/Xcode/DerivedData/HearifyV1-ftljoypfezvlxcgouzbpmsmxzads/Build/Products/Debug-iphoneos/PackageFrameworks -F /Users/Veer/Library/Developer/Xcode/DerivedData/HearifyV1-ftljoypfezvlxcgouzbpmsmxzads/Build/Products/Debug-iphoneos/PackageFrameworks -F /Users/Veer/Library/Developer/Xcode/DerivedData/HearifyV1-ftljoypfezvlxcgouzbpmsmxzads/Build/Products/Debug-iphoneos/PackageFrameworks -F /Users/Veer/Library/Developer/Xcode/DerivedData/HearifyV1-ftljoypfezvlxcgouzbpmsmxzads/Build/Products/Debug-iphoneos -F /Applications/Xcode.app/Contents/Developer/Platforms/iPhoneOS.platform/Developer/Library/Frameworks -F /Applications/Xcode.app/Contents/Developer/Platforms/iPhoneOS.platform/Developer/SDKs/iPhoneOS26.2.sdk/Developer/Library/Frameworks -c -j10 -enable-batch-mode -incremental -Xcc -ivfsstatcache -Xcc /Users/Veer/Library/Developer/Xcode/DerivedData/SDKStatCaches.noindex/iphoneos26.2-23C53-3794476bd08197c3e2abd9bb477ef7f7.sdkstatcache -output-file-map /Users/Veer/Library/Developer/Xcode/DerivedData/HearifyV1-ftljoypfezvlxcgouzbpmsmxzads/Build/Intermediates.noindex/Firebase.build/Debug-iphoneos/FirebaseFirestore.build/Objects-normal/arm64/FirebaseFirestore-OutputFileMap.json -use-frontend-parseable-output -save-temps -no-color-diagnostics -explicit-module-build -module-cache-path /Users/Veer/Library/Developer/Xcode/DerivedData/HearifyV1-ftljoypfezvlxcgouzbpmsmxzads/Build/Intermediates.noindex/SwiftExplicitPrecompiledModules -clang-scanner-module-cache-path /Users/Veer/Library/Developer/Xcode/DerivedData/ModuleCache.noindex -sdk-module-cache-path /Users/Veer/Library/Developer/Xcode/DerivedData/ModuleCache.noindex -serialize-diagnostics -emit-dependencies -emit-module -emit-module-path /Users/Veer/Library/Developer/Xcode/DerivedData/HearifyV1-ftljoypfezvlxcgouzbpmsmxzads/Build/Intermediates.noindex/Firebase.build/Debug-iphoneos/FirebaseFirestore.build/Objects-normal/arm64/FirebaseFirestore.swiftmodule -user-module-version 12.8.0 -validate-clang-modules-once -clang-build-session-file /Users/Veer/Library/Developer/Xcode/DerivedData/ModuleCache.noindex/Session.modulevalidation -package-name firebase_ios_sdk -Xcc -I/Users/Veer/Library/Developer/Xcode/DerivedData/HearifyV1-ftljoypfezvlxcgouzbpmsmxzads/Build/Intermediates.noindex/Firebase.build/Debug-iphoneos/FirebaseFirestore.build/swift-overrides.hmap -emit-const-values -Xfrontend -const-gather-protocols-file -Xfrontend /Users/Veer/Library/Developer/Xcode/DerivedData/HearifyV1-ftljoypfezvlxcgouzbpmsmxzads/Build/Intermediates.noindex/Firebase.build/Debug-iphoneos/FirebaseFirestore.build/Objects-normal/arm64/FirebaseFirestore_const_extract_protocols.json -Xcc -I/Users/Veer/Library/Developer/Xcode/DerivedData/HearifyV1-ftljoypfezvlxcgouzbpmsmxzads/SourcePackages/checkouts/GoogleUtilities/GoogleUtilities/NSData+zlib/Public -Xcc -I/Users/Veer/Library/Developer/Xcode/DerivedData/HearifyV1-ftljoypfezvlxcgouzbpmsmxzads/SourcePackages/checkouts/GoogleUtilities/GoogleUtilities/Environment/Public -Xcc -I/Users/Veer/Library/Developer/Xcode/DerivedData/HearifyV1-ftljoypfezvlxcgouzbpmsmxzads/SourcePackages/checkouts/GoogleUtilities/third_party/IsAppEncrypted/Public -Xcc -I/Users/Veer/Library/Developer/Xcode/DerivedData/HearifyV1-ftljoypfezvlxcgouzbpmsmxzads/SourcePackages/checkouts/GoogleUtilities/GoogleUtilities/Logger/Public -Xcc -I/Users/Veer/Library/Developer/Xcode/DerivedData/HearifyV1-ftljoypfezvlxcgouzbpmsmxzads/SourcePackages/checkouts/abseil-cpp-binary/absl-Wrapper/include -Xcc -I/Users/Veer/Library/Developer/Xcode/DerivedData/HearifyV1-ftljoypfezvlxcgouzbpmsmxzads/SourcePackages/checkouts/grpc-binary/openssl-grpc-Wrapper/include -Xcc -I/Users/Veer/Library/Developer/Xcode/DerivedData/HearifyV1-ftljoypfezvlxcgouzbpmsmxzads/SourcePackages/checkouts/grpc-binary/grpc-Wrapper/include -Xcc -I/Users/Veer/Library/Developer/Xcode/DerivedData/HearifyV1-ftljoypfezvlxcgouzbpmsmxzads/SourcePackages/checkouts/grpc-binary/grpcpp-Wrapper/include -Xcc -I/Users/Veer/Library/Developer/Xcode/DerivedData/HearifyV1-ftljoypfezvlxcgouzbpmsmxzads/SourcePackages/checkouts/nanopb/spm_headers -Xcc -I/Users/Veer/Library/Developer/Xcode/DerivedData/HearifyV1-ftljoypfezvlxcgouzbpmsmxzads/SourcePackages/checkouts/leveldb/include -Xcc -I/Users/Veer/Library/Developer/Xcode/DerivedData/HearifyV1-ftljoypfezvlxcgouzbpmsmxzads/SourcePackages/checkouts/firebase-ios-sdk/FirebaseCore/Extension -Xcc -I/Users/Veer/Library/Developer/Xcode/DerivedData/HearifyV1-ftljoypfezvlxcgouzbpmsmxzads/SourcePackages/checkouts/firebase-ios-sdk/FirebaseCore/Sources/Public -Xcc -I/Users/Veer/Library/Developer/Xcode/DerivedData/HearifyV1-ftljoypfezvlxcgouzbpmsmxzads/SourcePackages/checkouts/firebase-ios-sdk/CoreOnly/Sources -Xcc -I/Users/Veer/Library/Developer/Xcode/DerivedData/HearifyV1-ftljoypfezvlxcgouzbpmsmxzads/SourcePackages/checkouts/firebase-ios-sdk/FirebaseAppCheck/Interop/Public -Xcc -I/Users/Veer/Library/Developer/Xcode/DerivedData/HearifyV1-ftljoypfezvlxcgouzbpmsmxzads/SourcePackages/checkouts/firebase-ios-sdk/FirebaseFirestoreInternal -Xcc -I/Users/Veer/Library/Developer/Xcode/DerivedData/HearifyV1-ftljoypfezvlxcgouzbpmsmxzads/Build/Products/Debug-iphoneos/include -Xcc -I/Users/Veer/Library/Developer/Xcode/DerivedData/HearifyV1-ftljoypfezvlxcgouzbpmsmxzads/Build/Intermediates.noindex/Firebase.build/Debug-iphoneos/FirebaseFirestore.build/DerivedSources-normal/arm64 -Xcc -I/Users/Veer/Library/Developer/Xcode/DerivedData/HearifyV1-ftljoypfezvlxcgouzbpmsmxzads/Build/Intermediates.noindex/Firebase.build/Debug-iphoneos/FirebaseFirestore.build/DerivedSources/arm64 -Xcc -I/Users/Veer/Library/Developer/Xcode/DerivedData/HearifyV1-ftljoypfezvlxcgouzbpmsmxzads/Build/Intermediates.noindex/Firebase.build/Debug-iphoneos/FirebaseFirestore.build/DerivedSources -Xcc -DSWIFT_PACKAGE -Xcc -DDEBUG\=1 -emit-objc-header -emit-objc-header-path /Users/Veer/Library/Developer/Xcode/DerivedData/HearifyV1-ftljoypfezvlxcgouzbpmsmxzads/Build/Intermediates.noindex/Firebase.build/Debug-iphoneos/FirebaseFirestore.build/Objects-normal/arm64/FirebaseFirestore-Swift.h -working-directory /Users/Veer/Library/Mobile\ Documents/com\~apple\~CloudDocs/HearifyV1/HearifyV1.xcodeproj -experimental-emit-module-separately -disable-cmo

Ld /Users/Veer/Library/Developer/Xcode/DerivedData/HearifyV1-ftljoypfezvlxcgouzbpmsmxzads/Build/Products/Debug-iphoneos/FirebaseFirestore.o normal (in target 'FirebaseFirestore' from project 'Firebase')
    cd /Users/Veer/Library/Developer/Xcode/DerivedData/HearifyV1-ftljoypfezvlxcgouzbpmsmxzads/SourcePackages/checkouts/firebase-ios-sdk
    /Applications/Xcode.app/Contents/Developer/Toolchains/XcodeDefault.xctoolchain/usr/bin/clang -Xlinker -reproducible -target arm64-apple-ios15.0 -r -isysroot /Applications/Xcode.app/Contents/Developer/Platforms/iPhoneOS.platform/Developer/SDKs/iPhoneOS26.2.sdk -O0 -w -L/Users/Veer/Library/Developer/Xcode/DerivedData/HearifyV1-ftljoypfezvlxcgouzbpmsmxzads/Build/Intermediates.noindex/EagerLinkingTBDs/Debug-iphoneos -L/Users/Veer/Library/Developer/Xcode/DerivedData/HearifyV1-ftljoypfezvlxcgouzbpmsmxzads/Build/Products/Debug-iphoneos -L/Applications/Xcode.app/Contents/Developer/Platforms/iPhoneOS.platform/Developer/usr/lib -F/Users/Veer/Library/Developer/Xcode/DerivedData/HearifyV1-ftljoypfezvlxcgouzbpmsmxzads/Build/Intermediates.noindex/EagerLinkingTBDs/Debug-iphoneos -F/Users/Veer/Library/Developer/Xcode/DerivedData/HearifyV1-ftljoypfezvlxcgouzbpmsmxzads/Build/Products/Debug-iphoneos/PackageFrameworks -F/Users/Veer/Library/Developer/Xcode/DerivedData/HearifyV1-ftljoypfezvlxcgouzbpmsmxzads/Build/Products/Debug-iphoneos/PackageFrameworks -F/Users/Veer/Library/Developer/Xcode/DerivedData/HearifyV1-ftljoypfezvlxcgouzbpmsmxzads/Build/Products/Debug-iphoneos/PackageFrameworks -F/Users/Veer/Library/Developer/Xcode/DerivedData/HearifyV1-ftljoypfezvlxcgouzbpmsmxzads/Build/Products/Debug-iphoneos/PackageFrameworks -F/Users/Veer/Library/Developer/Xcode/DerivedData/HearifyV1-ftljoypfezvlxcgouzbpmsmxzads/Build/Products/Debug-iphoneos/PackageFrameworks -F/Users/Veer/Library/Developer/Xcode/DerivedData/HearifyV1-ftljoypfezvlxcgouzbpmsmxzads/Build/Products/Debug-iphoneos/PackageFrameworks -F/Users/Veer/Library/Developer/Xcode/DerivedData/HearifyV1-ftljoypfezvlxcgouzbpmsmxzads/Build/Products/Debug-iphoneos/PackageFrameworks -F/Users/Veer/Library/Developer/Xcode/DerivedData/HearifyV1-ftljoypfezvlxcgouzbpmsmxzads/Build/Products/Debug-iphoneos/PackageFrameworks -F/Users/Veer/Library/Developer/Xcode/DerivedData/HearifyV1-ftljoypfezvlxcgouzbpmsmxzads/Build/Products/Debug-iphoneos/PackageFrameworks -F/Users/Veer/Library/Developer/Xcode/DerivedData/HearifyV1-ftljoypfezvlxcgouzbpmsmxzads/Build/Products/Debug-iphoneos/PackageFrameworks -F/Users/Veer/Library/Developer/Xcode/DerivedData/HearifyV1-ftljoypfezvlxcgouzbpmsmxzads/Build/Products/Debug-iphoneos/PackageFrameworks -F/Users/Veer/Library/Developer/Xcode/DerivedData/HearifyV1-ftljoypfezvlxcgouzbpmsmxzads/Build/Products/Debug-iphoneos/PackageFrameworks -F/Users/Veer/Library/Developer/Xcode/DerivedData/HearifyV1-ftljoypfezvlxcgouzbpmsmxzads/Build/Products/Debug-iphoneos/PackageFrameworks -F/Users/Veer/Library/Developer/Xcode/DerivedData/HearifyV1-ftljoypfezvlxcgouzbpmsmxzads/Build/Products/Debug-iphoneos/PackageFrameworks -F/Users/Veer/Library/Developer/Xcode/DerivedData/HearifyV1-ftljoypfezvlxcgouzbpmsmxzads/Build/Products/Debug-iphoneos/PackageFrameworks -F/Users/Veer/Library/Developer/Xcode/DerivedData/HearifyV1-ftljoypfezvlxcgouzbpmsmxzads/Build/Products/Debug-iphoneos/PackageFrameworks -F/Users/Veer/Library/Developer/Xcode/DerivedData/HearifyV1-ftljoypfezvlxcgouzbpmsmxzads/Build/Products/Debug-iphoneos/PackageFrameworks -F/Users/Veer/Library/Developer/Xcode/DerivedData/HearifyV1-ftljoypfezvlxcgouzbpmsmxzads/Build/Products/Debug-iphoneos -iframework /Applications/Xcode.app/Contents/Developer/Platforms/iPhoneOS.platform/Developer/Library/Frameworks -iframework /Applications/Xcode.app/Contents/Developer/Platforms/iPhoneOS.platform/Developer/SDKs/iPhoneOS26.2.sdk/Developer/Library/Frameworks -filelist /Users/Veer/Library/Developer/Xcode/DerivedData/HearifyV1-ftljoypfezvlxcgouzbpmsmxzads/Build/Intermediates.noindex/Firebase.build/Debug-iphoneos/FirebaseFirestore.build/Objects-normal/arm64/FirebaseFirestore.LinkFileList -nostdlib -Xlinker -object_path_lto -Xlinker /Users/Veer/Library/Developer/Xcode/DerivedData/HearifyV1-ftljoypfezvlxcgouzbpmsmxzads/Build/Intermediates.noindex/Firebase.build/Debug-iphoneos/FirebaseFirestore.build/Objects-normal/arm64/FirebaseFirestore_lto.o -rdynamic -Xlinker -no_deduplicate -Xlinker -debug_variant -Xlinker -dependency_info -Xlinker /Users/Veer/Library/Developer/Xcode/DerivedData/HearifyV1-ftljoypfezvlxcgouzbpmsmxzads/Build/Intermediates.noindex/Firebase.build/Debug-iphoneos/FirebaseFirestore.build/Objects-normal/arm64/FirebaseFirestore_dependency_info.dat -fobjc-link-runtime -L/Applications/Xcode.app/Contents/Developer/Toolchains/XcodeDefault.xctoolchain/usr/lib/swift/iphoneos -L/usr/lib/swift -Xlinker -add_ast_path -Xlinker /Users/Veer/Library/Developer/Xcode/DerivedData/HearifyV1-ftljoypfezvlxcgouzbpmsmxzads/Build/Intermediates.noindex/Firebase.build/Debug-iphoneos/FirebaseFirestore.build/Objects-normal/arm64/FirebaseFirestore.swiftmodule @/Users/Veer/Library/Developer/Xcode/DerivedData/HearifyV1-ftljoypfezvlxcgouzbpmsmxzads/Build/Intermediates.noindex/Firebase.build/Debug-iphoneos/FirebaseFirestore.build/Objects-normal/arm64/FirebaseFirestore-linker-args.resp -o /Users/Veer/Library/Developer/Xcode/DerivedData/HearifyV1-ftljoypfezvlxcgouzbpmsmxzads/Build/Products/Debug-iphoneos/FirebaseFirestore.o

ExtractAppIntentsMetadata (in target 'FirebaseFirestore' from project 'Firebase')
    cd /Users/Veer/Library/Developer/Xcode/DerivedData/HearifyV1-ftljoypfezvlxcgouzbpmsmxzads/SourcePackages/checkouts/firebase-ios-sdk
    /Applications/Xcode.app/Contents/Developer/Toolchains/XcodeDefault.xctoolchain/usr/bin/appintentsmetadataprocessor --toolchain-dir /Applications/Xcode.app/Contents/Developer/Toolchains/XcodeDefault.xctoolchain --module-name FirebaseFirestore --sdk-root /Applications/Xcode.app/Contents/Developer/Platforms/iPhoneOS.platform/Developer/SDKs/iPhoneOS26.2.sdk --xcode-version 17C52 --platform-family iOS --deployment-target 15.0 --bundle-identifier firebase-ios-sdk.FirebaseFirestore --output /Users/Veer/Library/Developer/Xcode/DerivedData/HearifyV1-ftljoypfezvlxcgouzbpmsmxzads/Build/Products/Debug-iphoneos/FirebaseFirestore.appintents --target-triple arm64-apple-ios15.0 --binary-file /Users/Veer/Library/Developer/Xcode/DerivedData/HearifyV1-ftljoypfezvlxcgouzbpmsmxzads/Build/Products/Debug-iphoneos/FirebaseFirestore.o --dependency-file /Users/Veer/Library/Developer/Xcode/DerivedData/HearifyV1-ftljoypfezvlxcgouzbpmsmxzads/Build/Intermediates.noindex/Firebase.build/Debug-iphoneos/FirebaseFirestore.build/Objects-normal/arm64/FirebaseFirestore_dependency_info.dat --stringsdata-file /Users/Veer/Library/Developer/Xcode/DerivedData/HearifyV1-ftljoypfezvlxcgouzbpmsmxzads/Build/Intermediates.noindex/Firebase.build/Debug-iphoneos/FirebaseFirestore.build/Objects-normal/arm64/ExtractedAppShortcutsMetadata.stringsdata --source-file-list /Users/Veer/Library/Developer/Xcode/DerivedData/HearifyV1-ftljoypfezvlxcgouzbpmsmxzads/Build/Intermediates.noindex/Firebase.build/Debug-iphoneos/FirebaseFirestore.build/Objects-normal/arm64/FirebaseFirestore.SwiftFileList --metadata-file-list /Users/Veer/Library/Developer/Xcode/DerivedData/HearifyV1-ftljoypfezvlxcgouzbpmsmxzads/Build/Intermediates.noindex/Firebase.build/Debug-iphoneos/FirebaseFirestore.build/FirebaseFirestore.DependencyMetadataFileList --static-metadata-file-list /Users/Veer/Library/Developer/Xcode/DerivedData/HearifyV1-ftljoypfezvlxcgouzbpmsmxzads/Build/Intermediates.noindex/Firebase.build/Debug-iphoneos/FirebaseFirestore.build/FirebaseFirestore.DependencyStaticMetadataFileList --swift-const-vals-list /Users/Veer/Library/Developer/Xcode/DerivedData/HearifyV1-ftljoypfezvlxcgouzbpmsmxzads/Build/Intermediates.noindex/Firebase.build/Debug-iphoneos/FirebaseFirestore.build/Objects-normal/arm64/FirebaseFirestore.SwiftConstValuesFileList --force --compile-time-extraction --deployment-aware-processing --validate-assistant-intents --no-app-shortcuts-localization
2026-02-02 01:04:50.325 appintentsmetadataprocessor[54048:9875007] Starting appintentsmetadataprocessor export

** BUILD FAILED **


The following build commands failed:
	SwiftDriver HearifyV1 normal arm64 com.apple.xcode.tools.swift.compiler (in target 'HearifyV1' from project 'HearifyV1')
	Building project HearifyV1 with scheme HearifyV1
(2 failures)
