Command line invocation:
    /Applications/Xcode.app/Contents/Developer/usr/bin/xcodebuild -project HearifyV1.xcodeproj -scheme HearifyV1 build

Resolve Package Graph


Resolved source packages:
  GoogleAppMeasurement: https://github.com/google/GoogleAppMeasurement.git @ 12.8.0
  AppCheck: https://github.com/google/app-check.git @ 11.2.0
  gRPC: https://github.com/google/grpc-binary.git @ 1.69.1
  Promises: https://github.com/google/promises.git @ 2.4.0
  leveldb: https://github.com/firebase/leveldb.git @ 1.22.5
  nanopb: https://github.com/firebase/nanopb.git @ 2.30910.0
  GTMSessionFetcher: https://github.com/google/gtm-session-fetcher.git @ 5.0.0
  Firebase: https://github.com/firebase/firebase-ios-sdk @ 12.8.0
  GoogleUtilities: https://github.com/google/GoogleUtilities.git @ 8.1.0
  GoogleAdsOnDeviceConversion: https://github.com/googleads/google-ads-on-device-conversion-ios-sdk @ 3.2.0
  GoogleDataTransport: https://github.com/google/GoogleDataTransport.git @ 10.1.0
  InteropForGoogle: https://github.com/google/interop-ios-for-google-sdks.git @ 101.0.0
  abseil: https://github.com/google/abseil-cpp-binary.git @ 1.2024072200.0

--- xcodebuild: WARNING: Using the first of multiple matching destinations:
{ platform:iOS, id:dvtdevice-DVTiPhonePlaceholder-iphoneos:placeholder, name:Any iOS Device }
{ platform:iOS Simulator, id:dvtdevice-DVTiOSDeviceSimulatorPlaceholder-iphonesimulator:placeholder, name:Any iOS Simulator Device }
{ platform:iOS Simulator, arch:arm64, id:D0694AEA-BF67-4E6B-9B86-BA72E87C5F36, OS:17.4, name:iPad (10th generation) }
{ platform:iOS Simulator, arch:x86_64, id:D0694AEA-BF67-4E6B-9B86-BA72E87C5F36, OS:17.4, name:iPad (10th generation) }
{ platform:iOS Simulator, arch:arm64, id:663DE3BD-B7B6-421B-BA5C-7C4F98CCE085, OS:17.5, name:iPad (10th generation) }
{ platform:iOS Simulator, arch:x86_64, id:663DE3BD-B7B6-421B-BA5C-7C4F98CCE085, OS:17.5, name:iPad (10th generation) }
{ platform:iOS Simulator, arch:arm64, id:0E67B1E4-A50D-4990-AE9B-9283155E228C, OS:18.2, name:iPad (10th generation) }
{ platform:iOS Simulator, arch:x86_64, id:0E67B1E4-A50D-4990-AE9B-9283155E228C, OS:18.2, name:iPad (10th generation) }
{ platform:iOS Simulator, arch:arm64, id:86214D50-6EFA-4077-93B9-83CDD237B6C1, OS:26.2, name:iPad (A16) }
{ platform:iOS Simulator, arch:arm64, id:427DDC54-26C6-4E13-BAC0-7790E8CB9968, OS:17.4, name:iPad Air (5th generation) }
{ platform:iOS Simulator, arch:x86_64, id:427DDC54-26C6-4E13-BAC0-7790E8CB9968, OS:17.4, name:iPad Air (5th generation) }
{ platform:iOS Simulator, arch:arm64, id:50501397-0FEE-4E69-AAE2-AF78A5A15AB4, OS:17.4, name:iPad Air 11-inch (M2) }
{ platform:iOS Simulator, arch:x86_64, id:50501397-0FEE-4E69-AAE2-AF78A5A15AB4, OS:17.4, name:iPad Air 11-inch (M2) }
{ platform:iOS Simulator, arch:arm64, id:675D4820-7F1A-44B0-9689-B53D8A0F7493, OS:17.5, name:iPad Air 11-inch (M2) }
{ platform:iOS Simulator, arch:x86_64, id:675D4820-7F1A-44B0-9689-B53D8A0F7493, OS:17.5, name:iPad Air 11-inch (M2) }
{ platform:iOS Simulator, arch:arm64, id:107535E5-107E-4D38-A556-6DE3D08182E8, OS:18.2, name:iPad Air 11-inch (M2) }
{ platform:iOS Simulator, arch:x86_64, id:107535E5-107E-4D38-A556-6DE3D08182E8, OS:18.2, name:iPad Air 11-inch (M2) }
{ platform:iOS Simulator, arch:arm64, id:BEA3A330-FF1E-45B1-991C-8DA328228A2E, OS:26.2, name:iPad Air 11-inch (M3) }
{ platform:iOS Simulator, arch:arm64, id:1A74DFC5-B994-4D49-BE1A-EA61B89F47E4, OS:17.4, name:iPad Air 13-inch (M2) }
{ platform:iOS Simulator, arch:x86_64, id:1A74DFC5-B994-4D49-BE1A-EA61B89F47E4, OS:17.4, name:iPad Air 13-inch (M2) }
{ platform:iOS Simulator, arch:arm64, id:E76F11D1-92A1-4411-AF0E-C3EB928080B3, OS:17.5, name:iPad Air 13-inch (M2) }
{ platform:iOS Simulator, arch:x86_64, id:E76F11D1-92A1-4411-AF0E-C3EB928080B3, OS:17.5, name:iPad Air 13-inch (M2) }
{ platform:iOS Simulator, arch:arm64, id:66FAC5CB-A88D-45B1-88D0-33F11D978EB7, OS:18.2, name:iPad Air 13-inch (M2) }
{ platform:iOS Simulator, arch:x86_64, id:66FAC5CB-A88D-45B1-88D0-33F11D978EB7, OS:18.2, name:iPad Air 13-inch (M2) }
{ platform:iOS Simulator, arch:arm64, id:B6FF9423-29DB-4648-AAEF-EDD23D00F21B, OS:26.2, name:iPad Air 13-inch (M3) }
{ platform:iOS Simulator, arch:arm64, id:A9A006B0-7F12-47B0-BA5D-A08C3379BAC9, OS:17.4, name:iPad Pro (11-inch) (4th generation) }
{ platform:iOS Simulator, arch:x86_64, id:A9A006B0-7F12-47B0-BA5D-A08C3379BAC9, OS:17.4, name:iPad Pro (11-inch) (4th generation) }
{ platform:iOS Simulator, arch:arm64, id:BFA66EA1-1A88-46CF-BBB5-C288905F0903, OS:17.4, name:iPad Pro (12.9-inch) (6th generation) }
{ platform:iOS Simulator, arch:x86_64, id:BFA66EA1-1A88-46CF-BBB5-C288905F0903, OS:17.4, name:iPad Pro (12.9-inch) (6th generation) }
{ platform:iOS Simulator, arch:arm64, id:1CFA4EE7-5AD4-45CE-8557-C65B37CFE135, OS:17.4, name:iPad Pro 11-inch (M4) }
{ platform:iOS Simulator, arch:x86_64, id:1CFA4EE7-5AD4-45CE-8557-C65B37CFE135, OS:17.4, name:iPad Pro 11-inch (M4) }
{ platform:iOS Simulator, arch:arm64, id:DBF1A770-9654-4A46-900E-017CBDF3374F, OS:17.5, name:iPad Pro 11-inch (M4) }
{ platform:iOS Simulator, arch:x86_64, id:DBF1A770-9654-4A46-900E-017CBDF3374F, OS:17.5, name:iPad Pro 11-inch (M4) }
{ platform:iOS Simulator, arch:arm64, id:82F2B08F-215F-4FF3-B86C-054BD0D6ACF4, OS:18.2, name:iPad Pro 11-inch (M4) }
{ platform:iOS Simulator, arch:x86_64, id:82F2B08F-215F-4FF3-B86C-054BD0D6ACF4, OS:18.2, name:iPad Pro 11-inch (M4) }
{ platform:iOS Simulator, arch:arm64, id:816FB054-9D48-4A92-8929-9FD0EEAF4590, OS:26.2, name:iPad Pro 11-inch (M5) }
{ platform:iOS Simulator, arch:arm64, id:C25A2999-3C62-4663-A623-1D299DFC85B1, OS:17.4, name:iPad Pro 13-inch (M4) }
{ platform:iOS Simulator, arch:x86_64, id:C25A2999-3C62-4663-A623-1D299DFC85B1, OS:17.4, name:iPad Pro 13-inch (M4) }
{ platform:iOS Simulator, arch:arm64, id:8292A8BB-FAA4-4DDB-9920-32B567A250D4, OS:17.5, name:iPad Pro 13-inch (M4) }
{ platform:iOS Simulator, arch:x86_64, id:8292A8BB-FAA4-4DDB-9920-32B567A250D4, OS:17.5, name:iPad Pro 13-inch (M4) }
{ platform:iOS Simulator, arch:arm64, id:418DA426-44D7-4377-8994-509C6C84AF1F, OS:18.2, name:iPad Pro 13-inch (M4) }
{ platform:iOS Simulator, arch:x86_64, id:418DA426-44D7-4377-8994-509C6C84AF1F, OS:18.2, name:iPad Pro 13-inch (M4) }
{ platform:iOS Simulator, arch:arm64, id:0CBB5FA2-1F0A-432B-9696-44C38B46AD52, OS:26.2, name:iPad Pro 13-inch (M5) }
{ platform:iOS Simulator, arch:arm64, id:6C927B00-885F-48E0-804A-1536E9F735B0, OS:17.4, name:iPad mini (6th generation) }
{ platform:iOS Simulator, arch:x86_64, id:6C927B00-885F-48E0-804A-1536E9F735B0, OS:17.4, name:iPad mini (6th generation) }
{ platform:iOS Simulator, arch:arm64, id:66B0ABA0-8AFD-4770-8F55-E95DCCF666C8, OS:17.5, name:iPad mini (6th generation) }
{ platform:iOS Simulator, arch:x86_64, id:66B0ABA0-8AFD-4770-8F55-E95DCCF666C8, OS:17.5, name:iPad mini (6th generation) }
{ platform:iOS Simulator, arch:arm64, id:BF8A0966-29B6-4CC6-9928-F5D7ED0795BE, OS:18.2, name:iPad mini (A17 Pro) }
{ platform:iOS Simulator, arch:x86_64, id:BF8A0966-29B6-4CC6-9928-F5D7ED0795BE, OS:18.2, name:iPad mini (A17 Pro) }
{ platform:iOS Simulator, arch:arm64, id:FE8E09C3-F6C1-4CA8-B71E-619B6102BAB1, OS:26.2, name:iPad mini (A17 Pro) }
{ platform:iOS Simulator, arch:arm64, id:2A79A001-8861-4744-9EDE-DDF93E5C7DCA, OS:17.4, name:iPhone 15 }
{ platform:iOS Simulator, arch:x86_64, id:2A79A001-8861-4744-9EDE-DDF93E5C7DCA, OS:17.4, name:iPhone 15 }
{ platform:iOS Simulator, arch:arm64, id:992E64AC-72DD-4B0F-A3D4-D22CED28CE16, OS:17.5, name:iPhone 15 }
{ platform:iOS Simulator, arch:x86_64, id:992E64AC-72DD-4B0F-A3D4-D22CED28CE16, OS:17.5, name:iPhone 15 }
{ platform:iOS Simulator, arch:arm64, id:4C3EFA81-3247-4150-9C0A-C2CB330050C5, OS:17.4, name:iPhone 15 Plus }
{ platform:iOS Simulator, arch:x86_64, id:4C3EFA81-3247-4150-9C0A-C2CB330050C5, OS:17.4, name:iPhone 15 Plus }
{ platform:iOS Simulator, arch:arm64, id:C82807A7-2946-4170-813F-8FBB364C0785, OS:17.5, name:iPhone 15 Plus }
{ platform:iOS Simulator, arch:x86_64, id:C82807A7-2946-4170-813F-8FBB364C0785, OS:17.5, name:iPhone 15 Plus }
{ platform:iOS Simulator, arch:arm64, id:C3967D5B-2813-4829-B04D-E2DAC75F8281, OS:17.4, name:iPhone 15 Pro }
{ platform:iOS Simulator, arch:x86_64, id:C3967D5B-2813-4829-B04D-E2DAC75F8281, OS:17.4, name:iPhone 15 Pro }
{ platform:iOS Simulator, arch:arm64, id:F5C8572E-66C0-4E36-9909-FFF73C354474, OS:17.5, name:iPhone 15 Pro }
{ platform:iOS Simulator, arch:x86_64, id:F5C8572E-66C0-4E36-9909-FFF73C354474, OS:17.5, name:iPhone 15 Pro }
{ platform:iOS Simulator, arch:arm64, id:CBFB0BA3-5270-45D5-9B36-AE9481805543, OS:17.4, name:iPhone 15 Pro Max }
{ platform:iOS Simulator, arch:x86_64, id:CBFB0BA3-5270-45D5-9B36-AE9481805543, OS:17.4, name:iPhone 15 Pro Max }
{ platform:iOS Simulator, arch:arm64, id:08C4BAF3-3DBA-40E1-8A9A-DEAE8630F585, OS:17.5, name:iPhone 15 Pro Max }
{ platform:iOS Simulator, arch:x86_64, id:08C4BAF3-3DBA-40E1-8A9A-DEAE8630F585, OS:17.5, name:iPhone 15 Pro Max }
{ platform:iOS Simulator, arch:arm64, id:946C7E67-DFE8-4177-BE5C-0E0FF837DCD5, OS:18.2, name:iPhone 16 }
{ platform:iOS Simulator, arch:x86_64, id:946C7E67-DFE8-4177-BE5C-0E0FF837DCD5, OS:18.2, name:iPhone 16 }
{ platform:iOS Simulator, arch:arm64, id:5DC4FF5D-E947-484C-848F-56C75AC0855D, OS:18.2, name:iPhone 16 Plus }
{ platform:iOS Simulator, arch:x86_64, id:5DC4FF5D-E947-484C-848F-56C75AC0855D, OS:18.2, name:iPhone 16 Plus }
{ platform:iOS Simulator, arch:arm64, id:40AAD79F-5BFD-4359-A2E2-9241E20C7728, OS:18.2, name:iPhone 16 Pro }
{ platform:iOS Simulator, arch:x86_64, id:40AAD79F-5BFD-4359-A2E2-9241E20C7728, OS:18.2, name:iPhone 16 Pro }
{ platform:iOS Simulator, arch:arm64, id:2D4EA74A-64D6-495A-8F75-BEC8CA60FE02, OS:18.2, name:iPhone 16 Pro Max }
{ platform:iOS Simulator, arch:x86_64, id:2D4EA74A-64D6-495A-8F75-BEC8CA60FE02, OS:18.2, name:iPhone 16 Pro Max }
{ platform:iOS Simulator, arch:arm64, id:DB2DA94F-EAE1-4779-81E3-A3BCDC7C1B79, OS:26.2, name:iPhone 16e }
{ platform:iOS Simulator, arch:arm64, id:2E4972C8-4E39-4FE8-91FD-E0CD616F1EEF, OS:26.2, name:iPhone 17 }
{ platform:iOS Simulator, arch:arm64, id:993E66B9-9AA2-4231-8768-C3EE8E2199B3, OS:26.2, name:iPhone 17 Pro }
{ platform:iOS Simulator, arch:arm64, id:A9AA7F4A-1B4E-4231-A048-DC0F7D2266A4, OS:26.2, name:iPhone 17 Pro Max }
{ platform:iOS Simulator, arch:arm64, id:32F45492-9825-430A-87EF-D15051A701C0, OS:26.2, name:iPhone Air }
{ platform:iOS Simulator, arch:arm64, id:E37531E8-B0EA-469C-9A92-5A533FE05BC4, OS:17.4, name:iPhone SE (3rd generation) }
{ platform:iOS Simulator, arch:x86_64, id:E37531E8-B0EA-469C-9A92-5A533FE05BC4, OS:17.4, name:iPhone SE (3rd generation) }
{ platform:iOS Simulator, arch:arm64, id:627FA4A9-16A7-414F-B9B9-F33CEDD40074, OS:17.5, name:iPhone SE (3rd generation) }
{ platform:iOS Simulator, arch:x86_64, id:627FA4A9-16A7-414F-B9B9-F33CEDD40074, OS:17.5, name:iPhone SE (3rd generation) }
{ platform:iOS Simulator, arch:arm64, id:9EC28335-6F86-4963-B789-FE5E422CE337, OS:18.2, name:iPhone SE (3rd generation) }
{ platform:iOS Simulator, arch:x86_64, id:9EC28335-6F86-4963-B789-FE5E422CE337, OS:18.2, name:iPhone SE (3rd generation) }
ComputePackagePrebuildTargetDependencyGraph

Prepare packages

CreateBuildRequest

SendProjectDescription

CreateBuildOperation

ComputeTargetDependencyGraph
note: Building targets in dependency order
note: Target dependency graph (61 targets)
    Target 'HearifyV1' in project 'HearifyV1'
        ➜ Explicit dependency on target 'FirebaseCore' in project 'Firebase'
        ➜ Explicit dependency on target 'FirebaseStorage' in project 'Firebase'
        ➜ Explicit dependency on target 'FirebaseAuth' in project 'Firebase'
        ➜ Explicit dependency on target 'FirebaseFirestore' in project 'Firebase'
    Target 'FirebaseFirestore' in project 'Firebase'
        ➜ Explicit dependency on target 'FirebaseFirestoreTarget' in project 'Firebase'
        ➜ Explicit dependency on target 'FirebaseFirestoreInternalWrapper' in project 'Firebase'
        ➜ Explicit dependency on target 'FirebaseAppCheckInterop' in project 'Firebase'
        ➜ Explicit dependency on target 'Firebase' in project 'Firebase'
        ➜ Explicit dependency on target 'FirebaseCoreInternal' in project 'Firebase'
        ➜ Explicit dependency on target 'FirebaseCore' in project 'Firebase'
        ➜ Explicit dependency on target 'FirebaseCoreExtension' in project 'Firebase'
        ➜ Explicit dependency on target 'FirebaseSharedSwift' in project 'Firebase'
        ➜ Explicit dependency on target 'FirebaseFirestore' in project 'Firebase'
        ➜ Explicit dependency on target 'GULNSData' in project 'GoogleUtilities'
        ➜ Explicit dependency on target 'GULEnvironment' in project 'GoogleUtilities'
        ➜ Explicit dependency on target 'GULLogger' in project 'GoogleUtilities'
        ➜ Explicit dependency on target 'abseil' in project 'abseil'
        ➜ Explicit dependency on target 'gRPC-C++' in project 'gRPC'
        ➜ Explicit dependency on target 'nanopb' in project 'nanopb'
        ➜ Explicit dependency on target 'leveldb' in project 'leveldb'
    Target 'FirebaseFirestoreTarget' in project 'Firebase'
        ➜ Explicit dependency on target 'FirebaseFirestoreInternalWrapper' in project 'Firebase'
        ➜ Explicit dependency on target 'FirebaseAppCheckInterop' in project 'Firebase'
        ➜ Explicit dependency on target 'Firebase' in project 'Firebase'
        ➜ Explicit dependency on target 'FirebaseCoreInternal' in project 'Firebase'
        ➜ Explicit dependency on target 'FirebaseCore' in project 'Firebase'
        ➜ Explicit dependency on target 'FirebaseCoreExtension' in project 'Firebase'
        ➜ Explicit dependency on target 'FirebaseSharedSwift' in project 'Firebase'
        ➜ Explicit dependency on target 'FirebaseFirestore' in project 'Firebase'
        ➜ Explicit dependency on target 'GULNSData' in project 'GoogleUtilities'
        ➜ Explicit dependency on target 'GULEnvironment' in project 'GoogleUtilities'
        ➜ Explicit dependency on target 'GULLogger' in project 'GoogleUtilities'
        ➜ Explicit dependency on target 'abseil' in project 'abseil'
        ➜ Explicit dependency on target 'gRPC-C++' in project 'gRPC'
        ➜ Explicit dependency on target 'nanopb' in project 'nanopb'
        ➜ Explicit dependency on target 'leveldb' in project 'leveldb'
    Target 'FirebaseFirestore' in project 'Firebase'
        ➜ Explicit dependency on target 'Firebase_FirebaseFirestore' in project 'Firebase'
        ➜ Explicit dependency on target 'FirebaseFirestoreInternalWrapper' in project 'Firebase'
        ➜ Explicit dependency on target 'FirebaseAppCheckInterop' in project 'Firebase'
        ➜ Explicit dependency on target 'Firebase' in project 'Firebase'
        ➜ Explicit dependency on target 'FirebaseCoreInternal' in project 'Firebase'
        ➜ Explicit dependency on target 'FirebaseCore' in project 'Firebase'
        ➜ Explicit dependency on target 'FirebaseCoreExtension' in project 'Firebase'
        ➜ Explicit dependency on target 'FirebaseSharedSwift' in project 'Firebase'
        ➜ Explicit dependency on target 'GULNSData' in project 'GoogleUtilities'
        ➜ Explicit dependency on target 'GULEnvironment' in project 'GoogleUtilities'
        ➜ Explicit dependency on target 'GULLogger' in project 'GoogleUtilities'
        ➜ Explicit dependency on target 'abseil' in project 'abseil'
        ➜ Explicit dependency on target 'gRPC-C++' in project 'gRPC'
        ➜ Explicit dependency on target 'nanopb' in project 'nanopb'
        ➜ Explicit dependency on target 'leveldb' in project 'leveldb'
    Target 'leveldb' in project 'leveldb'
        ➜ Explicit dependency on target 'leveldb' in project 'leveldb'
        ➜ Explicit dependency on target 'leveldb_leveldb' in project 'leveldb'
    Target 'leveldb' in project 'leveldb'
        ➜ Explicit dependency on target 'leveldb_leveldb' in project 'leveldb'
    Target 'leveldb_leveldb' in project 'leveldb' (no dependencies)
    Target 'nanopb' in project 'nanopb'
        ➜ Explicit dependency on target 'nanopb' in project 'nanopb'
        ➜ Explicit dependency on target 'nanopb_nanopb' in project 'nanopb'
    Target 'nanopb' in project 'nanopb'
        ➜ Explicit dependency on target 'nanopb_nanopb' in project 'nanopb'
    Target 'nanopb_nanopb' in project 'nanopb' (no dependencies)
    Target 'gRPC-C++' in project 'gRPC'
        ➜ Explicit dependency on target 'grpcppWrapper' in project 'gRPC'
        ➜ Explicit dependency on target 'gRPC_grpcppWrapper' in project 'gRPC'
        ➜ Explicit dependency on target 'grpcWrapper' in project 'gRPC'
        ➜ Explicit dependency on target 'opensslWrapper' in project 'gRPC'
        ➜ Explicit dependency on target 'abseil' in project 'abseil'
    Target 'grpcppWrapper' in project 'gRPC'
        ➜ Explicit dependency on target 'gRPC_grpcppWrapper' in project 'gRPC'
        ➜ Explicit dependency on target 'grpcWrapper' in project 'gRPC'
        ➜ Explicit dependency on target 'opensslWrapper' in project 'gRPC'
        ➜ Explicit dependency on target 'abseil' in project 'abseil'
    Target 'opensslWrapper' in project 'gRPC'
        ➜ Explicit dependency on target 'gRPC_opensslWrapper' in project 'gRPC'
    Target 'gRPC_opensslWrapper' in project 'gRPC' (no dependencies)
    Target 'grpcWrapper' in project 'gRPC'
        ➜ Explicit dependency on target 'gRPC_grpcWrapper' in project 'gRPC'
    Target 'gRPC_grpcWrapper' in project 'gRPC' (no dependencies)
    Target 'gRPC_grpcppWrapper' in project 'gRPC' (no dependencies)
    Target 'abseil' in project 'abseil'
        ➜ Explicit dependency on target 'abslWrapper' in project 'abseil'
        ➜ Explicit dependency on target 'abseil_abslWrapper' in project 'abseil'
    Target 'abslWrapper' in project 'abseil'
        ➜ Explicit dependency on target 'abseil_abslWrapper' in project 'abseil'
    Target 'abseil_abslWrapper' in project 'abseil' (no dependencies)
    Target 'Firebase_FirebaseFirestore' in project 'Firebase' (no dependencies)
    Target 'FirebaseSharedSwift' in project 'Firebase' (no dependencies)
    Target 'FirebaseFirestoreInternalWrapper' in project 'Firebase' (no dependencies)
    Target 'FirebaseAuth' in project 'Firebase'
        ➜ Explicit dependency on target 'FirebaseAuth' in project 'Firebase'
        ➜ Explicit dependency on target 'Firebase_FirebaseAuth' in project 'Firebase'
        ➜ Explicit dependency on target 'FirebaseAppCheckInterop' in project 'Firebase'
        ➜ Explicit dependency on target 'FirebaseAuthInterop' in project 'Firebase'
        ➜ Explicit dependency on target 'FirebaseAuthInternal' in project 'Firebase'
        ➜ Explicit dependency on target 'Firebase' in project 'Firebase'
        ➜ Explicit dependency on target 'FirebaseCoreInternal' in project 'Firebase'
        ➜ Explicit dependency on target 'FirebaseCore' in project 'Firebase'
        ➜ Explicit dependency on target 'FirebaseCoreExtension' in project 'Firebase'
        ➜ Explicit dependency on target 'RecaptchaInterop' in project 'InteropForGoogle'
        ➜ Explicit dependency on target 'GULNSData' in project 'GoogleUtilities'
        ➜ Explicit dependency on target 'GULEnvironment' in project 'GoogleUtilities'
        ➜ Explicit dependency on target 'GULLogger' in project 'GoogleUtilities'
        ➜ Explicit dependency on target 'GULAppDelegateSwizzler' in project 'GoogleUtilities'
        ➜ Explicit dependency on target 'GTMSessionFetcherCore' in project 'GTMSessionFetcher'
    Target 'FirebaseAuth' in project 'Firebase'
        ➜ Explicit dependency on target 'Firebase_FirebaseAuth' in project 'Firebase'
        ➜ Explicit dependency on target 'FirebaseAppCheckInterop' in project 'Firebase'
        ➜ Explicit dependency on target 'FirebaseAuthInterop' in project 'Firebase'
        ➜ Explicit dependency on target 'FirebaseAuthInternal' in project 'Firebase'
        ➜ Explicit dependency on target 'Firebase' in project 'Firebase'
        ➜ Explicit dependency on target 'FirebaseCoreInternal' in project 'Firebase'
        ➜ Explicit dependency on target 'FirebaseCore' in project 'Firebase'
        ➜ Explicit dependency on target 'FirebaseCoreExtension' in project 'Firebase'
        ➜ Explicit dependency on target 'RecaptchaInterop' in project 'InteropForGoogle'
        ➜ Explicit dependency on target 'GULNSData' in project 'GoogleUtilities'
        ➜ Explicit dependency on target 'GULEnvironment' in project 'GoogleUtilities'
        ➜ Explicit dependency on target 'GULLogger' in project 'GoogleUtilities'
        ➜ Explicit dependency on target 'GULAppDelegateSwizzler' in project 'GoogleUtilities'
        ➜ Explicit dependency on target 'GTMSessionFetcherCore' in project 'GTMSessionFetcher'
    Target 'GULAppDelegateSwizzler' in project 'GoogleUtilities'
        ➜ Explicit dependency on target 'GoogleUtilities-AppDelegateSwizzler' in project 'GoogleUtilities'
        ➜ Explicit dependency on target 'GoogleUtilities_GoogleUtilities-AppDelegateSwizzler' in project 'GoogleUtilities'
        ➜ Explicit dependency on target 'third-party-IsAppEncrypted' in project 'GoogleUtilities'
        ➜ Explicit dependency on target 'GoogleUtilities-Environment' in project 'GoogleUtilities'
        ➜ Explicit dependency on target 'GoogleUtilities-Logger' in project 'GoogleUtilities'
        ➜ Explicit dependency on target 'GoogleUtilities-NSData' in project 'GoogleUtilities'
        ➜ Explicit dependency on target 'GoogleUtilities-Reachability' in project 'GoogleUtilities'
        ➜ Explicit dependency on target 'GoogleUtilities-Network' in project 'GoogleUtilities'
    Target 'GoogleUtilities-AppDelegateSwizzler' in project 'GoogleUtilities'
        ➜ Explicit dependency on target 'GoogleUtilities_GoogleUtilities-AppDelegateSwizzler' in project 'GoogleUtilities'
        ➜ Explicit dependency on target 'third-party-IsAppEncrypted' in project 'GoogleUtilities'
        ➜ Explicit dependency on target 'GoogleUtilities-Environment' in project 'GoogleUtilities'
        ➜ Explicit dependency on target 'GoogleUtilities-Logger' in project 'GoogleUtilities'
        ➜ Explicit dependency on target 'GoogleUtilities-NSData' in project 'GoogleUtilities'
        ➜ Explicit dependency on target 'GoogleUtilities-Reachability' in project 'GoogleUtilities'
        ➜ Explicit dependency on target 'GoogleUtilities-Network' in project 'GoogleUtilities'
    Target 'GoogleUtilities-Network' in project 'GoogleUtilities'
        ➜ Explicit dependency on target 'GoogleUtilities_GoogleUtilities-Network' in project 'GoogleUtilities'
        ➜ Explicit dependency on target 'third-party-IsAppEncrypted' in project 'GoogleUtilities'
        ➜ Explicit dependency on target 'GoogleUtilities-Environment' in project 'GoogleUtilities'
        ➜ Explicit dependency on target 'GoogleUtilities-Logger' in project 'GoogleUtilities'
        ➜ Explicit dependency on target 'GoogleUtilities-NSData' in project 'GoogleUtilities'
        ➜ Explicit dependency on target 'GoogleUtilities-Reachability' in project 'GoogleUtilities'
    Target 'GoogleUtilities_GoogleUtilities-Network' in project 'GoogleUtilities' (no dependencies)
    Target 'GoogleUtilities-Reachability' in project 'GoogleUtilities'
        ➜ Explicit dependency on target 'GoogleUtilities_GoogleUtilities-Reachability' in project 'GoogleUtilities'
        ➜ Explicit dependency on target 'third-party-IsAppEncrypted' in project 'GoogleUtilities'
        ➜ Explicit dependency on target 'GoogleUtilities-Environment' in project 'GoogleUtilities'
        ➜ Explicit dependency on target 'GoogleUtilities-Logger' in project 'GoogleUtilities'
    Target 'GoogleUtilities_GoogleUtilities-Reachability' in project 'GoogleUtilities' (no dependencies)
    Target 'GoogleUtilities_GoogleUtilities-AppDelegateSwizzler' in project 'GoogleUtilities' (no dependencies)
    Target 'FirebaseAuthInternal' in project 'Firebase'
        ➜ Explicit dependency on target 'RecaptchaInterop' in project 'InteropForGoogle'
    Target 'RecaptchaInterop' in project 'InteropForGoogle'
        ➜ Explicit dependency on target 'RecaptchaInterop' in project 'InteropForGoogle'
    Target 'RecaptchaInterop' in project 'InteropForGoogle' (no dependencies)
    Target 'Firebase_FirebaseAuth' in project 'Firebase' (no dependencies)
    Target 'FirebaseStorage' in project 'Firebase'
        ➜ Explicit dependency on target 'FirebaseStorage' in project 'Firebase'
        ➜ Explicit dependency on target 'FirebaseAppCheckInterop' in project 'Firebase'
        ➜ Explicit dependency on target 'FirebaseAuthInterop' in project 'Firebase'
        ➜ Explicit dependency on target 'Firebase' in project 'Firebase'
        ➜ Explicit dependency on target 'FirebaseCoreInternal' in project 'Firebase'
        ➜ Explicit dependency on target 'FirebaseCore' in project 'Firebase'
        ➜ Explicit dependency on target 'FirebaseCoreExtension' in project 'Firebase'
        ➜ Explicit dependency on target 'GULNSData' in project 'GoogleUtilities'
        ➜ Explicit dependency on target 'GULEnvironment' in project 'GoogleUtilities'
        ➜ Explicit dependency on target 'GULLogger' in project 'GoogleUtilities'
        ➜ Explicit dependency on target 'GTMSessionFetcherCore' in project 'GTMSessionFetcher'
    Target 'FirebaseStorage' in project 'Firebase'
        ➜ Explicit dependency on target 'FirebaseAppCheckInterop' in project 'Firebase'
        ➜ Explicit dependency on target 'FirebaseAuthInterop' in project 'Firebase'
        ➜ Explicit dependency on target 'Firebase' in project 'Firebase'
        ➜ Explicit dependency on target 'FirebaseCoreInternal' in project 'Firebase'
        ➜ Explicit dependency on target 'FirebaseCore' in project 'Firebase'
        ➜ Explicit dependency on target 'FirebaseCoreExtension' in project 'Firebase'
        ➜ Explicit dependency on target 'GULNSData' in project 'GoogleUtilities'
        ➜ Explicit dependency on target 'GULEnvironment' in project 'GoogleUtilities'
        ➜ Explicit dependency on target 'GULLogger' in project 'GoogleUtilities'
        ➜ Explicit dependency on target 'GTMSessionFetcherCore' in project 'GTMSessionFetcher'
    Target 'GTMSessionFetcherCore' in project 'GTMSessionFetcher'
        ➜ Explicit dependency on target 'GTMSessionFetcherCore' in project 'GTMSessionFetcher'
        ➜ Explicit dependency on target 'GTMSessionFetcher_GTMSessionFetcherCore' in project 'GTMSessionFetcher'
    Target 'GTMSessionFetcherCore' in project 'GTMSessionFetcher'
        ➜ Explicit dependency on target 'GTMSessionFetcher_GTMSessionFetcherCore' in project 'GTMSessionFetcher'
    Target 'GTMSessionFetcher_GTMSessionFetcherCore' in project 'GTMSessionFetcher' (no dependencies)
    Target 'FirebaseCoreExtension' in project 'Firebase'
        ➜ Explicit dependency on target 'Firebase_FirebaseCoreExtension' in project 'Firebase'
    Target 'Firebase_FirebaseCoreExtension' in project 'Firebase' (no dependencies)
    Target 'FirebaseAuthInterop' in project 'Firebase' (no dependencies)
    Target 'FirebaseAppCheckInterop' in project 'Firebase' (no dependencies)
    Target 'FirebaseCore' in project 'Firebase'
        ➜ Explicit dependency on target 'FirebaseCore' in project 'Firebase'
        ➜ Explicit dependency on target 'Firebase_FirebaseCore' in project 'Firebase'
        ➜ Explicit dependency on target 'Firebase' in project 'Firebase'
        ➜ Explicit dependency on target 'FirebaseCoreInternal' in project 'Firebase'
        ➜ Explicit dependency on target 'GULNSData' in project 'GoogleUtilities'
        ➜ Explicit dependency on target 'GULEnvironment' in project 'GoogleUtilities'
        ➜ Explicit dependency on target 'GULLogger' in project 'GoogleUtilities'
    Target 'FirebaseCore' in project 'Firebase'
        ➜ Explicit dependency on target 'Firebase_FirebaseCore' in project 'Firebase'
        ➜ Explicit dependency on target 'Firebase' in project 'Firebase'
        ➜ Explicit dependency on target 'FirebaseCoreInternal' in project 'Firebase'
        ➜ Explicit dependency on target 'GULNSData' in project 'GoogleUtilities'
        ➜ Explicit dependency on target 'GULEnvironment' in project 'GoogleUtilities'
        ➜ Explicit dependency on target 'GULLogger' in project 'GoogleUtilities'
    Target 'GULLogger' in project 'GoogleUtilities'
        ➜ Explicit dependency on target 'GoogleUtilities-Logger' in project 'GoogleUtilities'
        ➜ Explicit dependency on target 'GoogleUtilities_GoogleUtilities-Logger' in project 'GoogleUtilities'
        ➜ Explicit dependency on target 'third-party-IsAppEncrypted' in project 'GoogleUtilities'
        ➜ Explicit dependency on target 'GoogleUtilities-Environment' in project 'GoogleUtilities'
    Target 'GoogleUtilities-Logger' in project 'GoogleUtilities'
        ➜ Explicit dependency on target 'GoogleUtilities_GoogleUtilities-Logger' in project 'GoogleUtilities'
        ➜ Explicit dependency on target 'third-party-IsAppEncrypted' in project 'GoogleUtilities'
        ➜ Explicit dependency on target 'GoogleUtilities-Environment' in project 'GoogleUtilities'
    Target 'GoogleUtilities_GoogleUtilities-Logger' in project 'GoogleUtilities' (no dependencies)
    Target 'GULEnvironment' in project 'GoogleUtilities'
        ➜ Explicit dependency on target 'GoogleUtilities-Environment' in project 'GoogleUtilities'
        ➜ Explicit dependency on target 'GoogleUtilities_GoogleUtilities-Environment' in project 'GoogleUtilities'
        ➜ Explicit dependency on target 'third-party-IsAppEncrypted' in project 'GoogleUtilities'
    Target 'GoogleUtilities-Environment' in project 'GoogleUtilities'
        ➜ Explicit dependency on target 'GoogleUtilities_GoogleUtilities-Environment' in project 'GoogleUtilities'
        ➜ Explicit dependency on target 'third-party-IsAppEncrypted' in project 'GoogleUtilities'
    Target 'third-party-IsAppEncrypted' in project 'GoogleUtilities' (no dependencies)
    Target 'GoogleUtilities_GoogleUtilities-Environment' in project 'GoogleUtilities' (no dependencies)
    Target 'FirebaseCoreInternal' in project 'Firebase'
        ➜ Explicit dependency on target 'Firebase_FirebaseCoreInternal' in project 'Firebase'
        ➜ Explicit dependency on target 'GULNSData' in project 'GoogleUtilities'
    Target 'GULNSData' in project 'GoogleUtilities'
        ➜ Explicit dependency on target 'GoogleUtilities-NSData' in project 'GoogleUtilities'
        ➜ Explicit dependency on target 'GoogleUtilities_GoogleUtilities-NSData' in project 'GoogleUtilities'
    Target 'GoogleUtilities-NSData' in project 'GoogleUtilities'
        ➜ Explicit dependency on target 'GoogleUtilities_GoogleUtilities-NSData' in project 'GoogleUtilities'
    Target 'GoogleUtilities_GoogleUtilities-NSData' in project 'GoogleUtilities' (no dependencies)
    Target 'Firebase_FirebaseCoreInternal' in project 'Firebase' (no dependencies)
    Target 'Firebase' in project 'Firebase' (no dependencies)
    Target 'Firebase_FirebaseCore' in project 'Firebase' (no dependencies)

GatherProvisioningInputs

CreateBuildDescription

ExecuteExternalTool /Applications/Xcode.app/Contents/Developer/Toolchains/XcodeDefault.xctoolchain/usr/bin/clang -v -E -dM -arch arm64 -isysroot /Applications/Xcode.app/Contents/Developer/Platforms/iPhoneOS.platform/Developer/SDKs/iPhoneOS26.2.sdk -x objective-c -c /dev/null

ExecuteExternalTool /Applications/Xcode.app/Contents/Developer/Toolchains/XcodeDefault.xctoolchain/usr/bin/swiftc --version

ExecuteExternalTool /Applications/Xcode.app/Contents/Developer/Toolchains/XcodeDefault.xctoolchain/usr/bin/clang -v -E -dM -isysroot /Applications/Xcode.app/Contents/Developer/Platforms/iPhoneOS.platform/Developer/SDKs/iPhoneOS26.2.sdk -x c -c /dev/null

ExecuteExternalTool /Applications/Xcode.app/Contents/Developer/usr/bin/actool --print-asset-tag-combinations --output-format xml1 /Users/Veer/Library/Mobile Documents/com~apple~CloudDocs/HearifyV1/HearifyV1/Preview Content/Preview Assets.xcassets /Users/Veer/Library/Mobile Documents/com~apple~CloudDocs/HearifyV1/HearifyV1/Assets.xcassets

ExecuteExternalTool /Applications/Xcode.app/Contents/Developer/Toolchains/XcodeDefault.xctoolchain/usr/bin/clang -v -E -dM -arch arm64 -isysroot /Applications/Xcode.app/Contents/Developer/Platforms/iPhoneOS.platform/Developer/SDKs/iPhoneOS26.2.sdk -x c -c /dev/null

ExecuteExternalTool /Applications/Xcode.app/Contents/Developer/Toolchains/XcodeDefault.xctoolchain/usr/bin/ld -version_details

ExecuteExternalTool /Applications/Xcode.app/Contents/Developer/Toolchains/XcodeDefault.xctoolchain/usr/bin/clang -v -E -dM -arch arm64 -isysroot /Applications/Xcode.app/Contents/Developer/Platforms/iPhoneOS.platform/Developer/SDKs/iPhoneOS26.2.sdk -x c++ -c /dev/null

ExecuteExternalTool /Applications/Xcode.app/Contents/Developer/usr/bin/ibtool --version --output-format xml1

ExecuteExternalTool /Applications/Xcode.app/Contents/Developer/usr/bin/actool --version --output-format xml1

Build description signature: 9562878020b28b45c9855b4f06c0671a
Build description path: /Users/Veer/Library/Developer/Xcode/DerivedData/HearifyV1-ftljoypfezvlxcgouzbpmsmxzads/Build/Intermediates.noindex/XCBuildData/9562878020b28b45c9855b4f06c0671a.xcbuilddata
ClangStatCache /Applications/Xcode.app/Contents/Developer/Toolchains/XcodeDefault.xctoolchain/usr/bin/clang-stat-cache /Applications/Xcode.app/Contents/Developer/Platforms/iPhoneOS.platform/Developer/SDKs/iPhoneOS26.2.sdk /Users/Veer/Library/Developer/Xcode/DerivedData/SDKStatCaches.noindex/iphoneos26.2-23C53-3794476bd08197c3e2abd9bb477ef7f7.sdkstatcache
    cd /Users/Veer/Library/Mobile\ Documents/com\~apple\~CloudDocs/HearifyV1/HearifyV1.xcodeproj
    /Applications/Xcode.app/Contents/Developer/Toolchains/XcodeDefault.xctoolchain/usr/bin/clang-stat-cache /Applications/Xcode.app/Contents/Developer/Platforms/iPhoneOS.platform/Developer/SDKs/iPhoneOS26.2.sdk -o /Users/Veer/Library/Developer/Xcode/DerivedData/SDKStatCaches.noindex/iphoneos26.2-23C53-3794476bd08197c3e2abd9bb477ef7f7.sdkstatcache

ProcessInfoPlistFile /Users/Veer/Library/Developer/Xcode/DerivedData/HearifyV1-ftljoypfezvlxcgouzbpmsmxzads/Build/Products/Debug-iphoneos/GoogleUtilities_GoogleUtilities-Environment.bundle/Info.plist /Users/Veer/Library/Developer/Xcode/DerivedData/HearifyV1-ftljoypfezvlxcgouzbpmsmxzads/Build/Intermediates.noindex/GoogleUtilities.build/Debug-iphoneos/GoogleUtilities_GoogleUtilities-Environment.build/empty-GoogleUtilities_GoogleUtilities-Environment.plist (in target 'GoogleUtilities_GoogleUtilities-Environment' from project 'GoogleUtilities')
    cd /Users/Veer/Library/Developer/Xcode/DerivedData/HearifyV1-ftljoypfezvlxcgouzbpmsmxzads/SourcePackages/checkouts/GoogleUtilities
    builtin-infoPlistUtility /Users/Veer/Library/Developer/Xcode/DerivedData/HearifyV1-ftljoypfezvlxcgouzbpmsmxzads/Build/Intermediates.noindex/GoogleUtilities.build/Debug-iphoneos/GoogleUtilities_GoogleUtilities-Environment.build/empty-GoogleUtilities_GoogleUtilities-Environment.plist -producttype com.apple.product-type.bundle -expandbuildsettings -format binary -platform iphoneos -requiredArchitecture arm64 -o /Users/Veer/Library/Developer/Xcode/DerivedData/HearifyV1-ftljoypfezvlxcgouzbpmsmxzads/Build/Products/Debug-iphoneos/GoogleUtilities_GoogleUtilities-Environment.bundle/Info.plist

ProcessInfoPlistFile /Users/Veer/Library/Developer/Xcode/DerivedData/HearifyV1-ftljoypfezvlxcgouzbpmsmxzads/Build/Products/Debug-iphoneos/GoogleUtilities_GoogleUtilities-AppDelegateSwizzler.bundle/Info.plist /Users/Veer/Library/Developer/Xcode/DerivedData/HearifyV1-ftljoypfezvlxcgouzbpmsmxzads/Build/Intermediates.noindex/GoogleUtilities.build/Debug-iphoneos/GoogleUtilities_GoogleUtilities-AppDelegateSwizzler.build/empty-GoogleUtilities_GoogleUtilities-AppDelegateSwizzler.plist (in target 'GoogleUtilities_GoogleUtilities-AppDelegateSwizzler' from project 'GoogleUtilities')
    cd /Users/Veer/Library/Developer/Xcode/DerivedData/HearifyV1-ftljoypfezvlxcgouzbpmsmxzads/SourcePackages/checkouts/GoogleUtilities
    builtin-infoPlistUtility /Users/Veer/Library/Developer/Xcode/DerivedData/HearifyV1-ftljoypfezvlxcgouzbpmsmxzads/Build/Intermediates.noindex/GoogleUtilities.build/Debug-iphoneos/GoogleUtilities_GoogleUtilities-AppDelegateSwizzler.build/empty-GoogleUtilities_GoogleUtilities-AppDelegateSwizzler.plist -producttype com.apple.product-type.bundle -expandbuildsettings -format binary -platform iphoneos -requiredArchitecture arm64 -o /Users/Veer/Library/Developer/Xcode/DerivedData/HearifyV1-ftljoypfezvlxcgouzbpmsmxzads/Build/Products/Debug-iphoneos/GoogleUtilities_GoogleUtilities-AppDelegateSwizzler.bundle/Info.plist

ProcessInfoPlistFile /Users/Veer/Library/Developer/Xcode/DerivedData/HearifyV1-ftljoypfezvlxcgouzbpmsmxzads/Build/Products/Debug-iphoneos/GoogleUtilities_GoogleUtilities-NSData.bundle/Info.plist /Users/Veer/Library/Developer/Xcode/DerivedData/HearifyV1-ftljoypfezvlxcgouzbpmsmxzads/Build/Intermediates.noindex/GoogleUtilities.build/Debug-iphoneos/GoogleUtilities_GoogleUtilities-NSData.build/empty-GoogleUtilities_GoogleUtilities-NSData.plist (in target 'GoogleUtilities_GoogleUtilities-NSData' from project 'GoogleUtilities')
    cd /Users/Veer/Library/Developer/Xcode/DerivedData/HearifyV1-ftljoypfezvlxcgouzbpmsmxzads/SourcePackages/checkouts/GoogleUtilities
    builtin-infoPlistUtility /Users/Veer/Library/Developer/Xcode/DerivedData/HearifyV1-ftljoypfezvlxcgouzbpmsmxzads/Build/Intermediates.noindex/GoogleUtilities.build/Debug-iphoneos/GoogleUtilities_GoogleUtilities-NSData.build/empty-GoogleUtilities_GoogleUtilities-NSData.plist -producttype com.apple.product-type.bundle -expandbuildsettings -format binary -platform iphoneos -requiredArchitecture arm64 -o /Users/Veer/Library/Developer/Xcode/DerivedData/HearifyV1-ftljoypfezvlxcgouzbpmsmxzads/Build/Products/Debug-iphoneos/GoogleUtilities_GoogleUtilities-NSData.bundle/Info.plist

ProcessInfoPlistFile /Users/Veer/Library/Developer/Xcode/DerivedData/HearifyV1-ftljoypfezvlxcgouzbpmsmxzads/Build/Products/Debug-iphoneos/gRPC_grpcWrapper.bundle/Info.plist /Users/Veer/Library/Developer/Xcode/DerivedData/HearifyV1-ftljoypfezvlxcgouzbpmsmxzads/Build/Intermediates.noindex/gRPC.build/Debug-iphoneos/gRPC_grpcWrapper.build/empty-gRPC_grpcWrapper.plist (in target 'gRPC_grpcWrapper' from project 'gRPC')
    cd /Users/Veer/Library/Developer/Xcode/DerivedData/HearifyV1-ftljoypfezvlxcgouzbpmsmxzads/SourcePackages/checkouts/grpc-binary
    builtin-infoPlistUtility /Users/Veer/Library/Developer/Xcode/DerivedData/HearifyV1-ftljoypfezvlxcgouzbpmsmxzads/Build/Intermediates.noindex/gRPC.build/Debug-iphoneos/gRPC_grpcWrapper.build/empty-gRPC_grpcWrapper.plist -producttype com.apple.product-type.bundle -expandbuildsettings -format binary -platform iphoneos -requiredArchitecture arm64 -o /Users/Veer/Library/Developer/Xcode/DerivedData/HearifyV1-ftljoypfezvlxcgouzbpmsmxzads/Build/Products/Debug-iphoneos/gRPC_grpcWrapper.bundle/Info.plist

ProcessInfoPlistFile /Users/Veer/Library/Developer/Xcode/DerivedData/HearifyV1-ftljoypfezvlxcgouzbpmsmxzads/Build/Products/Debug-iphoneos/nanopb_nanopb.bundle/Info.plist /Users/Veer/Library/Developer/Xcode/DerivedData/HearifyV1-ftljoypfezvlxcgouzbpmsmxzads/Build/Intermediates.noindex/nanopb.build/Debug-iphoneos/nanopb_nanopb.build/empty-nanopb_nanopb.plist (in target 'nanopb_nanopb' from project 'nanopb')
    cd /Users/Veer/Library/Developer/Xcode/DerivedData/HearifyV1-ftljoypfezvlxcgouzbpmsmxzads/SourcePackages/checkouts/nanopb
    builtin-infoPlistUtility /Users/Veer/Library/Developer/Xcode/DerivedData/HearifyV1-ftljoypfezvlxcgouzbpmsmxzads/Build/Intermediates.noindex/nanopb.build/Debug-iphoneos/nanopb_nanopb.build/empty-nanopb_nanopb.plist -producttype com.apple.product-type.bundle -expandbuildsettings -format binary -platform iphoneos -requiredArchitecture arm64 -o /Users/Veer/Library/Developer/Xcode/DerivedData/HearifyV1-ftljoypfezvlxcgouzbpmsmxzads/Build/Products/Debug-iphoneos/nanopb_nanopb.bundle/Info.plist

ProcessInfoPlistFile /Users/Veer/Library/Developer/Xcode/DerivedData/HearifyV1-ftljoypfezvlxcgouzbpmsmxzads/Build/Products/Debug-iphoneos/gRPC_opensslWrapper.bundle/Info.plist /Users/Veer/Library/Developer/Xcode/DerivedData/HearifyV1-ftljoypfezvlxcgouzbpmsmxzads/Build/Intermediates.noindex/gRPC.build/Debug-iphoneos/gRPC_opensslWrapper.build/empty-gRPC_opensslWrapper.plist (in target 'gRPC_opensslWrapper' from project 'gRPC')
    cd /Users/Veer/Library/Developer/Xcode/DerivedData/HearifyV1-ftljoypfezvlxcgouzbpmsmxzads/SourcePackages/checkouts/grpc-binary
    builtin-infoPlistUtility /Users/Veer/Library/Developer/Xcode/DerivedData/HearifyV1-ftljoypfezvlxcgouzbpmsmxzads/Build/Intermediates.noindex/gRPC.build/Debug-iphoneos/gRPC_opensslWrapper.build/empty-gRPC_opensslWrapper.plist -producttype com.apple.product-type.bundle -expandbuildsettings -format binary -platform iphoneos -requiredArchitecture arm64 -o /Users/Veer/Library/Developer/Xcode/DerivedData/HearifyV1-ftljoypfezvlxcgouzbpmsmxzads/Build/Products/Debug-iphoneos/gRPC_opensslWrapper.bundle/Info.plist

ProcessInfoPlistFile /Users/Veer/Library/Developer/Xcode/DerivedData/HearifyV1-ftljoypfezvlxcgouzbpmsmxzads/Build/Products/Debug-iphoneos/leveldb_leveldb.bundle/Info.plist /Users/Veer/Library/Developer/Xcode/DerivedData/HearifyV1-ftljoypfezvlxcgouzbpmsmxzads/Build/Intermediates.noindex/leveldb.build/Debug-iphoneos/leveldb_leveldb.build/empty-leveldb_leveldb.plist (in target 'leveldb_leveldb' from project 'leveldb')
    cd /Users/Veer/Library/Developer/Xcode/DerivedData/HearifyV1-ftljoypfezvlxcgouzbpmsmxzads/SourcePackages/checkouts/leveldb
    builtin-infoPlistUtility /Users/Veer/Library/Developer/Xcode/DerivedData/HearifyV1-ftljoypfezvlxcgouzbpmsmxzads/Build/Intermediates.noindex/leveldb.build/Debug-iphoneos/leveldb_leveldb.build/empty-leveldb_leveldb.plist -producttype com.apple.product-type.bundle -expandbuildsettings -format binary -platform iphoneos -requiredArchitecture arm64 -o /Users/Veer/Library/Developer/Xcode/DerivedData/HearifyV1-ftljoypfezvlxcgouzbpmsmxzads/Build/Products/Debug-iphoneos/leveldb_leveldb.bundle/Info.plist

ProcessInfoPlistFile /Users/Veer/Library/Developer/Xcode/DerivedData/HearifyV1-ftljoypfezvlxcgouzbpmsmxzads/Build/Products/Debug-iphoneos/gRPC_grpcppWrapper.bundle/Info.plist /Users/Veer/Library/Developer/Xcode/DerivedData/HearifyV1-ftljoypfezvlxcgouzbpmsmxzads/Build/Intermediates.noindex/gRPC.build/Debug-iphoneos/gRPC_grpcppWrapper.build/empty-gRPC_grpcppWrapper.plist (in target 'gRPC_grpcppWrapper' from project 'gRPC')
    cd /Users/Veer/Library/Developer/Xcode/DerivedData/HearifyV1-ftljoypfezvlxcgouzbpmsmxzads/SourcePackages/checkouts/grpc-binary
    builtin-infoPlistUtility /Users/Veer/Library/Developer/Xcode/DerivedData/HearifyV1-ftljoypfezvlxcgouzbpmsmxzads/Build/Intermediates.noindex/gRPC.build/Debug-iphoneos/gRPC_grpcppWrapper.build/empty-gRPC_grpcppWrapper.plist -producttype com.apple.product-type.bundle -expandbuildsettings -format binary -platform iphoneos -requiredArchitecture arm64 -o /Users/Veer/Library/Developer/Xcode/DerivedData/HearifyV1-ftljoypfezvlxcgouzbpmsmxzads/Build/Products/Debug-iphoneos/gRPC_grpcppWrapper.bundle/Info.plist

ProcessInfoPlistFile /Users/Veer/Library/Developer/Xcode/DerivedData/HearifyV1-ftljoypfezvlxcgouzbpmsmxzads/Build/Products/Debug-iphoneos/abseil_abslWrapper.bundle/Info.plist /Users/Veer/Library/Developer/Xcode/DerivedData/HearifyV1-ftljoypfezvlxcgouzbpmsmxzads/Build/Intermediates.noindex/abseil.build/Debug-iphoneos/abseil_abslWrapper.build/empty-abseil_abslWrapper.plist (in target 'abseil_abslWrapper' from project 'abseil')
    cd /Users/Veer/Library/Developer/Xcode/DerivedData/HearifyV1-ftljoypfezvlxcgouzbpmsmxzads/SourcePackages/checkouts/abseil-cpp-binary
    builtin-infoPlistUtility /Users/Veer/Library/Developer/Xcode/DerivedData/HearifyV1-ftljoypfezvlxcgouzbpmsmxzads/Build/Intermediates.noindex/abseil.build/Debug-iphoneos/abseil_abslWrapper.build/empty-abseil_abslWrapper.plist -producttype com.apple.product-type.bundle -expandbuildsettings -format binary -platform iphoneos -requiredArchitecture arm64 -o /Users/Veer/Library/Developer/Xcode/DerivedData/HearifyV1-ftljoypfezvlxcgouzbpmsmxzads/Build/Products/Debug-iphoneos/abseil_abslWrapper.bundle/Info.plist

ProcessInfoPlistFile /Users/Veer/Library/Developer/Xcode/DerivedData/HearifyV1-ftljoypfezvlxcgouzbpmsmxzads/Build/Products/Debug-iphoneos/GoogleUtilities_GoogleUtilities-Logger.bundle/Info.plist /Users/Veer/Library/Developer/Xcode/DerivedData/HearifyV1-ftljoypfezvlxcgouzbpmsmxzads/Build/Intermediates.noindex/GoogleUtilities.build/Debug-iphoneos/GoogleUtilities_GoogleUtilities-Logger.build/empty-GoogleUtilities_GoogleUtilities-Logger.plist (in target 'GoogleUtilities_GoogleUtilities-Logger' from project 'GoogleUtilities')
    cd /Users/Veer/Library/Developer/Xcode/DerivedData/HearifyV1-ftljoypfezvlxcgouzbpmsmxzads/SourcePackages/checkouts/GoogleUtilities
    builtin-infoPlistUtility /Users/Veer/Library/Developer/Xcode/DerivedData/HearifyV1-ftljoypfezvlxcgouzbpmsmxzads/Build/Intermediates.noindex/GoogleUtilities.build/Debug-iphoneos/GoogleUtilities_GoogleUtilities-Logger.build/empty-GoogleUtilities_GoogleUtilities-Logger.plist -producttype com.apple.product-type.bundle -expandbuildsettings -format binary -platform iphoneos -requiredArchitecture arm64 -o /Users/Veer/Library/Developer/Xcode/DerivedData/HearifyV1-ftljoypfezvlxcgouzbpmsmxzads/Build/Products/Debug-iphoneos/GoogleUtilities_GoogleUtilities-Logger.bundle/Info.plist

ProcessInfoPlistFile /Users/Veer/Library/Developer/Xcode/DerivedData/HearifyV1-ftljoypfezvlxcgouzbpmsmxzads/Build/Products/Debug-iphoneos/GTMSessionFetcher_GTMSessionFetcherCore.bundle/Info.plist /Users/Veer/Library/Developer/Xcode/DerivedData/HearifyV1-ftljoypfezvlxcgouzbpmsmxzads/Build/Intermediates.noindex/GTMSessionFetcher.build/Debug-iphoneos/GTMSessionFetcher_GTMSessionFetcherCore.build/empty-GTMSessionFetcher_GTMSessionFetcherCore.plist (in target 'GTMSessionFetcher_GTMSessionFetcherCore' from project 'GTMSessionFetcher')
    cd /Users/Veer/Library/Developer/Xcode/DerivedData/HearifyV1-ftljoypfezvlxcgouzbpmsmxzads/SourcePackages/checkouts/gtm-session-fetcher
    builtin-infoPlistUtility /Users/Veer/Library/Developer/Xcode/DerivedData/HearifyV1-ftljoypfezvlxcgouzbpmsmxzads/Build/Intermediates.noindex/GTMSessionFetcher.build/Debug-iphoneos/GTMSessionFetcher_GTMSessionFetcherCore.build/empty-GTMSessionFetcher_GTMSessionFetcherCore.plist -producttype com.apple.product-type.bundle -expandbuildsettings -format binary -platform iphoneos -requiredArchitecture arm64 -o /Users/Veer/Library/Developer/Xcode/DerivedData/HearifyV1-ftljoypfezvlxcgouzbpmsmxzads/Build/Products/Debug-iphoneos/GTMSessionFetcher_GTMSessionFetcherCore.bundle/Info.plist

ProcessInfoPlistFile /Users/Veer/Library/Developer/Xcode/DerivedData/HearifyV1-ftljoypfezvlxcgouzbpmsmxzads/Build/Products/Debug-iphoneos/Firebase_FirebaseCore.bundle/Info.plist /Users/Veer/Library/Developer/Xcode/DerivedData/HearifyV1-ftljoypfezvlxcgouzbpmsmxzads/Build/Intermediates.noindex/Firebase.build/Debug-iphoneos/Firebase_FirebaseCore.build/empty-Firebase_FirebaseCore.plist (in target 'Firebase_FirebaseCore' from project 'Firebase')
    cd /Users/Veer/Library/Developer/Xcode/DerivedData/HearifyV1-ftljoypfezvlxcgouzbpmsmxzads/SourcePackages/checkouts/firebase-ios-sdk
    builtin-infoPlistUtility /Users/Veer/Library/Developer/Xcode/DerivedData/HearifyV1-ftljoypfezvlxcgouzbpmsmxzads/Build/Intermediates.noindex/Firebase.build/Debug-iphoneos/Firebase_FirebaseCore.build/empty-Firebase_FirebaseCore.plist -producttype com.apple.product-type.bundle -expandbuildsettings -format binary -platform iphoneos -requiredArchitecture arm64 -o /Users/Veer/Library/Developer/Xcode/DerivedData/HearifyV1-ftljoypfezvlxcgouzbpmsmxzads/Build/Products/Debug-iphoneos/Firebase_FirebaseCore.bundle/Info.plist

ProcessInfoPlistFile /Users/Veer/Library/Developer/Xcode/DerivedData/HearifyV1-ftljoypfezvlxcgouzbpmsmxzads/Build/Products/Debug-iphoneos/Firebase_FirebaseAuth.bundle/Info.plist /Users/Veer/Library/Developer/Xcode/DerivedData/HearifyV1-ftljoypfezvlxcgouzbpmsmxzads/Build/Intermediates.noindex/Firebase.build/Debug-iphoneos/Firebase_FirebaseAuth.build/empty-Firebase_FirebaseAuth.plist (in target 'Firebase_FirebaseAuth' from project 'Firebase')
    cd /Users/Veer/Library/Developer/Xcode/DerivedData/HearifyV1-ftljoypfezvlxcgouzbpmsmxzads/SourcePackages/checkouts/firebase-ios-sdk
    builtin-infoPlistUtility /Users/Veer/Library/Developer/Xcode/DerivedData/HearifyV1-ftljoypfezvlxcgouzbpmsmxzads/Build/Intermediates.noindex/Firebase.build/Debug-iphoneos/Firebase_FirebaseAuth.build/empty-Firebase_FirebaseAuth.plist -producttype com.apple.product-type.bundle -expandbuildsettings -format binary -platform iphoneos -requiredArchitecture arm64 -o /Users/Veer/Library/Developer/Xcode/DerivedData/HearifyV1-ftljoypfezvlxcgouzbpmsmxzads/Build/Products/Debug-iphoneos/Firebase_FirebaseAuth.bundle/Info.plist

ProcessInfoPlistFile /Users/Veer/Library/Developer/Xcode/DerivedData/HearifyV1-ftljoypfezvlxcgouzbpmsmxzads/Build/Products/Debug-iphoneos/GoogleUtilities_GoogleUtilities-Reachability.bundle/Info.plist /Users/Veer/Library/Developer/Xcode/DerivedData/HearifyV1-ftljoypfezvlxcgouzbpmsmxzads/Build/Intermediates.noindex/GoogleUtilities.build/Debug-iphoneos/GoogleUtilities_GoogleUtilities-Reachability.build/empty-GoogleUtilities_GoogleUtilities-Reachability.plist (in target 'GoogleUtilities_GoogleUtilities-Reachability' from project 'GoogleUtilities')
    cd /Users/Veer/Library/Developer/Xcode/DerivedData/HearifyV1-ftljoypfezvlxcgouzbpmsmxzads/SourcePackages/checkouts/GoogleUtilities
    builtin-infoPlistUtility /Users/Veer/Library/Developer/Xcode/DerivedData/HearifyV1-ftljoypfezvlxcgouzbpmsmxzads/Build/Intermediates.noindex/GoogleUtilities.build/Debug-iphoneos/GoogleUtilities_GoogleUtilities-Reachability.build/empty-GoogleUtilities_GoogleUtilities-Reachability.plist -producttype com.apple.product-type.bundle -expandbuildsettings -format binary -platform iphoneos -requiredArchitecture arm64 -o /Users/Veer/Library/Developer/Xcode/DerivedData/HearifyV1-ftljoypfezvlxcgouzbpmsmxzads/Build/Products/Debug-iphoneos/GoogleUtilities_GoogleUtilities-Reachability.bundle/Info.plist

ProcessInfoPlistFile /Users/Veer/Library/Developer/Xcode/DerivedData/HearifyV1-ftljoypfezvlxcgouzbpmsmxzads/Build/Products/Debug-iphoneos/GoogleUtilities_GoogleUtilities-Network.bundle/Info.plist /Users/Veer/Library/Developer/Xcode/DerivedData/HearifyV1-ftljoypfezvlxcgouzbpmsmxzads/Build/Intermediates.noindex/GoogleUtilities.build/Debug-iphoneos/GoogleUtilities_GoogleUtilities-Network.build/empty-GoogleUtilities_GoogleUtilities-Network.plist (in target 'GoogleUtilities_GoogleUtilities-Network' from project 'GoogleUtilities')
    cd /Users/Veer/Library/Developer/Xcode/DerivedData/HearifyV1-ftljoypfezvlxcgouzbpmsmxzads/SourcePackages/checkouts/GoogleUtilities
    builtin-infoPlistUtility /Users/Veer/Library/Developer/Xcode/DerivedData/HearifyV1-ftljoypfezvlxcgouzbpmsmxzads/Build/Intermediates.noindex/GoogleUtilities.build/Debug-iphoneos/GoogleUtilities_GoogleUtilities-Network.build/empty-GoogleUtilities_GoogleUtilities-Network.plist -producttype com.apple.product-type.bundle -expandbuildsettings -format binary -platform iphoneos -requiredArchitecture arm64 -o /Users/Veer/Library/Developer/Xcode/DerivedData/HearifyV1-ftljoypfezvlxcgouzbpmsmxzads/Build/Products/Debug-iphoneos/GoogleUtilities_GoogleUtilities-Network.bundle/Info.plist

ProcessInfoPlistFile /Users/Veer/Library/Developer/Xcode/DerivedData/HearifyV1-ftljoypfezvlxcgouzbpmsmxzads/Build/Products/Debug-iphoneos/Firebase_FirebaseFirestore.bundle/Info.plist /Users/Veer/Library/Developer/Xcode/DerivedData/HearifyV1-ftljoypfezvlxcgouzbpmsmxzads/Build/Intermediates.noindex/Firebase.build/Debug-iphoneos/Firebase_FirebaseFirestore.build/empty-Firebase_FirebaseFirestore.plist (in target 'Firebase_FirebaseFirestore' from project 'Firebase')
    cd /Users/Veer/Library/Developer/Xcode/DerivedData/HearifyV1-ftljoypfezvlxcgouzbpmsmxzads/SourcePackages/checkouts/firebase-ios-sdk
    builtin-infoPlistUtility /Users/Veer/Library/Developer/Xcode/DerivedData/HearifyV1-ftljoypfezvlxcgouzbpmsmxzads/Build/Intermediates.noindex/Firebase.build/Debug-iphoneos/Firebase_FirebaseFirestore.build/empty-Firebase_FirebaseFirestore.plist -producttype com.apple.product-type.bundle -expandbuildsettings -format binary -platform iphoneos -requiredArchitecture arm64 -o /Users/Veer/Library/Developer/Xcode/DerivedData/HearifyV1-ftljoypfezvlxcgouzbpmsmxzads/Build/Products/Debug-iphoneos/Firebase_FirebaseFirestore.bundle/Info.plist

ProcessInfoPlistFile /Users/Veer/Library/Developer/Xcode/DerivedData/HearifyV1-ftljoypfezvlxcgouzbpmsmxzads/Build/Products/Debug-iphoneos/Firebase_FirebaseCoreExtension.bundle/Info.plist /Users/Veer/Library/Developer/Xcode/DerivedData/HearifyV1-ftljoypfezvlxcgouzbpmsmxzads/Build/Intermediates.noindex/Firebase.build/Debug-iphoneos/Firebase_FirebaseCoreExtension.build/empty-Firebase_FirebaseCoreExtension.plist (in target 'Firebase_FirebaseCoreExtension' from project 'Firebase')
    cd /Users/Veer/Library/Developer/Xcode/DerivedData/HearifyV1-ftljoypfezvlxcgouzbpmsmxzads/SourcePackages/checkouts/firebase-ios-sdk
    builtin-infoPlistUtility /Users/Veer/Library/Developer/Xcode/DerivedData/HearifyV1-ftljoypfezvlxcgouzbpmsmxzads/Build/Intermediates.noindex/Firebase.build/Debug-iphoneos/Firebase_FirebaseCoreExtension.build/empty-Firebase_FirebaseCoreExtension.plist -producttype com.apple.product-type.bundle -expandbuildsettings -format binary -platform iphoneos -requiredArchitecture arm64 -o /Users/Veer/Library/Developer/Xcode/DerivedData/HearifyV1-ftljoypfezvlxcgouzbpmsmxzads/Build/Products/Debug-iphoneos/Firebase_FirebaseCoreExtension.bundle/Info.plist

ProcessInfoPlistFile /Users/Veer/Library/Developer/Xcode/DerivedData/HearifyV1-ftljoypfezvlxcgouzbpmsmxzads/Build/Products/Debug-iphoneos/Firebase_FirebaseCoreInternal.bundle/Info.plist /Users/Veer/Library/Developer/Xcode/DerivedData/HearifyV1-ftljoypfezvlxcgouzbpmsmxzads/Build/Intermediates.noindex/Firebase.build/Debug-iphoneos/Firebase_FirebaseCoreInternal.build/empty-Firebase_FirebaseCoreInternal.plist (in target 'Firebase_FirebaseCoreInternal' from project 'Firebase')
    cd /Users/Veer/Library/Developer/Xcode/DerivedData/HearifyV1-ftljoypfezvlxcgouzbpmsmxzads/SourcePackages/checkouts/firebase-ios-sdk
    builtin-infoPlistUtility /Users/Veer/Library/Developer/Xcode/DerivedData/HearifyV1-ftljoypfezvlxcgouzbpmsmxzads/Build/Intermediates.noindex/Firebase.build/Debug-iphoneos/Firebase_FirebaseCoreInternal.build/empty-Firebase_FirebaseCoreInternal.plist -producttype com.apple.product-type.bundle -expandbuildsettings -format binary -platform iphoneos -requiredArchitecture arm64 -o /Users/Veer/Library/Developer/Xcode/DerivedData/HearifyV1-ftljoypfezvlxcgouzbpmsmxzads/Build/Products/Debug-iphoneos/Firebase_FirebaseCoreInternal.bundle/Info.plist

GenerateAssetSymbols /Users/Veer/Library/Mobile\ Documents/com~apple~CloudDocs/HearifyV1/HearifyV1/Preview\ Content/Preview\ Assets.xcassets /Users/Veer/Library/Mobile\ Documents/com~apple~CloudDocs/HearifyV1/HearifyV1/Assets.xcassets (in target 'HearifyV1' from project 'HearifyV1')
    cd /Users/Veer/Library/Mobile\ Documents/com\~apple\~CloudDocs/HearifyV1
    /Applications/Xcode.app/Contents/Developer/usr/bin/actool /Users/Veer/Library/Mobile\ Documents/com\~apple\~CloudDocs/HearifyV1/HearifyV1/Preview\ Content/Preview\ Assets.xcassets /Users/Veer/Library/Mobile\ Documents/com\~apple\~CloudDocs/HearifyV1/HearifyV1/Assets.xcassets --compile /Users/Veer/Library/Developer/Xcode/DerivedData/HearifyV1-ftljoypfezvlxcgouzbpmsmxzads/Build/Products/Debug-iphoneos/HearifyV1.app --output-format human-readable-text --notices --warnings --export-dependency-info /Users/Veer/Library/Developer/Xcode/DerivedData/HearifyV1-ftljoypfezvlxcgouzbpmsmxzads/Build/Intermediates.noindex/HearifyV1.build/Debug-iphoneos/HearifyV1.build/assetcatalog_dependencies --output-partial-info-plist /Users/Veer/Library/Developer/Xcode/DerivedData/HearifyV1-ftljoypfezvlxcgouzbpmsmxzads/Build/Intermediates.noindex/HearifyV1.build/Debug-iphoneos/HearifyV1.build/assetcatalog_generated_info.plist --app-icon AppIcon --include-all-app-icons --accent-color AccentColor --compress-pngs --enable-on-demand-resources YES --development-region en --target-device iphone --minimum-deployment-target 16.6 --platform iphoneos --bundle-identifier VeerChopra.HearifyV1 --generate-swift-asset-symbols /Users/Veer/Library/Developer/Xcode/DerivedData/HearifyV1-ftljoypfezvlxcgouzbpmsmxzads/Build/Intermediates.noindex/HearifyV1.build/Debug-iphoneos/HearifyV1.build/DerivedSources/GeneratedAssetSymbols.swift --generate-objc-asset-symbols /Users/Veer/Library/Developer/Xcode/DerivedData/HearifyV1-ftljoypfezvlxcgouzbpmsmxzads/Build/Intermediates.noindex/HearifyV1.build/Debug-iphoneos/HearifyV1.build/DerivedSources/GeneratedAssetSymbols.h --generate-asset-symbol-index /Users/Veer/Library/Developer/Xcode/DerivedData/HearifyV1-ftljoypfezvlxcgouzbpmsmxzads/Build/Intermediates.noindex/HearifyV1.build/Debug-iphoneos/HearifyV1.build/DerivedSources/GeneratedAssetSymbols-Index.plist
/* com.apple.actool.compilation-results */
/Users/Veer/Library/Developer/Xcode/DerivedData/HearifyV1-ftljoypfezvlxcgouzbpmsmxzads/Build/Intermediates.noindex/HearifyV1.build/Debug-iphoneos/HearifyV1.build/DerivedSources/GeneratedAssetSymbols-Index.plist
/Users/Veer/Library/Developer/Xcode/DerivedData/HearifyV1-ftljoypfezvlxcgouzbpmsmxzads/Build/Intermediates.noindex/HearifyV1.build/Debug-iphoneos/HearifyV1.build/DerivedSources/GeneratedAssetSymbols.h
/Users/Veer/Library/Developer/Xcode/DerivedData/HearifyV1-ftljoypfezvlxcgouzbpmsmxzads/Build/Intermediates.noindex/HearifyV1.build/Debug-iphoneos/HearifyV1.build/DerivedSources/GeneratedAssetSymbols.swift


LinkAssetCatalog /Users/Veer/Library/Mobile\ Documents/com~apple~CloudDocs/HearifyV1/HearifyV1/Preview\ Content/Preview\ Assets.xcassets /Users/Veer/Library/Mobile\ Documents/com~apple~CloudDocs/HearifyV1/HearifyV1/Assets.xcassets (in target 'HearifyV1' from project 'HearifyV1')
    cd /Users/Veer/Library/Mobile\ Documents/com\~apple\~CloudDocs/HearifyV1
    builtin-linkAssetCatalog --thinned /Users/Veer/Library/Developer/Xcode/DerivedData/HearifyV1-ftljoypfezvlxcgouzbpmsmxzads/Build/Intermediates.noindex/HearifyV1.build/Debug-iphoneos/HearifyV1.build/assetcatalog_output/thinned --thinned-dependencies /Users/Veer/Library/Developer/Xcode/DerivedData/HearifyV1-ftljoypfezvlxcgouzbpmsmxzads/Build/Intermediates.noindex/HearifyV1.build/Debug-iphoneos/HearifyV1.build/assetcatalog_dependencies_thinned --thinned-info-plist-content /Users/Veer/Library/Developer/Xcode/DerivedData/HearifyV1-ftljoypfezvlxcgouzbpmsmxzads/Build/Intermediates.noindex/HearifyV1.build/Debug-iphoneos/HearifyV1.build/assetcatalog_generated_info.plist_thinned --unthinned /Users/Veer/Library/Developer/Xcode/DerivedData/HearifyV1-ftljoypfezvlxcgouzbpmsmxzads/Build/Intermediates.noindex/HearifyV1.build/Debug-iphoneos/HearifyV1.build/assetcatalog_output/unthinned --unthinned-dependencies /Users/Veer/Library/Developer/Xcode/DerivedData/HearifyV1-ftljoypfezvlxcgouzbpmsmxzads/Build/Intermediates.noindex/HearifyV1.build/Debug-iphoneos/HearifyV1.build/assetcatalog_dependencies_unthinned --unthinned-info-plist-content /Users/Veer/Library/Developer/Xcode/DerivedData/HearifyV1-ftljoypfezvlxcgouzbpmsmxzads/Build/Intermediates.noindex/HearifyV1.build/Debug-iphoneos/HearifyV1.build/assetcatalog_generated_info.plist_unthinned --output /Users/Veer/Library/Developer/Xcode/DerivedData/HearifyV1-ftljoypfezvlxcgouzbpmsmxzads/Build/Products/Debug-iphoneos/HearifyV1.app --plist-output /Users/Veer/Library/Developer/Xcode/DerivedData/HearifyV1-ftljoypfezvlxcgouzbpmsmxzads/Build/Intermediates.noindex/HearifyV1.build/Debug-iphoneos/HearifyV1.build/assetcatalog_generated_info.plist
note: Emplaced /Users/Veer/Library/Developer/Xcode/DerivedData/HearifyV1-ftljoypfezvlxcgouzbpmsmxzads/Build/Products/Debug-iphoneos/HearifyV1.app/Assets.car (in target 'HearifyV1' from project 'HearifyV1')
note: Emplaced /Users/Veer/Library/Developer/Xcode/DerivedData/HearifyV1-ftljoypfezvlxcgouzbpmsmxzads/Build/Products/Debug-iphoneos/HearifyV1.app/AppIcon60x60@2x.png (in target 'HearifyV1' from project 'HearifyV1')
note: Emplaced /Users/Veer/Library/Developer/Xcode/DerivedData/HearifyV1-ftljoypfezvlxcgouzbpmsmxzads/Build/Products/Debug-iphoneos/HearifyV1.app/AppIcon76x76@2x~ipad.png (in target 'HearifyV1' from project 'HearifyV1')

SwiftDriver HearifyV1 normal arm64 com.apple.xcode.tools.swift.compiler (in target 'HearifyV1' from project 'HearifyV1')
    cd /Users/Veer/Library/Mobile\ Documents/com\~apple\~CloudDocs/HearifyV1
    builtin-SwiftDriver -- /Applications/Xcode.app/Contents/Developer/Toolchains/XcodeDefault.xctoolchain/usr/bin/swiftc -module-name HearifyV1 -Onone -enforce-exclusivity\=checked @/Users/Veer/Library/Developer/Xcode/DerivedData/HearifyV1-ftljoypfezvlxcgouzbpmsmxzads/Build/Intermediates.noindex/HearifyV1.build/Debug-iphoneos/HearifyV1.build/Objects-normal/arm64/HearifyV1.SwiftFileList -DDEBUG -Xcc -fmodule-map-file\=/Users/Veer/Library/Developer/Xcode/DerivedData/HearifyV1-ftljoypfezvlxcgouzbpmsmxzads/Build/Intermediates.noindex/GeneratedModuleMaps-iphoneos/RecaptchaInterop.modulemap -Xcc -fmodule-map-file\=/Users/Veer/Library/Developer/Xcode/DerivedData/HearifyV1-ftljoypfezvlxcgouzbpmsmxzads/Build/Intermediates.noindex/GeneratedModuleMaps-iphoneos/GoogleUtilities-Network.modulemap -Xcc -fmodule-map-file\=/Users/Veer/Library/Developer/Xcode/DerivedData/HearifyV1-ftljoypfezvlxcgouzbpmsmxzads/Build/Intermediates.noindex/GeneratedModuleMaps-iphoneos/GoogleUtilities-Reachability.modulemap -Xcc -fmodule-map-file\=/Users/Veer/Library/Developer/Xcode/DerivedData/HearifyV1-ftljoypfezvlxcgouzbpmsmxzads/Build/Intermediates.noindex/GeneratedModuleMaps-iphoneos/GoogleUtilities-AppDelegateSwizzler.modulemap -Xcc -fmodule-map-file\=/Users/Veer/Library/Developer/Xcode/DerivedData/HearifyV1-ftljoypfezvlxcgouzbpmsmxzads/Build/Intermediates.noindex/GeneratedModuleMaps-iphoneos/GTMSessionFetcherCore.modulemap -Xcc -fmodule-map-file\=/Users/Veer/Library/Developer/Xcode/DerivedData/HearifyV1-ftljoypfezvlxcgouzbpmsmxzads/Build/Intermediates.noindex/GeneratedModuleMaps-iphoneos/FirebaseAuthInternal.modulemap -Xcc -fmodule-map-file\=/Users/Veer/Library/Developer/Xcode/DerivedData/HearifyV1-ftljoypfezvlxcgouzbpmsmxzads/Build/Intermediates.noindex/GeneratedModuleMaps-iphoneos/FirebaseAuthInterop.modulemap -Xcc -fmodule-map-file\=/Users/Veer/Library/Developer/Xcode/DerivedData/HearifyV1-ftljoypfezvlxcgouzbpmsmxzads/Build/Intermediates.noindex/GeneratedModuleMaps-iphoneos/GoogleUtilities-NSData.modulemap -Xcc -fmodule-map-file\=/Users/Veer/Library/Developer/Xcode/DerivedData/HearifyV1-ftljoypfezvlxcgouzbpmsmxzads/Build/Intermediates.noindex/GeneratedModuleMaps-iphoneos/GoogleUtilities-Environment.modulemap -Xcc -fmodule-map-file\=/Users/Veer/Library/Developer/Xcode/DerivedData/HearifyV1-ftljoypfezvlxcgouzbpmsmxzads/Build/Intermediates.noindex/GeneratedModuleMaps-iphoneos/third-party-IsAppEncrypted.modulemap -Xcc -fmodule-map-file\=/Users/Veer/Library/Developer/Xcode/DerivedData/HearifyV1-ftljoypfezvlxcgouzbpmsmxzads/Build/Intermediates.noindex/GeneratedModuleMaps-iphoneos/GoogleUtilities-Logger.modulemap -Xcc -fmodule-map-file\=/Users/Veer/Library/Developer/Xcode/DerivedData/HearifyV1-ftljoypfezvlxcgouzbpmsmxzads/Build/Intermediates.noindex/GeneratedModuleMaps-iphoneos/abslWrapper.modulemap -Xcc -fmodule-map-file\=/Users/Veer/Library/Developer/Xcode/DerivedData/HearifyV1-ftljoypfezvlxcgouzbpmsmxzads/Build/Intermediates.noindex/GeneratedModuleMaps-iphoneos/opensslWrapper.modulemap -Xcc -fmodule-map-file\=/Users/Veer/Library/Developer/Xcode/DerivedData/HearifyV1-ftljoypfezvlxcgouzbpmsmxzads/Build/Intermediates.noindex/GeneratedModuleMaps-iphoneos/grpcWrapper.modulemap -Xcc -fmodule-map-file\=/Users/Veer/Library/Developer/Xcode/DerivedData/HearifyV1-ftljoypfezvlxcgouzbpmsmxzads/Build/Intermediates.noindex/GeneratedModuleMaps-iphoneos/grpcppWrapper.modulemap -Xcc -fmodule-map-file\=/Users/Veer/Library/Developer/Xcode/DerivedData/HearifyV1-ftljoypfezvlxcgouzbpmsmxzads/Build/Intermediates.noindex/GeneratedModuleMaps-iphoneos/nanopb.modulemap -Xcc -fmodule-map-file\=/Users/Veer/Library/Developer/Xcode/DerivedData/HearifyV1-ftljoypfezvlxcgouzbpmsmxzads/Build/Intermediates.noindex/GeneratedModuleMaps-iphoneos/leveldb.modulemap -Xcc -fmodule-map-file\=/Users/Veer/Library/Developer/Xcode/DerivedData/HearifyV1-ftljoypfezvlxcgouzbpmsmxzads/Build/Intermediates.noindex/GeneratedModuleMaps-iphoneos/FirebaseCoreExtension.modulemap -Xcc -fmodule-map-file\=/Users/Veer/Library/Developer/Xcode/DerivedData/HearifyV1-ftljoypfezvlxcgouzbpmsmxzads/Build/Intermediates.noindex/GeneratedModuleMaps-iphoneos/FirebaseCore.modulemap -Xcc -fmodule-map-file\=/Users/Veer/Library/Developer/Xcode/DerivedData/HearifyV1-ftljoypfezvlxcgouzbpmsmxzads/Build/Intermediates.noindex/GeneratedModuleMaps-iphoneos/FirebaseAppCheckInterop.modulemap -Xcc -fmodule-map-file\=/Users/Veer/Library/Developer/Xcode/DerivedData/HearifyV1-ftljoypfezvlxcgouzbpmsmxzads/Build/Intermediates.noindex/GeneratedModuleMaps-iphoneos/FirebaseFirestoreInternalWrapper.modulemap -Xcc -fmodule-map-file\=/Users/Veer/Library/Developer/Xcode/DerivedData/HearifyV1-ftljoypfezvlxcgouzbpmsmxzads/Build/Intermediates.noindex/GeneratedModuleMaps-iphoneos/FirebaseFirestoreTarget.modulemap -enable-bare-slash-regex -enable-experimental-feature DebugDescriptionMacro -sdk /Applications/Xcode.app/Contents/Developer/Platforms/iPhoneOS.platform/Developer/SDKs/iPhoneOS26.2.sdk -target arm64-apple-ios16.6 -g -module-cache-path /Users/Veer/Library/Developer/Xcode/DerivedData/ModuleCache.noindex -Xfrontend -serialize-debugging-options -profile-coverage-mapping -profile-generate -enable-testing -index-store-path /Users/Veer/Library/Developer/Xcode/DerivedData/HearifyV1-ftljoypfezvlxcgouzbpmsmxzads/Index.noindex/DataStore -Xcc -D_LIBCPP_HARDENING_MODE\=_LIBCPP_HARDENING_MODE_DEBUG -swift-version 5 -I /Users/Veer/Library/Developer/Xcode/DerivedData/HearifyV1-ftljoypfezvlxcgouzbpmsmxzads/Build/Products/Debug-iphoneos -F /Users/Veer/Library/Developer/Xcode/DerivedData/HearifyV1-ftljoypfezvlxcgouzbpmsmxzads/Build/Products/Debug-iphoneos/PackageFrameworks -F /Users/Veer/Library/Developer/Xcode/DerivedData/HearifyV1-ftljoypfezvlxcgouzbpmsmxzads/Build/Products/Debug-iphoneos/PackageFrameworks -F /Users/Veer/Library/Developer/Xcode/DerivedData/HearifyV1-ftljoypfezvlxcgouzbpmsmxzads/Build/Products/Debug-iphoneos/PackageFrameworks -F /Users/Veer/Library/Developer/Xcode/DerivedData/HearifyV1-ftljoypfezvlxcgouzbpmsmxzads/Build/Products/Debug-iphoneos/PackageFrameworks -F /Users/Veer/Library/Developer/Xcode/DerivedData/HearifyV1-ftljoypfezvlxcgouzbpmsmxzads/Build/Products/Debug-iphoneos/PackageFrameworks -F /Users/Veer/Library/Developer/Xcode/DerivedData/HearifyV1-ftljoypfezvlxcgouzbpmsmxzads/Build/Products/Debug-iphoneos/PackageFrameworks -F /Users/Veer/Library/Developer/Xcode/DerivedData/HearifyV1-ftljoypfezvlxcgouzbpmsmxzads/Build/Products/Debug-iphoneos/PackageFrameworks -F /Users/Veer/Library/Developer/Xcode/DerivedData/HearifyV1-ftljoypfezvlxcgouzbpmsmxzads/Build/Products/Debug-iphoneos/PackageFrameworks -F /Users/Veer/Library/Developer/Xcode/DerivedData/HearifyV1-ftljoypfezvlxcgouzbpmsmxzads/Build/Products/Debug-iphoneos/PackageFrameworks -F /Users/Veer/Library/Developer/Xcode/DerivedData/HearifyV1-ftljoypfezvlxcgouzbpmsmxzads/Build/Products/Debug-iphoneos/PackageFrameworks -F /Users/Veer/Library/Developer/Xcode/DerivedData/HearifyV1-ftljoypfezvlxcgouzbpmsmxzads/Build/Products/Debug-iphoneos/PackageFrameworks -F /Users/Veer/Library/Developer/Xcode/DerivedData/HearifyV1-ftljoypfezvlxcgouzbpmsmxzads/Build/Products/Debug-iphoneos/PackageFrameworks -F /Users/Veer/Library/Developer/Xcode/DerivedData/HearifyV1-ftljoypfezvlxcgouzbpmsmxzads/Build/Products/Debug-iphoneos/PackageFrameworks -F /Users/Veer/Library/Developer/Xcode/DerivedData/HearifyV1-ftljoypfezvlxcgouzbpmsmxzads/Build/Products/Debug-iphoneos/PackageFrameworks -F /Users/Veer/Library/Developer/Xcode/DerivedData/HearifyV1-ftljoypfezvlxcgouzbpmsmxzads/Build/Products/Debug-iphoneos/PackageFrameworks -F /Users/Veer/Library/Developer/Xcode/DerivedData/HearifyV1-ftljoypfezvlxcgouzbpmsmxzads/Build/Products/Debug-iphoneos/PackageFrameworks -F /Users/Veer/Library/Developer/Xcode/DerivedData/HearifyV1-ftljoypfezvlxcgouzbpmsmxzads/Build/Products/Debug-iphoneos/PackageFrameworks -F /Users/Veer/Library/Developer/Xcode/DerivedData/HearifyV1-ftljoypfezvlxcgouzbpmsmxzads/Build/Products/Debug-iphoneos/PackageFrameworks -F /Users/Veer/Library/Developer/Xcode/DerivedData/HearifyV1-ftljoypfezvlxcgouzbpmsmxzads/Build/Products/Debug-iphoneos/PackageFrameworks -F /Users/Veer/Library/Developer/Xcode/DerivedData/HearifyV1-ftljoypfezvlxcgouzbpmsmxzads/Build/Products/Debug-iphoneos/PackageFrameworks -F /Users/Veer/Library/Developer/Xcode/DerivedData/HearifyV1-ftljoypfezvlxcgouzbpmsmxzads/Build/Products/Debug-iphoneos/PackageFrameworks -F /Users/Veer/Library/Developer/Xcode/DerivedData/HearifyV1-ftljoypfezvlxcgouzbpmsmxzads/Build/Products/Debug-iphoneos/PackageFrameworks -F /Users/Veer/Library/Developer/Xcode/DerivedData/HearifyV1-ftljoypfezvlxcgouzbpmsmxzads/Build/Products/Debug-iphoneos/PackageFrameworks -F /Users/Veer/Library/Developer/Xcode/DerivedData/HearifyV1-ftljoypfezvlxcgouzbpmsmxzads/Build/Products/Debug-iphoneos/PackageFrameworks -F /Users/Veer/Library/Developer/Xcode/DerivedData/HearifyV1-ftljoypfezvlxcgouzbpmsmxzads/Build/Products/Debug-iphoneos/PackageFrameworks -F /Users/Veer/Library/Developer/Xcode/DerivedData/HearifyV1-ftljoypfezvlxcgouzbpmsmxzads/Build/Products/Debug-iphoneos/PackageFrameworks -F /Users/Veer/Library/Developer/Xcode/DerivedData/HearifyV1-ftljoypfezvlxcgouzbpmsmxzads/Build/Products/Debug-iphoneos/PackageFrameworks -F /Users/Veer/Library/Developer/Xcode/DerivedData/HearifyV1-ftljoypfezvlxcgouzbpmsmxzads/Build/Products/Debug-iphoneos/PackageFrameworks -F /Users/Veer/Library/Developer/Xcode/DerivedData/HearifyV1-ftljoypfezvlxcgouzbpmsmxzads/Build/Products/Debug-iphoneos -emit-localized-strings -emit-localized-strings-path /Users/Veer/Library/Developer/Xcode/DerivedData/HearifyV1-ftljoypfezvlxcgouzbpmsmxzads/Build/Intermediates.noindex/HearifyV1.build/Debug-iphoneos/HearifyV1.build/Objects-normal/arm64 -c -j10 -enable-batch-mode -incremental -Xcc -ivfsstatcache -Xcc /Users/Veer/Library/Developer/Xcode/DerivedData/SDKStatCaches.noindex/iphoneos26.2-23C53-3794476bd08197c3e2abd9bb477ef7f7.sdkstatcache -output-file-map /Users/Veer/Library/Developer/Xcode/DerivedData/HearifyV1-ftljoypfezvlxcgouzbpmsmxzads/Build/Intermediates.noindex/HearifyV1.build/Debug-iphoneos/HearifyV1.build/Objects-normal/arm64/HearifyV1-OutputFileMap.json -use-frontend-parseable-output -save-temps -no-color-diagnostics -explicit-module-build -module-cache-path /Users/Veer/Library/Developer/Xcode/DerivedData/HearifyV1-ftljoypfezvlxcgouzbpmsmxzads/Build/Intermediates.noindex/SwiftExplicitPrecompiledModules -clang-scanner-module-cache-path /Users/Veer/Library/Developer/Xcode/DerivedData/ModuleCache.noindex -sdk-module-cache-path /Users/Veer/Library/Developer/Xcode/DerivedData/ModuleCache.noindex -serialize-diagnostics -emit-dependencies -emit-module -emit-module-path /Users/Veer/Library/Developer/Xcode/DerivedData/HearifyV1-ftljoypfezvlxcgouzbpmsmxzads/Build/Intermediates.noindex/HearifyV1.build/Debug-iphoneos/HearifyV1.build/Objects-normal/arm64/HearifyV1.swiftmodule -validate-clang-modules-once -clang-build-session-file /Users/Veer/Library/Developer/Xcode/DerivedData/ModuleCache.noindex/Session.modulevalidation -Xcc -I/Users/Veer/Library/Developer/Xcode/DerivedData/HearifyV1-ftljoypfezvlxcgouzbpmsmxzads/Build/Intermediates.noindex/HearifyV1.build/Debug-iphoneos/HearifyV1.build/swift-overrides.hmap -emit-const-values -Xfrontend -const-gather-protocols-file -Xfrontend /Users/Veer/Library/Developer/Xcode/DerivedData/HearifyV1-ftljoypfezvlxcgouzbpmsmxzads/Build/Intermediates.noindex/HearifyV1.build/Debug-iphoneos/HearifyV1.build/Objects-normal/arm64/HearifyV1_const_extract_protocols.json -Xcc -iquote -Xcc /Users/Veer/Library/Developer/Xcode/DerivedData/HearifyV1-ftljoypfezvlxcgouzbpmsmxzads/Build/Intermediates.noindex/HearifyV1.build/Debug-iphoneos/HearifyV1.build/HearifyV1-generated-files.hmap -Xcc -I/Users/Veer/Library/Developer/Xcode/DerivedData/HearifyV1-ftljoypfezvlxcgouzbpmsmxzads/Build/Intermediates.noindex/HearifyV1.build/Debug-iphoneos/HearifyV1.build/HearifyV1-own-target-headers.hmap -Xcc -I/Users/Veer/Library/Developer/Xcode/DerivedData/HearifyV1-ftljoypfezvlxcgouzbpmsmxzads/Build/Intermediates.noindex/HearifyV1.build/Debug-iphoneos/HearifyV1.build/HearifyV1-all-non-framework-target-headers.hmap -Xcc -ivfsoverlay -Xcc /Users/Veer/Library/Developer/Xcode/DerivedData/HearifyV1-ftljoypfezvlxcgouzbpmsmxzads/Build/Intermediates.noindex/HearifyV1.build/Debug-iphoneos/HearifyV1-521b383a001212c1ccf60a43897f0080-VFS-iphoneos/all-product-headers.yaml -Xcc -iquote -Xcc /Users/Veer/Library/Developer/Xcode/DerivedData/HearifyV1-ftljoypfezvlxcgouzbpmsmxzads/Build/Intermediates.noindex/HearifyV1.build/Debug-iphoneos/HearifyV1.build/HearifyV1-project-headers.hmap -Xcc -I/Users/Veer/Library/Developer/Xcode/DerivedData/HearifyV1-ftljoypfezvlxcgouzbpmsmxzads/SourcePackages/checkouts/interop-ios-for-google-sdks/RecaptchaEnterprise/RecaptchaInterop/Public -Xcc -I/Users/Veer/Library/Developer/Xcode/DerivedData/HearifyV1-ftljoypfezvlxcgouzbpmsmxzads/SourcePackages/checkouts/GoogleUtilities/GoogleUtilities/Network/Public -Xcc -I/Users/Veer/Library/Developer/Xcode/DerivedData/HearifyV1-ftljoypfezvlxcgouzbpmsmxzads/SourcePackages/checkouts/GoogleUtilities/GoogleUtilities/Reachability/Public -Xcc -I/Users/Veer/Library/Developer/Xcode/DerivedData/HearifyV1-ftljoypfezvlxcgouzbpmsmxzads/SourcePackages/checkouts/GoogleUtilities/GoogleUtilities/AppDelegateSwizzler/Public -Xcc -I/Users/Veer/Library/Developer/Xcode/DerivedData/HearifyV1-ftljoypfezvlxcgouzbpmsmxzads/SourcePackages/checkouts/gtm-session-fetcher/Sources/Core/Public -Xcc -I/Users/Veer/Library/Developer/Xcode/DerivedData/HearifyV1-ftljoypfezvlxcgouzbpmsmxzads/SourcePackages/checkouts/firebase-ios-sdk/FirebaseAuth/Sources/Public -Xcc -I/Users/Veer/Library/Developer/Xcode/DerivedData/HearifyV1-ftljoypfezvlxcgouzbpmsmxzads/SourcePackages/checkouts/firebase-ios-sdk/FirebaseAuth/Interop/Public -Xcc -I/Users/Veer/Library/Developer/Xcode/DerivedData/HearifyV1-ftljoypfezvlxcgouzbpmsmxzads/SourcePackages/checkouts/GoogleUtilities/GoogleUtilities/NSData+zlib/Public -Xcc -I/Users/Veer/Library/Developer/Xcode/DerivedData/HearifyV1-ftljoypfezvlxcgouzbpmsmxzads/SourcePackages/checkouts/GoogleUtilities/GoogleUtilities/Environment/Public -Xcc -I/Users/Veer/Library/Developer/Xcode/DerivedData/HearifyV1-ftljoypfezvlxcgouzbpmsmxzads/SourcePackages/checkouts/GoogleUtilities/third_party/IsAppEncrypted/Public -Xcc -I/Users/Veer/Library/Developer/Xcode/DerivedData/HearifyV1-ftljoypfezvlxcgouzbpmsmxzads/SourcePackages/checkouts/GoogleUtilities/GoogleUtilities/Logger/Public -Xcc -I/Users/Veer/Library/Developer/Xcode/DerivedData/HearifyV1-ftljoypfezvlxcgouzbpmsmxzads/SourcePackages/checkouts/abseil-cpp-binary/absl-Wrapper/include -Xcc -I/Users/Veer/Library/Developer/Xcode/DerivedData/HearifyV1-ftljoypfezvlxcgouzbpmsmxzads/SourcePackages/checkouts/grpc-binary/openssl-grpc-Wrapper/include -Xcc -I/Users/Veer/Library/Developer/Xcode/DerivedData/HearifyV1-ftljoypfezvlxcgouzbpmsmxzads/SourcePackages/checkouts/grpc-binary/grpc-Wrapper/include -Xcc -I/Users/Veer/Library/Developer/Xcode/DerivedData/HearifyV1-ftljoypfezvlxcgouzbpmsmxzads/SourcePackages/checkouts/grpc-binary/grpcpp-Wrapper/include -Xcc -I/Users/Veer/Library/Developer/Xcode/DerivedData/HearifyV1-ftljoypfezvlxcgouzbpmsmxzads/SourcePackages/checkouts/nanopb/spm_headers -Xcc -I/Users/Veer/Library/Developer/Xcode/DerivedData/HearifyV1-ftljoypfezvlxcgouzbpmsmxzads/SourcePackages/checkouts/leveldb/include -Xcc -I/Users/Veer/Library/Developer/Xcode/DerivedData/HearifyV1-ftljoypfezvlxcgouzbpmsmxzads/SourcePackages/checkouts/firebase-ios-sdk/FirebaseCore/Extension -Xcc -I/Users/Veer/Library/Developer/Xcode/DerivedData/HearifyV1-ftljoypfezvlxcgouzbpmsmxzads/SourcePackages/checkouts/firebase-ios-sdk/FirebaseCore/Sources/Public -Xcc -I/Users/Veer/Library/Developer/Xcode/DerivedData/HearifyV1-ftljoypfezvlxcgouzbpmsmxzads/SourcePackages/checkouts/firebase-ios-sdk/CoreOnly/Sources -Xcc -I/Users/Veer/Library/Developer/Xcode/DerivedData/HearifyV1-ftljoypfezvlxcgouzbpmsmxzads/SourcePackages/checkouts/firebase-ios-sdk/FirebaseAppCheck/Interop/Public -Xcc -I/Users/Veer/Library/Developer/Xcode/DerivedData/HearifyV1-ftljoypfezvlxcgouzbpmsmxzads/SourcePackages/checkouts/firebase-ios-sdk/FirebaseFirestoreInternal -Xcc -I/Users/Veer/Library/Developer/Xcode/DerivedData/HearifyV1-ftljoypfezvlxcgouzbpmsmxzads/SourcePackages/checkouts/firebase-ios-sdk/SwiftPM-PlatformExclude/FirebaseFirestoreWrap/include -Xcc -I/Users/Veer/Library/Developer/Xcode/DerivedData/HearifyV1-ftljoypfezvlxcgouzbpmsmxzads/Build/Products/Debug-iphoneos/include -Xcc -I/Users/Veer/Library/Developer/Xcode/DerivedData/HearifyV1-ftljoypfezvlxcgouzbpmsmxzads/Build/Intermediates.noindex/HearifyV1.build/Debug-iphoneos/HearifyV1.build/DerivedSources-normal/arm64 -Xcc -I/Users/Veer/Library/Developer/Xcode/DerivedData/HearifyV1-ftljoypfezvlxcgouzbpmsmxzads/Build/Intermediates.noindex/HearifyV1.build/Debug-iphoneos/HearifyV1.build/DerivedSources/arm64 -Xcc -I/Users/Veer/Library/Developer/Xcode/DerivedData/HearifyV1-ftljoypfezvlxcgouzbpmsmxzads/Build/Intermediates.noindex/HearifyV1.build/Debug-iphoneos/HearifyV1.build/DerivedSources -Xcc -DDEBUG\=1 -emit-objc-header -emit-objc-header-path /Users/Veer/Library/Developer/Xcode/DerivedData/HearifyV1-ftljoypfezvlxcgouzbpmsmxzads/Build/Intermediates.noindex/HearifyV1.build/Debug-iphoneos/HearifyV1.build/Objects-normal/arm64/HearifyV1-Swift.h -working-directory /Users/Veer/Library/Mobile\ Documents/com\~apple\~CloudDocs/HearifyV1 -experimental-emit-module-separately -disable-cmo
/Users/Veer/Library/Mobile Documents/com~apple~CloudDocs/HearifyV1/HearifyV1/ContentView.swift:16907:1: error: extraneous '}' at top level
}
^
/Users/Veer/Library/Mobile Documents/com~apple~CloudDocs/HearifyV1/HearifyV1/ContentView.swift:16907:1: error: Extraneous '}' at top level
}
^ (in target 'HearifyV1' from project 'HearifyV1')

CompileStoryboard /Users/Veer/Library/Mobile\ Documents/com~apple~CloudDocs/HearifyV1/HearifyV1/Launch\ Screen.storyboard (in target 'HearifyV1' from project 'HearifyV1')
    cd /Users/Veer/Library/Mobile\ Documents/com\~apple\~CloudDocs/HearifyV1
    /Applications/Xcode.app/Contents/Developer/usr/bin/ibtool --errors --warnings --notices --module HearifyV1 --output-partial-info-plist /Users/Veer/Library/Developer/Xcode/DerivedData/HearifyV1-ftljoypfezvlxcgouzbpmsmxzads/Build/Intermediates.noindex/HearifyV1.build/Debug-iphoneos/HearifyV1.build/Launch\ Screen-SBPartialInfo.plist --auto-activate-custom-fonts --target-device iphone --minimum-deployment-target 16.6 --output-format human-readable-text /Users/Veer/Library/Mobile\ Documents/com\~apple\~CloudDocs/HearifyV1/HearifyV1/Launch\ Screen.storyboard --compilation-directory /Users/Veer/Library/Developer/Xcode/DerivedData/HearifyV1-ftljoypfezvlxcgouzbpmsmxzads/Build/Intermediates.noindex/HearifyV1.build/Debug-iphoneos/HearifyV1.build

LinkStoryboards (in target 'HearifyV1' from project 'HearifyV1')
    cd /Users/Veer/Library/Mobile\ Documents/com\~apple\~CloudDocs/HearifyV1
    /Applications/Xcode.app/Contents/Developer/usr/bin/ibtool --errors --warnings --notices --module HearifyV1 --target-device iphone --minimum-deployment-target 16.6 --output-format human-readable-text --link /Users/Veer/Library/Developer/Xcode/DerivedData/HearifyV1-ftljoypfezvlxcgouzbpmsmxzads/Build/Products/Debug-iphoneos/HearifyV1.app /Users/Veer/Library/Developer/Xcode/DerivedData/HearifyV1-ftljoypfezvlxcgouzbpmsmxzads/Build/Intermediates.noindex/HearifyV1.build/Debug-iphoneos/HearifyV1.build/Launch\ Screen.storyboardc

ProcessInfoPlistFile /Users/Veer/Library/Developer/Xcode/DerivedData/HearifyV1-ftljoypfezvlxcgouzbpmsmxzads/Build/Products/Debug-iphoneos/HearifyV1.app/Info.plist /Users/Veer/Library/Mobile\ Documents/com~apple~CloudDocs/HearifyV1/HearifyV1/Info.plist (in target 'HearifyV1' from project 'HearifyV1')
    cd /Users/Veer/Library/Mobile\ Documents/com\~apple\~CloudDocs/HearifyV1
    builtin-infoPlistUtility /Users/Veer/Library/Mobile\ Documents/com\~apple\~CloudDocs/HearifyV1/HearifyV1/Info.plist -producttype com.apple.product-type.application -genpkginfo /Users/Veer/Library/Developer/Xcode/DerivedData/HearifyV1-ftljoypfezvlxcgouzbpmsmxzads/Build/Products/Debug-iphoneos/HearifyV1.app/PkgInfo -expandbuildsettings -format binary -platform iphoneos -additionalcontentfile /Users/Veer/Library/Developer/Xcode/DerivedData/HearifyV1-ftljoypfezvlxcgouzbpmsmxzads/Build/Intermediates.noindex/HearifyV1.build/Debug-iphoneos/HearifyV1.build/Launch\ Screen-SBPartialInfo.plist -additionalcontentfile /Users/Veer/Library/Developer/Xcode/DerivedData/HearifyV1-ftljoypfezvlxcgouzbpmsmxzads/Build/Intermediates.noindex/HearifyV1.build/Debug-iphoneos/HearifyV1.build/assetcatalog_generated_info.plist -scanforprivacyfile /Users/Veer/Library/Developer/Xcode/DerivedData/HearifyV1-ftljoypfezvlxcgouzbpmsmxzads/Build/Products/Debug-iphoneos/HearifyV1.app/Firebase_FirebaseAuth.bundle -scanforprivacyfile /Users/Veer/Library/Developer/Xcode/DerivedData/HearifyV1-ftljoypfezvlxcgouzbpmsmxzads/Build/Products/Debug-iphoneos/HearifyV1.app/Firebase_FirebaseCore.bundle -scanforprivacyfile /Users/Veer/Library/Developer/Xcode/DerivedData/HearifyV1-ftljoypfezvlxcgouzbpmsmxzads/Build/Products/Debug-iphoneos/HearifyV1.app/Firebase_FirebaseCoreExtension.bundle -scanforprivacyfile /Users/Veer/Library/Developer/Xcode/DerivedData/HearifyV1-ftljoypfezvlxcgouzbpmsmxzads/Build/Products/Debug-iphoneos/HearifyV1.app/Firebase_FirebaseCoreInternal.bundle -scanforprivacyfile /Users/Veer/Library/Developer/Xcode/DerivedData/HearifyV1-ftljoypfezvlxcgouzbpmsmxzads/Build/Products/Debug-iphoneos/HearifyV1.app/Firebase_FirebaseFirestore.bundle -scanforprivacyfile /Users/Veer/Library/Developer/Xcode/DerivedData/HearifyV1-ftljoypfezvlxcgouzbpmsmxzads/Build/Products/Debug-iphoneos/HearifyV1.app/Frameworks/FirebaseFirestoreInternal.framework -scanforprivacyfile /Users/Veer/Library/Developer/Xcode/DerivedData/HearifyV1-ftljoypfezvlxcgouzbpmsmxzads/Build/Products/Debug-iphoneos/HearifyV1.app/Frameworks/absl.framework -scanforprivacyfile /Users/Veer/Library/Developer/Xcode/DerivedData/HearifyV1-ftljoypfezvlxcgouzbpmsmxzads/Build/Products/Debug-iphoneos/HearifyV1.app/Frameworks/grpc.framework -scanforprivacyfile /Users/Veer/Library/Developer/Xcode/DerivedData/HearifyV1-ftljoypfezvlxcgouzbpmsmxzads/Build/Products/Debug-iphoneos/HearifyV1.app/Frameworks/grpcpp.framework -scanforprivacyfile /Users/Veer/Library/Developer/Xcode/DerivedData/HearifyV1-ftljoypfezvlxcgouzbpmsmxzads/Build/Products/Debug-iphoneos/HearifyV1.app/Frameworks/openssl_grpc.framework -scanforprivacyfile /Users/Veer/Library/Developer/Xcode/DerivedData/HearifyV1-ftljoypfezvlxcgouzbpmsmxzads/Build/Products/Debug-iphoneos/HearifyV1.app/GTMSessionFetcher_GTMSessionFetcherCore.bundle -scanforprivacyfile /Users/Veer/Library/Developer/Xcode/DerivedData/HearifyV1-ftljoypfezvlxcgouzbpmsmxzads/Build/Products/Debug-iphoneos/HearifyV1.app/GoogleUtilities_GoogleUtilities-AppDelegateSwizzler.bundle -scanforprivacyfile /Users/Veer/Library/Developer/Xcode/DerivedData/HearifyV1-ftljoypfezvlxcgouzbpmsmxzads/Build/Products/Debug-iphoneos/HearifyV1.app/GoogleUtilities_GoogleUtilities-Environment.bundle -scanforprivacyfile /Users/Veer/Library/Developer/Xcode/DerivedData/HearifyV1-ftljoypfezvlxcgouzbpmsmxzads/Build/Products/Debug-iphoneos/HearifyV1.app/GoogleUtilities_GoogleUtilities-Logger.bundle -scanforprivacyfile /Users/Veer/Library/Developer/Xcode/DerivedData/HearifyV1-ftljoypfezvlxcgouzbpmsmxzads/Build/Products/Debug-iphoneos/HearifyV1.app/GoogleUtilities_GoogleUtilities-NSData.bundle -scanforprivacyfile /Users/Veer/Library/Developer/Xcode/DerivedData/HearifyV1-ftljoypfezvlxcgouzbpmsmxzads/Build/Products/Debug-iphoneos/HearifyV1.app/GoogleUtilities_GoogleUtilities-Network.bundle -scanforprivacyfile /Users/Veer/Library/Developer/Xcode/DerivedData/HearifyV1-ftljoypfezvlxcgouzbpmsmxzads/Build/Products/Debug-iphoneos/HearifyV1.app/GoogleUtilities_GoogleUtilities-Reachability.bundle -scanforprivacyfile /Users/Veer/Library/Developer/Xcode/DerivedData/HearifyV1-ftljoypfezvlxcgouzbpmsmxzads/Build/Products/Debug-iphoneos/HearifyV1.app/abseil_abslWrapper.bundle -scanforprivacyfile /Users/Veer/Library/Developer/Xcode/DerivedData/HearifyV1-ftljoypfezvlxcgouzbpmsmxzads/Build/Products/Debug-iphoneos/HearifyV1.app/gRPC_grpcWrapper.bundle -scanforprivacyfile /Users/Veer/Library/Developer/Xcode/DerivedData/HearifyV1-ftljoypfezvlxcgouzbpmsmxzads/Build/Products/Debug-iphoneos/HearifyV1.app/gRPC_grpcppWrapper.bundle -scanforprivacyfile /Users/Veer/Library/Developer/Xcode/DerivedData/HearifyV1-ftljoypfezvlxcgouzbpmsmxzads/Build/Products/Debug-iphoneos/HearifyV1.app/gRPC_opensslWrapper.bundle -scanforprivacyfile /Users/Veer/Library/Developer/Xcode/DerivedData/HearifyV1-ftljoypfezvlxcgouzbpmsmxzads/Build/Products/Debug-iphoneos/HearifyV1.app/leveldb_leveldb.bundle -scanforprivacyfile /Users/Veer/Library/Developer/Xcode/DerivedData/HearifyV1-ftljoypfezvlxcgouzbpmsmxzads/Build/Products/Debug-iphoneos/HearifyV1.app/nanopb_nanopb.bundle -requiredArchitecture arm64 -o /Users/Veer/Library/Developer/Xcode/DerivedData/HearifyV1-ftljoypfezvlxcgouzbpmsmxzads/Build/Products/Debug-iphoneos/HearifyV1.app/Info.plist

** BUILD FAILED **


The following build commands failed:
	SwiftDriver HearifyV1 normal arm64 com.apple.xcode.tools.swift.compiler (in target 'HearifyV1' from project 'HearifyV1')
	Building project HearifyV1 with scheme HearifyV1
(2 failures)
